🔨 Building OTTO for macOS...
===============================
[1;32m📁 Build directory: Builds/MacOSX/CMake-Release[0m
[1;32m⚙️  Configuring CMake...[0m
-- The C compiler identification is AppleClang 17.0.0.17000013
-- The CXX compiler identification is AppleClang 17.0.0.17000013
-- Detecting C compiler ABI info
-- Detecting C compiler ABI info - done
-- Check for working C compiler: /Applications/Xcode.app/Contents/Developer/Toolchains/XcodeDefault.xctoolchain/usr/bin/clang - skipped
-- Detecting C compile features
-- Detecting C compile features - done
-- Detecting CXX compiler ABI info
-- Detecting CXX compiler ABI info - done
-- Check for working CXX compiler: /Applications/Xcode.app/Contents/Developer/Toolchains/XcodeDefault.xctoolchain/usr/bin/clang++ - skipped
-- Detecting CXX compile features
-- Detecting CXX compile features - done
-- 🛡️  OTTO Phase 2.3.5 - Advanced Robustness Features
-- ====================================================
-- OTTO Advanced Robustness configuration loaded
-- Phase 2.3.5: Advanced robustness features loaded
-- Configuring juceaide
-- Building juceaide
-- Exporting juceaide
-- Testing juceaide
-- Finished setting up juceaide
-- Using JUCE from: /Users/larryseyer/AudioDevelopment/OTTO/JUCE
-- Building OTTO for macOS with formats: Standalone;VST3;AU;CLAP
-- Performing Test CMAKE_HAVE_LIBC_PTHREAD
-- Performing Test CMAKE_HAVE_LIBC_PTHREAD - Success
-- Found Threads: TRUE
-- 🛡️  Configuring advanced robustness features for: OTTO
-- 🧠 Configuring advanced memory safety for: OTTO
--   ✅ Advanced memory safety configured
-- 🎵 Configuring advanced audio safety for: OTTO
--   ✅ Advanced audio safety configured
-- 🎹 Configuring advanced MIDI safety for: OTTO
--   ✅ Advanced MIDI safety configured
-- 🖥️  Configuring advanced UI safety for: OTTO
--   ✅ Advanced UI safety configured
-- 🔌 Configuring advanced plugin safety for: OTTO
--   ✅ Advanced plugin safety configured
-- 📁 Configuring advanced file I/O safety for: OTTO
--   ✅ Advanced file I/O safety configured
-- 🚨 Configuring advanced error recovery for: OTTO
--   ✅ Advanced error recovery configured
-- 📊 Configuring advanced performance monitoring for: OTTO
--   ✅ Advanced performance monitoring configured
-- 🌐 Configuring advanced cross-platform features for: OTTO
--   ✅ Advanced cross-platform features configured
-- ✅ Advanced robustness features complete for: OTTO
-- 🛡️  Phase 2.3.5 robustness features applied successfully
-- ✅ Phase 2.3.5: Advanced robustness features applied to OTTO target
-- Using OTTOBinaryData target for embedded assets
CMake Warning at JUCE/extras/Build/CMake/JUCEUtils.cmake:968 (message):
  Plugin copy step requested multiple times for OTTO
Call Stack (most recent call first):
  CMakeLists.txt:562 (juce_enable_copy_plugin_step)


-- OTTO Build Configuration Summary:
--   Platform: macOS
--   Output Directory: /Users/larryseyer/AudioDevelopment/OTTO/Builds/MacOSX
--   Architecture: x86_64;arm64
--   Build Type: Release
--   C++ Standard: 20
--   Generator: Xcode
-- Configuring done (5.0s)
-- Generating done (0.2s)
CMake Warning:
  Manually-specified variables were not used by the project:

    JUCE_VST3_CAN_REPLACE_VST2


-- Build files have been written to: /Users/larryseyer/AudioDevelopment/OTTO/Builds/MacOSX/CMake-Release
[1;32m🔧 Building OTTO...[0m
Command line invocation:
    /Applications/Xcode.app/Contents/Developer/usr/bin/xcodebuild -project OTTO.xcodeproj build -target ALL_BUILD -parallelizeTargets -configuration Release -jobs 16 -hideShellScriptEnvironment

Build Preparation
Build task concurrency set to 16 via user default IDEBuildOperationMaxNumberOfConcurrentCompileTasks

ComputePackagePrebuildTargetDependencyGraph

CreateBuildRequest

SendProjectDescription

CreateBuildOperation

ComputeTargetDependencyGraph
note: Building targets in dependency order
note: Target dependency graph (8 targets)
    Target 'ALL_BUILD' in project 'OTTO'
        ➜ Explicit dependency on target 'OTTO' in project 'OTTO'
        ➜ Explicit dependency on target 'OTTO_Standalone' in project 'OTTO'
        ➜ Explicit dependency on target 'OTTO_AU' in project 'OTTO'
        ➜ Explicit dependency on target 'OTTO_VST3' in project 'OTTO'
        ➜ Explicit dependency on target 'juce_vst3_helper' in project 'OTTO'
        ➜ Explicit dependency on target 'OTTOBinaryData' in project 'OTTO'
        ➜ Explicit dependency on target 'ZERO_CHECK' in project 'OTTO'
    Target 'OTTO_VST3' in project 'OTTO'
        ➜ Explicit dependency on target 'OTTO' in project 'OTTO'
        ➜ Explicit dependency on target 'juce_vst3_helper' in project 'OTTO'
        ➜ Explicit dependency on target 'OTTOBinaryData' in project 'OTTO'
        ➜ Explicit dependency on target 'ZERO_CHECK' in project 'OTTO'
    Target 'juce_vst3_helper' in project 'OTTO'
        ➜ Explicit dependency on target 'ZERO_CHECK' in project 'OTTO'
    Target 'OTTO_AU' in project 'OTTO'
        ➜ Explicit dependency on target 'OTTO' in project 'OTTO'
        ➜ Explicit dependency on target 'OTTOBinaryData' in project 'OTTO'
        ➜ Explicit dependency on target 'ZERO_CHECK' in project 'OTTO'
    Target 'OTTO_Standalone' in project 'OTTO'
        ➜ Explicit dependency on target 'OTTO' in project 'OTTO'
        ➜ Explicit dependency on target 'OTTOBinaryData' in project 'OTTO'
        ➜ Explicit dependency on target 'ZERO_CHECK' in project 'OTTO'
    Target 'OTTO' in project 'OTTO'
        ➜ Explicit dependency on target 'OTTOBinaryData' in project 'OTTO'
        ➜ Explicit dependency on target 'ZERO_CHECK' in project 'OTTO'
    Target 'OTTOBinaryData' in project 'OTTO'
        ➜ Explicit dependency on target 'ZERO_CHECK' in project 'OTTO'
    Target 'ZERO_CHECK' in project 'OTTO' (no dependencies)

GatherProvisioningInputs

CreateBuildDescription

ExecuteExternalTool /Applications/Xcode.app/Contents/Developer/Toolchains/XcodeDefault.xctoolchain/usr/bin/clang -v -E -dM -arch x86_64 -isysroot /Applications/Xcode.app/Contents/Developer/Platforms/MacOSX.platform/Developer/SDKs/MacOSX15.5.sdk -x c++ -c /dev/null

ExecuteExternalTool /Applications/Xcode.app/Contents/Developer/Toolchains/XcodeDefault.xctoolchain/usr/bin/clang -v -E -dM -arch x86_64 -isysroot /Applications/Xcode.app/Contents/Developer/Platforms/MacOSX.platform/Developer/SDKs/MacOSX15.5.sdk -x objective-c++ -c /dev/null

ExecuteExternalTool /Applications/Xcode.app/Contents/Developer/Toolchains/XcodeDefault.xctoolchain/usr/bin/clang -v -E -dM -isysroot /Applications/Xcode.app/Contents/Developer/Platforms/MacOSX.platform/Developer/SDKs/MacOSX15.5.sdk -x c -c /dev/null

ExecuteExternalTool /Applications/Xcode.app/Contents/Developer/Toolchains/XcodeDefault.xctoolchain/usr/bin/ld -version_details

ExecuteExternalTool /Applications/Xcode.app/Contents/Developer/Toolchains/XcodeDefault.xctoolchain/usr/bin/libtool -V

ExecuteExternalTool /Applications/Xcode.app/Contents/Developer/Toolchains/XcodeDefault.xctoolchain/usr/bin/clang -v -E -dM -arch x86_64 -isysroot /Applications/Xcode.app/Contents/Developer/Platforms/MacOSX.platform/Developer/SDKs/MacOSX15.5.sdk -x c -c /dev/null

ExecuteExternalTool /Applications/Xcode.app/Contents/Developer/Toolchains/XcodeDefault.xctoolchain/usr/bin/clang -v -E -dM -arch arm64 -isysroot /Applications/Xcode.app/Contents/Developer/Platforms/MacOSX.platform/Developer/SDKs/MacOSX15.5.sdk -x c++ -c /dev/null

ExecuteExternalTool /Applications/Xcode.app/Contents/Developer/Toolchains/XcodeDefault.xctoolchain/usr/bin/clang -v -E -dM -arch arm64 -isysroot /Applications/Xcode.app/Contents/Developer/Platforms/MacOSX.platform/Developer/SDKs/MacOSX15.5.sdk -x objective-c++ -c /dev/null

ExecuteExternalTool /Applications/Xcode.app/Contents/Developer/Toolchains/XcodeDefault.xctoolchain/usr/bin/clang -v -E -dM -arch arm64 -isysroot /Applications/Xcode.app/Contents/Developer/Platforms/MacOSX.platform/Developer/SDKs/MacOSX15.5.sdk -x c -c /dev/null

Build description signature: 5d64724ddc3e5da082c8b305dd1c318a
Build description path: /Users/larryseyer/AudioDevelopment/OTTO/Builds/MacOSX/CMake-Release/build/XCBuildData/5d64724ddc3e5da082c8b305dd1c318a.xcbuilddata
ClangStatCache /Applications/Xcode.app/Contents/Developer/Toolchains/XcodeDefault.xctoolchain/usr/bin/clang-stat-cache /Applications/Xcode.app/Contents/Developer/Platforms/MacOSX.platform/Developer/SDKs/MacOSX15.5.sdk /var/folders/0p/t4rj91z90d38yk0_8vh370gr0000gn/C/com.apple.DeveloperTools/16.4-16F6/Xcode/SDKStatCaches.noindex/macosx15.5-24F74-8254517eb8b97d462ccbc072ba9094c9.sdkstatcache
    cd /Users/larryseyer/AudioDevelopment/OTTO/Builds/MacOSX/CMake-Release/OTTO.xcodeproj
    /Applications/Xcode.app/Contents/Developer/Toolchains/XcodeDefault.xctoolchain/usr/bin/clang-stat-cache /Applications/Xcode.app/Contents/Developer/Platforms/MacOSX.platform/Developer/SDKs/MacOSX15.5.sdk -o /var/folders/0p/t4rj91z90d38yk0_8vh370gr0000gn/C/com.apple.DeveloperTools/16.4-16F6/Xcode/SDKStatCaches.noindex/macosx15.5-24F74-8254517eb8b97d462ccbc072ba9094c9.sdkstatcache

PhaseScriptExecution Generate\ CMakeFiles/ZERO_CHECK /Users/larryseyer/AudioDevelopment/OTTO/Builds/MacOSX/CMake-Release/build/OTTO.build/Release/ZERO_CHECK.build/Script-20567C9EEA5C247A2E1C5EDC.sh (in target 'ZERO_CHECK' from project 'OTTO')
    cd /Users/larryseyer/AudioDevelopment/OTTO
    /bin/sh -c /Users/larryseyer/AudioDevelopment/OTTO/Builds/MacOSX/CMake-Release/build/OTTO.build/Release/ZERO_CHECK.build/Script-20567C9EEA5C247A2E1C5EDC.sh
/opt/homebrew/bin/cmake -P /Users/larryseyer/AudioDevelopment/OTTO/Builds/MacOSX/CMake-Release/CMakeFiles/VerifyGlobs.cmake

PhaseScriptExecution Generate\ Resources/juce_binarydata_OTTOBinaryData/JuceLibraryCode/BinaryData.h /Users/larryseyer/AudioDevelopment/OTTO/Builds/MacOSX/CMake-Release/build/OTTOBinaryData.build/Release/Script-79C59533AAACE5262A27914B.sh (in target 'OTTOBinaryData' from project 'OTTO')
    cd /Users/larryseyer/AudioDevelopment/OTTO
    /bin/sh -c /Users/larryseyer/AudioDevelopment/OTTO/Builds/MacOSX/CMake-Release/build/OTTOBinaryData.build/Release/Script-79C59533AAACE5262A27914B.sh

CompileC /Users/larryseyer/AudioDevelopment/OTTO/Builds/MacOSX/CMake-Release/build/OTTO.build/Release/Objects-normal/arm64/UtilityComponents.o /Users/larryseyer/AudioDevelopment/OTTO/Source/UtilityComponents.cpp normal arm64 c++ com.apple.compilers.llvm.clang.1_0.compiler (in target 'OTTO' from project 'OTTO')
    cd /Users/larryseyer/AudioDevelopment/OTTO
    
    Using response file: /Users/larryseyer/AudioDevelopment/OTTO/Builds/MacOSX/CMake-Release/build/OTTO.build/Release/Objects-normal/arm64/82b82416624d2658e5098eb0a28c15c5-common-args.resp
    
    /Applications/Xcode.app/Contents/Developer/Toolchains/XcodeDefault.xctoolchain/usr/bin/clang -x c++ -ivfsstatcache /var/folders/0p/t4rj91z90d38yk0_8vh370gr0000gn/C/com.apple.DeveloperTools/16.4-16F6/Xcode/SDKStatCaches.noindex/macosx15.5-24F74-8254517eb8b97d462ccbc072ba9094c9.sdkstatcache -fmessage-length\=0 -fdiagnostics-show-note-include-stack -fmacro-backtrace-limit\=0 -fno-color-diagnostics -Wno-trigraphs -Wno-missing-field-initializers -Wno-missing-prototypes -Wno-return-type -Wno-non-virtual-dtor -Wno-overloaded-virtual -Wno-exit-time-destructors -Wno-missing-braces -Wparentheses -Wswitch -Wno-unused-function -Wno-unused-label -Wno-unused-parameter -Wno-unused-variable -Wunused-value -Wno-empty-body -Wno-uninitialized -Wno-unknown-pragmas -Wno-shadow -Wno-four-char-constants -Wno-conversion -Wno-constant-conversion -Wno-int-conversion -Wno-bool-conversion -Wno-enum-conversion -Wno-float-conversion -Wno-non-literal-null-conversion -Wno-objc-literal-conversion -Wshorten-64-to-32 -Wno-newline-eof -Wno-c++11-extensions -Wno-implicit-fallthrough -fstrict-aliasing -Wdeprecated-declarations -Winvalid-offsetof -Wno-sign-conversion -Wno-infinite-recursion -Wno-move -Wno-comma -Wno-block-capture-autoreleasing -Wno-strict-prototypes -Wno-range-loop-analysis -Wno-semicolon-before-method-body -Wall -Wextra -Wpedantic -Wformat\=2 -Wformat-security -Wnull-dereference -Wdouble-promotion -Wshadow -Wundef -Wcast-align @/Users/larryseyer/AudioDevelopment/OTTO/Builds/MacOSX/CMake-Release/build/OTTO.build/Release/Objects-normal/arm64/82b82416624d2658e5098eb0a28c15c5-common-args.resp -MMD -MT dependencies -MF /Users/larryseyer/AudioDevelopment/OTTO/Builds/MacOSX/CMake-Release/build/OTTO.build/Release/Objects-normal/arm64/UtilityComponents.d --serialize-diagnostics /Users/larryseyer/AudioDevelopment/OTTO/Builds/MacOSX/CMake-Release/build/OTTO.build/Release/Objects-normal/arm64/UtilityComponents.dia -c /Users/larryseyer/AudioDevelopment/OTTO/Source/UtilityComponents.cpp -o /Users/larryseyer/AudioDevelopment/OTTO/Builds/MacOSX/CMake-Release/build/OTTO.build/Release/Objects-normal/arm64/UtilityComponents.o
In file included from /Users/larryseyer/AudioDevelopment/OTTO/Source/UtilityComponents.cpp:1:
In file included from /Users/larryseyer/AudioDevelopment/OTTO/Source/UtilityComponents.h:3:
In file included from /Users/larryseyer/AudioDevelopment/OTTO/Builds/MacOSX/CMake-Release/OTTO_artefacts/JuceLibraryCode/JuceHeader.h:14:
In file included from /Users/larryseyer/AudioDevelopment/OTTO/JUCE/modules/juce_audio_plugin_client/juce_audio_plugin_client.h:63:
In file included from /Users/larryseyer/AudioDevelopment/OTTO/JUCE/modules/juce_gui_basics/juce_gui_basics.h:68:
In file included from /Users/larryseyer/AudioDevelopment/OTTO/JUCE/modules/juce_graphics/juce_graphics.h:67:
In file included from /Users/larryseyer/AudioDevelopment/OTTO/JUCE/modules/juce_core/juce_core.h:77:
/Users/larryseyer/AudioDevelopment/OTTO/JUCE/modules/juce_core/system/juce_TargetPlatform.h:99:5: warning: 'JUCE_WINDOWS' is not defined, evaluates to 0 [-Wundef]
   99 | #if JUCE_WINDOWS
      |     ^
/Users/larryseyer/AudioDevelopment/OTTO/JUCE/modules/juce_core/system/juce_TargetPlatform.h:183:5: warning: 'JUCE_LINUX' is not defined, evaluates to 0 [-Wundef]
  183 | #if JUCE_LINUX || JUCE_ANDROID || JUCE_BSD
      |     ^
/Users/larryseyer/AudioDevelopment/OTTO/JUCE/modules/juce_core/system/juce_TargetPlatform.h:183:19: warning: 'JUCE_ANDROID' is not defined, evaluates to 0 [-Wundef]
  183 | #if JUCE_LINUX || JUCE_ANDROID || JUCE_BSD
      |                   ^
/Users/larryseyer/AudioDevelopment/OTTO/JUCE/modules/juce_core/system/juce_TargetPlatform.h:183:35: warning: 'JUCE_BSD' is not defined, evaluates to 0 [-Wundef]
  183 | #if JUCE_LINUX || JUCE_ANDROID || JUCE_BSD
      |                                   ^
In file included from /Users/larryseyer/AudioDevelopment/OTTO/Source/UtilityComponents.cpp:1:
In file included from /Users/larryseyer/AudioDevelopment/OTTO/Source/UtilityComponents.h:3:
In file included from /Users/larryseyer/AudioDevelopment/OTTO/Builds/MacOSX/CMake-Release/OTTO_artefacts/JuceLibraryCode/JuceHeader.h:14:
In file included from /Users/larryseyer/AudioDevelopment/OTTO/JUCE/modules/juce_audio_plugin_client/juce_audio_plugin_client.h:63:
In file included from /Users/larryseyer/AudioDevelopment/OTTO/JUCE/modules/juce_gui_basics/juce_gui_basics.h:68:
In file included from /Users/larryseyer/AudioDevelopment/OTTO/JUCE/modules/juce_graphics/juce_graphics.h:67:
/Users/larryseyer/AudioDevelopment/OTTO/JUCE/modules/juce_core/juce_core.h:115:5: warning: 'JUCE_DEBUG' is not defined, evaluates to 0 [-Wundef]
  115 | #if JUCE_DEBUG && ! defined (JUCE_CHECK_MEMORY_LEAKS)
      |     ^
/Users/larryseyer/AudioDevelopment/OTTO/JUCE/modules/juce_core/juce_core.h:207:5: warning: 'JUCE_CORE_INCLUDE_NATIVE_HEADERS' is not defined, evaluates to 0 [-Wundef]
  207 | #if JUCE_CORE_INCLUDE_NATIVE_HEADERS
      |     ^
/Users/larryseyer/AudioDevelopment/OTTO/JUCE/modules/juce_core/juce_core.h:211:5: warning: 'JUCE_WINDOWS' is not defined, evaluates to 0 [-Wundef]
  211 | #if JUCE_WINDOWS
      |     ^
In file included from /Users/larryseyer/AudioDevelopment/OTTO/Source/UtilityComponents.cpp:1:
In file included from /Users/larryseyer/AudioDevelopment/OTTO/Source/UtilityComponents.h:3:
In file included from /Users/larryseyer/AudioDevelopment/OTTO/Builds/MacOSX/CMake-Release/OTTO_artefacts/JuceLibraryCode/JuceHeader.h:14:
In file included from /Users/larryseyer/AudioDevelopment/OTTO/JUCE/modules/juce_audio_plugin_client/juce_audio_plugin_client.h:63:
In file included from /Users/larryseyer/AudioDevelopment/OTTO/JUCE/modules/juce_gui_basics/juce_gui_basics.h:68:
In file included from /Users/larryseyer/AudioDevelopment/OTTO/JUCE/modules/juce_graphics/juce_graphics.h:67:
In file included from /Users/larryseyer/AudioDevelopment/OTTO/JUCE/modules/juce_core/juce_core.h:215:
/Users/larryseyer/AudioDevelopment/OTTO/JUCE/modules/juce_core/system/juce_StandardHeader.h:56:7: warning: 'DOXYGEN' is not defined, evaluates to 0 [-Wundef]
   56 | #if ! DOXYGEN
      |       ^
In file included from /Users/larryseyer/AudioDevelopment/OTTO/Source/UtilityComponents.cpp:1:
In file included from /Users/larryseyer/AudioDevelopment/OTTO/Source/UtilityComponents.h:3:
In file included from /Users/larryseyer/AudioDevelopment/OTTO/Builds/MacOSX/CMake-Release/OTTO_artefacts/JuceLibraryCode/JuceHeader.h:14:
In file included from /Users/larryseyer/AudioDevelopment/OTTO/JUCE/modules/juce_audio_plugin_client/juce_audio_plugin_client.h:63:
In file included from /Users/larryseyer/AudioDevelopment/OTTO/JUCE/modules/juce_gui_basics/juce_gui_basics.h:68:
In file included from /Users/larryseyer/AudioDevelopment/OTTO/JUCE/modules/juce_graphics/juce_graphics.h:67:
In file included from /Users/larryseyer/AudioDevelopment/OTTO/JUCE/modules/juce_core/juce_core.h:215:
In file included from /Users/larryseyer/AudioDevelopment/OTTO/JUCE/modules/juce_core/system/juce_StandardHeader.h:93:
/Users/larryseyer/AudioDevelopment/OTTO/JUCE/modules/juce_core/system/juce_CompilerSupport.h:43:5: warning: 'JUCE_GCC' is not defined, evaluates to 0 [-Wundef]
   43 | #if JUCE_GCC
      |     ^
/Users/larryseyer/AudioDevelopment/OTTO/JUCE/modules/juce_core/system/juce_CompilerSupport.h:94:5: warning: 'JUCE_MSVC' is not defined, evaluates to 0 [-Wundef]
   94 | #if JUCE_MSVC
      |     ^
In file included from /Users/larryseyer/AudioDevelopment/OTTO/Source/UtilityComponents.cpp:1:
In file included from /Users/larryseyer/AudioDevelopment/OTTO/Source/UtilityComponents.h:3:
In file included from /Users/larryseyer/AudioDevelopment/OTTO/Builds/MacOSX/CMake-Release/OTTO_artefacts/JuceLibraryCode/JuceHeader.h:14:
In file included from /Users/larryseyer/AudioDevelopment/OTTO/JUCE/modules/juce_audio_plugin_client/juce_audio_plugin_client.h:63:
In file included from /Users/larryseyer/AudioDevelopment/OTTO/JUCE/modules/juce_gui_basics/juce_gui_basics.h:68:
In file included from /Users/larryseyer/AudioDevelopment/OTTO/JUCE/modules/juce_graphics/juce_graphics.h:67:
In file included from /Users/larryseyer/AudioDevelopment/OTTO/JUCE/modules/juce_core/juce_core.h:215:
In file included from /Users/larryseyer/AudioDevelopment/OTTO/JUCE/modules/juce_core/system/juce_StandardHeader.h:94:
/Users/larryseyer/AudioDevelopment/OTTO/JUCE/modules/juce_core/system/juce_CompilerWarnings.h:221:5: warning: 'JUCE_MSVC' is not defined, evaluates to 0 [-Wundef]
  221 | #if JUCE_MSVC
      |     ^
In file included from /Users/larryseyer/AudioDevelopment/OTTO/Source/UtilityComponents.cpp:1:
In file included from /Users/larryseyer/AudioDevelopment/OTTO/Source/UtilityComponents.h:3:
In file included from /Users/larryseyer/AudioDevelopment/OTTO/Builds/MacOSX/CMake-Release/OTTO_artefacts/JuceLibraryCode/JuceHeader.h:14:
In file included from /Users/larryseyer/AudioDevelopment/OTTO/JUCE/modules/juce_audio_plugin_client/juce_audio_plugin_client.h:63:
In file included from /Users/larryseyer/AudioDevelopment/OTTO/JUCE/modules/juce_gui_basics/juce_gui_basics.h:68:
In file included from /Users/larryseyer/AudioDevelopment/OTTO/JUCE/modules/juce_graphics/juce_graphics.h:67:
In file included from /Users/larryseyer/AudioDevelopment/OTTO/JUCE/modules/juce_core/juce_core.h:215:
In file included from /Users/larryseyer/AudioDevelopment/OTTO/JUCE/modules/juce_core/system/juce_StandardHeader.h:95:
/Users/larryseyer/AudioDevelopment/OTTO/JUCE/modules/juce_core/system/juce_PlatformDefs.h:54:5: warning: 'JUCE_WINDOWS' is not defined, evaluates to 0 [-Wundef]
   54 | #if JUCE_WINDOWS
      |     ^
/Users/larryseyer/AudioDevelopment/OTTO/JUCE/modules/juce_core/system/juce_PlatformDefs.h:66:29: warning: 'JUCE_DEBUG' is not defined, evaluates to 0 [-Wundef]
   66 |  #if JUCE_LOG_ASSERTIONS || JUCE_DEBUG
      |                             ^
/Users/larryseyer/AudioDevelopment/OTTO/JUCE/modules/juce_core/system/juce_PlatformDefs.h:74:5: warning: 'JUCE_IOS' is not defined, evaluates to 0 [-Wundef]
   74 | #if JUCE_IOS || JUCE_LINUX || JUCE_BSD
      |     ^
/Users/larryseyer/AudioDevelopment/OTTO/JUCE/modules/juce_core/system/juce_PlatformDefs.h:74:17: warning: 'JUCE_LINUX' is not defined, evaluates to 0 [-Wundef]
   74 | #if JUCE_IOS || JUCE_LINUX || JUCE_BSD
      |                 ^
/Users/larryseyer/AudioDevelopment/OTTO/JUCE/modules/juce_core/system/juce_PlatformDefs.h:74:31: warning: 'JUCE_BSD' is not defined, evaluates to 0 [-Wundef]
   74 | #if JUCE_IOS || JUCE_LINUX || JUCE_BSD
      |                               ^
/Users/larryseyer/AudioDevelopment/OTTO/JUCE/modules/juce_core/system/juce_PlatformDefs.h:81:7: warning: 'JUCE_MSVC' is not defined, evaluates to 0 [-Wundef]
   81 | #elif JUCE_MSVC
      |       ^
/Users/larryseyer/AudioDevelopment/OTTO/JUCE/modules/juce_core/system/juce_PlatformDefs.h:86:7: warning: 'JUCE_INTEL' is not defined, evaluates to 0 [-Wundef]
   86 | #elif JUCE_INTEL && (JUCE_GCC || JUCE_CLANG || JUCE_MAC)
      |       ^
/Users/larryseyer/AudioDevelopment/OTTO/JUCE/modules/juce_core/system/juce_PlatformDefs.h:132:5: warning: 'JUCE_MSVC' is not defined, evaluates to 0 [-Wundef]
  132 | #if JUCE_MSVC && ! defined (DOXYGEN)
      |     ^
/Users/larryseyer/AudioDevelopment/OTTO/JUCE/modules/juce_core/system/juce_PlatformDefs.h:146:6: warning: 'JUCE_DEBUG' is not defined, evaluates to 0 [-Wundef]
  146 | #if (JUCE_DEBUG && ! JUCE_DISABLE_ASSERTIONS) || DOXYGEN
      |      ^
/Users/larryseyer/AudioDevelopment/OTTO/JUCE/modules/juce_core/system/juce_PlatformDefs.h:146:50: warning: 'DOXYGEN' is not defined, evaluates to 0 [-Wundef]
  146 | #if (JUCE_DEBUG && ! JUCE_DISABLE_ASSERTIONS) || DOXYGEN
      |                                                  ^
/Users/larryseyer/AudioDevelopment/OTTO/JUCE/modules/juce_core/system/juce_PlatformDefs.h:272:5: warning: 'JUCE_MSVC' is not defined, evaluates to 0 [-Wundef]
  272 | #if JUCE_MSVC && ! defined (DOXYGEN)
      |     ^
/Users/larryseyer/AudioDevelopment/OTTO/JUCE/modules/juce_core/system/juce_PlatformDefs.h:291:5: warning: 'JUCE_DEBUG' is not defined, evaluates to 0 [-Wundef]
  291 | #if JUCE_DEBUG || DOXYGEN
      |     ^
/Users/larryseyer/AudioDevelopment/OTTO/JUCE/modules/juce_core/system/juce_PlatformDefs.h:291:19: warning: 'DOXYGEN' is not defined, evaluates to 0 [-Wundef]
  291 | #if JUCE_DEBUG || DOXYGEN
      |                   ^
/Users/larryseyer/AudioDevelopment/OTTO/JUCE/modules/juce_core/system/juce_PlatformDefs.h:299:7: warning: 'JUCE_MSVC' is not defined, evaluates to 0 [-Wundef]
  299 |   #if JUCE_MSVC
      |       ^
/Users/larryseyer/AudioDevelopment/OTTO/JUCE/modules/juce_core/system/juce_PlatformDefs.h:306:5: warning: 'JUCE_MSVC' is not defined, evaluates to 0 [-Wundef]
  306 | #if JUCE_MSVC || DOXYGEN
      |     ^
/Users/larryseyer/AudioDevelopment/OTTO/JUCE/modules/juce_core/system/juce_PlatformDefs.h:306:18: warning: 'DOXYGEN' is not defined, evaluates to 0 [-Wundef]
  306 | #if JUCE_MSVC || DOXYGEN
      |                  ^
/Users/larryseyer/AudioDevelopment/OTTO/JUCE/modules/juce_core/system/juce_PlatformDefs.h:315:5: warning: 'JUCE_ANDROID' is not defined, evaluates to 0 [-Wundef]
  315 | #if JUCE_ANDROID && ! defined (DOXYGEN)
      |     ^
/Users/larryseyer/AudioDevelopment/OTTO/JUCE/modules/juce_core/system/juce_PlatformDefs.h:324:5: warning: 'JUCE_GCC' is not defined, evaluates to 0 [-Wundef]
  324 | #if JUCE_GCC || JUCE_CLANG
      |     ^
/Users/larryseyer/AudioDevelopment/OTTO/JUCE/modules/juce_core/system/juce_PlatformDefs.h:331:5: warning: 'JUCE_GCC' is not defined, evaluates to 0 [-Wundef]
  331 | #if JUCE_GCC || DOXYGEN
      |     ^
/Users/larryseyer/AudioDevelopment/OTTO/JUCE/modules/juce_core/system/juce_PlatformDefs.h:331:17: warning: 'DOXYGEN' is not defined, evaluates to 0 [-Wundef]
  331 | #if JUCE_GCC || DOXYGEN
      |                 ^
In file included from /Users/larryseyer/AudioDevelopment/OTTO/Source/UtilityComponents.cpp:1:
In file included from /Users/larryseyer/AudioDevelopment/OTTO/Source/UtilityComponents.h:3:
In file included from /Users/larryseyer/AudioDevelopment/OTTO/Builds/MacOSX/CMake-Release/OTTO_artefacts/JuceLibraryCode/JuceHeader.h:14:
In file included from /Users/larryseyer/AudioDevelopment/OTTO/JUCE/modules/juce_audio_plugin_client/juce_audio_plugin_client.h:63:
In file included from /Users/larryseyer/AudioDevelopment/OTTO/JUCE/modules/juce_gui_basics/juce_gui_basics.h:68:
In file included from /Users/larryseyer/AudioDevelopment/OTTO/JUCE/modules/juce_graphics/juce_graphics.h:67:
In file included from /Users/larryseyer/AudioDevelopment/OTTO/JUCE/modules/juce_core/juce_core.h:215:
/Users/larryseyer/AudioDevelopment/OTTO/JUCE/modules/juce_core/system/juce_StandardHeader.h:101:5: warning: 'JUCE_MSVC' is not defined, evaluates to 0 [-Wundef]
  101 | #if JUCE_MSVC
      |     ^
/Users/larryseyer/AudioDevelopment/OTTO/JUCE/modules/juce_core/system/juce_StandardHeader.h:113:5: warning: 'JUCE_LINUX' is not defined, evaluates to 0 [-Wundef]
  113 | #if JUCE_LINUX || JUCE_BSD
      |     ^
/Users/larryseyer/AudioDevelopment/OTTO/JUCE/modules/juce_core/system/juce_StandardHeader.h:113:19: warning: 'JUCE_BSD' is not defined, evaluates to 0 [-Wundef]
  113 | #if JUCE_LINUX || JUCE_BSD
      |                   ^
/Users/larryseyer/AudioDevelopment/OTTO/JUCE/modules/juce_core/system/juce_StandardHeader.h:126:5: warning: 'JUCE_MSVC' is not defined, evaluates to 0 [-Wundef]
  126 | #if JUCE_MSVC && JUCE_DEBUG
      |     ^
/Users/larryseyer/AudioDevelopment/OTTO/JUCE/modules/juce_core/system/juce_StandardHeader.h:132:5: warning: 'JUCE_ANDROID' is not defined, evaluates to 0 [-Wundef]
  132 | #if JUCE_ANDROID
      |     ^
/Users/larryseyer/AudioDevelopment/OTTO/JUCE/modules/juce_core/system/juce_StandardHeader.h:147:5: warning: 'JUCE_MSVC' is not defined, evaluates to 0 [-Wundef]
  147 | #if JUCE_MSVC
      |     ^
/Users/larryseyer/AudioDevelopment/OTTO/JUCE/modules/juce_core/system/juce_StandardHeader.h:167:5: warning: 'JUCE_MSVC' is not defined, evaluates to 0 [-Wundef]
  167 | #if JUCE_MSVC && JUCE_DLL_BUILD
      |     ^
In file included from /Users/larryseyer/AudioDevelopment/OTTO/Source/UtilityComponents.cpp:1:
In file included from /Users/larryseyer/AudioDevelopment/OTTO/Source/UtilityComponents.h:3:
In file included from /Users/larryseyer/AudioDevelopment/OTTO/Builds/MacOSX/CMake-Release/OTTO_artefacts/JuceLibraryCode/JuceHeader.h:14:
In file included from /Users/larryseyer/AudioDevelopment/OTTO/JUCE/modules/juce_audio_plugin_client/juce_audio_plugin_client.h:63:
In file included from /Users/larryseyer/AudioDevelopment/OTTO/JUCE/modules/juce_gui_basics/juce_gui_basics.h:68:
In file included from /Users/larryseyer/AudioDevelopment/OTTO/JUCE/modules/juce_graphics/juce_graphics.h:67:
In file included from /Users/larryseyer/AudioDevelopment/OTTO/JUCE/modules/juce_core/juce_core.h:239:
/Users/larryseyer/AudioDevelopment/OTTO/JUCE/modules/juce_core/memory/juce_Memory.h:165:59: warning: 'DOXYGEN' is not defined, evaluates to 0 [-Wundef]
  165 | #if (JUCE_COMPILER_SUPPORTS_ARC && defined (__OBJC__)) || DOXYGEN
      |                                                           ^
/Users/larryseyer/AudioDevelopment/OTTO/JUCE/modules/juce_core/memory/juce_Memory.h:181:5: warning: 'JUCE_MSVC' is not defined, evaluates to 0 [-Wundef]
  181 | #if JUCE_MSVC && (defined (JUCE_DLL) || defined (JUCE_DLL_BUILD)) && ! (JUCE_DISABLE_DLL_ALLOCATORS || DOXYGEN)
      |     ^
In file included from /Users/larryseyer/AudioDevelopment/OTTO/Source/UtilityComponents.cpp:1:
In file included from /Users/larryseyer/AudioDevelopment/OTTO/Source/UtilityComponents.h:3:
In file included from /Users/larryseyer/AudioDevelopment/OTTO/Builds/MacOSX/CMake-Release/OTTO_artefacts/JuceLibraryCode/JuceHeader.h:14:
In file included from /Users/larryseyer/AudioDevelopment/OTTO/JUCE/modules/juce_audio_plugin_client/juce_audio_plugin_client.h:63:
In file included from /Users/larryseyer/AudioDevelopment/OTTO/JUCE/modules/juce_gui_basics/juce_gui_basics.h:68:
In file included from /Users/larryseyer/AudioDevelopment/OTTO/JUCE/modules/juce_graphics/juce_graphics.h:67:
In file included from /Users/larryseyer/AudioDevelopment/OTTO/JUCE/modules/juce_core/juce_core.h:240:
/Users/larryseyer/AudioDevelopment/OTTO/JUCE/modules/juce_core/maths/juce_MathsFunctions.h:59:5: warning: 'JUCE_MSVC' is not defined, evaluates to 0 [-Wundef]
   59 | #if JUCE_MSVC
      |     ^
/Users/larryseyer/AudioDevelopment/OTTO/JUCE/modules/juce_core/maths/juce_MathsFunctions.h:97:5: warning: 'JUCE_WINDOWS' is not defined, evaluates to 0 [-Wundef]
   97 | #if JUCE_WINDOWS
      |     ^
/Users/larryseyer/AudioDevelopment/OTTO/JUCE/modules/juce_core/maths/juce_MathsFunctions.h:125:8: warning: 'JUCE_MSVC' is not defined, evaluates to 0 [-Wundef]
  125 |    #if JUCE_MSVC
      |        ^
/Users/larryseyer/AudioDevelopment/OTTO/JUCE/modules/juce_core/maths/juce_MathsFunctions.h:136:8: warning: 'JUCE_MSVC' is not defined, evaluates to 0 [-Wundef]
  136 |    #if JUCE_MSVC
      |        ^
/Users/larryseyer/AudioDevelopment/OTTO/JUCE/modules/juce_core/maths/juce_MathsFunctions.h:579:5: warning: 'JUCE_MSVC' is not defined, evaluates to 0 [-Wundef]
  579 | #if JUCE_MSVC
      |     ^
/Users/larryseyer/AudioDevelopment/OTTO/JUCE/modules/juce_core/maths/juce_MathsFunctions.h:606:8: warning: 'JUCE_BIG_ENDIAN' is not defined, evaluates to 0 [-Wundef]
  606 |    #if JUCE_BIG_ENDIAN
      |        ^
/Users/larryseyer/AudioDevelopment/OTTO/JUCE/modules/juce_core/maths/juce_MathsFunctions.h:618:5: warning: 'JUCE_MSVC' is not defined, evaluates to 0 [-Wundef]
  618 | #if JUCE_MSVC
      |     ^
/Users/larryseyer/AudioDevelopment/OTTO/JUCE/modules/juce_core/maths/juce_MathsFunctions.h:738:5: warning: 'JUCE_INTEL' is not defined, evaluates to 0 [-Wundef]
  738 | #if JUCE_INTEL || DOXYGEN
      |     ^
/Users/larryseyer/AudioDevelopment/OTTO/JUCE/modules/juce_core/maths/juce_MathsFunctions.h:738:19: warning: 'DOXYGEN' is not defined, evaluates to 0 [-Wundef]
  738 | #if JUCE_INTEL || DOXYGEN
      |                   ^
In file included from /Users/larryseyer/AudioDevelopment/OTTO/Source/UtilityComponents.cpp:1:
In file included from /Users/larryseyer/AudioDevelopment/OTTO/Source/UtilityComponents.h:3:
In file included from /Users/larryseyer/AudioDevelopment/OTTO/Builds/MacOSX/CMake-Release/OTTO_artefacts/JuceLibraryCode/JuceHeader.h:14:
In file included from /Users/larryseyer/AudioDevelopment/OTTO/JUCE/modules/juce_audio_plugin_client/juce_audio_plugin_client.h:63:
In file included from /Users/larryseyer/AudioDevelopment/OTTO/JUCE/modules/juce_gui_basics/juce_gui_basics.h:68:
In file included from /Users/larryseyer/AudioDevelopment/OTTO/JUCE/modules/juce_graphics/juce_graphics.h:67:
In file included from /Users/larryseyer/AudioDevelopment/OTTO/JUCE/modules/juce_core/juce_core.h:241:
/Users/larryseyer/AudioDevelopment/OTTO/JUCE/modules/juce_core/memory/juce_ByteOrder.h:162:5: warning: 'JUCE_MSVC' is not defined, evaluates to 0 [-Wundef]
  162 | #if JUCE_MSVC && ! defined (__INTEL_COMPILER)
      |     ^
In file included from /Users/larryseyer/AudioDevelopment/OTTO/Source/UtilityComponents.cpp:1:
In file included from /Users/larryseyer/AudioDevelopment/OTTO/Source/UtilityComponents.h:3:
In file included from /Users/larryseyer/AudioDevelopment/OTTO/Builds/MacOSX/CMake-Release/OTTO_artefacts/JuceLibraryCode/JuceHeader.h:14:
In file included from /Users/larryseyer/AudioDevelopment/OTTO/JUCE/modules/juce_audio_plugin_client/juce_audio_plugin_client.h:63:
In file included from /Users/larryseyer/AudioDevelopment/OTTO/JUCE/modules/juce_gui_basics/juce_gui_basics.h:68:
In file included from /Users/larryseyer/AudioDevelopment/OTTO/JUCE/modules/juce_graphics/juce_graphics.h:67:
In file included from /Users/larryseyer/AudioDevelopment/OTTO/JUCE/modules/juce_core/juce_core.h:243:
/Users/larryseyer/AudioDevelopment/OTTO/JUCE/modules/juce_core/text/juce_CharacterFunctions.h:39:5: warning: 'JUCE_WINDOWS' is not defined, evaluates to 0 [-Wundef]
   39 | #if JUCE_WINDOWS && ! defined (DOXYGEN)
      |     ^
/Users/larryseyer/AudioDevelopment/OTTO/JUCE/modules/juce_core/text/juce_CharacterFunctions.h:64:5: warning: 'JUCE_DEFINE_T_MACRO' is not defined, evaluates to 0 [-Wundef]
   64 | #if JUCE_DEFINE_T_MACRO
      |     ^
/Users/larryseyer/AudioDevelopment/OTTO/JUCE/modules/juce_core/text/juce_CharacterFunctions.h:406:12: warning: 'JUCE_WINDOWS' is not defined, evaluates to 0 [-Wundef]
  406 |        #if JUCE_WINDOWS
      |            ^
/Users/larryseyer/AudioDevelopment/OTTO/JUCE/modules/juce_core/text/juce_CharacterFunctions.h:411:13: warning: 'JUCE_ANDROID' is not defined, evaluates to 0 [-Wundef]
  411 |         #if JUCE_ANDROID
      |             ^
In file included from /Users/larryseyer/AudioDevelopment/OTTO/Source/UtilityComponents.cpp:1:
In file included from /Users/larryseyer/AudioDevelopment/OTTO/Source/UtilityComponents.h:3:
In file included from /Users/larryseyer/AudioDevelopment/OTTO/Builds/MacOSX/CMake-Release/OTTO_artefacts/JuceLibraryCode/JuceHeader.h:14:
In file included from /Users/larryseyer/AudioDevelopment/OTTO/JUCE/modules/juce_audio_plugin_client/juce_audio_plugin_client.h:63:
In file included from /Users/larryseyer/AudioDevelopment/OTTO/JUCE/modules/juce_gui_basics/juce_gui_basics.h:68:
In file included from /Users/larryseyer/AudioDevelopment/OTTO/JUCE/modules/juce_graphics/juce_graphics.h:67:
In file included from /Users/larryseyer/AudioDevelopment/OTTO/JUCE/modules/juce_core/juce_core.h:247:
/Users/larryseyer/AudioDevelopment/OTTO/JUCE/modules/juce_core/text/juce_CharPointer_UTF8.h:481:12: warning: 'JUCE_WINDOWS' is not defined, evaluates to 0 [-Wundef]
  481 |        #if JUCE_WINDOWS
      |            ^
In file included from /Users/larryseyer/AudioDevelopment/OTTO/Source/UtilityComponents.cpp:1:
In file included from /Users/larryseyer/AudioDevelopment/OTTO/Source/UtilityComponents.h:3:
In file included from /Users/larryseyer/AudioDevelopment/OTTO/Builds/MacOSX/CMake-Release/OTTO_artefacts/JuceLibraryCode/JuceHeader.h:14:
In file included from /Users/larryseyer/AudioDevelopment/OTTO/JUCE/modules/juce_audio_plugin_client/juce_audio_plugin_client.h:63:
In file included from /Users/larryseyer/AudioDevelopment/OTTO/JUCE/modules/juce_gui_basics/juce_gui_basics.h:68:
In file included from /Users/larryseyer/AudioDevelopment/OTTO/JUCE/modules/juce_graphics/juce_graphics.h:67:
In file included from /Users/larryseyer/AudioDevelopment/OTTO/JUCE/modules/juce_core/juce_core.h:248:
/Users/larryseyer/AudioDevelopment/OTTO/JUCE/modules/juce_core/text/juce_CharPointer_UTF16.h:353:8: warning: 'JUCE_MSVC' is not defined, evaluates to 0 [-Wundef]
  353 |    #if JUCE_MSVC && ! defined (DOXYGEN)
      |        ^
/Users/larryseyer/AudioDevelopment/OTTO/JUCE/modules/juce_core/text/juce_CharPointer_UTF16.h:412:12: warning: 'JUCE_MSVC' is not defined, evaluates to 0 [-Wundef]
  412 |        #if JUCE_MSVC
      |            ^
/Users/larryseyer/AudioDevelopment/OTTO/JUCE/modules/juce_core/text/juce_CharPointer_UTF16.h:422:12: warning: 'JUCE_MSVC' is not defined, evaluates to 0 [-Wundef]
  422 |        #if JUCE_MSVC
      |            ^
In file included from /Users/larryseyer/AudioDevelopment/OTTO/Source/UtilityComponents.cpp:1:
In file included from /Users/larryseyer/AudioDevelopment/OTTO/Source/UtilityComponents.h:3:
In file included from /Users/larryseyer/AudioDevelopment/OTTO/Builds/MacOSX/CMake-Release/OTTO_artefacts/JuceLibraryCode/JuceHeader.h:14:
In file included from /Users/larryseyer/AudioDevelopment/OTTO/JUCE/modules/juce_audio_plugin_client/juce_audio_plugin_client.h:63:
In file included from /Users/larryseyer/AudioDevelopment/OTTO/JUCE/modules/juce_gui_basics/juce_gui_basics.h:68:
In file included from /Users/larryseyer/AudioDevelopment/OTTO/JUCE/modules/juce_graphics/juce_graphics.h:67:
In file included from /Users/larryseyer/AudioDevelopment/OTTO/JUCE/modules/juce_core/juce_core.h:249:
/Users/larryseyer/AudioDevelopment/OTTO/JUCE/modules/juce_core/text/juce_CharPointer_UTF32.h:166:44: warning: 'JUCE_ANDROID' is not defined, evaluates to 0 [-Wundef]
  166 |        #if JUCE_NATIVE_WCHAR_IS_UTF32 && ! JUCE_ANDROID
      |                                            ^
/Users/larryseyer/AudioDevelopment/OTTO/JUCE/modules/juce_core/text/juce_CharPointer_UTF32.h:266:40: warning: 'JUCE_ANDROID' is not defined, evaluates to 0 [-Wundef]
  266 |    #if JUCE_NATIVE_WCHAR_IS_UTF32 && ! JUCE_ANDROID
      |                                        ^
In file included from /Users/larryseyer/AudioDevelopment/OTTO/Source/UtilityComponents.cpp:1:
In file included from /Users/larryseyer/AudioDevelopment/OTTO/Source/UtilityComponents.h:3:
In file included from /Users/larryseyer/AudioDevelopment/OTTO/Builds/MacOSX/CMake-Release/OTTO_artefacts/JuceLibraryCode/JuceHeader.h:14:
In file included from /Users/larryseyer/AudioDevelopment/OTTO/JUCE/modules/juce_audio_plugin_client/juce_audio_plugin_client.h:63:
In file included from /Users/larryseyer/AudioDevelopment/OTTO/JUCE/modules/juce_gui_basics/juce_gui_basics.h:68:
In file included from /Users/larryseyer/AudioDevelopment/OTTO/JUCE/modules/juce_graphics/juce_graphics.h:67:
In file included from /Users/larryseyer/AudioDevelopment/OTTO/JUCE/modules/juce_core/juce_core.h:250:
/Users/larryseyer/AudioDevelopment/OTTO/JUCE/modules/juce_core/text/juce_CharPointer_ASCII.h:278:12: warning: 'JUCE_WINDOWS' is not defined, evaluates to 0 [-Wundef]
  278 |        #if JUCE_WINDOWS && JUCE_CLANG
      |            ^
/Users/larryseyer/AudioDevelopment/OTTO/JUCE/modules/juce_core/text/juce_CharPointer_ASCII.h:280:14: warning: 'JUCE_WINDOWS' is not defined, evaluates to 0 [-Wundef]
  280 |        #elif JUCE_WINDOWS
      |              ^
/Users/larryseyer/AudioDevelopment/OTTO/JUCE/modules/juce_core/text/juce_CharPointer_ASCII.h:348:12: warning: 'JUCE_LINUX' is not defined, evaluates to 0 [-Wundef]
  348 |        #if JUCE_LINUX || JUCE_BSD || JUCE_ANDROID
      |            ^
/Users/larryseyer/AudioDevelopment/OTTO/JUCE/modules/juce_core/text/juce_CharPointer_ASCII.h:348:26: warning: 'JUCE_BSD' is not defined, evaluates to 0 [-Wundef]
  348 |        #if JUCE_LINUX || JUCE_BSD || JUCE_ANDROID
      |                          ^
/Users/larryseyer/AudioDevelopment/OTTO/JUCE/modules/juce_core/text/juce_CharPointer_ASCII.h:348:38: warning: 'JUCE_ANDROID' is not defined, evaluates to 0 [-Wundef]
  348 |        #if JUCE_LINUX || JUCE_BSD || JUCE_ANDROID
      |                                      ^
/Users/larryseyer/AudioDevelopment/OTTO/JUCE/modules/juce_core/text/juce_CharPointer_ASCII.h:350:14: warning: 'JUCE_WINDOWS' is not defined, evaluates to 0 [-Wundef]
  350 |        #elif JUCE_WINDOWS
      |              ^
In file included from /Users/larryseyer/AudioDevelopment/OTTO/Source/UtilityComponents.cpp:1:
In file included from /Users/larryseyer/AudioDevelopment/OTTO/Source/UtilityComponents.h:3:
In file included from /Users/larryseyer/AudioDevelopment/OTTO/Builds/MacOSX/CMake-Release/OTTO_artefacts/JuceLibraryCode/JuceHeader.h:14:
In file included from /Users/larryseyer/AudioDevelopment/OTTO/JUCE/modules/juce_audio_plugin_client/juce_audio_plugin_client.h:63:
In file included from /Users/larryseyer/AudioDevelopment/OTTO/JUCE/modules/juce_gui_basics/juce_gui_basics.h:68:
In file included from /Users/larryseyer/AudioDevelopment/OTTO/JUCE/modules/juce_graphics/juce_graphics.h:67:
In file included from /Users/larryseyer/AudioDevelopment/OTTO/JUCE/modules/juce_core/juce_core.h:254:
/Users/larryseyer/AudioDevelopment/OTTO/JUCE/modules/juce_core/text/juce_String.h:198:11: warning: 'DOXYGEN' is not defined, evaluates to 0 [-Wundef]
  198 |    #elif (DOXYGEN || JUCE_STRING_UTF_TYPE == 8)
      |           ^
In file included from /Users/larryseyer/AudioDevelopment/OTTO/Source/UtilityComponents.cpp:1:
In file included from /Users/larryseyer/AudioDevelopment/OTTO/Source/UtilityComponents.h:3:
In file included from /Users/larryseyer/AudioDevelopment/OTTO/Builds/MacOSX/CMake-Release/OTTO_artefacts/JuceLibraryCode/JuceHeader.h:14:
In file included from /Users/larryseyer/AudioDevelopment/OTTO/JUCE/modules/juce_audio_plugin_client/juce_audio_plugin_client.h:63:
In file included from /Users/larryseyer/AudioDevelopment/OTTO/JUCE/modules/juce_gui_basics/juce_gui_basics.h:68:
In file included from /Users/larryseyer/AudioDevelopment/OTTO/JUCE/modules/juce_graphics/juce_graphics.h:67:
In file included from /Users/larryseyer/AudioDevelopment/OTTO/JUCE/modules/juce_core/juce_core.h:257:
/Users/larryseyer/AudioDevelopment/OTTO/JUCE/modules/juce_core/memory/juce_LeakedObjectDetector.h:124:5: warning: 'DOXYGEN' is not defined, evaluates to 0 [-Wundef]
  124 | #if DOXYGEN || ! defined (JUCE_LEAK_DETECTOR)
      |     ^
/Users/larryseyer/AudioDevelopment/OTTO/JUCE/modules/juce_core/memory/juce_LeakedObjectDetector.h:125:7: warning: 'DOXYGEN' is not defined, evaluates to 0 [-Wundef]
  125 |  #if (DOXYGEN || JUCE_CHECK_MEMORY_LEAKS)
      |       ^
In file included from /Users/larryseyer/AudioDevelopment/OTTO/Source/UtilityComponents.cpp:1:
In file included from /Users/larryseyer/AudioDevelopment/OTTO/Source/UtilityComponents.h:3:
In file included from /Users/larryseyer/AudioDevelopment/OTTO/Builds/MacOSX/CMake-Release/OTTO_artefacts/JuceLibraryCode/JuceHeader.h:14:
In file included from /Users/larryseyer/AudioDevelopment/OTTO/JUCE/modules/juce_audio_plugin_client/juce_audio_plugin_client.h:63:
In file included from /Users/larryseyer/AudioDevelopment/OTTO/JUCE/modules/juce_gui_basics/juce_gui_basics.h:68:
In file included from /Users/larryseyer/AudioDevelopment/OTTO/JUCE/modules/juce_graphics/juce_graphics.h:67:
In file included from /Users/larryseyer/AudioDevelopment/OTTO/JUCE/modules/juce_core/juce_core.h:259:
/Users/larryseyer/AudioDevelopment/OTTO/JUCE/modules/juce_core/memory/juce_HeapBlock.h:38:8: warning: 'DOXYGEN' is not defined, evaluates to 0 [-Wundef]
   38 | #if ! (DOXYGEN || JUCE_EXCEPTIONS_DISABLED)
      |        ^
/Users/larryseyer/AudioDevelopment/OTTO/JUCE/modules/juce_core/memory/juce_HeapBlock.h:38:19: warning: 'JUCE_EXCEPTIONS_DISABLED' is not defined, evaluates to 0 [-Wundef]
   38 | #if ! (DOXYGEN || JUCE_EXCEPTIONS_DISABLED)
      |                   ^
/Users/larryseyer/AudioDevelopment/OTTO/JUCE/modules/juce_core/memory/juce_HeapBlock.h:343:12: warning: 'JUCE_EXCEPTIONS_DISABLED' is not defined, evaluates to 0 [-Wundef]
  343 |        #if JUCE_EXCEPTIONS_DISABLED
      |            ^
In file included from /Users/larryseyer/AudioDevelopment/OTTO/Source/UtilityComponents.cpp:1:
In file included from /Users/larryseyer/AudioDevelopment/OTTO/Source/UtilityComponents.h:3:
In file included from /Users/larryseyer/AudioDevelopment/OTTO/Builds/MacOSX/CMake-Release/OTTO_artefacts/JuceLibraryCode/JuceHeader.h:14:
In file included from /Users/larryseyer/AudioDevelopment/OTTO/JUCE/modules/juce_audio_plugin_client/juce_audio_plugin_client.h:63:
In file included from /Users/larryseyer/AudioDevelopment/OTTO/JUCE/modules/juce_gui_basics/juce_gui_basics.h:68:
In file included from /Users/larryseyer/AudioDevelopment/OTTO/JUCE/modules/juce_graphics/juce_graphics.h:67:
In file included from /Users/larryseyer/AudioDevelopment/OTTO/JUCE/modules/juce_core/juce_core.h:263:
/Users/larryseyer/AudioDevelopment/OTTO/JUCE/modules/juce_core/memory/juce_ScopedPointer.h:151:10: warning: 'JUCE_MSVC' is not defined, evaluates to 0 [-Wundef]
  151 |    #if ! JUCE_MSVC  // (MSVC can't deal with multiple copy constructors)
      |          ^
In file included from /Users/larryseyer/AudioDevelopment/OTTO/Source/UtilityComponents.cpp:1:
In file included from /Users/larryseyer/AudioDevelopment/OTTO/Source/UtilityComponents.h:3:
In file included from /Users/larryseyer/AudioDevelopment/OTTO/Builds/MacOSX/CMake-Release/OTTO_artefacts/JuceLibraryCode/JuceHeader.h:14:
In file included from /Users/larryseyer/AudioDevelopment/OTTO/JUCE/modules/juce_audio_plugin_client/juce_audio_plugin_client.h:63:
In file included from /Users/larryseyer/AudioDevelopment/OTTO/JUCE/modules/juce_gui_basics/juce_gui_basics.h:68:
In file included from /Users/larryseyer/AudioDevelopment/OTTO/JUCE/modules/juce_graphics/juce_graphics.h:67:
In file included from /Users/larryseyer/AudioDevelopment/OTTO/JUCE/modules/juce_core/juce_core.h:271:
/Users/larryseyer/AudioDevelopment/OTTO/JUCE/modules/juce_core/threads/juce_CriticalSection.h:116:8: warning: 'JUCE_WINDOWS' is not defined, evaluates to 0 [-Wundef]
  116 |    #if JUCE_WINDOWS
      |        ^
In file included from /Users/larryseyer/AudioDevelopment/OTTO/Source/UtilityComponents.cpp:1:
In file included from /Users/larryseyer/AudioDevelopment/OTTO/Source/UtilityComponents.h:3:
In file included from /Users/larryseyer/AudioDevelopment/OTTO/Builds/MacOSX/CMake-Release/OTTO_artefacts/JuceLibraryCode/JuceHeader.h:14:
In file included from /Users/larryseyer/AudioDevelopment/OTTO/JUCE/modules/juce_audio_plugin_client/juce_audio_plugin_client.h:63:
In file included from /Users/larryseyer/AudioDevelopment/OTTO/JUCE/modules/juce_gui_basics/juce_gui_basics.h:68:
In file included from /Users/larryseyer/AudioDevelopment/OTTO/JUCE/modules/juce_graphics/juce_graphics.h:67:
In file included from /Users/larryseyer/AudioDevelopment/OTTO/JUCE/modules/juce_core/juce_core.h:293:
/Users/larryseyer/AudioDevelopment/OTTO/JUCE/modules/juce_core/memory/juce_HeavyweightLeakedObjectDetector.h:123:5: warning: 'DOXYGEN' is not defined, evaluates to 0 [-Wundef]
  123 | #if DOXYGEN || ! defined (JUCE_HEAVYWEIGHT_LEAK_DETECTOR)
      |     ^
/Users/larryseyer/AudioDevelopment/OTTO/JUCE/modules/juce_core/memory/juce_HeavyweightLeakedObjectDetector.h:124:7: warning: 'DOXYGEN' is not defined, evaluates to 0 [-Wundef]
  124 |  #if (DOXYGEN || JUCE_CHECK_MEMORY_LEAKS)
      |       ^
In file included from /Users/larryseyer/AudioDevelopment/OTTO/Source/UtilityComponents.cpp:1:
In file included from /Users/larryseyer/AudioDevelopment/OTTO/Source/UtilityComponents.h:3:
In file included from /Users/larryseyer/AudioDevelopment/OTTO/Builds/MacOSX/CMake-Release/OTTO_artefacts/JuceLibraryCode/JuceHeader.h:14:
In file included from /Users/larryseyer/AudioDevelopment/OTTO/JUCE/modules/juce_audio_plugin_client/juce_audio_plugin_client.h:63:
In file included from /Users/larryseyer/AudioDevelopment/OTTO/JUCE/modules/juce_gui_basics/juce_gui_basics.h:68:
In file included from /Users/larryseyer/AudioDevelopment/OTTO/JUCE/modules/juce_graphics/juce_graphics.h:67:
In file included from /Users/larryseyer/AudioDevelopment/OTTO/JUCE/modules/juce_core/juce_core.h:318:
/Users/larryseyer/AudioDevelopment/OTTO/JUCE/modules/juce_core/files/juce_File.h:38:7: warning: 'DOXYGEN' is not defined, evaluates to 0 [-Wundef]
   38 | #if ! DOXYGEN && (JUCE_MAC || JUCE_IOS)
      |       ^
/Users/larryseyer/AudioDevelopment/OTTO/JUCE/modules/juce_core/files/juce_File.h:970:12: warning: 'JUCE_WINDOWS' is not defined, evaluates to 0 [-Wundef]
  970 |        #if JUCE_WINDOWS || DOXYGEN
      |            ^
/Users/larryseyer/AudioDevelopment/OTTO/JUCE/modules/juce_core/files/juce_File.h:970:28: warning: 'DOXYGEN' is not defined, evaluates to 0 [-Wundef]
  970 |        #if JUCE_WINDOWS || DOXYGEN
      |                            ^
/Users/larryseyer/AudioDevelopment/OTTO/JUCE/modules/juce_core/files/juce_File.h:981:12: warning: 'JUCE_WINDOWS' is not defined, evaluates to 0 [-Wundef]
  981 |        #if JUCE_WINDOWS || DOXYGEN
      |            ^
/Users/larryseyer/AudioDevelopment/OTTO/JUCE/modules/juce_core/files/juce_File.h:981:28: warning: 'DOXYGEN' is not defined, evaluates to 0 [-Wundef]
  981 |        #if JUCE_WINDOWS || DOXYGEN
      |                            ^
/Users/larryseyer/AudioDevelopment/OTTO/JUCE/modules/juce_core/files/juce_File.h:1100:8: warning: 'JUCE_WINDOWS' is not defined, evaluates to 0 [-Wundef]
 1100 |    #if JUCE_WINDOWS || DOXYGEN
      |        ^
/Users/larryseyer/AudioDevelopment/OTTO/JUCE/modules/juce_core/files/juce_File.h:1100:24: warning: 'DOXYGEN' is not defined, evaluates to 0 [-Wundef]
 1100 |    #if JUCE_WINDOWS || DOXYGEN
      |                        ^
/Users/larryseyer/AudioDevelopment/OTTO/JUCE/modules/juce_core/files/juce_File.h:1146:16: warning: 'NAMES_ARE_CASE_SENSITIVE' is not defined, evaluates to 0 [-Wundef]
 1146 |            #if NAMES_ARE_CASE_SENSITIVE
      |                ^
In file included from /Users/larryseyer/AudioDevelopment/OTTO/Source/UtilityComponents.cpp:1:
In file included from /Users/larryseyer/AudioDevelopment/OTTO/Source/UtilityComponents.h:3:
In file included from /Users/larryseyer/AudioDevelopment/OTTO/Builds/MacOSX/CMake-Release/OTTO_artefacts/JuceLibraryCode/JuceHeader.h:14:
In file included from /Users/larryseyer/AudioDevelopment/OTTO/JUCE/modules/juce_audio_plugin_client/juce_audio_plugin_client.h:63:
In file included from /Users/larryseyer/AudioDevelopment/OTTO/JUCE/modules/juce_gui_basics/juce_gui_basics.h:68:
In file included from /Users/larryseyer/AudioDevelopment/OTTO/JUCE/modules/juce_graphics/juce_graphics.h:67:
In file included from /Users/larryseyer/AudioDevelopment/OTTO/JUCE/modules/juce_core/juce_core.h:321:
/Users/larryseyer/AudioDevelopment/OTTO/JUCE/modules/juce_core/detail/juce_NativeFileHandle.h:38:5: warning: 'JUCE_WINDOWS' is not defined, evaluates to 0 [-Wundef]
   38 | #if JUCE_WINDOWS
      |     ^
In file included from /Users/larryseyer/AudioDevelopment/OTTO/Source/UtilityComponents.cpp:1:
In file included from /Users/larryseyer/AudioDevelopment/OTTO/Source/UtilityComponents.h:3:
In file included from /Users/larryseyer/AudioDevelopment/OTTO/Builds/MacOSX/CMake-Release/OTTO_artefacts/JuceLibraryCode/JuceHeader.h:14:
In file included from /Users/larryseyer/AudioDevelopment/OTTO/JUCE/modules/juce_audio_plugin_client/juce_audio_plugin_client.h:63:
In file included from /Users/larryseyer/AudioDevelopment/OTTO/JUCE/modules/juce_gui_basics/juce_gui_basics.h:68:
In file included from /Users/larryseyer/AudioDevelopment/OTTO/JUCE/modules/juce_graphics/juce_graphics.h:67:
In file included from /Users/larryseyer/AudioDevelopment/OTTO/JUCE/modules/juce_core/juce_core.h:325:
/Users/larryseyer/AudioDevelopment/OTTO/JUCE/modules/juce_core/files/juce_MemoryMappedFile.h:116:8: warning: 'JUCE_WINDOWS' is not defined, evaluates to 0 [-Wundef]
  116 |    #if JUCE_WINDOWS
      |        ^
In file included from /Users/larryseyer/AudioDevelopment/OTTO/Source/UtilityComponents.cpp:1:
In file included from /Users/larryseyer/AudioDevelopment/OTTO/Source/UtilityComponents.h:3:
In file included from /Users/larryseyer/AudioDevelopment/OTTO/Builds/MacOSX/CMake-Release/OTTO_artefacts/JuceLibraryCode/JuceHeader.h:14:
In file included from /Users/larryseyer/AudioDevelopment/OTTO/JUCE/modules/juce_audio_plugin_client/juce_audio_plugin_client.h:63:
In file included from /Users/larryseyer/AudioDevelopment/OTTO/JUCE/modules/juce_gui_basics/juce_gui_basics.h:68:
In file included from /Users/larryseyer/AudioDevelopment/OTTO/JUCE/modules/juce_graphics/juce_graphics.h:67:
In file included from /Users/larryseyer/AudioDevelopment/OTTO/JUCE/modules/juce_core/juce_core.h:338:
/Users/larryseyer/AudioDevelopment/OTTO/JUCE/modules/juce_core/misc/juce_WindowsRegistry.h:38:5: warning: 'JUCE_WINDOWS' is not defined, evaluates to 0 [-Wundef]
   38 | #if JUCE_WINDOWS || DOXYGEN
      |     ^
/Users/larryseyer/AudioDevelopment/OTTO/JUCE/modules/juce_core/misc/juce_WindowsRegistry.h:38:21: warning: 'DOXYGEN' is not defined, evaluates to 0 [-Wundef]
   38 | #if JUCE_WINDOWS || DOXYGEN
      |                     ^
In file included from /Users/larryseyer/AudioDevelopment/OTTO/Source/UtilityComponents.cpp:1:
In file included from /Users/larryseyer/AudioDevelopment/OTTO/Source/UtilityComponents.h:3:
In file included from /Users/larryseyer/AudioDevelopment/OTTO/Builds/MacOSX/CMake-Release/OTTO_artefacts/JuceLibraryCode/JuceHeader.h:14:
In file included from /Users/larryseyer/AudioDevelopment/OTTO/JUCE/modules/juce_audio_plugin_client/juce_audio_plugin_client.h:63:
In file included from /Users/larryseyer/AudioDevelopment/OTTO/JUCE/modules/juce_gui_basics/juce_gui_basics.h:68:
In file included from /Users/larryseyer/AudioDevelopment/OTTO/JUCE/modules/juce_graphics/juce_graphics.h:67:
In file included from /Users/larryseyer/AudioDevelopment/OTTO/JUCE/modules/juce_core/juce_core.h:342:
/Users/larryseyer/AudioDevelopment/OTTO/JUCE/modules/juce_core/threads/juce_Process.h:122:8: warning: 'JUCE_WINDOWS' is not defined, evaluates to 0 [-Wundef]
  122 |    #if JUCE_WINDOWS || DOXYGEN
      |        ^
/Users/larryseyer/AudioDevelopment/OTTO/JUCE/modules/juce_core/threads/juce_Process.h:122:24: warning: 'DOXYGEN' is not defined, evaluates to 0 [-Wundef]
  122 |    #if JUCE_WINDOWS || DOXYGEN
      |                        ^
In file included from /Users/larryseyer/AudioDevelopment/OTTO/Source/UtilityComponents.cpp:1:
In file included from /Users/larryseyer/AudioDevelopment/OTTO/Source/UtilityComponents.h:3:
In file included from /Users/larryseyer/AudioDevelopment/OTTO/Builds/MacOSX/CMake-Release/OTTO_artefacts/JuceLibraryCode/JuceHeader.h:14:
In file included from /Users/larryseyer/AudioDevelopment/OTTO/JUCE/modules/juce_audio_plugin_client/juce_audio_plugin_client.h:63:
In file included from /Users/larryseyer/AudioDevelopment/OTTO/JUCE/modules/juce_gui_basics/juce_gui_basics.h:68:
In file included from /Users/larryseyer/AudioDevelopment/OTTO/JUCE/modules/juce_graphics/juce_graphics.h:67:
In file included from /Users/larryseyer/AudioDevelopment/OTTO/JUCE/modules/juce_core/juce_core.h:345:
/Users/larryseyer/AudioDevelopment/OTTO/JUCE/modules/juce_core/threads/juce_Thread.h:526:8: warning: 'JUCE_ANDROID' is not defined, evaluates to 0 [-Wundef]
  526 |    #if JUCE_ANDROID || DOXYGEN
      |        ^
/Users/larryseyer/AudioDevelopment/OTTO/JUCE/modules/juce_core/threads/juce_Thread.h:526:24: warning: 'DOXYGEN' is not defined, evaluates to 0 [-Wundef]
  526 |    #if JUCE_ANDROID || DOXYGEN
      |                        ^
/Users/larryseyer/AudioDevelopment/OTTO/JUCE/modules/juce_core/threads/juce_Thread.h:607:8: warning: 'JUCE_ANDROID' is not defined, evaluates to 0 [-Wundef]
  607 |    #if JUCE_ANDROID || JUCE_LINUX || JUCE_BSD
      |        ^
/Users/larryseyer/AudioDevelopment/OTTO/JUCE/modules/juce_core/threads/juce_Thread.h:607:24: warning: 'JUCE_LINUX' is not defined, evaluates to 0 [-Wundef]
  607 |    #if JUCE_ANDROID || JUCE_LINUX || JUCE_BSD
      |                        ^
/Users/larryseyer/AudioDevelopment/OTTO/JUCE/modules/juce_core/threads/juce_Thread.h:607:38: warning: 'JUCE_BSD' is not defined, evaluates to 0 [-Wundef]
  607 |    #if JUCE_ANDROID || JUCE_LINUX || JUCE_BSD
      |                                      ^
In file included from /Users/larryseyer/AudioDevelopment/OTTO/Source/UtilityComponents.cpp:1:
In file included from /Users/larryseyer/AudioDevelopment/OTTO/Source/UtilityComponents.h:3:
In file included from /Users/larryseyer/AudioDevelopment/OTTO/Builds/MacOSX/CMake-Release/OTTO_artefacts/JuceLibraryCode/JuceHeader.h:14:
In file included from /Users/larryseyer/AudioDevelopment/OTTO/JUCE/modules/juce_audio_plugin_client/juce_audio_plugin_client.h:63:
In file included from /Users/larryseyer/AudioDevelopment/OTTO/JUCE/modules/juce_gui_basics/juce_gui_basics.h:68:
In file included from /Users/larryseyer/AudioDevelopment/OTTO/JUCE/modules/juce_graphics/juce_graphics.h:67:
In file included from /Users/larryseyer/AudioDevelopment/OTTO/JUCE/modules/juce_core/juce_core.h:357:
/Users/larryseyer/AudioDevelopment/OTTO/JUCE/modules/juce_core/network/juce_URL.h:567:12: warning: 'JUCE_IOS' is not defined, evaluates to 0 [-Wundef]
  567 |        #if JUCE_IOS
      |            ^
/Users/larryseyer/AudioDevelopment/OTTO/JUCE/modules/juce_core/network/juce_URL.h:708:8: warning: 'JUCE_IOS' is not defined, evaluates to 0 [-Wundef]
  708 |    #if JUCE_IOS
      |        ^
In file included from /Users/larryseyer/AudioDevelopment/OTTO/Source/UtilityComponents.cpp:1:
In file included from /Users/larryseyer/AudioDevelopment/OTTO/Source/UtilityComponents.h:3:
In file included from /Users/larryseyer/AudioDevelopment/OTTO/Builds/MacOSX/CMake-Release/OTTO_artefacts/JuceLibraryCode/JuceHeader.h:14:
In file included from /Users/larryseyer/AudioDevelopment/OTTO/JUCE/modules/juce_audio_plugin_client/juce_audio_plugin_client.h:63:
In file included from /Users/larryseyer/AudioDevelopment/OTTO/JUCE/modules/juce_gui_basics/juce_gui_basics.h:68:
In file included from /Users/larryseyer/AudioDevelopment/OTTO/JUCE/modules/juce_graphics/juce_graphics.h:67:
In file included from /Users/larryseyer/AudioDevelopment/OTTO/JUCE/modules/juce_core/juce_core.h:366:
/Users/larryseyer/AudioDevelopment/OTTO/JUCE/modules/juce_core/zip/juce_ZipFile.h:280:8: warning: 'JUCE_DEBUG' is not defined, evaluates to 0 [-Wundef]
  280 |    #if JUCE_DEBUG
      |        ^
In file included from /Users/larryseyer/AudioDevelopment/OTTO/Source/UtilityComponents.cpp:1:
In file included from /Users/larryseyer/AudioDevelopment/OTTO/Source/UtilityComponents.h:3:
In file included from /Users/larryseyer/AudioDevelopment/OTTO/Builds/MacOSX/CMake-Release/OTTO_artefacts/JuceLibraryCode/JuceHeader.h:14:
In file included from /Users/larryseyer/AudioDevelopment/OTTO/JUCE/modules/juce_audio_plugin_client/juce_audio_plugin_client.h:63:
In file included from /Users/larryseyer/AudioDevelopment/OTTO/JUCE/modules/juce_gui_basics/juce_gui_basics.h:68:
In file included from /Users/larryseyer/AudioDevelopment/OTTO/JUCE/modules/juce_graphics/juce_graphics.h:67:
/Users/larryseyer/AudioDevelopment/OTTO/JUCE/modules/juce_core/juce_core.h:378:5: warning: 'JUCE_CORE_INCLUDE_OBJC_HELPERS' is not defined, evaluates to 0 [-Wundef]
  378 | #if JUCE_CORE_INCLUDE_OBJC_HELPERS && (JUCE_MAC || JUCE_IOS)
      |     ^
/Users/larryseyer/AudioDevelopment/OTTO/JUCE/modules/juce_core/juce_core.h:383:5: warning: 'JUCE_CORE_INCLUDE_COM_SMART_PTR' is not defined, evaluates to 0 [-Wundef]
  383 | #if JUCE_CORE_INCLUDE_COM_SMART_PTR && JUCE_WINDOWS
      |     ^
/Users/larryseyer/AudioDevelopment/OTTO/JUCE/modules/juce_core/juce_core.h:387:5: warning: 'JUCE_CORE_INCLUDE_JNI_HELPERS' is not defined, evaluates to 0 [-Wundef]
  387 | #if JUCE_CORE_INCLUDE_JNI_HELPERS && JUCE_ANDROID
      |     ^
/Users/larryseyer/AudioDevelopment/OTTO/JUCE/modules/juce_core/juce_core.h:392:5: warning: 'JUCE_UNIT_TESTS' is not defined, evaluates to 0 [-Wundef]
  392 | #if JUCE_UNIT_TESTS
      |     ^
/Users/larryseyer/AudioDevelopment/OTTO/JUCE/modules/juce_core/juce_core.h:407:6: warning: 'JUCE_DEBUG' is not defined, evaluates to 0 [-Wundef]
  407 |  #if JUCE_DEBUG
      |      ^
In file included from /Users/larryseyer/AudioDevelopment/OTTO/Source/UtilityComponents.cpp:1:
In file included from /Users/larryseyer/AudioDevelopment/OTTO/Source/UtilityComponents.h:3:
In file included from /Users/larryseyer/AudioDevelopment/OTTO/Builds/MacOSX/CMake-Release/OTTO_artefacts/JuceLibraryCode/JuceHeader.h:14:
In file included from /Users/larryseyer/AudioDevelopment/OTTO/JUCE/modules/juce_audio_plugin_client/juce_audio_plugin_client.h:63:
In file included from /Users/larryseyer/AudioDevelopment/OTTO/JUCE/modules/juce_gui_basics/juce_gui_basics.h:68:
In file included from /Users/larryseyer/AudioDevelopment/OTTO/JUCE/modules/juce_graphics/juce_graphics.h:68:
/Users/larryseyer/AudioDevelopment/OTTO/JUCE/modules/juce_events/juce_events.h:75:5: warning: 'JUCE_WINDOWS' is not defined, evaluates to 0 [-Wundef]
   75 | #if JUCE_WINDOWS && JUCE_EVENTS_INCLUDE_WINRT_WRAPPER
      |     ^
In file included from /Users/larryseyer/AudioDevelopment/OTTO/Source/UtilityComponents.cpp:1:
In file included from /Users/larryseyer/AudioDevelopment/OTTO/Source/UtilityComponents.h:3:
In file included from /Users/larryseyer/AudioDevelopment/OTTO/Builds/MacOSX/CMake-Release/OTTO_artefacts/JuceLibraryCode/JuceHeader.h:14:
In file included from /Users/larryseyer/AudioDevelopment/OTTO/JUCE/modules/juce_audio_plugin_client/juce_audio_plugin_client.h:63:
In file included from /Users/larryseyer/AudioDevelopment/OTTO/JUCE/modules/juce_gui_basics/juce_gui_basics.h:68:
In file included from /Users/larryseyer/AudioDevelopment/OTTO/JUCE/modules/juce_graphics/juce_graphics.h:68:
In file included from /Users/larryseyer/AudioDevelopment/OTTO/JUCE/modules/juce_events/juce_events.h:91:
/Users/larryseyer/AudioDevelopment/OTTO/JUCE/modules/juce_events/messages/juce_ApplicationBase.h:300:8: warning: 'JUCE_IOS' is not defined, evaluates to 0 [-Wundef]
  300 |    #if JUCE_IOS
      |        ^
/Users/larryseyer/AudioDevelopment/OTTO/JUCE/modules/juce_events/messages/juce_ApplicationBase.h:324:40: warning: 'DOXYGEN' is not defined, evaluates to 0 [-Wundef]
  324 | #if JUCE_CATCH_UNHANDLED_EXCEPTIONS || DOXYGEN
      |                                        ^
In file included from /Users/larryseyer/AudioDevelopment/OTTO/Source/UtilityComponents.cpp:1:
In file included from /Users/larryseyer/AudioDevelopment/OTTO/Source/UtilityComponents.h:3:
In file included from /Users/larryseyer/AudioDevelopment/OTTO/Builds/MacOSX/CMake-Release/OTTO_artefacts/JuceLibraryCode/JuceHeader.h:14:
In file included from /Users/larryseyer/AudioDevelopment/OTTO/JUCE/modules/juce_audio_plugin_client/juce_audio_plugin_client.h:63:
In file included from /Users/larryseyer/AudioDevelopment/OTTO/JUCE/modules/juce_gui_basics/juce_gui_basics.h:68:
In file included from /Users/larryseyer/AudioDevelopment/OTTO/JUCE/modules/juce_graphics/juce_graphics.h:68:
In file included from /Users/larryseyer/AudioDevelopment/OTTO/JUCE/modules/juce_events/juce_events.h:92:
/Users/larryseyer/AudioDevelopment/OTTO/JUCE/modules/juce_events/messages/juce_Initialisation.h:102:5: warning: 'DOXYGEN' is not defined, evaluates to 0 [-Wundef]
  102 | #if DOXYGEN
      |     ^
/Users/larryseyer/AudioDevelopment/OTTO/JUCE/modules/juce_events/messages/juce_Initialisation.h:105:6: warning: 'JUCE_WINDOWS' is not defined, evaluates to 0 [-Wundef]
  105 |  #if JUCE_WINDOWS && ! defined (_CONSOLE)
      |      ^
/Users/larryseyer/AudioDevelopment/OTTO/JUCE/modules/juce_events/messages/juce_Initialisation.h:116:6: warning: 'JUCE_IOS' is not defined, evaluates to 0 [-Wundef]
  116 |  #if JUCE_IOS
      |      ^
/Users/larryseyer/AudioDevelopment/OTTO/JUCE/modules/juce_events/messages/juce_Initialisation.h:138:8: warning: 'JUCE_ANDROID' is not defined, evaluates to 0 [-Wundef]
  138 |  #elif JUCE_ANDROID
      |        ^
/Users/larryseyer/AudioDevelopment/OTTO/JUCE/modules/juce_events/messages/juce_Initialisation.h:161:7: warning: 'JUCE_USE_CUSTOM_PLUGIN_STANDALONE_APP' is not defined, evaluates to 0 [-Wundef]
  161 |   #if JUCE_USE_CUSTOM_PLUGIN_STANDALONE_APP
      |       ^
/Users/larryseyer/AudioDevelopment/OTTO/JUCE/modules/juce_events/messages/juce_Initialisation.h:168:8: warning: 'JUCE_IOS' is not defined, evaluates to 0 [-Wundef]
  168 |    #if JUCE_IOS
      |        ^
In file included from /Users/larryseyer/AudioDevelopment/OTTO/Source/UtilityComponents.cpp:1:
In file included from /Users/larryseyer/AudioDevelopment/OTTO/Source/UtilityComponents.h:3:
In file included from /Users/larryseyer/AudioDevelopment/OTTO/Builds/MacOSX/CMake-Release/OTTO_artefacts/JuceLibraryCode/JuceHeader.h:14:
In file included from /Users/larryseyer/AudioDevelopment/OTTO/JUCE/modules/juce_audio_plugin_client/juce_audio_plugin_client.h:63:
In file included from /Users/larryseyer/AudioDevelopment/OTTO/JUCE/modules/juce_gui_basics/juce_gui_basics.h:68:
In file included from /Users/larryseyer/AudioDevelopment/OTTO/JUCE/modules/juce_graphics/juce_graphics.h:68:
/Users/larryseyer/AudioDevelopment/OTTO/JUCE/modules/juce_events/juce_events.h:110:5: warning: 'JUCE_LINUX' is not defined, evaluates to 0 [-Wundef]
  110 | #if JUCE_LINUX || JUCE_BSD
      |     ^
/Users/larryseyer/AudioDevelopment/OTTO/JUCE/modules/juce_events/juce_events.h:110:19: warning: 'JUCE_BSD' is not defined, evaluates to 0 [-Wundef]
  110 | #if JUCE_LINUX || JUCE_BSD
      |                   ^
/Users/larryseyer/AudioDevelopment/OTTO/JUCE/modules/juce_events/juce_events.h:114:5: warning: 'JUCE_WINDOWS' is not defined, evaluates to 0 [-Wundef]
  114 | #if JUCE_WINDOWS
      |     ^
In file included from /Users/larryseyer/AudioDevelopment/OTTO/Source/UtilityComponents.cpp:1:
In file included from /Users/larryseyer/AudioDevelopment/OTTO/Source/UtilityComponents.h:3:
In file included from /Users/larryseyer/AudioDevelopment/OTTO/Builds/MacOSX/CMake-Release/OTTO_artefacts/JuceLibraryCode/JuceHeader.h:14:
In file included from /Users/larryseyer/AudioDevelopment/OTTO/JUCE/modules/juce_audio_plugin_client/juce_audio_plugin_client.h:63:
In file included from /Users/larryseyer/AudioDevelopment/OTTO/JUCE/modules/juce_gui_basics/juce_gui_basics.h:68:
In file included from /Users/larryseyer/AudioDevelopment/OTTO/JUCE/modules/juce_graphics/juce_graphics.h:122:
/Users/larryseyer/AudioDevelopment/OTTO/JUCE/modules/juce_graphics/colour/juce_PixelFormats.h:39:5: warning: 'JUCE_MSVC' is not defined, evaluates to 0 [-Wundef]
   39 | #if JUCE_MSVC
      |     ^
/Users/larryseyer/AudioDevelopment/OTTO/JUCE/modules/juce_graphics/colour/juce_PixelFormats.h:89:12: warning: 'JUCE_ANDROID' is not defined, evaluates to 0 [-Wundef]
   89 |        #if JUCE_ANDROID
      |            ^
/Users/larryseyer/AudioDevelopment/OTTO/JUCE/modules/juce_graphics/colour/juce_PixelFormats.h:100:12: warning: 'JUCE_BIG_ENDIAN' is not defined, evaluates to 0 [-Wundef]
  100 |        #if JUCE_BIG_ENDIAN
      |            ^
/Users/larryseyer/AudioDevelopment/OTTO/JUCE/modules/juce_graphics/colour/juce_PixelFormats.h:301:7: warning: 'JUCE_ANDROID' is not defined, evaluates to 0 [-Wundef]
  301 |   #if JUCE_ANDROID
      |       ^
/Users/larryseyer/AudioDevelopment/OTTO/JUCE/modules/juce_graphics/colour/juce_PixelFormats.h:308:8: warning: 'JUCE_BIG_ENDIAN' is not defined, evaluates to 0 [-Wundef]
  308 |    #if JUCE_BIG_ENDIAN
      |        ^
/Users/larryseyer/AudioDevelopment/OTTO/JUCE/modules/juce_graphics/colour/juce_PixelFormats.h:325:11: warning: 'JUCE_ANDROID' is not defined, evaluates to 0 [-Wundef]
  325 |       #if JUCE_ANDROID
      |           ^
/Users/larryseyer/AudioDevelopment/OTTO/JUCE/modules/juce_graphics/colour/juce_PixelFormats.h:332:12: warning: 'JUCE_BIG_ENDIAN' is not defined, evaluates to 0 [-Wundef]
  332 |        #if JUCE_BIG_ENDIAN
      |            ^
/Users/larryseyer/AudioDevelopment/OTTO/JUCE/modules/juce_graphics/colour/juce_PixelFormats.h:375:12: warning: 'JUCE_ANDROID' is not defined, evaluates to 0 [-Wundef]
  375 |        #if JUCE_ANDROID
      |            ^
/Users/larryseyer/AudioDevelopment/OTTO/JUCE/modules/juce_graphics/colour/juce_PixelFormats.h:386:12: warning: 'JUCE_ANDROID' is not defined, evaluates to 0 [-Wundef]
  386 |        #if JUCE_ANDROID
      |            ^
/Users/larryseyer/AudioDevelopment/OTTO/JUCE/modules/juce_graphics/colour/juce_PixelFormats.h:397:12: warning: 'JUCE_BIG_ENDIAN' is not defined, evaluates to 0 [-Wundef]
  397 |        #if JUCE_BIG_ENDIAN
      |            ^
/Users/larryseyer/AudioDevelopment/OTTO/JUCE/modules/juce_graphics/colour/juce_PixelFormats.h:411:12: warning: 'JUCE_ANDROID' is not defined, evaluates to 0 [-Wundef]
  411 |        #if JUCE_ANDROID
      |            ^
/Users/larryseyer/AudioDevelopment/OTTO/JUCE/modules/juce_graphics/colour/juce_PixelFormats.h:472:12: warning: 'JUCE_ANDROID' is not defined, evaluates to 0 [-Wundef]
  472 |        #if JUCE_ANDROID
      |            ^
/Users/larryseyer/AudioDevelopment/OTTO/JUCE/modules/juce_graphics/colour/juce_PixelFormats.h:504:12: warning: 'JUCE_ANDROID' is not defined, evaluates to 0 [-Wundef]
  504 |        #if JUCE_ANDROID
      |            ^
/Users/larryseyer/AudioDevelopment/OTTO/JUCE/modules/juce_graphics/colour/juce_PixelFormats.h:527:12: warning: 'JUCE_ANDROID' is not defined, evaluates to 0 [-Wundef]
  527 |        #if JUCE_ANDROID
      |            ^
/Users/larryseyer/AudioDevelopment/OTTO/JUCE/modules/juce_graphics/colour/juce_PixelFormats.h:569:11: warning: 'JUCE_ANDROID' is not defined, evaluates to 0 [-Wundef]
  569 |       #if JUCE_ANDROID
      |           ^
/Users/larryseyer/AudioDevelopment/OTTO/JUCE/modules/juce_graphics/colour/juce_PixelFormats.h:745:5: warning: 'JUCE_MSVC' is not defined, evaluates to 0 [-Wundef]
  745 | #if JUCE_MSVC
      |     ^
In file included from /Users/larryseyer/AudioDevelopment/OTTO/Source/UtilityComponents.cpp:1:
In file included from /Users/larryseyer/AudioDevelopment/OTTO/Source/UtilityComponents.h:3:
In file included from /Users/larryseyer/AudioDevelopment/OTTO/Builds/MacOSX/CMake-Release/OTTO_artefacts/JuceLibraryCode/JuceHeader.h:14:
In file included from /Users/larryseyer/AudioDevelopment/OTTO/JUCE/modules/juce_audio_plugin_client/juce_audio_plugin_client.h:63:
In file included from /Users/larryseyer/AudioDevelopment/OTTO/JUCE/modules/juce_gui_basics/juce_gui_basics.h:68:
In file included from /Users/larryseyer/AudioDevelopment/OTTO/JUCE/modules/juce_graphics/juce_graphics.h:141:
/Users/larryseyer/AudioDevelopment/OTTO/JUCE/modules/juce_graphics/detail/juce_Ranges.h:114:12: warning: 'JUCE_DEBUG' is not defined, evaluates to 0 [-Wundef]
  114 |        #if JUCE_DEBUG
      |            ^
In file included from /Users/larryseyer/AudioDevelopment/OTTO/Source/UtilityComponents.cpp:1:
In file included from /Users/larryseyer/AudioDevelopment/OTTO/Source/UtilityComponents.h:3:
In file included from /Users/larryseyer/AudioDevelopment/OTTO/Builds/MacOSX/CMake-Release/OTTO_artefacts/JuceLibraryCode/JuceHeader.h:14:
In file included from /Users/larryseyer/AudioDevelopment/OTTO/JUCE/modules/juce_audio_plugin_client/juce_audio_plugin_client.h:63:
In file included from /Users/larryseyer/AudioDevelopment/OTTO/JUCE/modules/juce_gui_basics/juce_gui_basics.h:68:
In file included from /Users/larryseyer/AudioDevelopment/OTTO/JUCE/modules/juce_graphics/juce_graphics.h:150:
/Users/larryseyer/AudioDevelopment/OTTO/JUCE/modules/juce_graphics/native/juce_RenderingHelpers.h:389:30: warning: implicit conversion increases floating-point precision: 'float' to 'double' [-Wdouble-promotion]
  389 |                 grad = (p2.y - p1.y) / (double) (p1.x - p2.x);
      |                         ~~~~~^~~~~~  ~
/Users/larryseyer/AudioDevelopment/OTTO/JUCE/modules/juce_graphics/native/juce_RenderingHelpers.h:390:36: warning: implicit conversion increases floating-point precision: 'float' to 'double' [-Wdouble-promotion]
  390 |                 yTerm = p1.y - (p1.x / grad);
      |                                 ~~~^ ~
/Users/larryseyer/AudioDevelopment/OTTO/JUCE/modules/juce_graphics/native/juce_RenderingHelpers.h:390:28: warning: implicit conversion increases floating-point precision: 'float' to 'double' [-Wdouble-promotion]
  390 |                 yTerm = p1.y - (p1.x / grad);
      |                         ~~~^ ~
/Users/larryseyer/AudioDevelopment/OTTO/JUCE/modules/juce_graphics/native/juce_RenderingHelpers.h:391:127: warning: implicit conversion increases floating-point precision: 'float' to 'double' [-Wdouble-promotion]
  391 |                 scale = roundToInt ((double) ((int64_t) numEntries << (int) numScaleBits) / (yTerm * grad - (p2.y * grad - p2.x)));
      |                                                                                                                          ~ ~~~^
/Users/larryseyer/AudioDevelopment/OTTO/JUCE/modules/juce_graphics/native/juce_RenderingHelpers.h:391:113: warning: implicit conversion increases floating-point precision: 'float' to 'double' [-Wdouble-promotion]
  391 |                 scale = roundToInt ((double) ((int64_t) numEntries << (int) numScaleBits) / (yTerm * grad - (p2.y * grad - p2.x)));
      |                                                                                                              ~~~^ ~
/Users/larryseyer/AudioDevelopment/OTTO/JUCE/modules/juce_graphics/native/juce_RenderingHelpers.h:429:36: warning: implicit conversion increases floating-point precision: 'const float' to 'const double' [-Wdouble-promotion]
  429 |               gx1 (gradient.point1.x),
      |                   ~~~~~~~~~~~~~~~~~^
/Users/larryseyer/AudioDevelopment/OTTO/JUCE/modules/juce_graphics/native/juce_RenderingHelpers.h:430:36: warning: implicit conversion increases floating-point precision: 'const float' to 'const double' [-Wdouble-promotion]
  430 |               gy1 (gradient.point1.y)
      |                   ~~~~~~~~~~~~~~~~~^
/Users/larryseyer/AudioDevelopment/OTTO/JUCE/modules/juce_graphics/native/juce_RenderingHelpers.h:434:39: warning: implicit conversion increases floating-point precision: 'float' to 'double' [-Wdouble-promotion]
  434 |             maxDist = diff.x * diff.x + diff.y * diff.y;
      |                     ~ ~~~~~~~~~~~~~~~~^~~~~~~~~~~~~~~~~
/Users/larryseyer/AudioDevelopment/OTTO/JUCE/modules/juce_graphics/native/juce_RenderingHelpers.h:471:37: warning: implicit conversion increases floating-point precision: 'const float' to 'double' [-Wdouble-promotion]
  471 |             tM10 = inverseTransform.mat10;
      |                  ~ ~~~~~~~~~~~~~~~~~^~~~~
/Users/larryseyer/AudioDevelopment/OTTO/JUCE/modules/juce_graphics/native/juce_RenderingHelpers.h:472:37: warning: implicit conversion increases floating-point precision: 'const float' to 'double' [-Wdouble-promotion]
  472 |             tM00 = inverseTransform.mat00;
      |                  ~ ~~~~~~~~~~~~~~~~~^~~~~
/Users/larryseyer/AudioDevelopment/OTTO/JUCE/modules/juce_graphics/native/juce_RenderingHelpers.h:478:56: warning: implicit conversion increases floating-point precision: 'float' to 'double' [-Wdouble-promotion]
  478 |             lineYM01 = inverseTransform.mat01 * floatY + inverseTransform.mat02 - gx1;
      |                        ~~~~~~~~~~~~~~~~~~~~~~~~~~~~~~~~^~~~~~~~~~~~~~~~~~~~~~~~ ~
/Users/larryseyer/AudioDevelopment/OTTO/JUCE/modules/juce_graphics/native/juce_RenderingHelpers.h:479:56: warning: implicit conversion increases floating-point precision: 'float' to 'double' [-Wdouble-promotion]
  479 |             lineYM11 = inverseTransform.mat11 * floatY + inverseTransform.mat12 - gy1;
      |                        ~~~~~~~~~~~~~~~~~~~~~~~~~~~~~~~~^~~~~~~~~~~~~~~~~~~~~~~~ ~
In file included from /Users/larryseyer/AudioDevelopment/OTTO/Source/UtilityComponents.cpp:1:
In file included from /Users/larryseyer/AudioDevelopment/OTTO/Source/UtilityComponents.h:3:
In file included from /Users/larryseyer/AudioDevelopment/OTTO/Builds/MacOSX/CMake-Release/OTTO_artefacts/JuceLibraryCode/JuceHeader.h:14:
In file included from /Users/larryseyer/AudioDevelopment/OTTO/JUCE/modules/juce_audio_plugin_client/juce_audio_plugin_client.h:63:
In file included from /Users/larryseyer/AudioDevelopment/OTTO/JUCE/modules/juce_gui_basics/juce_gui_basics.h:68:
/Users/larryseyer/AudioDevelopment/OTTO/JUCE/modules/juce_graphics/juce_graphics.h:157:5: warning: 'JUCE_GRAPHICS_INCLUDE_COREGRAPHICS_HELPERS' is not defined, evaluates to 0 [-Wundef]
  157 | #if JUCE_GRAPHICS_INCLUDE_COREGRAPHICS_HELPERS && (JUCE_MAC || JUCE_IOS)
      |     ^
In file included from /Users/larryseyer/AudioDevelopment/OTTO/Source/UtilityComponents.cpp:1:
In file included from /Users/larryseyer/AudioDevelopment/OTTO/Source/UtilityComponents.h:3:
In file included from /Users/larryseyer/AudioDevelopment/OTTO/Builds/MacOSX/CMake-Release/OTTO_artefacts/JuceLibraryCode/JuceHeader.h:14:
In file included from /Users/larryseyer/AudioDevelopment/OTTO/JUCE/modules/juce_audio_plugin_client/juce_audio_plugin_client.h:63:
In file included from /Users/larryseyer/AudioDevelopment/OTTO/JUCE/modules/juce_gui_basics/juce_gui_basics.h:205:
/Users/larryseyer/AudioDevelopment/OTTO/JUCE/modules/juce_gui_basics/components/juce_Component.h:2701:12: warning: 'JUCE_DEBUG' is not defined, evaluates to 0 [-Wundef]
 2701 |        #if JUCE_DEBUG
      |            ^
In file included from /Users/larryseyer/AudioDevelopment/OTTO/Source/UtilityComponents.cpp:1:
In file included from /Users/larryseyer/AudioDevelopment/OTTO/Source/UtilityComponents.h:3:
In file included from /Users/larryseyer/AudioDevelopment/OTTO/Builds/MacOSX/CMake-Release/OTTO_artefacts/JuceLibraryCode/JuceHeader.h:14:
In file included from /Users/larryseyer/AudioDevelopment/OTTO/JUCE/modules/juce_audio_plugin_client/juce_audio_plugin_client.h:63:
In file included from /Users/larryseyer/AudioDevelopment/OTTO/JUCE/modules/juce_gui_basics/juce_gui_basics.h:239:
/Users/larryseyer/AudioDevelopment/OTTO/JUCE/modules/juce_gui_basics/layout/juce_ComponentBuilder.h:243:8: warning: 'JUCE_DEBUG' is not defined, evaluates to 0 [-Wundef]
  243 |    #if JUCE_DEBUG
      |        ^
In file included from /Users/larryseyer/AudioDevelopment/OTTO/Source/UtilityComponents.cpp:1:
In file included from /Users/larryseyer/AudioDevelopment/OTTO/Source/UtilityComponents.h:3:
In file included from /Users/larryseyer/AudioDevelopment/OTTO/Builds/MacOSX/CMake-Release/OTTO_artefacts/JuceLibraryCode/JuceHeader.h:14:
In file included from /Users/larryseyer/AudioDevelopment/OTTO/JUCE/modules/juce_audio_plugin_client/juce_audio_plugin_client.h:63:
In file included from /Users/larryseyer/AudioDevelopment/OTTO/JUCE/modules/juce_gui_basics/juce_gui_basics.h:283:
/Users/larryseyer/AudioDevelopment/OTTO/JUCE/modules/juce_gui_basics/widgets/juce_ListBox.h:182:10: warning: 'JUCE_DISABLE_ASSERTIONS' is not defined, evaluates to 0 [-Wundef]
  182 |    #if ! JUCE_DISABLE_ASSERTIONS
      |          ^
/Users/larryseyer/AudioDevelopment/OTTO/JUCE/modules/juce_gui_basics/widgets/juce_ListBox.h:235:14: warning: 'JUCE_DISABLE_ASSERTIONS' is not defined, evaluates to 0 [-Wundef]
  235 |        #if ! JUCE_DISABLE_ASSERTIONS
      |              ^
/Users/larryseyer/AudioDevelopment/OTTO/JUCE/modules/juce_gui_basics/widgets/juce_ListBox.h:643:10: warning: 'JUCE_DISABLE_ASSERTIONS' is not defined, evaluates to 0 [-Wundef]
  643 |    #if ! JUCE_DISABLE_ASSERTIONS
      |          ^
In file included from /Users/larryseyer/AudioDevelopment/OTTO/Source/UtilityComponents.cpp:1:
In file included from /Users/larryseyer/AudioDevelopment/OTTO/Source/UtilityComponents.h:3:
In file included from /Users/larryseyer/AudioDevelopment/OTTO/Builds/MacOSX/CMake-Release/OTTO_artefacts/JuceLibraryCode/JuceHeader.h:14:
In file included from /Users/larryseyer/AudioDevelopment/OTTO/JUCE/modules/juce_audio_plugin_client/juce_audio_plugin_client.h:63:
In file included from /Users/larryseyer/AudioDevelopment/OTTO/JUCE/modules/juce_gui_basics/juce_gui_basics.h:302:
/Users/larryseyer/AudioDevelopment/OTTO/JUCE/modules/juce_gui_basics/windows/juce_ComponentPeer.h:310:8: warning: 'JUCE_LINUX' is not defined, evaluates to 0 [-Wundef]
  310 |    #if JUCE_LINUX || JUCE_BSD
      |        ^
/Users/larryseyer/AudioDevelopment/OTTO/JUCE/modules/juce_gui_basics/windows/juce_ComponentPeer.h:310:22: warning: 'JUCE_BSD' is not defined, evaluates to 0 [-Wundef]
  310 |    #if JUCE_LINUX || JUCE_BSD
      |                      ^
In file included from /Users/larryseyer/AudioDevelopment/OTTO/Source/UtilityComponents.cpp:1:
In file included from /Users/larryseyer/AudioDevelopment/OTTO/Source/UtilityComponents.h:3:
In file included from /Users/larryseyer/AudioDevelopment/OTTO/Builds/MacOSX/CMake-Release/OTTO_artefacts/JuceLibraryCode/JuceHeader.h:14:
In file included from /Users/larryseyer/AudioDevelopment/OTTO/JUCE/modules/juce_audio_plugin_client/juce_audio_plugin_client.h:63:
In file included from /Users/larryseyer/AudioDevelopment/OTTO/JUCE/modules/juce_gui_basics/juce_gui_basics.h:303:
/Users/larryseyer/AudioDevelopment/OTTO/JUCE/modules/juce_gui_basics/windows/juce_ResizableWindow.h:376:8: warning: 'JUCE_DEBUG' is not defined, evaluates to 0 [-Wundef]
  376 |    #if JUCE_DEBUG
      |        ^
/Users/larryseyer/AudioDevelopment/OTTO/JUCE/modules/juce_gui_basics/windows/juce_ResizableWindow.h:414:8: warning: 'JUCE_DEBUG' is not defined, evaluates to 0 [-Wundef]
  414 |    #if JUCE_DEBUG
      |        ^
In file included from /Users/larryseyer/AudioDevelopment/OTTO/Source/UtilityComponents.cpp:1:
In file included from /Users/larryseyer/AudioDevelopment/OTTO/Source/UtilityComponents.h:3:
In file included from /Users/larryseyer/AudioDevelopment/OTTO/Builds/MacOSX/CMake-Release/OTTO_artefacts/JuceLibraryCode/JuceHeader.h:14:
In file included from /Users/larryseyer/AudioDevelopment/OTTO/JUCE/modules/juce_audio_plugin_client/juce_audio_plugin_client.h:63:
In file included from /Users/larryseyer/AudioDevelopment/OTTO/JUCE/modules/juce_gui_basics/juce_gui_basics.h:335:
/Users/larryseyer/AudioDevelopment/OTTO/JUCE/modules/juce_gui_basics/application/juce_Application.h:125:8: warning: 'DOXYGEN' is not defined, evaluates to 0 [-Wundef]
  125 |    #if DOXYGEN
      |        ^
In file included from /Users/larryseyer/AudioDevelopment/OTTO/Source/UtilityComponents.cpp:1:
In file included from /Users/larryseyer/AudioDevelopment/OTTO/Source/UtilityComponents.h:3:
In file included from /Users/larryseyer/AudioDevelopment/OTTO/Builds/MacOSX/CMake-Release/OTTO_artefacts/JuceLibraryCode/JuceHeader.h:14:
In file included from /Users/larryseyer/AudioDevelopment/OTTO/JUCE/modules/juce_audio_plugin_client/juce_audio_plugin_client.h:63:
/Users/larryseyer/AudioDevelopment/OTTO/JUCE/modules/juce_gui_basics/juce_gui_basics.h:344:5: warning: 'JUCE_LINUX' is not defined, evaluates to 0 [-Wundef]
  344 | #if JUCE_LINUX || JUCE_BSD
      |     ^
/Users/larryseyer/AudioDevelopment/OTTO/JUCE/modules/juce_gui_basics/juce_gui_basics.h:344:19: warning: 'JUCE_BSD' is not defined, evaluates to 0 [-Wundef]
  344 | #if JUCE_LINUX || JUCE_BSD
      |                   ^
/Users/larryseyer/AudioDevelopment/OTTO/JUCE/modules/juce_gui_basics/juce_gui_basics.h:394:5: warning: 'JUCE_GUI_BASICS_INCLUDE_SCOPED_THREAD_DPI_AWARENESS_SETTER' is not defined, evaluates to 0 [-Wundef]
  394 | #if JUCE_GUI_BASICS_INCLUDE_SCOPED_THREAD_DPI_AWARENESS_SETTER && JUCE_WINDOWS
      |     ^
In file included from /Users/larryseyer/AudioDevelopment/OTTO/Source/UtilityComponents.cpp:1:
In file included from /Users/larryseyer/AudioDevelopment/OTTO/Source/UtilityComponents.h:3:
In file included from /Users/larryseyer/AudioDevelopment/OTTO/Builds/MacOSX/CMake-Release/OTTO_artefacts/JuceLibraryCode/JuceHeader.h:14:
In file included from /Users/larryseyer/AudioDevelopment/OTTO/JUCE/modules/juce_audio_plugin_client/juce_audio_plugin_client.h:64:
/Users/larryseyer/AudioDevelopment/OTTO/JUCE/modules/juce_audio_basics/juce_audio_basics.h:77:7: warning: 'JUCE_INTEL' is not defined, evaluates to 0 [-Wundef]
   77 | #if ! JUCE_INTEL
      |       ^
/Users/larryseyer/AudioDevelopment/OTTO/JUCE/modules/juce_audio_basics/juce_audio_basics.h:81:24: warning: 'JUCE_USE_VDSP_FRAMEWORK' is not defined, evaluates to 0 [-Wundef]
   81 | #if __ARM_NEON__ && ! (JUCE_USE_VDSP_FRAMEWORK || defined (JUCE_USE_ARM_NEON))
      |                        ^
In file included from /Users/larryseyer/AudioDevelopment/OTTO/Source/UtilityComponents.cpp:1:
In file included from /Users/larryseyer/AudioDevelopment/OTTO/Source/UtilityComponents.h:3:
In file included from /Users/larryseyer/AudioDevelopment/OTTO/Builds/MacOSX/CMake-Release/OTTO_artefacts/JuceLibraryCode/JuceHeader.h:14:
In file included from /Users/larryseyer/AudioDevelopment/OTTO/JUCE/modules/juce_audio_plugin_client/juce_audio_plugin_client.h:64:
In file included from /Users/larryseyer/AudioDevelopment/OTTO/JUCE/modules/juce_audio_basics/juce_audio_basics.h:93:
/Users/larryseyer/AudioDevelopment/OTTO/JUCE/modules/juce_audio_basics/buffers/juce_AudioDataConverters.h:103:9: warning: 'JUCE_BIG_ENDIAN' is not defined, evaluates to 0 [-Wundef]
  103 |     #if JUCE_BIG_ENDIAN
      |         ^
/Users/larryseyer/AudioDevelopment/OTTO/JUCE/modules/juce_audio_basics/buffers/juce_AudioDataConverters.h:263:12: warning: 'JUCE_BIG_ENDIAN' is not defined, evaluates to 0 [-Wundef]
  263 |        #if JUCE_BIG_ENDIAN
      |            ^
/Users/larryseyer/AudioDevelopment/OTTO/JUCE/modules/juce_audio_basics/buffers/juce_AudioDataConverters.h:119:135: warning: implicit conversion increases floating-point precision: 'float' to 'double' [-Wdouble-promotion]
  119 |         inline void setAsFloatLE (float newValue) noexcept      { *data = (int8) jlimit ((int) -maxValue, (int) maxValue, roundToInt (newValue * (1.0 + (double) maxValue))); }
      |                                                                                                                                       ^~~~~~~~ ~
/Users/larryseyer/AudioDevelopment/OTTO/JUCE/modules/juce_audio_basics/buffers/juce_AudioDataConverters.h:144:117: warning: implicit conversion increases floating-point precision: 'float' to 'double' [-Wdouble-promotion]
  144 |         inline void setAsFloatLE (float newValue) noexcept      { *data = (uint8) jlimit (0, 255, 128 + roundToInt (newValue * (1.0 + (double) maxValue))); }
      |                                                                                                                     ^~~~~~~~ ~
/Users/larryseyer/AudioDevelopment/OTTO/JUCE/modules/juce_audio_basics/buffers/juce_AudioDataConverters.h:169:168: warning: implicit conversion increases floating-point precision: 'float' to 'double' [-Wdouble-promotion]
  169 |         inline void setAsFloatLE (float newValue) noexcept      { *data = ByteOrder::swapIfBigEndian    ((uint16) jlimit ((int) -maxValue, (int) maxValue, roundToInt (newValue * (1.0 + (double) maxValue)))); }
      |                                                                                                                                                                        ^~~~~~~~ ~
/Users/larryseyer/AudioDevelopment/OTTO/JUCE/modules/juce_audio_basics/buffers/juce_AudioDataConverters.h:170:168: warning: implicit conversion increases floating-point precision: 'float' to 'double' [-Wdouble-promotion]
  170 |         inline void setAsFloatBE (float newValue) noexcept      { *data = ByteOrder::swapIfLittleEndian ((uint16) jlimit ((int) -maxValue, (int) maxValue, roundToInt (newValue * (1.0 + (double) maxValue)))); }
      |                                                                                                                                                                        ^~~~~~~~ ~
/Users/larryseyer/AudioDevelopment/OTTO/JUCE/modules/juce_audio_basics/buffers/juce_AudioDataConverters.h:194:157: warning: implicit conversion increases floating-point precision: 'float' to 'double' [-Wdouble-promotion]
  194 |         inline void setAsFloatLE (float newValue) noexcept      { ByteOrder::littleEndian24BitToChars (jlimit ((int) -maxValue, (int) maxValue, roundToInt (newValue * (1.0 + (double) maxValue))), data); }
      |                                                                                                                                                             ^~~~~~~~ ~
/Users/larryseyer/AudioDevelopment/OTTO/JUCE/modules/juce_audio_basics/buffers/juce_AudioDataConverters.h:195:157: warning: implicit conversion increases floating-point precision: 'float' to 'double' [-Wdouble-promotion]
  195 |         inline void setAsFloatBE (float newValue) noexcept      { ByteOrder::bigEndian24BitToChars (jlimit    ((int) -maxValue, (int) maxValue, roundToInt (newValue * (1.0 + (double) maxValue))), data); }
      |                                                                                                                                                             ^~~~~~~~ ~
In file included from /Users/larryseyer/AudioDevelopment/OTTO/Source/UtilityComponents.cpp:1:
In file included from /Users/larryseyer/AudioDevelopment/OTTO/Source/UtilityComponents.h:3:
In file included from /Users/larryseyer/AudioDevelopment/OTTO/Builds/MacOSX/CMake-Release/OTTO_artefacts/JuceLibraryCode/JuceHeader.h:14:
In file included from /Users/larryseyer/AudioDevelopment/OTTO/JUCE/modules/juce_audio_plugin_client/juce_audio_plugin_client.h:64:
In file included from /Users/larryseyer/AudioDevelopment/OTTO/JUCE/modules/juce_audio_basics/juce_audio_basics.h:95:
/Users/larryseyer/AudioDevelopment/OTTO/JUCE/modules/juce_audio_basics/buffers/juce_FloatVectorOperations.h:39:6: warning: 'JUCE_INTEL' is not defined, evaluates to 0 [-Wundef]
   39 |  #if JUCE_INTEL
      |      ^
/Users/larryseyer/AudioDevelopment/OTTO/JUCE/modules/juce_audio_basics/buffers/juce_FloatVectorOperations.h:153:7: warning: 'DOXYGEN' is not defined, evaluates to 0 [-Wundef]
  153 | #if ! DOXYGEN
      |       ^
/Users/larryseyer/AudioDevelopment/OTTO/JUCE/modules/juce_audio_basics/buffers/juce_FloatVectorOperations.h:237:7: warning: 'JUCE_USE_SSE_INTRINSICS' is not defined, evaluates to 0 [-Wundef]
  237 |   #if JUCE_USE_SSE_INTRINSICS || (JUCE_USE_ARM_NEON || (JUCE_64BIT && JUCE_ARM))
      |       ^
In file included from /Users/larryseyer/AudioDevelopment/OTTO/Source/UtilityComponents.cpp:1:
In file included from /Users/larryseyer/AudioDevelopment/OTTO/Source/UtilityComponents.h:3:
In file included from /Users/larryseyer/AudioDevelopment/OTTO/Builds/MacOSX/CMake-Release/OTTO_artefacts/JuceLibraryCode/JuceHeader.h:14:
In file included from /Users/larryseyer/AudioDevelopment/OTTO/JUCE/modules/juce_audio_plugin_client/juce_audio_plugin_client.h:64:
In file included from /Users/larryseyer/AudioDevelopment/OTTO/JUCE/modules/juce_audio_basics/juce_audio_basics.h:97:
/Users/larryseyer/AudioDevelopment/OTTO/JUCE/modules/juce_audio_basics/buffers/juce_AudioSampleBuffer.h:1155:15: warning: 'JUCE_GCC' is not defined, evaluates to 0 [-Wundef]
 1155 |        #if (! JUCE_GCC || (__GNUC__ * 100 + __GNUC_MINOR__) >= 409)
      |               ^
In file included from /Users/larryseyer/AudioDevelopment/OTTO/Source/UtilityComponents.cpp:1:
In file included from /Users/larryseyer/AudioDevelopment/OTTO/Source/UtilityComponents.h:3:
In file included from /Users/larryseyer/AudioDevelopment/OTTO/Builds/MacOSX/CMake-Release/OTTO_artefacts/JuceLibraryCode/JuceHeader.h:14:
In file included from /Users/larryseyer/AudioDevelopment/OTTO/JUCE/modules/juce_audio_plugin_client/juce_audio_plugin_client.h:64:
In file included from /Users/larryseyer/AudioDevelopment/OTTO/JUCE/modules/juce_audio_basics/juce_audio_basics.h:104:
/Users/larryseyer/AudioDevelopment/OTTO/JUCE/modules/juce_audio_basics/utilities/juce_SmoothedValue.h:421:5: warning: 'JUCE_UNIT_TESTS' is not defined, evaluates to 0 [-Wundef]
  421 | #if JUCE_UNIT_TESTS
      |     ^
In file included from /Users/larryseyer/AudioDevelopment/OTTO/Source/UtilityComponents.cpp:1:
In file included from /Users/larryseyer/AudioDevelopment/OTTO/Source/UtilityComponents.h:3:
In file included from /Users/larryseyer/AudioDevelopment/OTTO/Builds/MacOSX/CMake-Release/OTTO_artefacts/JuceLibraryCode/JuceHeader.h:14:
In file included from /Users/larryseyer/AudioDevelopment/OTTO/JUCE/modules/juce_audio_plugin_client/juce_audio_plugin_client.h:64:
In file included from /Users/larryseyer/AudioDevelopment/OTTO/JUCE/modules/juce_audio_basics/juce_audio_basics.h:106:
/Users/larryseyer/AudioDevelopment/OTTO/JUCE/modules/juce_audio_basics/utilities/juce_ADSR.h:155:66: warning: implicit conversion increases floating-point precision: 'float' to 'double' [-Wdouble-promotion]
  155 |                 releaseRate = (float) (envelopeVal / (parameters.release * sampleRate));
      |                                                       ~~~~~~~~~~~^~~~~~~ ~
/Users/larryseyer/AudioDevelopment/OTTO/JUCE/modules/juce_audio_basics/utilities/juce_ADSR.h:155:40: warning: implicit conversion increases floating-point precision: 'float' to 'double' [-Wdouble-promotion]
  155 |                 releaseRate = (float) (envelopeVal / (parameters.release * sampleRate));
      |                                        ^~~~~~~~~~~ ~
/Users/larryseyer/AudioDevelopment/OTTO/JUCE/modules/juce_audio_basics/utilities/juce_ADSR.h:266:64: warning: implicit conversion increases floating-point precision: 'float' to 'double' [-Wdouble-promotion]
  266 |             return timeInSeconds > 0.0f ? (float) (distance / (timeInSeconds * sr)) : -1.0f;
      |                                                                ^~~~~~~~~~~~~ ~
/Users/larryseyer/AudioDevelopment/OTTO/JUCE/modules/juce_audio_basics/utilities/juce_ADSR.h:266:52: warning: implicit conversion increases floating-point precision: 'float' to 'double' [-Wdouble-promotion]
  266 |             return timeInSeconds > 0.0f ? (float) (distance / (timeInSeconds * sr)) : -1.0f;
      |                                                    ^~~~~~~~ ~
In file included from /Users/larryseyer/AudioDevelopment/OTTO/Source/UtilityComponents.cpp:1:
In file included from /Users/larryseyer/AudioDevelopment/OTTO/Source/UtilityComponents.h:3:
In file included from /Users/larryseyer/AudioDevelopment/OTTO/Builds/MacOSX/CMake-Release/OTTO_artefacts/JuceLibraryCode/JuceHeader.h:14:
In file included from /Users/larryseyer/AudioDevelopment/OTTO/JUCE/modules/juce_audio_plugin_client/juce_audio_plugin_client.h:65:
In file included from /Users/larryseyer/AudioDevelopment/OTTO/JUCE/modules/juce_audio_processors/juce_audio_processors.h:67:
/Users/larryseyer/AudioDevelopment/OTTO/JUCE/modules/juce_gui_extra/juce_gui_extra.h:127:6: warning: 'JUCE_DEBUG' is not defined, evaluates to 0 [-Wundef]
  127 |  #if JUCE_DEBUG && ! (JUCE_IOS || JUCE_ANDROID)
      |      ^
In file included from /Users/larryseyer/AudioDevelopment/OTTO/Source/UtilityComponents.cpp:1:
In file included from /Users/larryseyer/AudioDevelopment/OTTO/Source/UtilityComponents.h:3:
In file included from /Users/larryseyer/AudioDevelopment/OTTO/Builds/MacOSX/CMake-Release/OTTO_artefacts/JuceLibraryCode/JuceHeader.h:14:
In file included from /Users/larryseyer/AudioDevelopment/OTTO/JUCE/modules/juce_audio_plugin_client/juce_audio_plugin_client.h:65:
In file included from /Users/larryseyer/AudioDevelopment/OTTO/JUCE/modules/juce_audio_processors/juce_audio_processors.h:67:
In file included from /Users/larryseyer/AudioDevelopment/OTTO/JUCE/modules/juce_gui_extra/juce_gui_extra.h:141:
/Users/larryseyer/AudioDevelopment/OTTO/JUCE/modules/juce_gui_extra/embedding/juce_ActiveXControlComponent.h:38:5: warning: 'JUCE_WINDOWS' is not defined, evaluates to 0 [-Wundef]
   38 | #if JUCE_WINDOWS || DOXYGEN
      |     ^
/Users/larryseyer/AudioDevelopment/OTTO/JUCE/modules/juce_gui_extra/embedding/juce_ActiveXControlComponent.h:38:21: warning: 'DOXYGEN' is not defined, evaluates to 0 [-Wundef]
   38 | #if JUCE_WINDOWS || DOXYGEN
      |                     ^
In file included from /Users/larryseyer/AudioDevelopment/OTTO/Source/UtilityComponents.cpp:1:
In file included from /Users/larryseyer/AudioDevelopment/OTTO/Source/UtilityComponents.h:3:
In file included from /Users/larryseyer/AudioDevelopment/OTTO/Builds/MacOSX/CMake-Release/OTTO_artefacts/JuceLibraryCode/JuceHeader.h:14:
In file included from /Users/larryseyer/AudioDevelopment/OTTO/JUCE/modules/juce_audio_plugin_client/juce_audio_plugin_client.h:65:
In file included from /Users/larryseyer/AudioDevelopment/OTTO/JUCE/modules/juce_audio_processors/juce_audio_processors.h:67:
In file included from /Users/larryseyer/AudioDevelopment/OTTO/JUCE/modules/juce_gui_extra/juce_gui_extra.h:142:
/Users/larryseyer/AudioDevelopment/OTTO/JUCE/modules/juce_gui_extra/embedding/juce_AndroidViewComponent.h:38:5: warning: 'JUCE_ANDROID' is not defined, evaluates to 0 [-Wundef]
   38 | #if JUCE_ANDROID || DOXYGEN
      |     ^
/Users/larryseyer/AudioDevelopment/OTTO/JUCE/modules/juce_gui_extra/embedding/juce_AndroidViewComponent.h:38:21: warning: 'DOXYGEN' is not defined, evaluates to 0 [-Wundef]
   38 | #if JUCE_ANDROID || DOXYGEN
      |                     ^
In file included from /Users/larryseyer/AudioDevelopment/OTTO/Source/UtilityComponents.cpp:1:
In file included from /Users/larryseyer/AudioDevelopment/OTTO/Source/UtilityComponents.h:3:
In file included from /Users/larryseyer/AudioDevelopment/OTTO/Builds/MacOSX/CMake-Release/OTTO_artefacts/JuceLibraryCode/JuceHeader.h:14:
In file included from /Users/larryseyer/AudioDevelopment/OTTO/JUCE/modules/juce_audio_plugin_client/juce_audio_plugin_client.h:65:
In file included from /Users/larryseyer/AudioDevelopment/OTTO/JUCE/modules/juce_audio_processors/juce_audio_processors.h:67:
In file included from /Users/larryseyer/AudioDevelopment/OTTO/JUCE/modules/juce_gui_extra/juce_gui_extra.h:144:
/Users/larryseyer/AudioDevelopment/OTTO/JUCE/modules/juce_gui_extra/embedding/juce_UIViewComponent.h:38:5: warning: 'JUCE_IOS' is not defined, evaluates to 0 [-Wundef]
   38 | #if JUCE_IOS || DOXYGEN
      |     ^
/Users/larryseyer/AudioDevelopment/OTTO/JUCE/modules/juce_gui_extra/embedding/juce_UIViewComponent.h:38:17: warning: 'DOXYGEN' is not defined, evaluates to 0 [-Wundef]
   38 | #if JUCE_IOS || DOXYGEN
      |                 ^
In file included from /Users/larryseyer/AudioDevelopment/OTTO/Source/UtilityComponents.cpp:1:
In file included from /Users/larryseyer/AudioDevelopment/OTTO/Source/UtilityComponents.h:3:
In file included from /Users/larryseyer/AudioDevelopment/OTTO/Builds/MacOSX/CMake-Release/OTTO_artefacts/JuceLibraryCode/JuceHeader.h:14:
In file included from /Users/larryseyer/AudioDevelopment/OTTO/JUCE/modules/juce_audio_plugin_client/juce_audio_plugin_client.h:65:
In file included from /Users/larryseyer/AudioDevelopment/OTTO/JUCE/modules/juce_audio_processors/juce_audio_processors.h:67:
In file included from /Users/larryseyer/AudioDevelopment/OTTO/JUCE/modules/juce_gui_extra/juce_gui_extra.h:145:
/Users/larryseyer/AudioDevelopment/OTTO/JUCE/modules/juce_gui_extra/embedding/juce_XEmbedComponent.h:43:5: warning: 'JUCE_LINUX' is not defined, evaluates to 0 [-Wundef]
   43 | #if JUCE_LINUX || JUCE_BSD || DOXYGEN
      |     ^
/Users/larryseyer/AudioDevelopment/OTTO/JUCE/modules/juce_gui_extra/embedding/juce_XEmbedComponent.h:43:19: warning: 'JUCE_BSD' is not defined, evaluates to 0 [-Wundef]
   43 | #if JUCE_LINUX || JUCE_BSD || DOXYGEN
      |                   ^
/Users/larryseyer/AudioDevelopment/OTTO/JUCE/modules/juce_gui_extra/embedding/juce_XEmbedComponent.h:43:31: warning: 'DOXYGEN' is not defined, evaluates to 0 [-Wundef]
   43 | #if JUCE_LINUX || JUCE_BSD || DOXYGEN
      |                               ^
In file included from /Users/larryseyer/AudioDevelopment/OTTO/Source/UtilityComponents.cpp:1:
In file included from /Users/larryseyer/AudioDevelopment/OTTO/Source/UtilityComponents.h:3:
In file included from /Users/larryseyer/AudioDevelopment/OTTO/Builds/MacOSX/CMake-Release/OTTO_artefacts/JuceLibraryCode/JuceHeader.h:14:
In file included from /Users/larryseyer/AudioDevelopment/OTTO/JUCE/modules/juce_audio_plugin_client/juce_audio_plugin_client.h:65:
In file included from /Users/larryseyer/AudioDevelopment/OTTO/JUCE/modules/juce_audio_processors/juce_audio_processors.h:67:
In file included from /Users/larryseyer/AudioDevelopment/OTTO/JUCE/modules/juce_gui_extra/juce_gui_extra.h:146:
/Users/larryseyer/AudioDevelopment/OTTO/JUCE/modules/juce_gui_extra/embedding/juce_HWNDComponent.h:38:5: warning: 'JUCE_WINDOWS' is not defined, evaluates to 0 [-Wundef]
   38 | #if JUCE_WINDOWS || DOXYGEN
      |     ^
/Users/larryseyer/AudioDevelopment/OTTO/JUCE/modules/juce_gui_extra/embedding/juce_HWNDComponent.h:38:21: warning: 'DOXYGEN' is not defined, evaluates to 0 [-Wundef]
   38 | #if JUCE_WINDOWS || DOXYGEN
      |                     ^
In file included from /Users/larryseyer/AudioDevelopment/OTTO/Source/UtilityComponents.cpp:1:
In file included from /Users/larryseyer/AudioDevelopment/OTTO/Source/UtilityComponents.h:3:
In file included from /Users/larryseyer/AudioDevelopment/OTTO/Builds/MacOSX/CMake-Release/OTTO_artefacts/JuceLibraryCode/JuceHeader.h:14:
In file included from /Users/larryseyer/AudioDevelopment/OTTO/JUCE/modules/juce_audio_plugin_client/juce_audio_plugin_client.h:65:
In file included from /Users/larryseyer/AudioDevelopment/OTTO/JUCE/modules/juce_audio_processors/juce_audio_processors.h:67:
In file included from /Users/larryseyer/AudioDevelopment/OTTO/JUCE/modules/juce_gui_extra/juce_gui_extra.h:152:
/Users/larryseyer/AudioDevelopment/OTTO/JUCE/modules/juce_gui_extra/misc/juce_PushNotifications.h:699:8: warning: 'JUCE_ANDROID' is not defined, evaluates to 0 [-Wundef]
  699 |    #if JUCE_ANDROID
      |        ^
In file included from /Users/larryseyer/AudioDevelopment/OTTO/Source/UtilityComponents.cpp:1:
In file included from /Users/larryseyer/AudioDevelopment/OTTO/Source/UtilityComponents.h:3:
In file included from /Users/larryseyer/AudioDevelopment/OTTO/Builds/MacOSX/CMake-Release/OTTO_artefacts/JuceLibraryCode/JuceHeader.h:14:
In file included from /Users/larryseyer/AudioDevelopment/OTTO/JUCE/modules/juce_audio_plugin_client/juce_audio_plugin_client.h:65:
In file included from /Users/larryseyer/AudioDevelopment/OTTO/JUCE/modules/juce_audio_processors/juce_audio_processors.h:67:
In file included from /Users/larryseyer/AudioDevelopment/OTTO/JUCE/modules/juce_gui_extra/juce_gui_extra.h:155:
/Users/larryseyer/AudioDevelopment/OTTO/JUCE/modules/juce_gui_extra/misc/juce_SystemTrayIconComponent.h:38:5: warning: 'JUCE_WINDOWS' is not defined, evaluates to 0 [-Wundef]
   38 | #if JUCE_WINDOWS || JUCE_LINUX || JUCE_BSD || JUCE_MAC || DOXYGEN
      |     ^
/Users/larryseyer/AudioDevelopment/OTTO/JUCE/modules/juce_gui_extra/misc/juce_SystemTrayIconComponent.h:38:21: warning: 'JUCE_LINUX' is not defined, evaluates to 0 [-Wundef]
   38 | #if JUCE_WINDOWS || JUCE_LINUX || JUCE_BSD || JUCE_MAC || DOXYGEN
      |                     ^
/Users/larryseyer/AudioDevelopment/OTTO/JUCE/modules/juce_gui_extra/misc/juce_SystemTrayIconComponent.h:38:35: warning: 'JUCE_BSD' is not defined, evaluates to 0 [-Wundef]
   38 | #if JUCE_WINDOWS || JUCE_LINUX || JUCE_BSD || JUCE_MAC || DOXYGEN
      |                                   ^
/Users/larryseyer/AudioDevelopment/OTTO/JUCE/modules/juce_gui_extra/misc/juce_SystemTrayIconComponent.h:102:8: warning: 'JUCE_LINUX' is not defined, evaluates to 0 [-Wundef]
  102 |    #if JUCE_LINUX || JUCE_BSD
      |        ^
/Users/larryseyer/AudioDevelopment/OTTO/JUCE/modules/juce_gui_extra/misc/juce_SystemTrayIconComponent.h:102:22: warning: 'JUCE_BSD' is not defined, evaluates to 0 [-Wundef]
  102 |    #if JUCE_LINUX || JUCE_BSD
      |                      ^
In file included from /Users/larryseyer/AudioDevelopment/OTTO/Source/UtilityComponents.cpp:1:
In file included from /Users/larryseyer/AudioDevelopment/OTTO/Source/UtilityComponents.h:3:
In file included from /Users/larryseyer/AudioDevelopment/OTTO/Builds/MacOSX/CMake-Release/OTTO_artefacts/JuceLibraryCode/JuceHeader.h:14:
In file included from /Users/larryseyer/AudioDevelopment/OTTO/JUCE/modules/juce_audio_plugin_client/juce_audio_plugin_client.h:65:
In file included from /Users/larryseyer/AudioDevelopment/OTTO/JUCE/modules/juce_audio_processors/juce_audio_processors.h:67:
In file included from /Users/larryseyer/AudioDevelopment/OTTO/JUCE/modules/juce_gui_extra/juce_gui_extra.h:156:
/Users/larryseyer/AudioDevelopment/OTTO/JUCE/modules/juce_gui_extra/misc/juce_WebBrowserComponent.h:38:25: warning: 'DOXYGEN' is not defined, evaluates to 0 [-Wundef]
   38 | #if JUCE_WEB_BROWSER || DOXYGEN
      |                         ^
In file included from /Users/larryseyer/AudioDevelopment/OTTO/Source/UtilityComponents.cpp:1:
In file included from /Users/larryseyer/AudioDevelopment/OTTO/Source/UtilityComponents.h:3:
In file included from /Users/larryseyer/AudioDevelopment/OTTO/Builds/MacOSX/CMake-Release/OTTO_artefacts/JuceLibraryCode/JuceHeader.h:14:
In file included from /Users/larryseyer/AudioDevelopment/OTTO/JUCE/modules/juce_audio_plugin_client/juce_audio_plugin_client.h:65:
In file included from /Users/larryseyer/AudioDevelopment/OTTO/JUCE/modules/juce_audio_processors/juce_audio_processors.h:67:
In file included from /Users/larryseyer/AudioDevelopment/OTTO/JUCE/modules/juce_gui_extra/juce_gui_extra.h:157:
/Users/larryseyer/AudioDevelopment/OTTO/JUCE/modules/juce_gui_extra/misc/juce_LiveConstantEditor.h:35:5: warning: 'JUCE_ENABLE_LIVE_CONSTANT_EDITOR' is not defined, evaluates to 0 [-Wundef]
   35 | #if JUCE_ENABLE_LIVE_CONSTANT_EDITOR && ! defined (DOXYGEN)
      |     ^
/Users/larryseyer/AudioDevelopment/OTTO/JUCE/modules/juce_gui_extra/misc/juce_LiveConstantEditor.h:258:5: warning: 'JUCE_ENABLE_LIVE_CONSTANT_EDITOR' is not defined, evaluates to 0 [-Wundef]
  258 | #if JUCE_ENABLE_LIVE_CONSTANT_EDITOR || DOXYGEN
      |     ^
/Users/larryseyer/AudioDevelopment/OTTO/JUCE/modules/juce_gui_extra/misc/juce_LiveConstantEditor.h:258:41: warning: 'DOXYGEN' is not defined, evaluates to 0 [-Wundef]
  258 | #if JUCE_ENABLE_LIVE_CONSTANT_EDITOR || DOXYGEN
      |                                         ^
In file included from /Users/larryseyer/AudioDevelopment/OTTO/Source/UtilityComponents.cpp:1:
In file included from /Users/larryseyer/AudioDevelopment/OTTO/Source/UtilityComponents.h:3:
In file included from /Users/larryseyer/AudioDevelopment/OTTO/Builds/MacOSX/CMake-Release/OTTO_artefacts/JuceLibraryCode/JuceHeader.h:14:
In file included from /Users/larryseyer/AudioDevelopment/OTTO/JUCE/modules/juce_audio_plugin_client/juce_audio_plugin_client.h:65:
In file included from /Users/larryseyer/AudioDevelopment/OTTO/JUCE/modules/juce_audio_processors/juce_audio_processors.h:67:
In file included from /Users/larryseyer/AudioDevelopment/OTTO/JUCE/modules/juce_gui_extra/juce_gui_extra.h:159:
/Users/larryseyer/AudioDevelopment/OTTO/JUCE/modules/juce_gui_extra/detail/juce_WebControlRelayEvents.h:38:25: warning: 'DOXYGEN' is not defined, evaluates to 0 [-Wundef]
   38 | #if JUCE_WEB_BROWSER || DOXYGEN
      |                         ^
In file included from /Users/larryseyer/AudioDevelopment/OTTO/Source/UtilityComponents.cpp:1:
In file included from /Users/larryseyer/AudioDevelopment/OTTO/Source/UtilityComponents.h:3:
In file included from /Users/larryseyer/AudioDevelopment/OTTO/Builds/MacOSX/CMake-Release/OTTO_artefacts/JuceLibraryCode/JuceHeader.h:14:
In file included from /Users/larryseyer/AudioDevelopment/OTTO/JUCE/modules/juce_audio_plugin_client/juce_audio_plugin_client.h:65:
In file included from /Users/larryseyer/AudioDevelopment/OTTO/JUCE/modules/juce_audio_processors/juce_audio_processors.h:67:
In file included from /Users/larryseyer/AudioDevelopment/OTTO/JUCE/modules/juce_gui_extra/juce_gui_extra.h:160:
/Users/larryseyer/AudioDevelopment/OTTO/JUCE/modules/juce_gui_extra/misc/juce_WebControlRelays.h:38:25: warning: 'DOXYGEN' is not defined, evaluates to 0 [-Wundef]
   38 | #if JUCE_WEB_BROWSER || DOXYGEN
      |                         ^
In file included from /Users/larryseyer/AudioDevelopment/OTTO/Source/UtilityComponents.cpp:1:
In file included from /Users/larryseyer/AudioDevelopment/OTTO/Source/UtilityComponents.h:3:
In file included from /Users/larryseyer/AudioDevelopment/OTTO/Builds/MacOSX/CMake-Release/OTTO_artefacts/JuceLibraryCode/JuceHeader.h:14:
In file included from /Users/larryseyer/AudioDevelopment/OTTO/JUCE/modules/juce_audio_plugin_client/juce_audio_plugin_client.h:65:
In file included from /Users/larryseyer/AudioDevelopment/OTTO/JUCE/modules/juce_audio_processors/juce_audio_processors.h:67:
In file included from /Users/larryseyer/AudioDevelopment/OTTO/JUCE/modules/juce_gui_extra/juce_gui_extra.h:161:
/Users/larryseyer/AudioDevelopment/OTTO/JUCE/modules/juce_gui_extra/misc/juce_WebControlParameterIndexReceiver.h:38:25: warning: 'DOXYGEN' is not defined, evaluates to 0 [-Wundef]
   38 | #if JUCE_WEB_BROWSER || DOXYGEN
      |                         ^
In file included from /Users/larryseyer/AudioDevelopment/OTTO/Source/UtilityComponents.cpp:1:
In file included from /Users/larryseyer/AudioDevelopment/OTTO/Source/UtilityComponents.h:3:
In file included from /Users/larryseyer/AudioDevelopment/OTTO/Builds/MacOSX/CMake-Release/OTTO_artefacts/JuceLibraryCode/JuceHeader.h:14:
In file included from /Users/larryseyer/AudioDevelopment/OTTO/JUCE/modules/juce_audio_plugin_client/juce_audio_plugin_client.h:65:
In file included from /Users/larryseyer/AudioDevelopment/OTTO/JUCE/modules/juce_audio_processors/juce_audio_processors.h:148:
/Users/larryseyer/AudioDevelopment/OTTO/JUCE/modules/juce_audio_processors/processors/juce_AudioProcessorParameter.h:363:8: warning: 'JUCE_DEBUG' is not defined, evaluates to 0 [-Wundef]
  363 |    #if JUCE_DEBUG
      |        ^
In file included from /Users/larryseyer/AudioDevelopment/OTTO/Source/UtilityComponents.cpp:1:
In file included from /Users/larryseyer/AudioDevelopment/OTTO/Source/UtilityComponents.h:3:
In file included from /Users/larryseyer/AudioDevelopment/OTTO/Builds/MacOSX/CMake-Release/OTTO_artefacts/JuceLibraryCode/JuceHeader.h:14:
In file included from /Users/larryseyer/AudioDevelopment/OTTO/JUCE/modules/juce_audio_plugin_client/juce_audio_plugin_client.h:65:
In file included from /Users/larryseyer/AudioDevelopment/OTTO/JUCE/modules/juce_audio_processors/juce_audio_processors.h:154:
/Users/larryseyer/AudioDevelopment/OTTO/JUCE/modules/juce_audio_processors/processors/juce_AudioProcessor.h:1599:7: warning: 'JUCE_DEBUG' is not defined, evaluates to 0 [-Wundef]
 1599 |   #if JUCE_DEBUG
      |       ^
In file included from /Users/larryseyer/AudioDevelopment/OTTO/Source/UtilityComponents.cpp:1:
In file included from /Users/larryseyer/AudioDevelopment/OTTO/Source/UtilityComponents.h:3:
In file included from /Users/larryseyer/AudioDevelopment/OTTO/Builds/MacOSX/CMake-Release/OTTO_artefacts/JuceLibraryCode/JuceHeader.h:14:
In file included from /Users/larryseyer/AudioDevelopment/OTTO/JUCE/modules/juce_audio_plugin_client/juce_audio_plugin_client.h:65:
In file included from /Users/larryseyer/AudioDevelopment/OTTO/JUCE/modules/juce_audio_processors/juce_audio_processors.h:162:
/Users/larryseyer/AudioDevelopment/OTTO/JUCE/modules/juce_audio_processors/format_types/juce_AudioUnitPluginFormat.h:38:55: warning: 'DOXYGEN' is not defined, evaluates to 0 [-Wundef]
   38 | #if (JUCE_PLUGINHOST_AU && (JUCE_MAC || JUCE_IOS)) || DOXYGEN
      |                                                       ^
In file included from /Users/larryseyer/AudioDevelopment/OTTO/Source/UtilityComponents.cpp:1:
In file included from /Users/larryseyer/AudioDevelopment/OTTO/Source/UtilityComponents.h:3:
In file included from /Users/larryseyer/AudioDevelopment/OTTO/Builds/MacOSX/CMake-Release/OTTO_artefacts/JuceLibraryCode/JuceHeader.h:14:
In file included from /Users/larryseyer/AudioDevelopment/OTTO/JUCE/modules/juce_audio_plugin_client/juce_audio_plugin_client.h:65:
In file included from /Users/larryseyer/AudioDevelopment/OTTO/JUCE/modules/juce_audio_processors/juce_audio_processors.h:163:
/Users/larryseyer/AudioDevelopment/OTTO/JUCE/modules/juce_audio_processors/format_types/juce_LADSPAPluginFormat.h:38:61: warning: 'DOXYGEN' is not defined, evaluates to 0 [-Wundef]
   38 | #if (JUCE_PLUGINHOST_LADSPA && (JUCE_LINUX || JUCE_BSD)) || DOXYGEN
      |                                                             ^
In file included from /Users/larryseyer/AudioDevelopment/OTTO/Source/UtilityComponents.cpp:1:
In file included from /Users/larryseyer/AudioDevelopment/OTTO/Source/UtilityComponents.h:3:
In file included from /Users/larryseyer/AudioDevelopment/OTTO/Builds/MacOSX/CMake-Release/OTTO_artefacts/JuceLibraryCode/JuceHeader.h:14:
In file included from /Users/larryseyer/AudioDevelopment/OTTO/JUCE/modules/juce_audio_plugin_client/juce_audio_plugin_client.h:65:
In file included from /Users/larryseyer/AudioDevelopment/OTTO/JUCE/modules/juce_audio_processors/juce_audio_processors.h:164:
/Users/larryseyer/AudioDevelopment/OTTO/JUCE/modules/juce_audio_processors/format_types/juce_LV2PluginFormat.h:38:64: warning: 'DOXYGEN' is not defined, evaluates to 0 [-Wundef]
   38 | #if (JUCE_PLUGINHOST_LV2 && (! (JUCE_ANDROID || JUCE_IOS))) || DOXYGEN
      |                                                                ^
In file included from /Users/larryseyer/AudioDevelopment/OTTO/Source/UtilityComponents.cpp:1:
In file included from /Users/larryseyer/AudioDevelopment/OTTO/Source/UtilityComponents.h:3:
In file included from /Users/larryseyer/AudioDevelopment/OTTO/Builds/MacOSX/CMake-Release/OTTO_artefacts/JuceLibraryCode/JuceHeader.h:14:
In file included from /Users/larryseyer/AudioDevelopment/OTTO/JUCE/modules/juce_audio_plugin_client/juce_audio_plugin_client.h:65:
In file included from /Users/larryseyer/AudioDevelopment/OTTO/JUCE/modules/juce_audio_processors/juce_audio_processors.h:165:
/Users/larryseyer/AudioDevelopment/OTTO/JUCE/modules/juce_audio_processors/format_types/juce_VST3PluginFormat.h:38:87: warning: 'DOXYGEN' is not defined, evaluates to 0 [-Wundef]
   38 | #if (JUCE_PLUGINHOST_VST3 && (JUCE_MAC || JUCE_WINDOWS || JUCE_LINUX || JUCE_BSD)) || DOXYGEN
      |                                                                                       ^
In file included from /Users/larryseyer/AudioDevelopment/OTTO/Source/UtilityComponents.cpp:1:
In file included from /Users/larryseyer/AudioDevelopment/OTTO/Source/UtilityComponents.h:3:
In file included from /Users/larryseyer/AudioDevelopment/OTTO/Builds/MacOSX/CMake-Release/OTTO_artefacts/JuceLibraryCode/JuceHeader.h:14:
In file included from /Users/larryseyer/AudioDevelopment/OTTO/JUCE/modules/juce_audio_plugin_client/juce_audio_plugin_client.h:65:
In file included from /Users/larryseyer/AudioDevelopment/OTTO/JUCE/modules/juce_audio_processors/juce_audio_processors.h:167:
/Users/larryseyer/AudioDevelopment/OTTO/JUCE/modules/juce_audio_processors/format_types/juce_VSTPluginFormat.h:35:29: warning: 'DOXYGEN' is not defined, evaluates to 0 [-Wundef]
   35 | #if (JUCE_PLUGINHOST_VST || DOXYGEN)
      |                             ^
In file included from /Users/larryseyer/AudioDevelopment/OTTO/Source/UtilityComponents.cpp:1:
In file included from /Users/larryseyer/AudioDevelopment/OTTO/Source/UtilityComponents.h:3:
In file included from /Users/larryseyer/AudioDevelopment/OTTO/Builds/MacOSX/CMake-Release/OTTO_artefacts/JuceLibraryCode/JuceHeader.h:14:
In file included from /Users/larryseyer/AudioDevelopment/OTTO/JUCE/modules/juce_audio_plugin_client/juce_audio_plugin_client.h:65:
In file included from /Users/larryseyer/AudioDevelopment/OTTO/JUCE/modules/juce_audio_processors/juce_audio_processors.h:168:
/Users/larryseyer/AudioDevelopment/OTTO/JUCE/modules/juce_audio_processors/format_types/juce_ARAHosting.h:37:122: warning: 'DOXYGEN' is not defined, evaluates to 0 [-Wundef]
   37 | #if (JUCE_PLUGINHOST_ARA && (JUCE_PLUGINHOST_VST3 || JUCE_PLUGINHOST_AU) && (JUCE_MAC || JUCE_WINDOWS || JUCE_LINUX)) || DOXYGEN
      |                                                                                                                          ^
In file included from /Users/larryseyer/AudioDevelopment/OTTO/Source/UtilityComponents.cpp:1:
In file included from /Users/larryseyer/AudioDevelopment/OTTO/Source/UtilityComponents.h:3:
In file included from /Users/larryseyer/AudioDevelopment/OTTO/Builds/MacOSX/CMake-Release/OTTO_artefacts/JuceLibraryCode/JuceHeader.h:14:
In file included from /Users/larryseyer/AudioDevelopment/OTTO/JUCE/modules/juce_audio_plugin_client/juce_audio_plugin_client.h:65:
In file included from /Users/larryseyer/AudioDevelopment/OTTO/JUCE/modules/juce_audio_processors/juce_audio_processors.h:177:
/Users/larryseyer/AudioDevelopment/OTTO/JUCE/modules/juce_audio_processors/utilities/juce_ParameterAttachments.h:260:25: warning: 'DOXYGEN' is not defined, evaluates to 0 [-Wundef]
  260 | #if JUCE_WEB_BROWSER || DOXYGEN
      |                         ^
In file included from /Users/larryseyer/AudioDevelopment/OTTO/Source/UtilityComponents.cpp:1:
In file included from /Users/larryseyer/AudioDevelopment/OTTO/Source/UtilityComponents.h:3:
In file included from /Users/larryseyer/AudioDevelopment/OTTO/Builds/MacOSX/CMake-Release/OTTO_artefacts/JuceLibraryCode/JuceHeader.h:14:
In file included from /Users/larryseyer/AudioDevelopment/OTTO/JUCE/modules/juce_audio_plugin_client/juce_audio_plugin_client.h:65:
In file included from /Users/larryseyer/AudioDevelopment/OTTO/JUCE/modules/juce_audio_processors/juce_audio_processors.h:178:
/Users/larryseyer/AudioDevelopment/OTTO/JUCE/modules/juce_audio_processors/utilities/juce_AudioProcessorValueTreeState.h:639:8: warning: 'JUCE_UNIT_TESTS' is not defined, evaluates to 0 [-Wundef]
  639 |    #if JUCE_UNIT_TESTS
      |        ^
In file included from /Users/larryseyer/AudioDevelopment/OTTO/Source/UtilityComponents.cpp:1:
In file included from /Users/larryseyer/AudioDevelopment/OTTO/Source/UtilityComponents.h:3:
In file included from /Users/larryseyer/AudioDevelopment/OTTO/Builds/MacOSX/CMake-Release/OTTO_artefacts/JuceLibraryCode/JuceHeader.h:23:
In file included from /Users/larryseyer/AudioDevelopment/OTTO/JUCE/modules/juce_audio_devices/juce_audio_devices.h:174:
/Users/larryseyer/AudioDevelopment/OTTO/JUCE/modules/juce_audio_devices/midi_io/juce_MidiDevices.h:205:8: warning: 'JUCE_LINUX' is not defined, evaluates to 0 [-Wundef]
  205 |    #if JUCE_LINUX || JUCE_BSD || JUCE_MAC || JUCE_IOS || DOXYGEN
      |        ^
/Users/larryseyer/AudioDevelopment/OTTO/JUCE/modules/juce_audio_devices/midi_io/juce_MidiDevices.h:205:22: warning: 'JUCE_BSD' is not defined, evaluates to 0 [-Wundef]
  205 |    #if JUCE_LINUX || JUCE_BSD || JUCE_MAC || JUCE_IOS || DOXYGEN
      |                      ^
/Users/larryseyer/AudioDevelopment/OTTO/JUCE/modules/juce_audio_devices/midi_io/juce_MidiDevices.h:364:8: warning: 'JUCE_LINUX' is not defined, evaluates to 0 [-Wundef]
  364 |    #if JUCE_LINUX || JUCE_BSD || JUCE_MAC || JUCE_IOS || DOXYGEN
      |        ^
/Users/larryseyer/AudioDevelopment/OTTO/JUCE/modules/juce_audio_devices/midi_io/juce_MidiDevices.h:364:22: warning: 'JUCE_BSD' is not defined, evaluates to 0 [-Wundef]
  364 |    #if JUCE_LINUX || JUCE_BSD || JUCE_MAC || JUCE_IOS || DOXYGEN
      |                      ^
In file included from /Users/larryseyer/AudioDevelopment/OTTO/Source/UtilityComponents.cpp:1:
In file included from /Users/larryseyer/AudioDevelopment/OTTO/Source/UtilityComponents.h:3:
In file included from /Users/larryseyer/AudioDevelopment/OTTO/Builds/MacOSX/CMake-Release/OTTO_artefacts/JuceLibraryCode/JuceHeader.h:23:
In file included from /Users/larryseyer/AudioDevelopment/OTTO/JUCE/modules/juce_audio_devices/juce_audio_devices.h:175:
/Users/larryseyer/AudioDevelopment/OTTO/JUCE/modules/juce_audio_devices/midi_io/juce_MidiMessageCollector.h:118:8: warning: 'JUCE_DEBUG' is not defined, evaluates to 0 [-Wundef]
  118 |    #if JUCE_DEBUG
      |        ^
In file included from /Users/larryseyer/AudioDevelopment/OTTO/Source/UtilityComponents.cpp:1:
In file included from /Users/larryseyer/AudioDevelopment/OTTO/Source/UtilityComponents.h:3:
In file included from /Users/larryseyer/AudioDevelopment/OTTO/Builds/MacOSX/CMake-Release/OTTO_artefacts/JuceLibraryCode/JuceHeader.h:23:
/Users/larryseyer/AudioDevelopment/OTTO/JUCE/modules/juce_audio_devices/juce_audio_devices.h:199:5: warning: 'JUCE_IOS' is not defined, evaluates to 0 [-Wundef]
  199 | #if JUCE_IOS
      |     ^
In file included from /Users/larryseyer/AudioDevelopment/OTTO/Source/UtilityComponents.cpp:1:
In file included from /Users/larryseyer/AudioDevelopment/OTTO/Source/UtilityComponents.h:3:
In file included from /Users/larryseyer/AudioDevelopment/OTTO/Builds/MacOSX/CMake-Release/OTTO_artefacts/JuceLibraryCode/JuceHeader.h:24:
/Users/larryseyer/AudioDevelopment/OTTO/JUCE/modules/juce_audio_formats/juce_audio_formats.h:117:7: warning: 'JUCE_WINDOWS' is not defined, evaluates to 0 [-Wundef]
  117 | #if ! JUCE_WINDOWS
      |       ^
In file included from /Users/larryseyer/AudioDevelopment/OTTO/Source/UtilityComponents.cpp:1:
In file included from /Users/larryseyer/AudioDevelopment/OTTO/Source/UtilityComponents.h:3:
In file included from /Users/larryseyer/AudioDevelopment/OTTO/Builds/MacOSX/CMake-Release/OTTO_artefacts/JuceLibraryCode/JuceHeader.h:24:
In file included from /Users/larryseyer/AudioDevelopment/OTTO/JUCE/modules/juce_audio_formats/juce_audio_formats.h:134:
/Users/larryseyer/AudioDevelopment/OTTO/JUCE/modules/juce_audio_formats/codecs/juce_LAMEEncoderAudioFormat.h:38:35: warning: 'DOXYGEN' is not defined, evaluates to 0 [-Wundef]
   38 | #if JUCE_USE_LAME_AUDIO_FORMAT || DOXYGEN
      |                                   ^
In file included from /Users/larryseyer/AudioDevelopment/OTTO/Source/UtilityComponents.cpp:1:
In file included from /Users/larryseyer/AudioDevelopment/OTTO/Source/UtilityComponents.h:3:
In file included from /Users/larryseyer/AudioDevelopment/OTTO/Builds/MacOSX/CMake-Release/OTTO_artefacts/JuceLibraryCode/JuceHeader.h:24:
In file included from /Users/larryseyer/AudioDevelopment/OTTO/JUCE/modules/juce_audio_formats/juce_audio_formats.h:135:
/Users/larryseyer/AudioDevelopment/OTTO/JUCE/modules/juce_audio_formats/codecs/juce_MP3AudioFormat.h:38:32: warning: 'DOXYGEN' is not defined, evaluates to 0 [-Wundef]
   38 | #if JUCE_USE_MP3AUDIOFORMAT || DOXYGEN
      |                                ^
In file included from /Users/larryseyer/AudioDevelopment/OTTO/Source/UtilityComponents.cpp:1:
In file included from /Users/larryseyer/AudioDevelopment/OTTO/Source/UtilityComponents.h:3:
In file included from /Users/larryseyer/AudioDevelopment/OTTO/Builds/MacOSX/CMake-Release/OTTO_artefacts/JuceLibraryCode/JuceHeader.h:24:
In file included from /Users/larryseyer/AudioDevelopment/OTTO/JUCE/modules/juce_audio_formats/juce_audio_formats.h:138:
/Users/larryseyer/AudioDevelopment/OTTO/JUCE/modules/juce_audio_formats/codecs/juce_WindowsMediaAudioFormat.h:38:5: warning: 'JUCE_WINDOWS' is not defined, evaluates to 0 [-Wundef]
   38 | #if JUCE_WINDOWS || DOXYGEN
      |     ^
/Users/larryseyer/AudioDevelopment/OTTO/JUCE/modules/juce_audio_formats/codecs/juce_WindowsMediaAudioFormat.h:38:21: warning: 'DOXYGEN' is not defined, evaluates to 0 [-Wundef]
   38 | #if JUCE_WINDOWS || DOXYGEN
      |                     ^
In file included from /Users/larryseyer/AudioDevelopment/OTTO/Source/UtilityComponents.cpp:1:
In file included from /Users/larryseyer/AudioDevelopment/OTTO/Source/UtilityComponents.h:3:
In file included from /Users/larryseyer/AudioDevelopment/OTTO/Builds/MacOSX/CMake-Release/OTTO_artefacts/JuceLibraryCode/JuceHeader.h:25:
In file included from /Users/larryseyer/AudioDevelopment/OTTO/JUCE/modules/juce_audio_utils/juce_audio_utils.h:99:
/Users/larryseyer/AudioDevelopment/OTTO/JUCE/modules/juce_audio_utils/audio_cd/juce_AudioCDBurner.h:38:26: warning: 'DOXYGEN' is not defined, evaluates to 0 [-Wundef]
   38 | #if JUCE_USE_CDBURNER || DOXYGEN
      |                          ^
In file included from /Users/larryseyer/AudioDevelopment/OTTO/Source/UtilityComponents.cpp:1:
In file included from /Users/larryseyer/AudioDevelopment/OTTO/Source/UtilityComponents.h:3:
In file included from /Users/larryseyer/AudioDevelopment/OTTO/Builds/MacOSX/CMake-Release/OTTO_artefacts/JuceLibraryCode/JuceHeader.h:25:
In file included from /Users/larryseyer/AudioDevelopment/OTTO/JUCE/modules/juce_audio_utils/juce_audio_utils.h:100:
/Users/larryseyer/AudioDevelopment/OTTO/JUCE/modules/juce_audio_utils/audio_cd/juce_AudioCDReader.h:38:26: warning: 'DOXYGEN' is not defined, evaluates to 0 [-Wundef]
   38 | #if JUCE_USE_CDREADER || DOXYGEN
      |                          ^
In file included from /Users/larryseyer/AudioDevelopment/OTTO/Source/UtilityComponents.cpp:1:
In file included from /Users/larryseyer/AudioDevelopment/OTTO/Source/UtilityComponents.h:3:
In file included from /Users/larryseyer/AudioDevelopment/OTTO/Builds/MacOSX/CMake-Release/OTTO_artefacts/JuceLibraryCode/JuceHeader.h:26:
/Users/larryseyer/AudioDevelopment/OTTO/JUCE/modules/juce_dsp/juce_dsp.h:69:5: warning: 'JUCE_INTEL' is not defined, evaluates to 0 [-Wundef]
   69 | #if JUCE_INTEL
      |     ^
/Users/larryseyer/AudioDevelopment/OTTO/JUCE/modules/juce_dsp/juce_dsp.h:95:20: warning: 'JUCE_WINDOWS' is not defined, evaluates to 0 [-Wundef]
   95 |  #if JUCE_64BIT && JUCE_WINDOWS
      |                    ^
/Users/larryseyer/AudioDevelopment/OTTO/JUCE/modules/juce_dsp/juce_dsp.h:113:6: warning: '_MSC_VER' is not defined, evaluates to 0 [-Wundef]
  113 |  #if _MSC_VER && JUCE_USE_SIMD && ! (defined (_M_X64) || defined (__amd64__))
      |      ^
/Users/larryseyer/AudioDevelopment/OTTO/JUCE/modules/juce_dsp/juce_dsp.h:242:6: warning: 'JUCE_INTEL' is not defined, evaluates to 0 [-Wundef]
  242 |  #if JUCE_INTEL
      |      ^
In file included from /Users/larryseyer/AudioDevelopment/OTTO/Source/UtilityComponents.cpp:1:
In file included from /Users/larryseyer/AudioDevelopment/OTTO/Source/UtilityComponents.h:3:
In file included from /Users/larryseyer/AudioDevelopment/OTTO/Builds/MacOSX/CMake-Release/OTTO_artefacts/JuceLibraryCode/JuceHeader.h:27:
/Users/larryseyer/AudioDevelopment/OTTO/JUCE/modules/juce_opengl/juce_opengl.h:72:5: warning: 'JUCE_IOS' is not defined, evaluates to 0 [-Wundef]
   72 | #if JUCE_IOS || JUCE_ANDROID
      |     ^
/Users/larryseyer/AudioDevelopment/OTTO/JUCE/modules/juce_opengl/juce_opengl.h:72:17: warning: 'JUCE_ANDROID' is not defined, evaluates to 0 [-Wundef]
   72 | #if JUCE_IOS || JUCE_ANDROID
      |                 ^
/Users/larryseyer/AudioDevelopment/OTTO/JUCE/modules/juce_opengl/juce_opengl.h:82:5: warning: 'JUCE_OPENGL_ES' is not defined, evaluates to 0 [-Wundef]
   82 | #if JUCE_OPENGL_ES || DOXYGEN
      |     ^
/Users/larryseyer/AudioDevelopment/OTTO/JUCE/modules/juce_opengl/juce_opengl.h:82:23: warning: 'DOXYGEN' is not defined, evaluates to 0 [-Wundef]
   82 | #if JUCE_OPENGL_ES || DOXYGEN
      |                       ^
In file included from /Users/larryseyer/AudioDevelopment/OTTO/Source/UtilityComponents.cpp:1:
In file included from /Users/larryseyer/AudioDevelopment/OTTO/Source/UtilityComponents.h:3:
In file included from /Users/larryseyer/AudioDevelopment/OTTO/Builds/MacOSX/CMake-Release/OTTO_artefacts/JuceLibraryCode/JuceHeader.h:27:
In file included from /Users/larryseyer/AudioDevelopment/OTTO/JUCE/modules/juce_opengl/juce_opengl.h:120:
/Users/larryseyer/AudioDevelopment/OTTO/JUCE/modules/juce_opengl/native/juce_OpenGLExtensions.h:127:8: warning: 'JUCE_WINDOWS' is not defined, evaluates to 0 [-Wundef]
  127 |    #if JUCE_WINDOWS && ! defined (DOXYGEN)
      |        ^
/Users/larryseyer/AudioDevelopment/OTTO/JUCE/modules/juce_opengl/native/juce_OpenGLExtensions.h:142:8: warning: 'JUCE_ANDROID' is not defined, evaluates to 0 [-Wundef]
  142 |    #if JUCE_ANDROID
      |        ^
In file included from /Users/larryseyer/AudioDevelopment/OTTO/Source/UtilityComponents.cpp:1:
In file included from /Users/larryseyer/AudioDevelopment/OTTO/Source/UtilityComponents.h:3:
/Users/larryseyer/AudioDevelopment/OTTO/Builds/MacOSX/CMake-Release/OTTO_artefacts/JuceLibraryCode/JuceHeader.h:34:7: warning: 'DONT_SET_USING_JUCE_NAMESPACE' is not defined, evaluates to 0 [-Wundef]
   34 | #if ! DONT_SET_USING_JUCE_NAMESPACE
      |       ^
In file included from /Users/larryseyer/AudioDevelopment/OTTO/Source/UtilityComponents.cpp:1:
In file included from /Users/larryseyer/AudioDevelopment/OTTO/Source/UtilityComponents.h:5:
/Users/larryseyer/AudioDevelopment/OTTO/Source/ColorScheme.h:104:55: warning: unused parameter 'newThemeName' [-Wunused-parameter]
  104 |         virtual void themeChanged(const juce::String& newThemeName) {}
      |                                                       ^
/Users/larryseyer/AudioDevelopment/OTTO/Source/ColorScheme.h:105:55: warning: unused parameter 'component' [-Wunused-parameter]
  105 |         virtual void colorChanged(const juce::String& component, const juce::String& property, const juce::Colour& newColor) {}
      |                                                       ^
/Users/larryseyer/AudioDevelopment/OTTO/Source/ColorScheme.h:105:86: warning: unused parameter 'property' [-Wunused-parameter]
  105 |         virtual void colorChanged(const juce::String& component, const juce::String& property, const juce::Colour& newColor) {}
      |                                                                                      ^
/Users/larryseyer/AudioDevelopment/OTTO/Source/ColorScheme.h:105:116: warning: unused parameter 'newColor' [-Wunused-parameter]
  105 |         virtual void colorChanged(const juce::String& component, const juce::String& property, const juce::Colour& newColor) {}
      |                                                                                                                    ^
/Users/larryseyer/AudioDevelopment/OTTO/Source/UtilityComponents.cpp:268:5: warning: 'JUCE_WINDOWS' is not defined, evaluates to 0 [-Wundef]
  268 | #if JUCE_WINDOWS
      |     ^
/Users/larryseyer/AudioDevelopment/OTTO/Source/UtilityComponents.cpp:267:62: warning: unused parameter 'message' [-Wunused-parameter]
  267 | void AccessibilityHelper::announceChange(const juce::String& message) {
      |                                                              ^
/Users/larryseyer/AudioDevelopment/OTTO/Source/UtilityComponents.cpp:275:5: warning: 'JUCE_WINDOWS' is not defined, evaluates to 0 [-Wundef]
  275 | #if JUCE_WINDOWS
      |     ^
/Users/larryseyer/AudioDevelopment/OTTO/Source/UtilityComponents.cpp:572:34: warning: implicit conversion increases floating-point precision: 'const mapped_type' (aka 'const float') to 'double' [-Wdouble-promotion]
  572 |      setValue(state.sliderValues.at(componentId));
      |      ~~~~~~~~ ~~~~~~~~~~~~~~~~~~~^~~~~~~~~~~~~~~
/Users/larryseyer/AudioDevelopment/OTTO/Source/UtilityComponents.cpp:579:53: warning: implicit conversion increases floating-point precision: 'const float' to 'double' [-Wdouble-promotion]
  579 |          setValue(state.playerSettings[playerIndex].volume);
      |          ~~~~~~~~ ~~~~~~~~~~~~~~~~~~~~~~~~~~~~~~~~~~^~~~~~
/Users/larryseyer/AudioDevelopment/OTTO/Source/UtilityComponents.cpp:584:53: warning: implicit conversion increases floating-point precision: 'const float' to 'double' [-Wdouble-promotion]
  584 |          setValue(state.playerSettings[playerIndex].pan);
      |          ~~~~~~~~ ~~~~~~~~~~~~~~~~~~~~~~~~~~~~~~~~~~^~~
/Users/larryseyer/AudioDevelopment/OTTO/Source/UtilityComponents.cpp:587:36: warning: implicit conversion increases floating-point precision: 'const float' to 'double' [-Wdouble-promotion]
  587 |      setValue(state.globalSettings.metronomeVolume);
      |      ~~~~~~~~ ~~~~~~~~~~~~~~~~~~~~~^~~~~~~~~~~~~~~

CompileC /Users/larryseyer/AudioDevelopment/OTTO/Builds/MacOSX/CMake-Release/build/OTTO.build/Release/Objects-normal/arm64/WaveformDisplay.o /Users/larryseyer/AudioDevelopment/OTTO/Source/UI/Visualizations/WaveformDisplay.cpp normal arm64 c++ com.apple.compilers.llvm.clang.1_0.compiler (in target 'OTTO' from project 'OTTO')
    cd /Users/larryseyer/AudioDevelopment/OTTO
    
    Using response file: /Users/larryseyer/AudioDevelopment/OTTO/Builds/MacOSX/CMake-Release/build/OTTO.build/Release/Objects-normal/arm64/82b82416624d2658e5098eb0a28c15c5-common-args.resp
    
    /Applications/Xcode.app/Contents/Developer/Toolchains/XcodeDefault.xctoolchain/usr/bin/clang -x c++ -ivfsstatcache /var/folders/0p/t4rj91z90d38yk0_8vh370gr0000gn/C/com.apple.DeveloperTools/16.4-16F6/Xcode/SDKStatCaches.noindex/macosx15.5-24F74-8254517eb8b97d462ccbc072ba9094c9.sdkstatcache -fmessage-length\=0 -fdiagnostics-show-note-include-stack -fmacro-backtrace-limit\=0 -fno-color-diagnostics -Wno-trigraphs -Wno-missing-field-initializers -Wno-missing-prototypes -Wno-return-type -Wno-non-virtual-dtor -Wno-overloaded-virtual -Wno-exit-time-destructors -Wno-missing-braces -Wparentheses -Wswitch -Wno-unused-function -Wno-unused-label -Wno-unused-parameter -Wno-unused-variable -Wunused-value -Wno-empty-body -Wno-uninitialized -Wno-unknown-pragmas -Wno-shadow -Wno-four-char-constants -Wno-conversion -Wno-constant-conversion -Wno-int-conversion -Wno-bool-conversion -Wno-enum-conversion -Wno-float-conversion -Wno-non-literal-null-conversion -Wno-objc-literal-conversion -Wshorten-64-to-32 -Wno-newline-eof -Wno-c++11-extensions -Wno-implicit-fallthrough -fstrict-aliasing -Wdeprecated-declarations -Winvalid-offsetof -Wno-sign-conversion -Wno-infinite-recursion -Wno-move -Wno-comma -Wno-block-capture-autoreleasing -Wno-strict-prototypes -Wno-range-loop-analysis -Wno-semicolon-before-method-body -Wall -Wextra -Wpedantic -Wformat\=2 -Wformat-security -Wnull-dereference -Wdouble-promotion -Wshadow -Wundef -Wcast-align @/Users/larryseyer/AudioDevelopment/OTTO/Builds/MacOSX/CMake-Release/build/OTTO.build/Release/Objects-normal/arm64/82b82416624d2658e5098eb0a28c15c5-common-args.resp -MMD -MT dependencies -MF /Users/larryseyer/AudioDevelopment/OTTO/Builds/MacOSX/CMake-Release/build/OTTO.build/Release/Objects-normal/arm64/WaveformDisplay.d --serialize-diagnostics /Users/larryseyer/AudioDevelopment/OTTO/Builds/MacOSX/CMake-Release/build/OTTO.build/Release/Objects-normal/arm64/WaveformDisplay.dia -c /Users/larryseyer/AudioDevelopment/OTTO/Source/UI/Visualizations/WaveformDisplay.cpp -o /Users/larryseyer/AudioDevelopment/OTTO/Builds/MacOSX/CMake-Release/build/OTTO.build/Release/Objects-normal/arm64/WaveformDisplay.o
In file included from /Users/larryseyer/AudioDevelopment/OTTO/Source/UI/Visualizations/WaveformDisplay.cpp:1:
In file included from /Users/larryseyer/AudioDevelopment/OTTO/Source/UI/Visualizations/WaveformDisplay.h:4:
In file included from /Users/larryseyer/AudioDevelopment/OTTO/Builds/MacOSX/CMake-Release/OTTO_artefacts/JuceLibraryCode/JuceHeader.h:14:
In file included from /Users/larryseyer/AudioDevelopment/OTTO/JUCE/modules/juce_audio_plugin_client/juce_audio_plugin_client.h:63:
In file included from /Users/larryseyer/AudioDevelopment/OTTO/JUCE/modules/juce_gui_basics/juce_gui_basics.h:68:
In file included from /Users/larryseyer/AudioDevelopment/OTTO/JUCE/modules/juce_graphics/juce_graphics.h:67:
In file included from /Users/larryseyer/AudioDevelopment/OTTO/JUCE/modules/juce_core/juce_core.h:77:
/Users/larryseyer/AudioDevelopment/OTTO/JUCE/modules/juce_core/system/juce_TargetPlatform.h:99:5: warning: 'JUCE_WINDOWS' is not defined, evaluates to 0 [-Wundef]
   99 | #if JUCE_WINDOWS
      |     ^
/Users/larryseyer/AudioDevelopment/OTTO/JUCE/modules/juce_core/system/juce_TargetPlatform.h:183:5: warning: 'JUCE_LINUX' is not defined, evaluates to 0 [-Wundef]
  183 | #if JUCE_LINUX || JUCE_ANDROID || JUCE_BSD
      |     ^
/Users/larryseyer/AudioDevelopment/OTTO/JUCE/modules/juce_core/system/juce_TargetPlatform.h:183:19: warning: 'JUCE_ANDROID' is not defined, evaluates to 0 [-Wundef]
  183 | #if JUCE_LINUX || JUCE_ANDROID || JUCE_BSD
      |                   ^
/Users/larryseyer/AudioDevelopment/OTTO/JUCE/modules/juce_core/system/juce_TargetPlatform.h:183:35: warning: 'JUCE_BSD' is not defined, evaluates to 0 [-Wundef]
  183 | #if JUCE_LINUX || JUCE_ANDROID || JUCE_BSD
      |                                   ^
In file included from /Users/larryseyer/AudioDevelopment/OTTO/Source/UI/Visualizations/WaveformDisplay.cpp:1:
In file included from /Users/larryseyer/AudioDevelopment/OTTO/Source/UI/Visualizations/WaveformDisplay.h:4:
In file included from /Users/larryseyer/AudioDevelopment/OTTO/Builds/MacOSX/CMake-Release/OTTO_artefacts/JuceLibraryCode/JuceHeader.h:14:
In file included from /Users/larryseyer/AudioDevelopment/OTTO/JUCE/modules/juce_audio_plugin_client/juce_audio_plugin_client.h:63:
In file included from /Users/larryseyer/AudioDevelopment/OTTO/JUCE/modules/juce_gui_basics/juce_gui_basics.h:68:
In file included from /Users/larryseyer/AudioDevelopment/OTTO/JUCE/modules/juce_graphics/juce_graphics.h:67:
/Users/larryseyer/AudioDevelopment/OTTO/JUCE/modules/juce_core/juce_core.h:115:5: warning: 'JUCE_DEBUG' is not defined, evaluates to 0 [-Wundef]
  115 | #if JUCE_DEBUG && ! defined (JUCE_CHECK_MEMORY_LEAKS)
      |     ^
/Users/larryseyer/AudioDevelopment/OTTO/JUCE/modules/juce_core/juce_core.h:207:5: warning: 'JUCE_CORE_INCLUDE_NATIVE_HEADERS' is not defined, evaluates to 0 [-Wundef]
  207 | #if JUCE_CORE_INCLUDE_NATIVE_HEADERS
      |     ^
/Users/larryseyer/AudioDevelopment/OTTO/JUCE/modules/juce_core/juce_core.h:211:5: warning: 'JUCE_WINDOWS' is not defined, evaluates to 0 [-Wundef]
  211 | #if JUCE_WINDOWS
      |     ^
In file included from /Users/larryseyer/AudioDevelopment/OTTO/Source/UI/Visualizations/WaveformDisplay.cpp:1:
In file included from /Users/larryseyer/AudioDevelopment/OTTO/Source/UI/Visualizations/WaveformDisplay.h:4:
In file included from /Users/larryseyer/AudioDevelopment/OTTO/Builds/MacOSX/CMake-Release/OTTO_artefacts/JuceLibraryCode/JuceHeader.h:14:
In file included from /Users/larryseyer/AudioDevelopment/OTTO/JUCE/modules/juce_audio_plugin_client/juce_audio_plugin_client.h:63:
In file included from /Users/larryseyer/AudioDevelopment/OTTO/JUCE/modules/juce_gui_basics/juce_gui_basics.h:68:
In file included from /Users/larryseyer/AudioDevelopment/OTTO/JUCE/modules/juce_graphics/juce_graphics.h:67:
In file included from /Users/larryseyer/AudioDevelopment/OTTO/JUCE/modules/juce_core/juce_core.h:215:
/Users/larryseyer/AudioDevelopment/OTTO/JUCE/modules/juce_core/system/juce_StandardHeader.h:56:7: warning: 'DOXYGEN' is not defined, evaluates to 0 [-Wundef]
   56 | #if ! DOXYGEN
      |       ^
In file included from /Users/larryseyer/AudioDevelopment/OTTO/Source/UI/Visualizations/WaveformDisplay.cpp:1:
In file included from /Users/larryseyer/AudioDevelopment/OTTO/Source/UI/Visualizations/WaveformDisplay.h:4:
In file included from /Users/larryseyer/AudioDevelopment/OTTO/Builds/MacOSX/CMake-Release/OTTO_artefacts/JuceLibraryCode/JuceHeader.h:14:
In file included from /Users/larryseyer/AudioDevelopment/OTTO/JUCE/modules/juce_audio_plugin_client/juce_audio_plugin_client.h:63:
In file included from /Users/larryseyer/AudioDevelopment/OTTO/JUCE/modules/juce_gui_basics/juce_gui_basics.h:68:
In file included from /Users/larryseyer/AudioDevelopment/OTTO/JUCE/modules/juce_graphics/juce_graphics.h:67:
In file included from /Users/larryseyer/AudioDevelopment/OTTO/JUCE/modules/juce_core/juce_core.h:215:
In file included from /Users/larryseyer/AudioDevelopment/OTTO/JUCE/modules/juce_core/system/juce_StandardHeader.h:93:
/Users/larryseyer/AudioDevelopment/OTTO/JUCE/modules/juce_core/system/juce_CompilerSupport.h:43:5: warning: 'JUCE_GCC' is not defined, evaluates to 0 [-Wundef]
   43 | #if JUCE_GCC
      |     ^
/Users/larryseyer/AudioDevelopment/OTTO/JUCE/modules/juce_core/system/juce_CompilerSupport.h:94:5: warning: 'JUCE_MSVC' is not defined, evaluates to 0 [-Wundef]
   94 | #if JUCE_MSVC
      |     ^
In file included from /Users/larryseyer/AudioDevelopment/OTTO/Source/UI/Visualizations/WaveformDisplay.cpp:1:
In file included from /Users/larryseyer/AudioDevelopment/OTTO/Source/UI/Visualizations/WaveformDisplay.h:4:
In file included from /Users/larryseyer/AudioDevelopment/OTTO/Builds/MacOSX/CMake-Release/OTTO_artefacts/JuceLibraryCode/JuceHeader.h:14:
In file included from /Users/larryseyer/AudioDevelopment/OTTO/JUCE/modules/juce_audio_plugin_client/juce_audio_plugin_client.h:63:
In file included from /Users/larryseyer/AudioDevelopment/OTTO/JUCE/modules/juce_gui_basics/juce_gui_basics.h:68:
In file included from /Users/larryseyer/AudioDevelopment/OTTO/JUCE/modules/juce_graphics/juce_graphics.h:67:
In file included from /Users/larryseyer/AudioDevelopment/OTTO/JUCE/modules/juce_core/juce_core.h:215:
In file included from /Users/larryseyer/AudioDevelopment/OTTO/JUCE/modules/juce_core/system/juce_StandardHeader.h:94:
/Users/larryseyer/AudioDevelopment/OTTO/JUCE/modules/juce_core/system/juce_CompilerWarnings.h:221:5: warning: 'JUCE_MSVC' is not defined, evaluates to 0 [-Wundef]
  221 | #if JUCE_MSVC
      |     ^
In file included from /Users/larryseyer/AudioDevelopment/OTTO/Source/UI/Visualizations/WaveformDisplay.cpp:1:
In file included from /Users/larryseyer/AudioDevelopment/OTTO/Source/UI/Visualizations/WaveformDisplay.h:4:
In file included from /Users/larryseyer/AudioDevelopment/OTTO/Builds/MacOSX/CMake-Release/OTTO_artefacts/JuceLibraryCode/JuceHeader.h:14:
In file included from /Users/larryseyer/AudioDevelopment/OTTO/JUCE/modules/juce_audio_plugin_client/juce_audio_plugin_client.h:63:
In file included from /Users/larryseyer/AudioDevelopment/OTTO/JUCE/modules/juce_gui_basics/juce_gui_basics.h:68:
In file included from /Users/larryseyer/AudioDevelopment/OTTO/JUCE/modules/juce_graphics/juce_graphics.h:67:
In file included from /Users/larryseyer/AudioDevelopment/OTTO/JUCE/modules/juce_core/juce_core.h:215:
In file included from /Users/larryseyer/AudioDevelopment/OTTO/JUCE/modules/juce_core/system/juce_StandardHeader.h:95:
/Users/larryseyer/AudioDevelopment/OTTO/JUCE/modules/juce_core/system/juce_PlatformDefs.h:54:5: warning: 'JUCE_WINDOWS' is not defined, evaluates to 0 [-Wundef]
   54 | #if JUCE_WINDOWS
      |     ^
/Users/larryseyer/AudioDevelopment/OTTO/JUCE/modules/juce_core/system/juce_PlatformDefs.h:66:29: warning: 'JUCE_DEBUG' is not defined, evaluates to 0 [-Wundef]
   66 |  #if JUCE_LOG_ASSERTIONS || JUCE_DEBUG
      |                             ^
/Users/larryseyer/AudioDevelopment/OTTO/JUCE/modules/juce_core/system/juce_PlatformDefs.h:74:5: warning: 'JUCE_IOS' is not defined, evaluates to 0 [-Wundef]
   74 | #if JUCE_IOS || JUCE_LINUX || JUCE_BSD
      |     ^
/Users/larryseyer/AudioDevelopment/OTTO/JUCE/modules/juce_core/system/juce_PlatformDefs.h:74:17: warning: 'JUCE_LINUX' is not defined, evaluates to 0 [-Wundef]
   74 | #if JUCE_IOS || JUCE_LINUX || JUCE_BSD
      |                 ^
/Users/larryseyer/AudioDevelopment/OTTO/JUCE/modules/juce_core/system/juce_PlatformDefs.h:74:31: warning: 'JUCE_BSD' is not defined, evaluates to 0 [-Wundef]
   74 | #if JUCE_IOS || JUCE_LINUX || JUCE_BSD
      |                               ^
/Users/larryseyer/AudioDevelopment/OTTO/JUCE/modules/juce_core/system/juce_PlatformDefs.h:81:7: warning: 'JUCE_MSVC' is not defined, evaluates to 0 [-Wundef]
   81 | #elif JUCE_MSVC
      |       ^
/Users/larryseyer/AudioDevelopment/OTTO/JUCE/modules/juce_core/system/juce_PlatformDefs.h:86:7: warning: 'JUCE_INTEL' is not defined, evaluates to 0 [-Wundef]
   86 | #elif JUCE_INTEL && (JUCE_GCC || JUCE_CLANG || JUCE_MAC)
      |       ^
/Users/larryseyer/AudioDevelopment/OTTO/JUCE/modules/juce_core/system/juce_PlatformDefs.h:132:5: warning: 'JUCE_MSVC' is not defined, evaluates to 0 [-Wundef]
  132 | #if JUCE_MSVC && ! defined (DOXYGEN)
      |     ^
/Users/larryseyer/AudioDevelopment/OTTO/JUCE/modules/juce_core/system/juce_PlatformDefs.h:146:6: warning: 'JUCE_DEBUG' is not defined, evaluates to 0 [-Wundef]
  146 | #if (JUCE_DEBUG && ! JUCE_DISABLE_ASSERTIONS) || DOXYGEN
      |      ^
/Users/larryseyer/AudioDevelopment/OTTO/JUCE/modules/juce_core/system/juce_PlatformDefs.h:146:50: warning: 'DOXYGEN' is not defined, evaluates to 0 [-Wundef]
  146 | #if (JUCE_DEBUG && ! JUCE_DISABLE_ASSERTIONS) || DOXYGEN
      |                                                  ^
/Users/larryseyer/AudioDevelopment/OTTO/JUCE/modules/juce_core/system/juce_PlatformDefs.h:272:5: warning: 'JUCE_MSVC' is not defined, evaluates to 0 [-Wundef]
  272 | #if JUCE_MSVC && ! defined (DOXYGEN)
      |     ^
/Users/larryseyer/AudioDevelopment/OTTO/JUCE/modules/juce_core/system/juce_PlatformDefs.h:291:5: warning: 'JUCE_DEBUG' is not defined, evaluates to 0 [-Wundef]
  291 | #if JUCE_DEBUG || DOXYGEN
      |     ^
/Users/larryseyer/AudioDevelopment/OTTO/JUCE/modules/juce_core/system/juce_PlatformDefs.h:291:19: warning: 'DOXYGEN' is not defined, evaluates to 0 [-Wundef]
  291 | #if JUCE_DEBUG || DOXYGEN
      |                   ^
/Users/larryseyer/AudioDevelopment/OTTO/JUCE/modules/juce_core/system/juce_PlatformDefs.h:299:7: warning: 'JUCE_MSVC' is not defined, evaluates to 0 [-Wundef]
  299 |   #if JUCE_MSVC
      |       ^
/Users/larryseyer/AudioDevelopment/OTTO/JUCE/modules/juce_core/system/juce_PlatformDefs.h:306:5: warning: 'JUCE_MSVC' is not defined, evaluates to 0 [-Wundef]
  306 | #if JUCE_MSVC || DOXYGEN
      |     ^
/Users/larryseyer/AudioDevelopment/OTTO/JUCE/modules/juce_core/system/juce_PlatformDefs.h:306:18: warning: 'DOXYGEN' is not defined, evaluates to 0 [-Wundef]
  306 | #if JUCE_MSVC || DOXYGEN
      |                  ^
/Users/larryseyer/AudioDevelopment/OTTO/JUCE/modules/juce_core/system/juce_PlatformDefs.h:315:5: warning: 'JUCE_ANDROID' is not defined, evaluates to 0 [-Wundef]
  315 | #if JUCE_ANDROID && ! defined (DOXYGEN)
      |     ^
/Users/larryseyer/AudioDevelopment/OTTO/JUCE/modules/juce_core/system/juce_PlatformDefs.h:324:5: warning: 'JUCE_GCC' is not defined, evaluates to 0 [-Wundef]
  324 | #if JUCE_GCC || JUCE_CLANG
      |     ^
/Users/larryseyer/AudioDevelopment/OTTO/JUCE/modules/juce_core/system/juce_PlatformDefs.h:331:5: warning: 'JUCE_GCC' is not defined, evaluates to 0 [-Wundef]
  331 | #if JUCE_GCC || DOXYGEN
      |     ^
/Users/larryseyer/AudioDevelopment/OTTO/JUCE/modules/juce_core/system/juce_PlatformDefs.h:331:17: warning: 'DOXYGEN' is not defined, evaluates to 0 [-Wundef]
  331 | #if JUCE_GCC || DOXYGEN
      |                 ^
In file included from /Users/larryseyer/AudioDevelopment/OTTO/Source/UI/Visualizations/WaveformDisplay.cpp:1:
In file included from /Users/larryseyer/AudioDevelopment/OTTO/Source/UI/Visualizations/WaveformDisplay.h:4:
In file included from /Users/larryseyer/AudioDevelopment/OTTO/Builds/MacOSX/CMake-Release/OTTO_artefacts/JuceLibraryCode/JuceHeader.h:14:
In file included from /Users/larryseyer/AudioDevelopment/OTTO/JUCE/modules/juce_audio_plugin_client/juce_audio_plugin_client.h:63:
In file included from /Users/larryseyer/AudioDevelopment/OTTO/JUCE/modules/juce_gui_basics/juce_gui_basics.h:68:
In file included from /Users/larryseyer/AudioDevelopment/OTTO/JUCE/modules/juce_graphics/juce_graphics.h:67:
In file included from /Users/larryseyer/AudioDevelopment/OTTO/JUCE/modules/juce_core/juce_core.h:215:
/Users/larryseyer/AudioDevelopment/OTTO/JUCE/modules/juce_core/system/juce_StandardHeader.h:101:5: warning: 'JUCE_MSVC' is not defined, evaluates to 0 [-Wundef]
  101 | #if JUCE_MSVC
      |     ^
/Users/larryseyer/AudioDevelopment/OTTO/JUCE/modules/juce_core/system/juce_StandardHeader.h:113:5: warning: 'JUCE_LINUX' is not defined, evaluates to 0 [-Wundef]
  113 | #if JUCE_LINUX || JUCE_BSD
      |     ^
/Users/larryseyer/AudioDevelopment/OTTO/JUCE/modules/juce_core/system/juce_StandardHeader.h:113:19: warning: 'JUCE_BSD' is not defined, evaluates to 0 [-Wundef]
  113 | #if JUCE_LINUX || JUCE_BSD
      |                   ^
/Users/larryseyer/AudioDevelopment/OTTO/JUCE/modules/juce_core/system/juce_StandardHeader.h:126:5: warning: 'JUCE_MSVC' is not defined, evaluates to 0 [-Wundef]
  126 | #if JUCE_MSVC && JUCE_DEBUG
      |     ^
/Users/larryseyer/AudioDevelopment/OTTO/JUCE/modules/juce_core/system/juce_StandardHeader.h:132:5: warning: 'JUCE_ANDROID' is not defined, evaluates to 0 [-Wundef]
  132 | #if JUCE_ANDROID
      |     ^
/Users/larryseyer/AudioDevelopment/OTTO/JUCE/modules/juce_core/system/juce_StandardHeader.h:147:5: warning: 'JUCE_MSVC' is not defined, evaluates to 0 [-Wundef]
  147 | #if JUCE_MSVC
      |     ^
/Users/larryseyer/AudioDevelopment/OTTO/JUCE/modules/juce_core/system/juce_StandardHeader.h:167:5: warning: 'JUCE_MSVC' is not defined, evaluates to 0 [-Wundef]
  167 | #if JUCE_MSVC && JUCE_DLL_BUILD
      |     ^
In file included from /Users/larryseyer/AudioDevelopment/OTTO/Source/UI/Visualizations/WaveformDisplay.cpp:1:
In file included from /Users/larryseyer/AudioDevelopment/OTTO/Source/UI/Visualizations/WaveformDisplay.h:4:
In file included from /Users/larryseyer/AudioDevelopment/OTTO/Builds/MacOSX/CMake-Release/OTTO_artefacts/JuceLibraryCode/JuceHeader.h:14:
In file included from /Users/larryseyer/AudioDevelopment/OTTO/JUCE/modules/juce_audio_plugin_client/juce_audio_plugin_client.h:63:
In file included from /Users/larryseyer/AudioDevelopment/OTTO/JUCE/modules/juce_gui_basics/juce_gui_basics.h:68:
In file included from /Users/larryseyer/AudioDevelopment/OTTO/JUCE/modules/juce_graphics/juce_graphics.h:67:
In file included from /Users/larryseyer/AudioDevelopment/OTTO/JUCE/modules/juce_core/juce_core.h:239:
/Users/larryseyer/AudioDevelopment/OTTO/JUCE/modules/juce_core/memory/juce_Memory.h:165:59: warning: 'DOXYGEN' is not defined, evaluates to 0 [-Wundef]
  165 | #if (JUCE_COMPILER_SUPPORTS_ARC && defined (__OBJC__)) || DOXYGEN
      |                                                           ^
/Users/larryseyer/AudioDevelopment/OTTO/JUCE/modules/juce_core/memory/juce_Memory.h:181:5: warning: 'JUCE_MSVC' is not defined, evaluates to 0 [-Wundef]
  181 | #if JUCE_MSVC && (defined (JUCE_DLL) || defined (JUCE_DLL_BUILD)) && ! (JUCE_DISABLE_DLL_ALLOCATORS || DOXYGEN)
      |     ^
In file included from /Users/larryseyer/AudioDevelopment/OTTO/Source/UI/Visualizations/WaveformDisplay.cpp:1:
In file included from /Users/larryseyer/AudioDevelopment/OTTO/Source/UI/Visualizations/WaveformDisplay.h:4:
In file included from /Users/larryseyer/AudioDevelopment/OTTO/Builds/MacOSX/CMake-Release/OTTO_artefacts/JuceLibraryCode/JuceHeader.h:14:
In file included from /Users/larryseyer/AudioDevelopment/OTTO/JUCE/modules/juce_audio_plugin_client/juce_audio_plugin_client.h:63:
In file included from /Users/larryseyer/AudioDevelopment/OTTO/JUCE/modules/juce_gui_basics/juce_gui_basics.h:68:
In file included from /Users/larryseyer/AudioDevelopment/OTTO/JUCE/modules/juce_graphics/juce_graphics.h:67:
In file included from /Users/larryseyer/AudioDevelopment/OTTO/JUCE/modules/juce_core/juce_core.h:240:
/Users/larryseyer/AudioDevelopment/OTTO/JUCE/modules/juce_core/maths/juce_MathsFunctions.h:59:5: warning: 'JUCE_MSVC' is not defined, evaluates to 0 [-Wundef]
   59 | #if JUCE_MSVC
      |     ^
/Users/larryseyer/AudioDevelopment/OTTO/JUCE/modules/juce_core/maths/juce_MathsFunctions.h:97:5: warning: 'JUCE_WINDOWS' is not defined, evaluates to 0 [-Wundef]
   97 | #if JUCE_WINDOWS
      |     ^
/Users/larryseyer/AudioDevelopment/OTTO/JUCE/modules/juce_core/maths/juce_MathsFunctions.h:125:8: warning: 'JUCE_MSVC' is not defined, evaluates to 0 [-Wundef]
  125 |    #if JUCE_MSVC
      |        ^
/Users/larryseyer/AudioDevelopment/OTTO/JUCE/modules/juce_core/maths/juce_MathsFunctions.h:136:8: warning: 'JUCE_MSVC' is not defined, evaluates to 0 [-Wundef]
  136 |    #if JUCE_MSVC
      |        ^
/Users/larryseyer/AudioDevelopment/OTTO/JUCE/modules/juce_core/maths/juce_MathsFunctions.h:579:5: warning: 'JUCE_MSVC' is not defined, evaluates to 0 [-Wundef]
  579 | #if JUCE_MSVC
      |     ^
/Users/larryseyer/AudioDevelopment/OTTO/JUCE/modules/juce_core/maths/juce_MathsFunctions.h:606:8: warning: 'JUCE_BIG_ENDIAN' is not defined, evaluates to 0 [-Wundef]
  606 |    #if JUCE_BIG_ENDIAN
      |        ^
/Users/larryseyer/AudioDevelopment/OTTO/JUCE/modules/juce_core/maths/juce_MathsFunctions.h:618:5: warning: 'JUCE_MSVC' is not defined, evaluates to 0 [-Wundef]
  618 | #if JUCE_MSVC
      |     ^
/Users/larryseyer/AudioDevelopment/OTTO/JUCE/modules/juce_core/maths/juce_MathsFunctions.h:738:5: warning: 'JUCE_INTEL' is not defined, evaluates to 0 [-Wundef]
  738 | #if JUCE_INTEL || DOXYGEN
      |     ^
/Users/larryseyer/AudioDevelopment/OTTO/JUCE/modules/juce_core/maths/juce_MathsFunctions.h:738:19: warning: 'DOXYGEN' is not defined, evaluates to 0 [-Wundef]
  738 | #if JUCE_INTEL || DOXYGEN
      |                   ^
In file included from /Users/larryseyer/AudioDevelopment/OTTO/Source/UI/Visualizations/WaveformDisplay.cpp:1:
In file included from /Users/larryseyer/AudioDevelopment/OTTO/Source/UI/Visualizations/WaveformDisplay.h:4:
In file included from /Users/larryseyer/AudioDevelopment/OTTO/Builds/MacOSX/CMake-Release/OTTO_artefacts/JuceLibraryCode/JuceHeader.h:14:
In file included from /Users/larryseyer/AudioDevelopment/OTTO/JUCE/modules/juce_audio_plugin_client/juce_audio_plugin_client.h:63:
In file included from /Users/larryseyer/AudioDevelopment/OTTO/JUCE/modules/juce_gui_basics/juce_gui_basics.h:68:
In file included from /Users/larryseyer/AudioDevelopment/OTTO/JUCE/modules/juce_graphics/juce_graphics.h:67:
In file included from /Users/larryseyer/AudioDevelopment/OTTO/JUCE/modules/juce_core/juce_core.h:241:
/Users/larryseyer/AudioDevelopment/OTTO/JUCE/modules/juce_core/memory/juce_ByteOrder.h:162:5: warning: 'JUCE_MSVC' is not defined, evaluates to 0 [-Wundef]
  162 | #if JUCE_MSVC && ! defined (__INTEL_COMPILER)
      |     ^
In file included from /Users/larryseyer/AudioDevelopment/OTTO/Source/UI/Visualizations/WaveformDisplay.cpp:1:
In file included from /Users/larryseyer/AudioDevelopment/OTTO/Source/UI/Visualizations/WaveformDisplay.h:4:
In file included from /Users/larryseyer/AudioDevelopment/OTTO/Builds/MacOSX/CMake-Release/OTTO_artefacts/JuceLibraryCode/JuceHeader.h:14:
In file included from /Users/larryseyer/AudioDevelopment/OTTO/JUCE/modules/juce_audio_plugin_client/juce_audio_plugin_client.h:63:
In file included from /Users/larryseyer/AudioDevelopment/OTTO/JUCE/modules/juce_gui_basics/juce_gui_basics.h:68:
In file included from /Users/larryseyer/AudioDevelopment/OTTO/JUCE/modules/juce_graphics/juce_graphics.h:67:
In file included from /Users/larryseyer/AudioDevelopment/OTTO/JUCE/modules/juce_core/juce_core.h:243:
/Users/larryseyer/AudioDevelopment/OTTO/JUCE/modules/juce_core/text/juce_CharacterFunctions.h:39:5: warning: 'JUCE_WINDOWS' is not defined, evaluates to 0 [-Wundef]
   39 | #if JUCE_WINDOWS && ! defined (DOXYGEN)
      |     ^
/Users/larryseyer/AudioDevelopment/OTTO/JUCE/modules/juce_core/text/juce_CharacterFunctions.h:64:5: warning: 'JUCE_DEFINE_T_MACRO' is not defined, evaluates to 0 [-Wundef]
   64 | #if JUCE_DEFINE_T_MACRO
      |     ^
/Users/larryseyer/AudioDevelopment/OTTO/JUCE/modules/juce_core/text/juce_CharacterFunctions.h:406:12: warning: 'JUCE_WINDOWS' is not defined, evaluates to 0 [-Wundef]
  406 |        #if JUCE_WINDOWS
      |            ^
/Users/larryseyer/AudioDevelopment/OTTO/JUCE/modules/juce_core/text/juce_CharacterFunctions.h:411:13: warning: 'JUCE_ANDROID' is not defined, evaluates to 0 [-Wundef]
  411 |         #if JUCE_ANDROID
      |             ^
In file included from /Users/larryseyer/AudioDevelopment/OTTO/Source/UI/Visualizations/WaveformDisplay.cpp:1:
In file included from /Users/larryseyer/AudioDevelopment/OTTO/Source/UI/Visualizations/WaveformDisplay.h:4:
In file included from /Users/larryseyer/AudioDevelopment/OTTO/Builds/MacOSX/CMake-Release/OTTO_artefacts/JuceLibraryCode/JuceHeader.h:14:
In file included from /Users/larryseyer/AudioDevelopment/OTTO/JUCE/modules/juce_audio_plugin_client/juce_audio_plugin_client.h:63:
In file included from /Users/larryseyer/AudioDevelopment/OTTO/JUCE/modules/juce_gui_basics/juce_gui_basics.h:68:
In file included from /Users/larryseyer/AudioDevelopment/OTTO/JUCE/modules/juce_graphics/juce_graphics.h:67:
In file included from /Users/larryseyer/AudioDevelopment/OTTO/JUCE/modules/juce_core/juce_core.h:247:
/Users/larryseyer/AudioDevelopment/OTTO/JUCE/modules/juce_core/text/juce_CharPointer_UTF8.h:481:12: warning: 'JUCE_WINDOWS' is not defined, evaluates to 0 [-Wundef]
  481 |        #if JUCE_WINDOWS
      |            ^
In file included from /Users/larryseyer/AudioDevelopment/OTTO/Source/UI/Visualizations/WaveformDisplay.cpp:1:
In file included from /Users/larryseyer/AudioDevelopment/OTTO/Source/UI/Visualizations/WaveformDisplay.h:4:
In file included from /Users/larryseyer/AudioDevelopment/OTTO/Builds/MacOSX/CMake-Release/OTTO_artefacts/JuceLibraryCode/JuceHeader.h:14:
In file included from /Users/larryseyer/AudioDevelopment/OTTO/JUCE/modules/juce_audio_plugin_client/juce_audio_plugin_client.h:63:
In file included from /Users/larryseyer/AudioDevelopment/OTTO/JUCE/modules/juce_gui_basics/juce_gui_basics.h:68:
In file included from /Users/larryseyer/AudioDevelopment/OTTO/JUCE/modules/juce_graphics/juce_graphics.h:67:
In file included from /Users/larryseyer/AudioDevelopment/OTTO/JUCE/modules/juce_core/juce_core.h:248:
/Users/larryseyer/AudioDevelopment/OTTO/JUCE/modules/juce_core/text/juce_CharPointer_UTF16.h:353:8: warning: 'JUCE_MSVC' is not defined, evaluates to 0 [-Wundef]
  353 |    #if JUCE_MSVC && ! defined (DOXYGEN)
      |        ^
/Users/larryseyer/AudioDevelopment/OTTO/JUCE/modules/juce_core/text/juce_CharPointer_UTF16.h:412:12: warning: 'JUCE_MSVC' is not defined, evaluates to 0 [-Wundef]
  412 |        #if JUCE_MSVC
      |            ^
/Users/larryseyer/AudioDevelopment/OTTO/JUCE/modules/juce_core/text/juce_CharPointer_UTF16.h:422:12: warning: 'JUCE_MSVC' is not defined, evaluates to 0 [-Wundef]
  422 |        #if JUCE_MSVC
      |            ^
In file included from /Users/larryseyer/AudioDevelopment/OTTO/Source/UI/Visualizations/WaveformDisplay.cpp:1:
In file included from /Users/larryseyer/AudioDevelopment/OTTO/Source/UI/Visualizations/WaveformDisplay.h:4:
In file included from /Users/larryseyer/AudioDevelopment/OTTO/Builds/MacOSX/CMake-Release/OTTO_artefacts/JuceLibraryCode/JuceHeader.h:14:
In file included from /Users/larryseyer/AudioDevelopment/OTTO/JUCE/modules/juce_audio_plugin_client/juce_audio_plugin_client.h:63:
In file included from /Users/larryseyer/AudioDevelopment/OTTO/JUCE/modules/juce_gui_basics/juce_gui_basics.h:68:
In file included from /Users/larryseyer/AudioDevelopment/OTTO/JUCE/modules/juce_graphics/juce_graphics.h:67:
In file included from /Users/larryseyer/AudioDevelopment/OTTO/JUCE/modules/juce_core/juce_core.h:249:
/Users/larryseyer/AudioDevelopment/OTTO/JUCE/modules/juce_core/text/juce_CharPointer_UTF32.h:166:44: warning: 'JUCE_ANDROID' is not defined, evaluates to 0 [-Wundef]
  166 |        #if JUCE_NATIVE_WCHAR_IS_UTF32 && ! JUCE_ANDROID
      |                                            ^
/Users/larryseyer/AudioDevelopment/OTTO/JUCE/modules/juce_core/text/juce_CharPointer_UTF32.h:266:40: warning: 'JUCE_ANDROID' is not defined, evaluates to 0 [-Wundef]
  266 |    #if JUCE_NATIVE_WCHAR_IS_UTF32 && ! JUCE_ANDROID
      |                                        ^
In file included from /Users/larryseyer/AudioDevelopment/OTTO/Source/UI/Visualizations/WaveformDisplay.cpp:1:
In file included from /Users/larryseyer/AudioDevelopment/OTTO/Source/UI/Visualizations/WaveformDisplay.h:4:
In file included from /Users/larryseyer/AudioDevelopment/OTTO/Builds/MacOSX/CMake-Release/OTTO_artefacts/JuceLibraryCode/JuceHeader.h:14:
In file included from /Users/larryseyer/AudioDevelopment/OTTO/JUCE/modules/juce_audio_plugin_client/juce_audio_plugin_client.h:63:
In file included from /Users/larryseyer/AudioDevelopment/OTTO/JUCE/modules/juce_gui_basics/juce_gui_basics.h:68:
In file included from /Users/larryseyer/AudioDevelopment/OTTO/JUCE/modules/juce_graphics/juce_graphics.h:67:
In file included from /Users/larryseyer/AudioDevelopment/OTTO/JUCE/modules/juce_core/juce_core.h:250:
/Users/larryseyer/AudioDevelopment/OTTO/JUCE/modules/juce_core/text/juce_CharPointer_ASCII.h:278:12: warning: 'JUCE_WINDOWS' is not defined, evaluates to 0 [-Wundef]
  278 |        #if JUCE_WINDOWS && JUCE_CLANG
      |            ^
/Users/larryseyer/AudioDevelopment/OTTO/JUCE/modules/juce_core/text/juce_CharPointer_ASCII.h:280:14: warning: 'JUCE_WINDOWS' is not defined, evaluates to 0 [-Wundef]
  280 |        #elif JUCE_WINDOWS
      |              ^
/Users/larryseyer/AudioDevelopment/OTTO/JUCE/modules/juce_core/text/juce_CharPointer_ASCII.h:348:12: warning: 'JUCE_LINUX' is not defined, evaluates to 0 [-Wundef]
  348 |        #if JUCE_LINUX || JUCE_BSD || JUCE_ANDROID
      |            ^
/Users/larryseyer/AudioDevelopment/OTTO/JUCE/modules/juce_core/text/juce_CharPointer_ASCII.h:348:26: warning: 'JUCE_BSD' is not defined, evaluates to 0 [-Wundef]
  348 |        #if JUCE_LINUX || JUCE_BSD || JUCE_ANDROID
      |                          ^
/Users/larryseyer/AudioDevelopment/OTTO/JUCE/modules/juce_core/text/juce_CharPointer_ASCII.h:348:38: warning: 'JUCE_ANDROID' is not defined, evaluates to 0 [-Wundef]
  348 |        #if JUCE_LINUX || JUCE_BSD || JUCE_ANDROID
      |                                      ^
/Users/larryseyer/AudioDevelopment/OTTO/JUCE/modules/juce_core/text/juce_CharPointer_ASCII.h:350:14: warning: 'JUCE_WINDOWS' is not defined, evaluates to 0 [-Wundef]
  350 |        #elif JUCE_WINDOWS
      |              ^
In file included from /Users/larryseyer/AudioDevelopment/OTTO/Source/UI/Visualizations/WaveformDisplay.cpp:1:
In file included from /Users/larryseyer/AudioDevelopment/OTTO/Source/UI/Visualizations/WaveformDisplay.h:4:
In file included from /Users/larryseyer/AudioDevelopment/OTTO/Builds/MacOSX/CMake-Release/OTTO_artefacts/JuceLibraryCode/JuceHeader.h:14:
In file included from /Users/larryseyer/AudioDevelopment/OTTO/JUCE/modules/juce_audio_plugin_client/juce_audio_plugin_client.h:63:
In file included from /Users/larryseyer/AudioDevelopment/OTTO/JUCE/modules/juce_gui_basics/juce_gui_basics.h:68:
In file included from /Users/larryseyer/AudioDevelopment/OTTO/JUCE/modules/juce_graphics/juce_graphics.h:67:
In file included from /Users/larryseyer/AudioDevelopment/OTTO/JUCE/modules/juce_core/juce_core.h:254:
/Users/larryseyer/AudioDevelopment/OTTO/JUCE/modules/juce_core/text/juce_String.h:198:11: warning: 'DOXYGEN' is not defined, evaluates to 0 [-Wundef]
  198 |    #elif (DOXYGEN || JUCE_STRING_UTF_TYPE == 8)
      |           ^
In file included from /Users/larryseyer/AudioDevelopment/OTTO/Source/UI/Visualizations/WaveformDisplay.cpp:1:
In file included from /Users/larryseyer/AudioDevelopment/OTTO/Source/UI/Visualizations/WaveformDisplay.h:4:
In file included from /Users/larryseyer/AudioDevelopment/OTTO/Builds/MacOSX/CMake-Release/OTTO_artefacts/JuceLibraryCode/JuceHeader.h:14:
In file included from /Users/larryseyer/AudioDevelopment/OTTO/JUCE/modules/juce_audio_plugin_client/juce_audio_plugin_client.h:63:
In file included from /Users/larryseyer/AudioDevelopment/OTTO/JUCE/modules/juce_gui_basics/juce_gui_basics.h:68:
In file included from /Users/larryseyer/AudioDevelopment/OTTO/JUCE/modules/juce_graphics/juce_graphics.h:67:
In file included from /Users/larryseyer/AudioDevelopment/OTTO/JUCE/modules/juce_core/juce_core.h:257:
/Users/larryseyer/AudioDevelopment/OTTO/JUCE/modules/juce_core/memory/juce_LeakedObjectDetector.h:124:5: warning: 'DOXYGEN' is not defined, evaluates to 0 [-Wundef]
  124 | #if DOXYGEN || ! defined (JUCE_LEAK_DETECTOR)
      |     ^
/Users/larryseyer/AudioDevelopment/OTTO/JUCE/modules/juce_core/memory/juce_LeakedObjectDetector.h:125:7: warning: 'DOXYGEN' is not defined, evaluates to 0 [-Wundef]
  125 |  #if (DOXYGEN || JUCE_CHECK_MEMORY_LEAKS)
      |       ^
In file included from /Users/larryseyer/AudioDevelopment/OTTO/Source/UI/Visualizations/WaveformDisplay.cpp:1:
In file included from /Users/larryseyer/AudioDevelopment/OTTO/Source/UI/Visualizations/WaveformDisplay.h:4:
In file included from /Users/larryseyer/AudioDevelopment/OTTO/Builds/MacOSX/CMake-Release/OTTO_artefacts/JuceLibraryCode/JuceHeader.h:14:
In file included from /Users/larryseyer/AudioDevelopment/OTTO/JUCE/modules/juce_audio_plugin_client/juce_audio_plugin_client.h:63:
In file included from /Users/larryseyer/AudioDevelopment/OTTO/JUCE/modules/juce_gui_basics/juce_gui_basics.h:68:
In file included from /Users/larryseyer/AudioDevelopment/OTTO/JUCE/modules/juce_graphics/juce_graphics.h:67:
In file included from /Users/larryseyer/AudioDevelopment/OTTO/JUCE/modules/juce_core/juce_core.h:259:
/Users/larryseyer/AudioDevelopment/OTTO/JUCE/modules/juce_core/memory/juce_HeapBlock.h:38:8: warning: 'DOXYGEN' is not defined, evaluates to 0 [-Wundef]
   38 | #if ! (DOXYGEN || JUCE_EXCEPTIONS_DISABLED)
      |        ^
/Users/larryseyer/AudioDevelopment/OTTO/JUCE/modules/juce_core/memory/juce_HeapBlock.h:38:19: warning: 'JUCE_EXCEPTIONS_DISABLED' is not defined, evaluates to 0 [-Wundef]
   38 | #if ! (DOXYGEN || JUCE_EXCEPTIONS_DISABLED)
      |                   ^
/Users/larryseyer/AudioDevelopment/OTTO/JUCE/modules/juce_core/memory/juce_HeapBlock.h:343:12: warning: 'JUCE_EXCEPTIONS_DISABLED' is not defined, evaluates to 0 [-Wundef]
  343 |        #if JUCE_EXCEPTIONS_DISABLED
      |            ^
In file included from /Users/larryseyer/AudioDevelopment/OTTO/Source/UI/Visualizations/WaveformDisplay.cpp:1:
In file included from /Users/larryseyer/AudioDevelopment/OTTO/Source/UI/Visualizations/WaveformDisplay.h:4:
In file included from /Users/larryseyer/AudioDevelopment/OTTO/Builds/MacOSX/CMake-Release/OTTO_artefacts/JuceLibraryCode/JuceHeader.h:14:
In file included from /Users/larryseyer/AudioDevelopment/OTTO/JUCE/modules/juce_audio_plugin_client/juce_audio_plugin_client.h:63:
In file included from /Users/larryseyer/AudioDevelopment/OTTO/JUCE/modules/juce_gui_basics/juce_gui_basics.h:68:
In file included from /Users/larryseyer/AudioDevelopment/OTTO/JUCE/modules/juce_graphics/juce_graphics.h:67:
In file included from /Users/larryseyer/AudioDevelopment/OTTO/JUCE/modules/juce_core/juce_core.h:263:
/Users/larryseyer/AudioDevelopment/OTTO/JUCE/modules/juce_core/memory/juce_ScopedPointer.h:151:10: warning: 'JUCE_MSVC' is not defined, evaluates to 0 [-Wundef]
  151 |    #if ! JUCE_MSVC  // (MSVC can't deal with multiple copy constructors)
      |          ^
In file included from /Users/larryseyer/AudioDevelopment/OTTO/Source/UI/Visualizations/WaveformDisplay.cpp:1:
In file included from /Users/larryseyer/AudioDevelopment/OTTO/Source/UI/Visualizations/WaveformDisplay.h:4:
In file included from /Users/larryseyer/AudioDevelopment/OTTO/Builds/MacOSX/CMake-Release/OTTO_artefacts/JuceLibraryCode/JuceHeader.h:14:
In file included from /Users/larryseyer/AudioDevelopment/OTTO/JUCE/modules/juce_audio_plugin_client/juce_audio_plugin_client.h:63:
In file included from /Users/larryseyer/AudioDevelopment/OTTO/JUCE/modules/juce_gui_basics/juce_gui_basics.h:68:
In file included from /Users/larryseyer/AudioDevelopment/OTTO/JUCE/modules/juce_graphics/juce_graphics.h:67:
In file included from /Users/larryseyer/AudioDevelopment/OTTO/JUCE/modules/juce_core/juce_core.h:271:
/Users/larryseyer/AudioDevelopment/OTTO/JUCE/modules/juce_core/threads/juce_CriticalSection.h:116:8: warning: 'JUCE_WINDOWS' is not defined, evaluates to 0 [-Wundef]
  116 |    #if JUCE_WINDOWS
      |        ^
In file included from /Users/larryseyer/AudioDevelopment/OTTO/Source/UI/Visualizations/WaveformDisplay.cpp:1:
In file included from /Users/larryseyer/AudioDevelopment/OTTO/Source/UI/Visualizations/WaveformDisplay.h:4:
In file included from /Users/larryseyer/AudioDevelopment/OTTO/Builds/MacOSX/CMake-Release/OTTO_artefacts/JuceLibraryCode/JuceHeader.h:14:
In file included from /Users/larryseyer/AudioDevelopment/OTTO/JUCE/modules/juce_audio_plugin_client/juce_audio_plugin_client.h:63:
In file included from /Users/larryseyer/AudioDevelopment/OTTO/JUCE/modules/juce_gui_basics/juce_gui_basics.h:68:
In file included from /Users/larryseyer/AudioDevelopment/OTTO/JUCE/modules/juce_graphics/juce_graphics.h:67:
In file included from /Users/larryseyer/AudioDevelopment/OTTO/JUCE/modules/juce_core/juce_core.h:293:
/Users/larryseyer/AudioDevelopment/OTTO/JUCE/modules/juce_core/memory/juce_HeavyweightLeakedObjectDetector.h:123:5: warning: 'DOXYGEN' is not defined, evaluates to 0 [-Wundef]
  123 | #if DOXYGEN || ! defined (JUCE_HEAVYWEIGHT_LEAK_DETECTOR)
      |     ^
/Users/larryseyer/AudioDevelopment/OTTO/JUCE/modules/juce_core/memory/juce_HeavyweightLeakedObjectDetector.h:124:7: warning: 'DOXYGEN' is not defined, evaluates to 0 [-Wundef]
  124 |  #if (DOXYGEN || JUCE_CHECK_MEMORY_LEAKS)
      |       ^
In file included from /Users/larryseyer/AudioDevelopment/OTTO/Source/UI/Visualizations/WaveformDisplay.cpp:1:
In file included from /Users/larryseyer/AudioDevelopment/OTTO/Source/UI/Visualizations/WaveformDisplay.h:4:
In file included from /Users/larryseyer/AudioDevelopment/OTTO/Builds/MacOSX/CMake-Release/OTTO_artefacts/JuceLibraryCode/JuceHeader.h:14:
In file included from /Users/larryseyer/AudioDevelopment/OTTO/JUCE/modules/juce_audio_plugin_client/juce_audio_plugin_client.h:63:
In file included from /Users/larryseyer/AudioDevelopment/OTTO/JUCE/modules/juce_gui_basics/juce_gui_basics.h:68:
In file included from /Users/larryseyer/AudioDevelopment/OTTO/JUCE/modules/juce_graphics/juce_graphics.h:67:
In file included from /Users/larryseyer/AudioDevelopment/OTTO/JUCE/modules/juce_core/juce_core.h:318:
/Users/larryseyer/AudioDevelopment/OTTO/JUCE/modules/juce_core/files/juce_File.h:38:7: warning: 'DOXYGEN' is not defined, evaluates to 0 [-Wundef]
   38 | #if ! DOXYGEN && (JUCE_MAC || JUCE_IOS)
      |       ^
/Users/larryseyer/AudioDevelopment/OTTO/JUCE/modules/juce_core/files/juce_File.h:970:12: warning: 'JUCE_WINDOWS' is not defined, evaluates to 0 [-Wundef]
  970 |        #if JUCE_WINDOWS || DOXYGEN
      |            ^
/Users/larryseyer/AudioDevelopment/OTTO/JUCE/modules/juce_core/files/juce_File.h:970:28: warning: 'DOXYGEN' is not defined, evaluates to 0 [-Wundef]
  970 |        #if JUCE_WINDOWS || DOXYGEN
      |                            ^
/Users/larryseyer/AudioDevelopment/OTTO/JUCE/modules/juce_core/files/juce_File.h:981:12: warning: 'JUCE_WINDOWS' is not defined, evaluates to 0 [-Wundef]
  981 |        #if JUCE_WINDOWS || DOXYGEN
      |            ^
/Users/larryseyer/AudioDevelopment/OTTO/JUCE/modules/juce_core/files/juce_File.h:981:28: warning: 'DOXYGEN' is not defined, evaluates to 0 [-Wundef]
  981 |        #if JUCE_WINDOWS || DOXYGEN
      |                            ^
/Users/larryseyer/AudioDevelopment/OTTO/JUCE/modules/juce_core/files/juce_File.h:1100:8: warning: 'JUCE_WINDOWS' is not defined, evaluates to 0 [-Wundef]
 1100 |    #if JUCE_WINDOWS || DOXYGEN
      |        ^
/Users/larryseyer/AudioDevelopment/OTTO/JUCE/modules/juce_core/files/juce_File.h:1100:24: warning: 'DOXYGEN' is not defined, evaluates to 0 [-Wundef]
 1100 |    #if JUCE_WINDOWS || DOXYGEN
      |                        ^
/Users/larryseyer/AudioDevelopment/OTTO/JUCE/modules/juce_core/files/juce_File.h:1146:16: warning: 'NAMES_ARE_CASE_SENSITIVE' is not defined, evaluates to 0 [-Wundef]
 1146 |            #if NAMES_ARE_CASE_SENSITIVE
      |                ^
In file included from /Users/larryseyer/AudioDevelopment/OTTO/Source/UI/Visualizations/WaveformDisplay.cpp:1:
In file included from /Users/larryseyer/AudioDevelopment/OTTO/Source/UI/Visualizations/WaveformDisplay.h:4:
In file included from /Users/larryseyer/AudioDevelopment/OTTO/Builds/MacOSX/CMake-Release/OTTO_artefacts/JuceLibraryCode/JuceHeader.h:14:
In file included from /Users/larryseyer/AudioDevelopment/OTTO/JUCE/modules/juce_audio_plugin_client/juce_audio_plugin_client.h:63:
In file included from /Users/larryseyer/AudioDevelopment/OTTO/JUCE/modules/juce_gui_basics/juce_gui_basics.h:68:
In file included from /Users/larryseyer/AudioDevelopment/OTTO/JUCE/modules/juce_graphics/juce_graphics.h:67:
In file included from /Users/larryseyer/AudioDevelopment/OTTO/JUCE/modules/juce_core/juce_core.h:321:
/Users/larryseyer/AudioDevelopment/OTTO/JUCE/modules/juce_core/detail/juce_NativeFileHandle.h:38:5: warning: 'JUCE_WINDOWS' is not defined, evaluates to 0 [-Wundef]
   38 | #if JUCE_WINDOWS
      |     ^
In file included from /Users/larryseyer/AudioDevelopment/OTTO/Source/UI/Visualizations/WaveformDisplay.cpp:1:
In file included from /Users/larryseyer/AudioDevelopment/OTTO/Source/UI/Visualizations/WaveformDisplay.h:4:
In file included from /Users/larryseyer/AudioDevelopment/OTTO/Builds/MacOSX/CMake-Release/OTTO_artefacts/JuceLibraryCode/JuceHeader.h:14:
In file included from /Users/larryseyer/AudioDevelopment/OTTO/JUCE/modules/juce_audio_plugin_client/juce_audio_plugin_client.h:63:
In file included from /Users/larryseyer/AudioDevelopment/OTTO/JUCE/modules/juce_gui_basics/juce_gui_basics.h:68:
In file included from /Users/larryseyer/AudioDevelopment/OTTO/JUCE/modules/juce_graphics/juce_graphics.h:67:
In file included from /Users/larryseyer/AudioDevelopment/OTTO/JUCE/modules/juce_core/juce_core.h:325:
/Users/larryseyer/AudioDevelopment/OTTO/JUCE/modules/juce_core/files/juce_MemoryMappedFile.h:116:8: warning: 'JUCE_WINDOWS' is not defined, evaluates to 0 [-Wundef]
  116 |    #if JUCE_WINDOWS
      |        ^
In file included from /Users/larryseyer/AudioDevelopment/OTTO/Source/UI/Visualizations/WaveformDisplay.cpp:1:
In file included from /Users/larryseyer/AudioDevelopment/OTTO/Source/UI/Visualizations/WaveformDisplay.h:4:
In file included from /Users/larryseyer/AudioDevelopment/OTTO/Builds/MacOSX/CMake-Release/OTTO_artefacts/JuceLibraryCode/JuceHeader.h:14:
In file included from /Users/larryseyer/AudioDevelopment/OTTO/JUCE/modules/juce_audio_plugin_client/juce_audio_plugin_client.h:63:
In file included from /Users/larryseyer/AudioDevelopment/OTTO/JUCE/modules/juce_gui_basics/juce_gui_basics.h:68:
In file included from /Users/larryseyer/AudioDevelopment/OTTO/JUCE/modules/juce_graphics/juce_graphics.h:67:
In file included from /Users/larryseyer/AudioDevelopment/OTTO/JUCE/modules/juce_core/juce_core.h:338:
/Users/larryseyer/AudioDevelopment/OTTO/JUCE/modules/juce_core/misc/juce_WindowsRegistry.h:38:5: warning: 'JUCE_WINDOWS' is not defined, evaluates to 0 [-Wundef]
   38 | #if JUCE_WINDOWS || DOXYGEN
      |     ^
/Users/larryseyer/AudioDevelopment/OTTO/JUCE/modules/juce_core/misc/juce_WindowsRegistry.h:38:21: warning: 'DOXYGEN' is not defined, evaluates to 0 [-Wundef]
   38 | #if JUCE_WINDOWS || DOXYGEN
      |                     ^
In file included from /Users/larryseyer/AudioDevelopment/OTTO/Source/UI/Visualizations/WaveformDisplay.cpp:1:
In file included from /Users/larryseyer/AudioDevelopment/OTTO/Source/UI/Visualizations/WaveformDisplay.h:4:
In file included from /Users/larryseyer/AudioDevelopment/OTTO/Builds/MacOSX/CMake-Release/OTTO_artefacts/JuceLibraryCode/JuceHeader.h:14:
In file included from /Users/larryseyer/AudioDevelopment/OTTO/JUCE/modules/juce_audio_plugin_client/juce_audio_plugin_client.h:63:
In file included from /Users/larryseyer/AudioDevelopment/OTTO/JUCE/modules/juce_gui_basics/juce_gui_basics.h:68:
In file included from /Users/larryseyer/AudioDevelopment/OTTO/JUCE/modules/juce_graphics/juce_graphics.h:67:
In file included from /Users/larryseyer/AudioDevelopment/OTTO/JUCE/modules/juce_core/juce_core.h:342:
/Users/larryseyer/AudioDevelopment/OTTO/JUCE/modules/juce_core/threads/juce_Process.h:122:8: warning: 'JUCE_WINDOWS' is not defined, evaluates to 0 [-Wundef]
  122 |    #if JUCE_WINDOWS || DOXYGEN
      |        ^
/Users/larryseyer/AudioDevelopment/OTTO/JUCE/modules/juce_core/threads/juce_Process.h:122:24: warning: 'DOXYGEN' is not defined, evaluates to 0 [-Wundef]
  122 |    #if JUCE_WINDOWS || DOXYGEN
      |                        ^
In file included from /Users/larryseyer/AudioDevelopment/OTTO/Source/UI/Visualizations/WaveformDisplay.cpp:1:
In file included from /Users/larryseyer/AudioDevelopment/OTTO/Source/UI/Visualizations/WaveformDisplay.h:4:
In file included from /Users/larryseyer/AudioDevelopment/OTTO/Builds/MacOSX/CMake-Release/OTTO_artefacts/JuceLibraryCode/JuceHeader.h:14:
In file included from /Users/larryseyer/AudioDevelopment/OTTO/JUCE/modules/juce_audio_plugin_client/juce_audio_plugin_client.h:63:
In file included from /Users/larryseyer/AudioDevelopment/OTTO/JUCE/modules/juce_gui_basics/juce_gui_basics.h:68:
In file included from /Users/larryseyer/AudioDevelopment/OTTO/JUCE/modules/juce_graphics/juce_graphics.h:67:
In file included from /Users/larryseyer/AudioDevelopment/OTTO/JUCE/modules/juce_core/juce_core.h:345:
/Users/larryseyer/AudioDevelopment/OTTO/JUCE/modules/juce_core/threads/juce_Thread.h:526:8: warning: 'JUCE_ANDROID' is not defined, evaluates to 0 [-Wundef]
  526 |    #if JUCE_ANDROID || DOXYGEN
      |        ^
/Users/larryseyer/AudioDevelopment/OTTO/JUCE/modules/juce_core/threads/juce_Thread.h:526:24: warning: 'DOXYGEN' is not defined, evaluates to 0 [-Wundef]
  526 |    #if JUCE_ANDROID || DOXYGEN
      |                        ^
/Users/larryseyer/AudioDevelopment/OTTO/JUCE/modules/juce_core/threads/juce_Thread.h:607:8: warning: 'JUCE_ANDROID' is not defined, evaluates to 0 [-Wundef]
  607 |    #if JUCE_ANDROID || JUCE_LINUX || JUCE_BSD
      |        ^
/Users/larryseyer/AudioDevelopment/OTTO/JUCE/modules/juce_core/threads/juce_Thread.h:607:24: warning: 'JUCE_LINUX' is not defined, evaluates to 0 [-Wundef]
  607 |    #if JUCE_ANDROID || JUCE_LINUX || JUCE_BSD
      |                        ^
/Users/larryseyer/AudioDevelopment/OTTO/JUCE/modules/juce_core/threads/juce_Thread.h:607:38: warning: 'JUCE_BSD' is not defined, evaluates to 0 [-Wundef]
  607 |    #if JUCE_ANDROID || JUCE_LINUX || JUCE_BSD
      |                                      ^
In file included from /Users/larryseyer/AudioDevelopment/OTTO/Source/UI/Visualizations/WaveformDisplay.cpp:1:
In file included from /Users/larryseyer/AudioDevelopment/OTTO/Source/UI/Visualizations/WaveformDisplay.h:4:
In file included from /Users/larryseyer/AudioDevelopment/OTTO/Builds/MacOSX/CMake-Release/OTTO_artefacts/JuceLibraryCode/JuceHeader.h:14:
In file included from /Users/larryseyer/AudioDevelopment/OTTO/JUCE/modules/juce_audio_plugin_client/juce_audio_plugin_client.h:63:
In file included from /Users/larryseyer/AudioDevelopment/OTTO/JUCE/modules/juce_gui_basics/juce_gui_basics.h:68:
In file included from /Users/larryseyer/AudioDevelopment/OTTO/JUCE/modules/juce_graphics/juce_graphics.h:67:
In file included from /Users/larryseyer/AudioDevelopment/OTTO/JUCE/modules/juce_core/juce_core.h:357:
/Users/larryseyer/AudioDevelopment/OTTO/JUCE/modules/juce_core/network/juce_URL.h:567:12: warning: 'JUCE_IOS' is not defined, evaluates to 0 [-Wundef]
  567 |        #if JUCE_IOS
      |            ^
/Users/larryseyer/AudioDevelopment/OTTO/JUCE/modules/juce_core/network/juce_URL.h:708:8: warning: 'JUCE_IOS' is not defined, evaluates to 0 [-Wundef]
  708 |    #if JUCE_IOS
      |        ^
In file included from /Users/larryseyer/AudioDevelopment/OTTO/Source/UI/Visualizations/WaveformDisplay.cpp:1:
In file included from /Users/larryseyer/AudioDevelopment/OTTO/Source/UI/Visualizations/WaveformDisplay.h:4:
In file included from /Users/larryseyer/AudioDevelopment/OTTO/Builds/MacOSX/CMake-Release/OTTO_artefacts/JuceLibraryCode/JuceHeader.h:14:
In file included from /Users/larryseyer/AudioDevelopment/OTTO/JUCE/modules/juce_audio_plugin_client/juce_audio_plugin_client.h:63:
In file included from /Users/larryseyer/AudioDevelopment/OTTO/JUCE/modules/juce_gui_basics/juce_gui_basics.h:68:
In file included from /Users/larryseyer/AudioDevelopment/OTTO/JUCE/modules/juce_graphics/juce_graphics.h:67:
In file included from /Users/larryseyer/AudioDevelopment/OTTO/JUCE/modules/juce_core/juce_core.h:366:
/Users/larryseyer/AudioDevelopment/OTTO/JUCE/modules/juce_core/zip/juce_ZipFile.h:280:8: warning: 'JUCE_DEBUG' is not defined, evaluates to 0 [-Wundef]
  280 |    #if JUCE_DEBUG
      |        ^
In file included from /Users/larryseyer/AudioDevelopment/OTTO/Source/UI/Visualizations/WaveformDisplay.cpp:1:
In file included from /Users/larryseyer/AudioDevelopment/OTTO/Source/UI/Visualizations/WaveformDisplay.h:4:
In file included from /Users/larryseyer/AudioDevelopment/OTTO/Builds/MacOSX/CMake-Release/OTTO_artefacts/JuceLibraryCode/JuceHeader.h:14:
In file included from /Users/larryseyer/AudioDevelopment/OTTO/JUCE/modules/juce_audio_plugin_client/juce_audio_plugin_client.h:63:
In file included from /Users/larryseyer/AudioDevelopment/OTTO/JUCE/modules/juce_gui_basics/juce_gui_basics.h:68:
In file included from /Users/larryseyer/AudioDevelopment/OTTO/JUCE/modules/juce_graphics/juce_graphics.h:67:
/Users/larryseyer/AudioDevelopment/OTTO/JUCE/modules/juce_core/juce_core.h:378:5: warning: 'JUCE_CORE_INCLUDE_OBJC_HELPERS' is not defined, evaluates to 0 [-Wundef]
  378 | #if JUCE_CORE_INCLUDE_OBJC_HELPERS && (JUCE_MAC || JUCE_IOS)
      |     ^
/Users/larryseyer/AudioDevelopment/OTTO/JUCE/modules/juce_core/juce_core.h:383:5: warning: 'JUCE_CORE_INCLUDE_COM_SMART_PTR' is not defined, evaluates to 0 [-Wundef]
  383 | #if JUCE_CORE_INCLUDE_COM_SMART_PTR && JUCE_WINDOWS
      |     ^
/Users/larryseyer/AudioDevelopment/OTTO/JUCE/modules/juce_core/juce_core.h:387:5: warning: 'JUCE_CORE_INCLUDE_JNI_HELPERS' is not defined, evaluates to 0 [-Wundef]
  387 | #if JUCE_CORE_INCLUDE_JNI_HELPERS && JUCE_ANDROID
      |     ^
/Users/larryseyer/AudioDevelopment/OTTO/JUCE/modules/juce_core/juce_core.h:392:5: warning: 'JUCE_UNIT_TESTS' is not defined, evaluates to 0 [-Wundef]
  392 | #if JUCE_UNIT_TESTS
      |     ^
/Users/larryseyer/AudioDevelopment/OTTO/JUCE/modules/juce_core/juce_core.h:407:6: warning: 'JUCE_DEBUG' is not defined, evaluates to 0 [-Wundef]
  407 |  #if JUCE_DEBUG
      |      ^
In file included from /Users/larryseyer/AudioDevelopment/OTTO/Source/UI/Visualizations/WaveformDisplay.cpp:1:
In file included from /Users/larryseyer/AudioDevelopment/OTTO/Source/UI/Visualizations/WaveformDisplay.h:4:
In file included from /Users/larryseyer/AudioDevelopment/OTTO/Builds/MacOSX/CMake-Release/OTTO_artefacts/JuceLibraryCode/JuceHeader.h:14:
In file included from /Users/larryseyer/AudioDevelopment/OTTO/JUCE/modules/juce_audio_plugin_client/juce_audio_plugin_client.h:63:
In file included from /Users/larryseyer/AudioDevelopment/OTTO/JUCE/modules/juce_gui_basics/juce_gui_basics.h:68:
In file included from /Users/larryseyer/AudioDevelopment/OTTO/JUCE/modules/juce_graphics/juce_graphics.h:68:
/Users/larryseyer/AudioDevelopment/OTTO/JUCE/modules/juce_events/juce_events.h:75:5: warning: 'JUCE_WINDOWS' is not defined, evaluates to 0 [-Wundef]
   75 | #if JUCE_WINDOWS && JUCE_EVENTS_INCLUDE_WINRT_WRAPPER
      |     ^
In file included from /Users/larryseyer/AudioDevelopment/OTTO/Source/UI/Visualizations/WaveformDisplay.cpp:1:
In file included from /Users/larryseyer/AudioDevelopment/OTTO/Source/UI/Visualizations/WaveformDisplay.h:4:
In file included from /Users/larryseyer/AudioDevelopment/OTTO/Builds/MacOSX/CMake-Release/OTTO_artefacts/JuceLibraryCode/JuceHeader.h:14:
In file included from /Users/larryseyer/AudioDevelopment/OTTO/JUCE/modules/juce_audio_plugin_client/juce_audio_plugin_client.h:63:
In file included from /Users/larryseyer/AudioDevelopment/OTTO/JUCE/modules/juce_gui_basics/juce_gui_basics.h:68:
In file included from /Users/larryseyer/AudioDevelopment/OTTO/JUCE/modules/juce_graphics/juce_graphics.h:68:
In file included from /Users/larryseyer/AudioDevelopment/OTTO/JUCE/modules/juce_events/juce_events.h:91:
/Users/larryseyer/AudioDevelopment/OTTO/JUCE/modules/juce_events/messages/juce_ApplicationBase.h:300:8: warning: 'JUCE_IOS' is not defined, evaluates to 0 [-Wundef]
  300 |    #if JUCE_IOS
      |        ^
/Users/larryseyer/AudioDevelopment/OTTO/JUCE/modules/juce_events/messages/juce_ApplicationBase.h:324:40: warning: 'DOXYGEN' is not defined, evaluates to 0 [-Wundef]
  324 | #if JUCE_CATCH_UNHANDLED_EXCEPTIONS || DOXYGEN
      |                                        ^
In file included from /Users/larryseyer/AudioDevelopment/OTTO/Source/UI/Visualizations/WaveformDisplay.cpp:1:
In file included from /Users/larryseyer/AudioDevelopment/OTTO/Source/UI/Visualizations/WaveformDisplay.h:4:
In file included from /Users/larryseyer/AudioDevelopment/OTTO/Builds/MacOSX/CMake-Release/OTTO_artefacts/JuceLibraryCode/JuceHeader.h:14:
In file included from /Users/larryseyer/AudioDevelopment/OTTO/JUCE/modules/juce_audio_plugin_client/juce_audio_plugin_client.h:63:
In file included from /Users/larryseyer/AudioDevelopment/OTTO/JUCE/modules/juce_gui_basics/juce_gui_basics.h:68:
In file included from /Users/larryseyer/AudioDevelopment/OTTO/JUCE/modules/juce_graphics/juce_graphics.h:68:
In file included from /Users/larryseyer/AudioDevelopment/OTTO/JUCE/modules/juce_events/juce_events.h:92:
/Users/larryseyer/AudioDevelopment/OTTO/JUCE/modules/juce_events/messages/juce_Initialisation.h:102:5: warning: 'DOXYGEN' is not defined, evaluates to 0 [-Wundef]
  102 | #if DOXYGEN
      |     ^
/Users/larryseyer/AudioDevelopment/OTTO/JUCE/modules/juce_events/messages/juce_Initialisation.h:105:6: warning: 'JUCE_WINDOWS' is not defined, evaluates to 0 [-Wundef]
  105 |  #if JUCE_WINDOWS && ! defined (_CONSOLE)
      |      ^
/Users/larryseyer/AudioDevelopment/OTTO/JUCE/modules/juce_events/messages/juce_Initialisation.h:116:6: warning: 'JUCE_IOS' is not defined, evaluates to 0 [-Wundef]
  116 |  #if JUCE_IOS
      |      ^
/Users/larryseyer/AudioDevelopment/OTTO/JUCE/modules/juce_events/messages/juce_Initialisation.h:138:8: warning: 'JUCE_ANDROID' is not defined, evaluates to 0 [-Wundef]
  138 |  #elif JUCE_ANDROID
      |        ^
/Users/larryseyer/AudioDevelopment/OTTO/JUCE/modules/juce_events/messages/juce_Initialisation.h:161:7: warning: 'JUCE_USE_CUSTOM_PLUGIN_STANDALONE_APP' is not defined, evaluates to 0 [-Wundef]
  161 |   #if JUCE_USE_CUSTOM_PLUGIN_STANDALONE_APP
      |       ^
/Users/larryseyer/AudioDevelopment/OTTO/JUCE/modules/juce_events/messages/juce_Initialisation.h:168:8: warning: 'JUCE_IOS' is not defined, evaluates to 0 [-Wundef]
  168 |    #if JUCE_IOS
      |        ^
In file included from /Users/larryseyer/AudioDevelopment/OTTO/Source/UI/Visualizations/WaveformDisplay.cpp:1:
In file included from /Users/larryseyer/AudioDevelopment/OTTO/Source/UI/Visualizations/WaveformDisplay.h:4:
In file included from /Users/larryseyer/AudioDevelopment/OTTO/Builds/MacOSX/CMake-Release/OTTO_artefacts/JuceLibraryCode/JuceHeader.h:14:
In file included from /Users/larryseyer/AudioDevelopment/OTTO/JUCE/modules/juce_audio_plugin_client/juce_audio_plugin_client.h:63:
In file included from /Users/larryseyer/AudioDevelopment/OTTO/JUCE/modules/juce_gui_basics/juce_gui_basics.h:68:
In file included from /Users/larryseyer/AudioDevelopment/OTTO/JUCE/modules/juce_graphics/juce_graphics.h:68:
/Users/larryseyer/AudioDevelopment/OTTO/JUCE/modules/juce_events/juce_events.h:110:5: warning: 'JUCE_LINUX' is not defined, evaluates to 0 [-Wundef]
  110 | #if JUCE_LINUX || JUCE_BSD
      |     ^
/Users/larryseyer/AudioDevelopment/OTTO/JUCE/modules/juce_events/juce_events.h:110:19: warning: 'JUCE_BSD' is not defined, evaluates to 0 [-Wundef]
  110 | #if JUCE_LINUX || JUCE_BSD
      |                   ^
/Users/larryseyer/AudioDevelopment/OTTO/JUCE/modules/juce_events/juce_events.h:114:5: warning: 'JUCE_WINDOWS' is not defined, evaluates to 0 [-Wundef]
  114 | #if JUCE_WINDOWS
      |     ^
In file included from /Users/larryseyer/AudioDevelopment/OTTO/Source/UI/Visualizations/WaveformDisplay.cpp:1:
In file included from /Users/larryseyer/AudioDevelopment/OTTO/Source/UI/Visualizations/WaveformDisplay.h:4:
In file included from /Users/larryseyer/AudioDevelopment/OTTO/Builds/MacOSX/CMake-Release/OTTO_artefacts/JuceLibraryCode/JuceHeader.h:14:
In file included from /Users/larryseyer/AudioDevelopment/OTTO/JUCE/modules/juce_audio_plugin_client/juce_audio_plugin_client.h:63:
In file included from /Users/larryseyer/AudioDevelopment/OTTO/JUCE/modules/juce_gui_basics/juce_gui_basics.h:68:
In file included from /Users/larryseyer/AudioDevelopment/OTTO/JUCE/modules/juce_graphics/juce_graphics.h:122:
/Users/larryseyer/AudioDevelopment/OTTO/JUCE/modules/juce_graphics/colour/juce_PixelFormats.h:39:5: warning: 'JUCE_MSVC' is not defined, evaluates to 0 [-Wundef]
   39 | #if JUCE_MSVC
      |     ^
/Users/larryseyer/AudioDevelopment/OTTO/JUCE/modules/juce_graphics/colour/juce_PixelFormats.h:89:12: warning: 'JUCE_ANDROID' is not defined, evaluates to 0 [-Wundef]
   89 |        #if JUCE_ANDROID
      |            ^
/Users/larryseyer/AudioDevelopment/OTTO/JUCE/modules/juce_graphics/colour/juce_PixelFormats.h:100:12: warning: 'JUCE_BIG_ENDIAN' is not defined, evaluates to 0 [-Wundef]
  100 |        #if JUCE_BIG_ENDIAN
      |            ^
/Users/larryseyer/AudioDevelopment/OTTO/JUCE/modules/juce_graphics/colour/juce_PixelFormats.h:301:7: warning: 'JUCE_ANDROID' is not defined, evaluates to 0 [-Wundef]
  301 |   #if JUCE_ANDROID
      |       ^
/Users/larryseyer/AudioDevelopment/OTTO/JUCE/modules/juce_graphics/colour/juce_PixelFormats.h:308:8: warning: 'JUCE_BIG_ENDIAN' is not defined, evaluates to 0 [-Wundef]
  308 |    #if JUCE_BIG_ENDIAN
      |        ^
/Users/larryseyer/AudioDevelopment/OTTO/JUCE/modules/juce_graphics/colour/juce_PixelFormats.h:325:11: warning: 'JUCE_ANDROID' is not defined, evaluates to 0 [-Wundef]
  325 |       #if JUCE_ANDROID
      |           ^
/Users/larryseyer/AudioDevelopment/OTTO/JUCE/modules/juce_graphics/colour/juce_PixelFormats.h:332:12: warning: 'JUCE_BIG_ENDIAN' is not defined, evaluates to 0 [-Wundef]
  332 |        #if JUCE_BIG_ENDIAN
      |            ^
/Users/larryseyer/AudioDevelopment/OTTO/JUCE/modules/juce_graphics/colour/juce_PixelFormats.h:375:12: warning: 'JUCE_ANDROID' is not defined, evaluates to 0 [-Wundef]
  375 |        #if JUCE_ANDROID
      |            ^
/Users/larryseyer/AudioDevelopment/OTTO/JUCE/modules/juce_graphics/colour/juce_PixelFormats.h:386:12: warning: 'JUCE_ANDROID' is not defined, evaluates to 0 [-Wundef]
  386 |        #if JUCE_ANDROID
      |            ^
/Users/larryseyer/AudioDevelopment/OTTO/JUCE/modules/juce_graphics/colour/juce_PixelFormats.h:397:12: warning: 'JUCE_BIG_ENDIAN' is not defined, evaluates to 0 [-Wundef]
  397 |        #if JUCE_BIG_ENDIAN
      |            ^
/Users/larryseyer/AudioDevelopment/OTTO/JUCE/modules/juce_graphics/colour/juce_PixelFormats.h:411:12: warning: 'JUCE_ANDROID' is not defined, evaluates to 0 [-Wundef]
  411 |        #if JUCE_ANDROID
      |            ^
/Users/larryseyer/AudioDevelopment/OTTO/JUCE/modules/juce_graphics/colour/juce_PixelFormats.h:472:12: warning: 'JUCE_ANDROID' is not defined, evaluates to 0 [-Wundef]
  472 |        #if JUCE_ANDROID
      |            ^
/Users/larryseyer/AudioDevelopment/OTTO/JUCE/modules/juce_graphics/colour/juce_PixelFormats.h:504:12: warning: 'JUCE_ANDROID' is not defined, evaluates to 0 [-Wundef]
  504 |        #if JUCE_ANDROID
      |            ^
/Users/larryseyer/AudioDevelopment/OTTO/JUCE/modules/juce_graphics/colour/juce_PixelFormats.h:527:12: warning: 'JUCE_ANDROID' is not defined, evaluates to 0 [-Wundef]
  527 |        #if JUCE_ANDROID
      |            ^
/Users/larryseyer/AudioDevelopment/OTTO/JUCE/modules/juce_graphics/colour/juce_PixelFormats.h:569:11: warning: 'JUCE_ANDROID' is not defined, evaluates to 0 [-Wundef]
  569 |       #if JUCE_ANDROID
      |           ^
/Users/larryseyer/AudioDevelopment/OTTO/JUCE/modules/juce_graphics/colour/juce_PixelFormats.h:745:5: warning: 'JUCE_MSVC' is not defined, evaluates to 0 [-Wundef]
  745 | #if JUCE_MSVC
      |     ^
In file included from /Users/larryseyer/AudioDevelopment/OTTO/Source/UI/Visualizations/WaveformDisplay.cpp:1:
In file included from /Users/larryseyer/AudioDevelopment/OTTO/Source/UI/Visualizations/WaveformDisplay.h:4:
In file included from /Users/larryseyer/AudioDevelopment/OTTO/Builds/MacOSX/CMake-Release/OTTO_artefacts/JuceLibraryCode/JuceHeader.h:14:
In file included from /Users/larryseyer/AudioDevelopment/OTTO/JUCE/modules/juce_audio_plugin_client/juce_audio_plugin_client.h:63:
In file included from /Users/larryseyer/AudioDevelopment/OTTO/JUCE/modules/juce_gui_basics/juce_gui_basics.h:68:
In file included from /Users/larryseyer/AudioDevelopment/OTTO/JUCE/modules/juce_graphics/juce_graphics.h:141:
/Users/larryseyer/AudioDevelopment/OTTO/JUCE/modules/juce_graphics/detail/juce_Ranges.h:114:12: warning: 'JUCE_DEBUG' is not defined, evaluates to 0 [-Wundef]
  114 |        #if JUCE_DEBUG
      |            ^
In file included from /Users/larryseyer/AudioDevelopment/OTTO/Source/UI/Visualizations/WaveformDisplay.cpp:1:
In file included from /Users/larryseyer/AudioDevelopment/OTTO/Source/UI/Visualizations/WaveformDisplay.h:4:
In file included from /Users/larryseyer/AudioDevelopment/OTTO/Builds/MacOSX/CMake-Release/OTTO_artefacts/JuceLibraryCode/JuceHeader.h:14:
In file included from /Users/larryseyer/AudioDevelopment/OTTO/JUCE/modules/juce_audio_plugin_client/juce_audio_plugin_client.h:63:
In file included from /Users/larryseyer/AudioDevelopment/OTTO/JUCE/modules/juce_gui_basics/juce_gui_basics.h:68:
In file included from /Users/larryseyer/AudioDevelopment/OTTO/JUCE/modules/juce_graphics/juce_graphics.h:150:
/Users/larryseyer/AudioDevelopment/OTTO/JUCE/modules/juce_graphics/native/juce_RenderingHelpers.h:389:30: warning: implicit conversion increases floating-point precision: 'float' to 'double' [-Wdouble-promotion]
  389 |                 grad = (p2.y - p1.y) / (double) (p1.x - p2.x);
      |                         ~~~~~^~~~~~  ~
/Users/larryseyer/AudioDevelopment/OTTO/JUCE/modules/juce_graphics/native/juce_RenderingHelpers.h:390:36: warning: implicit conversion increases floating-point precision: 'float' to 'double' [-Wdouble-promotion]
  390 |                 yTerm = p1.y - (p1.x / grad);
      |                                 ~~~^ ~
/Users/larryseyer/AudioDevelopment/OTTO/JUCE/modules/juce_graphics/native/juce_RenderingHelpers.h:390:28: warning: implicit conversion increases floating-point precision: 'float' to 'double' [-Wdouble-promotion]
  390 |                 yTerm = p1.y - (p1.x / grad);
      |                         ~~~^ ~
/Users/larryseyer/AudioDevelopment/OTTO/JUCE/modules/juce_graphics/native/juce_RenderingHelpers.h:391:127: warning: implicit conversion increases floating-point precision: 'float' to 'double' [-Wdouble-promotion]
  391 |                 scale = roundToInt ((double) ((int64_t) numEntries << (int) numScaleBits) / (yTerm * grad - (p2.y * grad - p2.x)));
      |                                                                                                                          ~ ~~~^
/Users/larryseyer/AudioDevelopment/OTTO/JUCE/modules/juce_graphics/native/juce_RenderingHelpers.h:391:113: warning: implicit conversion increases floating-point precision: 'float' to 'double' [-Wdouble-promotion]
  391 |                 scale = roundToInt ((double) ((int64_t) numEntries << (int) numScaleBits) / (yTerm * grad - (p2.y * grad - p2.x)));
      |                                                                                                              ~~~^ ~
/Users/larryseyer/AudioDevelopment/OTTO/JUCE/modules/juce_graphics/native/juce_RenderingHelpers.h:429:36: warning: implicit conversion increases floating-point precision: 'const float' to 'const double' [-Wdouble-promotion]
  429 |               gx1 (gradient.point1.x),
      |                   ~~~~~~~~~~~~~~~~~^
/Users/larryseyer/AudioDevelopment/OTTO/JUCE/modules/juce_graphics/native/juce_RenderingHelpers.h:430:36: warning: implicit conversion increases floating-point precision: 'const float' to 'const double' [-Wdouble-promotion]
  430 |               gy1 (gradient.point1.y)
      |                   ~~~~~~~~~~~~~~~~~^
/Users/larryseyer/AudioDevelopment/OTTO/JUCE/modules/juce_graphics/native/juce_RenderingHelpers.h:434:39: warning: implicit conversion increases floating-point precision: 'float' to 'double' [-Wdouble-promotion]
  434 |             maxDist = diff.x * diff.x + diff.y * diff.y;
      |                     ~ ~~~~~~~~~~~~~~~~^~~~~~~~~~~~~~~~~
/Users/larryseyer/AudioDevelopment/OTTO/JUCE/modules/juce_graphics/native/juce_RenderingHelpers.h:471:37: warning: implicit conversion increases floating-point precision: 'const float' to 'double' [-Wdouble-promotion]
  471 |             tM10 = inverseTransform.mat10;
      |                  ~ ~~~~~~~~~~~~~~~~~^~~~~
/Users/larryseyer/AudioDevelopment/OTTO/JUCE/modules/juce_graphics/native/juce_RenderingHelpers.h:472:37: warning: implicit conversion increases floating-point precision: 'const float' to 'double' [-Wdouble-promotion]
  472 |             tM00 = inverseTransform.mat00;
      |                  ~ ~~~~~~~~~~~~~~~~~^~~~~
/Users/larryseyer/AudioDevelopment/OTTO/JUCE/modules/juce_graphics/native/juce_RenderingHelpers.h:478:56: warning: implicit conversion increases floating-point precision: 'float' to 'double' [-Wdouble-promotion]
  478 |             lineYM01 = inverseTransform.mat01 * floatY + inverseTransform.mat02 - gx1;
      |                        ~~~~~~~~~~~~~~~~~~~~~~~~~~~~~~~~^~~~~~~~~~~~~~~~~~~~~~~~ ~
/Users/larryseyer/AudioDevelopment/OTTO/JUCE/modules/juce_graphics/native/juce_RenderingHelpers.h:479:56: warning: implicit conversion increases floating-point precision: 'float' to 'double' [-Wdouble-promotion]
  479 |             lineYM11 = inverseTransform.mat11 * floatY + inverseTransform.mat12 - gy1;
      |                        ~~~~~~~~~~~~~~~~~~~~~~~~~~~~~~~~^~~~~~~~~~~~~~~~~~~~~~~~ ~
In file included from /Users/larryseyer/AudioDevelopment/OTTO/Source/UI/Visualizations/WaveformDisplay.cpp:1:
In file included from /Users/larryseyer/AudioDevelopment/OTTO/Source/UI/Visualizations/WaveformDisplay.h:4:
In file included from /Users/larryseyer/AudioDevelopment/OTTO/Builds/MacOSX/CMake-Release/OTTO_artefacts/JuceLibraryCode/JuceHeader.h:14:
In file included from /Users/larryseyer/AudioDevelopment/OTTO/JUCE/modules/juce_audio_plugin_client/juce_audio_plugin_client.h:63:
In file included from /Users/larryseyer/AudioDevelopment/OTTO/JUCE/modules/juce_gui_basics/juce_gui_basics.h:68:
/Users/larryseyer/AudioDevelopment/OTTO/JUCE/modules/juce_graphics/juce_graphics.h:157:5: warning: 'JUCE_GRAPHICS_INCLUDE_COREGRAPHICS_HELPERS' is not defined, evaluates to 0 [-Wundef]
  157 | #if JUCE_GRAPHICS_INCLUDE_COREGRAPHICS_HELPERS && (JUCE_MAC || JUCE_IOS)
      |     ^
In file included from /Users/larryseyer/AudioDevelopment/OTTO/Source/UI/Visualizations/WaveformDisplay.cpp:1:
In file included from /Users/larryseyer/AudioDevelopment/OTTO/Source/UI/Visualizations/WaveformDisplay.h:4:
In file included from /Users/larryseyer/AudioDevelopment/OTTO/Builds/MacOSX/CMake-Release/OTTO_artefacts/JuceLibraryCode/JuceHeader.h:14:
In file included from /Users/larryseyer/AudioDevelopment/OTTO/JUCE/modules/juce_audio_plugin_client/juce_audio_plugin_client.h:63:
In file included from /Users/larryseyer/AudioDevelopment/OTTO/JUCE/modules/juce_gui_basics/juce_gui_basics.h:205:
/Users/larryseyer/AudioDevelopment/OTTO/JUCE/modules/juce_gui_basics/components/juce_Component.h:2701:12: warning: 'JUCE_DEBUG' is not defined, evaluates to 0 [-Wundef]
 2701 |        #if JUCE_DEBUG
      |            ^
In file included from /Users/larryseyer/AudioDevelopment/OTTO/Source/UI/Visualizations/WaveformDisplay.cpp:1:
In file included from /Users/larryseyer/AudioDevelopment/OTTO/Source/UI/Visualizations/WaveformDisplay.h:4:
In file included from /Users/larryseyer/AudioDevelopment/OTTO/Builds/MacOSX/CMake-Release/OTTO_artefacts/JuceLibraryCode/JuceHeader.h:14:
In file included from /Users/larryseyer/AudioDevelopment/OTTO/JUCE/modules/juce_audio_plugin_client/juce_audio_plugin_client.h:63:
In file included from /Users/larryseyer/AudioDevelopment/OTTO/JUCE/modules/juce_gui_basics/juce_gui_basics.h:239:
/Users/larryseyer/AudioDevelopment/OTTO/JUCE/modules/juce_gui_basics/layout/juce_ComponentBuilder.h:243:8: warning: 'JUCE_DEBUG' is not defined, evaluates to 0 [-Wundef]
  243 |    #if JUCE_DEBUG
      |        ^
In file included from /Users/larryseyer/AudioDevelopment/OTTO/Source/UI/Visualizations/WaveformDisplay.cpp:1:
In file included from /Users/larryseyer/AudioDevelopment/OTTO/Source/UI/Visualizations/WaveformDisplay.h:4:
In file included from /Users/larryseyer/AudioDevelopment/OTTO/Builds/MacOSX/CMake-Release/OTTO_artefacts/JuceLibraryCode/JuceHeader.h:14:
In file included from /Users/larryseyer/AudioDevelopment/OTTO/JUCE/modules/juce_audio_plugin_client/juce_audio_plugin_client.h:63:
In file included from /Users/larryseyer/AudioDevelopment/OTTO/JUCE/modules/juce_gui_basics/juce_gui_basics.h:283:
/Users/larryseyer/AudioDevelopment/OTTO/JUCE/modules/juce_gui_basics/widgets/juce_ListBox.h:182:10: warning: 'JUCE_DISABLE_ASSERTIONS' is not defined, evaluates to 0 [-Wundef]
  182 |    #if ! JUCE_DISABLE_ASSERTIONS
      |          ^
/Users/larryseyer/AudioDevelopment/OTTO/JUCE/modules/juce_gui_basics/widgets/juce_ListBox.h:235:14: warning: 'JUCE_DISABLE_ASSERTIONS' is not defined, evaluates to 0 [-Wundef]
  235 |        #if ! JUCE_DISABLE_ASSERTIONS
      |              ^
/Users/larryseyer/AudioDevelopment/OTTO/JUCE/modules/juce_gui_basics/widgets/juce_ListBox.h:643:10: warning: 'JUCE_DISABLE_ASSERTIONS' is not defined, evaluates to 0 [-Wundef]
  643 |    #if ! JUCE_DISABLE_ASSERTIONS
      |          ^
In file included from /Users/larryseyer/AudioDevelopment/OTTO/Source/UI/Visualizations/WaveformDisplay.cpp:1:
In file included from /Users/larryseyer/AudioDevelopment/OTTO/Source/UI/Visualizations/WaveformDisplay.h:4:
In file included from /Users/larryseyer/AudioDevelopment/OTTO/Builds/MacOSX/CMake-Release/OTTO_artefacts/JuceLibraryCode/JuceHeader.h:14:
In file included from /Users/larryseyer/AudioDevelopment/OTTO/JUCE/modules/juce_audio_plugin_client/juce_audio_plugin_client.h:63:
In file included from /Users/larryseyer/AudioDevelopment/OTTO/JUCE/modules/juce_gui_basics/juce_gui_basics.h:302:
/Users/larryseyer/AudioDevelopment/OTTO/JUCE/modules/juce_gui_basics/windows/juce_ComponentPeer.h:310:8: warning: 'JUCE_LINUX' is not defined, evaluates to 0 [-Wundef]
  310 |    #if JUCE_LINUX || JUCE_BSD
      |        ^
/Users/larryseyer/AudioDevelopment/OTTO/JUCE/modules/juce_gui_basics/windows/juce_ComponentPeer.h:310:22: warning: 'JUCE_BSD' is not defined, evaluates to 0 [-Wundef]
  310 |    #if JUCE_LINUX || JUCE_BSD
      |                      ^
In file included from /Users/larryseyer/AudioDevelopment/OTTO/Source/UI/Visualizations/WaveformDisplay.cpp:1:
In file included from /Users/larryseyer/AudioDevelopment/OTTO/Source/UI/Visualizations/WaveformDisplay.h:4:
In file included from /Users/larryseyer/AudioDevelopment/OTTO/Builds/MacOSX/CMake-Release/OTTO_artefacts/JuceLibraryCode/JuceHeader.h:14:
In file included from /Users/larryseyer/AudioDevelopment/OTTO/JUCE/modules/juce_audio_plugin_client/juce_audio_plugin_client.h:63:
In file included from /Users/larryseyer/AudioDevelopment/OTTO/JUCE/modules/juce_gui_basics/juce_gui_basics.h:303:
/Users/larryseyer/AudioDevelopment/OTTO/JUCE/modules/juce_gui_basics/windows/juce_ResizableWindow.h:376:8: warning: 'JUCE_DEBUG' is not defined, evaluates to 0 [-Wundef]
  376 |    #if JUCE_DEBUG
      |        ^
/Users/larryseyer/AudioDevelopment/OTTO/JUCE/modules/juce_gui_basics/windows/juce_ResizableWindow.h:414:8: warning: 'JUCE_DEBUG' is not defined, evaluates to 0 [-Wundef]
  414 |    #if JUCE_DEBUG
      |        ^
In file included from /Users/larryseyer/AudioDevelopment/OTTO/Source/UI/Visualizations/WaveformDisplay.cpp:1:
In file included from /Users/larryseyer/AudioDevelopment/OTTO/Source/UI/Visualizations/WaveformDisplay.h:4:
In file included from /Users/larryseyer/AudioDevelopment/OTTO/Builds/MacOSX/CMake-Release/OTTO_artefacts/JuceLibraryCode/JuceHeader.h:14:
In file included from /Users/larryseyer/AudioDevelopment/OTTO/JUCE/modules/juce_audio_plugin_client/juce_audio_plugin_client.h:63:
In file included from /Users/larryseyer/AudioDevelopment/OTTO/JUCE/modules/juce_gui_basics/juce_gui_basics.h:335:
/Users/larryseyer/AudioDevelopment/OTTO/JUCE/modules/juce_gui_basics/application/juce_Application.h:125:8: warning: 'DOXYGEN' is not defined, evaluates to 0 [-Wundef]
  125 |    #if DOXYGEN
      |        ^
In file included from /Users/larryseyer/AudioDevelopment/OTTO/Source/UI/Visualizations/WaveformDisplay.cpp:1:
In file included from /Users/larryseyer/AudioDevelopment/OTTO/Source/UI/Visualizations/WaveformDisplay.h:4:
In file included from /Users/larryseyer/AudioDevelopment/OTTO/Builds/MacOSX/CMake-Release/OTTO_artefacts/JuceLibraryCode/JuceHeader.h:14:
In file included from /Users/larryseyer/AudioDevelopment/OTTO/JUCE/modules/juce_audio_plugin_client/juce_audio_plugin_client.h:63:
/Users/larryseyer/AudioDevelopment/OTTO/JUCE/modules/juce_gui_basics/juce_gui_basics.h:344:5: warning: 'JUCE_LINUX' is not defined, evaluates to 0 [-Wundef]
  344 | #if JUCE_LINUX || JUCE_BSD
      |     ^
/Users/larryseyer/AudioDevelopment/OTTO/JUCE/modules/juce_gui_basics/juce_gui_basics.h:344:19: warning: 'JUCE_BSD' is not defined, evaluates to 0 [-Wundef]
  344 | #if JUCE_LINUX || JUCE_BSD
      |                   ^
/Users/larryseyer/AudioDevelopment/OTTO/JUCE/modules/juce_gui_basics/juce_gui_basics.h:394:5: warning: 'JUCE_GUI_BASICS_INCLUDE_SCOPED_THREAD_DPI_AWARENESS_SETTER' is not defined, evaluates to 0 [-Wundef]
  394 | #if JUCE_GUI_BASICS_INCLUDE_SCOPED_THREAD_DPI_AWARENESS_SETTER && JUCE_WINDOWS
      |     ^
In file included from /Users/larryseyer/AudioDevelopment/OTTO/Source/UI/Visualizations/WaveformDisplay.cpp:1:
In file included from /Users/larryseyer/AudioDevelopment/OTTO/Source/UI/Visualizations/WaveformDisplay.h:4:
In file included from /Users/larryseyer/AudioDevelopment/OTTO/Builds/MacOSX/CMake-Release/OTTO_artefacts/JuceLibraryCode/JuceHeader.h:14:
In file included from /Users/larryseyer/AudioDevelopment/OTTO/JUCE/modules/juce_audio_plugin_client/juce_audio_plugin_client.h:64:
/Users/larryseyer/AudioDevelopment/OTTO/JUCE/modules/juce_audio_basics/juce_audio_basics.h:77:7: warning: 'JUCE_INTEL' is not defined, evaluates to 0 [-Wundef]
   77 | #if ! JUCE_INTEL
      |       ^
/Users/larryseyer/AudioDevelopment/OTTO/JUCE/modules/juce_audio_basics/juce_audio_basics.h:81:24: warning: 'JUCE_USE_VDSP_FRAMEWORK' is not defined, evaluates to 0 [-Wundef]
   81 | #if __ARM_NEON__ && ! (JUCE_USE_VDSP_FRAMEWORK || defined (JUCE_USE_ARM_NEON))
      |                        ^
In file included from /Users/larryseyer/AudioDevelopment/OTTO/Source/UI/Visualizations/WaveformDisplay.cpp:1:
In file included from /Users/larryseyer/AudioDevelopment/OTTO/Source/UI/Visualizations/WaveformDisplay.h:4:
In file included from /Users/larryseyer/AudioDevelopment/OTTO/Builds/MacOSX/CMake-Release/OTTO_artefacts/JuceLibraryCode/JuceHeader.h:14:
In file included from /Users/larryseyer/AudioDevelopment/OTTO/JUCE/modules/juce_audio_plugin_client/juce_audio_plugin_client.h:64:
In file included from /Users/larryseyer/AudioDevelopment/OTTO/JUCE/modules/juce_audio_basics/juce_audio_basics.h:93:
/Users/larryseyer/AudioDevelopment/OTTO/JUCE/modules/juce_audio_basics/buffers/juce_AudioDataConverters.h:103:9: warning: 'JUCE_BIG_ENDIAN' is not defined, evaluates to 0 [-Wundef]
  103 |     #if JUCE_BIG_ENDIAN
      |         ^
/Users/larryseyer/AudioDevelopment/OTTO/JUCE/modules/juce_audio_basics/buffers/juce_AudioDataConverters.h:263:12: warning: 'JUCE_BIG_ENDIAN' is not defined, evaluates to 0 [-Wundef]
  263 |        #if JUCE_BIG_ENDIAN
      |            ^
/Users/larryseyer/AudioDevelopment/OTTO/JUCE/modules/juce_audio_basics/buffers/juce_AudioDataConverters.h:119:135: warning: implicit conversion increases floating-point precision: 'float' to 'double' [-Wdouble-promotion]
  119 |         inline void setAsFloatLE (float newValue) noexcept      { *data = (int8) jlimit ((int) -maxValue, (int) maxValue, roundToInt (newValue * (1.0 + (double) maxValue))); }
      |                                                                                                                                       ^~~~~~~~ ~
/Users/larryseyer/AudioDevelopment/OTTO/JUCE/modules/juce_audio_basics/buffers/juce_AudioDataConverters.h:144:117: warning: implicit conversion increases floating-point precision: 'float' to 'double' [-Wdouble-promotion]
  144 |         inline void setAsFloatLE (float newValue) noexcept      { *data = (uint8) jlimit (0, 255, 128 + roundToInt (newValue * (1.0 + (double) maxValue))); }
      |                                                                                                                     ^~~~~~~~ ~
/Users/larryseyer/AudioDevelopment/OTTO/JUCE/modules/juce_audio_basics/buffers/juce_AudioDataConverters.h:169:168: warning: implicit conversion increases floating-point precision: 'float' to 'double' [-Wdouble-promotion]
  169 |         inline void setAsFloatLE (float newValue) noexcept      { *data = ByteOrder::swapIfBigEndian    ((uint16) jlimit ((int) -maxValue, (int) maxValue, roundToInt (newValue * (1.0 + (double) maxValue)))); }
      |                                                                                                                                                                        ^~~~~~~~ ~
/Users/larryseyer/AudioDevelopment/OTTO/JUCE/modules/juce_audio_basics/buffers/juce_AudioDataConverters.h:170:168: warning: implicit conversion increases floating-point precision: 'float' to 'double' [-Wdouble-promotion]
  170 |         inline void setAsFloatBE (float newValue) noexcept      { *data = ByteOrder::swapIfLittleEndian ((uint16) jlimit ((int) -maxValue, (int) maxValue, roundToInt (newValue * (1.0 + (double) maxValue)))); }
      |                                                                                                                                                                        ^~~~~~~~ ~
/Users/larryseyer/AudioDevelopment/OTTO/JUCE/modules/juce_audio_basics/buffers/juce_AudioDataConverters.h:194:157: warning: implicit conversion increases floating-point precision: 'float' to 'double' [-Wdouble-promotion]
  194 |         inline void setAsFloatLE (float newValue) noexcept      { ByteOrder::littleEndian24BitToChars (jlimit ((int) -maxValue, (int) maxValue, roundToInt (newValue * (1.0 + (double) maxValue))), data); }
      |                                                                                                                                                             ^~~~~~~~ ~
/Users/larryseyer/AudioDevelopment/OTTO/JUCE/modules/juce_audio_basics/buffers/juce_AudioDataConverters.h:195:157: warning: implicit conversion increases floating-point precision: 'float' to 'double' [-Wdouble-promotion]
  195 |         inline void setAsFloatBE (float newValue) noexcept      { ByteOrder::bigEndian24BitToChars (jlimit    ((int) -maxValue, (int) maxValue, roundToInt (newValue * (1.0 + (double) maxValue))), data); }
      |                                                                                                                                                             ^~~~~~~~ ~
In file included from /Users/larryseyer/AudioDevelopment/OTTO/Source/UI/Visualizations/WaveformDisplay.cpp:1:
In file included from /Users/larryseyer/AudioDevelopment/OTTO/Source/UI/Visualizations/WaveformDisplay.h:4:
In file included from /Users/larryseyer/AudioDevelopment/OTTO/Builds/MacOSX/CMake-Release/OTTO_artefacts/JuceLibraryCode/JuceHeader.h:14:
In file included from /Users/larryseyer/AudioDevelopment/OTTO/JUCE/modules/juce_audio_plugin_client/juce_audio_plugin_client.h:64:
In file included from /Users/larryseyer/AudioDevelopment/OTTO/JUCE/modules/juce_audio_basics/juce_audio_basics.h:95:
/Users/larryseyer/AudioDevelopment/OTTO/JUCE/modules/juce_audio_basics/buffers/juce_FloatVectorOperations.h:39:6: warning: 'JUCE_INTEL' is not defined, evaluates to 0 [-Wundef]
   39 |  #if JUCE_INTEL
      |      ^
/Users/larryseyer/AudioDevelopment/OTTO/JUCE/modules/juce_audio_basics/buffers/juce_FloatVectorOperations.h:153:7: warning: 'DOXYGEN' is not defined, evaluates to 0 [-Wundef]
  153 | #if ! DOXYGEN
      |       ^
/Users/larryseyer/AudioDevelopment/OTTO/JUCE/modules/juce_audio_basics/buffers/juce_FloatVectorOperations.h:237:7: warning: 'JUCE_USE_SSE_INTRINSICS' is not defined, evaluates to 0 [-Wundef]
  237 |   #if JUCE_USE_SSE_INTRINSICS || (JUCE_USE_ARM_NEON || (JUCE_64BIT && JUCE_ARM))
      |       ^
In file included from /Users/larryseyer/AudioDevelopment/OTTO/Source/UI/Visualizations/WaveformDisplay.cpp:1:
In file included from /Users/larryseyer/AudioDevelopment/OTTO/Source/UI/Visualizations/WaveformDisplay.h:4:
In file included from /Users/larryseyer/AudioDevelopment/OTTO/Builds/MacOSX/CMake-Release/OTTO_artefacts/JuceLibraryCode/JuceHeader.h:14:
In file included from /Users/larryseyer/AudioDevelopment/OTTO/JUCE/modules/juce_audio_plugin_client/juce_audio_plugin_client.h:64:
In file included from /Users/larryseyer/AudioDevelopment/OTTO/JUCE/modules/juce_audio_basics/juce_audio_basics.h:97:
/Users/larryseyer/AudioDevelopment/OTTO/JUCE/modules/juce_audio_basics/buffers/juce_AudioSampleBuffer.h:1155:15: warning: 'JUCE_GCC' is not defined, evaluates to 0 [-Wundef]
 1155 |        #if (! JUCE_GCC || (__GNUC__ * 100 + __GNUC_MINOR__) >= 409)
      |               ^
In file included from /Users/larryseyer/AudioDevelopment/OTTO/Source/UI/Visualizations/WaveformDisplay.cpp:1:
In file included from /Users/larryseyer/AudioDevelopment/OTTO/Source/UI/Visualizations/WaveformDisplay.h:4:
In file included from /Users/larryseyer/AudioDevelopment/OTTO/Builds/MacOSX/CMake-Release/OTTO_artefacts/JuceLibraryCode/JuceHeader.h:14:
In file included from /Users/larryseyer/AudioDevelopment/OTTO/JUCE/modules/juce_audio_plugin_client/juce_audio_plugin_client.h:64:
In file included from /Users/larryseyer/AudioDevelopment/OTTO/JUCE/modules/juce_audio_basics/juce_audio_basics.h:104:
/Users/larryseyer/AudioDevelopment/OTTO/JUCE/modules/juce_audio_basics/utilities/juce_SmoothedValue.h:421:5: warning: 'JUCE_UNIT_TESTS' is not defined, evaluates to 0 [-Wundef]
  421 | #if JUCE_UNIT_TESTS
      |     ^
In file included from /Users/larryseyer/AudioDevelopment/OTTO/Source/UI/Visualizations/WaveformDisplay.cpp:1:
In file included from /Users/larryseyer/AudioDevelopment/OTTO/Source/UI/Visualizations/WaveformDisplay.h:4:
In file included from /Users/larryseyer/AudioDevelopment/OTTO/Builds/MacOSX/CMake-Release/OTTO_artefacts/JuceLibraryCode/JuceHeader.h:14:
In file included from /Users/larryseyer/AudioDevelopment/OTTO/JUCE/modules/juce_audio_plugin_client/juce_audio_plugin_client.h:64:
In file included from /Users/larryseyer/AudioDevelopment/OTTO/JUCE/modules/juce_audio_basics/juce_audio_basics.h:106:
/Users/larryseyer/AudioDevelopment/OTTO/JUCE/modules/juce_audio_basics/utilities/juce_ADSR.h:155:66: warning: implicit conversion increases floating-point precision: 'float' to 'double' [-Wdouble-promotion]
  155 |                 releaseRate = (float) (envelopeVal / (parameters.release * sampleRate));
      |                                                       ~~~~~~~~~~~^~~~~~~ ~
/Users/larryseyer/AudioDevelopment/OTTO/JUCE/modules/juce_audio_basics/utilities/juce_ADSR.h:155:40: warning: implicit conversion increases floating-point precision: 'float' to 'double' [-Wdouble-promotion]
  155 |                 releaseRate = (float) (envelopeVal / (parameters.release * sampleRate));
      |                                        ^~~~~~~~~~~ ~
/Users/larryseyer/AudioDevelopment/OTTO/JUCE/modules/juce_audio_basics/utilities/juce_ADSR.h:266:64: warning: implicit conversion increases floating-point precision: 'float' to 'double' [-Wdouble-promotion]
  266 |             return timeInSeconds > 0.0f ? (float) (distance / (timeInSeconds * sr)) : -1.0f;
      |                                                                ^~~~~~~~~~~~~ ~
/Users/larryseyer/AudioDevelopment/OTTO/JUCE/modules/juce_audio_basics/utilities/juce_ADSR.h:266:52: warning: implicit conversion increases floating-point precision: 'float' to 'double' [-Wdouble-promotion]
  266 |             return timeInSeconds > 0.0f ? (float) (distance / (timeInSeconds * sr)) : -1.0f;
      |                                                    ^~~~~~~~ ~
In file included from /Users/larryseyer/AudioDevelopment/OTTO/Source/UI/Visualizations/WaveformDisplay.cpp:1:
In file included from /Users/larryseyer/AudioDevelopment/OTTO/Source/UI/Visualizations/WaveformDisplay.h:4:
In file included from /Users/larryseyer/AudioDevelopment/OTTO/Builds/MacOSX/CMake-Release/OTTO_artefacts/JuceLibraryCode/JuceHeader.h:14:
In file included from /Users/larryseyer/AudioDevelopment/OTTO/JUCE/modules/juce_audio_plugin_client/juce_audio_plugin_client.h:65:
In file included from /Users/larryseyer/AudioDevelopment/OTTO/JUCE/modules/juce_audio_processors/juce_audio_processors.h:67:
/Users/larryseyer/AudioDevelopment/OTTO/JUCE/modules/juce_gui_extra/juce_gui_extra.h:127:6: warning: 'JUCE_DEBUG' is not defined, evaluates to 0 [-Wundef]
  127 |  #if JUCE_DEBUG && ! (JUCE_IOS || JUCE_ANDROID)
      |      ^
In file included from /Users/larryseyer/AudioDevelopment/OTTO/Source/UI/Visualizations/WaveformDisplay.cpp:1:
In file included from /Users/larryseyer/AudioDevelopment/OTTO/Source/UI/Visualizations/WaveformDisplay.h:4:
In file included from /Users/larryseyer/AudioDevelopment/OTTO/Builds/MacOSX/CMake-Release/OTTO_artefacts/JuceLibraryCode/JuceHeader.h:14:
In file included from /Users/larryseyer/AudioDevelopment/OTTO/JUCE/modules/juce_audio_plugin_client/juce_audio_plugin_client.h:65:
In file included from /Users/larryseyer/AudioDevelopment/OTTO/JUCE/modules/juce_audio_processors/juce_audio_processors.h:67:
In file included from /Users/larryseyer/AudioDevelopment/OTTO/JUCE/modules/juce_gui_extra/juce_gui_extra.h:141:
/Users/larryseyer/AudioDevelopment/OTTO/JUCE/modules/juce_gui_extra/embedding/juce_ActiveXControlComponent.h:38:5: warning: 'JUCE_WINDOWS' is not defined, evaluates to 0 [-Wundef]
   38 | #if JUCE_WINDOWS || DOXYGEN
      |     ^
/Users/larryseyer/AudioDevelopment/OTTO/JUCE/modules/juce_gui_extra/embedding/juce_ActiveXControlComponent.h:38:21: warning: 'DOXYGEN' is not defined, evaluates to 0 [-Wundef]
   38 | #if JUCE_WINDOWS || DOXYGEN
      |                     ^
In file included from /Users/larryseyer/AudioDevelopment/OTTO/Source/UI/Visualizations/WaveformDisplay.cpp:1:
In file included from /Users/larryseyer/AudioDevelopment/OTTO/Source/UI/Visualizations/WaveformDisplay.h:4:
In file included from /Users/larryseyer/AudioDevelopment/OTTO/Builds/MacOSX/CMake-Release/OTTO_artefacts/JuceLibraryCode/JuceHeader.h:14:
In file included from /Users/larryseyer/AudioDevelopment/OTTO/JUCE/modules/juce_audio_plugin_client/juce_audio_plugin_client.h:65:
In file included from /Users/larryseyer/AudioDevelopment/OTTO/JUCE/modules/juce_audio_processors/juce_audio_processors.h:67:
In file included from /Users/larryseyer/AudioDevelopment/OTTO/JUCE/modules/juce_gui_extra/juce_gui_extra.h:142:
/Users/larryseyer/AudioDevelopment/OTTO/JUCE/modules/juce_gui_extra/embedding/juce_AndroidViewComponent.h:38:5: warning: 'JUCE_ANDROID' is not defined, evaluates to 0 [-Wundef]
   38 | #if JUCE_ANDROID || DOXYGEN
      |     ^
/Users/larryseyer/AudioDevelopment/OTTO/JUCE/modules/juce_gui_extra/embedding/juce_AndroidViewComponent.h:38:21: warning: 'DOXYGEN' is not defined, evaluates to 0 [-Wundef]
   38 | #if JUCE_ANDROID || DOXYGEN
      |                     ^
In file included from /Users/larryseyer/AudioDevelopment/OTTO/Source/UI/Visualizations/WaveformDisplay.cpp:1:
In file included from /Users/larryseyer/AudioDevelopment/OTTO/Source/UI/Visualizations/WaveformDisplay.h:4:
In file included from /Users/larryseyer/AudioDevelopment/OTTO/Builds/MacOSX/CMake-Release/OTTO_artefacts/JuceLibraryCode/JuceHeader.h:14:
In file included from /Users/larryseyer/AudioDevelopment/OTTO/JUCE/modules/juce_audio_plugin_client/juce_audio_plugin_client.h:65:
In file included from /Users/larryseyer/AudioDevelopment/OTTO/JUCE/modules/juce_audio_processors/juce_audio_processors.h:67:
In file included from /Users/larryseyer/AudioDevelopment/OTTO/JUCE/modules/juce_gui_extra/juce_gui_extra.h:144:
/Users/larryseyer/AudioDevelopment/OTTO/JUCE/modules/juce_gui_extra/embedding/juce_UIViewComponent.h:38:5: warning: 'JUCE_IOS' is not defined, evaluates to 0 [-Wundef]
   38 | #if JUCE_IOS || DOXYGEN
      |     ^
/Users/larryseyer/AudioDevelopment/OTTO/JUCE/modules/juce_gui_extra/embedding/juce_UIViewComponent.h:38:17: warning: 'DOXYGEN' is not defined, evaluates to 0 [-Wundef]
   38 | #if JUCE_IOS || DOXYGEN
      |                 ^
In file included from /Users/larryseyer/AudioDevelopment/OTTO/Source/UI/Visualizations/WaveformDisplay.cpp:1:
In file included from /Users/larryseyer/AudioDevelopment/OTTO/Source/UI/Visualizations/WaveformDisplay.h:4:
In file included from /Users/larryseyer/AudioDevelopment/OTTO/Builds/MacOSX/CMake-Release/OTTO_artefacts/JuceLibraryCode/JuceHeader.h:14:
In file included from /Users/larryseyer/AudioDevelopment/OTTO/JUCE/modules/juce_audio_plugin_client/juce_audio_plugin_client.h:65:
In file included from /Users/larryseyer/AudioDevelopment/OTTO/JUCE/modules/juce_audio_processors/juce_audio_processors.h:67:
In file included from /Users/larryseyer/AudioDevelopment/OTTO/JUCE/modules/juce_gui_extra/juce_gui_extra.h:145:
/Users/larryseyer/AudioDevelopment/OTTO/JUCE/modules/juce_gui_extra/embedding/juce_XEmbedComponent.h:43:5: warning: 'JUCE_LINUX' is not defined, evaluates to 0 [-Wundef]
   43 | #if JUCE_LINUX || JUCE_BSD || DOXYGEN
      |     ^
/Users/larryseyer/AudioDevelopment/OTTO/JUCE/modules/juce_gui_extra/embedding/juce_XEmbedComponent.h:43:19: warning: 'JUCE_BSD' is not defined, evaluates to 0 [-Wundef]
   43 | #if JUCE_LINUX || JUCE_BSD || DOXYGEN
      |                   ^
/Users/larryseyer/AudioDevelopment/OTTO/JUCE/modules/juce_gui_extra/embedding/juce_XEmbedComponent.h:43:31: warning: 'DOXYGEN' is not defined, evaluates to 0 [-Wundef]
   43 | #if JUCE_LINUX || JUCE_BSD || DOXYGEN
      |                               ^
In file included from /Users/larryseyer/AudioDevelopment/OTTO/Source/UI/Visualizations/WaveformDisplay.cpp:1:
In file included from /Users/larryseyer/AudioDevelopment/OTTO/Source/UI/Visualizations/WaveformDisplay.h:4:
In file included from /Users/larryseyer/AudioDevelopment/OTTO/Builds/MacOSX/CMake-Release/OTTO_artefacts/JuceLibraryCode/JuceHeader.h:14:
In file included from /Users/larryseyer/AudioDevelopment/OTTO/JUCE/modules/juce_audio_plugin_client/juce_audio_plugin_client.h:65:
In file included from /Users/larryseyer/AudioDevelopment/OTTO/JUCE/modules/juce_audio_processors/juce_audio_processors.h:67:
In file included from /Users/larryseyer/AudioDevelopment/OTTO/JUCE/modules/juce_gui_extra/juce_gui_extra.h:146:
/Users/larryseyer/AudioDevelopment/OTTO/JUCE/modules/juce_gui_extra/embedding/juce_HWNDComponent.h:38:5: warning: 'JUCE_WINDOWS' is not defined, evaluates to 0 [-Wundef]
   38 | #if JUCE_WINDOWS || DOXYGEN
      |     ^
/Users/larryseyer/AudioDevelopment/OTTO/JUCE/modules/juce_gui_extra/embedding/juce_HWNDComponent.h:38:21: warning: 'DOXYGEN' is not defined, evaluates to 0 [-Wundef]
   38 | #if JUCE_WINDOWS || DOXYGEN
      |                     ^
In file included from /Users/larryseyer/AudioDevelopment/OTTO/Source/UI/Visualizations/WaveformDisplay.cpp:1:
In file included from /Users/larryseyer/AudioDevelopment/OTTO/Source/UI/Visualizations/WaveformDisplay.h:4:
In file included from /Users/larryseyer/AudioDevelopment/OTTO/Builds/MacOSX/CMake-Release/OTTO_artefacts/JuceLibraryCode/JuceHeader.h:14:
In file included from /Users/larryseyer/AudioDevelopment/OTTO/JUCE/modules/juce_audio_plugin_client/juce_audio_plugin_client.h:65:
In file included from /Users/larryseyer/AudioDevelopment/OTTO/JUCE/modules/juce_audio_processors/juce_audio_processors.h:67:
In file included from /Users/larryseyer/AudioDevelopment/OTTO/JUCE/modules/juce_gui_extra/juce_gui_extra.h:152:
/Users/larryseyer/AudioDevelopment/OTTO/JUCE/modules/juce_gui_extra/misc/juce_PushNotifications.h:699:8: warning: 'JUCE_ANDROID' is not defined, evaluates to 0 [-Wundef]
  699 |    #if JUCE_ANDROID
      |        ^
In file included from /Users/larryseyer/AudioDevelopment/OTTO/Source/UI/Visualizations/WaveformDisplay.cpp:1:
In file included from /Users/larryseyer/AudioDevelopment/OTTO/Source/UI/Visualizations/WaveformDisplay.h:4:
In file included from /Users/larryseyer/AudioDevelopment/OTTO/Builds/MacOSX/CMake-Release/OTTO_artefacts/JuceLibraryCode/JuceHeader.h:14:
In file included from /Users/larryseyer/AudioDevelopment/OTTO/JUCE/modules/juce_audio_plugin_client/juce_audio_plugin_client.h:65:
In file included from /Users/larryseyer/AudioDevelopment/OTTO/JUCE/modules/juce_audio_processors/juce_audio_processors.h:67:
In file included from /Users/larryseyer/AudioDevelopment/OTTO/JUCE/modules/juce_gui_extra/juce_gui_extra.h:155:
/Users/larryseyer/AudioDevelopment/OTTO/JUCE/modules/juce_gui_extra/misc/juce_SystemTrayIconComponent.h:38:5: warning: 'JUCE_WINDOWS' is not defined, evaluates to 0 [-Wundef]
   38 | #if JUCE_WINDOWS || JUCE_LINUX || JUCE_BSD || JUCE_MAC || DOXYGEN
      |     ^
/Users/larryseyer/AudioDevelopment/OTTO/JUCE/modules/juce_gui_extra/misc/juce_SystemTrayIconComponent.h:38:21: warning: 'JUCE_LINUX' is not defined, evaluates to 0 [-Wundef]
   38 | #if JUCE_WINDOWS || JUCE_LINUX || JUCE_BSD || JUCE_MAC || DOXYGEN
      |                     ^
/Users/larryseyer/AudioDevelopment/OTTO/JUCE/modules/juce_gui_extra/misc/juce_SystemTrayIconComponent.h:38:35: warning: 'JUCE_BSD' is not defined, evaluates to 0 [-Wundef]
   38 | #if JUCE_WINDOWS || JUCE_LINUX || JUCE_BSD || JUCE_MAC || DOXYGEN
      |                                   ^
/Users/larryseyer/AudioDevelopment/OTTO/JUCE/modules/juce_gui_extra/misc/juce_SystemTrayIconComponent.h:102:8: warning: 'JUCE_LINUX' is not defined, evaluates to 0 [-Wundef]
  102 |    #if JUCE_LINUX || JUCE_BSD
      |        ^
/Users/larryseyer/AudioDevelopment/OTTO/JUCE/modules/juce_gui_extra/misc/juce_SystemTrayIconComponent.h:102:22: warning: 'JUCE_BSD' is not defined, evaluates to 0 [-Wundef]
  102 |    #if JUCE_LINUX || JUCE_BSD
      |                      ^
In file included from /Users/larryseyer/AudioDevelopment/OTTO/Source/UI/Visualizations/WaveformDisplay.cpp:1:
In file included from /Users/larryseyer/AudioDevelopment/OTTO/Source/UI/Visualizations/WaveformDisplay.h:4:
In file included from /Users/larryseyer/AudioDevelopment/OTTO/Builds/MacOSX/CMake-Release/OTTO_artefacts/JuceLibraryCode/JuceHeader.h:14:
In file included from /Users/larryseyer/AudioDevelopment/OTTO/JUCE/modules/juce_audio_plugin_client/juce_audio_plugin_client.h:65:
In file included from /Users/larryseyer/AudioDevelopment/OTTO/JUCE/modules/juce_audio_processors/juce_audio_processors.h:67:
In file included from /Users/larryseyer/AudioDevelopment/OTTO/JUCE/modules/juce_gui_extra/juce_gui_extra.h:156:
/Users/larryseyer/AudioDevelopment/OTTO/JUCE/modules/juce_gui_extra/misc/juce_WebBrowserComponent.h:38:25: warning: 'DOXYGEN' is not defined, evaluates to 0 [-Wundef]
   38 | #if JUCE_WEB_BROWSER || DOXYGEN
      |                         ^
In file included from /Users/larryseyer/AudioDevelopment/OTTO/Source/UI/Visualizations/WaveformDisplay.cpp:1:
In file included from /Users/larryseyer/AudioDevelopment/OTTO/Source/UI/Visualizations/WaveformDisplay.h:4:
In file included from /Users/larryseyer/AudioDevelopment/OTTO/Builds/MacOSX/CMake-Release/OTTO_artefacts/JuceLibraryCode/JuceHeader.h:14:
In file included from /Users/larryseyer/AudioDevelopment/OTTO/JUCE/modules/juce_audio_plugin_client/juce_audio_plugin_client.h:65:
In file included from /Users/larryseyer/AudioDevelopment/OTTO/JUCE/modules/juce_audio_processors/juce_audio_processors.h:67:
In file included from /Users/larryseyer/AudioDevelopment/OTTO/JUCE/modules/juce_gui_extra/juce_gui_extra.h:157:
/Users/larryseyer/AudioDevelopment/OTTO/JUCE/modules/juce_gui_extra/misc/juce_LiveConstantEditor.h:35:5: warning: 'JUCE_ENABLE_LIVE_CONSTANT_EDITOR' is not defined, evaluates to 0 [-Wundef]
   35 | #if JUCE_ENABLE_LIVE_CONSTANT_EDITOR && ! defined (DOXYGEN)
      |     ^
/Users/larryseyer/AudioDevelopment/OTTO/JUCE/modules/juce_gui_extra/misc/juce_LiveConstantEditor.h:258:5: warning: 'JUCE_ENABLE_LIVE_CONSTANT_EDITOR' is not defined, evaluates to 0 [-Wundef]
  258 | #if JUCE_ENABLE_LIVE_CONSTANT_EDITOR || DOXYGEN
      |     ^
/Users/larryseyer/AudioDevelopment/OTTO/JUCE/modules/juce_gui_extra/misc/juce_LiveConstantEditor.h:258:41: warning: 'DOXYGEN' is not defined, evaluates to 0 [-Wundef]
  258 | #if JUCE_ENABLE_LIVE_CONSTANT_EDITOR || DOXYGEN
      |                                         ^
In file included from /Users/larryseyer/AudioDevelopment/OTTO/Source/UI/Visualizations/WaveformDisplay.cpp:1:
In file included from /Users/larryseyer/AudioDevelopment/OTTO/Source/UI/Visualizations/WaveformDisplay.h:4:
In file included from /Users/larryseyer/AudioDevelopment/OTTO/Builds/MacOSX/CMake-Release/OTTO_artefacts/JuceLibraryCode/JuceHeader.h:14:
In file included from /Users/larryseyer/AudioDevelopment/OTTO/JUCE/modules/juce_audio_plugin_client/juce_audio_plugin_client.h:65:
In file included from /Users/larryseyer/AudioDevelopment/OTTO/JUCE/modules/juce_audio_processors/juce_audio_processors.h:67:
In file included from /Users/larryseyer/AudioDevelopment/OTTO/JUCE/modules/juce_gui_extra/juce_gui_extra.h:159:
/Users/larryseyer/AudioDevelopment/OTTO/JUCE/modules/juce_gui_extra/detail/juce_WebControlRelayEvents.h:38:25: warning: 'DOXYGEN' is not defined, evaluates to 0 [-Wundef]
   38 | #if JUCE_WEB_BROWSER || DOXYGEN
      |                         ^
In file included from /Users/larryseyer/AudioDevelopment/OTTO/Source/UI/Visualizations/WaveformDisplay.cpp:1:
In file included from /Users/larryseyer/AudioDevelopment/OTTO/Source/UI/Visualizations/WaveformDisplay.h:4:
In file included from /Users/larryseyer/AudioDevelopment/OTTO/Builds/MacOSX/CMake-Release/OTTO_artefacts/JuceLibraryCode/JuceHeader.h:14:
In file included from /Users/larryseyer/AudioDevelopment/OTTO/JUCE/modules/juce_audio_plugin_client/juce_audio_plugin_client.h:65:
In file included from /Users/larryseyer/AudioDevelopment/OTTO/JUCE/modules/juce_audio_processors/juce_audio_processors.h:67:
In file included from /Users/larryseyer/AudioDevelopment/OTTO/JUCE/modules/juce_gui_extra/juce_gui_extra.h:160:
/Users/larryseyer/AudioDevelopment/OTTO/JUCE/modules/juce_gui_extra/misc/juce_WebControlRelays.h:38:25: warning: 'DOXYGEN' is not defined, evaluates to 0 [-Wundef]
   38 | #if JUCE_WEB_BROWSER || DOXYGEN
      |                         ^
In file included from /Users/larryseyer/AudioDevelopment/OTTO/Source/UI/Visualizations/WaveformDisplay.cpp:1:
In file included from /Users/larryseyer/AudioDevelopment/OTTO/Source/UI/Visualizations/WaveformDisplay.h:4:
In file included from /Users/larryseyer/AudioDevelopment/OTTO/Builds/MacOSX/CMake-Release/OTTO_artefacts/JuceLibraryCode/JuceHeader.h:14:
In file included from /Users/larryseyer/AudioDevelopment/OTTO/JUCE/modules/juce_audio_plugin_client/juce_audio_plugin_client.h:65:
In file included from /Users/larryseyer/AudioDevelopment/OTTO/JUCE/modules/juce_audio_processors/juce_audio_processors.h:67:
In file included from /Users/larryseyer/AudioDevelopment/OTTO/JUCE/modules/juce_gui_extra/juce_gui_extra.h:161:
/Users/larryseyer/AudioDevelopment/OTTO/JUCE/modules/juce_gui_extra/misc/juce_WebControlParameterIndexReceiver.h:38:25: warning: 'DOXYGEN' is not defined, evaluates to 0 [-Wundef]
   38 | #if JUCE_WEB_BROWSER || DOXYGEN
      |                         ^
In file included from /Users/larryseyer/AudioDevelopment/OTTO/Source/UI/Visualizations/WaveformDisplay.cpp:1:
In file included from /Users/larryseyer/AudioDevelopment/OTTO/Source/UI/Visualizations/WaveformDisplay.h:4:
In file included from /Users/larryseyer/AudioDevelopment/OTTO/Builds/MacOSX/CMake-Release/OTTO_artefacts/JuceLibraryCode/JuceHeader.h:14:
In file included from /Users/larryseyer/AudioDevelopment/OTTO/JUCE/modules/juce_audio_plugin_client/juce_audio_plugin_client.h:65:
In file included from /Users/larryseyer/AudioDevelopment/OTTO/JUCE/modules/juce_audio_processors/juce_audio_processors.h:148:
/Users/larryseyer/AudioDevelopment/OTTO/JUCE/modules/juce_audio_processors/processors/juce_AudioProcessorParameter.h:363:8: warning: 'JUCE_DEBUG' is not defined, evaluates to 0 [-Wundef]
  363 |    #if JUCE_DEBUG
      |        ^
In file included from /Users/larryseyer/AudioDevelopment/OTTO/Source/UI/Visualizations/WaveformDisplay.cpp:1:
In file included from /Users/larryseyer/AudioDevelopment/OTTO/Source/UI/Visualizations/WaveformDisplay.h:4:
In file included from /Users/larryseyer/AudioDevelopment/OTTO/Builds/MacOSX/CMake-Release/OTTO_artefacts/JuceLibraryCode/JuceHeader.h:14:
In file included from /Users/larryseyer/AudioDevelopment/OTTO/JUCE/modules/juce_audio_plugin_client/juce_audio_plugin_client.h:65:
In file included from /Users/larryseyer/AudioDevelopment/OTTO/JUCE/modules/juce_audio_processors/juce_audio_processors.h:154:
/Users/larryseyer/AudioDevelopment/OTTO/JUCE/modules/juce_audio_processors/processors/juce_AudioProcessor.h:1599:7: warning: 'JUCE_DEBUG' is not defined, evaluates to 0 [-Wundef]
 1599 |   #if JUCE_DEBUG
      |       ^
In file included from /Users/larryseyer/AudioDevelopment/OTTO/Source/UI/Visualizations/WaveformDisplay.cpp:1:
In file included from /Users/larryseyer/AudioDevelopment/OTTO/Source/UI/Visualizations/WaveformDisplay.h:4:
In file included from /Users/larryseyer/AudioDevelopment/OTTO/Builds/MacOSX/CMake-Release/OTTO_artefacts/JuceLibraryCode/JuceHeader.h:14:
In file included from /Users/larryseyer/AudioDevelopment/OTTO/JUCE/modules/juce_audio_plugin_client/juce_audio_plugin_client.h:65:
In file included from /Users/larryseyer/AudioDevelopment/OTTO/JUCE/modules/juce_audio_processors/juce_audio_processors.h:162:
/Users/larryseyer/AudioDevelopment/OTTO/JUCE/modules/juce_audio_processors/format_types/juce_AudioUnitPluginFormat.h:38:55: warning: 'DOXYGEN' is not defined, evaluates to 0 [-Wundef]
   38 | #if (JUCE_PLUGINHOST_AU && (JUCE_MAC || JUCE_IOS)) || DOXYGEN
      |                                                       ^
In file included from /Users/larryseyer/AudioDevelopment/OTTO/Source/UI/Visualizations/WaveformDisplay.cpp:1:
In file included from /Users/larryseyer/AudioDevelopment/OTTO/Source/UI/Visualizations/WaveformDisplay.h:4:
In file included from /Users/larryseyer/AudioDevelopment/OTTO/Builds/MacOSX/CMake-Release/OTTO_artefacts/JuceLibraryCode/JuceHeader.h:14:
In file included from /Users/larryseyer/AudioDevelopment/OTTO/JUCE/modules/juce_audio_plugin_client/juce_audio_plugin_client.h:65:
In file included from /Users/larryseyer/AudioDevelopment/OTTO/JUCE/modules/juce_audio_processors/juce_audio_processors.h:163:
/Users/larryseyer/AudioDevelopment/OTTO/JUCE/modules/juce_audio_processors/format_types/juce_LADSPAPluginFormat.h:38:61: warning: 'DOXYGEN' is not defined, evaluates to 0 [-Wundef]
   38 | #if (JUCE_PLUGINHOST_LADSPA && (JUCE_LINUX || JUCE_BSD)) || DOXYGEN
      |                                                             ^
In file included from /Users/larryseyer/AudioDevelopment/OTTO/Source/UI/Visualizations/WaveformDisplay.cpp:1:
In file included from /Users/larryseyer/AudioDevelopment/OTTO/Source/UI/Visualizations/WaveformDisplay.h:4:
In file included from /Users/larryseyer/AudioDevelopment/OTTO/Builds/MacOSX/CMake-Release/OTTO_artefacts/JuceLibraryCode/JuceHeader.h:14:
In file included from /Users/larryseyer/AudioDevelopment/OTTO/JUCE/modules/juce_audio_plugin_client/juce_audio_plugin_client.h:65:
In file included from /Users/larryseyer/AudioDevelopment/OTTO/JUCE/modules/juce_audio_processors/juce_audio_processors.h:164:
/Users/larryseyer/AudioDevelopment/OTTO/JUCE/modules/juce_audio_processors/format_types/juce_LV2PluginFormat.h:38:64: warning: 'DOXYGEN' is not defined, evaluates to 0 [-Wundef]
   38 | #if (JUCE_PLUGINHOST_LV2 && (! (JUCE_ANDROID || JUCE_IOS))) || DOXYGEN
      |                                                                ^
In file included from /Users/larryseyer/AudioDevelopment/OTTO/Source/UI/Visualizations/WaveformDisplay.cpp:1:
In file included from /Users/larryseyer/AudioDevelopment/OTTO/Source/UI/Visualizations/WaveformDisplay.h:4:
In file included from /Users/larryseyer/AudioDevelopment/OTTO/Builds/MacOSX/CMake-Release/OTTO_artefacts/JuceLibraryCode/JuceHeader.h:14:
In file included from /Users/larryseyer/AudioDevelopment/OTTO/JUCE/modules/juce_audio_plugin_client/juce_audio_plugin_client.h:65:
In file included from /Users/larryseyer/AudioDevelopment/OTTO/JUCE/modules/juce_audio_processors/juce_audio_processors.h:165:
/Users/larryseyer/AudioDevelopment/OTTO/JUCE/modules/juce_audio_processors/format_types/juce_VST3PluginFormat.h:38:87: warning: 'DOXYGEN' is not defined, evaluates to 0 [-Wundef]
   38 | #if (JUCE_PLUGINHOST_VST3 && (JUCE_MAC || JUCE_WINDOWS || JUCE_LINUX || JUCE_BSD)) || DOXYGEN
      |                                                                                       ^
In file included from /Users/larryseyer/AudioDevelopment/OTTO/Source/UI/Visualizations/WaveformDisplay.cpp:1:
In file included from /Users/larryseyer/AudioDevelopment/OTTO/Source/UI/Visualizations/WaveformDisplay.h:4:
In file included from /Users/larryseyer/AudioDevelopment/OTTO/Builds/MacOSX/CMake-Release/OTTO_artefacts/JuceLibraryCode/JuceHeader.h:14:
In file included from /Users/larryseyer/AudioDevelopment/OTTO/JUCE/modules/juce_audio_plugin_client/juce_audio_plugin_client.h:65:
In file included from /Users/larryseyer/AudioDevelopment/OTTO/JUCE/modules/juce_audio_processors/juce_audio_processors.h:167:
/Users/larryseyer/AudioDevelopment/OTTO/JUCE/modules/juce_audio_processors/format_types/juce_VSTPluginFormat.h:35:29: warning: 'DOXYGEN' is not defined, evaluates to 0 [-Wundef]
   35 | #if (JUCE_PLUGINHOST_VST || DOXYGEN)
      |                             ^
In file included from /Users/larryseyer/AudioDevelopment/OTTO/Source/UI/Visualizations/WaveformDisplay.cpp:1:
In file included from /Users/larryseyer/AudioDevelopment/OTTO/Source/UI/Visualizations/WaveformDisplay.h:4:
In file included from /Users/larryseyer/AudioDevelopment/OTTO/Builds/MacOSX/CMake-Release/OTTO_artefacts/JuceLibraryCode/JuceHeader.h:14:
In file included from /Users/larryseyer/AudioDevelopment/OTTO/JUCE/modules/juce_audio_plugin_client/juce_audio_plugin_client.h:65:
In file included from /Users/larryseyer/AudioDevelopment/OTTO/JUCE/modules/juce_audio_processors/juce_audio_processors.h:168:
/Users/larryseyer/AudioDevelopment/OTTO/JUCE/modules/juce_audio_processors/format_types/juce_ARAHosting.h:37:122: warning: 'DOXYGEN' is not defined, evaluates to 0 [-Wundef]
   37 | #if (JUCE_PLUGINHOST_ARA && (JUCE_PLUGINHOST_VST3 || JUCE_PLUGINHOST_AU) && (JUCE_MAC || JUCE_WINDOWS || JUCE_LINUX)) || DOXYGEN
      |                                                                                                                          ^
In file included from /Users/larryseyer/AudioDevelopment/OTTO/Source/UI/Visualizations/WaveformDisplay.cpp:1:
In file included from /Users/larryseyer/AudioDevelopment/OTTO/Source/UI/Visualizations/WaveformDisplay.h:4:
In file included from /Users/larryseyer/AudioDevelopment/OTTO/Builds/MacOSX/CMake-Release/OTTO_artefacts/JuceLibraryCode/JuceHeader.h:14:
In file included from /Users/larryseyer/AudioDevelopment/OTTO/JUCE/modules/juce_audio_plugin_client/juce_audio_plugin_client.h:65:
In file included from /Users/larryseyer/AudioDevelopment/OTTO/JUCE/modules/juce_audio_processors/juce_audio_processors.h:177:
/Users/larryseyer/AudioDevelopment/OTTO/JUCE/modules/juce_audio_processors/utilities/juce_ParameterAttachments.h:260:25: warning: 'DOXYGEN' is not defined, evaluates to 0 [-Wundef]
  260 | #if JUCE_WEB_BROWSER || DOXYGEN
      |                         ^
In file included from /Users/larryseyer/AudioDevelopment/OTTO/Source/UI/Visualizations/WaveformDisplay.cpp:1:
In file included from /Users/larryseyer/AudioDevelopment/OTTO/Source/UI/Visualizations/WaveformDisplay.h:4:
In file included from /Users/larryseyer/AudioDevelopment/OTTO/Builds/MacOSX/CMake-Release/OTTO_artefacts/JuceLibraryCode/JuceHeader.h:14:
In file included from /Users/larryseyer/AudioDevelopment/OTTO/JUCE/modules/juce_audio_plugin_client/juce_audio_plugin_client.h:65:
In file included from /Users/larryseyer/AudioDevelopment/OTTO/JUCE/modules/juce_audio_processors/juce_audio_processors.h:178:
/Users/larryseyer/AudioDevelopment/OTTO/JUCE/modules/juce_audio_processors/utilities/juce_AudioProcessorValueTreeState.h:639:8: warning: 'JUCE_UNIT_TESTS' is not defined, evaluates to 0 [-Wundef]
  639 |    #if JUCE_UNIT_TESTS
      |        ^
In file included from /Users/larryseyer/AudioDevelopment/OTTO/Source/UI/Visualizations/WaveformDisplay.cpp:1:
In file included from /Users/larryseyer/AudioDevelopment/OTTO/Source/UI/Visualizations/WaveformDisplay.h:4:
In file included from /Users/larryseyer/AudioDevelopment/OTTO/Builds/MacOSX/CMake-Release/OTTO_artefacts/JuceLibraryCode/JuceHeader.h:23:
In file included from /Users/larryseyer/AudioDevelopment/OTTO/JUCE/modules/juce_audio_devices/juce_audio_devices.h:174:
/Users/larryseyer/AudioDevelopment/OTTO/JUCE/modules/juce_audio_devices/midi_io/juce_MidiDevices.h:205:8: warning: 'JUCE_LINUX' is not defined, evaluates to 0 [-Wundef]
  205 |    #if JUCE_LINUX || JUCE_BSD || JUCE_MAC || JUCE_IOS || DOXYGEN
      |        ^
/Users/larryseyer/AudioDevelopment/OTTO/JUCE/modules/juce_audio_devices/midi_io/juce_MidiDevices.h:205:22: warning: 'JUCE_BSD' is not defined, evaluates to 0 [-Wundef]
  205 |    #if JUCE_LINUX || JUCE_BSD || JUCE_MAC || JUCE_IOS || DOXYGEN
      |                      ^
/Users/larryseyer/AudioDevelopment/OTTO/JUCE/modules/juce_audio_devices/midi_io/juce_MidiDevices.h:364:8: warning: 'JUCE_LINUX' is not defined, evaluates to 0 [-Wundef]
  364 |    #if JUCE_LINUX || JUCE_BSD || JUCE_MAC || JUCE_IOS || DOXYGEN
      |        ^
/Users/larryseyer/AudioDevelopment/OTTO/JUCE/modules/juce_audio_devices/midi_io/juce_MidiDevices.h:364:22: warning: 'JUCE_BSD' is not defined, evaluates to 0 [-Wundef]
  364 |    #if JUCE_LINUX || JUCE_BSD || JUCE_MAC || JUCE_IOS || DOXYGEN
      |                      ^
In file included from /Users/larryseyer/AudioDevelopment/OTTO/Source/UI/Visualizations/WaveformDisplay.cpp:1:
In file included from /Users/larryseyer/AudioDevelopment/OTTO/Source/UI/Visualizations/WaveformDisplay.h:4:
In file included from /Users/larryseyer/AudioDevelopment/OTTO/Builds/MacOSX/CMake-Release/OTTO_artefacts/JuceLibraryCode/JuceHeader.h:23:
In file included from /Users/larryseyer/AudioDevelopment/OTTO/JUCE/modules/juce_audio_devices/juce_audio_devices.h:175:
/Users/larryseyer/AudioDevelopment/OTTO/JUCE/modules/juce_audio_devices/midi_io/juce_MidiMessageCollector.h:118:8: warning: 'JUCE_DEBUG' is not defined, evaluates to 0 [-Wundef]
  118 |    #if JUCE_DEBUG
      |        ^
In file included from /Users/larryseyer/AudioDevelopment/OTTO/Source/UI/Visualizations/WaveformDisplay.cpp:1:
In file included from /Users/larryseyer/AudioDevelopment/OTTO/Source/UI/Visualizations/WaveformDisplay.h:4:
In file included from /Users/larryseyer/AudioDevelopment/OTTO/Builds/MacOSX/CMake-Release/OTTO_artefacts/JuceLibraryCode/JuceHeader.h:23:
/Users/larryseyer/AudioDevelopment/OTTO/JUCE/modules/juce_audio_devices/juce_audio_devices.h:199:5: warning: 'JUCE_IOS' is not defined, evaluates to 0 [-Wundef]
  199 | #if JUCE_IOS
      |     ^
In file included from /Users/larryseyer/AudioDevelopment/OTTO/Source/UI/Visualizations/WaveformDisplay.cpp:1:
In file included from /Users/larryseyer/AudioDevelopment/OTTO/Source/UI/Visualizations/WaveformDisplay.h:4:
In file included from /Users/larryseyer/AudioDevelopment/OTTO/Builds/MacOSX/CMake-Release/OTTO_artefacts/JuceLibraryCode/JuceHeader.h:24:
/Users/larryseyer/AudioDevelopment/OTTO/JUCE/modules/juce_audio_formats/juce_audio_formats.h:117:7: warning: 'JUCE_WINDOWS' is not defined, evaluates to 0 [-Wundef]
  117 | #if ! JUCE_WINDOWS
      |       ^
In file included from /Users/larryseyer/AudioDevelopment/OTTO/Source/UI/Visualizations/WaveformDisplay.cpp:1:
In file included from /Users/larryseyer/AudioDevelopment/OTTO/Source/UI/Visualizations/WaveformDisplay.h:4:
In file included from /Users/larryseyer/AudioDevelopment/OTTO/Builds/MacOSX/CMake-Release/OTTO_artefacts/JuceLibraryCode/JuceHeader.h:24:
In file included from /Users/larryseyer/AudioDevelopment/OTTO/JUCE/modules/juce_audio_formats/juce_audio_formats.h:134:
/Users/larryseyer/AudioDevelopment/OTTO/JUCE/modules/juce_audio_formats/codecs/juce_LAMEEncoderAudioFormat.h:38:35: warning: 'DOXYGEN' is not defined, evaluates to 0 [-Wundef]
   38 | #if JUCE_USE_LAME_AUDIO_FORMAT || DOXYGEN
      |                                   ^
In file included from /Users/larryseyer/AudioDevelopment/OTTO/Source/UI/Visualizations/WaveformDisplay.cpp:1:
In file included from /Users/larryseyer/AudioDevelopment/OTTO/Source/UI/Visualizations/WaveformDisplay.h:4:
In file included from /Users/larryseyer/AudioDevelopment/OTTO/Builds/MacOSX/CMake-Release/OTTO_artefacts/JuceLibraryCode/JuceHeader.h:24:
In file included from /Users/larryseyer/AudioDevelopment/OTTO/JUCE/modules/juce_audio_formats/juce_audio_formats.h:135:
/Users/larryseyer/AudioDevelopment/OTTO/JUCE/modules/juce_audio_formats/codecs/juce_MP3AudioFormat.h:38:32: warning: 'DOXYGEN' is not defined, evaluates to 0 [-Wundef]
   38 | #if JUCE_USE_MP3AUDIOFORMAT || DOXYGEN
      |                                ^
In file included from /Users/larryseyer/AudioDevelopment/OTTO/Source/UI/Visualizations/WaveformDisplay.cpp:1:
In file included from /Users/larryseyer/AudioDevelopment/OTTO/Source/UI/Visualizations/WaveformDisplay.h:4:
In file included from /Users/larryseyer/AudioDevelopment/OTTO/Builds/MacOSX/CMake-Release/OTTO_artefacts/JuceLibraryCode/JuceHeader.h:24:
In file included from /Users/larryseyer/AudioDevelopment/OTTO/JUCE/modules/juce_audio_formats/juce_audio_formats.h:138:
/Users/larryseyer/AudioDevelopment/OTTO/JUCE/modules/juce_audio_formats/codecs/juce_WindowsMediaAudioFormat.h:38:5: warning: 'JUCE_WINDOWS' is not defined, evaluates to 0 [-Wundef]
   38 | #if JUCE_WINDOWS || DOXYGEN
      |     ^
/Users/larryseyer/AudioDevelopment/OTTO/JUCE/modules/juce_audio_formats/codecs/juce_WindowsMediaAudioFormat.h:38:21: warning: 'DOXYGEN' is not defined, evaluates to 0 [-Wundef]
   38 | #if JUCE_WINDOWS || DOXYGEN
      |                     ^
In file included from /Users/larryseyer/AudioDevelopment/OTTO/Source/UI/Visualizations/WaveformDisplay.cpp:1:
In file included from /Users/larryseyer/AudioDevelopment/OTTO/Source/UI/Visualizations/WaveformDisplay.h:4:
In file included from /Users/larryseyer/AudioDevelopment/OTTO/Builds/MacOSX/CMake-Release/OTTO_artefacts/JuceLibraryCode/JuceHeader.h:25:
In file included from /Users/larryseyer/AudioDevelopment/OTTO/JUCE/modules/juce_audio_utils/juce_audio_utils.h:99:
/Users/larryseyer/AudioDevelopment/OTTO/JUCE/modules/juce_audio_utils/audio_cd/juce_AudioCDBurner.h:38:26: warning: 'DOXYGEN' is not defined, evaluates to 0 [-Wundef]
   38 | #if JUCE_USE_CDBURNER || DOXYGEN
      |                          ^
In file included from /Users/larryseyer/AudioDevelopment/OTTO/Source/UI/Visualizations/WaveformDisplay.cpp:1:
In file included from /Users/larryseyer/AudioDevelopment/OTTO/Source/UI/Visualizations/WaveformDisplay.h:4:
In file included from /Users/larryseyer/AudioDevelopment/OTTO/Builds/MacOSX/CMake-Release/OTTO_artefacts/JuceLibraryCode/JuceHeader.h:25:
In file included from /Users/larryseyer/AudioDevelopment/OTTO/JUCE/modules/juce_audio_utils/juce_audio_utils.h:100:
/Users/larryseyer/AudioDevelopment/OTTO/JUCE/modules/juce_audio_utils/audio_cd/juce_AudioCDReader.h:38:26: warning: 'DOXYGEN' is not defined, evaluates to 0 [-Wundef]
   38 | #if JUCE_USE_CDREADER || DOXYGEN
      |                          ^
In file included from /Users/larryseyer/AudioDevelopment/OTTO/Source/UI/Visualizations/WaveformDisplay.cpp:1:
In file included from /Users/larryseyer/AudioDevelopment/OTTO/Source/UI/Visualizations/WaveformDisplay.h:4:
In file included from /Users/larryseyer/AudioDevelopment/OTTO/Builds/MacOSX/CMake-Release/OTTO_artefacts/JuceLibraryCode/JuceHeader.h:26:
/Users/larryseyer/AudioDevelopment/OTTO/JUCE/modules/juce_dsp/juce_dsp.h:69:5: warning: 'JUCE_INTEL' is not defined, evaluates to 0 [-Wundef]
   69 | #if JUCE_INTEL
      |     ^
/Users/larryseyer/AudioDevelopment/OTTO/JUCE/modules/juce_dsp/juce_dsp.h:95:20: warning: 'JUCE_WINDOWS' is not defined, evaluates to 0 [-Wundef]
   95 |  #if JUCE_64BIT && JUCE_WINDOWS
      |                    ^
/Users/larryseyer/AudioDevelopment/OTTO/JUCE/modules/juce_dsp/juce_dsp.h:113:6: warning: '_MSC_VER' is not defined, evaluates to 0 [-Wundef]
  113 |  #if _MSC_VER && JUCE_USE_SIMD && ! (defined (_M_X64) || defined (__amd64__))
      |      ^
/Users/larryseyer/AudioDevelopment/OTTO/JUCE/modules/juce_dsp/juce_dsp.h:242:6: warning: 'JUCE_INTEL' is not defined, evaluates to 0 [-Wundef]
  242 |  #if JUCE_INTEL
      |      ^
In file included from /Users/larryseyer/AudioDevelopment/OTTO/Source/UI/Visualizations/WaveformDisplay.cpp:1:
In file included from /Users/larryseyer/AudioDevelopment/OTTO/Source/UI/Visualizations/WaveformDisplay.h:4:
In file included from /Users/larryseyer/AudioDevelopment/OTTO/Builds/MacOSX/CMake-Release/OTTO_artefacts/JuceLibraryCode/JuceHeader.h:27:
/Users/larryseyer/AudioDevelopment/OTTO/JUCE/modules/juce_opengl/juce_opengl.h:72:5: warning: 'JUCE_IOS' is not defined, evaluates to 0 [-Wundef]
   72 | #if JUCE_IOS || JUCE_ANDROID
      |     ^
/Users/larryseyer/AudioDevelopment/OTTO/JUCE/modules/juce_opengl/juce_opengl.h:72:17: warning: 'JUCE_ANDROID' is not defined, evaluates to 0 [-Wundef]
   72 | #if JUCE_IOS || JUCE_ANDROID
      |                 ^
/Users/larryseyer/AudioDevelopment/OTTO/JUCE/modules/juce_opengl/juce_opengl.h:82:5: warning: 'JUCE_OPENGL_ES' is not defined, evaluates to 0 [-Wundef]
   82 | #if JUCE_OPENGL_ES || DOXYGEN
      |     ^
/Users/larryseyer/AudioDevelopment/OTTO/JUCE/modules/juce_opengl/juce_opengl.h:82:23: warning: 'DOXYGEN' is not defined, evaluates to 0 [-Wundef]
   82 | #if JUCE_OPENGL_ES || DOXYGEN
      |                       ^
In file included from /Users/larryseyer/AudioDevelopment/OTTO/Source/UI/Visualizations/WaveformDisplay.cpp:1:
In file included from /Users/larryseyer/AudioDevelopment/OTTO/Source/UI/Visualizations/WaveformDisplay.h:4:
In file included from /Users/larryseyer/AudioDevelopment/OTTO/Builds/MacOSX/CMake-Release/OTTO_artefacts/JuceLibraryCode/JuceHeader.h:27:
In file included from /Users/larryseyer/AudioDevelopment/OTTO/JUCE/modules/juce_opengl/juce_opengl.h:120:
/Users/larryseyer/AudioDevelopment/OTTO/JUCE/modules/juce_opengl/native/juce_OpenGLExtensions.h:127:8: warning: 'JUCE_WINDOWS' is not defined, evaluates to 0 [-Wundef]
  127 |    #if JUCE_WINDOWS && ! defined (DOXYGEN)
      |        ^
/Users/larryseyer/AudioDevelopment/OTTO/JUCE/modules/juce_opengl/native/juce_OpenGLExtensions.h:142:8: warning: 'JUCE_ANDROID' is not defined, evaluates to 0 [-Wundef]
  142 |    #if JUCE_ANDROID
      |        ^
In file included from /Users/larryseyer/AudioDevelopment/OTTO/Source/UI/Visualizations/WaveformDisplay.cpp:1:
In file included from /Users/larryseyer/AudioDevelopment/OTTO/Source/UI/Visualizations/WaveformDisplay.h:4:
/Users/larryseyer/AudioDevelopment/OTTO/Builds/MacOSX/CMake-Release/OTTO_artefacts/JuceLibraryCode/JuceHeader.h:34:7: warning: 'DONT_SET_USING_JUCE_NAMESPACE' is not defined, evaluates to 0 [-Wundef]
   34 | #if ! DONT_SET_USING_JUCE_NAMESPACE
      |       ^
In file included from /Users/larryseyer/AudioDevelopment/OTTO/Source/UI/Visualizations/WaveformDisplay.cpp:1:
In file included from /Users/larryseyer/AudioDevelopment/OTTO/Source/UI/Visualizations/WaveformDisplay.h:7:
/Users/larryseyer/AudioDevelopment/OTTO/Source/ColorScheme.h:104:55: warning: unused parameter 'newThemeName' [-Wunused-parameter]
  104 |         virtual void themeChanged(const juce::String& newThemeName) {}
      |                                                       ^
/Users/larryseyer/AudioDevelopment/OTTO/Source/ColorScheme.h:105:55: warning: unused parameter 'component' [-Wunused-parameter]
  105 |         virtual void colorChanged(const juce::String& component, const juce::String& property, const juce::Colour& newColor) {}
      |                                                       ^
/Users/larryseyer/AudioDevelopment/OTTO/Source/ColorScheme.h:105:86: warning: unused parameter 'property' [-Wunused-parameter]
  105 |         virtual void colorChanged(const juce::String& component, const juce::String& property, const juce::Colour& newColor) {}
      |                                                                                      ^
/Users/larryseyer/AudioDevelopment/OTTO/Source/ColorScheme.h:105:116: warning: unused parameter 'newColor' [-Wunused-parameter]
  105 |         virtual void colorChanged(const juce::String& component, const juce::String& property, const juce::Colour& newColor) {}
      |                                                                                                                    ^
In file included from /Users/larryseyer/AudioDevelopment/OTTO/Source/UI/Visualizations/WaveformDisplay.cpp:1:
/Users/larryseyer/AudioDevelopment/OTTO/Source/UI/Visualizations/WaveformDisplay.h:234:70: warning: unused parameter 'newSelection' [-Wunused-parameter]
  234 |         virtual void waveformSelectionChanged(const SelectionRegion& newSelection) {}
      |                                                                      ^
/Users/larryseyer/AudioDevelopment/OTTO/Source/UI/Visualizations/WaveformDisplay.h:235:51: warning: unused parameter 'newPosition' [-Wunused-parameter]
  235 |         virtual void waveformPlayheadMoved(double newPosition) {}
      |                                                   ^
/Users/larryseyer/AudioDevelopment/OTTO/Source/UI/Visualizations/WaveformDisplay.h:236:49: warning: unused parameter 'newZoom' [-Wunused-parameter]
  236 |         virtual void waveformZoomChanged(double newZoom) {}
      |                                                 ^
/Users/larryseyer/AudioDevelopment/OTTO/Source/UI/Visualizations/WaveformDisplay.h:237:54: warning: unused parameter 'startTime' [-Wunused-parameter]
  237 |         virtual void waveformViewRangeChanged(double startTime, double endTime) {}
      |                                                      ^
/Users/larryseyer/AudioDevelopment/OTTO/Source/UI/Visualizations/WaveformDisplay.h:237:72: warning: unused parameter 'endTime' [-Wunused-parameter]
  237 |         virtual void waveformViewRangeChanged(double startTime, double endTime) {}
      |                                                                        ^
/Users/larryseyer/AudioDevelopment/OTTO/Source/UI/Visualizations/WaveformDisplay.h:238:66: warning: unused parameter 'newLoop' [-Wunused-parameter]
  238 |         virtual void waveformLoopRegionChanged(const LoopRegion& newLoop) {}
      |                                                                  ^
In file included from /Users/larryseyer/AudioDevelopment/OTTO/Source/UI/Visualizations/WaveformDisplay.cpp:3:
In file included from /Users/larryseyer/AudioDevelopment/OTTO/Source/INIDataManager.h:6:
/Users/larryseyer/AudioDevelopment/OTTO/Source/MidiEngine.h:24:34: warning: implicit conversion increases floating-point precision: 'const float' to 'double' [-Wdouble-promotion]
   24 |         double currentPosition = INIConfig::MIDI::DEFAULT_POSITION;
      |                                  ^~~~~~~~~~~~~~~~~~~~~~~~~~~~~~~~~
/Users/larryseyer/AudioDevelopment/OTTO/Source/MidiEngine.h:224:35: warning: implicit conversion increases floating-point precision: 'const float' to 'double' [-Wdouble-promotion]
  224 |         double playbackPosition = INIConfig::MIDI::DEFAULT_POSITION;
      |                                   ^~~~~~~~~~~~~~~~~~~~~~~~~~~~~~~~~
/Users/larryseyer/AudioDevelopment/OTTO/Source/MidiEngine.h:225:34: warning: implicit conversion increases floating-point precision: 'const float' to 'double' [-Wdouble-promotion]
  225 |         double lastProcessTime = INIConfig::MIDI::DEFAULT_LAST_TIME;
      |                                  ^~~~~~~~~~~~~~~~~~~~~~~~~~~~~~~~~~
/Users/larryseyer/AudioDevelopment/OTTO/Source/MidiEngine.h:247:30: warning: implicit conversion increases floating-point precision: 'const float' to 'double' [-Wdouble-promotion]
  247 |     double lastProcessTime = INIConfig::MIDI::DEFAULT_LAST_TIME;
      |                              ^~~~~~~~~~~~~~~~~~~~~~~~~~~~~~~~~~
/Users/larryseyer/AudioDevelopment/OTTO/Source/MidiEngine.h:248:28: warning: implicit conversion increases floating-point precision: 'const float' to 'double' [-Wdouble-promotion]
  248 |     double lastClockTime = INIConfig::MIDI::DEFAULT_LAST_TIME;
      |                            ^~~~~~~~~~~~~~~~~~~~~~~~~~~~~~~~~~
/Users/larryseyer/AudioDevelopment/OTTO/Source/MidiEngine.h:253:24: warning: implicit conversion increases floating-point precision: 'const float' to 'double' [-Wdouble-promotion]
  253 |     double hostTempo = INIConfig::MIDI::DEFAULT_POSITION;
      |                        ^~~~~~~~~~~~~~~~~~~~~~~~~~~~~~~~~
/Users/larryseyer/AudioDevelopment/OTTO/Source/MidiEngine.h:264:30: warning: implicit conversion increases floating-point precision: 'const float' to 'double' [-Wdouble-promotion]
  264 |     double countInPosition = INIConfig::MIDI::DEFAULT_POSITION;
      |                              ^~~~~~~~~~~~~~~~~~~~~~~~~~~~~~~~~
/Users/larryseyer/AudioDevelopment/OTTO/Source/MidiEngine.h:272:30: warning: implicit conversion increases floating-point precision: 'const float' to 'double' [-Wdouble-promotion]
  272 |     double recordStartTime = INIConfig::MIDI::DEFAULT_LAST_TIME;
      |                              ^~~~~~~~~~~~~~~~~~~~~~~~~~~~~~~~~~
/Users/larryseyer/AudioDevelopment/OTTO/Source/MidiEngine.h:278:37: warning: implicit conversion increases floating-point precision: 'const float' to 'double' [-Wdouble-promotion]
  278 |     double loopRecordingStartTime = INIConfig::MIDI::DEFAULT_LAST_TIME;
      |                                     ^~~~~~~~~~~~~~~~~~~~~~~~~~~~~~~~~~
/Users/larryseyer/AudioDevelopment/OTTO/Source/MidiEngine.h:285:26: warning: implicit conversion increases floating-point precision: 'const float' to 'double' [-Wdouble-promotion]
  285 |     double lastTapTime = INIConfig::MIDI::DEFAULT_LAST_TIME;
      |                          ^~~~~~~~~~~~~~~~~~~~~~~~~~~~~~~~~~
/Users/larryseyer/AudioDevelopment/OTTO/Source/UI/Visualizations/WaveformDisplay.cpp:174:55: warning: unused parameter 'e' [-Wunused-parameter]
  174 | void WaveformDisplay::mouseUp(const juce::MouseEvent& e) {
      |                                                       ^
/Users/larryseyer/AudioDevelopment/OTTO/Source/UI/Visualizations/WaveformDisplay.cpp:817:45: warning: implicit conversion increases floating-point precision: 'const float' to 'double' [-Wdouble-promotion]
  817 |     state.setValue("verticalZoom", settings.verticalZoom);
      |                                    ~~~~~~~~~^~~~~~~~~~~~
/Users/larryseyer/AudioDevelopment/OTTO/Source/UI/Visualizations/WaveformDisplay.cpp:824:28: error: no matching conversion for static_cast from 'juce::var' to 'DisplayMode'
  824 |     settings.displayMode = static_cast<DisplayMode>(state.getValue("displayMode", static_cast<int>(DisplayMode::Peak)));
      |                            ^~~~~~~~~~~~~~~~~~~~~~~~~~~~~~~~~~~~~~~~~~~~~~~~~~~~~~~~~~~~~~~~~~~~~~~~~~~~~~~~~~~~~~~~~~~~
In file included from /Users/larryseyer/AudioDevelopment/OTTO/Source/UI/Visualizations/WaveformDisplay.cpp:1:
In file included from /Users/larryseyer/AudioDevelopment/OTTO/Source/UI/Visualizations/WaveformDisplay.h:4:
In file included from /Users/larryseyer/AudioDevelopment/OTTO/Builds/MacOSX/CMake-Release/OTTO_artefacts/JuceLibraryCode/JuceHeader.h:14:
In file included from /Users/larryseyer/AudioDevelopment/OTTO/JUCE/modules/juce_audio_plugin_client/juce_audio_plugin_client.h:63:
In file included from /Users/larryseyer/AudioDevelopment/OTTO/JUCE/modules/juce_gui_basics/juce_gui_basics.h:68:
In file included from /Users/larryseyer/AudioDevelopment/OTTO/JUCE/modules/juce_graphics/juce_graphics.h:67:
In file included from /Users/larryseyer/AudioDevelopment/OTTO/JUCE/modules/juce_core/juce_core.h:303:
/Users/larryseyer/AudioDevelopment/OTTO/JUCE/modules/juce_core/containers/juce_Variant.h:119:5: note: candidate function
  119 |     operator int() const noexcept;
      |     ^
/Users/larryseyer/AudioDevelopment/OTTO/JUCE/modules/juce_core/containers/juce_Variant.h:120:5: note: candidate function
  120 |     operator int64() const noexcept;
      |     ^
/Users/larryseyer/AudioDevelopment/OTTO/JUCE/modules/juce_core/containers/juce_Variant.h:121:5: note: candidate function
  121 |     operator bool() const noexcept;
      |     ^
/Users/larryseyer/AudioDevelopment/OTTO/JUCE/modules/juce_core/containers/juce_Variant.h:122:5: note: candidate function
  122 |     operator float() const noexcept;
      |     ^
/Users/larryseyer/AudioDevelopment/OTTO/JUCE/modules/juce_core/containers/juce_Variant.h:123:5: note: candidate function
  123 |     operator double() const noexcept;
      |     ^
/Users/larryseyer/AudioDevelopment/OTTO/JUCE/modules/juce_core/containers/juce_Variant.h:124:5: note: candidate function
  124 |     operator String() const;
      |     ^
/Users/larryseyer/AudioDevelopment/OTTO/Source/UI/Visualizations/WaveformDisplay.cpp:829:60: warning: implicit conversion increases floating-point precision: 'float' to 'double' [-Wdouble-promotion]
  829 |     settings.verticalZoom = state.getValue("verticalZoom", 1.0f);
      |                                                            ^~~~
/Users/larryseyer/AudioDevelopment/OTTO/Source/UI/Visualizations/WaveformDisplay.cpp:854:71: warning: unused parameter 'source' [-Wunused-parameter]
  854 | void WaveformDisplay::changeListenerCallback(juce::ChangeBroadcaster* source) {
      |                                                                       ^
/Users/larryseyer/AudioDevelopment/OTTO/Source/UI/Visualizations/WaveformDisplay.cpp:993:23: warning: unused variable 'minY' [-Wunused-variable]
  993 |                 float minY = sampleToY(cache.minValues[cacheIndex], channel);
      |                       ^~~~
/Users/larryseyer/AudioDevelopment/OTTO/Source/UI/Visualizations/WaveformDisplay.cpp:1087:23: warning: unused variable 'minY' [-Wunused-variable]
 1087 |                 float minY = sampleToY(cache.minValues[cacheIndex], channel);
      |                       ^~~~

CompileC /Users/larryseyer/AudioDevelopment/OTTO/Builds/MacOSX/CMake-Release/build/OTTO.build/Release/Objects-normal/arm64/VUMeterAdvanced.o /Users/larryseyer/AudioDevelopment/OTTO/Source/UI/Visualizations/VUMeterAdvanced.cpp normal arm64 c++ com.apple.compilers.llvm.clang.1_0.compiler (in target 'OTTO' from project 'OTTO')
    cd /Users/larryseyer/AudioDevelopment/OTTO
    
    Using response file: /Users/larryseyer/AudioDevelopment/OTTO/Builds/MacOSX/CMake-Release/build/OTTO.build/Release/Objects-normal/arm64/82b82416624d2658e5098eb0a28c15c5-common-args.resp
    
    /Applications/Xcode.app/Contents/Developer/Toolchains/XcodeDefault.xctoolchain/usr/bin/clang -x c++ -ivfsstatcache /var/folders/0p/t4rj91z90d38yk0_8vh370gr0000gn/C/com.apple.DeveloperTools/16.4-16F6/Xcode/SDKStatCaches.noindex/macosx15.5-24F74-8254517eb8b97d462ccbc072ba9094c9.sdkstatcache -fmessage-length\=0 -fdiagnostics-show-note-include-stack -fmacro-backtrace-limit\=0 -fno-color-diagnostics -Wno-trigraphs -Wno-missing-field-initializers -Wno-missing-prototypes -Wno-return-type -Wno-non-virtual-dtor -Wno-overloaded-virtual -Wno-exit-time-destructors -Wno-missing-braces -Wparentheses -Wswitch -Wno-unused-function -Wno-unused-label -Wno-unused-parameter -Wno-unused-variable -Wunused-value -Wno-empty-body -Wno-uninitialized -Wno-unknown-pragmas -Wno-shadow -Wno-four-char-constants -Wno-conversion -Wno-constant-conversion -Wno-int-conversion -Wno-bool-conversion -Wno-enum-conversion -Wno-float-conversion -Wno-non-literal-null-conversion -Wno-objc-literal-conversion -Wshorten-64-to-32 -Wno-newline-eof -Wno-c++11-extensions -Wno-implicit-fallthrough -fstrict-aliasing -Wdeprecated-declarations -Winvalid-offsetof -Wno-sign-conversion -Wno-infinite-recursion -Wno-move -Wno-comma -Wno-block-capture-autoreleasing -Wno-strict-prototypes -Wno-range-loop-analysis -Wno-semicolon-before-method-body -Wall -Wextra -Wpedantic -Wformat\=2 -Wformat-security -Wnull-dereference -Wdouble-promotion -Wshadow -Wundef -Wcast-align @/Users/larryseyer/AudioDevelopment/OTTO/Builds/MacOSX/CMake-Release/build/OTTO.build/Release/Objects-normal/arm64/82b82416624d2658e5098eb0a28c15c5-common-args.resp -MMD -MT dependencies -MF /Users/larryseyer/AudioDevelopment/OTTO/Builds/MacOSX/CMake-Release/build/OTTO.build/Release/Objects-normal/arm64/VUMeterAdvanced.d --serialize-diagnostics /Users/larryseyer/AudioDevelopment/OTTO/Builds/MacOSX/CMake-Release/build/OTTO.build/Release/Objects-normal/arm64/VUMeterAdvanced.dia -c /Users/larryseyer/AudioDevelopment/OTTO/Source/UI/Visualizations/VUMeterAdvanced.cpp -o /Users/larryseyer/AudioDevelopment/OTTO/Builds/MacOSX/CMake-Release/build/OTTO.build/Release/Objects-normal/arm64/VUMeterAdvanced.o
In file included from /Users/larryseyer/AudioDevelopment/OTTO/Source/UI/Visualizations/VUMeterAdvanced.cpp:1:
In file included from /Users/larryseyer/AudioDevelopment/OTTO/Source/UI/Visualizations/VUMeterAdvanced.h:4:
In file included from /Users/larryseyer/AudioDevelopment/OTTO/Builds/MacOSX/CMake-Release/OTTO_artefacts/JuceLibraryCode/JuceHeader.h:14:
In file included from /Users/larryseyer/AudioDevelopment/OTTO/JUCE/modules/juce_audio_plugin_client/juce_audio_plugin_client.h:63:
In file included from /Users/larryseyer/AudioDevelopment/OTTO/JUCE/modules/juce_gui_basics/juce_gui_basics.h:68:
In file included from /Users/larryseyer/AudioDevelopment/OTTO/JUCE/modules/juce_graphics/juce_graphics.h:67:
In file included from /Users/larryseyer/AudioDevelopment/OTTO/JUCE/modules/juce_core/juce_core.h:77:
/Users/larryseyer/AudioDevelopment/OTTO/JUCE/modules/juce_core/system/juce_TargetPlatform.h:99:5: warning: 'JUCE_WINDOWS' is not defined, evaluates to 0 [-Wundef]
   99 | #if JUCE_WINDOWS
      |     ^
/Users/larryseyer/AudioDevelopment/OTTO/JUCE/modules/juce_core/system/juce_TargetPlatform.h:183:5: warning: 'JUCE_LINUX' is not defined, evaluates to 0 [-Wundef]
  183 | #if JUCE_LINUX || JUCE_ANDROID || JUCE_BSD
      |     ^
/Users/larryseyer/AudioDevelopment/OTTO/JUCE/modules/juce_core/system/juce_TargetPlatform.h:183:19: warning: 'JUCE_ANDROID' is not defined, evaluates to 0 [-Wundef]
  183 | #if JUCE_LINUX || JUCE_ANDROID || JUCE_BSD
      |                   ^
/Users/larryseyer/AudioDevelopment/OTTO/JUCE/modules/juce_core/system/juce_TargetPlatform.h:183:35: warning: 'JUCE_BSD' is not defined, evaluates to 0 [-Wundef]
  183 | #if JUCE_LINUX || JUCE_ANDROID || JUCE_BSD
      |                                   ^
In file included from /Users/larryseyer/AudioDevelopment/OTTO/Source/UI/Visualizations/VUMeterAdvanced.cpp:1:
In file included from /Users/larryseyer/AudioDevelopment/OTTO/Source/UI/Visualizations/VUMeterAdvanced.h:4:
In file included from /Users/larryseyer/AudioDevelopment/OTTO/Builds/MacOSX/CMake-Release/OTTO_artefacts/JuceLibraryCode/JuceHeader.h:14:
In file included from /Users/larryseyer/AudioDevelopment/OTTO/JUCE/modules/juce_audio_plugin_client/juce_audio_plugin_client.h:63:
In file included from /Users/larryseyer/AudioDevelopment/OTTO/JUCE/modules/juce_gui_basics/juce_gui_basics.h:68:
In file included from /Users/larryseyer/AudioDevelopment/OTTO/JUCE/modules/juce_graphics/juce_graphics.h:67:
/Users/larryseyer/AudioDevelopment/OTTO/JUCE/modules/juce_core/juce_core.h:115:5: warning: 'JUCE_DEBUG' is not defined, evaluates to 0 [-Wundef]
  115 | #if JUCE_DEBUG && ! defined (JUCE_CHECK_MEMORY_LEAKS)
      |     ^
/Users/larryseyer/AudioDevelopment/OTTO/JUCE/modules/juce_core/juce_core.h:207:5: warning: 'JUCE_CORE_INCLUDE_NATIVE_HEADERS' is not defined, evaluates to 0 [-Wundef]
  207 | #if JUCE_CORE_INCLUDE_NATIVE_HEADERS
      |     ^
/Users/larryseyer/AudioDevelopment/OTTO/JUCE/modules/juce_core/juce_core.h:211:5: warning: 'JUCE_WINDOWS' is not defined, evaluates to 0 [-Wundef]
  211 | #if JUCE_WINDOWS
      |     ^
In file included from /Users/larryseyer/AudioDevelopment/OTTO/Source/UI/Visualizations/VUMeterAdvanced.cpp:1:
In file included from /Users/larryseyer/AudioDevelopment/OTTO/Source/UI/Visualizations/VUMeterAdvanced.h:4:
In file included from /Users/larryseyer/AudioDevelopment/OTTO/Builds/MacOSX/CMake-Release/OTTO_artefacts/JuceLibraryCode/JuceHeader.h:14:
In file included from /Users/larryseyer/AudioDevelopment/OTTO/JUCE/modules/juce_audio_plugin_client/juce_audio_plugin_client.h:63:
In file included from /Users/larryseyer/AudioDevelopment/OTTO/JUCE/modules/juce_gui_basics/juce_gui_basics.h:68:
In file included from /Users/larryseyer/AudioDevelopment/OTTO/JUCE/modules/juce_graphics/juce_graphics.h:67:
In file included from /Users/larryseyer/AudioDevelopment/OTTO/JUCE/modules/juce_core/juce_core.h:215:
/Users/larryseyer/AudioDevelopment/OTTO/JUCE/modules/juce_core/system/juce_StandardHeader.h:56:7: warning: 'DOXYGEN' is not defined, evaluates to 0 [-Wundef]
   56 | #if ! DOXYGEN
      |       ^
In file included from /Users/larryseyer/AudioDevelopment/OTTO/Source/UI/Visualizations/VUMeterAdvanced.cpp:1:
In file included from /Users/larryseyer/AudioDevelopment/OTTO/Source/UI/Visualizations/VUMeterAdvanced.h:4:
In file included from /Users/larryseyer/AudioDevelopment/OTTO/Builds/MacOSX/CMake-Release/OTTO_artefacts/JuceLibraryCode/JuceHeader.h:14:
In file included from /Users/larryseyer/AudioDevelopment/OTTO/JUCE/modules/juce_audio_plugin_client/juce_audio_plugin_client.h:63:
In file included from /Users/larryseyer/AudioDevelopment/OTTO/JUCE/modules/juce_gui_basics/juce_gui_basics.h:68:
In file included from /Users/larryseyer/AudioDevelopment/OTTO/JUCE/modules/juce_graphics/juce_graphics.h:67:
In file included from /Users/larryseyer/AudioDevelopment/OTTO/JUCE/modules/juce_core/juce_core.h:215:
In file included from /Users/larryseyer/AudioDevelopment/OTTO/JUCE/modules/juce_core/system/juce_StandardHeader.h:93:
/Users/larryseyer/AudioDevelopment/OTTO/JUCE/modules/juce_core/system/juce_CompilerSupport.h:43:5: warning: 'JUCE_GCC' is not defined, evaluates to 0 [-Wundef]
   43 | #if JUCE_GCC
      |     ^
/Users/larryseyer/AudioDevelopment/OTTO/JUCE/modules/juce_core/system/juce_CompilerSupport.h:94:5: warning: 'JUCE_MSVC' is not defined, evaluates to 0 [-Wundef]
   94 | #if JUCE_MSVC
      |     ^
In file included from /Users/larryseyer/AudioDevelopment/OTTO/Source/UI/Visualizations/VUMeterAdvanced.cpp:1:
In file included from /Users/larryseyer/AudioDevelopment/OTTO/Source/UI/Visualizations/VUMeterAdvanced.h:4:
In file included from /Users/larryseyer/AudioDevelopment/OTTO/Builds/MacOSX/CMake-Release/OTTO_artefacts/JuceLibraryCode/JuceHeader.h:14:
In file included from /Users/larryseyer/AudioDevelopment/OTTO/JUCE/modules/juce_audio_plugin_client/juce_audio_plugin_client.h:63:
In file included from /Users/larryseyer/AudioDevelopment/OTTO/JUCE/modules/juce_gui_basics/juce_gui_basics.h:68:
In file included from /Users/larryseyer/AudioDevelopment/OTTO/JUCE/modules/juce_graphics/juce_graphics.h:67:
In file included from /Users/larryseyer/AudioDevelopment/OTTO/JUCE/modules/juce_core/juce_core.h:215:
In file included from /Users/larryseyer/AudioDevelopment/OTTO/JUCE/modules/juce_core/system/juce_StandardHeader.h:94:
/Users/larryseyer/AudioDevelopment/OTTO/JUCE/modules/juce_core/system/juce_CompilerWarnings.h:221:5: warning: 'JUCE_MSVC' is not defined, evaluates to 0 [-Wundef]
  221 | #if JUCE_MSVC
      |     ^
In file included from /Users/larryseyer/AudioDevelopment/OTTO/Source/UI/Visualizations/VUMeterAdvanced.cpp:1:
In file included from /Users/larryseyer/AudioDevelopment/OTTO/Source/UI/Visualizations/VUMeterAdvanced.h:4:
In file included from /Users/larryseyer/AudioDevelopment/OTTO/Builds/MacOSX/CMake-Release/OTTO_artefacts/JuceLibraryCode/JuceHeader.h:14:
In file included from /Users/larryseyer/AudioDevelopment/OTTO/JUCE/modules/juce_audio_plugin_client/juce_audio_plugin_client.h:63:
In file included from /Users/larryseyer/AudioDevelopment/OTTO/JUCE/modules/juce_gui_basics/juce_gui_basics.h:68:
In file included from /Users/larryseyer/AudioDevelopment/OTTO/JUCE/modules/juce_graphics/juce_graphics.h:67:
In file included from /Users/larryseyer/AudioDevelopment/OTTO/JUCE/modules/juce_core/juce_core.h:215:
In file included from /Users/larryseyer/AudioDevelopment/OTTO/JUCE/modules/juce_core/system/juce_StandardHeader.h:95:
/Users/larryseyer/AudioDevelopment/OTTO/JUCE/modules/juce_core/system/juce_PlatformDefs.h:54:5: warning: 'JUCE_WINDOWS' is not defined, evaluates to 0 [-Wundef]
   54 | #if JUCE_WINDOWS
      |     ^
/Users/larryseyer/AudioDevelopment/OTTO/JUCE/modules/juce_core/system/juce_PlatformDefs.h:66:29: warning: 'JUCE_DEBUG' is not defined, evaluates to 0 [-Wundef]
   66 |  #if JUCE_LOG_ASSERTIONS || JUCE_DEBUG
      |                             ^
/Users/larryseyer/AudioDevelopment/OTTO/JUCE/modules/juce_core/system/juce_PlatformDefs.h:74:5: warning: 'JUCE_IOS' is not defined, evaluates to 0 [-Wundef]
   74 | #if JUCE_IOS || JUCE_LINUX || JUCE_BSD
      |     ^
/Users/larryseyer/AudioDevelopment/OTTO/JUCE/modules/juce_core/system/juce_PlatformDefs.h:74:17: warning: 'JUCE_LINUX' is not defined, evaluates to 0 [-Wundef]
   74 | #if JUCE_IOS || JUCE_LINUX || JUCE_BSD
      |                 ^
/Users/larryseyer/AudioDevelopment/OTTO/JUCE/modules/juce_core/system/juce_PlatformDefs.h:74:31: warning: 'JUCE_BSD' is not defined, evaluates to 0 [-Wundef]
   74 | #if JUCE_IOS || JUCE_LINUX || JUCE_BSD
      |                               ^
/Users/larryseyer/AudioDevelopment/OTTO/JUCE/modules/juce_core/system/juce_PlatformDefs.h:81:7: warning: 'JUCE_MSVC' is not defined, evaluates to 0 [-Wundef]
   81 | #elif JUCE_MSVC
      |       ^
/Users/larryseyer/AudioDevelopment/OTTO/JUCE/modules/juce_core/system/juce_PlatformDefs.h:86:7: warning: 'JUCE_INTEL' is not defined, evaluates to 0 [-Wundef]
   86 | #elif JUCE_INTEL && (JUCE_GCC || JUCE_CLANG || JUCE_MAC)
      |       ^
/Users/larryseyer/AudioDevelopment/OTTO/JUCE/modules/juce_core/system/juce_PlatformDefs.h:132:5: warning: 'JUCE_MSVC' is not defined, evaluates to 0 [-Wundef]
  132 | #if JUCE_MSVC && ! defined (DOXYGEN)
      |     ^
/Users/larryseyer/AudioDevelopment/OTTO/JUCE/modules/juce_core/system/juce_PlatformDefs.h:146:6: warning: 'JUCE_DEBUG' is not defined, evaluates to 0 [-Wundef]
  146 | #if (JUCE_DEBUG && ! JUCE_DISABLE_ASSERTIONS) || DOXYGEN
      |      ^
/Users/larryseyer/AudioDevelopment/OTTO/JUCE/modules/juce_core/system/juce_PlatformDefs.h:146:50: warning: 'DOXYGEN' is not defined, evaluates to 0 [-Wundef]
  146 | #if (JUCE_DEBUG && ! JUCE_DISABLE_ASSERTIONS) || DOXYGEN
      |                                                  ^
/Users/larryseyer/AudioDevelopment/OTTO/JUCE/modules/juce_core/system/juce_PlatformDefs.h:272:5: warning: 'JUCE_MSVC' is not defined, evaluates to 0 [-Wundef]
  272 | #if JUCE_MSVC && ! defined (DOXYGEN)
      |     ^
/Users/larryseyer/AudioDevelopment/OTTO/JUCE/modules/juce_core/system/juce_PlatformDefs.h:291:5: warning: 'JUCE_DEBUG' is not defined, evaluates to 0 [-Wundef]
  291 | #if JUCE_DEBUG || DOXYGEN
      |     ^
/Users/larryseyer/AudioDevelopment/OTTO/JUCE/modules/juce_core/system/juce_PlatformDefs.h:291:19: warning: 'DOXYGEN' is not defined, evaluates to 0 [-Wundef]
  291 | #if JUCE_DEBUG || DOXYGEN
      |                   ^
/Users/larryseyer/AudioDevelopment/OTTO/JUCE/modules/juce_core/system/juce_PlatformDefs.h:299:7: warning: 'JUCE_MSVC' is not defined, evaluates to 0 [-Wundef]
  299 |   #if JUCE_MSVC
      |       ^
/Users/larryseyer/AudioDevelopment/OTTO/JUCE/modules/juce_core/system/juce_PlatformDefs.h:306:5: warning: 'JUCE_MSVC' is not defined, evaluates to 0 [-Wundef]
  306 | #if JUCE_MSVC || DOXYGEN
      |     ^
/Users/larryseyer/AudioDevelopment/OTTO/JUCE/modules/juce_core/system/juce_PlatformDefs.h:306:18: warning: 'DOXYGEN' is not defined, evaluates to 0 [-Wundef]
  306 | #if JUCE_MSVC || DOXYGEN
      |                  ^
/Users/larryseyer/AudioDevelopment/OTTO/JUCE/modules/juce_core/system/juce_PlatformDefs.h:315:5: warning: 'JUCE_ANDROID' is not defined, evaluates to 0 [-Wundef]
  315 | #if JUCE_ANDROID && ! defined (DOXYGEN)
      |     ^
/Users/larryseyer/AudioDevelopment/OTTO/JUCE/modules/juce_core/system/juce_PlatformDefs.h:324:5: warning: 'JUCE_GCC' is not defined, evaluates to 0 [-Wundef]
  324 | #if JUCE_GCC || JUCE_CLANG
      |     ^
/Users/larryseyer/AudioDevelopment/OTTO/JUCE/modules/juce_core/system/juce_PlatformDefs.h:331:5: warning: 'JUCE_GCC' is not defined, evaluates to 0 [-Wundef]
  331 | #if JUCE_GCC || DOXYGEN
      |     ^
/Users/larryseyer/AudioDevelopment/OTTO/JUCE/modules/juce_core/system/juce_PlatformDefs.h:331:17: warning: 'DOXYGEN' is not defined, evaluates to 0 [-Wundef]
  331 | #if JUCE_GCC || DOXYGEN
      |                 ^
In file included from /Users/larryseyer/AudioDevelopment/OTTO/Source/UI/Visualizations/VUMeterAdvanced.cpp:1:
In file included from /Users/larryseyer/AudioDevelopment/OTTO/Source/UI/Visualizations/VUMeterAdvanced.h:4:
In file included from /Users/larryseyer/AudioDevelopment/OTTO/Builds/MacOSX/CMake-Release/OTTO_artefacts/JuceLibraryCode/JuceHeader.h:14:
In file included from /Users/larryseyer/AudioDevelopment/OTTO/JUCE/modules/juce_audio_plugin_client/juce_audio_plugin_client.h:63:
In file included from /Users/larryseyer/AudioDevelopment/OTTO/JUCE/modules/juce_gui_basics/juce_gui_basics.h:68:
In file included from /Users/larryseyer/AudioDevelopment/OTTO/JUCE/modules/juce_graphics/juce_graphics.h:67:
In file included from /Users/larryseyer/AudioDevelopment/OTTO/JUCE/modules/juce_core/juce_core.h:215:
/Users/larryseyer/AudioDevelopment/OTTO/JUCE/modules/juce_core/system/juce_StandardHeader.h:101:5: warning: 'JUCE_MSVC' is not defined, evaluates to 0 [-Wundef]
  101 | #if JUCE_MSVC
      |     ^
/Users/larryseyer/AudioDevelopment/OTTO/JUCE/modules/juce_core/system/juce_StandardHeader.h:113:5: warning: 'JUCE_LINUX' is not defined, evaluates to 0 [-Wundef]
  113 | #if JUCE_LINUX || JUCE_BSD
      |     ^
/Users/larryseyer/AudioDevelopment/OTTO/JUCE/modules/juce_core/system/juce_StandardHeader.h:113:19: warning: 'JUCE_BSD' is not defined, evaluates to 0 [-Wundef]
  113 | #if JUCE_LINUX || JUCE_BSD
      |                   ^
/Users/larryseyer/AudioDevelopment/OTTO/JUCE/modules/juce_core/system/juce_StandardHeader.h:126:5: warning: 'JUCE_MSVC' is not defined, evaluates to 0 [-Wundef]
  126 | #if JUCE_MSVC && JUCE_DEBUG
      |     ^
/Users/larryseyer/AudioDevelopment/OTTO/JUCE/modules/juce_core/system/juce_StandardHeader.h:132:5: warning: 'JUCE_ANDROID' is not defined, evaluates to 0 [-Wundef]
  132 | #if JUCE_ANDROID
      |     ^
/Users/larryseyer/AudioDevelopment/OTTO/JUCE/modules/juce_core/system/juce_StandardHeader.h:147:5: warning: 'JUCE_MSVC' is not defined, evaluates to 0 [-Wundef]
  147 | #if JUCE_MSVC
      |     ^
/Users/larryseyer/AudioDevelopment/OTTO/JUCE/modules/juce_core/system/juce_StandardHeader.h:167:5: warning: 'JUCE_MSVC' is not defined, evaluates to 0 [-Wundef]
  167 | #if JUCE_MSVC && JUCE_DLL_BUILD
      |     ^
In file included from /Users/larryseyer/AudioDevelopment/OTTO/Source/UI/Visualizations/VUMeterAdvanced.cpp:1:
In file included from /Users/larryseyer/AudioDevelopment/OTTO/Source/UI/Visualizations/VUMeterAdvanced.h:4:
In file included from /Users/larryseyer/AudioDevelopment/OTTO/Builds/MacOSX/CMake-Release/OTTO_artefacts/JuceLibraryCode/JuceHeader.h:14:
In file included from /Users/larryseyer/AudioDevelopment/OTTO/JUCE/modules/juce_audio_plugin_client/juce_audio_plugin_client.h:63:
In file included from /Users/larryseyer/AudioDevelopment/OTTO/JUCE/modules/juce_gui_basics/juce_gui_basics.h:68:
In file included from /Users/larryseyer/AudioDevelopment/OTTO/JUCE/modules/juce_graphics/juce_graphics.h:67:
In file included from /Users/larryseyer/AudioDevelopment/OTTO/JUCE/modules/juce_core/juce_core.h:239:
/Users/larryseyer/AudioDevelopment/OTTO/JUCE/modules/juce_core/memory/juce_Memory.h:165:59: warning: 'DOXYGEN' is not defined, evaluates to 0 [-Wundef]
  165 | #if (JUCE_COMPILER_SUPPORTS_ARC && defined (__OBJC__)) || DOXYGEN
      |                                                           ^
/Users/larryseyer/AudioDevelopment/OTTO/JUCE/modules/juce_core/memory/juce_Memory.h:181:5: warning: 'JUCE_MSVC' is not defined, evaluates to 0 [-Wundef]
  181 | #if JUCE_MSVC && (defined (JUCE_DLL) || defined (JUCE_DLL_BUILD)) && ! (JUCE_DISABLE_DLL_ALLOCATORS || DOXYGEN)
      |     ^
In file included from /Users/larryseyer/AudioDevelopment/OTTO/Source/UI/Visualizations/VUMeterAdvanced.cpp:1:
In file included from /Users/larryseyer/AudioDevelopment/OTTO/Source/UI/Visualizations/VUMeterAdvanced.h:4:
In file included from /Users/larryseyer/AudioDevelopment/OTTO/Builds/MacOSX/CMake-Release/OTTO_artefacts/JuceLibraryCode/JuceHeader.h:14:
In file included from /Users/larryseyer/AudioDevelopment/OTTO/JUCE/modules/juce_audio_plugin_client/juce_audio_plugin_client.h:63:
In file included from /Users/larryseyer/AudioDevelopment/OTTO/JUCE/modules/juce_gui_basics/juce_gui_basics.h:68:
In file included from /Users/larryseyer/AudioDevelopment/OTTO/JUCE/modules/juce_graphics/juce_graphics.h:67:
In file included from /Users/larryseyer/AudioDevelopment/OTTO/JUCE/modules/juce_core/juce_core.h:240:
/Users/larryseyer/AudioDevelopment/OTTO/JUCE/modules/juce_core/maths/juce_MathsFunctions.h:59:5: warning: 'JUCE_MSVC' is not defined, evaluates to 0 [-Wundef]
   59 | #if JUCE_MSVC
      |     ^
/Users/larryseyer/AudioDevelopment/OTTO/JUCE/modules/juce_core/maths/juce_MathsFunctions.h:97:5: warning: 'JUCE_WINDOWS' is not defined, evaluates to 0 [-Wundef]
   97 | #if JUCE_WINDOWS
      |     ^
/Users/larryseyer/AudioDevelopment/OTTO/JUCE/modules/juce_core/maths/juce_MathsFunctions.h:125:8: warning: 'JUCE_MSVC' is not defined, evaluates to 0 [-Wundef]
  125 |    #if JUCE_MSVC
      |        ^
/Users/larryseyer/AudioDevelopment/OTTO/JUCE/modules/juce_core/maths/juce_MathsFunctions.h:136:8: warning: 'JUCE_MSVC' is not defined, evaluates to 0 [-Wundef]
  136 |    #if JUCE_MSVC
      |        ^
/Users/larryseyer/AudioDevelopment/OTTO/JUCE/modules/juce_core/maths/juce_MathsFunctions.h:579:5: warning: 'JUCE_MSVC' is not defined, evaluates to 0 [-Wundef]
  579 | #if JUCE_MSVC
      |     ^
/Users/larryseyer/AudioDevelopment/OTTO/JUCE/modules/juce_core/maths/juce_MathsFunctions.h:606:8: warning: 'JUCE_BIG_ENDIAN' is not defined, evaluates to 0 [-Wundef]
  606 |    #if JUCE_BIG_ENDIAN
      |        ^
/Users/larryseyer/AudioDevelopment/OTTO/JUCE/modules/juce_core/maths/juce_MathsFunctions.h:618:5: warning: 'JUCE_MSVC' is not defined, evaluates to 0 [-Wundef]
  618 | #if JUCE_MSVC
      |     ^
/Users/larryseyer/AudioDevelopment/OTTO/JUCE/modules/juce_core/maths/juce_MathsFunctions.h:738:5: warning: 'JUCE_INTEL' is not defined, evaluates to 0 [-Wundef]
  738 | #if JUCE_INTEL || DOXYGEN
      |     ^
/Users/larryseyer/AudioDevelopment/OTTO/JUCE/modules/juce_core/maths/juce_MathsFunctions.h:738:19: warning: 'DOXYGEN' is not defined, evaluates to 0 [-Wundef]
  738 | #if JUCE_INTEL || DOXYGEN
      |                   ^
In file included from /Users/larryseyer/AudioDevelopment/OTTO/Source/UI/Visualizations/VUMeterAdvanced.cpp:1:
In file included from /Users/larryseyer/AudioDevelopment/OTTO/Source/UI/Visualizations/VUMeterAdvanced.h:4:
In file included from /Users/larryseyer/AudioDevelopment/OTTO/Builds/MacOSX/CMake-Release/OTTO_artefacts/JuceLibraryCode/JuceHeader.h:14:
In file included from /Users/larryseyer/AudioDevelopment/OTTO/JUCE/modules/juce_audio_plugin_client/juce_audio_plugin_client.h:63:
In file included from /Users/larryseyer/AudioDevelopment/OTTO/JUCE/modules/juce_gui_basics/juce_gui_basics.h:68:
In file included from /Users/larryseyer/AudioDevelopment/OTTO/JUCE/modules/juce_graphics/juce_graphics.h:67:
In file included from /Users/larryseyer/AudioDevelopment/OTTO/JUCE/modules/juce_core/juce_core.h:241:
/Users/larryseyer/AudioDevelopment/OTTO/JUCE/modules/juce_core/memory/juce_ByteOrder.h:162:5: warning: 'JUCE_MSVC' is not defined, evaluates to 0 [-Wundef]
  162 | #if JUCE_MSVC && ! defined (__INTEL_COMPILER)
      |     ^
In file included from /Users/larryseyer/AudioDevelopment/OTTO/Source/UI/Visualizations/VUMeterAdvanced.cpp:1:
In file included from /Users/larryseyer/AudioDevelopment/OTTO/Source/UI/Visualizations/VUMeterAdvanced.h:4:
In file included from /Users/larryseyer/AudioDevelopment/OTTO/Builds/MacOSX/CMake-Release/OTTO_artefacts/JuceLibraryCode/JuceHeader.h:14:
In file included from /Users/larryseyer/AudioDevelopment/OTTO/JUCE/modules/juce_audio_plugin_client/juce_audio_plugin_client.h:63:
In file included from /Users/larryseyer/AudioDevelopment/OTTO/JUCE/modules/juce_gui_basics/juce_gui_basics.h:68:
In file included from /Users/larryseyer/AudioDevelopment/OTTO/JUCE/modules/juce_graphics/juce_graphics.h:67:
In file included from /Users/larryseyer/AudioDevelopment/OTTO/JUCE/modules/juce_core/juce_core.h:243:
/Users/larryseyer/AudioDevelopment/OTTO/JUCE/modules/juce_core/text/juce_CharacterFunctions.h:39:5: warning: 'JUCE_WINDOWS' is not defined, evaluates to 0 [-Wundef]
   39 | #if JUCE_WINDOWS && ! defined (DOXYGEN)
      |     ^
/Users/larryseyer/AudioDevelopment/OTTO/JUCE/modules/juce_core/text/juce_CharacterFunctions.h:64:5: warning: 'JUCE_DEFINE_T_MACRO' is not defined, evaluates to 0 [-Wundef]
   64 | #if JUCE_DEFINE_T_MACRO
      |     ^
/Users/larryseyer/AudioDevelopment/OTTO/JUCE/modules/juce_core/text/juce_CharacterFunctions.h:406:12: warning: 'JUCE_WINDOWS' is not defined, evaluates to 0 [-Wundef]
  406 |        #if JUCE_WINDOWS
      |            ^
/Users/larryseyer/AudioDevelopment/OTTO/JUCE/modules/juce_core/text/juce_CharacterFunctions.h:411:13: warning: 'JUCE_ANDROID' is not defined, evaluates to 0 [-Wundef]
  411 |         #if JUCE_ANDROID
      |             ^
In file included from /Users/larryseyer/AudioDevelopment/OTTO/Source/UI/Visualizations/VUMeterAdvanced.cpp:1:
In file included from /Users/larryseyer/AudioDevelopment/OTTO/Source/UI/Visualizations/VUMeterAdvanced.h:4:
In file included from /Users/larryseyer/AudioDevelopment/OTTO/Builds/MacOSX/CMake-Release/OTTO_artefacts/JuceLibraryCode/JuceHeader.h:14:
In file included from /Users/larryseyer/AudioDevelopment/OTTO/JUCE/modules/juce_audio_plugin_client/juce_audio_plugin_client.h:63:
In file included from /Users/larryseyer/AudioDevelopment/OTTO/JUCE/modules/juce_gui_basics/juce_gui_basics.h:68:
In file included from /Users/larryseyer/AudioDevelopment/OTTO/JUCE/modules/juce_graphics/juce_graphics.h:67:
In file included from /Users/larryseyer/AudioDevelopment/OTTO/JUCE/modules/juce_core/juce_core.h:247:
/Users/larryseyer/AudioDevelopment/OTTO/JUCE/modules/juce_core/text/juce_CharPointer_UTF8.h:481:12: warning: 'JUCE_WINDOWS' is not defined, evaluates to 0 [-Wundef]
  481 |        #if JUCE_WINDOWS
      |            ^
In file included from /Users/larryseyer/AudioDevelopment/OTTO/Source/UI/Visualizations/VUMeterAdvanced.cpp:1:
In file included from /Users/larryseyer/AudioDevelopment/OTTO/Source/UI/Visualizations/VUMeterAdvanced.h:4:
In file included from /Users/larryseyer/AudioDevelopment/OTTO/Builds/MacOSX/CMake-Release/OTTO_artefacts/JuceLibraryCode/JuceHeader.h:14:
In file included from /Users/larryseyer/AudioDevelopment/OTTO/JUCE/modules/juce_audio_plugin_client/juce_audio_plugin_client.h:63:
In file included from /Users/larryseyer/AudioDevelopment/OTTO/JUCE/modules/juce_gui_basics/juce_gui_basics.h:68:
In file included from /Users/larryseyer/AudioDevelopment/OTTO/JUCE/modules/juce_graphics/juce_graphics.h:67:
In file included from /Users/larryseyer/AudioDevelopment/OTTO/JUCE/modules/juce_core/juce_core.h:248:
/Users/larryseyer/AudioDevelopment/OTTO/JUCE/modules/juce_core/text/juce_CharPointer_UTF16.h:353:8: warning: 'JUCE_MSVC' is not defined, evaluates to 0 [-Wundef]
  353 |    #if JUCE_MSVC && ! defined (DOXYGEN)
      |        ^
/Users/larryseyer/AudioDevelopment/OTTO/JUCE/modules/juce_core/text/juce_CharPointer_UTF16.h:412:12: warning: 'JUCE_MSVC' is not defined, evaluates to 0 [-Wundef]
  412 |        #if JUCE_MSVC
      |            ^
/Users/larryseyer/AudioDevelopment/OTTO/JUCE/modules/juce_core/text/juce_CharPointer_UTF16.h:422:12: warning: 'JUCE_MSVC' is not defined, evaluates to 0 [-Wundef]
  422 |        #if JUCE_MSVC
      |            ^
In file included from /Users/larryseyer/AudioDevelopment/OTTO/Source/UI/Visualizations/VUMeterAdvanced.cpp:1:
In file included from /Users/larryseyer/AudioDevelopment/OTTO/Source/UI/Visualizations/VUMeterAdvanced.h:4:
In file included from /Users/larryseyer/AudioDevelopment/OTTO/Builds/MacOSX/CMake-Release/OTTO_artefacts/JuceLibraryCode/JuceHeader.h:14:
In file included from /Users/larryseyer/AudioDevelopment/OTTO/JUCE/modules/juce_audio_plugin_client/juce_audio_plugin_client.h:63:
In file included from /Users/larryseyer/AudioDevelopment/OTTO/JUCE/modules/juce_gui_basics/juce_gui_basics.h:68:
In file included from /Users/larryseyer/AudioDevelopment/OTTO/JUCE/modules/juce_graphics/juce_graphics.h:67:
In file included from /Users/larryseyer/AudioDevelopment/OTTO/JUCE/modules/juce_core/juce_core.h:249:
/Users/larryseyer/AudioDevelopment/OTTO/JUCE/modules/juce_core/text/juce_CharPointer_UTF32.h:166:44: warning: 'JUCE_ANDROID' is not defined, evaluates to 0 [-Wundef]
  166 |        #if JUCE_NATIVE_WCHAR_IS_UTF32 && ! JUCE_ANDROID
      |                                            ^
/Users/larryseyer/AudioDevelopment/OTTO/JUCE/modules/juce_core/text/juce_CharPointer_UTF32.h:266:40: warning: 'JUCE_ANDROID' is not defined, evaluates to 0 [-Wundef]
  266 |    #if JUCE_NATIVE_WCHAR_IS_UTF32 && ! JUCE_ANDROID
      |                                        ^
In file included from /Users/larryseyer/AudioDevelopment/OTTO/Source/UI/Visualizations/VUMeterAdvanced.cpp:1:
In file included from /Users/larryseyer/AudioDevelopment/OTTO/Source/UI/Visualizations/VUMeterAdvanced.h:4:
In file included from /Users/larryseyer/AudioDevelopment/OTTO/Builds/MacOSX/CMake-Release/OTTO_artefacts/JuceLibraryCode/JuceHeader.h:14:
In file included from /Users/larryseyer/AudioDevelopment/OTTO/JUCE/modules/juce_audio_plugin_client/juce_audio_plugin_client.h:63:
In file included from /Users/larryseyer/AudioDevelopment/OTTO/JUCE/modules/juce_gui_basics/juce_gui_basics.h:68:
In file included from /Users/larryseyer/AudioDevelopment/OTTO/JUCE/modules/juce_graphics/juce_graphics.h:67:
In file included from /Users/larryseyer/AudioDevelopment/OTTO/JUCE/modules/juce_core/juce_core.h:250:
/Users/larryseyer/AudioDevelopment/OTTO/JUCE/modules/juce_core/text/juce_CharPointer_ASCII.h:278:12: warning: 'JUCE_WINDOWS' is not defined, evaluates to 0 [-Wundef]
  278 |        #if JUCE_WINDOWS && JUCE_CLANG
      |            ^
/Users/larryseyer/AudioDevelopment/OTTO/JUCE/modules/juce_core/text/juce_CharPointer_ASCII.h:280:14: warning: 'JUCE_WINDOWS' is not defined, evaluates to 0 [-Wundef]
  280 |        #elif JUCE_WINDOWS
      |              ^
/Users/larryseyer/AudioDevelopment/OTTO/JUCE/modules/juce_core/text/juce_CharPointer_ASCII.h:348:12: warning: 'JUCE_LINUX' is not defined, evaluates to 0 [-Wundef]
  348 |        #if JUCE_LINUX || JUCE_BSD || JUCE_ANDROID
      |            ^
/Users/larryseyer/AudioDevelopment/OTTO/JUCE/modules/juce_core/text/juce_CharPointer_ASCII.h:348:26: warning: 'JUCE_BSD' is not defined, evaluates to 0 [-Wundef]
  348 |        #if JUCE_LINUX || JUCE_BSD || JUCE_ANDROID
      |                          ^
/Users/larryseyer/AudioDevelopment/OTTO/JUCE/modules/juce_core/text/juce_CharPointer_ASCII.h:348:38: warning: 'JUCE_ANDROID' is not defined, evaluates to 0 [-Wundef]
  348 |        #if JUCE_LINUX || JUCE_BSD || JUCE_ANDROID
      |                                      ^
/Users/larryseyer/AudioDevelopment/OTTO/JUCE/modules/juce_core/text/juce_CharPointer_ASCII.h:350:14: warning: 'JUCE_WINDOWS' is not defined, evaluates to 0 [-Wundef]
  350 |        #elif JUCE_WINDOWS
      |              ^
In file included from /Users/larryseyer/AudioDevelopment/OTTO/Source/UI/Visualizations/VUMeterAdvanced.cpp:1:
In file included from /Users/larryseyer/AudioDevelopment/OTTO/Source/UI/Visualizations/VUMeterAdvanced.h:4:
In file included from /Users/larryseyer/AudioDevelopment/OTTO/Builds/MacOSX/CMake-Release/OTTO_artefacts/JuceLibraryCode/JuceHeader.h:14:
In file included from /Users/larryseyer/AudioDevelopment/OTTO/JUCE/modules/juce_audio_plugin_client/juce_audio_plugin_client.h:63:
In file included from /Users/larryseyer/AudioDevelopment/OTTO/JUCE/modules/juce_gui_basics/juce_gui_basics.h:68:
In file included from /Users/larryseyer/AudioDevelopment/OTTO/JUCE/modules/juce_graphics/juce_graphics.h:67:
In file included from /Users/larryseyer/AudioDevelopment/OTTO/JUCE/modules/juce_core/juce_core.h:254:
/Users/larryseyer/AudioDevelopment/OTTO/JUCE/modules/juce_core/text/juce_String.h:198:11: warning: 'DOXYGEN' is not defined, evaluates to 0 [-Wundef]
  198 |    #elif (DOXYGEN || JUCE_STRING_UTF_TYPE == 8)
      |           ^
In file included from /Users/larryseyer/AudioDevelopment/OTTO/Source/UI/Visualizations/VUMeterAdvanced.cpp:1:
In file included from /Users/larryseyer/AudioDevelopment/OTTO/Source/UI/Visualizations/VUMeterAdvanced.h:4:
In file included from /Users/larryseyer/AudioDevelopment/OTTO/Builds/MacOSX/CMake-Release/OTTO_artefacts/JuceLibraryCode/JuceHeader.h:14:
In file included from /Users/larryseyer/AudioDevelopment/OTTO/JUCE/modules/juce_audio_plugin_client/juce_audio_plugin_client.h:63:
In file included from /Users/larryseyer/AudioDevelopment/OTTO/JUCE/modules/juce_gui_basics/juce_gui_basics.h:68:
In file included from /Users/larryseyer/AudioDevelopment/OTTO/JUCE/modules/juce_graphics/juce_graphics.h:67:
In file included from /Users/larryseyer/AudioDevelopment/OTTO/JUCE/modules/juce_core/juce_core.h:257:
/Users/larryseyer/AudioDevelopment/OTTO/JUCE/modules/juce_core/memory/juce_LeakedObjectDetector.h:124:5: warning: 'DOXYGEN' is not defined, evaluates to 0 [-Wundef]
  124 | #if DOXYGEN || ! defined (JUCE_LEAK_DETECTOR)
      |     ^
/Users/larryseyer/AudioDevelopment/OTTO/JUCE/modules/juce_core/memory/juce_LeakedObjectDetector.h:125:7: warning: 'DOXYGEN' is not defined, evaluates to 0 [-Wundef]
  125 |  #if (DOXYGEN || JUCE_CHECK_MEMORY_LEAKS)
      |       ^
In file included from /Users/larryseyer/AudioDevelopment/OTTO/Source/UI/Visualizations/VUMeterAdvanced.cpp:1:
In file included from /Users/larryseyer/AudioDevelopment/OTTO/Source/UI/Visualizations/VUMeterAdvanced.h:4:
In file included from /Users/larryseyer/AudioDevelopment/OTTO/Builds/MacOSX/CMake-Release/OTTO_artefacts/JuceLibraryCode/JuceHeader.h:14:
In file included from /Users/larryseyer/AudioDevelopment/OTTO/JUCE/modules/juce_audio_plugin_client/juce_audio_plugin_client.h:63:
In file included from /Users/larryseyer/AudioDevelopment/OTTO/JUCE/modules/juce_gui_basics/juce_gui_basics.h:68:
In file included from /Users/larryseyer/AudioDevelopment/OTTO/JUCE/modules/juce_graphics/juce_graphics.h:67:
In file included from /Users/larryseyer/AudioDevelopment/OTTO/JUCE/modules/juce_core/juce_core.h:259:
/Users/larryseyer/AudioDevelopment/OTTO/JUCE/modules/juce_core/memory/juce_HeapBlock.h:38:8: warning: 'DOXYGEN' is not defined, evaluates to 0 [-Wundef]
   38 | #if ! (DOXYGEN || JUCE_EXCEPTIONS_DISABLED)
      |        ^
/Users/larryseyer/AudioDevelopment/OTTO/JUCE/modules/juce_core/memory/juce_HeapBlock.h:38:19: warning: 'JUCE_EXCEPTIONS_DISABLED' is not defined, evaluates to 0 [-Wundef]
   38 | #if ! (DOXYGEN || JUCE_EXCEPTIONS_DISABLED)
      |                   ^
/Users/larryseyer/AudioDevelopment/OTTO/JUCE/modules/juce_core/memory/juce_HeapBlock.h:343:12: warning: 'JUCE_EXCEPTIONS_DISABLED' is not defined, evaluates to 0 [-Wundef]
  343 |        #if JUCE_EXCEPTIONS_DISABLED
      |            ^
In file included from /Users/larryseyer/AudioDevelopment/OTTO/Source/UI/Visualizations/VUMeterAdvanced.cpp:1:
In file included from /Users/larryseyer/AudioDevelopment/OTTO/Source/UI/Visualizations/VUMeterAdvanced.h:4:
In file included from /Users/larryseyer/AudioDevelopment/OTTO/Builds/MacOSX/CMake-Release/OTTO_artefacts/JuceLibraryCode/JuceHeader.h:14:
In file included from /Users/larryseyer/AudioDevelopment/OTTO/JUCE/modules/juce_audio_plugin_client/juce_audio_plugin_client.h:63:
In file included from /Users/larryseyer/AudioDevelopment/OTTO/JUCE/modules/juce_gui_basics/juce_gui_basics.h:68:
In file included from /Users/larryseyer/AudioDevelopment/OTTO/JUCE/modules/juce_graphics/juce_graphics.h:67:
In file included from /Users/larryseyer/AudioDevelopment/OTTO/JUCE/modules/juce_core/juce_core.h:263:
/Users/larryseyer/AudioDevelopment/OTTO/JUCE/modules/juce_core/memory/juce_ScopedPointer.h:151:10: warning: 'JUCE_MSVC' is not defined, evaluates to 0 [-Wundef]
  151 |    #if ! JUCE_MSVC  // (MSVC can't deal with multiple copy constructors)
      |          ^
In file included from /Users/larryseyer/AudioDevelopment/OTTO/Source/UI/Visualizations/VUMeterAdvanced.cpp:1:
In file included from /Users/larryseyer/AudioDevelopment/OTTO/Source/UI/Visualizations/VUMeterAdvanced.h:4:
In file included from /Users/larryseyer/AudioDevelopment/OTTO/Builds/MacOSX/CMake-Release/OTTO_artefacts/JuceLibraryCode/JuceHeader.h:14:
In file included from /Users/larryseyer/AudioDevelopment/OTTO/JUCE/modules/juce_audio_plugin_client/juce_audio_plugin_client.h:63:
In file included from /Users/larryseyer/AudioDevelopment/OTTO/JUCE/modules/juce_gui_basics/juce_gui_basics.h:68:
In file included from /Users/larryseyer/AudioDevelopment/OTTO/JUCE/modules/juce_graphics/juce_graphics.h:67:
In file included from /Users/larryseyer/AudioDevelopment/OTTO/JUCE/modules/juce_core/juce_core.h:271:
/Users/larryseyer/AudioDevelopment/OTTO/JUCE/modules/juce_core/threads/juce_CriticalSection.h:116:8: warning: 'JUCE_WINDOWS' is not defined, evaluates to 0 [-Wundef]
  116 |    #if JUCE_WINDOWS
      |        ^
In file included from /Users/larryseyer/AudioDevelopment/OTTO/Source/UI/Visualizations/VUMeterAdvanced.cpp:1:
In file included from /Users/larryseyer/AudioDevelopment/OTTO/Source/UI/Visualizations/VUMeterAdvanced.h:4:
In file included from /Users/larryseyer/AudioDevelopment/OTTO/Builds/MacOSX/CMake-Release/OTTO_artefacts/JuceLibraryCode/JuceHeader.h:14:
In file included from /Users/larryseyer/AudioDevelopment/OTTO/JUCE/modules/juce_audio_plugin_client/juce_audio_plugin_client.h:63:
In file included from /Users/larryseyer/AudioDevelopment/OTTO/JUCE/modules/juce_gui_basics/juce_gui_basics.h:68:
In file included from /Users/larryseyer/AudioDevelopment/OTTO/JUCE/modules/juce_graphics/juce_graphics.h:67:
In file included from /Users/larryseyer/AudioDevelopment/OTTO/JUCE/modules/juce_core/juce_core.h:293:
/Users/larryseyer/AudioDevelopment/OTTO/JUCE/modules/juce_core/memory/juce_HeavyweightLeakedObjectDetector.h:123:5: warning: 'DOXYGEN' is not defined, evaluates to 0 [-Wundef]
  123 | #if DOXYGEN || ! defined (JUCE_HEAVYWEIGHT_LEAK_DETECTOR)
      |     ^
/Users/larryseyer/AudioDevelopment/OTTO/JUCE/modules/juce_core/memory/juce_HeavyweightLeakedObjectDetector.h:124:7: warning: 'DOXYGEN' is not defined, evaluates to 0 [-Wundef]
  124 |  #if (DOXYGEN || JUCE_CHECK_MEMORY_LEAKS)
      |       ^
In file included from /Users/larryseyer/AudioDevelopment/OTTO/Source/UI/Visualizations/VUMeterAdvanced.cpp:1:
In file included from /Users/larryseyer/AudioDevelopment/OTTO/Source/UI/Visualizations/VUMeterAdvanced.h:4:
In file included from /Users/larryseyer/AudioDevelopment/OTTO/Builds/MacOSX/CMake-Release/OTTO_artefacts/JuceLibraryCode/JuceHeader.h:14:
In file included from /Users/larryseyer/AudioDevelopment/OTTO/JUCE/modules/juce_audio_plugin_client/juce_audio_plugin_client.h:63:
In file included from /Users/larryseyer/AudioDevelopment/OTTO/JUCE/modules/juce_gui_basics/juce_gui_basics.h:68:
In file included from /Users/larryseyer/AudioDevelopment/OTTO/JUCE/modules/juce_graphics/juce_graphics.h:67:
In file included from /Users/larryseyer/AudioDevelopment/OTTO/JUCE/modules/juce_core/juce_core.h:318:
/Users/larryseyer/AudioDevelopment/OTTO/JUCE/modules/juce_core/files/juce_File.h:38:7: warning: 'DOXYGEN' is not defined, evaluates to 0 [-Wundef]
   38 | #if ! DOXYGEN && (JUCE_MAC || JUCE_IOS)
      |       ^
/Users/larryseyer/AudioDevelopment/OTTO/JUCE/modules/juce_core/files/juce_File.h:970:12: warning: 'JUCE_WINDOWS' is not defined, evaluates to 0 [-Wundef]
  970 |        #if JUCE_WINDOWS || DOXYGEN
      |            ^
/Users/larryseyer/AudioDevelopment/OTTO/JUCE/modules/juce_core/files/juce_File.h:970:28: warning: 'DOXYGEN' is not defined, evaluates to 0 [-Wundef]
  970 |        #if JUCE_WINDOWS || DOXYGEN
      |                            ^
/Users/larryseyer/AudioDevelopment/OTTO/JUCE/modules/juce_core/files/juce_File.h:981:12: warning: 'JUCE_WINDOWS' is not defined, evaluates to 0 [-Wundef]
  981 |        #if JUCE_WINDOWS || DOXYGEN
      |            ^
/Users/larryseyer/AudioDevelopment/OTTO/JUCE/modules/juce_core/files/juce_File.h:981:28: warning: 'DOXYGEN' is not defined, evaluates to 0 [-Wundef]
  981 |        #if JUCE_WINDOWS || DOXYGEN
      |                            ^
/Users/larryseyer/AudioDevelopment/OTTO/JUCE/modules/juce_core/files/juce_File.h:1100:8: warning: 'JUCE_WINDOWS' is not defined, evaluates to 0 [-Wundef]
 1100 |    #if JUCE_WINDOWS || DOXYGEN
      |        ^
/Users/larryseyer/AudioDevelopment/OTTO/JUCE/modules/juce_core/files/juce_File.h:1100:24: warning: 'DOXYGEN' is not defined, evaluates to 0 [-Wundef]
 1100 |    #if JUCE_WINDOWS || DOXYGEN
      |                        ^
/Users/larryseyer/AudioDevelopment/OTTO/JUCE/modules/juce_core/files/juce_File.h:1146:16: warning: 'NAMES_ARE_CASE_SENSITIVE' is not defined, evaluates to 0 [-Wundef]
 1146 |            #if NAMES_ARE_CASE_SENSITIVE
      |                ^
In file included from /Users/larryseyer/AudioDevelopment/OTTO/Source/UI/Visualizations/VUMeterAdvanced.cpp:1:
In file included from /Users/larryseyer/AudioDevelopment/OTTO/Source/UI/Visualizations/VUMeterAdvanced.h:4:
In file included from /Users/larryseyer/AudioDevelopment/OTTO/Builds/MacOSX/CMake-Release/OTTO_artefacts/JuceLibraryCode/JuceHeader.h:14:
In file included from /Users/larryseyer/AudioDevelopment/OTTO/JUCE/modules/juce_audio_plugin_client/juce_audio_plugin_client.h:63:
In file included from /Users/larryseyer/AudioDevelopment/OTTO/JUCE/modules/juce_gui_basics/juce_gui_basics.h:68:
In file included from /Users/larryseyer/AudioDevelopment/OTTO/JUCE/modules/juce_graphics/juce_graphics.h:67:
In file included from /Users/larryseyer/AudioDevelopment/OTTO/JUCE/modules/juce_core/juce_core.h:321:
/Users/larryseyer/AudioDevelopment/OTTO/JUCE/modules/juce_core/detail/juce_NativeFileHandle.h:38:5: warning: 'JUCE_WINDOWS' is not defined, evaluates to 0 [-Wundef]
   38 | #if JUCE_WINDOWS
      |     ^
In file included from /Users/larryseyer/AudioDevelopment/OTTO/Source/UI/Visualizations/VUMeterAdvanced.cpp:1:
In file included from /Users/larryseyer/AudioDevelopment/OTTO/Source/UI/Visualizations/VUMeterAdvanced.h:4:
In file included from /Users/larryseyer/AudioDevelopment/OTTO/Builds/MacOSX/CMake-Release/OTTO_artefacts/JuceLibraryCode/JuceHeader.h:14:
In file included from /Users/larryseyer/AudioDevelopment/OTTO/JUCE/modules/juce_audio_plugin_client/juce_audio_plugin_client.h:63:
In file included from /Users/larryseyer/AudioDevelopment/OTTO/JUCE/modules/juce_gui_basics/juce_gui_basics.h:68:
In file included from /Users/larryseyer/AudioDevelopment/OTTO/JUCE/modules/juce_graphics/juce_graphics.h:67:
In file included from /Users/larryseyer/AudioDevelopment/OTTO/JUCE/modules/juce_core/juce_core.h:325:
/Users/larryseyer/AudioDevelopment/OTTO/JUCE/modules/juce_core/files/juce_MemoryMappedFile.h:116:8: warning: 'JUCE_WINDOWS' is not defined, evaluates to 0 [-Wundef]
  116 |    #if JUCE_WINDOWS
      |        ^
In file included from /Users/larryseyer/AudioDevelopment/OTTO/Source/UI/Visualizations/VUMeterAdvanced.cpp:1:
In file included from /Users/larryseyer/AudioDevelopment/OTTO/Source/UI/Visualizations/VUMeterAdvanced.h:4:
In file included from /Users/larryseyer/AudioDevelopment/OTTO/Builds/MacOSX/CMake-Release/OTTO_artefacts/JuceLibraryCode/JuceHeader.h:14:
In file included from /Users/larryseyer/AudioDevelopment/OTTO/JUCE/modules/juce_audio_plugin_client/juce_audio_plugin_client.h:63:
In file included from /Users/larryseyer/AudioDevelopment/OTTO/JUCE/modules/juce_gui_basics/juce_gui_basics.h:68:
In file included from /Users/larryseyer/AudioDevelopment/OTTO/JUCE/modules/juce_graphics/juce_graphics.h:67:
In file included from /Users/larryseyer/AudioDevelopment/OTTO/JUCE/modules/juce_core/juce_core.h:338:
/Users/larryseyer/AudioDevelopment/OTTO/JUCE/modules/juce_core/misc/juce_WindowsRegistry.h:38:5: warning: 'JUCE_WINDOWS' is not defined, evaluates to 0 [-Wundef]
   38 | #if JUCE_WINDOWS || DOXYGEN
      |     ^
/Users/larryseyer/AudioDevelopment/OTTO/JUCE/modules/juce_core/misc/juce_WindowsRegistry.h:38:21: warning: 'DOXYGEN' is not defined, evaluates to 0 [-Wundef]
   38 | #if JUCE_WINDOWS || DOXYGEN
      |                     ^
In file included from /Users/larryseyer/AudioDevelopment/OTTO/Source/UI/Visualizations/VUMeterAdvanced.cpp:1:
In file included from /Users/larryseyer/AudioDevelopment/OTTO/Source/UI/Visualizations/VUMeterAdvanced.h:4:
In file included from /Users/larryseyer/AudioDevelopment/OTTO/Builds/MacOSX/CMake-Release/OTTO_artefacts/JuceLibraryCode/JuceHeader.h:14:
In file included from /Users/larryseyer/AudioDevelopment/OTTO/JUCE/modules/juce_audio_plugin_client/juce_audio_plugin_client.h:63:
In file included from /Users/larryseyer/AudioDevelopment/OTTO/JUCE/modules/juce_gui_basics/juce_gui_basics.h:68:
In file included from /Users/larryseyer/AudioDevelopment/OTTO/JUCE/modules/juce_graphics/juce_graphics.h:67:
In file included from /Users/larryseyer/AudioDevelopment/OTTO/JUCE/modules/juce_core/juce_core.h:342:
/Users/larryseyer/AudioDevelopment/OTTO/JUCE/modules/juce_core/threads/juce_Process.h:122:8: warning: 'JUCE_WINDOWS' is not defined, evaluates to 0 [-Wundef]
  122 |    #if JUCE_WINDOWS || DOXYGEN
      |        ^
/Users/larryseyer/AudioDevelopment/OTTO/JUCE/modules/juce_core/threads/juce_Process.h:122:24: warning: 'DOXYGEN' is not defined, evaluates to 0 [-Wundef]
  122 |    #if JUCE_WINDOWS || DOXYGEN
      |                        ^
In file included from /Users/larryseyer/AudioDevelopment/OTTO/Source/UI/Visualizations/VUMeterAdvanced.cpp:1:
In file included from /Users/larryseyer/AudioDevelopment/OTTO/Source/UI/Visualizations/VUMeterAdvanced.h:4:
In file included from /Users/larryseyer/AudioDevelopment/OTTO/Builds/MacOSX/CMake-Release/OTTO_artefacts/JuceLibraryCode/JuceHeader.h:14:
In file included from /Users/larryseyer/AudioDevelopment/OTTO/JUCE/modules/juce_audio_plugin_client/juce_audio_plugin_client.h:63:
In file included from /Users/larryseyer/AudioDevelopment/OTTO/JUCE/modules/juce_gui_basics/juce_gui_basics.h:68:
In file included from /Users/larryseyer/AudioDevelopment/OTTO/JUCE/modules/juce_graphics/juce_graphics.h:67:
In file included from /Users/larryseyer/AudioDevelopment/OTTO/JUCE/modules/juce_core/juce_core.h:345:
/Users/larryseyer/AudioDevelopment/OTTO/JUCE/modules/juce_core/threads/juce_Thread.h:526:8: warning: 'JUCE_ANDROID' is not defined, evaluates to 0 [-Wundef]
  526 |    #if JUCE_ANDROID || DOXYGEN
      |        ^
/Users/larryseyer/AudioDevelopment/OTTO/JUCE/modules/juce_core/threads/juce_Thread.h:526:24: warning: 'DOXYGEN' is not defined, evaluates to 0 [-Wundef]
  526 |    #if JUCE_ANDROID || DOXYGEN
      |                        ^
/Users/larryseyer/AudioDevelopment/OTTO/JUCE/modules/juce_core/threads/juce_Thread.h:607:8: warning: 'JUCE_ANDROID' is not defined, evaluates to 0 [-Wundef]
  607 |    #if JUCE_ANDROID || JUCE_LINUX || JUCE_BSD
      |        ^
/Users/larryseyer/AudioDevelopment/OTTO/JUCE/modules/juce_core/threads/juce_Thread.h:607:24: warning: 'JUCE_LINUX' is not defined, evaluates to 0 [-Wundef]
  607 |    #if JUCE_ANDROID || JUCE_LINUX || JUCE_BSD
      |                        ^
/Users/larryseyer/AudioDevelopment/OTTO/JUCE/modules/juce_core/threads/juce_Thread.h:607:38: warning: 'JUCE_BSD' is not defined, evaluates to 0 [-Wundef]
  607 |    #if JUCE_ANDROID || JUCE_LINUX || JUCE_BSD
      |                                      ^
In file included from /Users/larryseyer/AudioDevelopment/OTTO/Source/UI/Visualizations/VUMeterAdvanced.cpp:1:
In file included from /Users/larryseyer/AudioDevelopment/OTTO/Source/UI/Visualizations/VUMeterAdvanced.h:4:
In file included from /Users/larryseyer/AudioDevelopment/OTTO/Builds/MacOSX/CMake-Release/OTTO_artefacts/JuceLibraryCode/JuceHeader.h:14:
In file included from /Users/larryseyer/AudioDevelopment/OTTO/JUCE/modules/juce_audio_plugin_client/juce_audio_plugin_client.h:63:
In file included from /Users/larryseyer/AudioDevelopment/OTTO/JUCE/modules/juce_gui_basics/juce_gui_basics.h:68:
In file included from /Users/larryseyer/AudioDevelopment/OTTO/JUCE/modules/juce_graphics/juce_graphics.h:67:
In file included from /Users/larryseyer/AudioDevelopment/OTTO/JUCE/modules/juce_core/juce_core.h:357:
/Users/larryseyer/AudioDevelopment/OTTO/JUCE/modules/juce_core/network/juce_URL.h:567:12: warning: 'JUCE_IOS' is not defined, evaluates to 0 [-Wundef]
  567 |        #if JUCE_IOS
      |            ^
/Users/larryseyer/AudioDevelopment/OTTO/JUCE/modules/juce_core/network/juce_URL.h:708:8: warning: 'JUCE_IOS' is not defined, evaluates to 0 [-Wundef]
  708 |    #if JUCE_IOS
      |        ^
In file included from /Users/larryseyer/AudioDevelopment/OTTO/Source/UI/Visualizations/VUMeterAdvanced.cpp:1:
In file included from /Users/larryseyer/AudioDevelopment/OTTO/Source/UI/Visualizations/VUMeterAdvanced.h:4:
In file included from /Users/larryseyer/AudioDevelopment/OTTO/Builds/MacOSX/CMake-Release/OTTO_artefacts/JuceLibraryCode/JuceHeader.h:14:
In file included from /Users/larryseyer/AudioDevelopment/OTTO/JUCE/modules/juce_audio_plugin_client/juce_audio_plugin_client.h:63:
In file included from /Users/larryseyer/AudioDevelopment/OTTO/JUCE/modules/juce_gui_basics/juce_gui_basics.h:68:
In file included from /Users/larryseyer/AudioDevelopment/OTTO/JUCE/modules/juce_graphics/juce_graphics.h:67:
In file included from /Users/larryseyer/AudioDevelopment/OTTO/JUCE/modules/juce_core/juce_core.h:366:
/Users/larryseyer/AudioDevelopment/OTTO/JUCE/modules/juce_core/zip/juce_ZipFile.h:280:8: warning: 'JUCE_DEBUG' is not defined, evaluates to 0 [-Wundef]
  280 |    #if JUCE_DEBUG
      |        ^
In file included from /Users/larryseyer/AudioDevelopment/OTTO/Source/UI/Visualizations/VUMeterAdvanced.cpp:1:
In file included from /Users/larryseyer/AudioDevelopment/OTTO/Source/UI/Visualizations/VUMeterAdvanced.h:4:
In file included from /Users/larryseyer/AudioDevelopment/OTTO/Builds/MacOSX/CMake-Release/OTTO_artefacts/JuceLibraryCode/JuceHeader.h:14:
In file included from /Users/larryseyer/AudioDevelopment/OTTO/JUCE/modules/juce_audio_plugin_client/juce_audio_plugin_client.h:63:
In file included from /Users/larryseyer/AudioDevelopment/OTTO/JUCE/modules/juce_gui_basics/juce_gui_basics.h:68:
In file included from /Users/larryseyer/AudioDevelopment/OTTO/JUCE/modules/juce_graphics/juce_graphics.h:67:
/Users/larryseyer/AudioDevelopment/OTTO/JUCE/modules/juce_core/juce_core.h:378:5: warning: 'JUCE_CORE_INCLUDE_OBJC_HELPERS' is not defined, evaluates to 0 [-Wundef]
  378 | #if JUCE_CORE_INCLUDE_OBJC_HELPERS && (JUCE_MAC || JUCE_IOS)
      |     ^
/Users/larryseyer/AudioDevelopment/OTTO/JUCE/modules/juce_core/juce_core.h:383:5: warning: 'JUCE_CORE_INCLUDE_COM_SMART_PTR' is not defined, evaluates to 0 [-Wundef]
  383 | #if JUCE_CORE_INCLUDE_COM_SMART_PTR && JUCE_WINDOWS
      |     ^
/Users/larryseyer/AudioDevelopment/OTTO/JUCE/modules/juce_core/juce_core.h:387:5: warning: 'JUCE_CORE_INCLUDE_JNI_HELPERS' is not defined, evaluates to 0 [-Wundef]
  387 | #if JUCE_CORE_INCLUDE_JNI_HELPERS && JUCE_ANDROID
      |     ^
/Users/larryseyer/AudioDevelopment/OTTO/JUCE/modules/juce_core/juce_core.h:392:5: warning: 'JUCE_UNIT_TESTS' is not defined, evaluates to 0 [-Wundef]
  392 | #if JUCE_UNIT_TESTS
      |     ^
/Users/larryseyer/AudioDevelopment/OTTO/JUCE/modules/juce_core/juce_core.h:407:6: warning: 'JUCE_DEBUG' is not defined, evaluates to 0 [-Wundef]
  407 |  #if JUCE_DEBUG
      |      ^
In file included from /Users/larryseyer/AudioDevelopment/OTTO/Source/UI/Visualizations/VUMeterAdvanced.cpp:1:
In file included from /Users/larryseyer/AudioDevelopment/OTTO/Source/UI/Visualizations/VUMeterAdvanced.h:4:
In file included from /Users/larryseyer/AudioDevelopment/OTTO/Builds/MacOSX/CMake-Release/OTTO_artefacts/JuceLibraryCode/JuceHeader.h:14:
In file included from /Users/larryseyer/AudioDevelopment/OTTO/JUCE/modules/juce_audio_plugin_client/juce_audio_plugin_client.h:63:
In file included from /Users/larryseyer/AudioDevelopment/OTTO/JUCE/modules/juce_gui_basics/juce_gui_basics.h:68:
In file included from /Users/larryseyer/AudioDevelopment/OTTO/JUCE/modules/juce_graphics/juce_graphics.h:68:
/Users/larryseyer/AudioDevelopment/OTTO/JUCE/modules/juce_events/juce_events.h:75:5: warning: 'JUCE_WINDOWS' is not defined, evaluates to 0 [-Wundef]
   75 | #if JUCE_WINDOWS && JUCE_EVENTS_INCLUDE_WINRT_WRAPPER
      |     ^
In file included from /Users/larryseyer/AudioDevelopment/OTTO/Source/UI/Visualizations/VUMeterAdvanced.cpp:1:
In file included from /Users/larryseyer/AudioDevelopment/OTTO/Source/UI/Visualizations/VUMeterAdvanced.h:4:
In file included from /Users/larryseyer/AudioDevelopment/OTTO/Builds/MacOSX/CMake-Release/OTTO_artefacts/JuceLibraryCode/JuceHeader.h:14:
In file included from /Users/larryseyer/AudioDevelopment/OTTO/JUCE/modules/juce_audio_plugin_client/juce_audio_plugin_client.h:63:
In file included from /Users/larryseyer/AudioDevelopment/OTTO/JUCE/modules/juce_gui_basics/juce_gui_basics.h:68:
In file included from /Users/larryseyer/AudioDevelopment/OTTO/JUCE/modules/juce_graphics/juce_graphics.h:68:
In file included from /Users/larryseyer/AudioDevelopment/OTTO/JUCE/modules/juce_events/juce_events.h:91:
/Users/larryseyer/AudioDevelopment/OTTO/JUCE/modules/juce_events/messages/juce_ApplicationBase.h:300:8: warning: 'JUCE_IOS' is not defined, evaluates to 0 [-Wundef]
  300 |    #if JUCE_IOS
      |        ^
/Users/larryseyer/AudioDevelopment/OTTO/JUCE/modules/juce_events/messages/juce_ApplicationBase.h:324:40: warning: 'DOXYGEN' is not defined, evaluates to 0 [-Wundef]
  324 | #if JUCE_CATCH_UNHANDLED_EXCEPTIONS || DOXYGEN
      |                                        ^
In file included from /Users/larryseyer/AudioDevelopment/OTTO/Source/UI/Visualizations/VUMeterAdvanced.cpp:1:
In file included from /Users/larryseyer/AudioDevelopment/OTTO/Source/UI/Visualizations/VUMeterAdvanced.h:4:
In file included from /Users/larryseyer/AudioDevelopment/OTTO/Builds/MacOSX/CMake-Release/OTTO_artefacts/JuceLibraryCode/JuceHeader.h:14:
In file included from /Users/larryseyer/AudioDevelopment/OTTO/JUCE/modules/juce_audio_plugin_client/juce_audio_plugin_client.h:63:
In file included from /Users/larryseyer/AudioDevelopment/OTTO/JUCE/modules/juce_gui_basics/juce_gui_basics.h:68:
In file included from /Users/larryseyer/AudioDevelopment/OTTO/JUCE/modules/juce_graphics/juce_graphics.h:68:
In file included from /Users/larryseyer/AudioDevelopment/OTTO/JUCE/modules/juce_events/juce_events.h:92:
/Users/larryseyer/AudioDevelopment/OTTO/JUCE/modules/juce_events/messages/juce_Initialisation.h:102:5: warning: 'DOXYGEN' is not defined, evaluates to 0 [-Wundef]
  102 | #if DOXYGEN
      |     ^
/Users/larryseyer/AudioDevelopment/OTTO/JUCE/modules/juce_events/messages/juce_Initialisation.h:105:6: warning: 'JUCE_WINDOWS' is not defined, evaluates to 0 [-Wundef]
  105 |  #if JUCE_WINDOWS && ! defined (_CONSOLE)
      |      ^
/Users/larryseyer/AudioDevelopment/OTTO/JUCE/modules/juce_events/messages/juce_Initialisation.h:116:6: warning: 'JUCE_IOS' is not defined, evaluates to 0 [-Wundef]
  116 |  #if JUCE_IOS
      |      ^
/Users/larryseyer/AudioDevelopment/OTTO/JUCE/modules/juce_events/messages/juce_Initialisation.h:138:8: warning: 'JUCE_ANDROID' is not defined, evaluates to 0 [-Wundef]
  138 |  #elif JUCE_ANDROID
      |        ^
/Users/larryseyer/AudioDevelopment/OTTO/JUCE/modules/juce_events/messages/juce_Initialisation.h:161:7: warning: 'JUCE_USE_CUSTOM_PLUGIN_STANDALONE_APP' is not defined, evaluates to 0 [-Wundef]
  161 |   #if JUCE_USE_CUSTOM_PLUGIN_STANDALONE_APP
      |       ^
/Users/larryseyer/AudioDevelopment/OTTO/JUCE/modules/juce_events/messages/juce_Initialisation.h:168:8: warning: 'JUCE_IOS' is not defined, evaluates to 0 [-Wundef]
  168 |    #if JUCE_IOS
      |        ^
In file included from /Users/larryseyer/AudioDevelopment/OTTO/Source/UI/Visualizations/VUMeterAdvanced.cpp:1:
In file included from /Users/larryseyer/AudioDevelopment/OTTO/Source/UI/Visualizations/VUMeterAdvanced.h:4:
In file included from /Users/larryseyer/AudioDevelopment/OTTO/Builds/MacOSX/CMake-Release/OTTO_artefacts/JuceLibraryCode/JuceHeader.h:14:
In file included from /Users/larryseyer/AudioDevelopment/OTTO/JUCE/modules/juce_audio_plugin_client/juce_audio_plugin_client.h:63:
In file included from /Users/larryseyer/AudioDevelopment/OTTO/JUCE/modules/juce_gui_basics/juce_gui_basics.h:68:
In file included from /Users/larryseyer/AudioDevelopment/OTTO/JUCE/modules/juce_graphics/juce_graphics.h:68:
/Users/larryseyer/AudioDevelopment/OTTO/JUCE/modules/juce_events/juce_events.h:110:5: warning: 'JUCE_LINUX' is not defined, evaluates to 0 [-Wundef]
  110 | #if JUCE_LINUX || JUCE_BSD
      |     ^
/Users/larryseyer/AudioDevelopment/OTTO/JUCE/modules/juce_events/juce_events.h:110:19: warning: 'JUCE_BSD' is not defined, evaluates to 0 [-Wundef]
  110 | #if JUCE_LINUX || JUCE_BSD
      |                   ^
/Users/larryseyer/AudioDevelopment/OTTO/JUCE/modules/juce_events/juce_events.h:114:5: warning: 'JUCE_WINDOWS' is not defined, evaluates to 0 [-Wundef]
  114 | #if JUCE_WINDOWS
      |     ^
In file included from /Users/larryseyer/AudioDevelopment/OTTO/Source/UI/Visualizations/VUMeterAdvanced.cpp:1:
In file included from /Users/larryseyer/AudioDevelopment/OTTO/Source/UI/Visualizations/VUMeterAdvanced.h:4:
In file included from /Users/larryseyer/AudioDevelopment/OTTO/Builds/MacOSX/CMake-Release/OTTO_artefacts/JuceLibraryCode/JuceHeader.h:14:
In file included from /Users/larryseyer/AudioDevelopment/OTTO/JUCE/modules/juce_audio_plugin_client/juce_audio_plugin_client.h:63:
In file included from /Users/larryseyer/AudioDevelopment/OTTO/JUCE/modules/juce_gui_basics/juce_gui_basics.h:68:
In file included from /Users/larryseyer/AudioDevelopment/OTTO/JUCE/modules/juce_graphics/juce_graphics.h:122:
/Users/larryseyer/AudioDevelopment/OTTO/JUCE/modules/juce_graphics/colour/juce_PixelFormats.h:39:5: warning: 'JUCE_MSVC' is not defined, evaluates to 0 [-Wundef]
   39 | #if JUCE_MSVC
      |     ^
/Users/larryseyer/AudioDevelopment/OTTO/JUCE/modules/juce_graphics/colour/juce_PixelFormats.h:89:12: warning: 'JUCE_ANDROID' is not defined, evaluates to 0 [-Wundef]
   89 |        #if JUCE_ANDROID
      |            ^
/Users/larryseyer/AudioDevelopment/OTTO/JUCE/modules/juce_graphics/colour/juce_PixelFormats.h:100:12: warning: 'JUCE_BIG_ENDIAN' is not defined, evaluates to 0 [-Wundef]
  100 |        #if JUCE_BIG_ENDIAN
      |            ^
/Users/larryseyer/AudioDevelopment/OTTO/JUCE/modules/juce_graphics/colour/juce_PixelFormats.h:301:7: warning: 'JUCE_ANDROID' is not defined, evaluates to 0 [-Wundef]
  301 |   #if JUCE_ANDROID
      |       ^
/Users/larryseyer/AudioDevelopment/OTTO/JUCE/modules/juce_graphics/colour/juce_PixelFormats.h:308:8: warning: 'JUCE_BIG_ENDIAN' is not defined, evaluates to 0 [-Wundef]
  308 |    #if JUCE_BIG_ENDIAN
      |        ^
/Users/larryseyer/AudioDevelopment/OTTO/JUCE/modules/juce_graphics/colour/juce_PixelFormats.h:325:11: warning: 'JUCE_ANDROID' is not defined, evaluates to 0 [-Wundef]
  325 |       #if JUCE_ANDROID
      |           ^
/Users/larryseyer/AudioDevelopment/OTTO/JUCE/modules/juce_graphics/colour/juce_PixelFormats.h:332:12: warning: 'JUCE_BIG_ENDIAN' is not defined, evaluates to 0 [-Wundef]
  332 |        #if JUCE_BIG_ENDIAN
      |            ^
/Users/larryseyer/AudioDevelopment/OTTO/JUCE/modules/juce_graphics/colour/juce_PixelFormats.h:375:12: warning: 'JUCE_ANDROID' is not defined, evaluates to 0 [-Wundef]
  375 |        #if JUCE_ANDROID
      |            ^
/Users/larryseyer/AudioDevelopment/OTTO/JUCE/modules/juce_graphics/colour/juce_PixelFormats.h:386:12: warning: 'JUCE_ANDROID' is not defined, evaluates to 0 [-Wundef]
  386 |        #if JUCE_ANDROID
      |            ^
/Users/larryseyer/AudioDevelopment/OTTO/JUCE/modules/juce_graphics/colour/juce_PixelFormats.h:397:12: warning: 'JUCE_BIG_ENDIAN' is not defined, evaluates to 0 [-Wundef]
  397 |        #if JUCE_BIG_ENDIAN
      |            ^
/Users/larryseyer/AudioDevelopment/OTTO/JUCE/modules/juce_graphics/colour/juce_PixelFormats.h:411:12: warning: 'JUCE_ANDROID' is not defined, evaluates to 0 [-Wundef]
  411 |        #if JUCE_ANDROID
      |            ^
/Users/larryseyer/AudioDevelopment/OTTO/JUCE/modules/juce_graphics/colour/juce_PixelFormats.h:472:12: warning: 'JUCE_ANDROID' is not defined, evaluates to 0 [-Wundef]
  472 |        #if JUCE_ANDROID
      |            ^
/Users/larryseyer/AudioDevelopment/OTTO/JUCE/modules/juce_graphics/colour/juce_PixelFormats.h:504:12: warning: 'JUCE_ANDROID' is not defined, evaluates to 0 [-Wundef]
  504 |        #if JUCE_ANDROID
      |            ^
/Users/larryseyer/AudioDevelopment/OTTO/JUCE/modules/juce_graphics/colour/juce_PixelFormats.h:527:12: warning: 'JUCE_ANDROID' is not defined, evaluates to 0 [-Wundef]
  527 |        #if JUCE_ANDROID
      |            ^
/Users/larryseyer/AudioDevelopment/OTTO/JUCE/modules/juce_graphics/colour/juce_PixelFormats.h:569:11: warning: 'JUCE_ANDROID' is not defined, evaluates to 0 [-Wundef]
  569 |       #if JUCE_ANDROID
      |           ^
/Users/larryseyer/AudioDevelopment/OTTO/JUCE/modules/juce_graphics/colour/juce_PixelFormats.h:745:5: warning: 'JUCE_MSVC' is not defined, evaluates to 0 [-Wundef]
  745 | #if JUCE_MSVC
      |     ^
In file included from /Users/larryseyer/AudioDevelopment/OTTO/Source/UI/Visualizations/VUMeterAdvanced.cpp:1:
In file included from /Users/larryseyer/AudioDevelopment/OTTO/Source/UI/Visualizations/VUMeterAdvanced.h:4:
In file included from /Users/larryseyer/AudioDevelopment/OTTO/Builds/MacOSX/CMake-Release/OTTO_artefacts/JuceLibraryCode/JuceHeader.h:14:
In file included from /Users/larryseyer/AudioDevelopment/OTTO/JUCE/modules/juce_audio_plugin_client/juce_audio_plugin_client.h:63:
In file included from /Users/larryseyer/AudioDevelopment/OTTO/JUCE/modules/juce_gui_basics/juce_gui_basics.h:68:
In file included from /Users/larryseyer/AudioDevelopment/OTTO/JUCE/modules/juce_graphics/juce_graphics.h:141:
/Users/larryseyer/AudioDevelopment/OTTO/JUCE/modules/juce_graphics/detail/juce_Ranges.h:114:12: warning: 'JUCE_DEBUG' is not defined, evaluates to 0 [-Wundef]
  114 |        #if JUCE_DEBUG
      |            ^
In file included from /Users/larryseyer/AudioDevelopment/OTTO/Source/UI/Visualizations/VUMeterAdvanced.cpp:1:
In file included from /Users/larryseyer/AudioDevelopment/OTTO/Source/UI/Visualizations/VUMeterAdvanced.h:4:
In file included from /Users/larryseyer/AudioDevelopment/OTTO/Builds/MacOSX/CMake-Release/OTTO_artefacts/JuceLibraryCode/JuceHeader.h:14:
In file included from /Users/larryseyer/AudioDevelopment/OTTO/JUCE/modules/juce_audio_plugin_client/juce_audio_plugin_client.h:63:
In file included from /Users/larryseyer/AudioDevelopment/OTTO/JUCE/modules/juce_gui_basics/juce_gui_basics.h:68:
In file included from /Users/larryseyer/AudioDevelopment/OTTO/JUCE/modules/juce_graphics/juce_graphics.h:150:
/Users/larryseyer/AudioDevelopment/OTTO/JUCE/modules/juce_graphics/native/juce_RenderingHelpers.h:389:30: warning: implicit conversion increases floating-point precision: 'float' to 'double' [-Wdouble-promotion]
  389 |                 grad = (p2.y - p1.y) / (double) (p1.x - p2.x);
      |                         ~~~~~^~~~~~  ~
/Users/larryseyer/AudioDevelopment/OTTO/JUCE/modules/juce_graphics/native/juce_RenderingHelpers.h:390:36: warning: implicit conversion increases floating-point precision: 'float' to 'double' [-Wdouble-promotion]
  390 |                 yTerm = p1.y - (p1.x / grad);
      |                                 ~~~^ ~
/Users/larryseyer/AudioDevelopment/OTTO/JUCE/modules/juce_graphics/native/juce_RenderingHelpers.h:390:28: warning: implicit conversion increases floating-point precision: 'float' to 'double' [-Wdouble-promotion]
  390 |                 yTerm = p1.y - (p1.x / grad);
      |                         ~~~^ ~
/Users/larryseyer/AudioDevelopment/OTTO/JUCE/modules/juce_graphics/native/juce_RenderingHelpers.h:391:127: warning: implicit conversion increases floating-point precision: 'float' to 'double' [-Wdouble-promotion]
  391 |                 scale = roundToInt ((double) ((int64_t) numEntries << (int) numScaleBits) / (yTerm * grad - (p2.y * grad - p2.x)));
      |                                                                                                                          ~ ~~~^
/Users/larryseyer/AudioDevelopment/OTTO/JUCE/modules/juce_graphics/native/juce_RenderingHelpers.h:391:113: warning: implicit conversion increases floating-point precision: 'float' to 'double' [-Wdouble-promotion]
  391 |                 scale = roundToInt ((double) ((int64_t) numEntries << (int) numScaleBits) / (yTerm * grad - (p2.y * grad - p2.x)));
      |                                                                                                              ~~~^ ~
/Users/larryseyer/AudioDevelopment/OTTO/JUCE/modules/juce_graphics/native/juce_RenderingHelpers.h:429:36: warning: implicit conversion increases floating-point precision: 'const float' to 'const double' [-Wdouble-promotion]
  429 |               gx1 (gradient.point1.x),
      |                   ~~~~~~~~~~~~~~~~~^
/Users/larryseyer/AudioDevelopment/OTTO/JUCE/modules/juce_graphics/native/juce_RenderingHelpers.h:430:36: warning: implicit conversion increases floating-point precision: 'const float' to 'const double' [-Wdouble-promotion]
  430 |               gy1 (gradient.point1.y)
      |                   ~~~~~~~~~~~~~~~~~^
/Users/larryseyer/AudioDevelopment/OTTO/JUCE/modules/juce_graphics/native/juce_RenderingHelpers.h:434:39: warning: implicit conversion increases floating-point precision: 'float' to 'double' [-Wdouble-promotion]
  434 |             maxDist = diff.x * diff.x + diff.y * diff.y;
      |                     ~ ~~~~~~~~~~~~~~~~^~~~~~~~~~~~~~~~~
/Users/larryseyer/AudioDevelopment/OTTO/JUCE/modules/juce_graphics/native/juce_RenderingHelpers.h:471:37: warning: implicit conversion increases floating-point precision: 'const float' to 'double' [-Wdouble-promotion]
  471 |             tM10 = inverseTransform.mat10;
      |                  ~ ~~~~~~~~~~~~~~~~~^~~~~
/Users/larryseyer/AudioDevelopment/OTTO/JUCE/modules/juce_graphics/native/juce_RenderingHelpers.h:472:37: warning: implicit conversion increases floating-point precision: 'const float' to 'double' [-Wdouble-promotion]
  472 |             tM00 = inverseTransform.mat00;
      |                  ~ ~~~~~~~~~~~~~~~~~^~~~~
/Users/larryseyer/AudioDevelopment/OTTO/JUCE/modules/juce_graphics/native/juce_RenderingHelpers.h:478:56: warning: implicit conversion increases floating-point precision: 'float' to 'double' [-Wdouble-promotion]
  478 |             lineYM01 = inverseTransform.mat01 * floatY + inverseTransform.mat02 - gx1;
      |                        ~~~~~~~~~~~~~~~~~~~~~~~~~~~~~~~~^~~~~~~~~~~~~~~~~~~~~~~~ ~
/Users/larryseyer/AudioDevelopment/OTTO/JUCE/modules/juce_graphics/native/juce_RenderingHelpers.h:479:56: warning: implicit conversion increases floating-point precision: 'float' to 'double' [-Wdouble-promotion]
  479 |             lineYM11 = inverseTransform.mat11 * floatY + inverseTransform.mat12 - gy1;
      |                        ~~~~~~~~~~~~~~~~~~~~~~~~~~~~~~~~^~~~~~~~~~~~~~~~~~~~~~~~ ~
In file included from /Users/larryseyer/AudioDevelopment/OTTO/Source/UI/Visualizations/VUMeterAdvanced.cpp:1:
In file included from /Users/larryseyer/AudioDevelopment/OTTO/Source/UI/Visualizations/VUMeterAdvanced.h:4:
In file included from /Users/larryseyer/AudioDevelopment/OTTO/Builds/MacOSX/CMake-Release/OTTO_artefacts/JuceLibraryCode/JuceHeader.h:14:
In file included from /Users/larryseyer/AudioDevelopment/OTTO/JUCE/modules/juce_audio_plugin_client/juce_audio_plugin_client.h:63:
In file included from /Users/larryseyer/AudioDevelopment/OTTO/JUCE/modules/juce_gui_basics/juce_gui_basics.h:68:
/Users/larryseyer/AudioDevelopment/OTTO/JUCE/modules/juce_graphics/juce_graphics.h:157:5: warning: 'JUCE_GRAPHICS_INCLUDE_COREGRAPHICS_HELPERS' is not defined, evaluates to 0 [-Wundef]
  157 | #if JUCE_GRAPHICS_INCLUDE_COREGRAPHICS_HELPERS && (JUCE_MAC || JUCE_IOS)
      |     ^
In file included from /Users/larryseyer/AudioDevelopment/OTTO/Source/UI/Visualizations/VUMeterAdvanced.cpp:1:
In file included from /Users/larryseyer/AudioDevelopment/OTTO/Source/UI/Visualizations/VUMeterAdvanced.h:4:
In file included from /Users/larryseyer/AudioDevelopment/OTTO/Builds/MacOSX/CMake-Release/OTTO_artefacts/JuceLibraryCode/JuceHeader.h:14:
In file included from /Users/larryseyer/AudioDevelopment/OTTO/JUCE/modules/juce_audio_plugin_client/juce_audio_plugin_client.h:63:
In file included from /Users/larryseyer/AudioDevelopment/OTTO/JUCE/modules/juce_gui_basics/juce_gui_basics.h:205:
/Users/larryseyer/AudioDevelopment/OTTO/JUCE/modules/juce_gui_basics/components/juce_Component.h:2701:12: warning: 'JUCE_DEBUG' is not defined, evaluates to 0 [-Wundef]
 2701 |        #if JUCE_DEBUG
      |            ^
In file included from /Users/larryseyer/AudioDevelopment/OTTO/Source/UI/Visualizations/VUMeterAdvanced.cpp:1:
In file included from /Users/larryseyer/AudioDevelopment/OTTO/Source/UI/Visualizations/VUMeterAdvanced.h:4:
In file included from /Users/larryseyer/AudioDevelopment/OTTO/Builds/MacOSX/CMake-Release/OTTO_artefacts/JuceLibraryCode/JuceHeader.h:14:
In file included from /Users/larryseyer/AudioDevelopment/OTTO/JUCE/modules/juce_audio_plugin_client/juce_audio_plugin_client.h:63:
In file included from /Users/larryseyer/AudioDevelopment/OTTO/JUCE/modules/juce_gui_basics/juce_gui_basics.h:239:
/Users/larryseyer/AudioDevelopment/OTTO/JUCE/modules/juce_gui_basics/layout/juce_ComponentBuilder.h:243:8: warning: 'JUCE_DEBUG' is not defined, evaluates to 0 [-Wundef]
  243 |    #if JUCE_DEBUG
      |        ^
In file included from /Users/larryseyer/AudioDevelopment/OTTO/Source/UI/Visualizations/VUMeterAdvanced.cpp:1:
In file included from /Users/larryseyer/AudioDevelopment/OTTO/Source/UI/Visualizations/VUMeterAdvanced.h:4:
In file included from /Users/larryseyer/AudioDevelopment/OTTO/Builds/MacOSX/CMake-Release/OTTO_artefacts/JuceLibraryCode/JuceHeader.h:14:
In file included from /Users/larryseyer/AudioDevelopment/OTTO/JUCE/modules/juce_audio_plugin_client/juce_audio_plugin_client.h:63:
In file included from /Users/larryseyer/AudioDevelopment/OTTO/JUCE/modules/juce_gui_basics/juce_gui_basics.h:283:
/Users/larryseyer/AudioDevelopment/OTTO/JUCE/modules/juce_gui_basics/widgets/juce_ListBox.h:182:10: warning: 'JUCE_DISABLE_ASSERTIONS' is not defined, evaluates to 0 [-Wundef]
  182 |    #if ! JUCE_DISABLE_ASSERTIONS
      |          ^
/Users/larryseyer/AudioDevelopment/OTTO/JUCE/modules/juce_gui_basics/widgets/juce_ListBox.h:235:14: warning: 'JUCE_DISABLE_ASSERTIONS' is not defined, evaluates to 0 [-Wundef]
  235 |        #if ! JUCE_DISABLE_ASSERTIONS
      |              ^
/Users/larryseyer/AudioDevelopment/OTTO/JUCE/modules/juce_gui_basics/widgets/juce_ListBox.h:643:10: warning: 'JUCE_DISABLE_ASSERTIONS' is not defined, evaluates to 0 [-Wundef]
  643 |    #if ! JUCE_DISABLE_ASSERTIONS
      |          ^
In file included from /Users/larryseyer/AudioDevelopment/OTTO/Source/UI/Visualizations/VUMeterAdvanced.cpp:1:
In file included from /Users/larryseyer/AudioDevelopment/OTTO/Source/UI/Visualizations/VUMeterAdvanced.h:4:
In file included from /Users/larryseyer/AudioDevelopment/OTTO/Builds/MacOSX/CMake-Release/OTTO_artefacts/JuceLibraryCode/JuceHeader.h:14:
In file included from /Users/larryseyer/AudioDevelopment/OTTO/JUCE/modules/juce_audio_plugin_client/juce_audio_plugin_client.h:63:
In file included from /Users/larryseyer/AudioDevelopment/OTTO/JUCE/modules/juce_gui_basics/juce_gui_basics.h:302:
/Users/larryseyer/AudioDevelopment/OTTO/JUCE/modules/juce_gui_basics/windows/juce_ComponentPeer.h:310:8: warning: 'JUCE_LINUX' is not defined, evaluates to 0 [-Wundef]
  310 |    #if JUCE_LINUX || JUCE_BSD
      |        ^
/Users/larryseyer/AudioDevelopment/OTTO/JUCE/modules/juce_gui_basics/windows/juce_ComponentPeer.h:310:22: warning: 'JUCE_BSD' is not defined, evaluates to 0 [-Wundef]
  310 |    #if JUCE_LINUX || JUCE_BSD
      |                      ^
In file included from /Users/larryseyer/AudioDevelopment/OTTO/Source/UI/Visualizations/VUMeterAdvanced.cpp:1:
In file included from /Users/larryseyer/AudioDevelopment/OTTO/Source/UI/Visualizations/VUMeterAdvanced.h:4:
In file included from /Users/larryseyer/AudioDevelopment/OTTO/Builds/MacOSX/CMake-Release/OTTO_artefacts/JuceLibraryCode/JuceHeader.h:14:
In file included from /Users/larryseyer/AudioDevelopment/OTTO/JUCE/modules/juce_audio_plugin_client/juce_audio_plugin_client.h:63:
In file included from /Users/larryseyer/AudioDevelopment/OTTO/JUCE/modules/juce_gui_basics/juce_gui_basics.h:303:
/Users/larryseyer/AudioDevelopment/OTTO/JUCE/modules/juce_gui_basics/windows/juce_ResizableWindow.h:376:8: warning: 'JUCE_DEBUG' is not defined, evaluates to 0 [-Wundef]
  376 |    #if JUCE_DEBUG
      |        ^
/Users/larryseyer/AudioDevelopment/OTTO/JUCE/modules/juce_gui_basics/windows/juce_ResizableWindow.h:414:8: warning: 'JUCE_DEBUG' is not defined, evaluates to 0 [-Wundef]
  414 |    #if JUCE_DEBUG
      |        ^
In file included from /Users/larryseyer/AudioDevelopment/OTTO/Source/UI/Visualizations/VUMeterAdvanced.cpp:1:
In file included from /Users/larryseyer/AudioDevelopment/OTTO/Source/UI/Visualizations/VUMeterAdvanced.h:4:
In file included from /Users/larryseyer/AudioDevelopment/OTTO/Builds/MacOSX/CMake-Release/OTTO_artefacts/JuceLibraryCode/JuceHeader.h:14:
In file included from /Users/larryseyer/AudioDevelopment/OTTO/JUCE/modules/juce_audio_plugin_client/juce_audio_plugin_client.h:63:
In file included from /Users/larryseyer/AudioDevelopment/OTTO/JUCE/modules/juce_gui_basics/juce_gui_basics.h:335:
/Users/larryseyer/AudioDevelopment/OTTO/JUCE/modules/juce_gui_basics/application/juce_Application.h:125:8: warning: 'DOXYGEN' is not defined, evaluates to 0 [-Wundef]
  125 |    #if DOXYGEN
      |        ^
In file included from /Users/larryseyer/AudioDevelopment/OTTO/Source/UI/Visualizations/VUMeterAdvanced.cpp:1:
In file included from /Users/larryseyer/AudioDevelopment/OTTO/Source/UI/Visualizations/VUMeterAdvanced.h:4:
In file included from /Users/larryseyer/AudioDevelopment/OTTO/Builds/MacOSX/CMake-Release/OTTO_artefacts/JuceLibraryCode/JuceHeader.h:14:
In file included from /Users/larryseyer/AudioDevelopment/OTTO/JUCE/modules/juce_audio_plugin_client/juce_audio_plugin_client.h:63:
/Users/larryseyer/AudioDevelopment/OTTO/JUCE/modules/juce_gui_basics/juce_gui_basics.h:344:5: warning: 'JUCE_LINUX' is not defined, evaluates to 0 [-Wundef]
  344 | #if JUCE_LINUX || JUCE_BSD
      |     ^
/Users/larryseyer/AudioDevelopment/OTTO/JUCE/modules/juce_gui_basics/juce_gui_basics.h:344:19: warning: 'JUCE_BSD' is not defined, evaluates to 0 [-Wundef]
  344 | #if JUCE_LINUX || JUCE_BSD
      |                   ^
/Users/larryseyer/AudioDevelopment/OTTO/JUCE/modules/juce_gui_basics/juce_gui_basics.h:394:5: warning: 'JUCE_GUI_BASICS_INCLUDE_SCOPED_THREAD_DPI_AWARENESS_SETTER' is not defined, evaluates to 0 [-Wundef]
  394 | #if JUCE_GUI_BASICS_INCLUDE_SCOPED_THREAD_DPI_AWARENESS_SETTER && JUCE_WINDOWS
      |     ^
In file included from /Users/larryseyer/AudioDevelopment/OTTO/Source/UI/Visualizations/VUMeterAdvanced.cpp:1:
In file included from /Users/larryseyer/AudioDevelopment/OTTO/Source/UI/Visualizations/VUMeterAdvanced.h:4:
In file included from /Users/larryseyer/AudioDevelopment/OTTO/Builds/MacOSX/CMake-Release/OTTO_artefacts/JuceLibraryCode/JuceHeader.h:14:
In file included from /Users/larryseyer/AudioDevelopment/OTTO/JUCE/modules/juce_audio_plugin_client/juce_audio_plugin_client.h:64:
/Users/larryseyer/AudioDevelopment/OTTO/JUCE/modules/juce_audio_basics/juce_audio_basics.h:77:7: warning: 'JUCE_INTEL' is not defined, evaluates to 0 [-Wundef]
   77 | #if ! JUCE_INTEL
      |       ^
/Users/larryseyer/AudioDevelopment/OTTO/JUCE/modules/juce_audio_basics/juce_audio_basics.h:81:24: warning: 'JUCE_USE_VDSP_FRAMEWORK' is not defined, evaluates to 0 [-Wundef]
   81 | #if __ARM_NEON__ && ! (JUCE_USE_VDSP_FRAMEWORK || defined (JUCE_USE_ARM_NEON))
      |                        ^
In file included from /Users/larryseyer/AudioDevelopment/OTTO/Source/UI/Visualizations/VUMeterAdvanced.cpp:1:
In file included from /Users/larryseyer/AudioDevelopment/OTTO/Source/UI/Visualizations/VUMeterAdvanced.h:4:
In file included from /Users/larryseyer/AudioDevelopment/OTTO/Builds/MacOSX/CMake-Release/OTTO_artefacts/JuceLibraryCode/JuceHeader.h:14:
In file included from /Users/larryseyer/AudioDevelopment/OTTO/JUCE/modules/juce_audio_plugin_client/juce_audio_plugin_client.h:64:
In file included from /Users/larryseyer/AudioDevelopment/OTTO/JUCE/modules/juce_audio_basics/juce_audio_basics.h:93:
/Users/larryseyer/AudioDevelopment/OTTO/JUCE/modules/juce_audio_basics/buffers/juce_AudioDataConverters.h:103:9: warning: 'JUCE_BIG_ENDIAN' is not defined, evaluates to 0 [-Wundef]
  103 |     #if JUCE_BIG_ENDIAN
      |         ^
/Users/larryseyer/AudioDevelopment/OTTO/JUCE/modules/juce_audio_basics/buffers/juce_AudioDataConverters.h:263:12: warning: 'JUCE_BIG_ENDIAN' is not defined, evaluates to 0 [-Wundef]
  263 |        #if JUCE_BIG_ENDIAN
      |            ^
/Users/larryseyer/AudioDevelopment/OTTO/JUCE/modules/juce_audio_basics/buffers/juce_AudioDataConverters.h:119:135: warning: implicit conversion increases floating-point precision: 'float' to 'double' [-Wdouble-promotion]
  119 |         inline void setAsFloatLE (float newValue) noexcept      { *data = (int8) jlimit ((int) -maxValue, (int) maxValue, roundToInt (newValue * (1.0 + (double) maxValue))); }
      |                                                                                                                                       ^~~~~~~~ ~
/Users/larryseyer/AudioDevelopment/OTTO/JUCE/modules/juce_audio_basics/buffers/juce_AudioDataConverters.h:144:117: warning: implicit conversion increases floating-point precision: 'float' to 'double' [-Wdouble-promotion]
  144 |         inline void setAsFloatLE (float newValue) noexcept      { *data = (uint8) jlimit (0, 255, 128 + roundToInt (newValue * (1.0 + (double) maxValue))); }
      |                                                                                                                     ^~~~~~~~ ~
/Users/larryseyer/AudioDevelopment/OTTO/JUCE/modules/juce_audio_basics/buffers/juce_AudioDataConverters.h:169:168: warning: implicit conversion increases floating-point precision: 'float' to 'double' [-Wdouble-promotion]
  169 |         inline void setAsFloatLE (float newValue) noexcept      { *data = ByteOrder::swapIfBigEndian    ((uint16) jlimit ((int) -maxValue, (int) maxValue, roundToInt (newValue * (1.0 + (double) maxValue)))); }
      |                                                                                                                                                                        ^~~~~~~~ ~
/Users/larryseyer/AudioDevelopment/OTTO/JUCE/modules/juce_audio_basics/buffers/juce_AudioDataConverters.h:170:168: warning: implicit conversion increases floating-point precision: 'float' to 'double' [-Wdouble-promotion]
  170 |         inline void setAsFloatBE (float newValue) noexcept      { *data = ByteOrder::swapIfLittleEndian ((uint16) jlimit ((int) -maxValue, (int) maxValue, roundToInt (newValue * (1.0 + (double) maxValue)))); }
      |                                                                                                                                                                        ^~~~~~~~ ~
/Users/larryseyer/AudioDevelopment/OTTO/JUCE/modules/juce_audio_basics/buffers/juce_AudioDataConverters.h:194:157: warning: implicit conversion increases floating-point precision: 'float' to 'double' [-Wdouble-promotion]
  194 |         inline void setAsFloatLE (float newValue) noexcept      { ByteOrder::littleEndian24BitToChars (jlimit ((int) -maxValue, (int) maxValue, roundToInt (newValue * (1.0 + (double) maxValue))), data); }
      |                                                                                                                                                             ^~~~~~~~ ~
/Users/larryseyer/AudioDevelopment/OTTO/JUCE/modules/juce_audio_basics/buffers/juce_AudioDataConverters.h:195:157: warning: implicit conversion increases floating-point precision: 'float' to 'double' [-Wdouble-promotion]
  195 |         inline void setAsFloatBE (float newValue) noexcept      { ByteOrder::bigEndian24BitToChars (jlimit    ((int) -maxValue, (int) maxValue, roundToInt (newValue * (1.0 + (double) maxValue))), data); }
      |                                                                                                                                                             ^~~~~~~~ ~
In file included from /Users/larryseyer/AudioDevelopment/OTTO/Source/UI/Visualizations/VUMeterAdvanced.cpp:1:
In file included from /Users/larryseyer/AudioDevelopment/OTTO/Source/UI/Visualizations/VUMeterAdvanced.h:4:
In file included from /Users/larryseyer/AudioDevelopment/OTTO/Builds/MacOSX/CMake-Release/OTTO_artefacts/JuceLibraryCode/JuceHeader.h:14:
In file included from /Users/larryseyer/AudioDevelopment/OTTO/JUCE/modules/juce_audio_plugin_client/juce_audio_plugin_client.h:64:
In file included from /Users/larryseyer/AudioDevelopment/OTTO/JUCE/modules/juce_audio_basics/juce_audio_basics.h:95:
/Users/larryseyer/AudioDevelopment/OTTO/JUCE/modules/juce_audio_basics/buffers/juce_FloatVectorOperations.h:39:6: warning: 'JUCE_INTEL' is not defined, evaluates to 0 [-Wundef]
   39 |  #if JUCE_INTEL
      |      ^
/Users/larryseyer/AudioDevelopment/OTTO/JUCE/modules/juce_audio_basics/buffers/juce_FloatVectorOperations.h:153:7: warning: 'DOXYGEN' is not defined, evaluates to 0 [-Wundef]
  153 | #if ! DOXYGEN
      |       ^
/Users/larryseyer/AudioDevelopment/OTTO/JUCE/modules/juce_audio_basics/buffers/juce_FloatVectorOperations.h:237:7: warning: 'JUCE_USE_SSE_INTRINSICS' is not defined, evaluates to 0 [-Wundef]
  237 |   #if JUCE_USE_SSE_INTRINSICS || (JUCE_USE_ARM_NEON || (JUCE_64BIT && JUCE_ARM))
      |       ^
In file included from /Users/larryseyer/AudioDevelopment/OTTO/Source/UI/Visualizations/VUMeterAdvanced.cpp:1:
In file included from /Users/larryseyer/AudioDevelopment/OTTO/Source/UI/Visualizations/VUMeterAdvanced.h:4:
In file included from /Users/larryseyer/AudioDevelopment/OTTO/Builds/MacOSX/CMake-Release/OTTO_artefacts/JuceLibraryCode/JuceHeader.h:14:
In file included from /Users/larryseyer/AudioDevelopment/OTTO/JUCE/modules/juce_audio_plugin_client/juce_audio_plugin_client.h:64:
In file included from /Users/larryseyer/AudioDevelopment/OTTO/JUCE/modules/juce_audio_basics/juce_audio_basics.h:97:
/Users/larryseyer/AudioDevelopment/OTTO/JUCE/modules/juce_audio_basics/buffers/juce_AudioSampleBuffer.h:1155:15: warning: 'JUCE_GCC' is not defined, evaluates to 0 [-Wundef]
 1155 |        #if (! JUCE_GCC || (__GNUC__ * 100 + __GNUC_MINOR__) >= 409)
      |               ^
In file included from /Users/larryseyer/AudioDevelopment/OTTO/Source/UI/Visualizations/VUMeterAdvanced.cpp:1:
In file included from /Users/larryseyer/AudioDevelopment/OTTO/Source/UI/Visualizations/VUMeterAdvanced.h:4:
In file included from /Users/larryseyer/AudioDevelopment/OTTO/Builds/MacOSX/CMake-Release/OTTO_artefacts/JuceLibraryCode/JuceHeader.h:14:
In file included from /Users/larryseyer/AudioDevelopment/OTTO/JUCE/modules/juce_audio_plugin_client/juce_audio_plugin_client.h:64:
In file included from /Users/larryseyer/AudioDevelopment/OTTO/JUCE/modules/juce_audio_basics/juce_audio_basics.h:104:
/Users/larryseyer/AudioDevelopment/OTTO/JUCE/modules/juce_audio_basics/utilities/juce_SmoothedValue.h:421:5: warning: 'JUCE_UNIT_TESTS' is not defined, evaluates to 0 [-Wundef]
  421 | #if JUCE_UNIT_TESTS
      |     ^
In file included from /Users/larryseyer/AudioDevelopment/OTTO/Source/UI/Visualizations/VUMeterAdvanced.cpp:1:
In file included from /Users/larryseyer/AudioDevelopment/OTTO/Source/UI/Visualizations/VUMeterAdvanced.h:4:
In file included from /Users/larryseyer/AudioDevelopment/OTTO/Builds/MacOSX/CMake-Release/OTTO_artefacts/JuceLibraryCode/JuceHeader.h:14:
In file included from /Users/larryseyer/AudioDevelopment/OTTO/JUCE/modules/juce_audio_plugin_client/juce_audio_plugin_client.h:64:
In file included from /Users/larryseyer/AudioDevelopment/OTTO/JUCE/modules/juce_audio_basics/juce_audio_basics.h:106:
/Users/larryseyer/AudioDevelopment/OTTO/JUCE/modules/juce_audio_basics/utilities/juce_ADSR.h:155:66: warning: implicit conversion increases floating-point precision: 'float' to 'double' [-Wdouble-promotion]
  155 |                 releaseRate = (float) (envelopeVal / (parameters.release * sampleRate));
      |                                                       ~~~~~~~~~~~^~~~~~~ ~
/Users/larryseyer/AudioDevelopment/OTTO/JUCE/modules/juce_audio_basics/utilities/juce_ADSR.h:155:40: warning: implicit conversion increases floating-point precision: 'float' to 'double' [-Wdouble-promotion]
  155 |                 releaseRate = (float) (envelopeVal / (parameters.release * sampleRate));
      |                                        ^~~~~~~~~~~ ~
/Users/larryseyer/AudioDevelopment/OTTO/JUCE/modules/juce_audio_basics/utilities/juce_ADSR.h:266:64: warning: implicit conversion increases floating-point precision: 'float' to 'double' [-Wdouble-promotion]
  266 |             return timeInSeconds > 0.0f ? (float) (distance / (timeInSeconds * sr)) : -1.0f;
      |                                                                ^~~~~~~~~~~~~ ~
/Users/larryseyer/AudioDevelopment/OTTO/JUCE/modules/juce_audio_basics/utilities/juce_ADSR.h:266:52: warning: implicit conversion increases floating-point precision: 'float' to 'double' [-Wdouble-promotion]
  266 |             return timeInSeconds > 0.0f ? (float) (distance / (timeInSeconds * sr)) : -1.0f;
      |                                                    ^~~~~~~~ ~
In file included from /Users/larryseyer/AudioDevelopment/OTTO/Source/UI/Visualizations/VUMeterAdvanced.cpp:1:
In file included from /Users/larryseyer/AudioDevelopment/OTTO/Source/UI/Visualizations/VUMeterAdvanced.h:4:
In file included from /Users/larryseyer/AudioDevelopment/OTTO/Builds/MacOSX/CMake-Release/OTTO_artefacts/JuceLibraryCode/JuceHeader.h:14:
In file included from /Users/larryseyer/AudioDevelopment/OTTO/JUCE/modules/juce_audio_plugin_client/juce_audio_plugin_client.h:65:
In file included from /Users/larryseyer/AudioDevelopment/OTTO/JUCE/modules/juce_audio_processors/juce_audio_processors.h:67:
/Users/larryseyer/AudioDevelopment/OTTO/JUCE/modules/juce_gui_extra/juce_gui_extra.h:127:6: warning: 'JUCE_DEBUG' is not defined, evaluates to 0 [-Wundef]
  127 |  #if JUCE_DEBUG && ! (JUCE_IOS || JUCE_ANDROID)
      |      ^
In file included from /Users/larryseyer/AudioDevelopment/OTTO/Source/UI/Visualizations/VUMeterAdvanced.cpp:1:
In file included from /Users/larryseyer/AudioDevelopment/OTTO/Source/UI/Visualizations/VUMeterAdvanced.h:4:
In file included from /Users/larryseyer/AudioDevelopment/OTTO/Builds/MacOSX/CMake-Release/OTTO_artefacts/JuceLibraryCode/JuceHeader.h:14:
In file included from /Users/larryseyer/AudioDevelopment/OTTO/JUCE/modules/juce_audio_plugin_client/juce_audio_plugin_client.h:65:
In file included from /Users/larryseyer/AudioDevelopment/OTTO/JUCE/modules/juce_audio_processors/juce_audio_processors.h:67:
In file included from /Users/larryseyer/AudioDevelopment/OTTO/JUCE/modules/juce_gui_extra/juce_gui_extra.h:141:
/Users/larryseyer/AudioDevelopment/OTTO/JUCE/modules/juce_gui_extra/embedding/juce_ActiveXControlComponent.h:38:5: warning: 'JUCE_WINDOWS' is not defined, evaluates to 0 [-Wundef]
   38 | #if JUCE_WINDOWS || DOXYGEN
      |     ^
/Users/larryseyer/AudioDevelopment/OTTO/JUCE/modules/juce_gui_extra/embedding/juce_ActiveXControlComponent.h:38:21: warning: 'DOXYGEN' is not defined, evaluates to 0 [-Wundef]
   38 | #if JUCE_WINDOWS || DOXYGEN
      |                     ^
In file included from /Users/larryseyer/AudioDevelopment/OTTO/Source/UI/Visualizations/VUMeterAdvanced.cpp:1:
In file included from /Users/larryseyer/AudioDevelopment/OTTO/Source/UI/Visualizations/VUMeterAdvanced.h:4:
In file included from /Users/larryseyer/AudioDevelopment/OTTO/Builds/MacOSX/CMake-Release/OTTO_artefacts/JuceLibraryCode/JuceHeader.h:14:
In file included from /Users/larryseyer/AudioDevelopment/OTTO/JUCE/modules/juce_audio_plugin_client/juce_audio_plugin_client.h:65:
In file included from /Users/larryseyer/AudioDevelopment/OTTO/JUCE/modules/juce_audio_processors/juce_audio_processors.h:67:
In file included from /Users/larryseyer/AudioDevelopment/OTTO/JUCE/modules/juce_gui_extra/juce_gui_extra.h:142:
/Users/larryseyer/AudioDevelopment/OTTO/JUCE/modules/juce_gui_extra/embedding/juce_AndroidViewComponent.h:38:5: warning: 'JUCE_ANDROID' is not defined, evaluates to 0 [-Wundef]
   38 | #if JUCE_ANDROID || DOXYGEN
      |     ^
/Users/larryseyer/AudioDevelopment/OTTO/JUCE/modules/juce_gui_extra/embedding/juce_AndroidViewComponent.h:38:21: warning: 'DOXYGEN' is not defined, evaluates to 0 [-Wundef]
   38 | #if JUCE_ANDROID || DOXYGEN
      |                     ^
In file included from /Users/larryseyer/AudioDevelopment/OTTO/Source/UI/Visualizations/VUMeterAdvanced.cpp:1:
In file included from /Users/larryseyer/AudioDevelopment/OTTO/Source/UI/Visualizations/VUMeterAdvanced.h:4:
In file included from /Users/larryseyer/AudioDevelopment/OTTO/Builds/MacOSX/CMake-Release/OTTO_artefacts/JuceLibraryCode/JuceHeader.h:14:
In file included from /Users/larryseyer/AudioDevelopment/OTTO/JUCE/modules/juce_audio_plugin_client/juce_audio_plugin_client.h:65:
In file included from /Users/larryseyer/AudioDevelopment/OTTO/JUCE/modules/juce_audio_processors/juce_audio_processors.h:67:
In file included from /Users/larryseyer/AudioDevelopment/OTTO/JUCE/modules/juce_gui_extra/juce_gui_extra.h:144:
/Users/larryseyer/AudioDevelopment/OTTO/JUCE/modules/juce_gui_extra/embedding/juce_UIViewComponent.h:38:5: warning: 'JUCE_IOS' is not defined, evaluates to 0 [-Wundef]
   38 | #if JUCE_IOS || DOXYGEN
      |     ^
/Users/larryseyer/AudioDevelopment/OTTO/JUCE/modules/juce_gui_extra/embedding/juce_UIViewComponent.h:38:17: warning: 'DOXYGEN' is not defined, evaluates to 0 [-Wundef]
   38 | #if JUCE_IOS || DOXYGEN
      |                 ^
In file included from /Users/larryseyer/AudioDevelopment/OTTO/Source/UI/Visualizations/VUMeterAdvanced.cpp:1:
In file included from /Users/larryseyer/AudioDevelopment/OTTO/Source/UI/Visualizations/VUMeterAdvanced.h:4:
In file included from /Users/larryseyer/AudioDevelopment/OTTO/Builds/MacOSX/CMake-Release/OTTO_artefacts/JuceLibraryCode/JuceHeader.h:14:
In file included from /Users/larryseyer/AudioDevelopment/OTTO/JUCE/modules/juce_audio_plugin_client/juce_audio_plugin_client.h:65:
In file included from /Users/larryseyer/AudioDevelopment/OTTO/JUCE/modules/juce_audio_processors/juce_audio_processors.h:67:
In file included from /Users/larryseyer/AudioDevelopment/OTTO/JUCE/modules/juce_gui_extra/juce_gui_extra.h:145:
/Users/larryseyer/AudioDevelopment/OTTO/JUCE/modules/juce_gui_extra/embedding/juce_XEmbedComponent.h:43:5: warning: 'JUCE_LINUX' is not defined, evaluates to 0 [-Wundef]
   43 | #if JUCE_LINUX || JUCE_BSD || DOXYGEN
      |     ^
/Users/larryseyer/AudioDevelopment/OTTO/JUCE/modules/juce_gui_extra/embedding/juce_XEmbedComponent.h:43:19: warning: 'JUCE_BSD' is not defined, evaluates to 0 [-Wundef]
   43 | #if JUCE_LINUX || JUCE_BSD || DOXYGEN
      |                   ^
/Users/larryseyer/AudioDevelopment/OTTO/JUCE/modules/juce_gui_extra/embedding/juce_XEmbedComponent.h:43:31: warning: 'DOXYGEN' is not defined, evaluates to 0 [-Wundef]
   43 | #if JUCE_LINUX || JUCE_BSD || DOXYGEN
      |                               ^
In file included from /Users/larryseyer/AudioDevelopment/OTTO/Source/UI/Visualizations/VUMeterAdvanced.cpp:1:
In file included from /Users/larryseyer/AudioDevelopment/OTTO/Source/UI/Visualizations/VUMeterAdvanced.h:4:
In file included from /Users/larryseyer/AudioDevelopment/OTTO/Builds/MacOSX/CMake-Release/OTTO_artefacts/JuceLibraryCode/JuceHeader.h:14:
In file included from /Users/larryseyer/AudioDevelopment/OTTO/JUCE/modules/juce_audio_plugin_client/juce_audio_plugin_client.h:65:
In file included from /Users/larryseyer/AudioDevelopment/OTTO/JUCE/modules/juce_audio_processors/juce_audio_processors.h:67:
In file included from /Users/larryseyer/AudioDevelopment/OTTO/JUCE/modules/juce_gui_extra/juce_gui_extra.h:146:
/Users/larryseyer/AudioDevelopment/OTTO/JUCE/modules/juce_gui_extra/embedding/juce_HWNDComponent.h:38:5: warning: 'JUCE_WINDOWS' is not defined, evaluates to 0 [-Wundef]
   38 | #if JUCE_WINDOWS || DOXYGEN
      |     ^
/Users/larryseyer/AudioDevelopment/OTTO/JUCE/modules/juce_gui_extra/embedding/juce_HWNDComponent.h:38:21: warning: 'DOXYGEN' is not defined, evaluates to 0 [-Wundef]
   38 | #if JUCE_WINDOWS || DOXYGEN
      |                     ^
In file included from /Users/larryseyer/AudioDevelopment/OTTO/Source/UI/Visualizations/VUMeterAdvanced.cpp:1:
In file included from /Users/larryseyer/AudioDevelopment/OTTO/Source/UI/Visualizations/VUMeterAdvanced.h:4:
In file included from /Users/larryseyer/AudioDevelopment/OTTO/Builds/MacOSX/CMake-Release/OTTO_artefacts/JuceLibraryCode/JuceHeader.h:14:
In file included from /Users/larryseyer/AudioDevelopment/OTTO/JUCE/modules/juce_audio_plugin_client/juce_audio_plugin_client.h:65:
In file included from /Users/larryseyer/AudioDevelopment/OTTO/JUCE/modules/juce_audio_processors/juce_audio_processors.h:67:
In file included from /Users/larryseyer/AudioDevelopment/OTTO/JUCE/modules/juce_gui_extra/juce_gui_extra.h:152:
/Users/larryseyer/AudioDevelopment/OTTO/JUCE/modules/juce_gui_extra/misc/juce_PushNotifications.h:699:8: warning: 'JUCE_ANDROID' is not defined, evaluates to 0 [-Wundef]
  699 |    #if JUCE_ANDROID
      |        ^
In file included from /Users/larryseyer/AudioDevelopment/OTTO/Source/UI/Visualizations/VUMeterAdvanced.cpp:1:
In file included from /Users/larryseyer/AudioDevelopment/OTTO/Source/UI/Visualizations/VUMeterAdvanced.h:4:
In file included from /Users/larryseyer/AudioDevelopment/OTTO/Builds/MacOSX/CMake-Release/OTTO_artefacts/JuceLibraryCode/JuceHeader.h:14:
In file included from /Users/larryseyer/AudioDevelopment/OTTO/JUCE/modules/juce_audio_plugin_client/juce_audio_plugin_client.h:65:
In file included from /Users/larryseyer/AudioDevelopment/OTTO/JUCE/modules/juce_audio_processors/juce_audio_processors.h:67:
In file included from /Users/larryseyer/AudioDevelopment/OTTO/JUCE/modules/juce_gui_extra/juce_gui_extra.h:155:
/Users/larryseyer/AudioDevelopment/OTTO/JUCE/modules/juce_gui_extra/misc/juce_SystemTrayIconComponent.h:38:5: warning: 'JUCE_WINDOWS' is not defined, evaluates to 0 [-Wundef]
   38 | #if JUCE_WINDOWS || JUCE_LINUX || JUCE_BSD || JUCE_MAC || DOXYGEN
      |     ^
/Users/larryseyer/AudioDevelopment/OTTO/JUCE/modules/juce_gui_extra/misc/juce_SystemTrayIconComponent.h:38:21: warning: 'JUCE_LINUX' is not defined, evaluates to 0 [-Wundef]
   38 | #if JUCE_WINDOWS || JUCE_LINUX || JUCE_BSD || JUCE_MAC || DOXYGEN
      |                     ^
/Users/larryseyer/AudioDevelopment/OTTO/JUCE/modules/juce_gui_extra/misc/juce_SystemTrayIconComponent.h:38:35: warning: 'JUCE_BSD' is not defined, evaluates to 0 [-Wundef]
   38 | #if JUCE_WINDOWS || JUCE_LINUX || JUCE_BSD || JUCE_MAC || DOXYGEN
      |                                   ^
/Users/larryseyer/AudioDevelopment/OTTO/JUCE/modules/juce_gui_extra/misc/juce_SystemTrayIconComponent.h:102:8: warning: 'JUCE_LINUX' is not defined, evaluates to 0 [-Wundef]
  102 |    #if JUCE_LINUX || JUCE_BSD
      |        ^
/Users/larryseyer/AudioDevelopment/OTTO/JUCE/modules/juce_gui_extra/misc/juce_SystemTrayIconComponent.h:102:22: warning: 'JUCE_BSD' is not defined, evaluates to 0 [-Wundef]
  102 |    #if JUCE_LINUX || JUCE_BSD
      |                      ^
In file included from /Users/larryseyer/AudioDevelopment/OTTO/Source/UI/Visualizations/VUMeterAdvanced.cpp:1:
In file included from /Users/larryseyer/AudioDevelopment/OTTO/Source/UI/Visualizations/VUMeterAdvanced.h:4:
In file included from /Users/larryseyer/AudioDevelopment/OTTO/Builds/MacOSX/CMake-Release/OTTO_artefacts/JuceLibraryCode/JuceHeader.h:14:
In file included from /Users/larryseyer/AudioDevelopment/OTTO/JUCE/modules/juce_audio_plugin_client/juce_audio_plugin_client.h:65:
In file included from /Users/larryseyer/AudioDevelopment/OTTO/JUCE/modules/juce_audio_processors/juce_audio_processors.h:67:
In file included from /Users/larryseyer/AudioDevelopment/OTTO/JUCE/modules/juce_gui_extra/juce_gui_extra.h:156:
/Users/larryseyer/AudioDevelopment/OTTO/JUCE/modules/juce_gui_extra/misc/juce_WebBrowserComponent.h:38:25: warning: 'DOXYGEN' is not defined, evaluates to 0 [-Wundef]
   38 | #if JUCE_WEB_BROWSER || DOXYGEN
      |                         ^
In file included from /Users/larryseyer/AudioDevelopment/OTTO/Source/UI/Visualizations/VUMeterAdvanced.cpp:1:
In file included from /Users/larryseyer/AudioDevelopment/OTTO/Source/UI/Visualizations/VUMeterAdvanced.h:4:
In file included from /Users/larryseyer/AudioDevelopment/OTTO/Builds/MacOSX/CMake-Release/OTTO_artefacts/JuceLibraryCode/JuceHeader.h:14:
In file included from /Users/larryseyer/AudioDevelopment/OTTO/JUCE/modules/juce_audio_plugin_client/juce_audio_plugin_client.h:65:
In file included from /Users/larryseyer/AudioDevelopment/OTTO/JUCE/modules/juce_audio_processors/juce_audio_processors.h:67:
In file included from /Users/larryseyer/AudioDevelopment/OTTO/JUCE/modules/juce_gui_extra/juce_gui_extra.h:157:
/Users/larryseyer/AudioDevelopment/OTTO/JUCE/modules/juce_gui_extra/misc/juce_LiveConstantEditor.h:35:5: warning: 'JUCE_ENABLE_LIVE_CONSTANT_EDITOR' is not defined, evaluates to 0 [-Wundef]
   35 | #if JUCE_ENABLE_LIVE_CONSTANT_EDITOR && ! defined (DOXYGEN)
      |     ^
/Users/larryseyer/AudioDevelopment/OTTO/JUCE/modules/juce_gui_extra/misc/juce_LiveConstantEditor.h:258:5: warning: 'JUCE_ENABLE_LIVE_CONSTANT_EDITOR' is not defined, evaluates to 0 [-Wundef]
  258 | #if JUCE_ENABLE_LIVE_CONSTANT_EDITOR || DOXYGEN
      |     ^
/Users/larryseyer/AudioDevelopment/OTTO/JUCE/modules/juce_gui_extra/misc/juce_LiveConstantEditor.h:258:41: warning: 'DOXYGEN' is not defined, evaluates to 0 [-Wundef]
  258 | #if JUCE_ENABLE_LIVE_CONSTANT_EDITOR || DOXYGEN
      |                                         ^
In file included from /Users/larryseyer/AudioDevelopment/OTTO/Source/UI/Visualizations/VUMeterAdvanced.cpp:1:
In file included from /Users/larryseyer/AudioDevelopment/OTTO/Source/UI/Visualizations/VUMeterAdvanced.h:4:
In file included from /Users/larryseyer/AudioDevelopment/OTTO/Builds/MacOSX/CMake-Release/OTTO_artefacts/JuceLibraryCode/JuceHeader.h:14:
In file included from /Users/larryseyer/AudioDevelopment/OTTO/JUCE/modules/juce_audio_plugin_client/juce_audio_plugin_client.h:65:
In file included from /Users/larryseyer/AudioDevelopment/OTTO/JUCE/modules/juce_audio_processors/juce_audio_processors.h:67:
In file included from /Users/larryseyer/AudioDevelopment/OTTO/JUCE/modules/juce_gui_extra/juce_gui_extra.h:159:
/Users/larryseyer/AudioDevelopment/OTTO/JUCE/modules/juce_gui_extra/detail/juce_WebControlRelayEvents.h:38:25: warning: 'DOXYGEN' is not defined, evaluates to 0 [-Wundef]
   38 | #if JUCE_WEB_BROWSER || DOXYGEN
      |                         ^
In file included from /Users/larryseyer/AudioDevelopment/OTTO/Source/UI/Visualizations/VUMeterAdvanced.cpp:1:
In file included from /Users/larryseyer/AudioDevelopment/OTTO/Source/UI/Visualizations/VUMeterAdvanced.h:4:
In file included from /Users/larryseyer/AudioDevelopment/OTTO/Builds/MacOSX/CMake-Release/OTTO_artefacts/JuceLibraryCode/JuceHeader.h:14:
In file included from /Users/larryseyer/AudioDevelopment/OTTO/JUCE/modules/juce_audio_plugin_client/juce_audio_plugin_client.h:65:
In file included from /Users/larryseyer/AudioDevelopment/OTTO/JUCE/modules/juce_audio_processors/juce_audio_processors.h:67:
In file included from /Users/larryseyer/AudioDevelopment/OTTO/JUCE/modules/juce_gui_extra/juce_gui_extra.h:160:
/Users/larryseyer/AudioDevelopment/OTTO/JUCE/modules/juce_gui_extra/misc/juce_WebControlRelays.h:38:25: warning: 'DOXYGEN' is not defined, evaluates to 0 [-Wundef]
   38 | #if JUCE_WEB_BROWSER || DOXYGEN
      |                         ^
In file included from /Users/larryseyer/AudioDevelopment/OTTO/Source/UI/Visualizations/VUMeterAdvanced.cpp:1:
In file included from /Users/larryseyer/AudioDevelopment/OTTO/Source/UI/Visualizations/VUMeterAdvanced.h:4:
In file included from /Users/larryseyer/AudioDevelopment/OTTO/Builds/MacOSX/CMake-Release/OTTO_artefacts/JuceLibraryCode/JuceHeader.h:14:
In file included from /Users/larryseyer/AudioDevelopment/OTTO/JUCE/modules/juce_audio_plugin_client/juce_audio_plugin_client.h:65:
In file included from /Users/larryseyer/AudioDevelopment/OTTO/JUCE/modules/juce_audio_processors/juce_audio_processors.h:67:
In file included from /Users/larryseyer/AudioDevelopment/OTTO/JUCE/modules/juce_gui_extra/juce_gui_extra.h:161:
/Users/larryseyer/AudioDevelopment/OTTO/JUCE/modules/juce_gui_extra/misc/juce_WebControlParameterIndexReceiver.h:38:25: warning: 'DOXYGEN' is not defined, evaluates to 0 [-Wundef]
   38 | #if JUCE_WEB_BROWSER || DOXYGEN
      |                         ^
In file included from /Users/larryseyer/AudioDevelopment/OTTO/Source/UI/Visualizations/VUMeterAdvanced.cpp:1:
In file included from /Users/larryseyer/AudioDevelopment/OTTO/Source/UI/Visualizations/VUMeterAdvanced.h:4:
In file included from /Users/larryseyer/AudioDevelopment/OTTO/Builds/MacOSX/CMake-Release/OTTO_artefacts/JuceLibraryCode/JuceHeader.h:14:
In file included from /Users/larryseyer/AudioDevelopment/OTTO/JUCE/modules/juce_audio_plugin_client/juce_audio_plugin_client.h:65:
In file included from /Users/larryseyer/AudioDevelopment/OTTO/JUCE/modules/juce_audio_processors/juce_audio_processors.h:148:
/Users/larryseyer/AudioDevelopment/OTTO/JUCE/modules/juce_audio_processors/processors/juce_AudioProcessorParameter.h:363:8: warning: 'JUCE_DEBUG' is not defined, evaluates to 0 [-Wundef]
  363 |    #if JUCE_DEBUG
      |        ^
In file included from /Users/larryseyer/AudioDevelopment/OTTO/Source/UI/Visualizations/VUMeterAdvanced.cpp:1:
In file included from /Users/larryseyer/AudioDevelopment/OTTO/Source/UI/Visualizations/VUMeterAdvanced.h:4:
In file included from /Users/larryseyer/AudioDevelopment/OTTO/Builds/MacOSX/CMake-Release/OTTO_artefacts/JuceLibraryCode/JuceHeader.h:14:
In file included from /Users/larryseyer/AudioDevelopment/OTTO/JUCE/modules/juce_audio_plugin_client/juce_audio_plugin_client.h:65:
In file included from /Users/larryseyer/AudioDevelopment/OTTO/JUCE/modules/juce_audio_processors/juce_audio_processors.h:154:
/Users/larryseyer/AudioDevelopment/OTTO/JUCE/modules/juce_audio_processors/processors/juce_AudioProcessor.h:1599:7: warning: 'JUCE_DEBUG' is not defined, evaluates to 0 [-Wundef]
 1599 |   #if JUCE_DEBUG
      |       ^
In file included from /Users/larryseyer/AudioDevelopment/OTTO/Source/UI/Visualizations/VUMeterAdvanced.cpp:1:
In file included from /Users/larryseyer/AudioDevelopment/OTTO/Source/UI/Visualizations/VUMeterAdvanced.h:4:
In file included from /Users/larryseyer/AudioDevelopment/OTTO/Builds/MacOSX/CMake-Release/OTTO_artefacts/JuceLibraryCode/JuceHeader.h:14:
In file included from /Users/larryseyer/AudioDevelopment/OTTO/JUCE/modules/juce_audio_plugin_client/juce_audio_plugin_client.h:65:
In file included from /Users/larryseyer/AudioDevelopment/OTTO/JUCE/modules/juce_audio_processors/juce_audio_processors.h:162:
/Users/larryseyer/AudioDevelopment/OTTO/JUCE/modules/juce_audio_processors/format_types/juce_AudioUnitPluginFormat.h:38:55: warning: 'DOXYGEN' is not defined, evaluates to 0 [-Wundef]
   38 | #if (JUCE_PLUGINHOST_AU && (JUCE_MAC || JUCE_IOS)) || DOXYGEN
      |                                                       ^
In file included from /Users/larryseyer/AudioDevelopment/OTTO/Source/UI/Visualizations/VUMeterAdvanced.cpp:1:
In file included from /Users/larryseyer/AudioDevelopment/OTTO/Source/UI/Visualizations/VUMeterAdvanced.h:4:
In file included from /Users/larryseyer/AudioDevelopment/OTTO/Builds/MacOSX/CMake-Release/OTTO_artefacts/JuceLibraryCode/JuceHeader.h:14:
In file included from /Users/larryseyer/AudioDevelopment/OTTO/JUCE/modules/juce_audio_plugin_client/juce_audio_plugin_client.h:65:
In file included from /Users/larryseyer/AudioDevelopment/OTTO/JUCE/modules/juce_audio_processors/juce_audio_processors.h:163:
/Users/larryseyer/AudioDevelopment/OTTO/JUCE/modules/juce_audio_processors/format_types/juce_LADSPAPluginFormat.h:38:61: warning: 'DOXYGEN' is not defined, evaluates to 0 [-Wundef]
   38 | #if (JUCE_PLUGINHOST_LADSPA && (JUCE_LINUX || JUCE_BSD)) || DOXYGEN
      |                                                             ^
In file included from /Users/larryseyer/AudioDevelopment/OTTO/Source/UI/Visualizations/VUMeterAdvanced.cpp:1:
In file included from /Users/larryseyer/AudioDevelopment/OTTO/Source/UI/Visualizations/VUMeterAdvanced.h:4:
In file included from /Users/larryseyer/AudioDevelopment/OTTO/Builds/MacOSX/CMake-Release/OTTO_artefacts/JuceLibraryCode/JuceHeader.h:14:
In file included from /Users/larryseyer/AudioDevelopment/OTTO/JUCE/modules/juce_audio_plugin_client/juce_audio_plugin_client.h:65:
In file included from /Users/larryseyer/AudioDevelopment/OTTO/JUCE/modules/juce_audio_processors/juce_audio_processors.h:164:
/Users/larryseyer/AudioDevelopment/OTTO/JUCE/modules/juce_audio_processors/format_types/juce_LV2PluginFormat.h:38:64: warning: 'DOXYGEN' is not defined, evaluates to 0 [-Wundef]
   38 | #if (JUCE_PLUGINHOST_LV2 && (! (JUCE_ANDROID || JUCE_IOS))) || DOXYGEN
      |                                                                ^
In file included from /Users/larryseyer/AudioDevelopment/OTTO/Source/UI/Visualizations/VUMeterAdvanced.cpp:1:
In file included from /Users/larryseyer/AudioDevelopment/OTTO/Source/UI/Visualizations/VUMeterAdvanced.h:4:
In file included from /Users/larryseyer/AudioDevelopment/OTTO/Builds/MacOSX/CMake-Release/OTTO_artefacts/JuceLibraryCode/JuceHeader.h:14:
In file included from /Users/larryseyer/AudioDevelopment/OTTO/JUCE/modules/juce_audio_plugin_client/juce_audio_plugin_client.h:65:
In file included from /Users/larryseyer/AudioDevelopment/OTTO/JUCE/modules/juce_audio_processors/juce_audio_processors.h:165:
/Users/larryseyer/AudioDevelopment/OTTO/JUCE/modules/juce_audio_processors/format_types/juce_VST3PluginFormat.h:38:87: warning: 'DOXYGEN' is not defined, evaluates to 0 [-Wundef]
   38 | #if (JUCE_PLUGINHOST_VST3 && (JUCE_MAC || JUCE_WINDOWS || JUCE_LINUX || JUCE_BSD)) || DOXYGEN
      |                                                                                       ^
In file included from /Users/larryseyer/AudioDevelopment/OTTO/Source/UI/Visualizations/VUMeterAdvanced.cpp:1:
In file included from /Users/larryseyer/AudioDevelopment/OTTO/Source/UI/Visualizations/VUMeterAdvanced.h:4:
In file included from /Users/larryseyer/AudioDevelopment/OTTO/Builds/MacOSX/CMake-Release/OTTO_artefacts/JuceLibraryCode/JuceHeader.h:14:
In file included from /Users/larryseyer/AudioDevelopment/OTTO/JUCE/modules/juce_audio_plugin_client/juce_audio_plugin_client.h:65:
In file included from /Users/larryseyer/AudioDevelopment/OTTO/JUCE/modules/juce_audio_processors/juce_audio_processors.h:167:
/Users/larryseyer/AudioDevelopment/OTTO/JUCE/modules/juce_audio_processors/format_types/juce_VSTPluginFormat.h:35:29: warning: 'DOXYGEN' is not defined, evaluates to 0 [-Wundef]
   35 | #if (JUCE_PLUGINHOST_VST || DOXYGEN)
      |                             ^
In file included from /Users/larryseyer/AudioDevelopment/OTTO/Source/UI/Visualizations/VUMeterAdvanced.cpp:1:
In file included from /Users/larryseyer/AudioDevelopment/OTTO/Source/UI/Visualizations/VUMeterAdvanced.h:4:
In file included from /Users/larryseyer/AudioDevelopment/OTTO/Builds/MacOSX/CMake-Release/OTTO_artefacts/JuceLibraryCode/JuceHeader.h:14:
In file included from /Users/larryseyer/AudioDevelopment/OTTO/JUCE/modules/juce_audio_plugin_client/juce_audio_plugin_client.h:65:
In file included from /Users/larryseyer/AudioDevelopment/OTTO/JUCE/modules/juce_audio_processors/juce_audio_processors.h:168:
/Users/larryseyer/AudioDevelopment/OTTO/JUCE/modules/juce_audio_processors/format_types/juce_ARAHosting.h:37:122: warning: 'DOXYGEN' is not defined, evaluates to 0 [-Wundef]
   37 | #if (JUCE_PLUGINHOST_ARA && (JUCE_PLUGINHOST_VST3 || JUCE_PLUGINHOST_AU) && (JUCE_MAC || JUCE_WINDOWS || JUCE_LINUX)) || DOXYGEN
      |                                                                                                                          ^
In file included from /Users/larryseyer/AudioDevelopment/OTTO/Source/UI/Visualizations/VUMeterAdvanced.cpp:1:
In file included from /Users/larryseyer/AudioDevelopment/OTTO/Source/UI/Visualizations/VUMeterAdvanced.h:4:
In file included from /Users/larryseyer/AudioDevelopment/OTTO/Builds/MacOSX/CMake-Release/OTTO_artefacts/JuceLibraryCode/JuceHeader.h:14:
In file included from /Users/larryseyer/AudioDevelopment/OTTO/JUCE/modules/juce_audio_plugin_client/juce_audio_plugin_client.h:65:
In file included from /Users/larryseyer/AudioDevelopment/OTTO/JUCE/modules/juce_audio_processors/juce_audio_processors.h:177:
/Users/larryseyer/AudioDevelopment/OTTO/JUCE/modules/juce_audio_processors/utilities/juce_ParameterAttachments.h:260:25: warning: 'DOXYGEN' is not defined, evaluates to 0 [-Wundef]
  260 | #if JUCE_WEB_BROWSER || DOXYGEN
      |                         ^
In file included from /Users/larryseyer/AudioDevelopment/OTTO/Source/UI/Visualizations/VUMeterAdvanced.cpp:1:
In file included from /Users/larryseyer/AudioDevelopment/OTTO/Source/UI/Visualizations/VUMeterAdvanced.h:4:
In file included from /Users/larryseyer/AudioDevelopment/OTTO/Builds/MacOSX/CMake-Release/OTTO_artefacts/JuceLibraryCode/JuceHeader.h:14:
In file included from /Users/larryseyer/AudioDevelopment/OTTO/JUCE/modules/juce_audio_plugin_client/juce_audio_plugin_client.h:65:
In file included from /Users/larryseyer/AudioDevelopment/OTTO/JUCE/modules/juce_audio_processors/juce_audio_processors.h:178:
/Users/larryseyer/AudioDevelopment/OTTO/JUCE/modules/juce_audio_processors/utilities/juce_AudioProcessorValueTreeState.h:639:8: warning: 'JUCE_UNIT_TESTS' is not defined, evaluates to 0 [-Wundef]
  639 |    #if JUCE_UNIT_TESTS
      |        ^
In file included from /Users/larryseyer/AudioDevelopment/OTTO/Source/UI/Visualizations/VUMeterAdvanced.cpp:1:
In file included from /Users/larryseyer/AudioDevelopment/OTTO/Source/UI/Visualizations/VUMeterAdvanced.h:4:
In file included from /Users/larryseyer/AudioDevelopment/OTTO/Builds/MacOSX/CMake-Release/OTTO_artefacts/JuceLibraryCode/JuceHeader.h:23:
In file included from /Users/larryseyer/AudioDevelopment/OTTO/JUCE/modules/juce_audio_devices/juce_audio_devices.h:174:
/Users/larryseyer/AudioDevelopment/OTTO/JUCE/modules/juce_audio_devices/midi_io/juce_MidiDevices.h:205:8: warning: 'JUCE_LINUX' is not defined, evaluates to 0 [-Wundef]
  205 |    #if JUCE_LINUX || JUCE_BSD || JUCE_MAC || JUCE_IOS || DOXYGEN
      |        ^
/Users/larryseyer/AudioDevelopment/OTTO/JUCE/modules/juce_audio_devices/midi_io/juce_MidiDevices.h:205:22: warning: 'JUCE_BSD' is not defined, evaluates to 0 [-Wundef]
  205 |    #if JUCE_LINUX || JUCE_BSD || JUCE_MAC || JUCE_IOS || DOXYGEN
      |                      ^
/Users/larryseyer/AudioDevelopment/OTTO/JUCE/modules/juce_audio_devices/midi_io/juce_MidiDevices.h:364:8: warning: 'JUCE_LINUX' is not defined, evaluates to 0 [-Wundef]
  364 |    #if JUCE_LINUX || JUCE_BSD || JUCE_MAC || JUCE_IOS || DOXYGEN
      |        ^
/Users/larryseyer/AudioDevelopment/OTTO/JUCE/modules/juce_audio_devices/midi_io/juce_MidiDevices.h:364:22: warning: 'JUCE_BSD' is not defined, evaluates to 0 [-Wundef]
  364 |    #if JUCE_LINUX || JUCE_BSD || JUCE_MAC || JUCE_IOS || DOXYGEN
      |                      ^
In file included from /Users/larryseyer/AudioDevelopment/OTTO/Source/UI/Visualizations/VUMeterAdvanced.cpp:1:
In file included from /Users/larryseyer/AudioDevelopment/OTTO/Source/UI/Visualizations/VUMeterAdvanced.h:4:
In file included from /Users/larryseyer/AudioDevelopment/OTTO/Builds/MacOSX/CMake-Release/OTTO_artefacts/JuceLibraryCode/JuceHeader.h:23:
In file included from /Users/larryseyer/AudioDevelopment/OTTO/JUCE/modules/juce_audio_devices/juce_audio_devices.h:175:
/Users/larryseyer/AudioDevelopment/OTTO/JUCE/modules/juce_audio_devices/midi_io/juce_MidiMessageCollector.h:118:8: warning: 'JUCE_DEBUG' is not defined, evaluates to 0 [-Wundef]
  118 |    #if JUCE_DEBUG
      |        ^
In file included from /Users/larryseyer/AudioDevelopment/OTTO/Source/UI/Visualizations/VUMeterAdvanced.cpp:1:
In file included from /Users/larryseyer/AudioDevelopment/OTTO/Source/UI/Visualizations/VUMeterAdvanced.h:4:
In file included from /Users/larryseyer/AudioDevelopment/OTTO/Builds/MacOSX/CMake-Release/OTTO_artefacts/JuceLibraryCode/JuceHeader.h:23:
/Users/larryseyer/AudioDevelopment/OTTO/JUCE/modules/juce_audio_devices/juce_audio_devices.h:199:5: warning: 'JUCE_IOS' is not defined, evaluates to 0 [-Wundef]
  199 | #if JUCE_IOS
      |     ^
In file included from /Users/larryseyer/AudioDevelopment/OTTO/Source/UI/Visualizations/VUMeterAdvanced.cpp:1:
In file included from /Users/larryseyer/AudioDevelopment/OTTO/Source/UI/Visualizations/VUMeterAdvanced.h:4:
In file included from /Users/larryseyer/AudioDevelopment/OTTO/Builds/MacOSX/CMake-Release/OTTO_artefacts/JuceLibraryCode/JuceHeader.h:24:
/Users/larryseyer/AudioDevelopment/OTTO/JUCE/modules/juce_audio_formats/juce_audio_formats.h:117:7: warning: 'JUCE_WINDOWS' is not defined, evaluates to 0 [-Wundef]
  117 | #if ! JUCE_WINDOWS
      |       ^
In file included from /Users/larryseyer/AudioDevelopment/OTTO/Source/UI/Visualizations/VUMeterAdvanced.cpp:1:
In file included from /Users/larryseyer/AudioDevelopment/OTTO/Source/UI/Visualizations/VUMeterAdvanced.h:4:
In file included from /Users/larryseyer/AudioDevelopment/OTTO/Builds/MacOSX/CMake-Release/OTTO_artefacts/JuceLibraryCode/JuceHeader.h:24:
In file included from /Users/larryseyer/AudioDevelopment/OTTO/JUCE/modules/juce_audio_formats/juce_audio_formats.h:134:
/Users/larryseyer/AudioDevelopment/OTTO/JUCE/modules/juce_audio_formats/codecs/juce_LAMEEncoderAudioFormat.h:38:35: warning: 'DOXYGEN' is not defined, evaluates to 0 [-Wundef]
   38 | #if JUCE_USE_LAME_AUDIO_FORMAT || DOXYGEN
      |                                   ^
In file included from /Users/larryseyer/AudioDevelopment/OTTO/Source/UI/Visualizations/VUMeterAdvanced.cpp:1:
In file included from /Users/larryseyer/AudioDevelopment/OTTO/Source/UI/Visualizations/VUMeterAdvanced.h:4:
In file included from /Users/larryseyer/AudioDevelopment/OTTO/Builds/MacOSX/CMake-Release/OTTO_artefacts/JuceLibraryCode/JuceHeader.h:24:
In file included from /Users/larryseyer/AudioDevelopment/OTTO/JUCE/modules/juce_audio_formats/juce_audio_formats.h:135:
/Users/larryseyer/AudioDevelopment/OTTO/JUCE/modules/juce_audio_formats/codecs/juce_MP3AudioFormat.h:38:32: warning: 'DOXYGEN' is not defined, evaluates to 0 [-Wundef]
   38 | #if JUCE_USE_MP3AUDIOFORMAT || DOXYGEN
      |                                ^
In file included from /Users/larryseyer/AudioDevelopment/OTTO/Source/UI/Visualizations/VUMeterAdvanced.cpp:1:
In file included from /Users/larryseyer/AudioDevelopment/OTTO/Source/UI/Visualizations/VUMeterAdvanced.h:4:
In file included from /Users/larryseyer/AudioDevelopment/OTTO/Builds/MacOSX/CMake-Release/OTTO_artefacts/JuceLibraryCode/JuceHeader.h:24:
In file included from /Users/larryseyer/AudioDevelopment/OTTO/JUCE/modules/juce_audio_formats/juce_audio_formats.h:138:
/Users/larryseyer/AudioDevelopment/OTTO/JUCE/modules/juce_audio_formats/codecs/juce_WindowsMediaAudioFormat.h:38:5: warning: 'JUCE_WINDOWS' is not defined, evaluates to 0 [-Wundef]
   38 | #if JUCE_WINDOWS || DOXYGEN
      |     ^
/Users/larryseyer/AudioDevelopment/OTTO/JUCE/modules/juce_audio_formats/codecs/juce_WindowsMediaAudioFormat.h:38:21: warning: 'DOXYGEN' is not defined, evaluates to 0 [-Wundef]
   38 | #if JUCE_WINDOWS || DOXYGEN
      |                     ^
In file included from /Users/larryseyer/AudioDevelopment/OTTO/Source/UI/Visualizations/VUMeterAdvanced.cpp:1:
In file included from /Users/larryseyer/AudioDevelopment/OTTO/Source/UI/Visualizations/VUMeterAdvanced.h:4:
In file included from /Users/larryseyer/AudioDevelopment/OTTO/Builds/MacOSX/CMake-Release/OTTO_artefacts/JuceLibraryCode/JuceHeader.h:25:
In file included from /Users/larryseyer/AudioDevelopment/OTTO/JUCE/modules/juce_audio_utils/juce_audio_utils.h:99:
/Users/larryseyer/AudioDevelopment/OTTO/JUCE/modules/juce_audio_utils/audio_cd/juce_AudioCDBurner.h:38:26: warning: 'DOXYGEN' is not defined, evaluates to 0 [-Wundef]
   38 | #if JUCE_USE_CDBURNER || DOXYGEN
      |                          ^
In file included from /Users/larryseyer/AudioDevelopment/OTTO/Source/UI/Visualizations/VUMeterAdvanced.cpp:1:
In file included from /Users/larryseyer/AudioDevelopment/OTTO/Source/UI/Visualizations/VUMeterAdvanced.h:4:
In file included from /Users/larryseyer/AudioDevelopment/OTTO/Builds/MacOSX/CMake-Release/OTTO_artefacts/JuceLibraryCode/JuceHeader.h:25:
In file included from /Users/larryseyer/AudioDevelopment/OTTO/JUCE/modules/juce_audio_utils/juce_audio_utils.h:100:
/Users/larryseyer/AudioDevelopment/OTTO/JUCE/modules/juce_audio_utils/audio_cd/juce_AudioCDReader.h:38:26: warning: 'DOXYGEN' is not defined, evaluates to 0 [-Wundef]
   38 | #if JUCE_USE_CDREADER || DOXYGEN
      |                          ^
In file included from /Users/larryseyer/AudioDevelopment/OTTO/Source/UI/Visualizations/VUMeterAdvanced.cpp:1:
In file included from /Users/larryseyer/AudioDevelopment/OTTO/Source/UI/Visualizations/VUMeterAdvanced.h:4:
In file included from /Users/larryseyer/AudioDevelopment/OTTO/Builds/MacOSX/CMake-Release/OTTO_artefacts/JuceLibraryCode/JuceHeader.h:26:
/Users/larryseyer/AudioDevelopment/OTTO/JUCE/modules/juce_dsp/juce_dsp.h:69:5: warning: 'JUCE_INTEL' is not defined, evaluates to 0 [-Wundef]
   69 | #if JUCE_INTEL
      |     ^
/Users/larryseyer/AudioDevelopment/OTTO/JUCE/modules/juce_dsp/juce_dsp.h:95:20: warning: 'JUCE_WINDOWS' is not defined, evaluates to 0 [-Wundef]
   95 |  #if JUCE_64BIT && JUCE_WINDOWS
      |                    ^
/Users/larryseyer/AudioDevelopment/OTTO/JUCE/modules/juce_dsp/juce_dsp.h:113:6: warning: '_MSC_VER' is not defined, evaluates to 0 [-Wundef]
  113 |  #if _MSC_VER && JUCE_USE_SIMD && ! (defined (_M_X64) || defined (__amd64__))
      |      ^
/Users/larryseyer/AudioDevelopment/OTTO/JUCE/modules/juce_dsp/juce_dsp.h:242:6: warning: 'JUCE_INTEL' is not defined, evaluates to 0 [-Wundef]
  242 |  #if JUCE_INTEL
      |      ^
In file included from /Users/larryseyer/AudioDevelopment/OTTO/Source/UI/Visualizations/VUMeterAdvanced.cpp:1:
In file included from /Users/larryseyer/AudioDevelopment/OTTO/Source/UI/Visualizations/VUMeterAdvanced.h:4:
In file included from /Users/larryseyer/AudioDevelopment/OTTO/Builds/MacOSX/CMake-Release/OTTO_artefacts/JuceLibraryCode/JuceHeader.h:27:
/Users/larryseyer/AudioDevelopment/OTTO/JUCE/modules/juce_opengl/juce_opengl.h:72:5: warning: 'JUCE_IOS' is not defined, evaluates to 0 [-Wundef]
   72 | #if JUCE_IOS || JUCE_ANDROID
      |     ^
/Users/larryseyer/AudioDevelopment/OTTO/JUCE/modules/juce_opengl/juce_opengl.h:72:17: warning: 'JUCE_ANDROID' is not defined, evaluates to 0 [-Wundef]
   72 | #if JUCE_IOS || JUCE_ANDROID
      |                 ^
/Users/larryseyer/AudioDevelopment/OTTO/JUCE/modules/juce_opengl/juce_opengl.h:82:5: warning: 'JUCE_OPENGL_ES' is not defined, evaluates to 0 [-Wundef]
   82 | #if JUCE_OPENGL_ES || DOXYGEN
      |     ^
/Users/larryseyer/AudioDevelopment/OTTO/JUCE/modules/juce_opengl/juce_opengl.h:82:23: warning: 'DOXYGEN' is not defined, evaluates to 0 [-Wundef]
   82 | #if JUCE_OPENGL_ES || DOXYGEN
      |                       ^
In file included from /Users/larryseyer/AudioDevelopment/OTTO/Source/UI/Visualizations/VUMeterAdvanced.cpp:1:
In file included from /Users/larryseyer/AudioDevelopment/OTTO/Source/UI/Visualizations/VUMeterAdvanced.h:4:
In file included from /Users/larryseyer/AudioDevelopment/OTTO/Builds/MacOSX/CMake-Release/OTTO_artefacts/JuceLibraryCode/JuceHeader.h:27:
In file included from /Users/larryseyer/AudioDevelopment/OTTO/JUCE/modules/juce_opengl/juce_opengl.h:120:
/Users/larryseyer/AudioDevelopment/OTTO/JUCE/modules/juce_opengl/native/juce_OpenGLExtensions.h:127:8: warning: 'JUCE_WINDOWS' is not defined, evaluates to 0 [-Wundef]
  127 |    #if JUCE_WINDOWS && ! defined (DOXYGEN)
      |        ^
/Users/larryseyer/AudioDevelopment/OTTO/JUCE/modules/juce_opengl/native/juce_OpenGLExtensions.h:142:8: warning: 'JUCE_ANDROID' is not defined, evaluates to 0 [-Wundef]
  142 |    #if JUCE_ANDROID
      |        ^
In file included from /Users/larryseyer/AudioDevelopment/OTTO/Source/UI/Visualizations/VUMeterAdvanced.cpp:1:
In file included from /Users/larryseyer/AudioDevelopment/OTTO/Source/UI/Visualizations/VUMeterAdvanced.h:4:
/Users/larryseyer/AudioDevelopment/OTTO/Builds/MacOSX/CMake-Release/OTTO_artefacts/JuceLibraryCode/JuceHeader.h:34:7: warning: 'DONT_SET_USING_JUCE_NAMESPACE' is not defined, evaluates to 0 [-Wundef]
   34 | #if ! DONT_SET_USING_JUCE_NAMESPACE
      |       ^
In file included from /Users/larryseyer/AudioDevelopment/OTTO/Source/UI/Visualizations/VUMeterAdvanced.cpp:1:
In file included from /Users/larryseyer/AudioDevelopment/OTTO/Source/UI/Visualizations/VUMeterAdvanced.h:5:
/Users/larryseyer/AudioDevelopment/OTTO/Source/UI/Visualizations/../../ColorScheme.h:104:55: warning: unused parameter 'newThemeName' [-Wunused-parameter]
  104 |         virtual void themeChanged(const juce::String& newThemeName) {}
      |                                                       ^
/Users/larryseyer/AudioDevelopment/OTTO/Source/UI/Visualizations/../../ColorScheme.h:105:55: warning: unused parameter 'component' [-Wunused-parameter]
  105 |         virtual void colorChanged(const juce::String& component, const juce::String& property, const juce::Colour& newColor) {}
      |                                                       ^
/Users/larryseyer/AudioDevelopment/OTTO/Source/UI/Visualizations/../../ColorScheme.h:105:86: warning: unused parameter 'property' [-Wunused-parameter]
  105 |         virtual void colorChanged(const juce::String& component, const juce::String& property, const juce::Colour& newColor) {}
      |                                                                                      ^
/Users/larryseyer/AudioDevelopment/OTTO/Source/UI/Visualizations/../../ColorScheme.h:105:116: warning: unused parameter 'newColor' [-Wunused-parameter]
  105 |         virtual void colorChanged(const juce::String& component, const juce::String& property, const juce::Colour& newColor) {}
      |                                                                                                                    ^
In file included from /Users/larryseyer/AudioDevelopment/OTTO/Source/UI/Visualizations/VUMeterAdvanced.cpp:1:
/Users/larryseyer/AudioDevelopment/OTTO/Source/UI/Visualizations/VUMeterAdvanced.h:364:48: warning: unused parameter 'channel' [-Wunused-parameter]
  364 |         virtual void meterClippingDetected(int channel) {}
      |                                                ^
/Users/larryseyer/AudioDevelopment/OTTO/Source/UI/Visualizations/VUMeterAdvanced.h:371:43: warning: unused parameter 'channel' [-Wunused-parameter]
  371 |         virtual void meterPeakChanged(int channel, float peakLevel) {}
      |                                           ^
/Users/larryseyer/AudioDevelopment/OTTO/Source/UI/Visualizations/VUMeterAdvanced.h:371:58: warning: unused parameter 'peakLevel' [-Wunused-parameter]
  371 |         virtual void meterPeakChanged(int channel, float peakLevel) {}
      |                                                          ^
/Users/larryseyer/AudioDevelopment/OTTO/Source/UI/Visualizations/VUMeterAdvanced.h:377:64: warning: unused parameter 'newSettings' [-Wunused-parameter]
  377 |         virtual void meterSettingsChanged(const MeterSettings& newSettings) {}
      |                                                                ^
In file included from /Users/larryseyer/AudioDevelopment/OTTO/Source/UI/Visualizations/VUMeterAdvanced.cpp:3:
In file included from /Users/larryseyer/AudioDevelopment/OTTO/Source/UI/Visualizations/../../INIDataManager.h:6:
/Users/larryseyer/AudioDevelopment/OTTO/Source/UI/Visualizations/../../MidiEngine.h:24:34: warning: implicit conversion increases floating-point precision: 'const float' to 'double' [-Wdouble-promotion]
   24 |         double currentPosition = INIConfig::MIDI::DEFAULT_POSITION;
      |                                  ^~~~~~~~~~~~~~~~~~~~~~~~~~~~~~~~~
/Users/larryseyer/AudioDevelopment/OTTO/Source/UI/Visualizations/../../MidiEngine.h:224:35: warning: implicit conversion increases floating-point precision: 'const float' to 'double' [-Wdouble-promotion]
  224 |         double playbackPosition = INIConfig::MIDI::DEFAULT_POSITION;
      |                                   ^~~~~~~~~~~~~~~~~~~~~~~~~~~~~~~~~
/Users/larryseyer/AudioDevelopment/OTTO/Source/UI/Visualizations/../../MidiEngine.h:225:34: warning: implicit conversion increases floating-point precision: 'const float' to 'double' [-Wdouble-promotion]
  225 |         double lastProcessTime = INIConfig::MIDI::DEFAULT_LAST_TIME;
      |                                  ^~~~~~~~~~~~~~~~~~~~~~~~~~~~~~~~~~
/Users/larryseyer/AudioDevelopment/OTTO/Source/UI/Visualizations/../../MidiEngine.h:247:30: warning: implicit conversion increases floating-point precision: 'const float' to 'double' [-Wdouble-promotion]
  247 |     double lastProcessTime = INIConfig::MIDI::DEFAULT_LAST_TIME;
      |                              ^~~~~~~~~~~~~~~~~~~~~~~~~~~~~~~~~~
/Users/larryseyer/AudioDevelopment/OTTO/Source/UI/Visualizations/../../MidiEngine.h:248:28: warning: implicit conversion increases floating-point precision: 'const float' to 'double' [-Wdouble-promotion]
  248 |     double lastClockTime = INIConfig::MIDI::DEFAULT_LAST_TIME;
      |                            ^~~~~~~~~~~~~~~~~~~~~~~~~~~~~~~~~~
/Users/larryseyer/AudioDevelopment/OTTO/Source/UI/Visualizations/../../MidiEngine.h:253:24: warning: implicit conversion increases floating-point precision: 'const float' to 'double' [-Wdouble-promotion]
  253 |     double hostTempo = INIConfig::MIDI::DEFAULT_POSITION;
      |                        ^~~~~~~~~~~~~~~~~~~~~~~~~~~~~~~~~
/Users/larryseyer/AudioDevelopment/OTTO/Source/UI/Visualizations/../../MidiEngine.h:264:30: warning: implicit conversion increases floating-point precision: 'const float' to 'double' [-Wdouble-promotion]
  264 |     double countInPosition = INIConfig::MIDI::DEFAULT_POSITION;
      |                              ^~~~~~~~~~~~~~~~~~~~~~~~~~~~~~~~~
/Users/larryseyer/AudioDevelopment/OTTO/Source/UI/Visualizations/../../MidiEngine.h:272:30: warning: implicit conversion increases floating-point precision: 'const float' to 'double' [-Wdouble-promotion]
  272 |     double recordStartTime = INIConfig::MIDI::DEFAULT_LAST_TIME;
      |                              ^~~~~~~~~~~~~~~~~~~~~~~~~~~~~~~~~~
/Users/larryseyer/AudioDevelopment/OTTO/Source/UI/Visualizations/../../MidiEngine.h:278:37: warning: implicit conversion increases floating-point precision: 'const float' to 'double' [-Wdouble-promotion]
  278 |     double loopRecordingStartTime = INIConfig::MIDI::DEFAULT_LAST_TIME;
      |                                     ^~~~~~~~~~~~~~~~~~~~~~~~~~~~~~~~~~
/Users/larryseyer/AudioDevelopment/OTTO/Source/UI/Visualizations/../../MidiEngine.h:285:26: warning: implicit conversion increases floating-point precision: 'const float' to 'double' [-Wdouble-promotion]
  285 |     double lastTapTime = INIConfig::MIDI::DEFAULT_LAST_TIME;
      |                          ^~~~~~~~~~~~~~~~~~~~~~~~~~~~~~~~~~
/Users/larryseyer/AudioDevelopment/OTTO/Source/UI/Visualizations/VUMeterAdvanced.cpp:42:77: error: no member named 'patternMatrixWidthPercent' in namespace 'INIConfig::LayoutConstants::Row5'
   42 |     setSize(static_cast<int>(getWidth() * INIConfig::LayoutConstants::Row5::patternMatrixWidthPercent / 100.0f),
      |                                           ~~~~~~~~~~~~~~~~~~~~~~~~~~~~~~~~~~^
/Users/larryseyer/AudioDevelopment/OTTO/Source/UI/Visualizations/VUMeterAdvanced.cpp:43:78: error: no member named 'patternMatrixHeightPercent' in namespace 'INIConfig::LayoutConstants::Row5'
   43 |             static_cast<int>(getHeight() * INIConfig::LayoutConstants::Row5::patternMatrixHeightPercent / 100.0f));
      |                                            ~~~~~~~~~~~~~~~~~~~~~~~~~~~~~~~~~~^
/Users/larryseyer/AudioDevelopment/OTTO/Source/UI/Visualizations/VUMeterAdvanced.cpp:104:64: warning: unused parameter 'event' [-Wunused-parameter]
  104 | void VUMeterAdvanced::mouseDoubleClick(const juce::MouseEvent& event)
      |                                                                ^
/Users/larryseyer/AudioDevelopment/OTTO/Source/UI/Visualizations/VUMeterAdvanced.cpp:151:43: error: expression is not assignable
  151 |         channelData[channel].currentLevel = level;
      |         ~~~~~~~~~~~~~~~~~~~~~~~~~~~~~~~~~ ^
/Users/larryseyer/AudioDevelopment/OTTO/Source/UI/Visualizations/VUMeterAdvanced.cpp:155:45: error: expression is not assignable
  155 |             channelData[channel].isClipping = true;
      |             ~~~~~~~~~~~~~~~~~~~~~~~~~~~~~~~ ^
/Users/larryseyer/AudioDevelopment/OTTO/Source/UI/Visualizations/VUMeterAdvanced.cpp:158:45: error: expression is not assignable
  158 |             channelData[channel].isClipping = false;
      |             ~~~~~~~~~~~~~~~~~~~~~~~~~~~~~~~ ^
/Users/larryseyer/AudioDevelopment/OTTO/Source/UI/Visualizations/VUMeterAdvanced.cpp:168:40: error: expression is not assignable
  168 |         channelData[channel].peakLevel = peakLevel;
      |         ~~~~~~~~~~~~~~~~~~~~~~~~~~~~~~ ^
/Users/larryseyer/AudioDevelopment/OTTO/Source/UI/Visualizations/VUMeterAdvanced.cpp:177:39: error: expression is not assignable
  177 |         channelData[channel].rmsLevel = rmsLevel;
      |         ~~~~~~~~~~~~~~~~~~~~~~~~~~~~~ ^
/Users/larryseyer/AudioDevelopment/OTTO/Source/UI/Visualizations/VUMeterAdvanced.cpp:409:41: warning: implicit conversion increases floating-point precision: 'const float' to 'double' [-Wdouble-promotion]
  409 |     state.setValue("MinLevel", settings.minLevel);
      |                                ~~~~~~~~~^~~~~~~~
/Users/larryseyer/AudioDevelopment/OTTO/Source/UI/Visualizations/VUMeterAdvanced.cpp:410:41: warning: implicit conversion increases floating-point precision: 'const float' to 'double' [-Wdouble-promotion]
  410 |     state.setValue("MaxLevel", settings.maxLevel);
      |                                ~~~~~~~~~^~~~~~~~
/Users/larryseyer/AudioDevelopment/OTTO/Source/UI/Visualizations/VUMeterAdvanced.cpp:411:47: warning: implicit conversion increases floating-point precision: 'const float' to 'double' [-Wdouble-promotion]
  411 |     state.setValue("ReferenceLevel", settings.referenceLevel);
      |                                      ~~~~~~~~~^~~~~~~~~~~~~~
/Users/larryseyer/AudioDevelopment/OTTO/Source/UI/Visualizations/VUMeterAdvanced.cpp:413:43: warning: implicit conversion increases floating-point precision: 'const float' to 'double' [-Wdouble-promotion]
  413 |     state.setValue("AttackTime", settings.attackTime);
      |                                  ~~~~~~~~~^~~~~~~~~~
/Users/larryseyer/AudioDevelopment/OTTO/Source/UI/Visualizations/VUMeterAdvanced.cpp:414:44: warning: implicit conversion increases floating-point precision: 'const float' to 'double' [-Wdouble-promotion]
  414 |     state.setValue("ReleaseTime", settings.releaseTime);
      |                                   ~~~~~~~~~^~~~~~~~~~~
/Users/larryseyer/AudioDevelopment/OTTO/Source/UI/Visualizations/VUMeterAdvanced.cpp:415:45: warning: implicit conversion increases floating-point precision: 'const float' to 'double' [-Wdouble-promotion]
  415 |     state.setValue("PeakHoldTime", settings.peakHoldTime);
      |                                    ~~~~~~~~~^~~~~~~~~~~~
/Users/larryseyer/AudioDevelopment/OTTO/Source/UI/Visualizations/VUMeterAdvanced.cpp:416:46: warning: implicit conversion increases floating-point precision: 'const float' to 'double' [-Wdouble-promotion]
  416 |     state.setValue("PeakDecayRate", settings.peakDecayRate);
      |                                     ~~~~~~~~~^~~~~~~~~~~~~
/Users/larryseyer/AudioDevelopment/OTTO/Source/UI/Visualizations/VUMeterAdvanced.cpp:698:52: warning: unused parameter 'g' [-Wunused-parameter]
  698 | void VUMeterAdvanced::paintNumbers(juce::Graphics& g, const juce::Rectangle<int>& bounds)
      |                                                    ^
/Users/larryseyer/AudioDevelopment/OTTO/Source/UI/Visualizations/VUMeterAdvanced.cpp:698:83: warning: unused parameter 'bounds' [-Wunused-parameter]
  698 | void VUMeterAdvanced::paintNumbers(juce::Graphics& g, const juce::Rectangle<int>& bounds)
      |                                                                                   ^
/Users/larryseyer/AudioDevelopment/OTTO/Source/UI/Visualizations/VUMeterAdvanced.cpp:761:85: warning: declaration shadows a field of 'OTTO::UI::Visualizations::VUMeterAdvanced' [-Wshadow]
  761 | float VUMeterAdvanced::applyBallistics(float currentLevel, float targetLevel, float deltaTime) const
      |                                                                                     ^
In file included from /Users/larryseyer/AudioDevelopment/OTTO/Source/UI/Visualizations/VUMeterAdvanced.cpp:1:
/Users/larryseyer/AudioDevelopment/OTTO/Source/UI/Visualizations/VUMeterAdvanced.h:441:11: note: previous declaration is here
  441 |     float deltaTime = 0.0f;
      |           ^
/Users/larryseyer/AudioDevelopment/OTTO/Source/UI/Visualizations/VUMeterAdvanced.cpp:780:11: error: non-const lvalue reference to type 'OTTO::UI::Visualizations::VUMeterAdvanced::ChannelData' cannot bind to a temporary of type 'OTTO::UI::Visualizations::VUMeterAdvanced::ChannelData'
  780 |     auto& data = channelData[channel];
      |           ^      ~~~~~~~~~~~~~~~~~~~~
/Users/larryseyer/AudioDevelopment/OTTO/Source/UI/Visualizations/VUMeterAdvanced.cpp:797:58: warning: declaration shadows a field of 'OTTO::UI::Visualizations::VUMeterAdvanced' [-Wshadow]
  797 | void VUMeterAdvanced::updateSmoothing(int channel, float deltaTime)
      |                                                          ^
In file included from /Users/larryseyer/AudioDevelopment/OTTO/Source/UI/Visualizations/VUMeterAdvanced.cpp:1:
/Users/larryseyer/AudioDevelopment/OTTO/Source/UI/Visualizations/VUMeterAdvanced.h:441:11: note: previous declaration is here
  441 |     float deltaTime = 0.0f;
      |           ^
/Users/larryseyer/AudioDevelopment/OTTO/Source/UI/Visualizations/VUMeterAdvanced.cpp:803:11: error: non-const lvalue reference to type 'OTTO::UI::Visualizations::VUMeterAdvanced::ChannelData' cannot bind to a temporary of type 'OTTO::UI::Visualizations::VUMeterAdvanced::ChannelData'
  803 |     auto& data = channelData[channel];
      |           ^      ~~~~~~~~~~~~~~~~~~~~

CompileC /Users/larryseyer/AudioDevelopment/OTTO/Builds/MacOSX/CMake-Release/build/OTTO.build/Release/Objects-normal/arm64/SpectrumAnalyzer.o /Users/larryseyer/AudioDevelopment/OTTO/Source/UI/Visualizations/SpectrumAnalyzer.cpp normal arm64 c++ com.apple.compilers.llvm.clang.1_0.compiler (in target 'OTTO' from project 'OTTO')
    cd /Users/larryseyer/AudioDevelopment/OTTO
    
    Using response file: /Users/larryseyer/AudioDevelopment/OTTO/Builds/MacOSX/CMake-Release/build/OTTO.build/Release/Objects-normal/arm64/82b82416624d2658e5098eb0a28c15c5-common-args.resp
    
    /Applications/Xcode.app/Contents/Developer/Toolchains/XcodeDefault.xctoolchain/usr/bin/clang -x c++ -ivfsstatcache /var/folders/0p/t4rj91z90d38yk0_8vh370gr0000gn/C/com.apple.DeveloperTools/16.4-16F6/Xcode/SDKStatCaches.noindex/macosx15.5-24F74-8254517eb8b97d462ccbc072ba9094c9.sdkstatcache -fmessage-length\=0 -fdiagnostics-show-note-include-stack -fmacro-backtrace-limit\=0 -fno-color-diagnostics -Wno-trigraphs -Wno-missing-field-initializers -Wno-missing-prototypes -Wno-return-type -Wno-non-virtual-dtor -Wno-overloaded-virtual -Wno-exit-time-destructors -Wno-missing-braces -Wparentheses -Wswitch -Wno-unused-function -Wno-unused-label -Wno-unused-parameter -Wno-unused-variable -Wunused-value -Wno-empty-body -Wno-uninitialized -Wno-unknown-pragmas -Wno-shadow -Wno-four-char-constants -Wno-conversion -Wno-constant-conversion -Wno-int-conversion -Wno-bool-conversion -Wno-enum-conversion -Wno-float-conversion -Wno-non-literal-null-conversion -Wno-objc-literal-conversion -Wshorten-64-to-32 -Wno-newline-eof -Wno-c++11-extensions -Wno-implicit-fallthrough -fstrict-aliasing -Wdeprecated-declarations -Winvalid-offsetof -Wno-sign-conversion -Wno-infinite-recursion -Wno-move -Wno-comma -Wno-block-capture-autoreleasing -Wno-strict-prototypes -Wno-range-loop-analysis -Wno-semicolon-before-method-body -Wall -Wextra -Wpedantic -Wformat\=2 -Wformat-security -Wnull-dereference -Wdouble-promotion -Wshadow -Wundef -Wcast-align @/Users/larryseyer/AudioDevelopment/OTTO/Builds/MacOSX/CMake-Release/build/OTTO.build/Release/Objects-normal/arm64/82b82416624d2658e5098eb0a28c15c5-common-args.resp -MMD -MT dependencies -MF /Users/larryseyer/AudioDevelopment/OTTO/Builds/MacOSX/CMake-Release/build/OTTO.build/Release/Objects-normal/arm64/SpectrumAnalyzer.d --serialize-diagnostics /Users/larryseyer/AudioDevelopment/OTTO/Builds/MacOSX/CMake-Release/build/OTTO.build/Release/Objects-normal/arm64/SpectrumAnalyzer.dia -c /Users/larryseyer/AudioDevelopment/OTTO/Source/UI/Visualizations/SpectrumAnalyzer.cpp -o /Users/larryseyer/AudioDevelopment/OTTO/Builds/MacOSX/CMake-Release/build/OTTO.build/Release/Objects-normal/arm64/SpectrumAnalyzer.o
In file included from /Users/larryseyer/AudioDevelopment/OTTO/Source/UI/Visualizations/SpectrumAnalyzer.cpp:1:
In file included from /Users/larryseyer/AudioDevelopment/OTTO/Source/UI/Visualizations/SpectrumAnalyzer.h:4:
In file included from /Users/larryseyer/AudioDevelopment/OTTO/Builds/MacOSX/CMake-Release/OTTO_artefacts/JuceLibraryCode/JuceHeader.h:14:
In file included from /Users/larryseyer/AudioDevelopment/OTTO/JUCE/modules/juce_audio_plugin_client/juce_audio_plugin_client.h:63:
In file included from /Users/larryseyer/AudioDevelopment/OTTO/JUCE/modules/juce_gui_basics/juce_gui_basics.h:68:
In file included from /Users/larryseyer/AudioDevelopment/OTTO/JUCE/modules/juce_graphics/juce_graphics.h:67:
In file included from /Users/larryseyer/AudioDevelopment/OTTO/JUCE/modules/juce_core/juce_core.h:77:
/Users/larryseyer/AudioDevelopment/OTTO/JUCE/modules/juce_core/system/juce_TargetPlatform.h:99:5: warning: 'JUCE_WINDOWS' is not defined, evaluates to 0 [-Wundef]
   99 | #if JUCE_WINDOWS
      |     ^
/Users/larryseyer/AudioDevelopment/OTTO/JUCE/modules/juce_core/system/juce_TargetPlatform.h:183:5: warning: 'JUCE_LINUX' is not defined, evaluates to 0 [-Wundef]
  183 | #if JUCE_LINUX || JUCE_ANDROID || JUCE_BSD
      |     ^
/Users/larryseyer/AudioDevelopment/OTTO/JUCE/modules/juce_core/system/juce_TargetPlatform.h:183:19: warning: 'JUCE_ANDROID' is not defined, evaluates to 0 [-Wundef]
  183 | #if JUCE_LINUX || JUCE_ANDROID || JUCE_BSD
      |                   ^
/Users/larryseyer/AudioDevelopment/OTTO/JUCE/modules/juce_core/system/juce_TargetPlatform.h:183:35: warning: 'JUCE_BSD' is not defined, evaluates to 0 [-Wundef]
  183 | #if JUCE_LINUX || JUCE_ANDROID || JUCE_BSD
      |                                   ^
In file included from /Users/larryseyer/AudioDevelopment/OTTO/Source/UI/Visualizations/SpectrumAnalyzer.cpp:1:
In file included from /Users/larryseyer/AudioDevelopment/OTTO/Source/UI/Visualizations/SpectrumAnalyzer.h:4:
In file included from /Users/larryseyer/AudioDevelopment/OTTO/Builds/MacOSX/CMake-Release/OTTO_artefacts/JuceLibraryCode/JuceHeader.h:14:
In file included from /Users/larryseyer/AudioDevelopment/OTTO/JUCE/modules/juce_audio_plugin_client/juce_audio_plugin_client.h:63:
In file included from /Users/larryseyer/AudioDevelopment/OTTO/JUCE/modules/juce_gui_basics/juce_gui_basics.h:68:
In file included from /Users/larryseyer/AudioDevelopment/OTTO/JUCE/modules/juce_graphics/juce_graphics.h:67:
/Users/larryseyer/AudioDevelopment/OTTO/JUCE/modules/juce_core/juce_core.h:115:5: warning: 'JUCE_DEBUG' is not defined, evaluates to 0 [-Wundef]
  115 | #if JUCE_DEBUG && ! defined (JUCE_CHECK_MEMORY_LEAKS)
      |     ^
/Users/larryseyer/AudioDevelopment/OTTO/JUCE/modules/juce_core/juce_core.h:207:5: warning: 'JUCE_CORE_INCLUDE_NATIVE_HEADERS' is not defined, evaluates to 0 [-Wundef]
  207 | #if JUCE_CORE_INCLUDE_NATIVE_HEADERS
      |     ^
/Users/larryseyer/AudioDevelopment/OTTO/JUCE/modules/juce_core/juce_core.h:211:5: warning: 'JUCE_WINDOWS' is not defined, evaluates to 0 [-Wundef]
  211 | #if JUCE_WINDOWS
      |     ^
In file included from /Users/larryseyer/AudioDevelopment/OTTO/Source/UI/Visualizations/SpectrumAnalyzer.cpp:1:
In file included from /Users/larryseyer/AudioDevelopment/OTTO/Source/UI/Visualizations/SpectrumAnalyzer.h:4:
In file included from /Users/larryseyer/AudioDevelopment/OTTO/Builds/MacOSX/CMake-Release/OTTO_artefacts/JuceLibraryCode/JuceHeader.h:14:
In file included from /Users/larryseyer/AudioDevelopment/OTTO/JUCE/modules/juce_audio_plugin_client/juce_audio_plugin_client.h:63:
In file included from /Users/larryseyer/AudioDevelopment/OTTO/JUCE/modules/juce_gui_basics/juce_gui_basics.h:68:
In file included from /Users/larryseyer/AudioDevelopment/OTTO/JUCE/modules/juce_graphics/juce_graphics.h:67:
In file included from /Users/larryseyer/AudioDevelopment/OTTO/JUCE/modules/juce_core/juce_core.h:215:
/Users/larryseyer/AudioDevelopment/OTTO/JUCE/modules/juce_core/system/juce_StandardHeader.h:56:7: warning: 'DOXYGEN' is not defined, evaluates to 0 [-Wundef]
   56 | #if ! DOXYGEN
      |       ^
In file included from /Users/larryseyer/AudioDevelopment/OTTO/Source/UI/Visualizations/SpectrumAnalyzer.cpp:1:
In file included from /Users/larryseyer/AudioDevelopment/OTTO/Source/UI/Visualizations/SpectrumAnalyzer.h:4:
In file included from /Users/larryseyer/AudioDevelopment/OTTO/Builds/MacOSX/CMake-Release/OTTO_artefacts/JuceLibraryCode/JuceHeader.h:14:
In file included from /Users/larryseyer/AudioDevelopment/OTTO/JUCE/modules/juce_audio_plugin_client/juce_audio_plugin_client.h:63:
In file included from /Users/larryseyer/AudioDevelopment/OTTO/JUCE/modules/juce_gui_basics/juce_gui_basics.h:68:
In file included from /Users/larryseyer/AudioDevelopment/OTTO/JUCE/modules/juce_graphics/juce_graphics.h:67:
In file included from /Users/larryseyer/AudioDevelopment/OTTO/JUCE/modules/juce_core/juce_core.h:215:
In file included from /Users/larryseyer/AudioDevelopment/OTTO/JUCE/modules/juce_core/system/juce_StandardHeader.h:93:
/Users/larryseyer/AudioDevelopment/OTTO/JUCE/modules/juce_core/system/juce_CompilerSupport.h:43:5: warning: 'JUCE_GCC' is not defined, evaluates to 0 [-Wundef]
   43 | #if JUCE_GCC
      |     ^
/Users/larryseyer/AudioDevelopment/OTTO/JUCE/modules/juce_core/system/juce_CompilerSupport.h:94:5: warning: 'JUCE_MSVC' is not defined, evaluates to 0 [-Wundef]
   94 | #if JUCE_MSVC
      |     ^
In file included from /Users/larryseyer/AudioDevelopment/OTTO/Source/UI/Visualizations/SpectrumAnalyzer.cpp:1:
In file included from /Users/larryseyer/AudioDevelopment/OTTO/Source/UI/Visualizations/SpectrumAnalyzer.h:4:
In file included from /Users/larryseyer/AudioDevelopment/OTTO/Builds/MacOSX/CMake-Release/OTTO_artefacts/JuceLibraryCode/JuceHeader.h:14:
In file included from /Users/larryseyer/AudioDevelopment/OTTO/JUCE/modules/juce_audio_plugin_client/juce_audio_plugin_client.h:63:
In file included from /Users/larryseyer/AudioDevelopment/OTTO/JUCE/modules/juce_gui_basics/juce_gui_basics.h:68:
In file included from /Users/larryseyer/AudioDevelopment/OTTO/JUCE/modules/juce_graphics/juce_graphics.h:67:
In file included from /Users/larryseyer/AudioDevelopment/OTTO/JUCE/modules/juce_core/juce_core.h:215:
In file included from /Users/larryseyer/AudioDevelopment/OTTO/JUCE/modules/juce_core/system/juce_StandardHeader.h:94:
/Users/larryseyer/AudioDevelopment/OTTO/JUCE/modules/juce_core/system/juce_CompilerWarnings.h:221:5: warning: 'JUCE_MSVC' is not defined, evaluates to 0 [-Wundef]
  221 | #if JUCE_MSVC
      |     ^
In file included from /Users/larryseyer/AudioDevelopment/OTTO/Source/UI/Visualizations/SpectrumAnalyzer.cpp:1:
In file included from /Users/larryseyer/AudioDevelopment/OTTO/Source/UI/Visualizations/SpectrumAnalyzer.h:4:
In file included from /Users/larryseyer/AudioDevelopment/OTTO/Builds/MacOSX/CMake-Release/OTTO_artefacts/JuceLibraryCode/JuceHeader.h:14:
In file included from /Users/larryseyer/AudioDevelopment/OTTO/JUCE/modules/juce_audio_plugin_client/juce_audio_plugin_client.h:63:
In file included from /Users/larryseyer/AudioDevelopment/OTTO/JUCE/modules/juce_gui_basics/juce_gui_basics.h:68:
In file included from /Users/larryseyer/AudioDevelopment/OTTO/JUCE/modules/juce_graphics/juce_graphics.h:67:
In file included from /Users/larryseyer/AudioDevelopment/OTTO/JUCE/modules/juce_core/juce_core.h:215:
In file included from /Users/larryseyer/AudioDevelopment/OTTO/JUCE/modules/juce_core/system/juce_StandardHeader.h:95:
/Users/larryseyer/AudioDevelopment/OTTO/JUCE/modules/juce_core/system/juce_PlatformDefs.h:54:5: warning: 'JUCE_WINDOWS' is not defined, evaluates to 0 [-Wundef]
   54 | #if JUCE_WINDOWS
      |     ^
/Users/larryseyer/AudioDevelopment/OTTO/JUCE/modules/juce_core/system/juce_PlatformDefs.h:66:29: warning: 'JUCE_DEBUG' is not defined, evaluates to 0 [-Wundef]
   66 |  #if JUCE_LOG_ASSERTIONS || JUCE_DEBUG
      |                             ^
/Users/larryseyer/AudioDevelopment/OTTO/JUCE/modules/juce_core/system/juce_PlatformDefs.h:74:5: warning: 'JUCE_IOS' is not defined, evaluates to 0 [-Wundef]
   74 | #if JUCE_IOS || JUCE_LINUX || JUCE_BSD
      |     ^
/Users/larryseyer/AudioDevelopment/OTTO/JUCE/modules/juce_core/system/juce_PlatformDefs.h:74:17: warning: 'JUCE_LINUX' is not defined, evaluates to 0 [-Wundef]
   74 | #if JUCE_IOS || JUCE_LINUX || JUCE_BSD
      |                 ^
/Users/larryseyer/AudioDevelopment/OTTO/JUCE/modules/juce_core/system/juce_PlatformDefs.h:74:31: warning: 'JUCE_BSD' is not defined, evaluates to 0 [-Wundef]
   74 | #if JUCE_IOS || JUCE_LINUX || JUCE_BSD
      |                               ^
/Users/larryseyer/AudioDevelopment/OTTO/JUCE/modules/juce_core/system/juce_PlatformDefs.h:81:7: warning: 'JUCE_MSVC' is not defined, evaluates to 0 [-Wundef]
   81 | #elif JUCE_MSVC
      |       ^
/Users/larryseyer/AudioDevelopment/OTTO/JUCE/modules/juce_core/system/juce_PlatformDefs.h:86:7: warning: 'JUCE_INTEL' is not defined, evaluates to 0 [-Wundef]
   86 | #elif JUCE_INTEL && (JUCE_GCC || JUCE_CLANG || JUCE_MAC)
      |       ^
/Users/larryseyer/AudioDevelopment/OTTO/JUCE/modules/juce_core/system/juce_PlatformDefs.h:132:5: warning: 'JUCE_MSVC' is not defined, evaluates to 0 [-Wundef]
  132 | #if JUCE_MSVC && ! defined (DOXYGEN)
      |     ^
/Users/larryseyer/AudioDevelopment/OTTO/JUCE/modules/juce_core/system/juce_PlatformDefs.h:146:6: warning: 'JUCE_DEBUG' is not defined, evaluates to 0 [-Wundef]
  146 | #if (JUCE_DEBUG && ! JUCE_DISABLE_ASSERTIONS) || DOXYGEN
      |      ^
/Users/larryseyer/AudioDevelopment/OTTO/JUCE/modules/juce_core/system/juce_PlatformDefs.h:146:50: warning: 'DOXYGEN' is not defined, evaluates to 0 [-Wundef]
  146 | #if (JUCE_DEBUG && ! JUCE_DISABLE_ASSERTIONS) || DOXYGEN
      |                                                  ^
/Users/larryseyer/AudioDevelopment/OTTO/JUCE/modules/juce_core/system/juce_PlatformDefs.h:272:5: warning: 'JUCE_MSVC' is not defined, evaluates to 0 [-Wundef]
  272 | #if JUCE_MSVC && ! defined (DOXYGEN)
      |     ^
/Users/larryseyer/AudioDevelopment/OTTO/JUCE/modules/juce_core/system/juce_PlatformDefs.h:291:5: warning: 'JUCE_DEBUG' is not defined, evaluates to 0 [-Wundef]
  291 | #if JUCE_DEBUG || DOXYGEN
      |     ^
/Users/larryseyer/AudioDevelopment/OTTO/JUCE/modules/juce_core/system/juce_PlatformDefs.h:291:19: warning: 'DOXYGEN' is not defined, evaluates to 0 [-Wundef]
  291 | #if JUCE_DEBUG || DOXYGEN
      |                   ^
/Users/larryseyer/AudioDevelopment/OTTO/JUCE/modules/juce_core/system/juce_PlatformDefs.h:299:7: warning: 'JUCE_MSVC' is not defined, evaluates to 0 [-Wundef]
  299 |   #if JUCE_MSVC
      |       ^
/Users/larryseyer/AudioDevelopment/OTTO/JUCE/modules/juce_core/system/juce_PlatformDefs.h:306:5: warning: 'JUCE_MSVC' is not defined, evaluates to 0 [-Wundef]
  306 | #if JUCE_MSVC || DOXYGEN
      |     ^
/Users/larryseyer/AudioDevelopment/OTTO/JUCE/modules/juce_core/system/juce_PlatformDefs.h:306:18: warning: 'DOXYGEN' is not defined, evaluates to 0 [-Wundef]
  306 | #if JUCE_MSVC || DOXYGEN
      |                  ^
/Users/larryseyer/AudioDevelopment/OTTO/JUCE/modules/juce_core/system/juce_PlatformDefs.h:315:5: warning: 'JUCE_ANDROID' is not defined, evaluates to 0 [-Wundef]
  315 | #if JUCE_ANDROID && ! defined (DOXYGEN)
      |     ^
/Users/larryseyer/AudioDevelopment/OTTO/JUCE/modules/juce_core/system/juce_PlatformDefs.h:324:5: warning: 'JUCE_GCC' is not defined, evaluates to 0 [-Wundef]
  324 | #if JUCE_GCC || JUCE_CLANG
      |     ^
/Users/larryseyer/AudioDevelopment/OTTO/JUCE/modules/juce_core/system/juce_PlatformDefs.h:331:5: warning: 'JUCE_GCC' is not defined, evaluates to 0 [-Wundef]
  331 | #if JUCE_GCC || DOXYGEN
      |     ^
/Users/larryseyer/AudioDevelopment/OTTO/JUCE/modules/juce_core/system/juce_PlatformDefs.h:331:17: warning: 'DOXYGEN' is not defined, evaluates to 0 [-Wundef]
  331 | #if JUCE_GCC || DOXYGEN
      |                 ^
In file included from /Users/larryseyer/AudioDevelopment/OTTO/Source/UI/Visualizations/SpectrumAnalyzer.cpp:1:
In file included from /Users/larryseyer/AudioDevelopment/OTTO/Source/UI/Visualizations/SpectrumAnalyzer.h:4:
In file included from /Users/larryseyer/AudioDevelopment/OTTO/Builds/MacOSX/CMake-Release/OTTO_artefacts/JuceLibraryCode/JuceHeader.h:14:
In file included from /Users/larryseyer/AudioDevelopment/OTTO/JUCE/modules/juce_audio_plugin_client/juce_audio_plugin_client.h:63:
In file included from /Users/larryseyer/AudioDevelopment/OTTO/JUCE/modules/juce_gui_basics/juce_gui_basics.h:68:
In file included from /Users/larryseyer/AudioDevelopment/OTTO/JUCE/modules/juce_graphics/juce_graphics.h:67:
In file included from /Users/larryseyer/AudioDevelopment/OTTO/JUCE/modules/juce_core/juce_core.h:215:
/Users/larryseyer/AudioDevelopment/OTTO/JUCE/modules/juce_core/system/juce_StandardHeader.h:101:5: warning: 'JUCE_MSVC' is not defined, evaluates to 0 [-Wundef]
  101 | #if JUCE_MSVC
      |     ^
/Users/larryseyer/AudioDevelopment/OTTO/JUCE/modules/juce_core/system/juce_StandardHeader.h:113:5: warning: 'JUCE_LINUX' is not defined, evaluates to 0 [-Wundef]
  113 | #if JUCE_LINUX || JUCE_BSD
      |     ^
/Users/larryseyer/AudioDevelopment/OTTO/JUCE/modules/juce_core/system/juce_StandardHeader.h:113:19: warning: 'JUCE_BSD' is not defined, evaluates to 0 [-Wundef]
  113 | #if JUCE_LINUX || JUCE_BSD
      |                   ^
/Users/larryseyer/AudioDevelopment/OTTO/JUCE/modules/juce_core/system/juce_StandardHeader.h:126:5: warning: 'JUCE_MSVC' is not defined, evaluates to 0 [-Wundef]
  126 | #if JUCE_MSVC && JUCE_DEBUG
      |     ^
/Users/larryseyer/AudioDevelopment/OTTO/JUCE/modules/juce_core/system/juce_StandardHeader.h:132:5: warning: 'JUCE_ANDROID' is not defined, evaluates to 0 [-Wundef]
  132 | #if JUCE_ANDROID
      |     ^
/Users/larryseyer/AudioDevelopment/OTTO/JUCE/modules/juce_core/system/juce_StandardHeader.h:147:5: warning: 'JUCE_MSVC' is not defined, evaluates to 0 [-Wundef]
  147 | #if JUCE_MSVC
      |     ^
/Users/larryseyer/AudioDevelopment/OTTO/JUCE/modules/juce_core/system/juce_StandardHeader.h:167:5: warning: 'JUCE_MSVC' is not defined, evaluates to 0 [-Wundef]
  167 | #if JUCE_MSVC && JUCE_DLL_BUILD
      |     ^
In file included from /Users/larryseyer/AudioDevelopment/OTTO/Source/UI/Visualizations/SpectrumAnalyzer.cpp:1:
In file included from /Users/larryseyer/AudioDevelopment/OTTO/Source/UI/Visualizations/SpectrumAnalyzer.h:4:
In file included from /Users/larryseyer/AudioDevelopment/OTTO/Builds/MacOSX/CMake-Release/OTTO_artefacts/JuceLibraryCode/JuceHeader.h:14:
In file included from /Users/larryseyer/AudioDevelopment/OTTO/JUCE/modules/juce_audio_plugin_client/juce_audio_plugin_client.h:63:
In file included from /Users/larryseyer/AudioDevelopment/OTTO/JUCE/modules/juce_gui_basics/juce_gui_basics.h:68:
In file included from /Users/larryseyer/AudioDevelopment/OTTO/JUCE/modules/juce_graphics/juce_graphics.h:67:
In file included from /Users/larryseyer/AudioDevelopment/OTTO/JUCE/modules/juce_core/juce_core.h:239:
/Users/larryseyer/AudioDevelopment/OTTO/JUCE/modules/juce_core/memory/juce_Memory.h:165:59: warning: 'DOXYGEN' is not defined, evaluates to 0 [-Wundef]
  165 | #if (JUCE_COMPILER_SUPPORTS_ARC && defined (__OBJC__)) || DOXYGEN
      |                                                           ^
/Users/larryseyer/AudioDevelopment/OTTO/JUCE/modules/juce_core/memory/juce_Memory.h:181:5: warning: 'JUCE_MSVC' is not defined, evaluates to 0 [-Wundef]
  181 | #if JUCE_MSVC && (defined (JUCE_DLL) || defined (JUCE_DLL_BUILD)) && ! (JUCE_DISABLE_DLL_ALLOCATORS || DOXYGEN)
      |     ^
In file included from /Users/larryseyer/AudioDevelopment/OTTO/Source/UI/Visualizations/SpectrumAnalyzer.cpp:1:
In file included from /Users/larryseyer/AudioDevelopment/OTTO/Source/UI/Visualizations/SpectrumAnalyzer.h:4:
In file included from /Users/larryseyer/AudioDevelopment/OTTO/Builds/MacOSX/CMake-Release/OTTO_artefacts/JuceLibraryCode/JuceHeader.h:14:
In file included from /Users/larryseyer/AudioDevelopment/OTTO/JUCE/modules/juce_audio_plugin_client/juce_audio_plugin_client.h:63:
In file included from /Users/larryseyer/AudioDevelopment/OTTO/JUCE/modules/juce_gui_basics/juce_gui_basics.h:68:
In file included from /Users/larryseyer/AudioDevelopment/OTTO/JUCE/modules/juce_graphics/juce_graphics.h:67:
In file included from /Users/larryseyer/AudioDevelopment/OTTO/JUCE/modules/juce_core/juce_core.h:240:
/Users/larryseyer/AudioDevelopment/OTTO/JUCE/modules/juce_core/maths/juce_MathsFunctions.h:59:5: warning: 'JUCE_MSVC' is not defined, evaluates to 0 [-Wundef]
   59 | #if JUCE_MSVC
      |     ^
/Users/larryseyer/AudioDevelopment/OTTO/JUCE/modules/juce_core/maths/juce_MathsFunctions.h:97:5: warning: 'JUCE_WINDOWS' is not defined, evaluates to 0 [-Wundef]
   97 | #if JUCE_WINDOWS
      |     ^
/Users/larryseyer/AudioDevelopment/OTTO/JUCE/modules/juce_core/maths/juce_MathsFunctions.h:125:8: warning: 'JUCE_MSVC' is not defined, evaluates to 0 [-Wundef]
  125 |    #if JUCE_MSVC
      |        ^
/Users/larryseyer/AudioDevelopment/OTTO/JUCE/modules/juce_core/maths/juce_MathsFunctions.h:136:8: warning: 'JUCE_MSVC' is not defined, evaluates to 0 [-Wundef]
  136 |    #if JUCE_MSVC
      |        ^
/Users/larryseyer/AudioDevelopment/OTTO/JUCE/modules/juce_core/maths/juce_MathsFunctions.h:579:5: warning: 'JUCE_MSVC' is not defined, evaluates to 0 [-Wundef]
  579 | #if JUCE_MSVC
      |     ^
/Users/larryseyer/AudioDevelopment/OTTO/JUCE/modules/juce_core/maths/juce_MathsFunctions.h:606:8: warning: 'JUCE_BIG_ENDIAN' is not defined, evaluates to 0 [-Wundef]
  606 |    #if JUCE_BIG_ENDIAN
      |        ^
/Users/larryseyer/AudioDevelopment/OTTO/JUCE/modules/juce_core/maths/juce_MathsFunctions.h:618:5: warning: 'JUCE_MSVC' is not defined, evaluates to 0 [-Wundef]
  618 | #if JUCE_MSVC
      |     ^
/Users/larryseyer/AudioDevelopment/OTTO/JUCE/modules/juce_core/maths/juce_MathsFunctions.h:738:5: warning: 'JUCE_INTEL' is not defined, evaluates to 0 [-Wundef]
  738 | #if JUCE_INTEL || DOXYGEN
      |     ^
/Users/larryseyer/AudioDevelopment/OTTO/JUCE/modules/juce_core/maths/juce_MathsFunctions.h:738:19: warning: 'DOXYGEN' is not defined, evaluates to 0 [-Wundef]
  738 | #if JUCE_INTEL || DOXYGEN
      |                   ^
In file included from /Users/larryseyer/AudioDevelopment/OTTO/Source/UI/Visualizations/SpectrumAnalyzer.cpp:1:
In file included from /Users/larryseyer/AudioDevelopment/OTTO/Source/UI/Visualizations/SpectrumAnalyzer.h:4:
In file included from /Users/larryseyer/AudioDevelopment/OTTO/Builds/MacOSX/CMake-Release/OTTO_artefacts/JuceLibraryCode/JuceHeader.h:14:
In file included from /Users/larryseyer/AudioDevelopment/OTTO/JUCE/modules/juce_audio_plugin_client/juce_audio_plugin_client.h:63:
In file included from /Users/larryseyer/AudioDevelopment/OTTO/JUCE/modules/juce_gui_basics/juce_gui_basics.h:68:
In file included from /Users/larryseyer/AudioDevelopment/OTTO/JUCE/modules/juce_graphics/juce_graphics.h:67:
In file included from /Users/larryseyer/AudioDevelopment/OTTO/JUCE/modules/juce_core/juce_core.h:241:
/Users/larryseyer/AudioDevelopment/OTTO/JUCE/modules/juce_core/memory/juce_ByteOrder.h:162:5: warning: 'JUCE_MSVC' is not defined, evaluates to 0 [-Wundef]
  162 | #if JUCE_MSVC && ! defined (__INTEL_COMPILER)
      |     ^
In file included from /Users/larryseyer/AudioDevelopment/OTTO/Source/UI/Visualizations/SpectrumAnalyzer.cpp:1:
In file included from /Users/larryseyer/AudioDevelopment/OTTO/Source/UI/Visualizations/SpectrumAnalyzer.h:4:
In file included from /Users/larryseyer/AudioDevelopment/OTTO/Builds/MacOSX/CMake-Release/OTTO_artefacts/JuceLibraryCode/JuceHeader.h:14:
In file included from /Users/larryseyer/AudioDevelopment/OTTO/JUCE/modules/juce_audio_plugin_client/juce_audio_plugin_client.h:63:
In file included from /Users/larryseyer/AudioDevelopment/OTTO/JUCE/modules/juce_gui_basics/juce_gui_basics.h:68:
In file included from /Users/larryseyer/AudioDevelopment/OTTO/JUCE/modules/juce_graphics/juce_graphics.h:67:
In file included from /Users/larryseyer/AudioDevelopment/OTTO/JUCE/modules/juce_core/juce_core.h:243:
/Users/larryseyer/AudioDevelopment/OTTO/JUCE/modules/juce_core/text/juce_CharacterFunctions.h:39:5: warning: 'JUCE_WINDOWS' is not defined, evaluates to 0 [-Wundef]
   39 | #if JUCE_WINDOWS && ! defined (DOXYGEN)
      |     ^
/Users/larryseyer/AudioDevelopment/OTTO/JUCE/modules/juce_core/text/juce_CharacterFunctions.h:64:5: warning: 'JUCE_DEFINE_T_MACRO' is not defined, evaluates to 0 [-Wundef]
   64 | #if JUCE_DEFINE_T_MACRO
      |     ^
/Users/larryseyer/AudioDevelopment/OTTO/JUCE/modules/juce_core/text/juce_CharacterFunctions.h:406:12: warning: 'JUCE_WINDOWS' is not defined, evaluates to 0 [-Wundef]
  406 |        #if JUCE_WINDOWS
      |            ^
/Users/larryseyer/AudioDevelopment/OTTO/JUCE/modules/juce_core/text/juce_CharacterFunctions.h:411:13: warning: 'JUCE_ANDROID' is not defined, evaluates to 0 [-Wundef]
  411 |         #if JUCE_ANDROID
      |             ^
In file included from /Users/larryseyer/AudioDevelopment/OTTO/Source/UI/Visualizations/SpectrumAnalyzer.cpp:1:
In file included from /Users/larryseyer/AudioDevelopment/OTTO/Source/UI/Visualizations/SpectrumAnalyzer.h:4:
In file included from /Users/larryseyer/AudioDevelopment/OTTO/Builds/MacOSX/CMake-Release/OTTO_artefacts/JuceLibraryCode/JuceHeader.h:14:
In file included from /Users/larryseyer/AudioDevelopment/OTTO/JUCE/modules/juce_audio_plugin_client/juce_audio_plugin_client.h:63:
In file included from /Users/larryseyer/AudioDevelopment/OTTO/JUCE/modules/juce_gui_basics/juce_gui_basics.h:68:
In file included from /Users/larryseyer/AudioDevelopment/OTTO/JUCE/modules/juce_graphics/juce_graphics.h:67:
In file included from /Users/larryseyer/AudioDevelopment/OTTO/JUCE/modules/juce_core/juce_core.h:247:
/Users/larryseyer/AudioDevelopment/OTTO/JUCE/modules/juce_core/text/juce_CharPointer_UTF8.h:481:12: warning: 'JUCE_WINDOWS' is not defined, evaluates to 0 [-Wundef]
  481 |        #if JUCE_WINDOWS
      |            ^
In file included from /Users/larryseyer/AudioDevelopment/OTTO/Source/UI/Visualizations/SpectrumAnalyzer.cpp:1:
In file included from /Users/larryseyer/AudioDevelopment/OTTO/Source/UI/Visualizations/SpectrumAnalyzer.h:4:
In file included from /Users/larryseyer/AudioDevelopment/OTTO/Builds/MacOSX/CMake-Release/OTTO_artefacts/JuceLibraryCode/JuceHeader.h:14:
In file included from /Users/larryseyer/AudioDevelopment/OTTO/JUCE/modules/juce_audio_plugin_client/juce_audio_plugin_client.h:63:
In file included from /Users/larryseyer/AudioDevelopment/OTTO/JUCE/modules/juce_gui_basics/juce_gui_basics.h:68:
In file included from /Users/larryseyer/AudioDevelopment/OTTO/JUCE/modules/juce_graphics/juce_graphics.h:67:
In file included from /Users/larryseyer/AudioDevelopment/OTTO/JUCE/modules/juce_core/juce_core.h:248:
/Users/larryseyer/AudioDevelopment/OTTO/JUCE/modules/juce_core/text/juce_CharPointer_UTF16.h:353:8: warning: 'JUCE_MSVC' is not defined, evaluates to 0 [-Wundef]
  353 |    #if JUCE_MSVC && ! defined (DOXYGEN)
      |        ^
/Users/larryseyer/AudioDevelopment/OTTO/JUCE/modules/juce_core/text/juce_CharPointer_UTF16.h:412:12: warning: 'JUCE_MSVC' is not defined, evaluates to 0 [-Wundef]
  412 |        #if JUCE_MSVC
      |            ^
/Users/larryseyer/AudioDevelopment/OTTO/JUCE/modules/juce_core/text/juce_CharPointer_UTF16.h:422:12: warning: 'JUCE_MSVC' is not defined, evaluates to 0 [-Wundef]
  422 |        #if JUCE_MSVC
      |            ^
In file included from /Users/larryseyer/AudioDevelopment/OTTO/Source/UI/Visualizations/SpectrumAnalyzer.cpp:1:
In file included from /Users/larryseyer/AudioDevelopment/OTTO/Source/UI/Visualizations/SpectrumAnalyzer.h:4:
In file included from /Users/larryseyer/AudioDevelopment/OTTO/Builds/MacOSX/CMake-Release/OTTO_artefacts/JuceLibraryCode/JuceHeader.h:14:
In file included from /Users/larryseyer/AudioDevelopment/OTTO/JUCE/modules/juce_audio_plugin_client/juce_audio_plugin_client.h:63:
In file included from /Users/larryseyer/AudioDevelopment/OTTO/JUCE/modules/juce_gui_basics/juce_gui_basics.h:68:
In file included from /Users/larryseyer/AudioDevelopment/OTTO/JUCE/modules/juce_graphics/juce_graphics.h:67:
In file included from /Users/larryseyer/AudioDevelopment/OTTO/JUCE/modules/juce_core/juce_core.h:249:
/Users/larryseyer/AudioDevelopment/OTTO/JUCE/modules/juce_core/text/juce_CharPointer_UTF32.h:166:44: warning: 'JUCE_ANDROID' is not defined, evaluates to 0 [-Wundef]
  166 |        #if JUCE_NATIVE_WCHAR_IS_UTF32 && ! JUCE_ANDROID
      |                                            ^
/Users/larryseyer/AudioDevelopment/OTTO/JUCE/modules/juce_core/text/juce_CharPointer_UTF32.h:266:40: warning: 'JUCE_ANDROID' is not defined, evaluates to 0 [-Wundef]
  266 |    #if JUCE_NATIVE_WCHAR_IS_UTF32 && ! JUCE_ANDROID
      |                                        ^
In file included from /Users/larryseyer/AudioDevelopment/OTTO/Source/UI/Visualizations/SpectrumAnalyzer.cpp:1:
In file included from /Users/larryseyer/AudioDevelopment/OTTO/Source/UI/Visualizations/SpectrumAnalyzer.h:4:
In file included from /Users/larryseyer/AudioDevelopment/OTTO/Builds/MacOSX/CMake-Release/OTTO_artefacts/JuceLibraryCode/JuceHeader.h:14:
In file included from /Users/larryseyer/AudioDevelopment/OTTO/JUCE/modules/juce_audio_plugin_client/juce_audio_plugin_client.h:63:
In file included from /Users/larryseyer/AudioDevelopment/OTTO/JUCE/modules/juce_gui_basics/juce_gui_basics.h:68:
In file included from /Users/larryseyer/AudioDevelopment/OTTO/JUCE/modules/juce_graphics/juce_graphics.h:67:
In file included from /Users/larryseyer/AudioDevelopment/OTTO/JUCE/modules/juce_core/juce_core.h:250:
/Users/larryseyer/AudioDevelopment/OTTO/JUCE/modules/juce_core/text/juce_CharPointer_ASCII.h:278:12: warning: 'JUCE_WINDOWS' is not defined, evaluates to 0 [-Wundef]
  278 |        #if JUCE_WINDOWS && JUCE_CLANG
      |            ^
/Users/larryseyer/AudioDevelopment/OTTO/JUCE/modules/juce_core/text/juce_CharPointer_ASCII.h:280:14: warning: 'JUCE_WINDOWS' is not defined, evaluates to 0 [-Wundef]
  280 |        #elif JUCE_WINDOWS
      |              ^
/Users/larryseyer/AudioDevelopment/OTTO/JUCE/modules/juce_core/text/juce_CharPointer_ASCII.h:348:12: warning: 'JUCE_LINUX' is not defined, evaluates to 0 [-Wundef]
  348 |        #if JUCE_LINUX || JUCE_BSD || JUCE_ANDROID
      |            ^
/Users/larryseyer/AudioDevelopment/OTTO/JUCE/modules/juce_core/text/juce_CharPointer_ASCII.h:348:26: warning: 'JUCE_BSD' is not defined, evaluates to 0 [-Wundef]
  348 |        #if JUCE_LINUX || JUCE_BSD || JUCE_ANDROID
      |                          ^
/Users/larryseyer/AudioDevelopment/OTTO/JUCE/modules/juce_core/text/juce_CharPointer_ASCII.h:348:38: warning: 'JUCE_ANDROID' is not defined, evaluates to 0 [-Wundef]
  348 |        #if JUCE_LINUX || JUCE_BSD || JUCE_ANDROID
      |                                      ^
/Users/larryseyer/AudioDevelopment/OTTO/JUCE/modules/juce_core/text/juce_CharPointer_ASCII.h:350:14: warning: 'JUCE_WINDOWS' is not defined, evaluates to 0 [-Wundef]
  350 |        #elif JUCE_WINDOWS
      |              ^
In file included from /Users/larryseyer/AudioDevelopment/OTTO/Source/UI/Visualizations/SpectrumAnalyzer.cpp:1:
In file included from /Users/larryseyer/AudioDevelopment/OTTO/Source/UI/Visualizations/SpectrumAnalyzer.h:4:
In file included from /Users/larryseyer/AudioDevelopment/OTTO/Builds/MacOSX/CMake-Release/OTTO_artefacts/JuceLibraryCode/JuceHeader.h:14:
In file included from /Users/larryseyer/AudioDevelopment/OTTO/JUCE/modules/juce_audio_plugin_client/juce_audio_plugin_client.h:63:
In file included from /Users/larryseyer/AudioDevelopment/OTTO/JUCE/modules/juce_gui_basics/juce_gui_basics.h:68:
In file included from /Users/larryseyer/AudioDevelopment/OTTO/JUCE/modules/juce_graphics/juce_graphics.h:67:
In file included from /Users/larryseyer/AudioDevelopment/OTTO/JUCE/modules/juce_core/juce_core.h:254:
/Users/larryseyer/AudioDevelopment/OTTO/JUCE/modules/juce_core/text/juce_String.h:198:11: warning: 'DOXYGEN' is not defined, evaluates to 0 [-Wundef]
  198 |    #elif (DOXYGEN || JUCE_STRING_UTF_TYPE == 8)
      |           ^
In file included from /Users/larryseyer/AudioDevelopment/OTTO/Source/UI/Visualizations/SpectrumAnalyzer.cpp:1:
In file included from /Users/larryseyer/AudioDevelopment/OTTO/Source/UI/Visualizations/SpectrumAnalyzer.h:4:
In file included from /Users/larryseyer/AudioDevelopment/OTTO/Builds/MacOSX/CMake-Release/OTTO_artefacts/JuceLibraryCode/JuceHeader.h:14:
In file included from /Users/larryseyer/AudioDevelopment/OTTO/JUCE/modules/juce_audio_plugin_client/juce_audio_plugin_client.h:63:
In file included from /Users/larryseyer/AudioDevelopment/OTTO/JUCE/modules/juce_gui_basics/juce_gui_basics.h:68:
In file included from /Users/larryseyer/AudioDevelopment/OTTO/JUCE/modules/juce_graphics/juce_graphics.h:67:
In file included from /Users/larryseyer/AudioDevelopment/OTTO/JUCE/modules/juce_core/juce_core.h:257:
/Users/larryseyer/AudioDevelopment/OTTO/JUCE/modules/juce_core/memory/juce_LeakedObjectDetector.h:124:5: warning: 'DOXYGEN' is not defined, evaluates to 0 [-Wundef]
  124 | #if DOXYGEN || ! defined (JUCE_LEAK_DETECTOR)
      |     ^
/Users/larryseyer/AudioDevelopment/OTTO/JUCE/modules/juce_core/memory/juce_LeakedObjectDetector.h:125:7: warning: 'DOXYGEN' is not defined, evaluates to 0 [-Wundef]
  125 |  #if (DOXYGEN || JUCE_CHECK_MEMORY_LEAKS)
      |       ^
In file included from /Users/larryseyer/AudioDevelopment/OTTO/Source/UI/Visualizations/SpectrumAnalyzer.cpp:1:
In file included from /Users/larryseyer/AudioDevelopment/OTTO/Source/UI/Visualizations/SpectrumAnalyzer.h:4:
In file included from /Users/larryseyer/AudioDevelopment/OTTO/Builds/MacOSX/CMake-Release/OTTO_artefacts/JuceLibraryCode/JuceHeader.h:14:
In file included from /Users/larryseyer/AudioDevelopment/OTTO/JUCE/modules/juce_audio_plugin_client/juce_audio_plugin_client.h:63:
In file included from /Users/larryseyer/AudioDevelopment/OTTO/JUCE/modules/juce_gui_basics/juce_gui_basics.h:68:
In file included from /Users/larryseyer/AudioDevelopment/OTTO/JUCE/modules/juce_graphics/juce_graphics.h:67:
In file included from /Users/larryseyer/AudioDevelopment/OTTO/JUCE/modules/juce_core/juce_core.h:259:
/Users/larryseyer/AudioDevelopment/OTTO/JUCE/modules/juce_core/memory/juce_HeapBlock.h:38:8: warning: 'DOXYGEN' is not defined, evaluates to 0 [-Wundef]
   38 | #if ! (DOXYGEN || JUCE_EXCEPTIONS_DISABLED)
      |        ^
/Users/larryseyer/AudioDevelopment/OTTO/JUCE/modules/juce_core/memory/juce_HeapBlock.h:38:19: warning: 'JUCE_EXCEPTIONS_DISABLED' is not defined, evaluates to 0 [-Wundef]
   38 | #if ! (DOXYGEN || JUCE_EXCEPTIONS_DISABLED)
      |                   ^
/Users/larryseyer/AudioDevelopment/OTTO/JUCE/modules/juce_core/memory/juce_HeapBlock.h:343:12: warning: 'JUCE_EXCEPTIONS_DISABLED' is not defined, evaluates to 0 [-Wundef]
  343 |        #if JUCE_EXCEPTIONS_DISABLED
      |            ^
In file included from /Users/larryseyer/AudioDevelopment/OTTO/Source/UI/Visualizations/SpectrumAnalyzer.cpp:1:
In file included from /Users/larryseyer/AudioDevelopment/OTTO/Source/UI/Visualizations/SpectrumAnalyzer.h:4:
In file included from /Users/larryseyer/AudioDevelopment/OTTO/Builds/MacOSX/CMake-Release/OTTO_artefacts/JuceLibraryCode/JuceHeader.h:14:
In file included from /Users/larryseyer/AudioDevelopment/OTTO/JUCE/modules/juce_audio_plugin_client/juce_audio_plugin_client.h:63:
In file included from /Users/larryseyer/AudioDevelopment/OTTO/JUCE/modules/juce_gui_basics/juce_gui_basics.h:68:
In file included from /Users/larryseyer/AudioDevelopment/OTTO/JUCE/modules/juce_graphics/juce_graphics.h:67:
In file included from /Users/larryseyer/AudioDevelopment/OTTO/JUCE/modules/juce_core/juce_core.h:263:
/Users/larryseyer/AudioDevelopment/OTTO/JUCE/modules/juce_core/memory/juce_ScopedPointer.h:151:10: warning: 'JUCE_MSVC' is not defined, evaluates to 0 [-Wundef]
  151 |    #if ! JUCE_MSVC  // (MSVC can't deal with multiple copy constructors)
      |          ^
In file included from /Users/larryseyer/AudioDevelopment/OTTO/Source/UI/Visualizations/SpectrumAnalyzer.cpp:1:
In file included from /Users/larryseyer/AudioDevelopment/OTTO/Source/UI/Visualizations/SpectrumAnalyzer.h:4:
In file included from /Users/larryseyer/AudioDevelopment/OTTO/Builds/MacOSX/CMake-Release/OTTO_artefacts/JuceLibraryCode/JuceHeader.h:14:
In file included from /Users/larryseyer/AudioDevelopment/OTTO/JUCE/modules/juce_audio_plugin_client/juce_audio_plugin_client.h:63:
In file included from /Users/larryseyer/AudioDevelopment/OTTO/JUCE/modules/juce_gui_basics/juce_gui_basics.h:68:
In file included from /Users/larryseyer/AudioDevelopment/OTTO/JUCE/modules/juce_graphics/juce_graphics.h:67:
In file included from /Users/larryseyer/AudioDevelopment/OTTO/JUCE/modules/juce_core/juce_core.h:271:
/Users/larryseyer/AudioDevelopment/OTTO/JUCE/modules/juce_core/threads/juce_CriticalSection.h:116:8: warning: 'JUCE_WINDOWS' is not defined, evaluates to 0 [-Wundef]
  116 |    #if JUCE_WINDOWS
      |        ^
In file included from /Users/larryseyer/AudioDevelopment/OTTO/Source/UI/Visualizations/SpectrumAnalyzer.cpp:1:
In file included from /Users/larryseyer/AudioDevelopment/OTTO/Source/UI/Visualizations/SpectrumAnalyzer.h:4:
In file included from /Users/larryseyer/AudioDevelopment/OTTO/Builds/MacOSX/CMake-Release/OTTO_artefacts/JuceLibraryCode/JuceHeader.h:14:
In file included from /Users/larryseyer/AudioDevelopment/OTTO/JUCE/modules/juce_audio_plugin_client/juce_audio_plugin_client.h:63:
In file included from /Users/larryseyer/AudioDevelopment/OTTO/JUCE/modules/juce_gui_basics/juce_gui_basics.h:68:
In file included from /Users/larryseyer/AudioDevelopment/OTTO/JUCE/modules/juce_graphics/juce_graphics.h:67:
In file included from /Users/larryseyer/AudioDevelopment/OTTO/JUCE/modules/juce_core/juce_core.h:293:
/Users/larryseyer/AudioDevelopment/OTTO/JUCE/modules/juce_core/memory/juce_HeavyweightLeakedObjectDetector.h:123:5: warning: 'DOXYGEN' is not defined, evaluates to 0 [-Wundef]
  123 | #if DOXYGEN || ! defined (JUCE_HEAVYWEIGHT_LEAK_DETECTOR)
      |     ^
/Users/larryseyer/AudioDevelopment/OTTO/JUCE/modules/juce_core/memory/juce_HeavyweightLeakedObjectDetector.h:124:7: warning: 'DOXYGEN' is not defined, evaluates to 0 [-Wundef]
  124 |  #if (DOXYGEN || JUCE_CHECK_MEMORY_LEAKS)
      |       ^
In file included from /Users/larryseyer/AudioDevelopment/OTTO/Source/UI/Visualizations/SpectrumAnalyzer.cpp:1:
In file included from /Users/larryseyer/AudioDevelopment/OTTO/Source/UI/Visualizations/SpectrumAnalyzer.h:4:
In file included from /Users/larryseyer/AudioDevelopment/OTTO/Builds/MacOSX/CMake-Release/OTTO_artefacts/JuceLibraryCode/JuceHeader.h:14:
In file included from /Users/larryseyer/AudioDevelopment/OTTO/JUCE/modules/juce_audio_plugin_client/juce_audio_plugin_client.h:63:
In file included from /Users/larryseyer/AudioDevelopment/OTTO/JUCE/modules/juce_gui_basics/juce_gui_basics.h:68:
In file included from /Users/larryseyer/AudioDevelopment/OTTO/JUCE/modules/juce_graphics/juce_graphics.h:67:
In file included from /Users/larryseyer/AudioDevelopment/OTTO/JUCE/modules/juce_core/juce_core.h:318:
/Users/larryseyer/AudioDevelopment/OTTO/JUCE/modules/juce_core/files/juce_File.h:38:7: warning: 'DOXYGEN' is not defined, evaluates to 0 [-Wundef]
   38 | #if ! DOXYGEN && (JUCE_MAC || JUCE_IOS)
      |       ^
/Users/larryseyer/AudioDevelopment/OTTO/JUCE/modules/juce_core/files/juce_File.h:970:12: warning: 'JUCE_WINDOWS' is not defined, evaluates to 0 [-Wundef]
  970 |        #if JUCE_WINDOWS || DOXYGEN
      |            ^
/Users/larryseyer/AudioDevelopment/OTTO/JUCE/modules/juce_core/files/juce_File.h:970:28: warning: 'DOXYGEN' is not defined, evaluates to 0 [-Wundef]
  970 |        #if JUCE_WINDOWS || DOXYGEN
      |                            ^
/Users/larryseyer/AudioDevelopment/OTTO/JUCE/modules/juce_core/files/juce_File.h:981:12: warning: 'JUCE_WINDOWS' is not defined, evaluates to 0 [-Wundef]
  981 |        #if JUCE_WINDOWS || DOXYGEN
      |            ^
/Users/larryseyer/AudioDevelopment/OTTO/JUCE/modules/juce_core/files/juce_File.h:981:28: warning: 'DOXYGEN' is not defined, evaluates to 0 [-Wundef]
  981 |        #if JUCE_WINDOWS || DOXYGEN
      |                            ^
/Users/larryseyer/AudioDevelopment/OTTO/JUCE/modules/juce_core/files/juce_File.h:1100:8: warning: 'JUCE_WINDOWS' is not defined, evaluates to 0 [-Wundef]
 1100 |    #if JUCE_WINDOWS || DOXYGEN
      |        ^
/Users/larryseyer/AudioDevelopment/OTTO/JUCE/modules/juce_core/files/juce_File.h:1100:24: warning: 'DOXYGEN' is not defined, evaluates to 0 [-Wundef]
 1100 |    #if JUCE_WINDOWS || DOXYGEN
      |                        ^
/Users/larryseyer/AudioDevelopment/OTTO/JUCE/modules/juce_core/files/juce_File.h:1146:16: warning: 'NAMES_ARE_CASE_SENSITIVE' is not defined, evaluates to 0 [-Wundef]
 1146 |            #if NAMES_ARE_CASE_SENSITIVE
      |                ^
In file included from /Users/larryseyer/AudioDevelopment/OTTO/Source/UI/Visualizations/SpectrumAnalyzer.cpp:1:
In file included from /Users/larryseyer/AudioDevelopment/OTTO/Source/UI/Visualizations/SpectrumAnalyzer.h:4:
In file included from /Users/larryseyer/AudioDevelopment/OTTO/Builds/MacOSX/CMake-Release/OTTO_artefacts/JuceLibraryCode/JuceHeader.h:14:
In file included from /Users/larryseyer/AudioDevelopment/OTTO/JUCE/modules/juce_audio_plugin_client/juce_audio_plugin_client.h:63:
In file included from /Users/larryseyer/AudioDevelopment/OTTO/JUCE/modules/juce_gui_basics/juce_gui_basics.h:68:
In file included from /Users/larryseyer/AudioDevelopment/OTTO/JUCE/modules/juce_graphics/juce_graphics.h:67:
In file included from /Users/larryseyer/AudioDevelopment/OTTO/JUCE/modules/juce_core/juce_core.h:321:
/Users/larryseyer/AudioDevelopment/OTTO/JUCE/modules/juce_core/detail/juce_NativeFileHandle.h:38:5: warning: 'JUCE_WINDOWS' is not defined, evaluates to 0 [-Wundef]
   38 | #if JUCE_WINDOWS
      |     ^
In file included from /Users/larryseyer/AudioDevelopment/OTTO/Source/UI/Visualizations/SpectrumAnalyzer.cpp:1:
In file included from /Users/larryseyer/AudioDevelopment/OTTO/Source/UI/Visualizations/SpectrumAnalyzer.h:4:
In file included from /Users/larryseyer/AudioDevelopment/OTTO/Builds/MacOSX/CMake-Release/OTTO_artefacts/JuceLibraryCode/JuceHeader.h:14:
In file included from /Users/larryseyer/AudioDevelopment/OTTO/JUCE/modules/juce_audio_plugin_client/juce_audio_plugin_client.h:63:
In file included from /Users/larryseyer/AudioDevelopment/OTTO/JUCE/modules/juce_gui_basics/juce_gui_basics.h:68:
In file included from /Users/larryseyer/AudioDevelopment/OTTO/JUCE/modules/juce_graphics/juce_graphics.h:67:
In file included from /Users/larryseyer/AudioDevelopment/OTTO/JUCE/modules/juce_core/juce_core.h:325:
/Users/larryseyer/AudioDevelopment/OTTO/JUCE/modules/juce_core/files/juce_MemoryMappedFile.h:116:8: warning: 'JUCE_WINDOWS' is not defined, evaluates to 0 [-Wundef]
  116 |    #if JUCE_WINDOWS
      |        ^
In file included from /Users/larryseyer/AudioDevelopment/OTTO/Source/UI/Visualizations/SpectrumAnalyzer.cpp:1:
In file included from /Users/larryseyer/AudioDevelopment/OTTO/Source/UI/Visualizations/SpectrumAnalyzer.h:4:
In file included from /Users/larryseyer/AudioDevelopment/OTTO/Builds/MacOSX/CMake-Release/OTTO_artefacts/JuceLibraryCode/JuceHeader.h:14:
In file included from /Users/larryseyer/AudioDevelopment/OTTO/JUCE/modules/juce_audio_plugin_client/juce_audio_plugin_client.h:63:
In file included from /Users/larryseyer/AudioDevelopment/OTTO/JUCE/modules/juce_gui_basics/juce_gui_basics.h:68:
In file included from /Users/larryseyer/AudioDevelopment/OTTO/JUCE/modules/juce_graphics/juce_graphics.h:67:
In file included from /Users/larryseyer/AudioDevelopment/OTTO/JUCE/modules/juce_core/juce_core.h:338:
/Users/larryseyer/AudioDevelopment/OTTO/JUCE/modules/juce_core/misc/juce_WindowsRegistry.h:38:5: warning: 'JUCE_WINDOWS' is not defined, evaluates to 0 [-Wundef]
   38 | #if JUCE_WINDOWS || DOXYGEN
      |     ^
/Users/larryseyer/AudioDevelopment/OTTO/JUCE/modules/juce_core/misc/juce_WindowsRegistry.h:38:21: warning: 'DOXYGEN' is not defined, evaluates to 0 [-Wundef]
   38 | #if JUCE_WINDOWS || DOXYGEN
      |                     ^
In file included from /Users/larryseyer/AudioDevelopment/OTTO/Source/UI/Visualizations/SpectrumAnalyzer.cpp:1:
In file included from /Users/larryseyer/AudioDevelopment/OTTO/Source/UI/Visualizations/SpectrumAnalyzer.h:4:
In file included from /Users/larryseyer/AudioDevelopment/OTTO/Builds/MacOSX/CMake-Release/OTTO_artefacts/JuceLibraryCode/JuceHeader.h:14:
In file included from /Users/larryseyer/AudioDevelopment/OTTO/JUCE/modules/juce_audio_plugin_client/juce_audio_plugin_client.h:63:
In file included from /Users/larryseyer/AudioDevelopment/OTTO/JUCE/modules/juce_gui_basics/juce_gui_basics.h:68:
In file included from /Users/larryseyer/AudioDevelopment/OTTO/JUCE/modules/juce_graphics/juce_graphics.h:67:
In file included from /Users/larryseyer/AudioDevelopment/OTTO/JUCE/modules/juce_core/juce_core.h:342:
/Users/larryseyer/AudioDevelopment/OTTO/JUCE/modules/juce_core/threads/juce_Process.h:122:8: warning: 'JUCE_WINDOWS' is not defined, evaluates to 0 [-Wundef]
  122 |    #if JUCE_WINDOWS || DOXYGEN
      |        ^
/Users/larryseyer/AudioDevelopment/OTTO/JUCE/modules/juce_core/threads/juce_Process.h:122:24: warning: 'DOXYGEN' is not defined, evaluates to 0 [-Wundef]
  122 |    #if JUCE_WINDOWS || DOXYGEN
      |                        ^
In file included from /Users/larryseyer/AudioDevelopment/OTTO/Source/UI/Visualizations/SpectrumAnalyzer.cpp:1:
In file included from /Users/larryseyer/AudioDevelopment/OTTO/Source/UI/Visualizations/SpectrumAnalyzer.h:4:
In file included from /Users/larryseyer/AudioDevelopment/OTTO/Builds/MacOSX/CMake-Release/OTTO_artefacts/JuceLibraryCode/JuceHeader.h:14:
In file included from /Users/larryseyer/AudioDevelopment/OTTO/JUCE/modules/juce_audio_plugin_client/juce_audio_plugin_client.h:63:
In file included from /Users/larryseyer/AudioDevelopment/OTTO/JUCE/modules/juce_gui_basics/juce_gui_basics.h:68:
In file included from /Users/larryseyer/AudioDevelopment/OTTO/JUCE/modules/juce_graphics/juce_graphics.h:67:
In file included from /Users/larryseyer/AudioDevelopment/OTTO/JUCE/modules/juce_core/juce_core.h:345:
/Users/larryseyer/AudioDevelopment/OTTO/JUCE/modules/juce_core/threads/juce_Thread.h:526:8: warning: 'JUCE_ANDROID' is not defined, evaluates to 0 [-Wundef]
  526 |    #if JUCE_ANDROID || DOXYGEN
      |        ^
/Users/larryseyer/AudioDevelopment/OTTO/JUCE/modules/juce_core/threads/juce_Thread.h:526:24: warning: 'DOXYGEN' is not defined, evaluates to 0 [-Wundef]
  526 |    #if JUCE_ANDROID || DOXYGEN
      |                        ^
/Users/larryseyer/AudioDevelopment/OTTO/JUCE/modules/juce_core/threads/juce_Thread.h:607:8: warning: 'JUCE_ANDROID' is not defined, evaluates to 0 [-Wundef]
  607 |    #if JUCE_ANDROID || JUCE_LINUX || JUCE_BSD
      |        ^
/Users/larryseyer/AudioDevelopment/OTTO/JUCE/modules/juce_core/threads/juce_Thread.h:607:24: warning: 'JUCE_LINUX' is not defined, evaluates to 0 [-Wundef]
  607 |    #if JUCE_ANDROID || JUCE_LINUX || JUCE_BSD
      |                        ^
/Users/larryseyer/AudioDevelopment/OTTO/JUCE/modules/juce_core/threads/juce_Thread.h:607:38: warning: 'JUCE_BSD' is not defined, evaluates to 0 [-Wundef]
  607 |    #if JUCE_ANDROID || JUCE_LINUX || JUCE_BSD
      |                                      ^
In file included from /Users/larryseyer/AudioDevelopment/OTTO/Source/UI/Visualizations/SpectrumAnalyzer.cpp:1:
In file included from /Users/larryseyer/AudioDevelopment/OTTO/Source/UI/Visualizations/SpectrumAnalyzer.h:4:
In file included from /Users/larryseyer/AudioDevelopment/OTTO/Builds/MacOSX/CMake-Release/OTTO_artefacts/JuceLibraryCode/JuceHeader.h:14:
In file included from /Users/larryseyer/AudioDevelopment/OTTO/JUCE/modules/juce_audio_plugin_client/juce_audio_plugin_client.h:63:
In file included from /Users/larryseyer/AudioDevelopment/OTTO/JUCE/modules/juce_gui_basics/juce_gui_basics.h:68:
In file included from /Users/larryseyer/AudioDevelopment/OTTO/JUCE/modules/juce_graphics/juce_graphics.h:67:
In file included from /Users/larryseyer/AudioDevelopment/OTTO/JUCE/modules/juce_core/juce_core.h:357:
/Users/larryseyer/AudioDevelopment/OTTO/JUCE/modules/juce_core/network/juce_URL.h:567:12: warning: 'JUCE_IOS' is not defined, evaluates to 0 [-Wundef]
  567 |        #if JUCE_IOS
      |            ^
/Users/larryseyer/AudioDevelopment/OTTO/JUCE/modules/juce_core/network/juce_URL.h:708:8: warning: 'JUCE_IOS' is not defined, evaluates to 0 [-Wundef]
  708 |    #if JUCE_IOS
      |        ^
In file included from /Users/larryseyer/AudioDevelopment/OTTO/Source/UI/Visualizations/SpectrumAnalyzer.cpp:1:
In file included from /Users/larryseyer/AudioDevelopment/OTTO/Source/UI/Visualizations/SpectrumAnalyzer.h:4:
In file included from /Users/larryseyer/AudioDevelopment/OTTO/Builds/MacOSX/CMake-Release/OTTO_artefacts/JuceLibraryCode/JuceHeader.h:14:
In file included from /Users/larryseyer/AudioDevelopment/OTTO/JUCE/modules/juce_audio_plugin_client/juce_audio_plugin_client.h:63:
In file included from /Users/larryseyer/AudioDevelopment/OTTO/JUCE/modules/juce_gui_basics/juce_gui_basics.h:68:
In file included from /Users/larryseyer/AudioDevelopment/OTTO/JUCE/modules/juce_graphics/juce_graphics.h:67:
In file included from /Users/larryseyer/AudioDevelopment/OTTO/JUCE/modules/juce_core/juce_core.h:366:
/Users/larryseyer/AudioDevelopment/OTTO/JUCE/modules/juce_core/zip/juce_ZipFile.h:280:8: warning: 'JUCE_DEBUG' is not defined, evaluates to 0 [-Wundef]
  280 |    #if JUCE_DEBUG
      |        ^
In file included from /Users/larryseyer/AudioDevelopment/OTTO/Source/UI/Visualizations/SpectrumAnalyzer.cpp:1:
In file included from /Users/larryseyer/AudioDevelopment/OTTO/Source/UI/Visualizations/SpectrumAnalyzer.h:4:
In file included from /Users/larryseyer/AudioDevelopment/OTTO/Builds/MacOSX/CMake-Release/OTTO_artefacts/JuceLibraryCode/JuceHeader.h:14:
In file included from /Users/larryseyer/AudioDevelopment/OTTO/JUCE/modules/juce_audio_plugin_client/juce_audio_plugin_client.h:63:
In file included from /Users/larryseyer/AudioDevelopment/OTTO/JUCE/modules/juce_gui_basics/juce_gui_basics.h:68:
In file included from /Users/larryseyer/AudioDevelopment/OTTO/JUCE/modules/juce_graphics/juce_graphics.h:67:
/Users/larryseyer/AudioDevelopment/OTTO/JUCE/modules/juce_core/juce_core.h:378:5: warning: 'JUCE_CORE_INCLUDE_OBJC_HELPERS' is not defined, evaluates to 0 [-Wundef]
  378 | #if JUCE_CORE_INCLUDE_OBJC_HELPERS && (JUCE_MAC || JUCE_IOS)
      |     ^
/Users/larryseyer/AudioDevelopment/OTTO/JUCE/modules/juce_core/juce_core.h:383:5: warning: 'JUCE_CORE_INCLUDE_COM_SMART_PTR' is not defined, evaluates to 0 [-Wundef]
  383 | #if JUCE_CORE_INCLUDE_COM_SMART_PTR && JUCE_WINDOWS
      |     ^
/Users/larryseyer/AudioDevelopment/OTTO/JUCE/modules/juce_core/juce_core.h:387:5: warning: 'JUCE_CORE_INCLUDE_JNI_HELPERS' is not defined, evaluates to 0 [-Wundef]
  387 | #if JUCE_CORE_INCLUDE_JNI_HELPERS && JUCE_ANDROID
      |     ^
/Users/larryseyer/AudioDevelopment/OTTO/JUCE/modules/juce_core/juce_core.h:392:5: warning: 'JUCE_UNIT_TESTS' is not defined, evaluates to 0 [-Wundef]
  392 | #if JUCE_UNIT_TESTS
      |     ^
/Users/larryseyer/AudioDevelopment/OTTO/JUCE/modules/juce_core/juce_core.h:407:6: warning: 'JUCE_DEBUG' is not defined, evaluates to 0 [-Wundef]
  407 |  #if JUCE_DEBUG
      |      ^
In file included from /Users/larryseyer/AudioDevelopment/OTTO/Source/UI/Visualizations/SpectrumAnalyzer.cpp:1:
In file included from /Users/larryseyer/AudioDevelopment/OTTO/Source/UI/Visualizations/SpectrumAnalyzer.h:4:
In file included from /Users/larryseyer/AudioDevelopment/OTTO/Builds/MacOSX/CMake-Release/OTTO_artefacts/JuceLibraryCode/JuceHeader.h:14:
In file included from /Users/larryseyer/AudioDevelopment/OTTO/JUCE/modules/juce_audio_plugin_client/juce_audio_plugin_client.h:63:
In file included from /Users/larryseyer/AudioDevelopment/OTTO/JUCE/modules/juce_gui_basics/juce_gui_basics.h:68:
In file included from /Users/larryseyer/AudioDevelopment/OTTO/JUCE/modules/juce_graphics/juce_graphics.h:68:
/Users/larryseyer/AudioDevelopment/OTTO/JUCE/modules/juce_events/juce_events.h:75:5: warning: 'JUCE_WINDOWS' is not defined, evaluates to 0 [-Wundef]
   75 | #if JUCE_WINDOWS && JUCE_EVENTS_INCLUDE_WINRT_WRAPPER
      |     ^
In file included from /Users/larryseyer/AudioDevelopment/OTTO/Source/UI/Visualizations/SpectrumAnalyzer.cpp:1:
In file included from /Users/larryseyer/AudioDevelopment/OTTO/Source/UI/Visualizations/SpectrumAnalyzer.h:4:
In file included from /Users/larryseyer/AudioDevelopment/OTTO/Builds/MacOSX/CMake-Release/OTTO_artefacts/JuceLibraryCode/JuceHeader.h:14:
In file included from /Users/larryseyer/AudioDevelopment/OTTO/JUCE/modules/juce_audio_plugin_client/juce_audio_plugin_client.h:63:
In file included from /Users/larryseyer/AudioDevelopment/OTTO/JUCE/modules/juce_gui_basics/juce_gui_basics.h:68:
In file included from /Users/larryseyer/AudioDevelopment/OTTO/JUCE/modules/juce_graphics/juce_graphics.h:68:
In file included from /Users/larryseyer/AudioDevelopment/OTTO/JUCE/modules/juce_events/juce_events.h:91:
/Users/larryseyer/AudioDevelopment/OTTO/JUCE/modules/juce_events/messages/juce_ApplicationBase.h:300:8: warning: 'JUCE_IOS' is not defined, evaluates to 0 [-Wundef]
  300 |    #if JUCE_IOS
      |        ^
/Users/larryseyer/AudioDevelopment/OTTO/JUCE/modules/juce_events/messages/juce_ApplicationBase.h:324:40: warning: 'DOXYGEN' is not defined, evaluates to 0 [-Wundef]
  324 | #if JUCE_CATCH_UNHANDLED_EXCEPTIONS || DOXYGEN
      |                                        ^
In file included from /Users/larryseyer/AudioDevelopment/OTTO/Source/UI/Visualizations/SpectrumAnalyzer.cpp:1:
In file included from /Users/larryseyer/AudioDevelopment/OTTO/Source/UI/Visualizations/SpectrumAnalyzer.h:4:
In file included from /Users/larryseyer/AudioDevelopment/OTTO/Builds/MacOSX/CMake-Release/OTTO_artefacts/JuceLibraryCode/JuceHeader.h:14:
In file included from /Users/larryseyer/AudioDevelopment/OTTO/JUCE/modules/juce_audio_plugin_client/juce_audio_plugin_client.h:63:
In file included from /Users/larryseyer/AudioDevelopment/OTTO/JUCE/modules/juce_gui_basics/juce_gui_basics.h:68:
In file included from /Users/larryseyer/AudioDevelopment/OTTO/JUCE/modules/juce_graphics/juce_graphics.h:68:
In file included from /Users/larryseyer/AudioDevelopment/OTTO/JUCE/modules/juce_events/juce_events.h:92:
/Users/larryseyer/AudioDevelopment/OTTO/JUCE/modules/juce_events/messages/juce_Initialisation.h:102:5: warning: 'DOXYGEN' is not defined, evaluates to 0 [-Wundef]
  102 | #if DOXYGEN
      |     ^
/Users/larryseyer/AudioDevelopment/OTTO/JUCE/modules/juce_events/messages/juce_Initialisation.h:105:6: warning: 'JUCE_WINDOWS' is not defined, evaluates to 0 [-Wundef]
  105 |  #if JUCE_WINDOWS && ! defined (_CONSOLE)
      |      ^
/Users/larryseyer/AudioDevelopment/OTTO/JUCE/modules/juce_events/messages/juce_Initialisation.h:116:6: warning: 'JUCE_IOS' is not defined, evaluates to 0 [-Wundef]
  116 |  #if JUCE_IOS
      |      ^
/Users/larryseyer/AudioDevelopment/OTTO/JUCE/modules/juce_events/messages/juce_Initialisation.h:138:8: warning: 'JUCE_ANDROID' is not defined, evaluates to 0 [-Wundef]
  138 |  #elif JUCE_ANDROID
      |        ^
/Users/larryseyer/AudioDevelopment/OTTO/JUCE/modules/juce_events/messages/juce_Initialisation.h:161:7: warning: 'JUCE_USE_CUSTOM_PLUGIN_STANDALONE_APP' is not defined, evaluates to 0 [-Wundef]
  161 |   #if JUCE_USE_CUSTOM_PLUGIN_STANDALONE_APP
      |       ^
/Users/larryseyer/AudioDevelopment/OTTO/JUCE/modules/juce_events/messages/juce_Initialisation.h:168:8: warning: 'JUCE_IOS' is not defined, evaluates to 0 [-Wundef]
  168 |    #if JUCE_IOS
      |        ^
In file included from /Users/larryseyer/AudioDevelopment/OTTO/Source/UI/Visualizations/SpectrumAnalyzer.cpp:1:
In file included from /Users/larryseyer/AudioDevelopment/OTTO/Source/UI/Visualizations/SpectrumAnalyzer.h:4:
In file included from /Users/larryseyer/AudioDevelopment/OTTO/Builds/MacOSX/CMake-Release/OTTO_artefacts/JuceLibraryCode/JuceHeader.h:14:
In file included from /Users/larryseyer/AudioDevelopment/OTTO/JUCE/modules/juce_audio_plugin_client/juce_audio_plugin_client.h:63:
In file included from /Users/larryseyer/AudioDevelopment/OTTO/JUCE/modules/juce_gui_basics/juce_gui_basics.h:68:
In file included from /Users/larryseyer/AudioDevelopment/OTTO/JUCE/modules/juce_graphics/juce_graphics.h:68:
/Users/larryseyer/AudioDevelopment/OTTO/JUCE/modules/juce_events/juce_events.h:110:5: warning: 'JUCE_LINUX' is not defined, evaluates to 0 [-Wundef]
  110 | #if JUCE_LINUX || JUCE_BSD
      |     ^
/Users/larryseyer/AudioDevelopment/OTTO/JUCE/modules/juce_events/juce_events.h:110:19: warning: 'JUCE_BSD' is not defined, evaluates to 0 [-Wundef]
  110 | #if JUCE_LINUX || JUCE_BSD
      |                   ^
/Users/larryseyer/AudioDevelopment/OTTO/JUCE/modules/juce_events/juce_events.h:114:5: warning: 'JUCE_WINDOWS' is not defined, evaluates to 0 [-Wundef]
  114 | #if JUCE_WINDOWS
      |     ^
In file included from /Users/larryseyer/AudioDevelopment/OTTO/Source/UI/Visualizations/SpectrumAnalyzer.cpp:1:
In file included from /Users/larryseyer/AudioDevelopment/OTTO/Source/UI/Visualizations/SpectrumAnalyzer.h:4:
In file included from /Users/larryseyer/AudioDevelopment/OTTO/Builds/MacOSX/CMake-Release/OTTO_artefacts/JuceLibraryCode/JuceHeader.h:14:
In file included from /Users/larryseyer/AudioDevelopment/OTTO/JUCE/modules/juce_audio_plugin_client/juce_audio_plugin_client.h:63:
In file included from /Users/larryseyer/AudioDevelopment/OTTO/JUCE/modules/juce_gui_basics/juce_gui_basics.h:68:
In file included from /Users/larryseyer/AudioDevelopment/OTTO/JUCE/modules/juce_graphics/juce_graphics.h:122:
/Users/larryseyer/AudioDevelopment/OTTO/JUCE/modules/juce_graphics/colour/juce_PixelFormats.h:39:5: warning: 'JUCE_MSVC' is not defined, evaluates to 0 [-Wundef]
   39 | #if JUCE_MSVC
      |     ^
/Users/larryseyer/AudioDevelopment/OTTO/JUCE/modules/juce_graphics/colour/juce_PixelFormats.h:89:12: warning: 'JUCE_ANDROID' is not defined, evaluates to 0 [-Wundef]
   89 |        #if JUCE_ANDROID
      |            ^
/Users/larryseyer/AudioDevelopment/OTTO/JUCE/modules/juce_graphics/colour/juce_PixelFormats.h:100:12: warning: 'JUCE_BIG_ENDIAN' is not defined, evaluates to 0 [-Wundef]
  100 |        #if JUCE_BIG_ENDIAN
      |            ^
/Users/larryseyer/AudioDevelopment/OTTO/JUCE/modules/juce_graphics/colour/juce_PixelFormats.h:301:7: warning: 'JUCE_ANDROID' is not defined, evaluates to 0 [-Wundef]
  301 |   #if JUCE_ANDROID
      |       ^
/Users/larryseyer/AudioDevelopment/OTTO/JUCE/modules/juce_graphics/colour/juce_PixelFormats.h:308:8: warning: 'JUCE_BIG_ENDIAN' is not defined, evaluates to 0 [-Wundef]
  308 |    #if JUCE_BIG_ENDIAN
      |        ^
/Users/larryseyer/AudioDevelopment/OTTO/JUCE/modules/juce_graphics/colour/juce_PixelFormats.h:325:11: warning: 'JUCE_ANDROID' is not defined, evaluates to 0 [-Wundef]
  325 |       #if JUCE_ANDROID
      |           ^
/Users/larryseyer/AudioDevelopment/OTTO/JUCE/modules/juce_graphics/colour/juce_PixelFormats.h:332:12: warning: 'JUCE_BIG_ENDIAN' is not defined, evaluates to 0 [-Wundef]
  332 |        #if JUCE_BIG_ENDIAN
      |            ^
/Users/larryseyer/AudioDevelopment/OTTO/JUCE/modules/juce_graphics/colour/juce_PixelFormats.h:375:12: warning: 'JUCE_ANDROID' is not defined, evaluates to 0 [-Wundef]
  375 |        #if JUCE_ANDROID
      |            ^
/Users/larryseyer/AudioDevelopment/OTTO/JUCE/modules/juce_graphics/colour/juce_PixelFormats.h:386:12: warning: 'JUCE_ANDROID' is not defined, evaluates to 0 [-Wundef]
  386 |        #if JUCE_ANDROID
      |            ^
/Users/larryseyer/AudioDevelopment/OTTO/JUCE/modules/juce_graphics/colour/juce_PixelFormats.h:397:12: warning: 'JUCE_BIG_ENDIAN' is not defined, evaluates to 0 [-Wundef]
  397 |        #if JUCE_BIG_ENDIAN
      |            ^
/Users/larryseyer/AudioDevelopment/OTTO/JUCE/modules/juce_graphics/colour/juce_PixelFormats.h:411:12: warning: 'JUCE_ANDROID' is not defined, evaluates to 0 [-Wundef]
  411 |        #if JUCE_ANDROID
      |            ^
/Users/larryseyer/AudioDevelopment/OTTO/JUCE/modules/juce_graphics/colour/juce_PixelFormats.h:472:12: warning: 'JUCE_ANDROID' is not defined, evaluates to 0 [-Wundef]
  472 |        #if JUCE_ANDROID
      |            ^
/Users/larryseyer/AudioDevelopment/OTTO/JUCE/modules/juce_graphics/colour/juce_PixelFormats.h:504:12: warning: 'JUCE_ANDROID' is not defined, evaluates to 0 [-Wundef]
  504 |        #if JUCE_ANDROID
      |            ^
/Users/larryseyer/AudioDevelopment/OTTO/JUCE/modules/juce_graphics/colour/juce_PixelFormats.h:527:12: warning: 'JUCE_ANDROID' is not defined, evaluates to 0 [-Wundef]
  527 |        #if JUCE_ANDROID
      |            ^
/Users/larryseyer/AudioDevelopment/OTTO/JUCE/modules/juce_graphics/colour/juce_PixelFormats.h:569:11: warning: 'JUCE_ANDROID' is not defined, evaluates to 0 [-Wundef]
  569 |       #if JUCE_ANDROID
      |           ^
/Users/larryseyer/AudioDevelopment/OTTO/JUCE/modules/juce_graphics/colour/juce_PixelFormats.h:745:5: warning: 'JUCE_MSVC' is not defined, evaluates to 0 [-Wundef]
  745 | #if JUCE_MSVC
      |     ^
In file included from /Users/larryseyer/AudioDevelopment/OTTO/Source/UI/Visualizations/SpectrumAnalyzer.cpp:1:
In file included from /Users/larryseyer/AudioDevelopment/OTTO/Source/UI/Visualizations/SpectrumAnalyzer.h:4:
In file included from /Users/larryseyer/AudioDevelopment/OTTO/Builds/MacOSX/CMake-Release/OTTO_artefacts/JuceLibraryCode/JuceHeader.h:14:
In file included from /Users/larryseyer/AudioDevelopment/OTTO/JUCE/modules/juce_audio_plugin_client/juce_audio_plugin_client.h:63:
In file included from /Users/larryseyer/AudioDevelopment/OTTO/JUCE/modules/juce_gui_basics/juce_gui_basics.h:68:
In file included from /Users/larryseyer/AudioDevelopment/OTTO/JUCE/modules/juce_graphics/juce_graphics.h:141:
/Users/larryseyer/AudioDevelopment/OTTO/JUCE/modules/juce_graphics/detail/juce_Ranges.h:114:12: warning: 'JUCE_DEBUG' is not defined, evaluates to 0 [-Wundef]
  114 |        #if JUCE_DEBUG
      |            ^
In file included from /Users/larryseyer/AudioDevelopment/OTTO/Source/UI/Visualizations/SpectrumAnalyzer.cpp:1:
In file included from /Users/larryseyer/AudioDevelopment/OTTO/Source/UI/Visualizations/SpectrumAnalyzer.h:4:
In file included from /Users/larryseyer/AudioDevelopment/OTTO/Builds/MacOSX/CMake-Release/OTTO_artefacts/JuceLibraryCode/JuceHeader.h:14:
In file included from /Users/larryseyer/AudioDevelopment/OTTO/JUCE/modules/juce_audio_plugin_client/juce_audio_plugin_client.h:63:
In file included from /Users/larryseyer/AudioDevelopment/OTTO/JUCE/modules/juce_gui_basics/juce_gui_basics.h:68:
In file included from /Users/larryseyer/AudioDevelopment/OTTO/JUCE/modules/juce_graphics/juce_graphics.h:150:
/Users/larryseyer/AudioDevelopment/OTTO/JUCE/modules/juce_graphics/native/juce_RenderingHelpers.h:389:30: warning: implicit conversion increases floating-point precision: 'float' to 'double' [-Wdouble-promotion]
  389 |                 grad = (p2.y - p1.y) / (double) (p1.x - p2.x);
      |                         ~~~~~^~~~~~  ~
/Users/larryseyer/AudioDevelopment/OTTO/JUCE/modules/juce_graphics/native/juce_RenderingHelpers.h:390:36: warning: implicit conversion increases floating-point precision: 'float' to 'double' [-Wdouble-promotion]
  390 |                 yTerm = p1.y - (p1.x / grad);
      |                                 ~~~^ ~
/Users/larryseyer/AudioDevelopment/OTTO/JUCE/modules/juce_graphics/native/juce_RenderingHelpers.h:390:28: warning: implicit conversion increases floating-point precision: 'float' to 'double' [-Wdouble-promotion]
  390 |                 yTerm = p1.y - (p1.x / grad);
      |                         ~~~^ ~
/Users/larryseyer/AudioDevelopment/OTTO/JUCE/modules/juce_graphics/native/juce_RenderingHelpers.h:391:127: warning: implicit conversion increases floating-point precision: 'float' to 'double' [-Wdouble-promotion]
  391 |                 scale = roundToInt ((double) ((int64_t) numEntries << (int) numScaleBits) / (yTerm * grad - (p2.y * grad - p2.x)));
      |                                                                                                                          ~ ~~~^
/Users/larryseyer/AudioDevelopment/OTTO/JUCE/modules/juce_graphics/native/juce_RenderingHelpers.h:391:113: warning: implicit conversion increases floating-point precision: 'float' to 'double' [-Wdouble-promotion]
  391 |                 scale = roundToInt ((double) ((int64_t) numEntries << (int) numScaleBits) / (yTerm * grad - (p2.y * grad - p2.x)));
      |                                                                                                              ~~~^ ~
/Users/larryseyer/AudioDevelopment/OTTO/JUCE/modules/juce_graphics/native/juce_RenderingHelpers.h:429:36: warning: implicit conversion increases floating-point precision: 'const float' to 'const double' [-Wdouble-promotion]
  429 |               gx1 (gradient.point1.x),
      |                   ~~~~~~~~~~~~~~~~~^
/Users/larryseyer/AudioDevelopment/OTTO/JUCE/modules/juce_graphics/native/juce_RenderingHelpers.h:430:36: warning: implicit conversion increases floating-point precision: 'const float' to 'const double' [-Wdouble-promotion]
  430 |               gy1 (gradient.point1.y)
      |                   ~~~~~~~~~~~~~~~~~^
/Users/larryseyer/AudioDevelopment/OTTO/JUCE/modules/juce_graphics/native/juce_RenderingHelpers.h:434:39: warning: implicit conversion increases floating-point precision: 'float' to 'double' [-Wdouble-promotion]
  434 |             maxDist = diff.x * diff.x + diff.y * diff.y;
      |                     ~ ~~~~~~~~~~~~~~~~^~~~~~~~~~~~~~~~~
/Users/larryseyer/AudioDevelopment/OTTO/JUCE/modules/juce_graphics/native/juce_RenderingHelpers.h:471:37: warning: implicit conversion increases floating-point precision: 'const float' to 'double' [-Wdouble-promotion]
  471 |             tM10 = inverseTransform.mat10;
      |                  ~ ~~~~~~~~~~~~~~~~~^~~~~
/Users/larryseyer/AudioDevelopment/OTTO/JUCE/modules/juce_graphics/native/juce_RenderingHelpers.h:472:37: warning: implicit conversion increases floating-point precision: 'const float' to 'double' [-Wdouble-promotion]
  472 |             tM00 = inverseTransform.mat00;
      |                  ~ ~~~~~~~~~~~~~~~~~^~~~~
/Users/larryseyer/AudioDevelopment/OTTO/JUCE/modules/juce_graphics/native/juce_RenderingHelpers.h:478:56: warning: implicit conversion increases floating-point precision: 'float' to 'double' [-Wdouble-promotion]
  478 |             lineYM01 = inverseTransform.mat01 * floatY + inverseTransform.mat02 - gx1;
      |                        ~~~~~~~~~~~~~~~~~~~~~~~~~~~~~~~~^~~~~~~~~~~~~~~~~~~~~~~~ ~
/Users/larryseyer/AudioDevelopment/OTTO/JUCE/modules/juce_graphics/native/juce_RenderingHelpers.h:479:56: warning: implicit conversion increases floating-point precision: 'float' to 'double' [-Wdouble-promotion]
  479 |             lineYM11 = inverseTransform.mat11 * floatY + inverseTransform.mat12 - gy1;
      |                        ~~~~~~~~~~~~~~~~~~~~~~~~~~~~~~~~^~~~~~~~~~~~~~~~~~~~~~~~ ~
In file included from /Users/larryseyer/AudioDevelopment/OTTO/Source/UI/Visualizations/SpectrumAnalyzer.cpp:1:
In file included from /Users/larryseyer/AudioDevelopment/OTTO/Source/UI/Visualizations/SpectrumAnalyzer.h:4:
In file included from /Users/larryseyer/AudioDevelopment/OTTO/Builds/MacOSX/CMake-Release/OTTO_artefacts/JuceLibraryCode/JuceHeader.h:14:
In file included from /Users/larryseyer/AudioDevelopment/OTTO/JUCE/modules/juce_audio_plugin_client/juce_audio_plugin_client.h:63:
In file included from /Users/larryseyer/AudioDevelopment/OTTO/JUCE/modules/juce_gui_basics/juce_gui_basics.h:68:
/Users/larryseyer/AudioDevelopment/OTTO/JUCE/modules/juce_graphics/juce_graphics.h:157:5: warning: 'JUCE_GRAPHICS_INCLUDE_COREGRAPHICS_HELPERS' is not defined, evaluates to 0 [-Wundef]
  157 | #if JUCE_GRAPHICS_INCLUDE_COREGRAPHICS_HELPERS && (JUCE_MAC || JUCE_IOS)
      |     ^
In file included from /Users/larryseyer/AudioDevelopment/OTTO/Source/UI/Visualizations/SpectrumAnalyzer.cpp:1:
In file included from /Users/larryseyer/AudioDevelopment/OTTO/Source/UI/Visualizations/SpectrumAnalyzer.h:4:
In file included from /Users/larryseyer/AudioDevelopment/OTTO/Builds/MacOSX/CMake-Release/OTTO_artefacts/JuceLibraryCode/JuceHeader.h:14:
In file included from /Users/larryseyer/AudioDevelopment/OTTO/JUCE/modules/juce_audio_plugin_client/juce_audio_plugin_client.h:63:
In file included from /Users/larryseyer/AudioDevelopment/OTTO/JUCE/modules/juce_gui_basics/juce_gui_basics.h:205:
/Users/larryseyer/AudioDevelopment/OTTO/JUCE/modules/juce_gui_basics/components/juce_Component.h:2701:12: warning: 'JUCE_DEBUG' is not defined, evaluates to 0 [-Wundef]
 2701 |        #if JUCE_DEBUG
      |            ^
In file included from /Users/larryseyer/AudioDevelopment/OTTO/Source/UI/Visualizations/SpectrumAnalyzer.cpp:1:
In file included from /Users/larryseyer/AudioDevelopment/OTTO/Source/UI/Visualizations/SpectrumAnalyzer.h:4:
In file included from /Users/larryseyer/AudioDevelopment/OTTO/Builds/MacOSX/CMake-Release/OTTO_artefacts/JuceLibraryCode/JuceHeader.h:14:
In file included from /Users/larryseyer/AudioDevelopment/OTTO/JUCE/modules/juce_audio_plugin_client/juce_audio_plugin_client.h:63:
In file included from /Users/larryseyer/AudioDevelopment/OTTO/JUCE/modules/juce_gui_basics/juce_gui_basics.h:239:
/Users/larryseyer/AudioDevelopment/OTTO/JUCE/modules/juce_gui_basics/layout/juce_ComponentBuilder.h:243:8: warning: 'JUCE_DEBUG' is not defined, evaluates to 0 [-Wundef]
  243 |    #if JUCE_DEBUG
      |        ^
In file included from /Users/larryseyer/AudioDevelopment/OTTO/Source/UI/Visualizations/SpectrumAnalyzer.cpp:1:
In file included from /Users/larryseyer/AudioDevelopment/OTTO/Source/UI/Visualizations/SpectrumAnalyzer.h:4:
In file included from /Users/larryseyer/AudioDevelopment/OTTO/Builds/MacOSX/CMake-Release/OTTO_artefacts/JuceLibraryCode/JuceHeader.h:14:
In file included from /Users/larryseyer/AudioDevelopment/OTTO/JUCE/modules/juce_audio_plugin_client/juce_audio_plugin_client.h:63:
In file included from /Users/larryseyer/AudioDevelopment/OTTO/JUCE/modules/juce_gui_basics/juce_gui_basics.h:283:
/Users/larryseyer/AudioDevelopment/OTTO/JUCE/modules/juce_gui_basics/widgets/juce_ListBox.h:182:10: warning: 'JUCE_DISABLE_ASSERTIONS' is not defined, evaluates to 0 [-Wundef]
  182 |    #if ! JUCE_DISABLE_ASSERTIONS
      |          ^
/Users/larryseyer/AudioDevelopment/OTTO/JUCE/modules/juce_gui_basics/widgets/juce_ListBox.h:235:14: warning: 'JUCE_DISABLE_ASSERTIONS' is not defined, evaluates to 0 [-Wundef]
  235 |        #if ! JUCE_DISABLE_ASSERTIONS
      |              ^
/Users/larryseyer/AudioDevelopment/OTTO/JUCE/modules/juce_gui_basics/widgets/juce_ListBox.h:643:10: warning: 'JUCE_DISABLE_ASSERTIONS' is not defined, evaluates to 0 [-Wundef]
  643 |    #if ! JUCE_DISABLE_ASSERTIONS
      |          ^
In file included from /Users/larryseyer/AudioDevelopment/OTTO/Source/UI/Visualizations/SpectrumAnalyzer.cpp:1:
In file included from /Users/larryseyer/AudioDevelopment/OTTO/Source/UI/Visualizations/SpectrumAnalyzer.h:4:
In file included from /Users/larryseyer/AudioDevelopment/OTTO/Builds/MacOSX/CMake-Release/OTTO_artefacts/JuceLibraryCode/JuceHeader.h:14:
In file included from /Users/larryseyer/AudioDevelopment/OTTO/JUCE/modules/juce_audio_plugin_client/juce_audio_plugin_client.h:63:
In file included from /Users/larryseyer/AudioDevelopment/OTTO/JUCE/modules/juce_gui_basics/juce_gui_basics.h:302:
/Users/larryseyer/AudioDevelopment/OTTO/JUCE/modules/juce_gui_basics/windows/juce_ComponentPeer.h:310:8: warning: 'JUCE_LINUX' is not defined, evaluates to 0 [-Wundef]
  310 |    #if JUCE_LINUX || JUCE_BSD
      |        ^
/Users/larryseyer/AudioDevelopment/OTTO/JUCE/modules/juce_gui_basics/windows/juce_ComponentPeer.h:310:22: warning: 'JUCE_BSD' is not defined, evaluates to 0 [-Wundef]
  310 |    #if JUCE_LINUX || JUCE_BSD
      |                      ^
In file included from /Users/larryseyer/AudioDevelopment/OTTO/Source/UI/Visualizations/SpectrumAnalyzer.cpp:1:
In file included from /Users/larryseyer/AudioDevelopment/OTTO/Source/UI/Visualizations/SpectrumAnalyzer.h:4:
In file included from /Users/larryseyer/AudioDevelopment/OTTO/Builds/MacOSX/CMake-Release/OTTO_artefacts/JuceLibraryCode/JuceHeader.h:14:
In file included from /Users/larryseyer/AudioDevelopment/OTTO/JUCE/modules/juce_audio_plugin_client/juce_audio_plugin_client.h:63:
In file included from /Users/larryseyer/AudioDevelopment/OTTO/JUCE/modules/juce_gui_basics/juce_gui_basics.h:303:
/Users/larryseyer/AudioDevelopment/OTTO/JUCE/modules/juce_gui_basics/windows/juce_ResizableWindow.h:376:8: warning: 'JUCE_DEBUG' is not defined, evaluates to 0 [-Wundef]
  376 |    #if JUCE_DEBUG
      |        ^
/Users/larryseyer/AudioDevelopment/OTTO/JUCE/modules/juce_gui_basics/windows/juce_ResizableWindow.h:414:8: warning: 'JUCE_DEBUG' is not defined, evaluates to 0 [-Wundef]
  414 |    #if JUCE_DEBUG
      |        ^
In file included from /Users/larryseyer/AudioDevelopment/OTTO/Source/UI/Visualizations/SpectrumAnalyzer.cpp:1:
In file included from /Users/larryseyer/AudioDevelopment/OTTO/Source/UI/Visualizations/SpectrumAnalyzer.h:4:
In file included from /Users/larryseyer/AudioDevelopment/OTTO/Builds/MacOSX/CMake-Release/OTTO_artefacts/JuceLibraryCode/JuceHeader.h:14:
In file included from /Users/larryseyer/AudioDevelopment/OTTO/JUCE/modules/juce_audio_plugin_client/juce_audio_plugin_client.h:63:
In file included from /Users/larryseyer/AudioDevelopment/OTTO/JUCE/modules/juce_gui_basics/juce_gui_basics.h:335:
/Users/larryseyer/AudioDevelopment/OTTO/JUCE/modules/juce_gui_basics/application/juce_Application.h:125:8: warning: 'DOXYGEN' is not defined, evaluates to 0 [-Wundef]
  125 |    #if DOXYGEN
      |        ^
In file included from /Users/larryseyer/AudioDevelopment/OTTO/Source/UI/Visualizations/SpectrumAnalyzer.cpp:1:
In file included from /Users/larryseyer/AudioDevelopment/OTTO/Source/UI/Visualizations/SpectrumAnalyzer.h:4:
In file included from /Users/larryseyer/AudioDevelopment/OTTO/Builds/MacOSX/CMake-Release/OTTO_artefacts/JuceLibraryCode/JuceHeader.h:14:
In file included from /Users/larryseyer/AudioDevelopment/OTTO/JUCE/modules/juce_audio_plugin_client/juce_audio_plugin_client.h:63:
/Users/larryseyer/AudioDevelopment/OTTO/JUCE/modules/juce_gui_basics/juce_gui_basics.h:344:5: warning: 'JUCE_LINUX' is not defined, evaluates to 0 [-Wundef]
  344 | #if JUCE_LINUX || JUCE_BSD
      |     ^
/Users/larryseyer/AudioDevelopment/OTTO/JUCE/modules/juce_gui_basics/juce_gui_basics.h:344:19: warning: 'JUCE_BSD' is not defined, evaluates to 0 [-Wundef]
  344 | #if JUCE_LINUX || JUCE_BSD
      |                   ^
/Users/larryseyer/AudioDevelopment/OTTO/JUCE/modules/juce_gui_basics/juce_gui_basics.h:394:5: warning: 'JUCE_GUI_BASICS_INCLUDE_SCOPED_THREAD_DPI_AWARENESS_SETTER' is not defined, evaluates to 0 [-Wundef]
  394 | #if JUCE_GUI_BASICS_INCLUDE_SCOPED_THREAD_DPI_AWARENESS_SETTER && JUCE_WINDOWS
      |     ^
In file included from /Users/larryseyer/AudioDevelopment/OTTO/Source/UI/Visualizations/SpectrumAnalyzer.cpp:1:
In file included from /Users/larryseyer/AudioDevelopment/OTTO/Source/UI/Visualizations/SpectrumAnalyzer.h:4:
In file included from /Users/larryseyer/AudioDevelopment/OTTO/Builds/MacOSX/CMake-Release/OTTO_artefacts/JuceLibraryCode/JuceHeader.h:14:
In file included from /Users/larryseyer/AudioDevelopment/OTTO/JUCE/modules/juce_audio_plugin_client/juce_audio_plugin_client.h:64:
/Users/larryseyer/AudioDevelopment/OTTO/JUCE/modules/juce_audio_basics/juce_audio_basics.h:77:7: warning: 'JUCE_INTEL' is not defined, evaluates to 0 [-Wundef]
   77 | #if ! JUCE_INTEL
      |       ^
/Users/larryseyer/AudioDevelopment/OTTO/JUCE/modules/juce_audio_basics/juce_audio_basics.h:81:24: warning: 'JUCE_USE_VDSP_FRAMEWORK' is not defined, evaluates to 0 [-Wundef]
   81 | #if __ARM_NEON__ && ! (JUCE_USE_VDSP_FRAMEWORK || defined (JUCE_USE_ARM_NEON))
      |                        ^
In file included from /Users/larryseyer/AudioDevelopment/OTTO/Source/UI/Visualizations/SpectrumAnalyzer.cpp:1:
In file included from /Users/larryseyer/AudioDevelopment/OTTO/Source/UI/Visualizations/SpectrumAnalyzer.h:4:
In file included from /Users/larryseyer/AudioDevelopment/OTTO/Builds/MacOSX/CMake-Release/OTTO_artefacts/JuceLibraryCode/JuceHeader.h:14:
In file included from /Users/larryseyer/AudioDevelopment/OTTO/JUCE/modules/juce_audio_plugin_client/juce_audio_plugin_client.h:64:
In file included from /Users/larryseyer/AudioDevelopment/OTTO/JUCE/modules/juce_audio_basics/juce_audio_basics.h:93:
/Users/larryseyer/AudioDevelopment/OTTO/JUCE/modules/juce_audio_basics/buffers/juce_AudioDataConverters.h:103:9: warning: 'JUCE_BIG_ENDIAN' is not defined, evaluates to 0 [-Wundef]
  103 |     #if JUCE_BIG_ENDIAN
      |         ^
/Users/larryseyer/AudioDevelopment/OTTO/JUCE/modules/juce_audio_basics/buffers/juce_AudioDataConverters.h:263:12: warning: 'JUCE_BIG_ENDIAN' is not defined, evaluates to 0 [-Wundef]
  263 |        #if JUCE_BIG_ENDIAN
      |            ^
/Users/larryseyer/AudioDevelopment/OTTO/JUCE/modules/juce_audio_basics/buffers/juce_AudioDataConverters.h:119:135: warning: implicit conversion increases floating-point precision: 'float' to 'double' [-Wdouble-promotion]
  119 |         inline void setAsFloatLE (float newValue) noexcept      { *data = (int8) jlimit ((int) -maxValue, (int) maxValue, roundToInt (newValue * (1.0 + (double) maxValue))); }
      |                                                                                                                                       ^~~~~~~~ ~
/Users/larryseyer/AudioDevelopment/OTTO/JUCE/modules/juce_audio_basics/buffers/juce_AudioDataConverters.h:144:117: warning: implicit conversion increases floating-point precision: 'float' to 'double' [-Wdouble-promotion]
  144 |         inline void setAsFloatLE (float newValue) noexcept      { *data = (uint8) jlimit (0, 255, 128 + roundToInt (newValue * (1.0 + (double) maxValue))); }
      |                                                                                                                     ^~~~~~~~ ~
/Users/larryseyer/AudioDevelopment/OTTO/JUCE/modules/juce_audio_basics/buffers/juce_AudioDataConverters.h:169:168: warning: implicit conversion increases floating-point precision: 'float' to 'double' [-Wdouble-promotion]
  169 |         inline void setAsFloatLE (float newValue) noexcept      { *data = ByteOrder::swapIfBigEndian    ((uint16) jlimit ((int) -maxValue, (int) maxValue, roundToInt (newValue * (1.0 + (double) maxValue)))); }
      |                                                                                                                                                                        ^~~~~~~~ ~
/Users/larryseyer/AudioDevelopment/OTTO/JUCE/modules/juce_audio_basics/buffers/juce_AudioDataConverters.h:170:168: warning: implicit conversion increases floating-point precision: 'float' to 'double' [-Wdouble-promotion]
  170 |         inline void setAsFloatBE (float newValue) noexcept      { *data = ByteOrder::swapIfLittleEndian ((uint16) jlimit ((int) -maxValue, (int) maxValue, roundToInt (newValue * (1.0 + (double) maxValue)))); }
      |                                                                                                                                                                        ^~~~~~~~ ~
/Users/larryseyer/AudioDevelopment/OTTO/JUCE/modules/juce_audio_basics/buffers/juce_AudioDataConverters.h:194:157: warning: implicit conversion increases floating-point precision: 'float' to 'double' [-Wdouble-promotion]
  194 |         inline void setAsFloatLE (float newValue) noexcept      { ByteOrder::littleEndian24BitToChars (jlimit ((int) -maxValue, (int) maxValue, roundToInt (newValue * (1.0 + (double) maxValue))), data); }
      |                                                                                                                                                             ^~~~~~~~ ~
/Users/larryseyer/AudioDevelopment/OTTO/JUCE/modules/juce_audio_basics/buffers/juce_AudioDataConverters.h:195:157: warning: implicit conversion increases floating-point precision: 'float' to 'double' [-Wdouble-promotion]
  195 |         inline void setAsFloatBE (float newValue) noexcept      { ByteOrder::bigEndian24BitToChars (jlimit    ((int) -maxValue, (int) maxValue, roundToInt (newValue * (1.0 + (double) maxValue))), data); }
      |                                                                                                                                                             ^~~~~~~~ ~
In file included from /Users/larryseyer/AudioDevelopment/OTTO/Source/UI/Visualizations/SpectrumAnalyzer.cpp:1:
In file included from /Users/larryseyer/AudioDevelopment/OTTO/Source/UI/Visualizations/SpectrumAnalyzer.h:4:
In file included from /Users/larryseyer/AudioDevelopment/OTTO/Builds/MacOSX/CMake-Release/OTTO_artefacts/JuceLibraryCode/JuceHeader.h:14:
In file included from /Users/larryseyer/AudioDevelopment/OTTO/JUCE/modules/juce_audio_plugin_client/juce_audio_plugin_client.h:64:
In file included from /Users/larryseyer/AudioDevelopment/OTTO/JUCE/modules/juce_audio_basics/juce_audio_basics.h:95:
/Users/larryseyer/AudioDevelopment/OTTO/JUCE/modules/juce_audio_basics/buffers/juce_FloatVectorOperations.h:39:6: warning: 'JUCE_INTEL' is not defined, evaluates to 0 [-Wundef]
   39 |  #if JUCE_INTEL
      |      ^
/Users/larryseyer/AudioDevelopment/OTTO/JUCE/modules/juce_audio_basics/buffers/juce_FloatVectorOperations.h:153:7: warning: 'DOXYGEN' is not defined, evaluates to 0 [-Wundef]
  153 | #if ! DOXYGEN
      |       ^
/Users/larryseyer/AudioDevelopment/OTTO/JUCE/modules/juce_audio_basics/buffers/juce_FloatVectorOperations.h:237:7: warning: 'JUCE_USE_SSE_INTRINSICS' is not defined, evaluates to 0 [-Wundef]
  237 |   #if JUCE_USE_SSE_INTRINSICS || (JUCE_USE_ARM_NEON || (JUCE_64BIT && JUCE_ARM))
      |       ^
In file included from /Users/larryseyer/AudioDevelopment/OTTO/Source/UI/Visualizations/SpectrumAnalyzer.cpp:1:
In file included from /Users/larryseyer/AudioDevelopment/OTTO/Source/UI/Visualizations/SpectrumAnalyzer.h:4:
In file included from /Users/larryseyer/AudioDevelopment/OTTO/Builds/MacOSX/CMake-Release/OTTO_artefacts/JuceLibraryCode/JuceHeader.h:14:
In file included from /Users/larryseyer/AudioDevelopment/OTTO/JUCE/modules/juce_audio_plugin_client/juce_audio_plugin_client.h:64:
In file included from /Users/larryseyer/AudioDevelopment/OTTO/JUCE/modules/juce_audio_basics/juce_audio_basics.h:97:
/Users/larryseyer/AudioDevelopment/OTTO/JUCE/modules/juce_audio_basics/buffers/juce_AudioSampleBuffer.h:1155:15: warning: 'JUCE_GCC' is not defined, evaluates to 0 [-Wundef]
 1155 |        #if (! JUCE_GCC || (__GNUC__ * 100 + __GNUC_MINOR__) >= 409)
      |               ^
In file included from /Users/larryseyer/AudioDevelopment/OTTO/Source/UI/Visualizations/SpectrumAnalyzer.cpp:1:
In file included from /Users/larryseyer/AudioDevelopment/OTTO/Source/UI/Visualizations/SpectrumAnalyzer.h:4:
In file included from /Users/larryseyer/AudioDevelopment/OTTO/Builds/MacOSX/CMake-Release/OTTO_artefacts/JuceLibraryCode/JuceHeader.h:14:
In file included from /Users/larryseyer/AudioDevelopment/OTTO/JUCE/modules/juce_audio_plugin_client/juce_audio_plugin_client.h:64:
In file included from /Users/larryseyer/AudioDevelopment/OTTO/JUCE/modules/juce_audio_basics/juce_audio_basics.h:104:
/Users/larryseyer/AudioDevelopment/OTTO/JUCE/modules/juce_audio_basics/utilities/juce_SmoothedValue.h:421:5: warning: 'JUCE_UNIT_TESTS' is not defined, evaluates to 0 [-Wundef]
  421 | #if JUCE_UNIT_TESTS
      |     ^
In file included from /Users/larryseyer/AudioDevelopment/OTTO/Source/UI/Visualizations/SpectrumAnalyzer.cpp:1:
In file included from /Users/larryseyer/AudioDevelopment/OTTO/Source/UI/Visualizations/SpectrumAnalyzer.h:4:
In file included from /Users/larryseyer/AudioDevelopment/OTTO/Builds/MacOSX/CMake-Release/OTTO_artefacts/JuceLibraryCode/JuceHeader.h:14:
In file included from /Users/larryseyer/AudioDevelopment/OTTO/JUCE/modules/juce_audio_plugin_client/juce_audio_plugin_client.h:64:
In file included from /Users/larryseyer/AudioDevelopment/OTTO/JUCE/modules/juce_audio_basics/juce_audio_basics.h:106:
/Users/larryseyer/AudioDevelopment/OTTO/JUCE/modules/juce_audio_basics/utilities/juce_ADSR.h:155:66: warning: implicit conversion increases floating-point precision: 'float' to 'double' [-Wdouble-promotion]
  155 |                 releaseRate = (float) (envelopeVal / (parameters.release * sampleRate));
      |                                                       ~~~~~~~~~~~^~~~~~~ ~
/Users/larryseyer/AudioDevelopment/OTTO/JUCE/modules/juce_audio_basics/utilities/juce_ADSR.h:155:40: warning: implicit conversion increases floating-point precision: 'float' to 'double' [-Wdouble-promotion]
  155 |                 releaseRate = (float) (envelopeVal / (parameters.release * sampleRate));
      |                                        ^~~~~~~~~~~ ~
/Users/larryseyer/AudioDevelopment/OTTO/JUCE/modules/juce_audio_basics/utilities/juce_ADSR.h:266:64: warning: implicit conversion increases floating-point precision: 'float' to 'double' [-Wdouble-promotion]
  266 |             return timeInSeconds > 0.0f ? (float) (distance / (timeInSeconds * sr)) : -1.0f;
      |                                                                ^~~~~~~~~~~~~ ~
/Users/larryseyer/AudioDevelopment/OTTO/JUCE/modules/juce_audio_basics/utilities/juce_ADSR.h:266:52: warning: implicit conversion increases floating-point precision: 'float' to 'double' [-Wdouble-promotion]
  266 |             return timeInSeconds > 0.0f ? (float) (distance / (timeInSeconds * sr)) : -1.0f;
      |                                                    ^~~~~~~~ ~
In file included from /Users/larryseyer/AudioDevelopment/OTTO/Source/UI/Visualizations/SpectrumAnalyzer.cpp:1:
In file included from /Users/larryseyer/AudioDevelopment/OTTO/Source/UI/Visualizations/SpectrumAnalyzer.h:4:
In file included from /Users/larryseyer/AudioDevelopment/OTTO/Builds/MacOSX/CMake-Release/OTTO_artefacts/JuceLibraryCode/JuceHeader.h:14:
In file included from /Users/larryseyer/AudioDevelopment/OTTO/JUCE/modules/juce_audio_plugin_client/juce_audio_plugin_client.h:65:
In file included from /Users/larryseyer/AudioDevelopment/OTTO/JUCE/modules/juce_audio_processors/juce_audio_processors.h:67:
/Users/larryseyer/AudioDevelopment/OTTO/JUCE/modules/juce_gui_extra/juce_gui_extra.h:127:6: warning: 'JUCE_DEBUG' is not defined, evaluates to 0 [-Wundef]
  127 |  #if JUCE_DEBUG && ! (JUCE_IOS || JUCE_ANDROID)
      |      ^
In file included from /Users/larryseyer/AudioDevelopment/OTTO/Source/UI/Visualizations/SpectrumAnalyzer.cpp:1:
In file included from /Users/larryseyer/AudioDevelopment/OTTO/Source/UI/Visualizations/SpectrumAnalyzer.h:4:
In file included from /Users/larryseyer/AudioDevelopment/OTTO/Builds/MacOSX/CMake-Release/OTTO_artefacts/JuceLibraryCode/JuceHeader.h:14:
In file included from /Users/larryseyer/AudioDevelopment/OTTO/JUCE/modules/juce_audio_plugin_client/juce_audio_plugin_client.h:65:
In file included from /Users/larryseyer/AudioDevelopment/OTTO/JUCE/modules/juce_audio_processors/juce_audio_processors.h:67:
In file included from /Users/larryseyer/AudioDevelopment/OTTO/JUCE/modules/juce_gui_extra/juce_gui_extra.h:141:
/Users/larryseyer/AudioDevelopment/OTTO/JUCE/modules/juce_gui_extra/embedding/juce_ActiveXControlComponent.h:38:5: warning: 'JUCE_WINDOWS' is not defined, evaluates to 0 [-Wundef]
   38 | #if JUCE_WINDOWS || DOXYGEN
      |     ^
/Users/larryseyer/AudioDevelopment/OTTO/JUCE/modules/juce_gui_extra/embedding/juce_ActiveXControlComponent.h:38:21: warning: 'DOXYGEN' is not defined, evaluates to 0 [-Wundef]
   38 | #if JUCE_WINDOWS || DOXYGEN
      |                     ^
In file included from /Users/larryseyer/AudioDevelopment/OTTO/Source/UI/Visualizations/SpectrumAnalyzer.cpp:1:
In file included from /Users/larryseyer/AudioDevelopment/OTTO/Source/UI/Visualizations/SpectrumAnalyzer.h:4:
In file included from /Users/larryseyer/AudioDevelopment/OTTO/Builds/MacOSX/CMake-Release/OTTO_artefacts/JuceLibraryCode/JuceHeader.h:14:
In file included from /Users/larryseyer/AudioDevelopment/OTTO/JUCE/modules/juce_audio_plugin_client/juce_audio_plugin_client.h:65:
In file included from /Users/larryseyer/AudioDevelopment/OTTO/JUCE/modules/juce_audio_processors/juce_audio_processors.h:67:
In file included from /Users/larryseyer/AudioDevelopment/OTTO/JUCE/modules/juce_gui_extra/juce_gui_extra.h:142:
/Users/larryseyer/AudioDevelopment/OTTO/JUCE/modules/juce_gui_extra/embedding/juce_AndroidViewComponent.h:38:5: warning: 'JUCE_ANDROID' is not defined, evaluates to 0 [-Wundef]
   38 | #if JUCE_ANDROID || DOXYGEN
      |     ^
/Users/larryseyer/AudioDevelopment/OTTO/JUCE/modules/juce_gui_extra/embedding/juce_AndroidViewComponent.h:38:21: warning: 'DOXYGEN' is not defined, evaluates to 0 [-Wundef]
   38 | #if JUCE_ANDROID || DOXYGEN
      |                     ^
In file included from /Users/larryseyer/AudioDevelopment/OTTO/Source/UI/Visualizations/SpectrumAnalyzer.cpp:1:
In file included from /Users/larryseyer/AudioDevelopment/OTTO/Source/UI/Visualizations/SpectrumAnalyzer.h:4:
In file included from /Users/larryseyer/AudioDevelopment/OTTO/Builds/MacOSX/CMake-Release/OTTO_artefacts/JuceLibraryCode/JuceHeader.h:14:
In file included from /Users/larryseyer/AudioDevelopment/OTTO/JUCE/modules/juce_audio_plugin_client/juce_audio_plugin_client.h:65:
In file included from /Users/larryseyer/AudioDevelopment/OTTO/JUCE/modules/juce_audio_processors/juce_audio_processors.h:67:
In file included from /Users/larryseyer/AudioDevelopment/OTTO/JUCE/modules/juce_gui_extra/juce_gui_extra.h:144:
/Users/larryseyer/AudioDevelopment/OTTO/JUCE/modules/juce_gui_extra/embedding/juce_UIViewComponent.h:38:5: warning: 'JUCE_IOS' is not defined, evaluates to 0 [-Wundef]
   38 | #if JUCE_IOS || DOXYGEN
      |     ^
/Users/larryseyer/AudioDevelopment/OTTO/JUCE/modules/juce_gui_extra/embedding/juce_UIViewComponent.h:38:17: warning: 'DOXYGEN' is not defined, evaluates to 0 [-Wundef]
   38 | #if JUCE_IOS || DOXYGEN
      |                 ^
In file included from /Users/larryseyer/AudioDevelopment/OTTO/Source/UI/Visualizations/SpectrumAnalyzer.cpp:1:
In file included from /Users/larryseyer/AudioDevelopment/OTTO/Source/UI/Visualizations/SpectrumAnalyzer.h:4:
In file included from /Users/larryseyer/AudioDevelopment/OTTO/Builds/MacOSX/CMake-Release/OTTO_artefacts/JuceLibraryCode/JuceHeader.h:14:
In file included from /Users/larryseyer/AudioDevelopment/OTTO/JUCE/modules/juce_audio_plugin_client/juce_audio_plugin_client.h:65:
In file included from /Users/larryseyer/AudioDevelopment/OTTO/JUCE/modules/juce_audio_processors/juce_audio_processors.h:67:
In file included from /Users/larryseyer/AudioDevelopment/OTTO/JUCE/modules/juce_gui_extra/juce_gui_extra.h:145:
/Users/larryseyer/AudioDevelopment/OTTO/JUCE/modules/juce_gui_extra/embedding/juce_XEmbedComponent.h:43:5: warning: 'JUCE_LINUX' is not defined, evaluates to 0 [-Wundef]
   43 | #if JUCE_LINUX || JUCE_BSD || DOXYGEN
      |     ^
/Users/larryseyer/AudioDevelopment/OTTO/JUCE/modules/juce_gui_extra/embedding/juce_XEmbedComponent.h:43:19: warning: 'JUCE_BSD' is not defined, evaluates to 0 [-Wundef]
   43 | #if JUCE_LINUX || JUCE_BSD || DOXYGEN
      |                   ^
/Users/larryseyer/AudioDevelopment/OTTO/JUCE/modules/juce_gui_extra/embedding/juce_XEmbedComponent.h:43:31: warning: 'DOXYGEN' is not defined, evaluates to 0 [-Wundef]
   43 | #if JUCE_LINUX || JUCE_BSD || DOXYGEN
      |                               ^
In file included from /Users/larryseyer/AudioDevelopment/OTTO/Source/UI/Visualizations/SpectrumAnalyzer.cpp:1:
In file included from /Users/larryseyer/AudioDevelopment/OTTO/Source/UI/Visualizations/SpectrumAnalyzer.h:4:
In file included from /Users/larryseyer/AudioDevelopment/OTTO/Builds/MacOSX/CMake-Release/OTTO_artefacts/JuceLibraryCode/JuceHeader.h:14:
In file included from /Users/larryseyer/AudioDevelopment/OTTO/JUCE/modules/juce_audio_plugin_client/juce_audio_plugin_client.h:65:
In file included from /Users/larryseyer/AudioDevelopment/OTTO/JUCE/modules/juce_audio_processors/juce_audio_processors.h:67:
In file included from /Users/larryseyer/AudioDevelopment/OTTO/JUCE/modules/juce_gui_extra/juce_gui_extra.h:146:
/Users/larryseyer/AudioDevelopment/OTTO/JUCE/modules/juce_gui_extra/embedding/juce_HWNDComponent.h:38:5: warning: 'JUCE_WINDOWS' is not defined, evaluates to 0 [-Wundef]
   38 | #if JUCE_WINDOWS || DOXYGEN
      |     ^
/Users/larryseyer/AudioDevelopment/OTTO/JUCE/modules/juce_gui_extra/embedding/juce_HWNDComponent.h:38:21: warning: 'DOXYGEN' is not defined, evaluates to 0 [-Wundef]
   38 | #if JUCE_WINDOWS || DOXYGEN
      |                     ^
In file included from /Users/larryseyer/AudioDevelopment/OTTO/Source/UI/Visualizations/SpectrumAnalyzer.cpp:1:
In file included from /Users/larryseyer/AudioDevelopment/OTTO/Source/UI/Visualizations/SpectrumAnalyzer.h:4:
In file included from /Users/larryseyer/AudioDevelopment/OTTO/Builds/MacOSX/CMake-Release/OTTO_artefacts/JuceLibraryCode/JuceHeader.h:14:
In file included from /Users/larryseyer/AudioDevelopment/OTTO/JUCE/modules/juce_audio_plugin_client/juce_audio_plugin_client.h:65:
In file included from /Users/larryseyer/AudioDevelopment/OTTO/JUCE/modules/juce_audio_processors/juce_audio_processors.h:67:
In file included from /Users/larryseyer/AudioDevelopment/OTTO/JUCE/modules/juce_gui_extra/juce_gui_extra.h:152:
/Users/larryseyer/AudioDevelopment/OTTO/JUCE/modules/juce_gui_extra/misc/juce_PushNotifications.h:699:8: warning: 'JUCE_ANDROID' is not defined, evaluates to 0 [-Wundef]
  699 |    #if JUCE_ANDROID
      |        ^
In file included from /Users/larryseyer/AudioDevelopment/OTTO/Source/UI/Visualizations/SpectrumAnalyzer.cpp:1:
In file included from /Users/larryseyer/AudioDevelopment/OTTO/Source/UI/Visualizations/SpectrumAnalyzer.h:4:
In file included from /Users/larryseyer/AudioDevelopment/OTTO/Builds/MacOSX/CMake-Release/OTTO_artefacts/JuceLibraryCode/JuceHeader.h:14:
In file included from /Users/larryseyer/AudioDevelopment/OTTO/JUCE/modules/juce_audio_plugin_client/juce_audio_plugin_client.h:65:
In file included from /Users/larryseyer/AudioDevelopment/OTTO/JUCE/modules/juce_audio_processors/juce_audio_processors.h:67:
In file included from /Users/larryseyer/AudioDevelopment/OTTO/JUCE/modules/juce_gui_extra/juce_gui_extra.h:155:
/Users/larryseyer/AudioDevelopment/OTTO/JUCE/modules/juce_gui_extra/misc/juce_SystemTrayIconComponent.h:38:5: warning: 'JUCE_WINDOWS' is not defined, evaluates to 0 [-Wundef]
   38 | #if JUCE_WINDOWS || JUCE_LINUX || JUCE_BSD || JUCE_MAC || DOXYGEN
      |     ^
/Users/larryseyer/AudioDevelopment/OTTO/JUCE/modules/juce_gui_extra/misc/juce_SystemTrayIconComponent.h:38:21: warning: 'JUCE_LINUX' is not defined, evaluates to 0 [-Wundef]
   38 | #if JUCE_WINDOWS || JUCE_LINUX || JUCE_BSD || JUCE_MAC || DOXYGEN
      |                     ^
/Users/larryseyer/AudioDevelopment/OTTO/JUCE/modules/juce_gui_extra/misc/juce_SystemTrayIconComponent.h:38:35: warning: 'JUCE_BSD' is not defined, evaluates to 0 [-Wundef]
   38 | #if JUCE_WINDOWS || JUCE_LINUX || JUCE_BSD || JUCE_MAC || DOXYGEN
      |                                   ^
/Users/larryseyer/AudioDevelopment/OTTO/JUCE/modules/juce_gui_extra/misc/juce_SystemTrayIconComponent.h:102:8: warning: 'JUCE_LINUX' is not defined, evaluates to 0 [-Wundef]
  102 |    #if JUCE_LINUX || JUCE_BSD
      |        ^
/Users/larryseyer/AudioDevelopment/OTTO/JUCE/modules/juce_gui_extra/misc/juce_SystemTrayIconComponent.h:102:22: warning: 'JUCE_BSD' is not defined, evaluates to 0 [-Wundef]
  102 |    #if JUCE_LINUX || JUCE_BSD
      |                      ^
In file included from /Users/larryseyer/AudioDevelopment/OTTO/Source/UI/Visualizations/SpectrumAnalyzer.cpp:1:
In file included from /Users/larryseyer/AudioDevelopment/OTTO/Source/UI/Visualizations/SpectrumAnalyzer.h:4:
In file included from /Users/larryseyer/AudioDevelopment/OTTO/Builds/MacOSX/CMake-Release/OTTO_artefacts/JuceLibraryCode/JuceHeader.h:14:
In file included from /Users/larryseyer/AudioDevelopment/OTTO/JUCE/modules/juce_audio_plugin_client/juce_audio_plugin_client.h:65:
In file included from /Users/larryseyer/AudioDevelopment/OTTO/JUCE/modules/juce_audio_processors/juce_audio_processors.h:67:
In file included from /Users/larryseyer/AudioDevelopment/OTTO/JUCE/modules/juce_gui_extra/juce_gui_extra.h:156:
/Users/larryseyer/AudioDevelopment/OTTO/JUCE/modules/juce_gui_extra/misc/juce_WebBrowserComponent.h:38:25: warning: 'DOXYGEN' is not defined, evaluates to 0 [-Wundef]
   38 | #if JUCE_WEB_BROWSER || DOXYGEN
      |                         ^
In file included from /Users/larryseyer/AudioDevelopment/OTTO/Source/UI/Visualizations/SpectrumAnalyzer.cpp:1:
In file included from /Users/larryseyer/AudioDevelopment/OTTO/Source/UI/Visualizations/SpectrumAnalyzer.h:4:
In file included from /Users/larryseyer/AudioDevelopment/OTTO/Builds/MacOSX/CMake-Release/OTTO_artefacts/JuceLibraryCode/JuceHeader.h:14:
In file included from /Users/larryseyer/AudioDevelopment/OTTO/JUCE/modules/juce_audio_plugin_client/juce_audio_plugin_client.h:65:
In file included from /Users/larryseyer/AudioDevelopment/OTTO/JUCE/modules/juce_audio_processors/juce_audio_processors.h:67:
In file included from /Users/larryseyer/AudioDevelopment/OTTO/JUCE/modules/juce_gui_extra/juce_gui_extra.h:157:
/Users/larryseyer/AudioDevelopment/OTTO/JUCE/modules/juce_gui_extra/misc/juce_LiveConstantEditor.h:35:5: warning: 'JUCE_ENABLE_LIVE_CONSTANT_EDITOR' is not defined, evaluates to 0 [-Wundef]
   35 | #if JUCE_ENABLE_LIVE_CONSTANT_EDITOR && ! defined (DOXYGEN)
      |     ^
/Users/larryseyer/AudioDevelopment/OTTO/JUCE/modules/juce_gui_extra/misc/juce_LiveConstantEditor.h:258:5: warning: 'JUCE_ENABLE_LIVE_CONSTANT_EDITOR' is not defined, evaluates to 0 [-Wundef]
  258 | #if JUCE_ENABLE_LIVE_CONSTANT_EDITOR || DOXYGEN
      |     ^
/Users/larryseyer/AudioDevelopment/OTTO/JUCE/modules/juce_gui_extra/misc/juce_LiveConstantEditor.h:258:41: warning: 'DOXYGEN' is not defined, evaluates to 0 [-Wundef]
  258 | #if JUCE_ENABLE_LIVE_CONSTANT_EDITOR || DOXYGEN
      |                                         ^
In file included from /Users/larryseyer/AudioDevelopment/OTTO/Source/UI/Visualizations/SpectrumAnalyzer.cpp:1:
In file included from /Users/larryseyer/AudioDevelopment/OTTO/Source/UI/Visualizations/SpectrumAnalyzer.h:4:
In file included from /Users/larryseyer/AudioDevelopment/OTTO/Builds/MacOSX/CMake-Release/OTTO_artefacts/JuceLibraryCode/JuceHeader.h:14:
In file included from /Users/larryseyer/AudioDevelopment/OTTO/JUCE/modules/juce_audio_plugin_client/juce_audio_plugin_client.h:65:
In file included from /Users/larryseyer/AudioDevelopment/OTTO/JUCE/modules/juce_audio_processors/juce_audio_processors.h:67:
In file included from /Users/larryseyer/AudioDevelopment/OTTO/JUCE/modules/juce_gui_extra/juce_gui_extra.h:159:
/Users/larryseyer/AudioDevelopment/OTTO/JUCE/modules/juce_gui_extra/detail/juce_WebControlRelayEvents.h:38:25: warning: 'DOXYGEN' is not defined, evaluates to 0 [-Wundef]
   38 | #if JUCE_WEB_BROWSER || DOXYGEN
      |                         ^
In file included from /Users/larryseyer/AudioDevelopment/OTTO/Source/UI/Visualizations/SpectrumAnalyzer.cpp:1:
In file included from /Users/larryseyer/AudioDevelopment/OTTO/Source/UI/Visualizations/SpectrumAnalyzer.h:4:
In file included from /Users/larryseyer/AudioDevelopment/OTTO/Builds/MacOSX/CMake-Release/OTTO_artefacts/JuceLibraryCode/JuceHeader.h:14:
In file included from /Users/larryseyer/AudioDevelopment/OTTO/JUCE/modules/juce_audio_plugin_client/juce_audio_plugin_client.h:65:
In file included from /Users/larryseyer/AudioDevelopment/OTTO/JUCE/modules/juce_audio_processors/juce_audio_processors.h:67:
In file included from /Users/larryseyer/AudioDevelopment/OTTO/JUCE/modules/juce_gui_extra/juce_gui_extra.h:160:
/Users/larryseyer/AudioDevelopment/OTTO/JUCE/modules/juce_gui_extra/misc/juce_WebControlRelays.h:38:25: warning: 'DOXYGEN' is not defined, evaluates to 0 [-Wundef]
   38 | #if JUCE_WEB_BROWSER || DOXYGEN
      |                         ^
In file included from /Users/larryseyer/AudioDevelopment/OTTO/Source/UI/Visualizations/SpectrumAnalyzer.cpp:1:
In file included from /Users/larryseyer/AudioDevelopment/OTTO/Source/UI/Visualizations/SpectrumAnalyzer.h:4:
In file included from /Users/larryseyer/AudioDevelopment/OTTO/Builds/MacOSX/CMake-Release/OTTO_artefacts/JuceLibraryCode/JuceHeader.h:14:
In file included from /Users/larryseyer/AudioDevelopment/OTTO/JUCE/modules/juce_audio_plugin_client/juce_audio_plugin_client.h:65:
In file included from /Users/larryseyer/AudioDevelopment/OTTO/JUCE/modules/juce_audio_processors/juce_audio_processors.h:67:
In file included from /Users/larryseyer/AudioDevelopment/OTTO/JUCE/modules/juce_gui_extra/juce_gui_extra.h:161:
/Users/larryseyer/AudioDevelopment/OTTO/JUCE/modules/juce_gui_extra/misc/juce_WebControlParameterIndexReceiver.h:38:25: warning: 'DOXYGEN' is not defined, evaluates to 0 [-Wundef]
   38 | #if JUCE_WEB_BROWSER || DOXYGEN
      |                         ^
In file included from /Users/larryseyer/AudioDevelopment/OTTO/Source/UI/Visualizations/SpectrumAnalyzer.cpp:1:
In file included from /Users/larryseyer/AudioDevelopment/OTTO/Source/UI/Visualizations/SpectrumAnalyzer.h:4:
In file included from /Users/larryseyer/AudioDevelopment/OTTO/Builds/MacOSX/CMake-Release/OTTO_artefacts/JuceLibraryCode/JuceHeader.h:14:
In file included from /Users/larryseyer/AudioDevelopment/OTTO/JUCE/modules/juce_audio_plugin_client/juce_audio_plugin_client.h:65:
In file included from /Users/larryseyer/AudioDevelopment/OTTO/JUCE/modules/juce_audio_processors/juce_audio_processors.h:148:
/Users/larryseyer/AudioDevelopment/OTTO/JUCE/modules/juce_audio_processors/processors/juce_AudioProcessorParameter.h:363:8: warning: 'JUCE_DEBUG' is not defined, evaluates to 0 [-Wundef]
  363 |    #if JUCE_DEBUG
      |        ^
In file included from /Users/larryseyer/AudioDevelopment/OTTO/Source/UI/Visualizations/SpectrumAnalyzer.cpp:1:
In file included from /Users/larryseyer/AudioDevelopment/OTTO/Source/UI/Visualizations/SpectrumAnalyzer.h:4:
In file included from /Users/larryseyer/AudioDevelopment/OTTO/Builds/MacOSX/CMake-Release/OTTO_artefacts/JuceLibraryCode/JuceHeader.h:14:
In file included from /Users/larryseyer/AudioDevelopment/OTTO/JUCE/modules/juce_audio_plugin_client/juce_audio_plugin_client.h:65:
In file included from /Users/larryseyer/AudioDevelopment/OTTO/JUCE/modules/juce_audio_processors/juce_audio_processors.h:154:
/Users/larryseyer/AudioDevelopment/OTTO/JUCE/modules/juce_audio_processors/processors/juce_AudioProcessor.h:1599:7: warning: 'JUCE_DEBUG' is not defined, evaluates to 0 [-Wundef]
 1599 |   #if JUCE_DEBUG
      |       ^
In file included from /Users/larryseyer/AudioDevelopment/OTTO/Source/UI/Visualizations/SpectrumAnalyzer.cpp:1:
In file included from /Users/larryseyer/AudioDevelopment/OTTO/Source/UI/Visualizations/SpectrumAnalyzer.h:4:
In file included from /Users/larryseyer/AudioDevelopment/OTTO/Builds/MacOSX/CMake-Release/OTTO_artefacts/JuceLibraryCode/JuceHeader.h:14:
In file included from /Users/larryseyer/AudioDevelopment/OTTO/JUCE/modules/juce_audio_plugin_client/juce_audio_plugin_client.h:65:
In file included from /Users/larryseyer/AudioDevelopment/OTTO/JUCE/modules/juce_audio_processors/juce_audio_processors.h:162:
/Users/larryseyer/AudioDevelopment/OTTO/JUCE/modules/juce_audio_processors/format_types/juce_AudioUnitPluginFormat.h:38:55: warning: 'DOXYGEN' is not defined, evaluates to 0 [-Wundef]
   38 | #if (JUCE_PLUGINHOST_AU && (JUCE_MAC || JUCE_IOS)) || DOXYGEN
      |                                                       ^
In file included from /Users/larryseyer/AudioDevelopment/OTTO/Source/UI/Visualizations/SpectrumAnalyzer.cpp:1:
In file included from /Users/larryseyer/AudioDevelopment/OTTO/Source/UI/Visualizations/SpectrumAnalyzer.h:4:
In file included from /Users/larryseyer/AudioDevelopment/OTTO/Builds/MacOSX/CMake-Release/OTTO_artefacts/JuceLibraryCode/JuceHeader.h:14:
In file included from /Users/larryseyer/AudioDevelopment/OTTO/JUCE/modules/juce_audio_plugin_client/juce_audio_plugin_client.h:65:
In file included from /Users/larryseyer/AudioDevelopment/OTTO/JUCE/modules/juce_audio_processors/juce_audio_processors.h:163:
/Users/larryseyer/AudioDevelopment/OTTO/JUCE/modules/juce_audio_processors/format_types/juce_LADSPAPluginFormat.h:38:61: warning: 'DOXYGEN' is not defined, evaluates to 0 [-Wundef]
   38 | #if (JUCE_PLUGINHOST_LADSPA && (JUCE_LINUX || JUCE_BSD)) || DOXYGEN
      |                                                             ^
In file included from /Users/larryseyer/AudioDevelopment/OTTO/Source/UI/Visualizations/SpectrumAnalyzer.cpp:1:
In file included from /Users/larryseyer/AudioDevelopment/OTTO/Source/UI/Visualizations/SpectrumAnalyzer.h:4:
In file included from /Users/larryseyer/AudioDevelopment/OTTO/Builds/MacOSX/CMake-Release/OTTO_artefacts/JuceLibraryCode/JuceHeader.h:14:
In file included from /Users/larryseyer/AudioDevelopment/OTTO/JUCE/modules/juce_audio_plugin_client/juce_audio_plugin_client.h:65:
In file included from /Users/larryseyer/AudioDevelopment/OTTO/JUCE/modules/juce_audio_processors/juce_audio_processors.h:164:
/Users/larryseyer/AudioDevelopment/OTTO/JUCE/modules/juce_audio_processors/format_types/juce_LV2PluginFormat.h:38:64: warning: 'DOXYGEN' is not defined, evaluates to 0 [-Wundef]
   38 | #if (JUCE_PLUGINHOST_LV2 && (! (JUCE_ANDROID || JUCE_IOS))) || DOXYGEN
      |                                                                ^
In file included from /Users/larryseyer/AudioDevelopment/OTTO/Source/UI/Visualizations/SpectrumAnalyzer.cpp:1:
In file included from /Users/larryseyer/AudioDevelopment/OTTO/Source/UI/Visualizations/SpectrumAnalyzer.h:4:
In file included from /Users/larryseyer/AudioDevelopment/OTTO/Builds/MacOSX/CMake-Release/OTTO_artefacts/JuceLibraryCode/JuceHeader.h:14:
In file included from /Users/larryseyer/AudioDevelopment/OTTO/JUCE/modules/juce_audio_plugin_client/juce_audio_plugin_client.h:65:
In file included from /Users/larryseyer/AudioDevelopment/OTTO/JUCE/modules/juce_audio_processors/juce_audio_processors.h:165:
/Users/larryseyer/AudioDevelopment/OTTO/JUCE/modules/juce_audio_processors/format_types/juce_VST3PluginFormat.h:38:87: warning: 'DOXYGEN' is not defined, evaluates to 0 [-Wundef]
   38 | #if (JUCE_PLUGINHOST_VST3 && (JUCE_MAC || JUCE_WINDOWS || JUCE_LINUX || JUCE_BSD)) || DOXYGEN
      |                                                                                       ^
In file included from /Users/larryseyer/AudioDevelopment/OTTO/Source/UI/Visualizations/SpectrumAnalyzer.cpp:1:
In file included from /Users/larryseyer/AudioDevelopment/OTTO/Source/UI/Visualizations/SpectrumAnalyzer.h:4:
In file included from /Users/larryseyer/AudioDevelopment/OTTO/Builds/MacOSX/CMake-Release/OTTO_artefacts/JuceLibraryCode/JuceHeader.h:14:
In file included from /Users/larryseyer/AudioDevelopment/OTTO/JUCE/modules/juce_audio_plugin_client/juce_audio_plugin_client.h:65:
In file included from /Users/larryseyer/AudioDevelopment/OTTO/JUCE/modules/juce_audio_processors/juce_audio_processors.h:167:
/Users/larryseyer/AudioDevelopment/OTTO/JUCE/modules/juce_audio_processors/format_types/juce_VSTPluginFormat.h:35:29: warning: 'DOXYGEN' is not defined, evaluates to 0 [-Wundef]
   35 | #if (JUCE_PLUGINHOST_VST || DOXYGEN)
      |                             ^
In file included from /Users/larryseyer/AudioDevelopment/OTTO/Source/UI/Visualizations/SpectrumAnalyzer.cpp:1:
In file included from /Users/larryseyer/AudioDevelopment/OTTO/Source/UI/Visualizations/SpectrumAnalyzer.h:4:
In file included from /Users/larryseyer/AudioDevelopment/OTTO/Builds/MacOSX/CMake-Release/OTTO_artefacts/JuceLibraryCode/JuceHeader.h:14:
In file included from /Users/larryseyer/AudioDevelopment/OTTO/JUCE/modules/juce_audio_plugin_client/juce_audio_plugin_client.h:65:
In file included from /Users/larryseyer/AudioDevelopment/OTTO/JUCE/modules/juce_audio_processors/juce_audio_processors.h:168:
/Users/larryseyer/AudioDevelopment/OTTO/JUCE/modules/juce_audio_processors/format_types/juce_ARAHosting.h:37:122: warning: 'DOXYGEN' is not defined, evaluates to 0 [-Wundef]
   37 | #if (JUCE_PLUGINHOST_ARA && (JUCE_PLUGINHOST_VST3 || JUCE_PLUGINHOST_AU) && (JUCE_MAC || JUCE_WINDOWS || JUCE_LINUX)) || DOXYGEN
      |                                                                                                                          ^
In file included from /Users/larryseyer/AudioDevelopment/OTTO/Source/UI/Visualizations/SpectrumAnalyzer.cpp:1:
In file included from /Users/larryseyer/AudioDevelopment/OTTO/Source/UI/Visualizations/SpectrumAnalyzer.h:4:
In file included from /Users/larryseyer/AudioDevelopment/OTTO/Builds/MacOSX/CMake-Release/OTTO_artefacts/JuceLibraryCode/JuceHeader.h:14:
In file included from /Users/larryseyer/AudioDevelopment/OTTO/JUCE/modules/juce_audio_plugin_client/juce_audio_plugin_client.h:65:
In file included from /Users/larryseyer/AudioDevelopment/OTTO/JUCE/modules/juce_audio_processors/juce_audio_processors.h:177:
/Users/larryseyer/AudioDevelopment/OTTO/JUCE/modules/juce_audio_processors/utilities/juce_ParameterAttachments.h:260:25: warning: 'DOXYGEN' is not defined, evaluates to 0 [-Wundef]
  260 | #if JUCE_WEB_BROWSER || DOXYGEN
      |                         ^
In file included from /Users/larryseyer/AudioDevelopment/OTTO/Source/UI/Visualizations/SpectrumAnalyzer.cpp:1:
In file included from /Users/larryseyer/AudioDevelopment/OTTO/Source/UI/Visualizations/SpectrumAnalyzer.h:4:
In file included from /Users/larryseyer/AudioDevelopment/OTTO/Builds/MacOSX/CMake-Release/OTTO_artefacts/JuceLibraryCode/JuceHeader.h:14:
In file included from /Users/larryseyer/AudioDevelopment/OTTO/JUCE/modules/juce_audio_plugin_client/juce_audio_plugin_client.h:65:
In file included from /Users/larryseyer/AudioDevelopment/OTTO/JUCE/modules/juce_audio_processors/juce_audio_processors.h:178:
/Users/larryseyer/AudioDevelopment/OTTO/JUCE/modules/juce_audio_processors/utilities/juce_AudioProcessorValueTreeState.h:639:8: warning: 'JUCE_UNIT_TESTS' is not defined, evaluates to 0 [-Wundef]
  639 |    #if JUCE_UNIT_TESTS
      |        ^
In file included from /Users/larryseyer/AudioDevelopment/OTTO/Source/UI/Visualizations/SpectrumAnalyzer.cpp:1:
In file included from /Users/larryseyer/AudioDevelopment/OTTO/Source/UI/Visualizations/SpectrumAnalyzer.h:4:
In file included from /Users/larryseyer/AudioDevelopment/OTTO/Builds/MacOSX/CMake-Release/OTTO_artefacts/JuceLibraryCode/JuceHeader.h:23:
In file included from /Users/larryseyer/AudioDevelopment/OTTO/JUCE/modules/juce_audio_devices/juce_audio_devices.h:174:
/Users/larryseyer/AudioDevelopment/OTTO/JUCE/modules/juce_audio_devices/midi_io/juce_MidiDevices.h:205:8: warning: 'JUCE_LINUX' is not defined, evaluates to 0 [-Wundef]
  205 |    #if JUCE_LINUX || JUCE_BSD || JUCE_MAC || JUCE_IOS || DOXYGEN
      |        ^
/Users/larryseyer/AudioDevelopment/OTTO/JUCE/modules/juce_audio_devices/midi_io/juce_MidiDevices.h:205:22: warning: 'JUCE_BSD' is not defined, evaluates to 0 [-Wundef]
  205 |    #if JUCE_LINUX || JUCE_BSD || JUCE_MAC || JUCE_IOS || DOXYGEN
      |                      ^
/Users/larryseyer/AudioDevelopment/OTTO/JUCE/modules/juce_audio_devices/midi_io/juce_MidiDevices.h:364:8: warning: 'JUCE_LINUX' is not defined, evaluates to 0 [-Wundef]
  364 |    #if JUCE_LINUX || JUCE_BSD || JUCE_MAC || JUCE_IOS || DOXYGEN
      |        ^
/Users/larryseyer/AudioDevelopment/OTTO/JUCE/modules/juce_audio_devices/midi_io/juce_MidiDevices.h:364:22: warning: 'JUCE_BSD' is not defined, evaluates to 0 [-Wundef]
  364 |    #if JUCE_LINUX || JUCE_BSD || JUCE_MAC || JUCE_IOS || DOXYGEN
      |                      ^
In file included from /Users/larryseyer/AudioDevelopment/OTTO/Source/UI/Visualizations/SpectrumAnalyzer.cpp:1:
In file included from /Users/larryseyer/AudioDevelopment/OTTO/Source/UI/Visualizations/SpectrumAnalyzer.h:4:
In file included from /Users/larryseyer/AudioDevelopment/OTTO/Builds/MacOSX/CMake-Release/OTTO_artefacts/JuceLibraryCode/JuceHeader.h:23:
In file included from /Users/larryseyer/AudioDevelopment/OTTO/JUCE/modules/juce_audio_devices/juce_audio_devices.h:175:
/Users/larryseyer/AudioDevelopment/OTTO/JUCE/modules/juce_audio_devices/midi_io/juce_MidiMessageCollector.h:118:8: warning: 'JUCE_DEBUG' is not defined, evaluates to 0 [-Wundef]
  118 |    #if JUCE_DEBUG
      |        ^
In file included from /Users/larryseyer/AudioDevelopment/OTTO/Source/UI/Visualizations/SpectrumAnalyzer.cpp:1:
In file included from /Users/larryseyer/AudioDevelopment/OTTO/Source/UI/Visualizations/SpectrumAnalyzer.h:4:
In file included from /Users/larryseyer/AudioDevelopment/OTTO/Builds/MacOSX/CMake-Release/OTTO_artefacts/JuceLibraryCode/JuceHeader.h:23:
/Users/larryseyer/AudioDevelopment/OTTO/JUCE/modules/juce_audio_devices/juce_audio_devices.h:199:5: warning: 'JUCE_IOS' is not defined, evaluates to 0 [-Wundef]
  199 | #if JUCE_IOS
      |     ^
In file included from /Users/larryseyer/AudioDevelopment/OTTO/Source/UI/Visualizations/SpectrumAnalyzer.cpp:1:
In file included from /Users/larryseyer/AudioDevelopment/OTTO/Source/UI/Visualizations/SpectrumAnalyzer.h:4:
In file included from /Users/larryseyer/AudioDevelopment/OTTO/Builds/MacOSX/CMake-Release/OTTO_artefacts/JuceLibraryCode/JuceHeader.h:24:
/Users/larryseyer/AudioDevelopment/OTTO/JUCE/modules/juce_audio_formats/juce_audio_formats.h:117:7: warning: 'JUCE_WINDOWS' is not defined, evaluates to 0 [-Wundef]
  117 | #if ! JUCE_WINDOWS
      |       ^
In file included from /Users/larryseyer/AudioDevelopment/OTTO/Source/UI/Visualizations/SpectrumAnalyzer.cpp:1:
In file included from /Users/larryseyer/AudioDevelopment/OTTO/Source/UI/Visualizations/SpectrumAnalyzer.h:4:
In file included from /Users/larryseyer/AudioDevelopment/OTTO/Builds/MacOSX/CMake-Release/OTTO_artefacts/JuceLibraryCode/JuceHeader.h:24:
In file included from /Users/larryseyer/AudioDevelopment/OTTO/JUCE/modules/juce_audio_formats/juce_audio_formats.h:134:
/Users/larryseyer/AudioDevelopment/OTTO/JUCE/modules/juce_audio_formats/codecs/juce_LAMEEncoderAudioFormat.h:38:35: warning: 'DOXYGEN' is not defined, evaluates to 0 [-Wundef]
   38 | #if JUCE_USE_LAME_AUDIO_FORMAT || DOXYGEN
      |                                   ^
In file included from /Users/larryseyer/AudioDevelopment/OTTO/Source/UI/Visualizations/SpectrumAnalyzer.cpp:1:
In file included from /Users/larryseyer/AudioDevelopment/OTTO/Source/UI/Visualizations/SpectrumAnalyzer.h:4:
In file included from /Users/larryseyer/AudioDevelopment/OTTO/Builds/MacOSX/CMake-Release/OTTO_artefacts/JuceLibraryCode/JuceHeader.h:24:
In file included from /Users/larryseyer/AudioDevelopment/OTTO/JUCE/modules/juce_audio_formats/juce_audio_formats.h:135:
/Users/larryseyer/AudioDevelopment/OTTO/JUCE/modules/juce_audio_formats/codecs/juce_MP3AudioFormat.h:38:32: warning: 'DOXYGEN' is not defined, evaluates to 0 [-Wundef]
   38 | #if JUCE_USE_MP3AUDIOFORMAT || DOXYGEN
      |                                ^
In file included from /Users/larryseyer/AudioDevelopment/OTTO/Source/UI/Visualizations/SpectrumAnalyzer.cpp:1:
In file included from /Users/larryseyer/AudioDevelopment/OTTO/Source/UI/Visualizations/SpectrumAnalyzer.h:4:
In file included from /Users/larryseyer/AudioDevelopment/OTTO/Builds/MacOSX/CMake-Release/OTTO_artefacts/JuceLibraryCode/JuceHeader.h:24:
In file included from /Users/larryseyer/AudioDevelopment/OTTO/JUCE/modules/juce_audio_formats/juce_audio_formats.h:138:
/Users/larryseyer/AudioDevelopment/OTTO/JUCE/modules/juce_audio_formats/codecs/juce_WindowsMediaAudioFormat.h:38:5: warning: 'JUCE_WINDOWS' is not defined, evaluates to 0 [-Wundef]
   38 | #if JUCE_WINDOWS || DOXYGEN
      |     ^
/Users/larryseyer/AudioDevelopment/OTTO/JUCE/modules/juce_audio_formats/codecs/juce_WindowsMediaAudioFormat.h:38:21: warning: 'DOXYGEN' is not defined, evaluates to 0 [-Wundef]
   38 | #if JUCE_WINDOWS || DOXYGEN
      |                     ^
In file included from /Users/larryseyer/AudioDevelopment/OTTO/Source/UI/Visualizations/SpectrumAnalyzer.cpp:1:
In file included from /Users/larryseyer/AudioDevelopment/OTTO/Source/UI/Visualizations/SpectrumAnalyzer.h:4:
In file included from /Users/larryseyer/AudioDevelopment/OTTO/Builds/MacOSX/CMake-Release/OTTO_artefacts/JuceLibraryCode/JuceHeader.h:25:
In file included from /Users/larryseyer/AudioDevelopment/OTTO/JUCE/modules/juce_audio_utils/juce_audio_utils.h:99:
/Users/larryseyer/AudioDevelopment/OTTO/JUCE/modules/juce_audio_utils/audio_cd/juce_AudioCDBurner.h:38:26: warning: 'DOXYGEN' is not defined, evaluates to 0 [-Wundef]
   38 | #if JUCE_USE_CDBURNER || DOXYGEN
      |                          ^
In file included from /Users/larryseyer/AudioDevelopment/OTTO/Source/UI/Visualizations/SpectrumAnalyzer.cpp:1:
In file included from /Users/larryseyer/AudioDevelopment/OTTO/Source/UI/Visualizations/SpectrumAnalyzer.h:4:
In file included from /Users/larryseyer/AudioDevelopment/OTTO/Builds/MacOSX/CMake-Release/OTTO_artefacts/JuceLibraryCode/JuceHeader.h:25:
In file included from /Users/larryseyer/AudioDevelopment/OTTO/JUCE/modules/juce_audio_utils/juce_audio_utils.h:100:
/Users/larryseyer/AudioDevelopment/OTTO/JUCE/modules/juce_audio_utils/audio_cd/juce_AudioCDReader.h:38:26: warning: 'DOXYGEN' is not defined, evaluates to 0 [-Wundef]
   38 | #if JUCE_USE_CDREADER || DOXYGEN
      |                          ^
In file included from /Users/larryseyer/AudioDevelopment/OTTO/Source/UI/Visualizations/SpectrumAnalyzer.cpp:1:
In file included from /Users/larryseyer/AudioDevelopment/OTTO/Source/UI/Visualizations/SpectrumAnalyzer.h:4:
In file included from /Users/larryseyer/AudioDevelopment/OTTO/Builds/MacOSX/CMake-Release/OTTO_artefacts/JuceLibraryCode/JuceHeader.h:26:
/Users/larryseyer/AudioDevelopment/OTTO/JUCE/modules/juce_dsp/juce_dsp.h:69:5: warning: 'JUCE_INTEL' is not defined, evaluates to 0 [-Wundef]
   69 | #if JUCE_INTEL
      |     ^
/Users/larryseyer/AudioDevelopment/OTTO/JUCE/modules/juce_dsp/juce_dsp.h:95:20: warning: 'JUCE_WINDOWS' is not defined, evaluates to 0 [-Wundef]
   95 |  #if JUCE_64BIT && JUCE_WINDOWS
      |                    ^
/Users/larryseyer/AudioDevelopment/OTTO/JUCE/modules/juce_dsp/juce_dsp.h:113:6: warning: '_MSC_VER' is not defined, evaluates to 0 [-Wundef]
  113 |  #if _MSC_VER && JUCE_USE_SIMD && ! (defined (_M_X64) || defined (__amd64__))
      |      ^
/Users/larryseyer/AudioDevelopment/OTTO/JUCE/modules/juce_dsp/juce_dsp.h:242:6: warning: 'JUCE_INTEL' is not defined, evaluates to 0 [-Wundef]
  242 |  #if JUCE_INTEL
      |      ^
In file included from /Users/larryseyer/AudioDevelopment/OTTO/Source/UI/Visualizations/SpectrumAnalyzer.cpp:1:
In file included from /Users/larryseyer/AudioDevelopment/OTTO/Source/UI/Visualizations/SpectrumAnalyzer.h:4:
In file included from /Users/larryseyer/AudioDevelopment/OTTO/Builds/MacOSX/CMake-Release/OTTO_artefacts/JuceLibraryCode/JuceHeader.h:27:
/Users/larryseyer/AudioDevelopment/OTTO/JUCE/modules/juce_opengl/juce_opengl.h:72:5: warning: 'JUCE_IOS' is not defined, evaluates to 0 [-Wundef]
   72 | #if JUCE_IOS || JUCE_ANDROID
      |     ^
/Users/larryseyer/AudioDevelopment/OTTO/JUCE/modules/juce_opengl/juce_opengl.h:72:17: warning: 'JUCE_ANDROID' is not defined, evaluates to 0 [-Wundef]
   72 | #if JUCE_IOS || JUCE_ANDROID
      |                 ^
/Users/larryseyer/AudioDevelopment/OTTO/JUCE/modules/juce_opengl/juce_opengl.h:82:5: warning: 'JUCE_OPENGL_ES' is not defined, evaluates to 0 [-Wundef]
   82 | #if JUCE_OPENGL_ES || DOXYGEN
      |     ^
/Users/larryseyer/AudioDevelopment/OTTO/JUCE/modules/juce_opengl/juce_opengl.h:82:23: warning: 'DOXYGEN' is not defined, evaluates to 0 [-Wundef]
   82 | #if JUCE_OPENGL_ES || DOXYGEN
      |                       ^
In file included from /Users/larryseyer/AudioDevelopment/OTTO/Source/UI/Visualizations/SpectrumAnalyzer.cpp:1:
In file included from /Users/larryseyer/AudioDevelopment/OTTO/Source/UI/Visualizations/SpectrumAnalyzer.h:4:
In file included from /Users/larryseyer/AudioDevelopment/OTTO/Builds/MacOSX/CMake-Release/OTTO_artefacts/JuceLibraryCode/JuceHeader.h:27:
In file included from /Users/larryseyer/AudioDevelopment/OTTO/JUCE/modules/juce_opengl/juce_opengl.h:120:
/Users/larryseyer/AudioDevelopment/OTTO/JUCE/modules/juce_opengl/native/juce_OpenGLExtensions.h:127:8: warning: 'JUCE_WINDOWS' is not defined, evaluates to 0 [-Wundef]
  127 |    #if JUCE_WINDOWS && ! defined (DOXYGEN)
      |        ^
/Users/larryseyer/AudioDevelopment/OTTO/JUCE/modules/juce_opengl/native/juce_OpenGLExtensions.h:142:8: warning: 'JUCE_ANDROID' is not defined, evaluates to 0 [-Wundef]
  142 |    #if JUCE_ANDROID
      |        ^
In file included from /Users/larryseyer/AudioDevelopment/OTTO/Source/UI/Visualizations/SpectrumAnalyzer.cpp:1:
In file included from /Users/larryseyer/AudioDevelopment/OTTO/Source/UI/Visualizations/SpectrumAnalyzer.h:4:
/Users/larryseyer/AudioDevelopment/OTTO/Builds/MacOSX/CMake-Release/OTTO_artefacts/JuceLibraryCode/JuceHeader.h:34:7: warning: 'DONT_SET_USING_JUCE_NAMESPACE' is not defined, evaluates to 0 [-Wundef]
   34 | #if ! DONT_SET_USING_JUCE_NAMESPACE
      |       ^
In file included from /Users/larryseyer/AudioDevelopment/OTTO/Source/UI/Visualizations/SpectrumAnalyzer.cpp:1:
In file included from /Users/larryseyer/AudioDevelopment/OTTO/Source/UI/Visualizations/SpectrumAnalyzer.h:7:
/Users/larryseyer/AudioDevelopment/OTTO/Source/ColorScheme.h:104:55: warning: unused parameter 'newThemeName' [-Wunused-parameter]
  104 |         virtual void themeChanged(const juce::String& newThemeName) {}
      |                                                       ^
/Users/larryseyer/AudioDevelopment/OTTO/Source/ColorScheme.h:105:55: warning: unused parameter 'component' [-Wunused-parameter]
  105 |         virtual void colorChanged(const juce::String& component, const juce::String& property, const juce::Colour& newColor) {}
      |                                                       ^
/Users/larryseyer/AudioDevelopment/OTTO/Source/ColorScheme.h:105:86: warning: unused parameter 'property' [-Wunused-parameter]
  105 |         virtual void colorChanged(const juce::String& component, const juce::String& property, const juce::Colour& newColor) {}
      |                                                                                      ^
/Users/larryseyer/AudioDevelopment/OTTO/Source/ColorScheme.h:105:116: warning: unused parameter 'newColor' [-Wunused-parameter]
  105 |         virtual void colorChanged(const juce::String& component, const juce::String& property, const juce::Colour& newColor) {}
      |                                                                                                                    ^
In file included from /Users/larryseyer/AudioDevelopment/OTTO/Source/UI/Visualizations/SpectrumAnalyzer.cpp:3:
In file included from /Users/larryseyer/AudioDevelopment/OTTO/Source/INIDataManager.h:6:
/Users/larryseyer/AudioDevelopment/OTTO/Source/MidiEngine.h:24:34: warning: implicit conversion increases floating-point precision: 'const float' to 'double' [-Wdouble-promotion]
   24 |         double currentPosition = INIConfig::MIDI::DEFAULT_POSITION;
      |                                  ^~~~~~~~~~~~~~~~~~~~~~~~~~~~~~~~~
/Users/larryseyer/AudioDevelopment/OTTO/Source/MidiEngine.h:224:35: warning: implicit conversion increases floating-point precision: 'const float' to 'double' [-Wdouble-promotion]
  224 |         double playbackPosition = INIConfig::MIDI::DEFAULT_POSITION;
      |                                   ^~~~~~~~~~~~~~~~~~~~~~~~~~~~~~~~~
/Users/larryseyer/AudioDevelopment/OTTO/Source/MidiEngine.h:225:34: warning: implicit conversion increases floating-point precision: 'const float' to 'double' [-Wdouble-promotion]
  225 |         double lastProcessTime = INIConfig::MIDI::DEFAULT_LAST_TIME;
      |                                  ^~~~~~~~~~~~~~~~~~~~~~~~~~~~~~~~~~
/Users/larryseyer/AudioDevelopment/OTTO/Source/MidiEngine.h:247:30: warning: implicit conversion increases floating-point precision: 'const float' to 'double' [-Wdouble-promotion]
  247 |     double lastProcessTime = INIConfig::MIDI::DEFAULT_LAST_TIME;
      |                              ^~~~~~~~~~~~~~~~~~~~~~~~~~~~~~~~~~
/Users/larryseyer/AudioDevelopment/OTTO/Source/MidiEngine.h:248:28: warning: implicit conversion increases floating-point precision: 'const float' to 'double' [-Wdouble-promotion]
  248 |     double lastClockTime = INIConfig::MIDI::DEFAULT_LAST_TIME;
      |                            ^~~~~~~~~~~~~~~~~~~~~~~~~~~~~~~~~~
/Users/larryseyer/AudioDevelopment/OTTO/Source/MidiEngine.h:253:24: warning: implicit conversion increases floating-point precision: 'const float' to 'double' [-Wdouble-promotion]
  253 |     double hostTempo = INIConfig::MIDI::DEFAULT_POSITION;
      |                        ^~~~~~~~~~~~~~~~~~~~~~~~~~~~~~~~~
/Users/larryseyer/AudioDevelopment/OTTO/Source/MidiEngine.h:264:30: warning: implicit conversion increases floating-point precision: 'const float' to 'double' [-Wdouble-promotion]
  264 |     double countInPosition = INIConfig::MIDI::DEFAULT_POSITION;
      |                              ^~~~~~~~~~~~~~~~~~~~~~~~~~~~~~~~~
/Users/larryseyer/AudioDevelopment/OTTO/Source/MidiEngine.h:272:30: warning: implicit conversion increases floating-point precision: 'const float' to 'double' [-Wdouble-promotion]
  272 |     double recordStartTime = INIConfig::MIDI::DEFAULT_LAST_TIME;
      |                              ^~~~~~~~~~~~~~~~~~~~~~~~~~~~~~~~~~
/Users/larryseyer/AudioDevelopment/OTTO/Source/MidiEngine.h:278:37: warning: implicit conversion increases floating-point precision: 'const float' to 'double' [-Wdouble-promotion]
  278 |     double loopRecordingStartTime = INIConfig::MIDI::DEFAULT_LAST_TIME;
      |                                     ^~~~~~~~~~~~~~~~~~~~~~~~~~~~~~~~~~
/Users/larryseyer/AudioDevelopment/OTTO/Source/MidiEngine.h:285:26: warning: implicit conversion increases floating-point precision: 'const float' to 'double' [-Wdouble-promotion]
  285 |     double lastTapTime = INIConfig::MIDI::DEFAULT_LAST_TIME;
      |                          ^~~~~~~~~~~~~~~~~~~~~~~~~~~~~~~~~~
/Users/larryseyer/AudioDevelopment/OTTO/Source/UI/Visualizations/SpectrumAnalyzer.cpp:99:56: warning: unused parameter 'e' [-Wunused-parameter]
   99 | void SpectrumAnalyzer::mouseUp(const juce::MouseEvent& e) {
      |                                                        ^
/Users/larryseyer/AudioDevelopment/OTTO/Source/UI/Visualizations/SpectrumAnalyzer.cpp:422:11: error: no matching member function for call to 'sort'
  422 |     peaks.sort([](const Peak& a, const Peak& b) {
      |     ~~~~~~^~~~
In file included from /Users/larryseyer/AudioDevelopment/OTTO/Source/UI/Visualizations/SpectrumAnalyzer.cpp:1:
In file included from /Users/larryseyer/AudioDevelopment/OTTO/Source/UI/Visualizations/SpectrumAnalyzer.h:4:
In file included from /Users/larryseyer/AudioDevelopment/OTTO/Builds/MacOSX/CMake-Release/OTTO_artefacts/JuceLibraryCode/JuceHeader.h:14:
In file included from /Users/larryseyer/AudioDevelopment/OTTO/JUCE/modules/juce_audio_plugin_client/juce_audio_plugin_client.h:63:
In file included from /Users/larryseyer/AudioDevelopment/OTTO/JUCE/modules/juce_gui_basics/juce_gui_basics.h:68:
In file included from /Users/larryseyer/AudioDevelopment/OTTO/JUCE/modules/juce_graphics/juce_graphics.h:67:
In file included from /Users/larryseyer/AudioDevelopment/OTTO/JUCE/modules/juce_core/juce_core.h:278:
/Users/larryseyer/AudioDevelopment/OTTO/JUCE/modules/juce_core/containers/juce_Array.h:1096:10: note: candidate function [with ElementComparator = (lambda at /Users/larryseyer/AudioDevelopment/OTTO/Source/UI/Visualizations/SpectrumAnalyzer.cpp:422:16)] not viable: expects an lvalue for 1st argument
 1096 |     void sort (ElementComparator& comparator, bool retainOrderOfEquivalentItems = false);
      |          ^     ~~~~~~~~~~~~~~~~~~~~~~~~~~~~~
/Users/larryseyer/AudioDevelopment/OTTO/JUCE/modules/juce_core/containers/juce_Array.h:1063:10: note: candidate function not viable: requires 0 arguments, but 1 was provided
 1063 |     void sort()
      |          ^
/Users/larryseyer/AudioDevelopment/OTTO/Source/UI/Visualizations/SpectrumAnalyzer.cpp:450:45: warning: implicit conversion increases floating-point precision: 'const float' to 'double' [-Wdouble-promotion]
  450 |     state.setValue("minFrequency", settings.minFrequency);
      |                                    ~~~~~~~~~^~~~~~~~~~~~
/Users/larryseyer/AudioDevelopment/OTTO/Source/UI/Visualizations/SpectrumAnalyzer.cpp:451:45: warning: implicit conversion increases floating-point precision: 'const float' to 'double' [-Wdouble-promotion]
  451 |     state.setValue("maxFrequency", settings.maxFrequency);
      |                                    ~~~~~~~~~^~~~~~~~~~~~
/Users/larryseyer/AudioDevelopment/OTTO/Source/UI/Visualizations/SpectrumAnalyzer.cpp:452:44: warning: implicit conversion increases floating-point precision: 'const float' to 'double' [-Wdouble-promotion]
  452 |     state.setValue("minDecibels", settings.minDecibels);
      |                                   ~~~~~~~~~^~~~~~~~~~~
/Users/larryseyer/AudioDevelopment/OTTO/Source/UI/Visualizations/SpectrumAnalyzer.cpp:453:44: warning: implicit conversion increases floating-point precision: 'const float' to 'double' [-Wdouble-promotion]
  453 |     state.setValue("maxDecibels", settings.maxDecibels);
      |                                   ~~~~~~~~~^~~~~~~~~~~
/Users/larryseyer/AudioDevelopment/OTTO/Source/UI/Visualizations/SpectrumAnalyzer.cpp:454:48: warning: implicit conversion increases floating-point precision: 'const float' to 'double' [-Wdouble-promotion]
  454 |     state.setValue("averagingFactor", settings.averagingFactor);
      |                                       ~~~~~~~~~^~~~~~~~~~~~~~~
/Users/larryseyer/AudioDevelopment/OTTO/Source/UI/Visualizations/SpectrumAnalyzer.cpp:455:45: warning: implicit conversion increases floating-point precision: 'const float' to 'double' [-Wdouble-promotion]
  455 |     state.setValue("peakHoldTime", settings.peakHoldTime);
      |                                    ~~~~~~~~~^~~~~~~~~~~~
/Users/larryseyer/AudioDevelopment/OTTO/Source/UI/Visualizations/SpectrumAnalyzer.cpp:456:46: warning: implicit conversion increases floating-point precision: 'const float' to 'double' [-Wdouble-promotion]
  456 |     state.setValue("peakDecayRate", settings.peakDecayRate);
      |                                     ~~~~~~~~~^~~~~~~~~~~~~
/Users/larryseyer/AudioDevelopment/OTTO/Source/UI/Visualizations/SpectrumAnalyzer.cpp:468:31: error: no matching conversion for static_cast from 'juce::var' to 'DisplayMode'
  468 |     newSettings.displayMode = static_cast<DisplayMode>(state.getValue("displayMode", static_cast<int>(DisplayMode::Logarithmic)));
      |                               ^~~~~~~~~~~~~~~~~~~~~~~~~~~~~~~~~~~~~~~~~~~~~~~~~~~~~~~~~~~~~~~~~~~~~~~~~~~~~~~~~~~~~~~~~~~~~~~~~~~
In file included from /Users/larryseyer/AudioDevelopment/OTTO/Source/UI/Visualizations/SpectrumAnalyzer.cpp:1:
In file included from /Users/larryseyer/AudioDevelopment/OTTO/Source/UI/Visualizations/SpectrumAnalyzer.h:4:
In file included from /Users/larryseyer/AudioDevelopment/OTTO/Builds/MacOSX/CMake-Release/OTTO_artefacts/JuceLibraryCode/JuceHeader.h:14:
In file included from /Users/larryseyer/AudioDevelopment/OTTO/JUCE/modules/juce_audio_plugin_client/juce_audio_plugin_client.h:63:
In file included from /Users/larryseyer/AudioDevelopment/OTTO/JUCE/modules/juce_gui_basics/juce_gui_basics.h:68:
In file included from /Users/larryseyer/AudioDevelopment/OTTO/JUCE/modules/juce_graphics/juce_graphics.h:67:
In file included from /Users/larryseyer/AudioDevelopment/OTTO/JUCE/modules/juce_core/juce_core.h:303:
/Users/larryseyer/AudioDevelopment/OTTO/JUCE/modules/juce_core/containers/juce_Variant.h:119:5: note: candidate function
  119 |     operator int() const noexcept;
      |     ^
/Users/larryseyer/AudioDevelopment/OTTO/JUCE/modules/juce_core/containers/juce_Variant.h:120:5: note: candidate function
  120 |     operator int64() const noexcept;
      |     ^
/Users/larryseyer/AudioDevelopment/OTTO/JUCE/modules/juce_core/containers/juce_Variant.h:121:5: note: candidate function
  121 |     operator bool() const noexcept;
      |     ^
/Users/larryseyer/AudioDevelopment/OTTO/JUCE/modules/juce_core/containers/juce_Variant.h:122:5: note: candidate function
  122 |     operator float() const noexcept;
      |     ^
/Users/larryseyer/AudioDevelopment/OTTO/JUCE/modules/juce_core/containers/juce_Variant.h:123:5: note: candidate function
  123 |     operator double() const noexcept;
      |     ^
/Users/larryseyer/AudioDevelopment/OTTO/JUCE/modules/juce_core/containers/juce_Variant.h:124:5: note: candidate function
  124 |     operator String() const;
      |     ^
/Users/larryseyer/AudioDevelopment/OTTO/Source/UI/Visualizations/SpectrumAnalyzer.cpp:469:30: error: no matching conversion for static_cast from 'juce::var' to 'WindowType'
  469 |     newSettings.windowType = static_cast<WindowType>(state.getValue("windowType", static_cast<int>(WindowType::Hanning)));
      |                              ^~~~~~~~~~~~~~~~~~~~~~~~~~~~~~~~~~~~~~~~~~~~~~~~~~~~~~~~~~~~~~~~~~~~~~~~~~~~~~~~~~~~~~~~~~~~
In file included from /Users/larryseyer/AudioDevelopment/OTTO/Source/UI/Visualizations/SpectrumAnalyzer.cpp:1:
In file included from /Users/larryseyer/AudioDevelopment/OTTO/Source/UI/Visualizations/SpectrumAnalyzer.h:4:
In file included from /Users/larryseyer/AudioDevelopment/OTTO/Builds/MacOSX/CMake-Release/OTTO_artefacts/JuceLibraryCode/JuceHeader.h:14:
In file included from /Users/larryseyer/AudioDevelopment/OTTO/JUCE/modules/juce_audio_plugin_client/juce_audio_plugin_client.h:63:
In file included from /Users/larryseyer/AudioDevelopment/OTTO/JUCE/modules/juce_gui_basics/juce_gui_basics.h:68:
In file included from /Users/larryseyer/AudioDevelopment/OTTO/JUCE/modules/juce_graphics/juce_graphics.h:67:
In file included from /Users/larryseyer/AudioDevelopment/OTTO/JUCE/modules/juce_core/juce_core.h:303:
/Users/larryseyer/AudioDevelopment/OTTO/JUCE/modules/juce_core/containers/juce_Variant.h:119:5: note: candidate function
  119 |     operator int() const noexcept;
      |     ^
/Users/larryseyer/AudioDevelopment/OTTO/JUCE/modules/juce_core/containers/juce_Variant.h:120:5: note: candidate function
  120 |     operator int64() const noexcept;
      |     ^
/Users/larryseyer/AudioDevelopment/OTTO/JUCE/modules/juce_core/containers/juce_Variant.h:121:5: note: candidate function
  121 |     operator bool() const noexcept;
      |     ^
/Users/larryseyer/AudioDevelopment/OTTO/JUCE/modules/juce_core/containers/juce_Variant.h:122:5: note: candidate function
  122 |     operator float() const noexcept;
      |     ^
/Users/larryseyer/AudioDevelopment/OTTO/JUCE/modules/juce_core/containers/juce_Variant.h:123:5: note: candidate function
  123 |     operator double() const noexcept;
      |     ^
/Users/larryseyer/AudioDevelopment/OTTO/JUCE/modules/juce_core/containers/juce_Variant.h:124:5: note: candidate function
  124 |     operator String() const;
      |     ^
/Users/larryseyer/AudioDevelopment/OTTO/Source/UI/Visualizations/SpectrumAnalyzer.cpp:470:33: error: no matching conversion for static_cast from 'juce::var' to 'AveragingMode'
  470 |     newSettings.averagingMode = static_cast<AveragingMode>(state.getValue("averagingMode", static_cast<int>(AveragingMode::Exponential)));
      |                                 ^~~~~~~~~~~~~~~~~~~~~~~~~~~~~~~~~~~~~~~~~~~~~~~~~~~~~~~~~~~~~~~~~~~~~~~~~~~~~~~~~~~~~~~~~~~~~~~~~~~~~~~~~
In file included from /Users/larryseyer/AudioDevelopment/OTTO/Source/UI/Visualizations/SpectrumAnalyzer.cpp:1:
In file included from /Users/larryseyer/AudioDevelopment/OTTO/Source/UI/Visualizations/SpectrumAnalyzer.h:4:
In file included from /Users/larryseyer/AudioDevelopment/OTTO/Builds/MacOSX/CMake-Release/OTTO_artefacts/JuceLibraryCode/JuceHeader.h:14:
In file included from /Users/larryseyer/AudioDevelopment/OTTO/JUCE/modules/juce_audio_plugin_client/juce_audio_plugin_client.h:63:
In file included from /Users/larryseyer/AudioDevelopment/OTTO/JUCE/modules/juce_gui_basics/juce_gui_basics.h:68:
In file included from /Users/larryseyer/AudioDevelopment/OTTO/JUCE/modules/juce_graphics/juce_graphics.h:67:
In file included from /Users/larryseyer/AudioDevelopment/OTTO/JUCE/modules/juce_core/juce_core.h:303:
/Users/larryseyer/AudioDevelopment/OTTO/JUCE/modules/juce_core/containers/juce_Variant.h:119:5: note: candidate function
  119 |     operator int() const noexcept;
      |     ^
/Users/larryseyer/AudioDevelopment/OTTO/JUCE/modules/juce_core/containers/juce_Variant.h:120:5: note: candidate function
  120 |     operator int64() const noexcept;
      |     ^
/Users/larryseyer/AudioDevelopment/OTTO/JUCE/modules/juce_core/containers/juce_Variant.h:121:5: note: candidate function
  121 |     operator bool() const noexcept;
      |     ^
/Users/larryseyer/AudioDevelopment/OTTO/JUCE/modules/juce_core/containers/juce_Variant.h:122:5: note: candidate function
  122 |     operator float() const noexcept;
      |     ^
/Users/larryseyer/AudioDevelopment/OTTO/JUCE/modules/juce_core/containers/juce_Variant.h:123:5: note: candidate function
  123 |     operator double() const noexcept;
      |     ^
/Users/larryseyer/AudioDevelopment/OTTO/JUCE/modules/juce_core/containers/juce_Variant.h:124:5: note: candidate function
  124 |     operator String() const;
      |     ^
/Users/larryseyer/AudioDevelopment/OTTO/Source/UI/Visualizations/SpectrumAnalyzer.cpp:471:63: warning: implicit conversion increases floating-point precision: 'float' to 'double' [-Wdouble-promotion]
  471 |     newSettings.minFrequency = state.getValue("minFrequency", 20.0f);
      |                                                               ^~~~~
/Users/larryseyer/AudioDevelopment/OTTO/Source/UI/Visualizations/SpectrumAnalyzer.cpp:472:63: warning: implicit conversion increases floating-point precision: 'float' to 'double' [-Wdouble-promotion]
  472 |     newSettings.maxFrequency = state.getValue("maxFrequency", 20000.0f);
      |                                                               ^~~~~~~~
/Users/larryseyer/AudioDevelopment/OTTO/Source/UI/Visualizations/SpectrumAnalyzer.cpp:473:61: warning: implicit conversion increases floating-point precision: 'float' to 'double' [-Wdouble-promotion]
  473 |     newSettings.minDecibels = state.getValue("minDecibels", -80.0f);
      |                                                             ^~~~~~
/Users/larryseyer/AudioDevelopment/OTTO/Source/UI/Visualizations/SpectrumAnalyzer.cpp:474:61: warning: implicit conversion increases floating-point precision: 'float' to 'double' [-Wdouble-promotion]
  474 |     newSettings.maxDecibels = state.getValue("maxDecibels", 0.0f);
      |                                                             ^~~~
/Users/larryseyer/AudioDevelopment/OTTO/Source/UI/Visualizations/SpectrumAnalyzer.cpp:475:69: warning: implicit conversion increases floating-point precision: 'float' to 'double' [-Wdouble-promotion]
  475 |     newSettings.averagingFactor = state.getValue("averagingFactor", 0.8f);
      |                                                                     ^~~~
/Users/larryseyer/AudioDevelopment/OTTO/Source/UI/Visualizations/SpectrumAnalyzer.cpp:476:63: warning: implicit conversion increases floating-point precision: 'float' to 'double' [-Wdouble-promotion]
  476 |     newSettings.peakHoldTime = state.getValue("peakHoldTime", 2.0f);
      |                                                               ^~~~
/Users/larryseyer/AudioDevelopment/OTTO/Source/UI/Visualizations/SpectrumAnalyzer.cpp:477:65: warning: implicit conversion increases floating-point precision: 'float' to 'double' [-Wdouble-promotion]
  477 |     newSettings.peakDecayRate = state.getValue("peakDecayRate", 12.0f);
      |                                                                 ^~~~~
/Users/larryseyer/AudioDevelopment/OTTO/Source/UI/Visualizations/SpectrumAnalyzer.cpp:676:38: warning: implicit conversion increases floating-point precision: 'float' to 'double' [-Wdouble-promotion]
  676 |         if (timeSincePeak > settings.peakHoldTime) {
      |                           ~ ~~~~~~~~~^~~~~~~~~~~~
/Users/larryseyer/AudioDevelopment/OTTO/Source/UI/Visualizations/SpectrumAnalyzer.cpp:678:96: warning: implicit conversion increases floating-point precision: 'float' to 'double' [-Wdouble-promotion]
  678 |             float decay = settings.peakDecayRate * static_cast<float>(timeSincePeak - settings.peakHoldTime);
      |                                                                                     ~ ~~~~~~~~~^~~~~~~~~~~~

CompileC /Users/larryseyer/AudioDevelopment/OTTO/Builds/MacOSX/CMake-Release/build/OTTO.build/Release/Objects-normal/arm64/PatternVisualizer.o /Users/larryseyer/AudioDevelopment/OTTO/Source/UI/Visualizations/PatternVisualizer.cpp normal arm64 c++ com.apple.compilers.llvm.clang.1_0.compiler (in target 'OTTO' from project 'OTTO')
    cd /Users/larryseyer/AudioDevelopment/OTTO
    
    Using response file: /Users/larryseyer/AudioDevelopment/OTTO/Builds/MacOSX/CMake-Release/build/OTTO.build/Release/Objects-normal/arm64/82b82416624d2658e5098eb0a28c15c5-common-args.resp
    
    /Applications/Xcode.app/Contents/Developer/Toolchains/XcodeDefault.xctoolchain/usr/bin/clang -x c++ -ivfsstatcache /var/folders/0p/t4rj91z90d38yk0_8vh370gr0000gn/C/com.apple.DeveloperTools/16.4-16F6/Xcode/SDKStatCaches.noindex/macosx15.5-24F74-8254517eb8b97d462ccbc072ba9094c9.sdkstatcache -fmessage-length\=0 -fdiagnostics-show-note-include-stack -fmacro-backtrace-limit\=0 -fno-color-diagnostics -Wno-trigraphs -Wno-missing-field-initializers -Wno-missing-prototypes -Wno-return-type -Wno-non-virtual-dtor -Wno-overloaded-virtual -Wno-exit-time-destructors -Wno-missing-braces -Wparentheses -Wswitch -Wno-unused-function -Wno-unused-label -Wno-unused-parameter -Wno-unused-variable -Wunused-value -Wno-empty-body -Wno-uninitialized -Wno-unknown-pragmas -Wno-shadow -Wno-four-char-constants -Wno-conversion -Wno-constant-conversion -Wno-int-conversion -Wno-bool-conversion -Wno-enum-conversion -Wno-float-conversion -Wno-non-literal-null-conversion -Wno-objc-literal-conversion -Wshorten-64-to-32 -Wno-newline-eof -Wno-c++11-extensions -Wno-implicit-fallthrough -fstrict-aliasing -Wdeprecated-declarations -Winvalid-offsetof -Wno-sign-conversion -Wno-infinite-recursion -Wno-move -Wno-comma -Wno-block-capture-autoreleasing -Wno-strict-prototypes -Wno-range-loop-analysis -Wno-semicolon-before-method-body -Wall -Wextra -Wpedantic -Wformat\=2 -Wformat-security -Wnull-dereference -Wdouble-promotion -Wshadow -Wundef -Wcast-align @/Users/larryseyer/AudioDevelopment/OTTO/Builds/MacOSX/CMake-Release/build/OTTO.build/Release/Objects-normal/arm64/82b82416624d2658e5098eb0a28c15c5-common-args.resp -MMD -MT dependencies -MF /Users/larryseyer/AudioDevelopment/OTTO/Builds/MacOSX/CMake-Release/build/OTTO.build/Release/Objects-normal/arm64/PatternVisualizer.d --serialize-diagnostics /Users/larryseyer/AudioDevelopment/OTTO/Builds/MacOSX/CMake-Release/build/OTTO.build/Release/Objects-normal/arm64/PatternVisualizer.dia -c /Users/larryseyer/AudioDevelopment/OTTO/Source/UI/Visualizations/PatternVisualizer.cpp -o /Users/larryseyer/AudioDevelopment/OTTO/Builds/MacOSX/CMake-Release/build/OTTO.build/Release/Objects-normal/arm64/PatternVisualizer.o
In file included from /Users/larryseyer/AudioDevelopment/OTTO/Source/UI/Visualizations/PatternVisualizer.cpp:1:
In file included from /Users/larryseyer/AudioDevelopment/OTTO/Source/UI/Visualizations/PatternVisualizer.h:4:
In file included from /Users/larryseyer/AudioDevelopment/OTTO/Builds/MacOSX/CMake-Release/OTTO_artefacts/JuceLibraryCode/JuceHeader.h:14:
In file included from /Users/larryseyer/AudioDevelopment/OTTO/JUCE/modules/juce_audio_plugin_client/juce_audio_plugin_client.h:63:
In file included from /Users/larryseyer/AudioDevelopment/OTTO/JUCE/modules/juce_gui_basics/juce_gui_basics.h:68:
In file included from /Users/larryseyer/AudioDevelopment/OTTO/JUCE/modules/juce_graphics/juce_graphics.h:67:
In file included from /Users/larryseyer/AudioDevelopment/OTTO/JUCE/modules/juce_core/juce_core.h:77:
/Users/larryseyer/AudioDevelopment/OTTO/JUCE/modules/juce_core/system/juce_TargetPlatform.h:99:5: warning: 'JUCE_WINDOWS' is not defined, evaluates to 0 [-Wundef]
   99 | #if JUCE_WINDOWS
      |     ^
/Users/larryseyer/AudioDevelopment/OTTO/JUCE/modules/juce_core/system/juce_TargetPlatform.h:183:5: warning: 'JUCE_LINUX' is not defined, evaluates to 0 [-Wundef]
  183 | #if JUCE_LINUX || JUCE_ANDROID || JUCE_BSD
      |     ^
/Users/larryseyer/AudioDevelopment/OTTO/JUCE/modules/juce_core/system/juce_TargetPlatform.h:183:19: warning: 'JUCE_ANDROID' is not defined, evaluates to 0 [-Wundef]
  183 | #if JUCE_LINUX || JUCE_ANDROID || JUCE_BSD
      |                   ^
/Users/larryseyer/AudioDevelopment/OTTO/JUCE/modules/juce_core/system/juce_TargetPlatform.h:183:35: warning: 'JUCE_BSD' is not defined, evaluates to 0 [-Wundef]
  183 | #if JUCE_LINUX || JUCE_ANDROID || JUCE_BSD
      |                                   ^
In file included from /Users/larryseyer/AudioDevelopment/OTTO/Source/UI/Visualizations/PatternVisualizer.cpp:1:
In file included from /Users/larryseyer/AudioDevelopment/OTTO/Source/UI/Visualizations/PatternVisualizer.h:4:
In file included from /Users/larryseyer/AudioDevelopment/OTTO/Builds/MacOSX/CMake-Release/OTTO_artefacts/JuceLibraryCode/JuceHeader.h:14:
In file included from /Users/larryseyer/AudioDevelopment/OTTO/JUCE/modules/juce_audio_plugin_client/juce_audio_plugin_client.h:63:
In file included from /Users/larryseyer/AudioDevelopment/OTTO/JUCE/modules/juce_gui_basics/juce_gui_basics.h:68:
In file included from /Users/larryseyer/AudioDevelopment/OTTO/JUCE/modules/juce_graphics/juce_graphics.h:67:
/Users/larryseyer/AudioDevelopment/OTTO/JUCE/modules/juce_core/juce_core.h:115:5: warning: 'JUCE_DEBUG' is not defined, evaluates to 0 [-Wundef]
  115 | #if JUCE_DEBUG && ! defined (JUCE_CHECK_MEMORY_LEAKS)
      |     ^
/Users/larryseyer/AudioDevelopment/OTTO/JUCE/modules/juce_core/juce_core.h:207:5: warning: 'JUCE_CORE_INCLUDE_NATIVE_HEADERS' is not defined, evaluates to 0 [-Wundef]
  207 | #if JUCE_CORE_INCLUDE_NATIVE_HEADERS
      |     ^
/Users/larryseyer/AudioDevelopment/OTTO/JUCE/modules/juce_core/juce_core.h:211:5: warning: 'JUCE_WINDOWS' is not defined, evaluates to 0 [-Wundef]
  211 | #if JUCE_WINDOWS
      |     ^
In file included from /Users/larryseyer/AudioDevelopment/OTTO/Source/UI/Visualizations/PatternVisualizer.cpp:1:
In file included from /Users/larryseyer/AudioDevelopment/OTTO/Source/UI/Visualizations/PatternVisualizer.h:4:
In file included from /Users/larryseyer/AudioDevelopment/OTTO/Builds/MacOSX/CMake-Release/OTTO_artefacts/JuceLibraryCode/JuceHeader.h:14:
In file included from /Users/larryseyer/AudioDevelopment/OTTO/JUCE/modules/juce_audio_plugin_client/juce_audio_plugin_client.h:63:
In file included from /Users/larryseyer/AudioDevelopment/OTTO/JUCE/modules/juce_gui_basics/juce_gui_basics.h:68:
In file included from /Users/larryseyer/AudioDevelopment/OTTO/JUCE/modules/juce_graphics/juce_graphics.h:67:
In file included from /Users/larryseyer/AudioDevelopment/OTTO/JUCE/modules/juce_core/juce_core.h:215:
/Users/larryseyer/AudioDevelopment/OTTO/JUCE/modules/juce_core/system/juce_StandardHeader.h:56:7: warning: 'DOXYGEN' is not defined, evaluates to 0 [-Wundef]
   56 | #if ! DOXYGEN
      |       ^
In file included from /Users/larryseyer/AudioDevelopment/OTTO/Source/UI/Visualizations/PatternVisualizer.cpp:1:
In file included from /Users/larryseyer/AudioDevelopment/OTTO/Source/UI/Visualizations/PatternVisualizer.h:4:
In file included from /Users/larryseyer/AudioDevelopment/OTTO/Builds/MacOSX/CMake-Release/OTTO_artefacts/JuceLibraryCode/JuceHeader.h:14:
In file included from /Users/larryseyer/AudioDevelopment/OTTO/JUCE/modules/juce_audio_plugin_client/juce_audio_plugin_client.h:63:
In file included from /Users/larryseyer/AudioDevelopment/OTTO/JUCE/modules/juce_gui_basics/juce_gui_basics.h:68:
In file included from /Users/larryseyer/AudioDevelopment/OTTO/JUCE/modules/juce_graphics/juce_graphics.h:67:
In file included from /Users/larryseyer/AudioDevelopment/OTTO/JUCE/modules/juce_core/juce_core.h:215:
In file included from /Users/larryseyer/AudioDevelopment/OTTO/JUCE/modules/juce_core/system/juce_StandardHeader.h:93:
/Users/larryseyer/AudioDevelopment/OTTO/JUCE/modules/juce_core/system/juce_CompilerSupport.h:43:5: warning: 'JUCE_GCC' is not defined, evaluates to 0 [-Wundef]
   43 | #if JUCE_GCC
      |     ^
/Users/larryseyer/AudioDevelopment/OTTO/JUCE/modules/juce_core/system/juce_CompilerSupport.h:94:5: warning: 'JUCE_MSVC' is not defined, evaluates to 0 [-Wundef]
   94 | #if JUCE_MSVC
      |     ^
In file included from /Users/larryseyer/AudioDevelopment/OTTO/Source/UI/Visualizations/PatternVisualizer.cpp:1:
In file included from /Users/larryseyer/AudioDevelopment/OTTO/Source/UI/Visualizations/PatternVisualizer.h:4:
In file included from /Users/larryseyer/AudioDevelopment/OTTO/Builds/MacOSX/CMake-Release/OTTO_artefacts/JuceLibraryCode/JuceHeader.h:14:
In file included from /Users/larryseyer/AudioDevelopment/OTTO/JUCE/modules/juce_audio_plugin_client/juce_audio_plugin_client.h:63:
In file included from /Users/larryseyer/AudioDevelopment/OTTO/JUCE/modules/juce_gui_basics/juce_gui_basics.h:68:
In file included from /Users/larryseyer/AudioDevelopment/OTTO/JUCE/modules/juce_graphics/juce_graphics.h:67:
In file included from /Users/larryseyer/AudioDevelopment/OTTO/JUCE/modules/juce_core/juce_core.h:215:
In file included from /Users/larryseyer/AudioDevelopment/OTTO/JUCE/modules/juce_core/system/juce_StandardHeader.h:94:
/Users/larryseyer/AudioDevelopment/OTTO/JUCE/modules/juce_core/system/juce_CompilerWarnings.h:221:5: warning: 'JUCE_MSVC' is not defined, evaluates to 0 [-Wundef]
  221 | #if JUCE_MSVC
      |     ^
In file included from /Users/larryseyer/AudioDevelopment/OTTO/Source/UI/Visualizations/PatternVisualizer.cpp:1:
In file included from /Users/larryseyer/AudioDevelopment/OTTO/Source/UI/Visualizations/PatternVisualizer.h:4:
In file included from /Users/larryseyer/AudioDevelopment/OTTO/Builds/MacOSX/CMake-Release/OTTO_artefacts/JuceLibraryCode/JuceHeader.h:14:
In file included from /Users/larryseyer/AudioDevelopment/OTTO/JUCE/modules/juce_audio_plugin_client/juce_audio_plugin_client.h:63:
In file included from /Users/larryseyer/AudioDevelopment/OTTO/JUCE/modules/juce_gui_basics/juce_gui_basics.h:68:
In file included from /Users/larryseyer/AudioDevelopment/OTTO/JUCE/modules/juce_graphics/juce_graphics.h:67:
In file included from /Users/larryseyer/AudioDevelopment/OTTO/JUCE/modules/juce_core/juce_core.h:215:
In file included from /Users/larryseyer/AudioDevelopment/OTTO/JUCE/modules/juce_core/system/juce_StandardHeader.h:95:
/Users/larryseyer/AudioDevelopment/OTTO/JUCE/modules/juce_core/system/juce_PlatformDefs.h:54:5: warning: 'JUCE_WINDOWS' is not defined, evaluates to 0 [-Wundef]
   54 | #if JUCE_WINDOWS
      |     ^
/Users/larryseyer/AudioDevelopment/OTTO/JUCE/modules/juce_core/system/juce_PlatformDefs.h:66:29: warning: 'JUCE_DEBUG' is not defined, evaluates to 0 [-Wundef]
   66 |  #if JUCE_LOG_ASSERTIONS || JUCE_DEBUG
      |                             ^
/Users/larryseyer/AudioDevelopment/OTTO/JUCE/modules/juce_core/system/juce_PlatformDefs.h:74:5: warning: 'JUCE_IOS' is not defined, evaluates to 0 [-Wundef]
   74 | #if JUCE_IOS || JUCE_LINUX || JUCE_BSD
      |     ^
/Users/larryseyer/AudioDevelopment/OTTO/JUCE/modules/juce_core/system/juce_PlatformDefs.h:74:17: warning: 'JUCE_LINUX' is not defined, evaluates to 0 [-Wundef]
   74 | #if JUCE_IOS || JUCE_LINUX || JUCE_BSD
      |                 ^
/Users/larryseyer/AudioDevelopment/OTTO/JUCE/modules/juce_core/system/juce_PlatformDefs.h:74:31: warning: 'JUCE_BSD' is not defined, evaluates to 0 [-Wundef]
   74 | #if JUCE_IOS || JUCE_LINUX || JUCE_BSD
      |                               ^
/Users/larryseyer/AudioDevelopment/OTTO/JUCE/modules/juce_core/system/juce_PlatformDefs.h:81:7: warning: 'JUCE_MSVC' is not defined, evaluates to 0 [-Wundef]
   81 | #elif JUCE_MSVC
      |       ^
/Users/larryseyer/AudioDevelopment/OTTO/JUCE/modules/juce_core/system/juce_PlatformDefs.h:86:7: warning: 'JUCE_INTEL' is not defined, evaluates to 0 [-Wundef]
   86 | #elif JUCE_INTEL && (JUCE_GCC || JUCE_CLANG || JUCE_MAC)
      |       ^
/Users/larryseyer/AudioDevelopment/OTTO/JUCE/modules/juce_core/system/juce_PlatformDefs.h:132:5: warning: 'JUCE_MSVC' is not defined, evaluates to 0 [-Wundef]
  132 | #if JUCE_MSVC && ! defined (DOXYGEN)
      |     ^
/Users/larryseyer/AudioDevelopment/OTTO/JUCE/modules/juce_core/system/juce_PlatformDefs.h:146:6: warning: 'JUCE_DEBUG' is not defined, evaluates to 0 [-Wundef]
  146 | #if (JUCE_DEBUG && ! JUCE_DISABLE_ASSERTIONS) || DOXYGEN
      |      ^
/Users/larryseyer/AudioDevelopment/OTTO/JUCE/modules/juce_core/system/juce_PlatformDefs.h:146:50: warning: 'DOXYGEN' is not defined, evaluates to 0 [-Wundef]
  146 | #if (JUCE_DEBUG && ! JUCE_DISABLE_ASSERTIONS) || DOXYGEN
      |                                                  ^
/Users/larryseyer/AudioDevelopment/OTTO/JUCE/modules/juce_core/system/juce_PlatformDefs.h:272:5: warning: 'JUCE_MSVC' is not defined, evaluates to 0 [-Wundef]
  272 | #if JUCE_MSVC && ! defined (DOXYGEN)
      |     ^
/Users/larryseyer/AudioDevelopment/OTTO/JUCE/modules/juce_core/system/juce_PlatformDefs.h:291:5: warning: 'JUCE_DEBUG' is not defined, evaluates to 0 [-Wundef]
  291 | #if JUCE_DEBUG || DOXYGEN
      |     ^
/Users/larryseyer/AudioDevelopment/OTTO/JUCE/modules/juce_core/system/juce_PlatformDefs.h:291:19: warning: 'DOXYGEN' is not defined, evaluates to 0 [-Wundef]
  291 | #if JUCE_DEBUG || DOXYGEN
      |                   ^
/Users/larryseyer/AudioDevelopment/OTTO/JUCE/modules/juce_core/system/juce_PlatformDefs.h:299:7: warning: 'JUCE_MSVC' is not defined, evaluates to 0 [-Wundef]
  299 |   #if JUCE_MSVC
      |       ^
/Users/larryseyer/AudioDevelopment/OTTO/JUCE/modules/juce_core/system/juce_PlatformDefs.h:306:5: warning: 'JUCE_MSVC' is not defined, evaluates to 0 [-Wundef]
  306 | #if JUCE_MSVC || DOXYGEN
      |     ^
/Users/larryseyer/AudioDevelopment/OTTO/JUCE/modules/juce_core/system/juce_PlatformDefs.h:306:18: warning: 'DOXYGEN' is not defined, evaluates to 0 [-Wundef]
  306 | #if JUCE_MSVC || DOXYGEN
      |                  ^
/Users/larryseyer/AudioDevelopment/OTTO/JUCE/modules/juce_core/system/juce_PlatformDefs.h:315:5: warning: 'JUCE_ANDROID' is not defined, evaluates to 0 [-Wundef]
  315 | #if JUCE_ANDROID && ! defined (DOXYGEN)
      |     ^
/Users/larryseyer/AudioDevelopment/OTTO/JUCE/modules/juce_core/system/juce_PlatformDefs.h:324:5: warning: 'JUCE_GCC' is not defined, evaluates to 0 [-Wundef]
  324 | #if JUCE_GCC || JUCE_CLANG
      |     ^
/Users/larryseyer/AudioDevelopment/OTTO/JUCE/modules/juce_core/system/juce_PlatformDefs.h:331:5: warning: 'JUCE_GCC' is not defined, evaluates to 0 [-Wundef]
  331 | #if JUCE_GCC || DOXYGEN
      |     ^
/Users/larryseyer/AudioDevelopment/OTTO/JUCE/modules/juce_core/system/juce_PlatformDefs.h:331:17: warning: 'DOXYGEN' is not defined, evaluates to 0 [-Wundef]
  331 | #if JUCE_GCC || DOXYGEN
      |                 ^
In file included from /Users/larryseyer/AudioDevelopment/OTTO/Source/UI/Visualizations/PatternVisualizer.cpp:1:
In file included from /Users/larryseyer/AudioDevelopment/OTTO/Source/UI/Visualizations/PatternVisualizer.h:4:
In file included from /Users/larryseyer/AudioDevelopment/OTTO/Builds/MacOSX/CMake-Release/OTTO_artefacts/JuceLibraryCode/JuceHeader.h:14:
In file included from /Users/larryseyer/AudioDevelopment/OTTO/JUCE/modules/juce_audio_plugin_client/juce_audio_plugin_client.h:63:
In file included from /Users/larryseyer/AudioDevelopment/OTTO/JUCE/modules/juce_gui_basics/juce_gui_basics.h:68:
In file included from /Users/larryseyer/AudioDevelopment/OTTO/JUCE/modules/juce_graphics/juce_graphics.h:67:
In file included from /Users/larryseyer/AudioDevelopment/OTTO/JUCE/modules/juce_core/juce_core.h:215:
/Users/larryseyer/AudioDevelopment/OTTO/JUCE/modules/juce_core/system/juce_StandardHeader.h:101:5: warning: 'JUCE_MSVC' is not defined, evaluates to 0 [-Wundef]
  101 | #if JUCE_MSVC
      |     ^
/Users/larryseyer/AudioDevelopment/OTTO/JUCE/modules/juce_core/system/juce_StandardHeader.h:113:5: warning: 'JUCE_LINUX' is not defined, evaluates to 0 [-Wundef]
  113 | #if JUCE_LINUX || JUCE_BSD
      |     ^
/Users/larryseyer/AudioDevelopment/OTTO/JUCE/modules/juce_core/system/juce_StandardHeader.h:113:19: warning: 'JUCE_BSD' is not defined, evaluates to 0 [-Wundef]
  113 | #if JUCE_LINUX || JUCE_BSD
      |                   ^
/Users/larryseyer/AudioDevelopment/OTTO/JUCE/modules/juce_core/system/juce_StandardHeader.h:126:5: warning: 'JUCE_MSVC' is not defined, evaluates to 0 [-Wundef]
  126 | #if JUCE_MSVC && JUCE_DEBUG
      |     ^
/Users/larryseyer/AudioDevelopment/OTTO/JUCE/modules/juce_core/system/juce_StandardHeader.h:132:5: warning: 'JUCE_ANDROID' is not defined, evaluates to 0 [-Wundef]
  132 | #if JUCE_ANDROID
      |     ^
/Users/larryseyer/AudioDevelopment/OTTO/JUCE/modules/juce_core/system/juce_StandardHeader.h:147:5: warning: 'JUCE_MSVC' is not defined, evaluates to 0 [-Wundef]
  147 | #if JUCE_MSVC
      |     ^
/Users/larryseyer/AudioDevelopment/OTTO/JUCE/modules/juce_core/system/juce_StandardHeader.h:167:5: warning: 'JUCE_MSVC' is not defined, evaluates to 0 [-Wundef]
  167 | #if JUCE_MSVC && JUCE_DLL_BUILD
      |     ^
In file included from /Users/larryseyer/AudioDevelopment/OTTO/Source/UI/Visualizations/PatternVisualizer.cpp:1:
In file included from /Users/larryseyer/AudioDevelopment/OTTO/Source/UI/Visualizations/PatternVisualizer.h:4:
In file included from /Users/larryseyer/AudioDevelopment/OTTO/Builds/MacOSX/CMake-Release/OTTO_artefacts/JuceLibraryCode/JuceHeader.h:14:
In file included from /Users/larryseyer/AudioDevelopment/OTTO/JUCE/modules/juce_audio_plugin_client/juce_audio_plugin_client.h:63:
In file included from /Users/larryseyer/AudioDevelopment/OTTO/JUCE/modules/juce_gui_basics/juce_gui_basics.h:68:
In file included from /Users/larryseyer/AudioDevelopment/OTTO/JUCE/modules/juce_graphics/juce_graphics.h:67:
In file included from /Users/larryseyer/AudioDevelopment/OTTO/JUCE/modules/juce_core/juce_core.h:239:
/Users/larryseyer/AudioDevelopment/OTTO/JUCE/modules/juce_core/memory/juce_Memory.h:165:59: warning: 'DOXYGEN' is not defined, evaluates to 0 [-Wundef]
  165 | #if (JUCE_COMPILER_SUPPORTS_ARC && defined (__OBJC__)) || DOXYGEN
      |                                                           ^
/Users/larryseyer/AudioDevelopment/OTTO/JUCE/modules/juce_core/memory/juce_Memory.h:181:5: warning: 'JUCE_MSVC' is not defined, evaluates to 0 [-Wundef]
  181 | #if JUCE_MSVC && (defined (JUCE_DLL) || defined (JUCE_DLL_BUILD)) && ! (JUCE_DISABLE_DLL_ALLOCATORS || DOXYGEN)
      |     ^
In file included from /Users/larryseyer/AudioDevelopment/OTTO/Source/UI/Visualizations/PatternVisualizer.cpp:1:
In file included from /Users/larryseyer/AudioDevelopment/OTTO/Source/UI/Visualizations/PatternVisualizer.h:4:
In file included from /Users/larryseyer/AudioDevelopment/OTTO/Builds/MacOSX/CMake-Release/OTTO_artefacts/JuceLibraryCode/JuceHeader.h:14:
In file included from /Users/larryseyer/AudioDevelopment/OTTO/JUCE/modules/juce_audio_plugin_client/juce_audio_plugin_client.h:63:
In file included from /Users/larryseyer/AudioDevelopment/OTTO/JUCE/modules/juce_gui_basics/juce_gui_basics.h:68:
In file included from /Users/larryseyer/AudioDevelopment/OTTO/JUCE/modules/juce_graphics/juce_graphics.h:67:
In file included from /Users/larryseyer/AudioDevelopment/OTTO/JUCE/modules/juce_core/juce_core.h:240:
/Users/larryseyer/AudioDevelopment/OTTO/JUCE/modules/juce_core/maths/juce_MathsFunctions.h:59:5: warning: 'JUCE_MSVC' is not defined, evaluates to 0 [-Wundef]
   59 | #if JUCE_MSVC
      |     ^
/Users/larryseyer/AudioDevelopment/OTTO/JUCE/modules/juce_core/maths/juce_MathsFunctions.h:97:5: warning: 'JUCE_WINDOWS' is not defined, evaluates to 0 [-Wundef]
   97 | #if JUCE_WINDOWS
      |     ^
/Users/larryseyer/AudioDevelopment/OTTO/JUCE/modules/juce_core/maths/juce_MathsFunctions.h:125:8: warning: 'JUCE_MSVC' is not defined, evaluates to 0 [-Wundef]
  125 |    #if JUCE_MSVC
      |        ^
/Users/larryseyer/AudioDevelopment/OTTO/JUCE/modules/juce_core/maths/juce_MathsFunctions.h:136:8: warning: 'JUCE_MSVC' is not defined, evaluates to 0 [-Wundef]
  136 |    #if JUCE_MSVC
      |        ^
/Users/larryseyer/AudioDevelopment/OTTO/JUCE/modules/juce_core/maths/juce_MathsFunctions.h:579:5: warning: 'JUCE_MSVC' is not defined, evaluates to 0 [-Wundef]
  579 | #if JUCE_MSVC
      |     ^
/Users/larryseyer/AudioDevelopment/OTTO/JUCE/modules/juce_core/maths/juce_MathsFunctions.h:606:8: warning: 'JUCE_BIG_ENDIAN' is not defined, evaluates to 0 [-Wundef]
  606 |    #if JUCE_BIG_ENDIAN
      |        ^
/Users/larryseyer/AudioDevelopment/OTTO/JUCE/modules/juce_core/maths/juce_MathsFunctions.h:618:5: warning: 'JUCE_MSVC' is not defined, evaluates to 0 [-Wundef]
  618 | #if JUCE_MSVC
      |     ^
/Users/larryseyer/AudioDevelopment/OTTO/JUCE/modules/juce_core/maths/juce_MathsFunctions.h:738:5: warning: 'JUCE_INTEL' is not defined, evaluates to 0 [-Wundef]
  738 | #if JUCE_INTEL || DOXYGEN
      |     ^
/Users/larryseyer/AudioDevelopment/OTTO/JUCE/modules/juce_core/maths/juce_MathsFunctions.h:738:19: warning: 'DOXYGEN' is not defined, evaluates to 0 [-Wundef]
  738 | #if JUCE_INTEL || DOXYGEN
      |                   ^
In file included from /Users/larryseyer/AudioDevelopment/OTTO/Source/UI/Visualizations/PatternVisualizer.cpp:1:
In file included from /Users/larryseyer/AudioDevelopment/OTTO/Source/UI/Visualizations/PatternVisualizer.h:4:
In file included from /Users/larryseyer/AudioDevelopment/OTTO/Builds/MacOSX/CMake-Release/OTTO_artefacts/JuceLibraryCode/JuceHeader.h:14:
In file included from /Users/larryseyer/AudioDevelopment/OTTO/JUCE/modules/juce_audio_plugin_client/juce_audio_plugin_client.h:63:
In file included from /Users/larryseyer/AudioDevelopment/OTTO/JUCE/modules/juce_gui_basics/juce_gui_basics.h:68:
In file included from /Users/larryseyer/AudioDevelopment/OTTO/JUCE/modules/juce_graphics/juce_graphics.h:67:
In file included from /Users/larryseyer/AudioDevelopment/OTTO/JUCE/modules/juce_core/juce_core.h:241:
/Users/larryseyer/AudioDevelopment/OTTO/JUCE/modules/juce_core/memory/juce_ByteOrder.h:162:5: warning: 'JUCE_MSVC' is not defined, evaluates to 0 [-Wundef]
  162 | #if JUCE_MSVC && ! defined (__INTEL_COMPILER)
      |     ^
In file included from /Users/larryseyer/AudioDevelopment/OTTO/Source/UI/Visualizations/PatternVisualizer.cpp:1:
In file included from /Users/larryseyer/AudioDevelopment/OTTO/Source/UI/Visualizations/PatternVisualizer.h:4:
In file included from /Users/larryseyer/AudioDevelopment/OTTO/Builds/MacOSX/CMake-Release/OTTO_artefacts/JuceLibraryCode/JuceHeader.h:14:
In file included from /Users/larryseyer/AudioDevelopment/OTTO/JUCE/modules/juce_audio_plugin_client/juce_audio_plugin_client.h:63:
In file included from /Users/larryseyer/AudioDevelopment/OTTO/JUCE/modules/juce_gui_basics/juce_gui_basics.h:68:
In file included from /Users/larryseyer/AudioDevelopment/OTTO/JUCE/modules/juce_graphics/juce_graphics.h:67:
In file included from /Users/larryseyer/AudioDevelopment/OTTO/JUCE/modules/juce_core/juce_core.h:243:
/Users/larryseyer/AudioDevelopment/OTTO/JUCE/modules/juce_core/text/juce_CharacterFunctions.h:39:5: warning: 'JUCE_WINDOWS' is not defined, evaluates to 0 [-Wundef]
   39 | #if JUCE_WINDOWS && ! defined (DOXYGEN)
      |     ^
/Users/larryseyer/AudioDevelopment/OTTO/JUCE/modules/juce_core/text/juce_CharacterFunctions.h:64:5: warning: 'JUCE_DEFINE_T_MACRO' is not defined, evaluates to 0 [-Wundef]
   64 | #if JUCE_DEFINE_T_MACRO
      |     ^
/Users/larryseyer/AudioDevelopment/OTTO/JUCE/modules/juce_core/text/juce_CharacterFunctions.h:406:12: warning: 'JUCE_WINDOWS' is not defined, evaluates to 0 [-Wundef]
  406 |        #if JUCE_WINDOWS
      |            ^
/Users/larryseyer/AudioDevelopment/OTTO/JUCE/modules/juce_core/text/juce_CharacterFunctions.h:411:13: warning: 'JUCE_ANDROID' is not defined, evaluates to 0 [-Wundef]
  411 |         #if JUCE_ANDROID
      |             ^
In file included from /Users/larryseyer/AudioDevelopment/OTTO/Source/UI/Visualizations/PatternVisualizer.cpp:1:
In file included from /Users/larryseyer/AudioDevelopment/OTTO/Source/UI/Visualizations/PatternVisualizer.h:4:
In file included from /Users/larryseyer/AudioDevelopment/OTTO/Builds/MacOSX/CMake-Release/OTTO_artefacts/JuceLibraryCode/JuceHeader.h:14:
In file included from /Users/larryseyer/AudioDevelopment/OTTO/JUCE/modules/juce_audio_plugin_client/juce_audio_plugin_client.h:63:
In file included from /Users/larryseyer/AudioDevelopment/OTTO/JUCE/modules/juce_gui_basics/juce_gui_basics.h:68:
In file included from /Users/larryseyer/AudioDevelopment/OTTO/JUCE/modules/juce_graphics/juce_graphics.h:67:
In file included from /Users/larryseyer/AudioDevelopment/OTTO/JUCE/modules/juce_core/juce_core.h:247:
/Users/larryseyer/AudioDevelopment/OTTO/JUCE/modules/juce_core/text/juce_CharPointer_UTF8.h:481:12: warning: 'JUCE_WINDOWS' is not defined, evaluates to 0 [-Wundef]
  481 |        #if JUCE_WINDOWS
      |            ^
In file included from /Users/larryseyer/AudioDevelopment/OTTO/Source/UI/Visualizations/PatternVisualizer.cpp:1:
In file included from /Users/larryseyer/AudioDevelopment/OTTO/Source/UI/Visualizations/PatternVisualizer.h:4:
In file included from /Users/larryseyer/AudioDevelopment/OTTO/Builds/MacOSX/CMake-Release/OTTO_artefacts/JuceLibraryCode/JuceHeader.h:14:
In file included from /Users/larryseyer/AudioDevelopment/OTTO/JUCE/modules/juce_audio_plugin_client/juce_audio_plugin_client.h:63:
In file included from /Users/larryseyer/AudioDevelopment/OTTO/JUCE/modules/juce_gui_basics/juce_gui_basics.h:68:
In file included from /Users/larryseyer/AudioDevelopment/OTTO/JUCE/modules/juce_graphics/juce_graphics.h:67:
In file included from /Users/larryseyer/AudioDevelopment/OTTO/JUCE/modules/juce_core/juce_core.h:248:
/Users/larryseyer/AudioDevelopment/OTTO/JUCE/modules/juce_core/text/juce_CharPointer_UTF16.h:353:8: warning: 'JUCE_MSVC' is not defined, evaluates to 0 [-Wundef]
  353 |    #if JUCE_MSVC && ! defined (DOXYGEN)
      |        ^
/Users/larryseyer/AudioDevelopment/OTTO/JUCE/modules/juce_core/text/juce_CharPointer_UTF16.h:412:12: warning: 'JUCE_MSVC' is not defined, evaluates to 0 [-Wundef]
  412 |        #if JUCE_MSVC
      |            ^
/Users/larryseyer/AudioDevelopment/OTTO/JUCE/modules/juce_core/text/juce_CharPointer_UTF16.h:422:12: warning: 'JUCE_MSVC' is not defined, evaluates to 0 [-Wundef]
  422 |        #if JUCE_MSVC
      |            ^
In file included from /Users/larryseyer/AudioDevelopment/OTTO/Source/UI/Visualizations/PatternVisualizer.cpp:1:
In file included from /Users/larryseyer/AudioDevelopment/OTTO/Source/UI/Visualizations/PatternVisualizer.h:4:
In file included from /Users/larryseyer/AudioDevelopment/OTTO/Builds/MacOSX/CMake-Release/OTTO_artefacts/JuceLibraryCode/JuceHeader.h:14:
In file included from /Users/larryseyer/AudioDevelopment/OTTO/JUCE/modules/juce_audio_plugin_client/juce_audio_plugin_client.h:63:
In file included from /Users/larryseyer/AudioDevelopment/OTTO/JUCE/modules/juce_gui_basics/juce_gui_basics.h:68:
In file included from /Users/larryseyer/AudioDevelopment/OTTO/JUCE/modules/juce_graphics/juce_graphics.h:67:
In file included from /Users/larryseyer/AudioDevelopment/OTTO/JUCE/modules/juce_core/juce_core.h:249:
/Users/larryseyer/AudioDevelopment/OTTO/JUCE/modules/juce_core/text/juce_CharPointer_UTF32.h:166:44: warning: 'JUCE_ANDROID' is not defined, evaluates to 0 [-Wundef]
  166 |        #if JUCE_NATIVE_WCHAR_IS_UTF32 && ! JUCE_ANDROID
      |                                            ^
/Users/larryseyer/AudioDevelopment/OTTO/JUCE/modules/juce_core/text/juce_CharPointer_UTF32.h:266:40: warning: 'JUCE_ANDROID' is not defined, evaluates to 0 [-Wundef]
  266 |    #if JUCE_NATIVE_WCHAR_IS_UTF32 && ! JUCE_ANDROID
      |                                        ^
In file included from /Users/larryseyer/AudioDevelopment/OTTO/Source/UI/Visualizations/PatternVisualizer.cpp:1:
In file included from /Users/larryseyer/AudioDevelopment/OTTO/Source/UI/Visualizations/PatternVisualizer.h:4:
In file included from /Users/larryseyer/AudioDevelopment/OTTO/Builds/MacOSX/CMake-Release/OTTO_artefacts/JuceLibraryCode/JuceHeader.h:14:
In file included from /Users/larryseyer/AudioDevelopment/OTTO/JUCE/modules/juce_audio_plugin_client/juce_audio_plugin_client.h:63:
In file included from /Users/larryseyer/AudioDevelopment/OTTO/JUCE/modules/juce_gui_basics/juce_gui_basics.h:68:
In file included from /Users/larryseyer/AudioDevelopment/OTTO/JUCE/modules/juce_graphics/juce_graphics.h:67:
In file included from /Users/larryseyer/AudioDevelopment/OTTO/JUCE/modules/juce_core/juce_core.h:250:
/Users/larryseyer/AudioDevelopment/OTTO/JUCE/modules/juce_core/text/juce_CharPointer_ASCII.h:278:12: warning: 'JUCE_WINDOWS' is not defined, evaluates to 0 [-Wundef]
  278 |        #if JUCE_WINDOWS && JUCE_CLANG
      |            ^
/Users/larryseyer/AudioDevelopment/OTTO/JUCE/modules/juce_core/text/juce_CharPointer_ASCII.h:280:14: warning: 'JUCE_WINDOWS' is not defined, evaluates to 0 [-Wundef]
  280 |        #elif JUCE_WINDOWS
      |              ^
/Users/larryseyer/AudioDevelopment/OTTO/JUCE/modules/juce_core/text/juce_CharPointer_ASCII.h:348:12: warning: 'JUCE_LINUX' is not defined, evaluates to 0 [-Wundef]
  348 |        #if JUCE_LINUX || JUCE_BSD || JUCE_ANDROID
      |            ^
/Users/larryseyer/AudioDevelopment/OTTO/JUCE/modules/juce_core/text/juce_CharPointer_ASCII.h:348:26: warning: 'JUCE_BSD' is not defined, evaluates to 0 [-Wundef]
  348 |        #if JUCE_LINUX || JUCE_BSD || JUCE_ANDROID
      |                          ^
/Users/larryseyer/AudioDevelopment/OTTO/JUCE/modules/juce_core/text/juce_CharPointer_ASCII.h:348:38: warning: 'JUCE_ANDROID' is not defined, evaluates to 0 [-Wundef]
  348 |        #if JUCE_LINUX || JUCE_BSD || JUCE_ANDROID
      |                                      ^
/Users/larryseyer/AudioDevelopment/OTTO/JUCE/modules/juce_core/text/juce_CharPointer_ASCII.h:350:14: warning: 'JUCE_WINDOWS' is not defined, evaluates to 0 [-Wundef]
  350 |        #elif JUCE_WINDOWS
      |              ^
In file included from /Users/larryseyer/AudioDevelopment/OTTO/Source/UI/Visualizations/PatternVisualizer.cpp:1:
In file included from /Users/larryseyer/AudioDevelopment/OTTO/Source/UI/Visualizations/PatternVisualizer.h:4:
In file included from /Users/larryseyer/AudioDevelopment/OTTO/Builds/MacOSX/CMake-Release/OTTO_artefacts/JuceLibraryCode/JuceHeader.h:14:
In file included from /Users/larryseyer/AudioDevelopment/OTTO/JUCE/modules/juce_audio_plugin_client/juce_audio_plugin_client.h:63:
In file included from /Users/larryseyer/AudioDevelopment/OTTO/JUCE/modules/juce_gui_basics/juce_gui_basics.h:68:
In file included from /Users/larryseyer/AudioDevelopment/OTTO/JUCE/modules/juce_graphics/juce_graphics.h:67:
In file included from /Users/larryseyer/AudioDevelopment/OTTO/JUCE/modules/juce_core/juce_core.h:254:
/Users/larryseyer/AudioDevelopment/OTTO/JUCE/modules/juce_core/text/juce_String.h:198:11: warning: 'DOXYGEN' is not defined, evaluates to 0 [-Wundef]
  198 |    #elif (DOXYGEN || JUCE_STRING_UTF_TYPE == 8)
      |           ^
In file included from /Users/larryseyer/AudioDevelopment/OTTO/Source/UI/Visualizations/PatternVisualizer.cpp:1:
In file included from /Users/larryseyer/AudioDevelopment/OTTO/Source/UI/Visualizations/PatternVisualizer.h:4:
In file included from /Users/larryseyer/AudioDevelopment/OTTO/Builds/MacOSX/CMake-Release/OTTO_artefacts/JuceLibraryCode/JuceHeader.h:14:
In file included from /Users/larryseyer/AudioDevelopment/OTTO/JUCE/modules/juce_audio_plugin_client/juce_audio_plugin_client.h:63:
In file included from /Users/larryseyer/AudioDevelopment/OTTO/JUCE/modules/juce_gui_basics/juce_gui_basics.h:68:
In file included from /Users/larryseyer/AudioDevelopment/OTTO/JUCE/modules/juce_graphics/juce_graphics.h:67:
In file included from /Users/larryseyer/AudioDevelopment/OTTO/JUCE/modules/juce_core/juce_core.h:257:
/Users/larryseyer/AudioDevelopment/OTTO/JUCE/modules/juce_core/memory/juce_LeakedObjectDetector.h:124:5: warning: 'DOXYGEN' is not defined, evaluates to 0 [-Wundef]
  124 | #if DOXYGEN || ! defined (JUCE_LEAK_DETECTOR)
      |     ^
/Users/larryseyer/AudioDevelopment/OTTO/JUCE/modules/juce_core/memory/juce_LeakedObjectDetector.h:125:7: warning: 'DOXYGEN' is not defined, evaluates to 0 [-Wundef]
  125 |  #if (DOXYGEN || JUCE_CHECK_MEMORY_LEAKS)
      |       ^
In file included from /Users/larryseyer/AudioDevelopment/OTTO/Source/UI/Visualizations/PatternVisualizer.cpp:1:
In file included from /Users/larryseyer/AudioDevelopment/OTTO/Source/UI/Visualizations/PatternVisualizer.h:4:
In file included from /Users/larryseyer/AudioDevelopment/OTTO/Builds/MacOSX/CMake-Release/OTTO_artefacts/JuceLibraryCode/JuceHeader.h:14:
In file included from /Users/larryseyer/AudioDevelopment/OTTO/JUCE/modules/juce_audio_plugin_client/juce_audio_plugin_client.h:63:
In file included from /Users/larryseyer/AudioDevelopment/OTTO/JUCE/modules/juce_gui_basics/juce_gui_basics.h:68:
In file included from /Users/larryseyer/AudioDevelopment/OTTO/JUCE/modules/juce_graphics/juce_graphics.h:67:
In file included from /Users/larryseyer/AudioDevelopment/OTTO/JUCE/modules/juce_core/juce_core.h:259:
/Users/larryseyer/AudioDevelopment/OTTO/JUCE/modules/juce_core/memory/juce_HeapBlock.h:38:8: warning: 'DOXYGEN' is not defined, evaluates to 0 [-Wundef]
   38 | #if ! (DOXYGEN || JUCE_EXCEPTIONS_DISABLED)
      |        ^
/Users/larryseyer/AudioDevelopment/OTTO/JUCE/modules/juce_core/memory/juce_HeapBlock.h:38:19: warning: 'JUCE_EXCEPTIONS_DISABLED' is not defined, evaluates to 0 [-Wundef]
   38 | #if ! (DOXYGEN || JUCE_EXCEPTIONS_DISABLED)
      |                   ^
/Users/larryseyer/AudioDevelopment/OTTO/JUCE/modules/juce_core/memory/juce_HeapBlock.h:343:12: warning: 'JUCE_EXCEPTIONS_DISABLED' is not defined, evaluates to 0 [-Wundef]
  343 |        #if JUCE_EXCEPTIONS_DISABLED
      |            ^
In file included from /Users/larryseyer/AudioDevelopment/OTTO/Source/UI/Visualizations/PatternVisualizer.cpp:1:
In file included from /Users/larryseyer/AudioDevelopment/OTTO/Source/UI/Visualizations/PatternVisualizer.h:4:
In file included from /Users/larryseyer/AudioDevelopment/OTTO/Builds/MacOSX/CMake-Release/OTTO_artefacts/JuceLibraryCode/JuceHeader.h:14:
In file included from /Users/larryseyer/AudioDevelopment/OTTO/JUCE/modules/juce_audio_plugin_client/juce_audio_plugin_client.h:63:
In file included from /Users/larryseyer/AudioDevelopment/OTTO/JUCE/modules/juce_gui_basics/juce_gui_basics.h:68:
In file included from /Users/larryseyer/AudioDevelopment/OTTO/JUCE/modules/juce_graphics/juce_graphics.h:67:
In file included from /Users/larryseyer/AudioDevelopment/OTTO/JUCE/modules/juce_core/juce_core.h:263:
/Users/larryseyer/AudioDevelopment/OTTO/JUCE/modules/juce_core/memory/juce_ScopedPointer.h:151:10: warning: 'JUCE_MSVC' is not defined, evaluates to 0 [-Wundef]
  151 |    #if ! JUCE_MSVC  // (MSVC can't deal with multiple copy constructors)
      |          ^
In file included from /Users/larryseyer/AudioDevelopment/OTTO/Source/UI/Visualizations/PatternVisualizer.cpp:1:
In file included from /Users/larryseyer/AudioDevelopment/OTTO/Source/UI/Visualizations/PatternVisualizer.h:4:
In file included from /Users/larryseyer/AudioDevelopment/OTTO/Builds/MacOSX/CMake-Release/OTTO_artefacts/JuceLibraryCode/JuceHeader.h:14:
In file included from /Users/larryseyer/AudioDevelopment/OTTO/JUCE/modules/juce_audio_plugin_client/juce_audio_plugin_client.h:63:
In file included from /Users/larryseyer/AudioDevelopment/OTTO/JUCE/modules/juce_gui_basics/juce_gui_basics.h:68:
In file included from /Users/larryseyer/AudioDevelopment/OTTO/JUCE/modules/juce_graphics/juce_graphics.h:67:
In file included from /Users/larryseyer/AudioDevelopment/OTTO/JUCE/modules/juce_core/juce_core.h:271:
/Users/larryseyer/AudioDevelopment/OTTO/JUCE/modules/juce_core/threads/juce_CriticalSection.h:116:8: warning: 'JUCE_WINDOWS' is not defined, evaluates to 0 [-Wundef]
  116 |    #if JUCE_WINDOWS
      |        ^
In file included from /Users/larryseyer/AudioDevelopment/OTTO/Source/UI/Visualizations/PatternVisualizer.cpp:1:
In file included from /Users/larryseyer/AudioDevelopment/OTTO/Source/UI/Visualizations/PatternVisualizer.h:4:
In file included from /Users/larryseyer/AudioDevelopment/OTTO/Builds/MacOSX/CMake-Release/OTTO_artefacts/JuceLibraryCode/JuceHeader.h:14:
In file included from /Users/larryseyer/AudioDevelopment/OTTO/JUCE/modules/juce_audio_plugin_client/juce_audio_plugin_client.h:63:
In file included from /Users/larryseyer/AudioDevelopment/OTTO/JUCE/modules/juce_gui_basics/juce_gui_basics.h:68:
In file included from /Users/larryseyer/AudioDevelopment/OTTO/JUCE/modules/juce_graphics/juce_graphics.h:67:
In file included from /Users/larryseyer/AudioDevelopment/OTTO/JUCE/modules/juce_core/juce_core.h:293:
/Users/larryseyer/AudioDevelopment/OTTO/JUCE/modules/juce_core/memory/juce_HeavyweightLeakedObjectDetector.h:123:5: warning: 'DOXYGEN' is not defined, evaluates to 0 [-Wundef]
  123 | #if DOXYGEN || ! defined (JUCE_HEAVYWEIGHT_LEAK_DETECTOR)
      |     ^
/Users/larryseyer/AudioDevelopment/OTTO/JUCE/modules/juce_core/memory/juce_HeavyweightLeakedObjectDetector.h:124:7: warning: 'DOXYGEN' is not defined, evaluates to 0 [-Wundef]
  124 |  #if (DOXYGEN || JUCE_CHECK_MEMORY_LEAKS)
      |       ^
In file included from /Users/larryseyer/AudioDevelopment/OTTO/Source/UI/Visualizations/PatternVisualizer.cpp:1:
In file included from /Users/larryseyer/AudioDevelopment/OTTO/Source/UI/Visualizations/PatternVisualizer.h:4:
In file included from /Users/larryseyer/AudioDevelopment/OTTO/Builds/MacOSX/CMake-Release/OTTO_artefacts/JuceLibraryCode/JuceHeader.h:14:
In file included from /Users/larryseyer/AudioDevelopment/OTTO/JUCE/modules/juce_audio_plugin_client/juce_audio_plugin_client.h:63:
In file included from /Users/larryseyer/AudioDevelopment/OTTO/JUCE/modules/juce_gui_basics/juce_gui_basics.h:68:
In file included from /Users/larryseyer/AudioDevelopment/OTTO/JUCE/modules/juce_graphics/juce_graphics.h:67:
In file included from /Users/larryseyer/AudioDevelopment/OTTO/JUCE/modules/juce_core/juce_core.h:318:
/Users/larryseyer/AudioDevelopment/OTTO/JUCE/modules/juce_core/files/juce_File.h:38:7: warning: 'DOXYGEN' is not defined, evaluates to 0 [-Wundef]
   38 | #if ! DOXYGEN && (JUCE_MAC || JUCE_IOS)
      |       ^
/Users/larryseyer/AudioDevelopment/OTTO/JUCE/modules/juce_core/files/juce_File.h:970:12: warning: 'JUCE_WINDOWS' is not defined, evaluates to 0 [-Wundef]
  970 |        #if JUCE_WINDOWS || DOXYGEN
      |            ^
/Users/larryseyer/AudioDevelopment/OTTO/JUCE/modules/juce_core/files/juce_File.h:970:28: warning: 'DOXYGEN' is not defined, evaluates to 0 [-Wundef]
  970 |        #if JUCE_WINDOWS || DOXYGEN
      |                            ^
/Users/larryseyer/AudioDevelopment/OTTO/JUCE/modules/juce_core/files/juce_File.h:981:12: warning: 'JUCE_WINDOWS' is not defined, evaluates to 0 [-Wundef]
  981 |        #if JUCE_WINDOWS || DOXYGEN
      |            ^
/Users/larryseyer/AudioDevelopment/OTTO/JUCE/modules/juce_core/files/juce_File.h:981:28: warning: 'DOXYGEN' is not defined, evaluates to 0 [-Wundef]
  981 |        #if JUCE_WINDOWS || DOXYGEN
      |                            ^
/Users/larryseyer/AudioDevelopment/OTTO/JUCE/modules/juce_core/files/juce_File.h:1100:8: warning: 'JUCE_WINDOWS' is not defined, evaluates to 0 [-Wundef]
 1100 |    #if JUCE_WINDOWS || DOXYGEN
      |        ^
/Users/larryseyer/AudioDevelopment/OTTO/JUCE/modules/juce_core/files/juce_File.h:1100:24: warning: 'DOXYGEN' is not defined, evaluates to 0 [-Wundef]
 1100 |    #if JUCE_WINDOWS || DOXYGEN
      |                        ^
/Users/larryseyer/AudioDevelopment/OTTO/JUCE/modules/juce_core/files/juce_File.h:1146:16: warning: 'NAMES_ARE_CASE_SENSITIVE' is not defined, evaluates to 0 [-Wundef]
 1146 |            #if NAMES_ARE_CASE_SENSITIVE
      |                ^
In file included from /Users/larryseyer/AudioDevelopment/OTTO/Source/UI/Visualizations/PatternVisualizer.cpp:1:
In file included from /Users/larryseyer/AudioDevelopment/OTTO/Source/UI/Visualizations/PatternVisualizer.h:4:
In file included from /Users/larryseyer/AudioDevelopment/OTTO/Builds/MacOSX/CMake-Release/OTTO_artefacts/JuceLibraryCode/JuceHeader.h:14:
In file included from /Users/larryseyer/AudioDevelopment/OTTO/JUCE/modules/juce_audio_plugin_client/juce_audio_plugin_client.h:63:
In file included from /Users/larryseyer/AudioDevelopment/OTTO/JUCE/modules/juce_gui_basics/juce_gui_basics.h:68:
In file included from /Users/larryseyer/AudioDevelopment/OTTO/JUCE/modules/juce_graphics/juce_graphics.h:67:
In file included from /Users/larryseyer/AudioDevelopment/OTTO/JUCE/modules/juce_core/juce_core.h:321:
/Users/larryseyer/AudioDevelopment/OTTO/JUCE/modules/juce_core/detail/juce_NativeFileHandle.h:38:5: warning: 'JUCE_WINDOWS' is not defined, evaluates to 0 [-Wundef]
   38 | #if JUCE_WINDOWS
      |     ^
In file included from /Users/larryseyer/AudioDevelopment/OTTO/Source/UI/Visualizations/PatternVisualizer.cpp:1:
In file included from /Users/larryseyer/AudioDevelopment/OTTO/Source/UI/Visualizations/PatternVisualizer.h:4:
In file included from /Users/larryseyer/AudioDevelopment/OTTO/Builds/MacOSX/CMake-Release/OTTO_artefacts/JuceLibraryCode/JuceHeader.h:14:
In file included from /Users/larryseyer/AudioDevelopment/OTTO/JUCE/modules/juce_audio_plugin_client/juce_audio_plugin_client.h:63:
In file included from /Users/larryseyer/AudioDevelopment/OTTO/JUCE/modules/juce_gui_basics/juce_gui_basics.h:68:
In file included from /Users/larryseyer/AudioDevelopment/OTTO/JUCE/modules/juce_graphics/juce_graphics.h:67:
In file included from /Users/larryseyer/AudioDevelopment/OTTO/JUCE/modules/juce_core/juce_core.h:325:
/Users/larryseyer/AudioDevelopment/OTTO/JUCE/modules/juce_core/files/juce_MemoryMappedFile.h:116:8: warning: 'JUCE_WINDOWS' is not defined, evaluates to 0 [-Wundef]
  116 |    #if JUCE_WINDOWS
      |        ^
In file included from /Users/larryseyer/AudioDevelopment/OTTO/Source/UI/Visualizations/PatternVisualizer.cpp:1:
In file included from /Users/larryseyer/AudioDevelopment/OTTO/Source/UI/Visualizations/PatternVisualizer.h:4:
In file included from /Users/larryseyer/AudioDevelopment/OTTO/Builds/MacOSX/CMake-Release/OTTO_artefacts/JuceLibraryCode/JuceHeader.h:14:
In file included from /Users/larryseyer/AudioDevelopment/OTTO/JUCE/modules/juce_audio_plugin_client/juce_audio_plugin_client.h:63:
In file included from /Users/larryseyer/AudioDevelopment/OTTO/JUCE/modules/juce_gui_basics/juce_gui_basics.h:68:
In file included from /Users/larryseyer/AudioDevelopment/OTTO/JUCE/modules/juce_graphics/juce_graphics.h:67:
In file included from /Users/larryseyer/AudioDevelopment/OTTO/JUCE/modules/juce_core/juce_core.h:338:
/Users/larryseyer/AudioDevelopment/OTTO/JUCE/modules/juce_core/misc/juce_WindowsRegistry.h:38:5: warning: 'JUCE_WINDOWS' is not defined, evaluates to 0 [-Wundef]
   38 | #if JUCE_WINDOWS || DOXYGEN
      |     ^
/Users/larryseyer/AudioDevelopment/OTTO/JUCE/modules/juce_core/misc/juce_WindowsRegistry.h:38:21: warning: 'DOXYGEN' is not defined, evaluates to 0 [-Wundef]
   38 | #if JUCE_WINDOWS || DOXYGEN
      |                     ^
In file included from /Users/larryseyer/AudioDevelopment/OTTO/Source/UI/Visualizations/PatternVisualizer.cpp:1:
In file included from /Users/larryseyer/AudioDevelopment/OTTO/Source/UI/Visualizations/PatternVisualizer.h:4:
In file included from /Users/larryseyer/AudioDevelopment/OTTO/Builds/MacOSX/CMake-Release/OTTO_artefacts/JuceLibraryCode/JuceHeader.h:14:
In file included from /Users/larryseyer/AudioDevelopment/OTTO/JUCE/modules/juce_audio_plugin_client/juce_audio_plugin_client.h:63:
In file included from /Users/larryseyer/AudioDevelopment/OTTO/JUCE/modules/juce_gui_basics/juce_gui_basics.h:68:
In file included from /Users/larryseyer/AudioDevelopment/OTTO/JUCE/modules/juce_graphics/juce_graphics.h:67:
In file included from /Users/larryseyer/AudioDevelopment/OTTO/JUCE/modules/juce_core/juce_core.h:342:
/Users/larryseyer/AudioDevelopment/OTTO/JUCE/modules/juce_core/threads/juce_Process.h:122:8: warning: 'JUCE_WINDOWS' is not defined, evaluates to 0 [-Wundef]
  122 |    #if JUCE_WINDOWS || DOXYGEN
      |        ^
/Users/larryseyer/AudioDevelopment/OTTO/JUCE/modules/juce_core/threads/juce_Process.h:122:24: warning: 'DOXYGEN' is not defined, evaluates to 0 [-Wundef]
  122 |    #if JUCE_WINDOWS || DOXYGEN
      |                        ^
In file included from /Users/larryseyer/AudioDevelopment/OTTO/Source/UI/Visualizations/PatternVisualizer.cpp:1:
In file included from /Users/larryseyer/AudioDevelopment/OTTO/Source/UI/Visualizations/PatternVisualizer.h:4:
In file included from /Users/larryseyer/AudioDevelopment/OTTO/Builds/MacOSX/CMake-Release/OTTO_artefacts/JuceLibraryCode/JuceHeader.h:14:
In file included from /Users/larryseyer/AudioDevelopment/OTTO/JUCE/modules/juce_audio_plugin_client/juce_audio_plugin_client.h:63:
In file included from /Users/larryseyer/AudioDevelopment/OTTO/JUCE/modules/juce_gui_basics/juce_gui_basics.h:68:
In file included from /Users/larryseyer/AudioDevelopment/OTTO/JUCE/modules/juce_graphics/juce_graphics.h:67:
In file included from /Users/larryseyer/AudioDevelopment/OTTO/JUCE/modules/juce_core/juce_core.h:345:
/Users/larryseyer/AudioDevelopment/OTTO/JUCE/modules/juce_core/threads/juce_Thread.h:526:8: warning: 'JUCE_ANDROID' is not defined, evaluates to 0 [-Wundef]
  526 |    #if JUCE_ANDROID || DOXYGEN
      |        ^
/Users/larryseyer/AudioDevelopment/OTTO/JUCE/modules/juce_core/threads/juce_Thread.h:526:24: warning: 'DOXYGEN' is not defined, evaluates to 0 [-Wundef]
  526 |    #if JUCE_ANDROID || DOXYGEN
      |                        ^
/Users/larryseyer/AudioDevelopment/OTTO/JUCE/modules/juce_core/threads/juce_Thread.h:607:8: warning: 'JUCE_ANDROID' is not defined, evaluates to 0 [-Wundef]
  607 |    #if JUCE_ANDROID || JUCE_LINUX || JUCE_BSD
      |        ^
/Users/larryseyer/AudioDevelopment/OTTO/JUCE/modules/juce_core/threads/juce_Thread.h:607:24: warning: 'JUCE_LINUX' is not defined, evaluates to 0 [-Wundef]
  607 |    #if JUCE_ANDROID || JUCE_LINUX || JUCE_BSD
      |                        ^
/Users/larryseyer/AudioDevelopment/OTTO/JUCE/modules/juce_core/threads/juce_Thread.h:607:38: warning: 'JUCE_BSD' is not defined, evaluates to 0 [-Wundef]
  607 |    #if JUCE_ANDROID || JUCE_LINUX || JUCE_BSD
      |                                      ^
In file included from /Users/larryseyer/AudioDevelopment/OTTO/Source/UI/Visualizations/PatternVisualizer.cpp:1:
In file included from /Users/larryseyer/AudioDevelopment/OTTO/Source/UI/Visualizations/PatternVisualizer.h:4:
In file included from /Users/larryseyer/AudioDevelopment/OTTO/Builds/MacOSX/CMake-Release/OTTO_artefacts/JuceLibraryCode/JuceHeader.h:14:
In file included from /Users/larryseyer/AudioDevelopment/OTTO/JUCE/modules/juce_audio_plugin_client/juce_audio_plugin_client.h:63:
In file included from /Users/larryseyer/AudioDevelopment/OTTO/JUCE/modules/juce_gui_basics/juce_gui_basics.h:68:
In file included from /Users/larryseyer/AudioDevelopment/OTTO/JUCE/modules/juce_graphics/juce_graphics.h:67:
In file included from /Users/larryseyer/AudioDevelopment/OTTO/JUCE/modules/juce_core/juce_core.h:357:
/Users/larryseyer/AudioDevelopment/OTTO/JUCE/modules/juce_core/network/juce_URL.h:567:12: warning: 'JUCE_IOS' is not defined, evaluates to 0 [-Wundef]
  567 |        #if JUCE_IOS
      |            ^
/Users/larryseyer/AudioDevelopment/OTTO/JUCE/modules/juce_core/network/juce_URL.h:708:8: warning: 'JUCE_IOS' is not defined, evaluates to 0 [-Wundef]
  708 |    #if JUCE_IOS
      |        ^
In file included from /Users/larryseyer/AudioDevelopment/OTTO/Source/UI/Visualizations/PatternVisualizer.cpp:1:
In file included from /Users/larryseyer/AudioDevelopment/OTTO/Source/UI/Visualizations/PatternVisualizer.h:4:
In file included from /Users/larryseyer/AudioDevelopment/OTTO/Builds/MacOSX/CMake-Release/OTTO_artefacts/JuceLibraryCode/JuceHeader.h:14:
In file included from /Users/larryseyer/AudioDevelopment/OTTO/JUCE/modules/juce_audio_plugin_client/juce_audio_plugin_client.h:63:
In file included from /Users/larryseyer/AudioDevelopment/OTTO/JUCE/modules/juce_gui_basics/juce_gui_basics.h:68:
In file included from /Users/larryseyer/AudioDevelopment/OTTO/JUCE/modules/juce_graphics/juce_graphics.h:67:
In file included from /Users/larryseyer/AudioDevelopment/OTTO/JUCE/modules/juce_core/juce_core.h:366:
/Users/larryseyer/AudioDevelopment/OTTO/JUCE/modules/juce_core/zip/juce_ZipFile.h:280:8: warning: 'JUCE_DEBUG' is not defined, evaluates to 0 [-Wundef]
  280 |    #if JUCE_DEBUG
      |        ^
In file included from /Users/larryseyer/AudioDevelopment/OTTO/Source/UI/Visualizations/PatternVisualizer.cpp:1:
In file included from /Users/larryseyer/AudioDevelopment/OTTO/Source/UI/Visualizations/PatternVisualizer.h:4:
In file included from /Users/larryseyer/AudioDevelopment/OTTO/Builds/MacOSX/CMake-Release/OTTO_artefacts/JuceLibraryCode/JuceHeader.h:14:
In file included from /Users/larryseyer/AudioDevelopment/OTTO/JUCE/modules/juce_audio_plugin_client/juce_audio_plugin_client.h:63:
In file included from /Users/larryseyer/AudioDevelopment/OTTO/JUCE/modules/juce_gui_basics/juce_gui_basics.h:68:
In file included from /Users/larryseyer/AudioDevelopment/OTTO/JUCE/modules/juce_graphics/juce_graphics.h:67:
/Users/larryseyer/AudioDevelopment/OTTO/JUCE/modules/juce_core/juce_core.h:378:5: warning: 'JUCE_CORE_INCLUDE_OBJC_HELPERS' is not defined, evaluates to 0 [-Wundef]
  378 | #if JUCE_CORE_INCLUDE_OBJC_HELPERS && (JUCE_MAC || JUCE_IOS)
      |     ^
/Users/larryseyer/AudioDevelopment/OTTO/JUCE/modules/juce_core/juce_core.h:383:5: warning: 'JUCE_CORE_INCLUDE_COM_SMART_PTR' is not defined, evaluates to 0 [-Wundef]
  383 | #if JUCE_CORE_INCLUDE_COM_SMART_PTR && JUCE_WINDOWS
      |     ^
/Users/larryseyer/AudioDevelopment/OTTO/JUCE/modules/juce_core/juce_core.h:387:5: warning: 'JUCE_CORE_INCLUDE_JNI_HELPERS' is not defined, evaluates to 0 [-Wundef]
  387 | #if JUCE_CORE_INCLUDE_JNI_HELPERS && JUCE_ANDROID
      |     ^
/Users/larryseyer/AudioDevelopment/OTTO/JUCE/modules/juce_core/juce_core.h:392:5: warning: 'JUCE_UNIT_TESTS' is not defined, evaluates to 0 [-Wundef]
  392 | #if JUCE_UNIT_TESTS
      |     ^
/Users/larryseyer/AudioDevelopment/OTTO/JUCE/modules/juce_core/juce_core.h:407:6: warning: 'JUCE_DEBUG' is not defined, evaluates to 0 [-Wundef]
  407 |  #if JUCE_DEBUG
      |      ^
In file included from /Users/larryseyer/AudioDevelopment/OTTO/Source/UI/Visualizations/PatternVisualizer.cpp:1:
In file included from /Users/larryseyer/AudioDevelopment/OTTO/Source/UI/Visualizations/PatternVisualizer.h:4:
In file included from /Users/larryseyer/AudioDevelopment/OTTO/Builds/MacOSX/CMake-Release/OTTO_artefacts/JuceLibraryCode/JuceHeader.h:14:
In file included from /Users/larryseyer/AudioDevelopment/OTTO/JUCE/modules/juce_audio_plugin_client/juce_audio_plugin_client.h:63:
In file included from /Users/larryseyer/AudioDevelopment/OTTO/JUCE/modules/juce_gui_basics/juce_gui_basics.h:68:
In file included from /Users/larryseyer/AudioDevelopment/OTTO/JUCE/modules/juce_graphics/juce_graphics.h:68:
/Users/larryseyer/AudioDevelopment/OTTO/JUCE/modules/juce_events/juce_events.h:75:5: warning: 'JUCE_WINDOWS' is not defined, evaluates to 0 [-Wundef]
   75 | #if JUCE_WINDOWS && JUCE_EVENTS_INCLUDE_WINRT_WRAPPER
      |     ^
In file included from /Users/larryseyer/AudioDevelopment/OTTO/Source/UI/Visualizations/PatternVisualizer.cpp:1:
In file included from /Users/larryseyer/AudioDevelopment/OTTO/Source/UI/Visualizations/PatternVisualizer.h:4:
In file included from /Users/larryseyer/AudioDevelopment/OTTO/Builds/MacOSX/CMake-Release/OTTO_artefacts/JuceLibraryCode/JuceHeader.h:14:
In file included from /Users/larryseyer/AudioDevelopment/OTTO/JUCE/modules/juce_audio_plugin_client/juce_audio_plugin_client.h:63:
In file included from /Users/larryseyer/AudioDevelopment/OTTO/JUCE/modules/juce_gui_basics/juce_gui_basics.h:68:
In file included from /Users/larryseyer/AudioDevelopment/OTTO/JUCE/modules/juce_graphics/juce_graphics.h:68:
In file included from /Users/larryseyer/AudioDevelopment/OTTO/JUCE/modules/juce_events/juce_events.h:91:
/Users/larryseyer/AudioDevelopment/OTTO/JUCE/modules/juce_events/messages/juce_ApplicationBase.h:300:8: warning: 'JUCE_IOS' is not defined, evaluates to 0 [-Wundef]
  300 |    #if JUCE_IOS
      |        ^
/Users/larryseyer/AudioDevelopment/OTTO/JUCE/modules/juce_events/messages/juce_ApplicationBase.h:324:40: warning: 'DOXYGEN' is not defined, evaluates to 0 [-Wundef]
  324 | #if JUCE_CATCH_UNHANDLED_EXCEPTIONS || DOXYGEN
      |                                        ^
In file included from /Users/larryseyer/AudioDevelopment/OTTO/Source/UI/Visualizations/PatternVisualizer.cpp:1:
In file included from /Users/larryseyer/AudioDevelopment/OTTO/Source/UI/Visualizations/PatternVisualizer.h:4:
In file included from /Users/larryseyer/AudioDevelopment/OTTO/Builds/MacOSX/CMake-Release/OTTO_artefacts/JuceLibraryCode/JuceHeader.h:14:
In file included from /Users/larryseyer/AudioDevelopment/OTTO/JUCE/modules/juce_audio_plugin_client/juce_audio_plugin_client.h:63:
In file included from /Users/larryseyer/AudioDevelopment/OTTO/JUCE/modules/juce_gui_basics/juce_gui_basics.h:68:
In file included from /Users/larryseyer/AudioDevelopment/OTTO/JUCE/modules/juce_graphics/juce_graphics.h:68:
In file included from /Users/larryseyer/AudioDevelopment/OTTO/JUCE/modules/juce_events/juce_events.h:92:
/Users/larryseyer/AudioDevelopment/OTTO/JUCE/modules/juce_events/messages/juce_Initialisation.h:102:5: warning: 'DOXYGEN' is not defined, evaluates to 0 [-Wundef]
  102 | #if DOXYGEN
      |     ^
/Users/larryseyer/AudioDevelopment/OTTO/JUCE/modules/juce_events/messages/juce_Initialisation.h:105:6: warning: 'JUCE_WINDOWS' is not defined, evaluates to 0 [-Wundef]
  105 |  #if JUCE_WINDOWS && ! defined (_CONSOLE)
      |      ^
/Users/larryseyer/AudioDevelopment/OTTO/JUCE/modules/juce_events/messages/juce_Initialisation.h:116:6: warning: 'JUCE_IOS' is not defined, evaluates to 0 [-Wundef]
  116 |  #if JUCE_IOS
      |      ^
/Users/larryseyer/AudioDevelopment/OTTO/JUCE/modules/juce_events/messages/juce_Initialisation.h:138:8: warning: 'JUCE_ANDROID' is not defined, evaluates to 0 [-Wundef]
  138 |  #elif JUCE_ANDROID
      |        ^
/Users/larryseyer/AudioDevelopment/OTTO/JUCE/modules/juce_events/messages/juce_Initialisation.h:161:7: warning: 'JUCE_USE_CUSTOM_PLUGIN_STANDALONE_APP' is not defined, evaluates to 0 [-Wundef]
  161 |   #if JUCE_USE_CUSTOM_PLUGIN_STANDALONE_APP
      |       ^
/Users/larryseyer/AudioDevelopment/OTTO/JUCE/modules/juce_events/messages/juce_Initialisation.h:168:8: warning: 'JUCE_IOS' is not defined, evaluates to 0 [-Wundef]
  168 |    #if JUCE_IOS
      |        ^
In file included from /Users/larryseyer/AudioDevelopment/OTTO/Source/UI/Visualizations/PatternVisualizer.cpp:1:
In file included from /Users/larryseyer/AudioDevelopment/OTTO/Source/UI/Visualizations/PatternVisualizer.h:4:
In file included from /Users/larryseyer/AudioDevelopment/OTTO/Builds/MacOSX/CMake-Release/OTTO_artefacts/JuceLibraryCode/JuceHeader.h:14:
In file included from /Users/larryseyer/AudioDevelopment/OTTO/JUCE/modules/juce_audio_plugin_client/juce_audio_plugin_client.h:63:
In file included from /Users/larryseyer/AudioDevelopment/OTTO/JUCE/modules/juce_gui_basics/juce_gui_basics.h:68:
In file included from /Users/larryseyer/AudioDevelopment/OTTO/JUCE/modules/juce_graphics/juce_graphics.h:68:
/Users/larryseyer/AudioDevelopment/OTTO/JUCE/modules/juce_events/juce_events.h:110:5: warning: 'JUCE_LINUX' is not defined, evaluates to 0 [-Wundef]
  110 | #if JUCE_LINUX || JUCE_BSD
      |     ^
/Users/larryseyer/AudioDevelopment/OTTO/JUCE/modules/juce_events/juce_events.h:110:19: warning: 'JUCE_BSD' is not defined, evaluates to 0 [-Wundef]
  110 | #if JUCE_LINUX || JUCE_BSD
      |                   ^
/Users/larryseyer/AudioDevelopment/OTTO/JUCE/modules/juce_events/juce_events.h:114:5: warning: 'JUCE_WINDOWS' is not defined, evaluates to 0 [-Wundef]
  114 | #if JUCE_WINDOWS
      |     ^
In file included from /Users/larryseyer/AudioDevelopment/OTTO/Source/UI/Visualizations/PatternVisualizer.cpp:1:
In file included from /Users/larryseyer/AudioDevelopment/OTTO/Source/UI/Visualizations/PatternVisualizer.h:4:
In file included from /Users/larryseyer/AudioDevelopment/OTTO/Builds/MacOSX/CMake-Release/OTTO_artefacts/JuceLibraryCode/JuceHeader.h:14:
In file included from /Users/larryseyer/AudioDevelopment/OTTO/JUCE/modules/juce_audio_plugin_client/juce_audio_plugin_client.h:63:
In file included from /Users/larryseyer/AudioDevelopment/OTTO/JUCE/modules/juce_gui_basics/juce_gui_basics.h:68:
In file included from /Users/larryseyer/AudioDevelopment/OTTO/JUCE/modules/juce_graphics/juce_graphics.h:122:
/Users/larryseyer/AudioDevelopment/OTTO/JUCE/modules/juce_graphics/colour/juce_PixelFormats.h:39:5: warning: 'JUCE_MSVC' is not defined, evaluates to 0 [-Wundef]
   39 | #if JUCE_MSVC
      |     ^
/Users/larryseyer/AudioDevelopment/OTTO/JUCE/modules/juce_graphics/colour/juce_PixelFormats.h:89:12: warning: 'JUCE_ANDROID' is not defined, evaluates to 0 [-Wundef]
   89 |        #if JUCE_ANDROID
      |            ^
/Users/larryseyer/AudioDevelopment/OTTO/JUCE/modules/juce_graphics/colour/juce_PixelFormats.h:100:12: warning: 'JUCE_BIG_ENDIAN' is not defined, evaluates to 0 [-Wundef]
  100 |        #if JUCE_BIG_ENDIAN
      |            ^
/Users/larryseyer/AudioDevelopment/OTTO/JUCE/modules/juce_graphics/colour/juce_PixelFormats.h:301:7: warning: 'JUCE_ANDROID' is not defined, evaluates to 0 [-Wundef]
  301 |   #if JUCE_ANDROID
      |       ^
/Users/larryseyer/AudioDevelopment/OTTO/JUCE/modules/juce_graphics/colour/juce_PixelFormats.h:308:8: warning: 'JUCE_BIG_ENDIAN' is not defined, evaluates to 0 [-Wundef]
  308 |    #if JUCE_BIG_ENDIAN
      |        ^
/Users/larryseyer/AudioDevelopment/OTTO/JUCE/modules/juce_graphics/colour/juce_PixelFormats.h:325:11: warning: 'JUCE_ANDROID' is not defined, evaluates to 0 [-Wundef]
  325 |       #if JUCE_ANDROID
      |           ^
/Users/larryseyer/AudioDevelopment/OTTO/JUCE/modules/juce_graphics/colour/juce_PixelFormats.h:332:12: warning: 'JUCE_BIG_ENDIAN' is not defined, evaluates to 0 [-Wundef]
  332 |        #if JUCE_BIG_ENDIAN
      |            ^
/Users/larryseyer/AudioDevelopment/OTTO/JUCE/modules/juce_graphics/colour/juce_PixelFormats.h:375:12: warning: 'JUCE_ANDROID' is not defined, evaluates to 0 [-Wundef]
  375 |        #if JUCE_ANDROID
      |            ^
/Users/larryseyer/AudioDevelopment/OTTO/JUCE/modules/juce_graphics/colour/juce_PixelFormats.h:386:12: warning: 'JUCE_ANDROID' is not defined, evaluates to 0 [-Wundef]
  386 |        #if JUCE_ANDROID
      |            ^
/Users/larryseyer/AudioDevelopment/OTTO/JUCE/modules/juce_graphics/colour/juce_PixelFormats.h:397:12: warning: 'JUCE_BIG_ENDIAN' is not defined, evaluates to 0 [-Wundef]
  397 |        #if JUCE_BIG_ENDIAN
      |            ^
/Users/larryseyer/AudioDevelopment/OTTO/JUCE/modules/juce_graphics/colour/juce_PixelFormats.h:411:12: warning: 'JUCE_ANDROID' is not defined, evaluates to 0 [-Wundef]
  411 |        #if JUCE_ANDROID
      |            ^
/Users/larryseyer/AudioDevelopment/OTTO/JUCE/modules/juce_graphics/colour/juce_PixelFormats.h:472:12: warning: 'JUCE_ANDROID' is not defined, evaluates to 0 [-Wundef]
  472 |        #if JUCE_ANDROID
      |            ^
/Users/larryseyer/AudioDevelopment/OTTO/JUCE/modules/juce_graphics/colour/juce_PixelFormats.h:504:12: warning: 'JUCE_ANDROID' is not defined, evaluates to 0 [-Wundef]
  504 |        #if JUCE_ANDROID
      |            ^
/Users/larryseyer/AudioDevelopment/OTTO/JUCE/modules/juce_graphics/colour/juce_PixelFormats.h:527:12: warning: 'JUCE_ANDROID' is not defined, evaluates to 0 [-Wundef]
  527 |        #if JUCE_ANDROID
      |            ^
/Users/larryseyer/AudioDevelopment/OTTO/JUCE/modules/juce_graphics/colour/juce_PixelFormats.h:569:11: warning: 'JUCE_ANDROID' is not defined, evaluates to 0 [-Wundef]
  569 |       #if JUCE_ANDROID
      |           ^
/Users/larryseyer/AudioDevelopment/OTTO/JUCE/modules/juce_graphics/colour/juce_PixelFormats.h:745:5: warning: 'JUCE_MSVC' is not defined, evaluates to 0 [-Wundef]
  745 | #if JUCE_MSVC
      |     ^
In file included from /Users/larryseyer/AudioDevelopment/OTTO/Source/UI/Visualizations/PatternVisualizer.cpp:1:
In file included from /Users/larryseyer/AudioDevelopment/OTTO/Source/UI/Visualizations/PatternVisualizer.h:4:
In file included from /Users/larryseyer/AudioDevelopment/OTTO/Builds/MacOSX/CMake-Release/OTTO_artefacts/JuceLibraryCode/JuceHeader.h:14:
In file included from /Users/larryseyer/AudioDevelopment/OTTO/JUCE/modules/juce_audio_plugin_client/juce_audio_plugin_client.h:63:
In file included from /Users/larryseyer/AudioDevelopment/OTTO/JUCE/modules/juce_gui_basics/juce_gui_basics.h:68:
In file included from /Users/larryseyer/AudioDevelopment/OTTO/JUCE/modules/juce_graphics/juce_graphics.h:141:
/Users/larryseyer/AudioDevelopment/OTTO/JUCE/modules/juce_graphics/detail/juce_Ranges.h:114:12: warning: 'JUCE_DEBUG' is not defined, evaluates to 0 [-Wundef]
  114 |        #if JUCE_DEBUG
      |            ^
In file included from /Users/larryseyer/AudioDevelopment/OTTO/Source/UI/Visualizations/PatternVisualizer.cpp:1:
In file included from /Users/larryseyer/AudioDevelopment/OTTO/Source/UI/Visualizations/PatternVisualizer.h:4:
In file included from /Users/larryseyer/AudioDevelopment/OTTO/Builds/MacOSX/CMake-Release/OTTO_artefacts/JuceLibraryCode/JuceHeader.h:14:
In file included from /Users/larryseyer/AudioDevelopment/OTTO/JUCE/modules/juce_audio_plugin_client/juce_audio_plugin_client.h:63:
In file included from /Users/larryseyer/AudioDevelopment/OTTO/JUCE/modules/juce_gui_basics/juce_gui_basics.h:68:
In file included from /Users/larryseyer/AudioDevelopment/OTTO/JUCE/modules/juce_graphics/juce_graphics.h:150:
/Users/larryseyer/AudioDevelopment/OTTO/JUCE/modules/juce_graphics/native/juce_RenderingHelpers.h:389:30: warning: implicit conversion increases floating-point precision: 'float' to 'double' [-Wdouble-promotion]
  389 |                 grad = (p2.y - p1.y) / (double) (p1.x - p2.x);
      |                         ~~~~~^~~~~~  ~
/Users/larryseyer/AudioDevelopment/OTTO/JUCE/modules/juce_graphics/native/juce_RenderingHelpers.h:390:36: warning: implicit conversion increases floating-point precision: 'float' to 'double' [-Wdouble-promotion]
  390 |                 yTerm = p1.y - (p1.x / grad);
      |                                 ~~~^ ~
/Users/larryseyer/AudioDevelopment/OTTO/JUCE/modules/juce_graphics/native/juce_RenderingHelpers.h:390:28: warning: implicit conversion increases floating-point precision: 'float' to 'double' [-Wdouble-promotion]
  390 |                 yTerm = p1.y - (p1.x / grad);
      |                         ~~~^ ~
/Users/larryseyer/AudioDevelopment/OTTO/JUCE/modules/juce_graphics/native/juce_RenderingHelpers.h:391:127: warning: implicit conversion increases floating-point precision: 'float' to 'double' [-Wdouble-promotion]
  391 |                 scale = roundToInt ((double) ((int64_t) numEntries << (int) numScaleBits) / (yTerm * grad - (p2.y * grad - p2.x)));
      |                                                                                                                          ~ ~~~^
/Users/larryseyer/AudioDevelopment/OTTO/JUCE/modules/juce_graphics/native/juce_RenderingHelpers.h:391:113: warning: implicit conversion increases floating-point precision: 'float' to 'double' [-Wdouble-promotion]
  391 |                 scale = roundToInt ((double) ((int64_t) numEntries << (int) numScaleBits) / (yTerm * grad - (p2.y * grad - p2.x)));
      |                                                                                                              ~~~^ ~
/Users/larryseyer/AudioDevelopment/OTTO/JUCE/modules/juce_graphics/native/juce_RenderingHelpers.h:429:36: warning: implicit conversion increases floating-point precision: 'const float' to 'const double' [-Wdouble-promotion]
  429 |               gx1 (gradient.point1.x),
      |                   ~~~~~~~~~~~~~~~~~^
/Users/larryseyer/AudioDevelopment/OTTO/JUCE/modules/juce_graphics/native/juce_RenderingHelpers.h:430:36: warning: implicit conversion increases floating-point precision: 'const float' to 'const double' [-Wdouble-promotion]
  430 |               gy1 (gradient.point1.y)
      |                   ~~~~~~~~~~~~~~~~~^
/Users/larryseyer/AudioDevelopment/OTTO/JUCE/modules/juce_graphics/native/juce_RenderingHelpers.h:434:39: warning: implicit conversion increases floating-point precision: 'float' to 'double' [-Wdouble-promotion]
  434 |             maxDist = diff.x * diff.x + diff.y * diff.y;
      |                     ~ ~~~~~~~~~~~~~~~~^~~~~~~~~~~~~~~~~
/Users/larryseyer/AudioDevelopment/OTTO/JUCE/modules/juce_graphics/native/juce_RenderingHelpers.h:471:37: warning: implicit conversion increases floating-point precision: 'const float' to 'double' [-Wdouble-promotion]
  471 |             tM10 = inverseTransform.mat10;
      |                  ~ ~~~~~~~~~~~~~~~~~^~~~~
/Users/larryseyer/AudioDevelopment/OTTO/JUCE/modules/juce_graphics/native/juce_RenderingHelpers.h:472:37: warning: implicit conversion increases floating-point precision: 'const float' to 'double' [-Wdouble-promotion]
  472 |             tM00 = inverseTransform.mat00;
      |                  ~ ~~~~~~~~~~~~~~~~~^~~~~
/Users/larryseyer/AudioDevelopment/OTTO/JUCE/modules/juce_graphics/native/juce_RenderingHelpers.h:478:56: warning: implicit conversion increases floating-point precision: 'float' to 'double' [-Wdouble-promotion]
  478 |             lineYM01 = inverseTransform.mat01 * floatY + inverseTransform.mat02 - gx1;
      |                        ~~~~~~~~~~~~~~~~~~~~~~~~~~~~~~~~^~~~~~~~~~~~~~~~~~~~~~~~ ~
/Users/larryseyer/AudioDevelopment/OTTO/JUCE/modules/juce_graphics/native/juce_RenderingHelpers.h:479:56: warning: implicit conversion increases floating-point precision: 'float' to 'double' [-Wdouble-promotion]
  479 |             lineYM11 = inverseTransform.mat11 * floatY + inverseTransform.mat12 - gy1;
      |                        ~~~~~~~~~~~~~~~~~~~~~~~~~~~~~~~~^~~~~~~~~~~~~~~~~~~~~~~~ ~
In file included from /Users/larryseyer/AudioDevelopment/OTTO/Source/UI/Visualizations/PatternVisualizer.cpp:1:
In file included from /Users/larryseyer/AudioDevelopment/OTTO/Source/UI/Visualizations/PatternVisualizer.h:4:
In file included from /Users/larryseyer/AudioDevelopment/OTTO/Builds/MacOSX/CMake-Release/OTTO_artefacts/JuceLibraryCode/JuceHeader.h:14:
In file included from /Users/larryseyer/AudioDevelopment/OTTO/JUCE/modules/juce_audio_plugin_client/juce_audio_plugin_client.h:63:
In file included from /Users/larryseyer/AudioDevelopment/OTTO/JUCE/modules/juce_gui_basics/juce_gui_basics.h:68:
/Users/larryseyer/AudioDevelopment/OTTO/JUCE/modules/juce_graphics/juce_graphics.h:157:5: warning: 'JUCE_GRAPHICS_INCLUDE_COREGRAPHICS_HELPERS' is not defined, evaluates to 0 [-Wundef]
  157 | #if JUCE_GRAPHICS_INCLUDE_COREGRAPHICS_HELPERS && (JUCE_MAC || JUCE_IOS)
      |     ^
In file included from /Users/larryseyer/AudioDevelopment/OTTO/Source/UI/Visualizations/PatternVisualizer.cpp:1:
In file included from /Users/larryseyer/AudioDevelopment/OTTO/Source/UI/Visualizations/PatternVisualizer.h:4:
In file included from /Users/larryseyer/AudioDevelopment/OTTO/Builds/MacOSX/CMake-Release/OTTO_artefacts/JuceLibraryCode/JuceHeader.h:14:
In file included from /Users/larryseyer/AudioDevelopment/OTTO/JUCE/modules/juce_audio_plugin_client/juce_audio_plugin_client.h:63:
In file included from /Users/larryseyer/AudioDevelopment/OTTO/JUCE/modules/juce_gui_basics/juce_gui_basics.h:205:
/Users/larryseyer/AudioDevelopment/OTTO/JUCE/modules/juce_gui_basics/components/juce_Component.h:2701:12: warning: 'JUCE_DEBUG' is not defined, evaluates to 0 [-Wundef]
 2701 |        #if JUCE_DEBUG
      |            ^
In file included from /Users/larryseyer/AudioDevelopment/OTTO/Source/UI/Visualizations/PatternVisualizer.cpp:1:
In file included from /Users/larryseyer/AudioDevelopment/OTTO/Source/UI/Visualizations/PatternVisualizer.h:4:
In file included from /Users/larryseyer/AudioDevelopment/OTTO/Builds/MacOSX/CMake-Release/OTTO_artefacts/JuceLibraryCode/JuceHeader.h:14:
In file included from /Users/larryseyer/AudioDevelopment/OTTO/JUCE/modules/juce_audio_plugin_client/juce_audio_plugin_client.h:63:
In file included from /Users/larryseyer/AudioDevelopment/OTTO/JUCE/modules/juce_gui_basics/juce_gui_basics.h:239:
/Users/larryseyer/AudioDevelopment/OTTO/JUCE/modules/juce_gui_basics/layout/juce_ComponentBuilder.h:243:8: warning: 'JUCE_DEBUG' is not defined, evaluates to 0 [-Wundef]
  243 |    #if JUCE_DEBUG
      |        ^
In file included from /Users/larryseyer/AudioDevelopment/OTTO/Source/UI/Visualizations/PatternVisualizer.cpp:1:
In file included from /Users/larryseyer/AudioDevelopment/OTTO/Source/UI/Visualizations/PatternVisualizer.h:4:
In file included from /Users/larryseyer/AudioDevelopment/OTTO/Builds/MacOSX/CMake-Release/OTTO_artefacts/JuceLibraryCode/JuceHeader.h:14:
In file included from /Users/larryseyer/AudioDevelopment/OTTO/JUCE/modules/juce_audio_plugin_client/juce_audio_plugin_client.h:63:
In file included from /Users/larryseyer/AudioDevelopment/OTTO/JUCE/modules/juce_gui_basics/juce_gui_basics.h:283:
/Users/larryseyer/AudioDevelopment/OTTO/JUCE/modules/juce_gui_basics/widgets/juce_ListBox.h:182:10: warning: 'JUCE_DISABLE_ASSERTIONS' is not defined, evaluates to 0 [-Wundef]
  182 |    #if ! JUCE_DISABLE_ASSERTIONS
      |          ^
/Users/larryseyer/AudioDevelopment/OTTO/JUCE/modules/juce_gui_basics/widgets/juce_ListBox.h:235:14: warning: 'JUCE_DISABLE_ASSERTIONS' is not defined, evaluates to 0 [-Wundef]
  235 |        #if ! JUCE_DISABLE_ASSERTIONS
      |              ^
/Users/larryseyer/AudioDevelopment/OTTO/JUCE/modules/juce_gui_basics/widgets/juce_ListBox.h:643:10: warning: 'JUCE_DISABLE_ASSERTIONS' is not defined, evaluates to 0 [-Wundef]
  643 |    #if ! JUCE_DISABLE_ASSERTIONS
      |          ^
In file included from /Users/larryseyer/AudioDevelopment/OTTO/Source/UI/Visualizations/PatternVisualizer.cpp:1:
In file included from /Users/larryseyer/AudioDevelopment/OTTO/Source/UI/Visualizations/PatternVisualizer.h:4:
In file included from /Users/larryseyer/AudioDevelopment/OTTO/Builds/MacOSX/CMake-Release/OTTO_artefacts/JuceLibraryCode/JuceHeader.h:14:
In file included from /Users/larryseyer/AudioDevelopment/OTTO/JUCE/modules/juce_audio_plugin_client/juce_audio_plugin_client.h:63:
In file included from /Users/larryseyer/AudioDevelopment/OTTO/JUCE/modules/juce_gui_basics/juce_gui_basics.h:302:
/Users/larryseyer/AudioDevelopment/OTTO/JUCE/modules/juce_gui_basics/windows/juce_ComponentPeer.h:310:8: warning: 'JUCE_LINUX' is not defined, evaluates to 0 [-Wundef]
  310 |    #if JUCE_LINUX || JUCE_BSD
      |        ^
/Users/larryseyer/AudioDevelopment/OTTO/JUCE/modules/juce_gui_basics/windows/juce_ComponentPeer.h:310:22: warning: 'JUCE_BSD' is not defined, evaluates to 0 [-Wundef]
  310 |    #if JUCE_LINUX || JUCE_BSD
      |                      ^
In file included from /Users/larryseyer/AudioDevelopment/OTTO/Source/UI/Visualizations/PatternVisualizer.cpp:1:
In file included from /Users/larryseyer/AudioDevelopment/OTTO/Source/UI/Visualizations/PatternVisualizer.h:4:
In file included from /Users/larryseyer/AudioDevelopment/OTTO/Builds/MacOSX/CMake-Release/OTTO_artefacts/JuceLibraryCode/JuceHeader.h:14:
In file included from /Users/larryseyer/AudioDevelopment/OTTO/JUCE/modules/juce_audio_plugin_client/juce_audio_plugin_client.h:63:
In file included from /Users/larryseyer/AudioDevelopment/OTTO/JUCE/modules/juce_gui_basics/juce_gui_basics.h:303:
/Users/larryseyer/AudioDevelopment/OTTO/JUCE/modules/juce_gui_basics/windows/juce_ResizableWindow.h:376:8: warning: 'JUCE_DEBUG' is not defined, evaluates to 0 [-Wundef]
  376 |    #if JUCE_DEBUG
      |        ^
/Users/larryseyer/AudioDevelopment/OTTO/JUCE/modules/juce_gui_basics/windows/juce_ResizableWindow.h:414:8: warning: 'JUCE_DEBUG' is not defined, evaluates to 0 [-Wundef]
  414 |    #if JUCE_DEBUG
      |        ^
In file included from /Users/larryseyer/AudioDevelopment/OTTO/Source/UI/Visualizations/PatternVisualizer.cpp:1:
In file included from /Users/larryseyer/AudioDevelopment/OTTO/Source/UI/Visualizations/PatternVisualizer.h:4:
In file included from /Users/larryseyer/AudioDevelopment/OTTO/Builds/MacOSX/CMake-Release/OTTO_artefacts/JuceLibraryCode/JuceHeader.h:14:
In file included from /Users/larryseyer/AudioDevelopment/OTTO/JUCE/modules/juce_audio_plugin_client/juce_audio_plugin_client.h:63:
In file included from /Users/larryseyer/AudioDevelopment/OTTO/JUCE/modules/juce_gui_basics/juce_gui_basics.h:335:
/Users/larryseyer/AudioDevelopment/OTTO/JUCE/modules/juce_gui_basics/application/juce_Application.h:125:8: warning: 'DOXYGEN' is not defined, evaluates to 0 [-Wundef]
  125 |    #if DOXYGEN
      |        ^
In file included from /Users/larryseyer/AudioDevelopment/OTTO/Source/UI/Visualizations/PatternVisualizer.cpp:1:
In file included from /Users/larryseyer/AudioDevelopment/OTTO/Source/UI/Visualizations/PatternVisualizer.h:4:
In file included from /Users/larryseyer/AudioDevelopment/OTTO/Builds/MacOSX/CMake-Release/OTTO_artefacts/JuceLibraryCode/JuceHeader.h:14:
In file included from /Users/larryseyer/AudioDevelopment/OTTO/JUCE/modules/juce_audio_plugin_client/juce_audio_plugin_client.h:63:
/Users/larryseyer/AudioDevelopment/OTTO/JUCE/modules/juce_gui_basics/juce_gui_basics.h:344:5: warning: 'JUCE_LINUX' is not defined, evaluates to 0 [-Wundef]
  344 | #if JUCE_LINUX || JUCE_BSD
      |     ^
/Users/larryseyer/AudioDevelopment/OTTO/JUCE/modules/juce_gui_basics/juce_gui_basics.h:344:19: warning: 'JUCE_BSD' is not defined, evaluates to 0 [-Wundef]
  344 | #if JUCE_LINUX || JUCE_BSD
      |                   ^
/Users/larryseyer/AudioDevelopment/OTTO/JUCE/modules/juce_gui_basics/juce_gui_basics.h:394:5: warning: 'JUCE_GUI_BASICS_INCLUDE_SCOPED_THREAD_DPI_AWARENESS_SETTER' is not defined, evaluates to 0 [-Wundef]
  394 | #if JUCE_GUI_BASICS_INCLUDE_SCOPED_THREAD_DPI_AWARENESS_SETTER && JUCE_WINDOWS
      |     ^
In file included from /Users/larryseyer/AudioDevelopment/OTTO/Source/UI/Visualizations/PatternVisualizer.cpp:1:
In file included from /Users/larryseyer/AudioDevelopment/OTTO/Source/UI/Visualizations/PatternVisualizer.h:4:
In file included from /Users/larryseyer/AudioDevelopment/OTTO/Builds/MacOSX/CMake-Release/OTTO_artefacts/JuceLibraryCode/JuceHeader.h:14:
In file included from /Users/larryseyer/AudioDevelopment/OTTO/JUCE/modules/juce_audio_plugin_client/juce_audio_plugin_client.h:64:
/Users/larryseyer/AudioDevelopment/OTTO/JUCE/modules/juce_audio_basics/juce_audio_basics.h:77:7: warning: 'JUCE_INTEL' is not defined, evaluates to 0 [-Wundef]
   77 | #if ! JUCE_INTEL
      |       ^
/Users/larryseyer/AudioDevelopment/OTTO/JUCE/modules/juce_audio_basics/juce_audio_basics.h:81:24: warning: 'JUCE_USE_VDSP_FRAMEWORK' is not defined, evaluates to 0 [-Wundef]
   81 | #if __ARM_NEON__ && ! (JUCE_USE_VDSP_FRAMEWORK || defined (JUCE_USE_ARM_NEON))
      |                        ^
In file included from /Users/larryseyer/AudioDevelopment/OTTO/Source/UI/Visualizations/PatternVisualizer.cpp:1:
In file included from /Users/larryseyer/AudioDevelopment/OTTO/Source/UI/Visualizations/PatternVisualizer.h:4:
In file included from /Users/larryseyer/AudioDevelopment/OTTO/Builds/MacOSX/CMake-Release/OTTO_artefacts/JuceLibraryCode/JuceHeader.h:14:
In file included from /Users/larryseyer/AudioDevelopment/OTTO/JUCE/modules/juce_audio_plugin_client/juce_audio_plugin_client.h:64:
In file included from /Users/larryseyer/AudioDevelopment/OTTO/JUCE/modules/juce_audio_basics/juce_audio_basics.h:93:
/Users/larryseyer/AudioDevelopment/OTTO/JUCE/modules/juce_audio_basics/buffers/juce_AudioDataConverters.h:103:9: warning: 'JUCE_BIG_ENDIAN' is not defined, evaluates to 0 [-Wundef]
  103 |     #if JUCE_BIG_ENDIAN
      |         ^
/Users/larryseyer/AudioDevelopment/OTTO/JUCE/modules/juce_audio_basics/buffers/juce_AudioDataConverters.h:263:12: warning: 'JUCE_BIG_ENDIAN' is not defined, evaluates to 0 [-Wundef]
  263 |        #if JUCE_BIG_ENDIAN
      |            ^
/Users/larryseyer/AudioDevelopment/OTTO/JUCE/modules/juce_audio_basics/buffers/juce_AudioDataConverters.h:119:135: warning: implicit conversion increases floating-point precision: 'float' to 'double' [-Wdouble-promotion]
  119 |         inline void setAsFloatLE (float newValue) noexcept      { *data = (int8) jlimit ((int) -maxValue, (int) maxValue, roundToInt (newValue * (1.0 + (double) maxValue))); }
      |                                                                                                                                       ^~~~~~~~ ~
/Users/larryseyer/AudioDevelopment/OTTO/JUCE/modules/juce_audio_basics/buffers/juce_AudioDataConverters.h:144:117: warning: implicit conversion increases floating-point precision: 'float' to 'double' [-Wdouble-promotion]
  144 |         inline void setAsFloatLE (float newValue) noexcept      { *data = (uint8) jlimit (0, 255, 128 + roundToInt (newValue * (1.0 + (double) maxValue))); }
      |                                                                                                                     ^~~~~~~~ ~
/Users/larryseyer/AudioDevelopment/OTTO/JUCE/modules/juce_audio_basics/buffers/juce_AudioDataConverters.h:169:168: warning: implicit conversion increases floating-point precision: 'float' to 'double' [-Wdouble-promotion]
  169 |         inline void setAsFloatLE (float newValue) noexcept      { *data = ByteOrder::swapIfBigEndian    ((uint16) jlimit ((int) -maxValue, (int) maxValue, roundToInt (newValue * (1.0 + (double) maxValue)))); }
      |                                                                                                                                                                        ^~~~~~~~ ~
/Users/larryseyer/AudioDevelopment/OTTO/JUCE/modules/juce_audio_basics/buffers/juce_AudioDataConverters.h:170:168: warning: implicit conversion increases floating-point precision: 'float' to 'double' [-Wdouble-promotion]
  170 |         inline void setAsFloatBE (float newValue) noexcept      { *data = ByteOrder::swapIfLittleEndian ((uint16) jlimit ((int) -maxValue, (int) maxValue, roundToInt (newValue * (1.0 + (double) maxValue)))); }
      |                                                                                                                                                                        ^~~~~~~~ ~
/Users/larryseyer/AudioDevelopment/OTTO/JUCE/modules/juce_audio_basics/buffers/juce_AudioDataConverters.h:194:157: warning: implicit conversion increases floating-point precision: 'float' to 'double' [-Wdouble-promotion]
  194 |         inline void setAsFloatLE (float newValue) noexcept      { ByteOrder::littleEndian24BitToChars (jlimit ((int) -maxValue, (int) maxValue, roundToInt (newValue * (1.0 + (double) maxValue))), data); }
      |                                                                                                                                                             ^~~~~~~~ ~
/Users/larryseyer/AudioDevelopment/OTTO/JUCE/modules/juce_audio_basics/buffers/juce_AudioDataConverters.h:195:157: warning: implicit conversion increases floating-point precision: 'float' to 'double' [-Wdouble-promotion]
  195 |         inline void setAsFloatBE (float newValue) noexcept      { ByteOrder::bigEndian24BitToChars (jlimit    ((int) -maxValue, (int) maxValue, roundToInt (newValue * (1.0 + (double) maxValue))), data); }
      |                                                                                                                                                             ^~~~~~~~ ~
In file included from /Users/larryseyer/AudioDevelopment/OTTO/Source/UI/Visualizations/PatternVisualizer.cpp:1:
In file included from /Users/larryseyer/AudioDevelopment/OTTO/Source/UI/Visualizations/PatternVisualizer.h:4:
In file included from /Users/larryseyer/AudioDevelopment/OTTO/Builds/MacOSX/CMake-Release/OTTO_artefacts/JuceLibraryCode/JuceHeader.h:14:
In file included from /Users/larryseyer/AudioDevelopment/OTTO/JUCE/modules/juce_audio_plugin_client/juce_audio_plugin_client.h:64:
In file included from /Users/larryseyer/AudioDevelopment/OTTO/JUCE/modules/juce_audio_basics/juce_audio_basics.h:95:
/Users/larryseyer/AudioDevelopment/OTTO/JUCE/modules/juce_audio_basics/buffers/juce_FloatVectorOperations.h:39:6: warning: 'JUCE_INTEL' is not defined, evaluates to 0 [-Wundef]
   39 |  #if JUCE_INTEL
      |      ^
/Users/larryseyer/AudioDevelopment/OTTO/JUCE/modules/juce_audio_basics/buffers/juce_FloatVectorOperations.h:153:7: warning: 'DOXYGEN' is not defined, evaluates to 0 [-Wundef]
  153 | #if ! DOXYGEN
      |       ^
/Users/larryseyer/AudioDevelopment/OTTO/JUCE/modules/juce_audio_basics/buffers/juce_FloatVectorOperations.h:237:7: warning: 'JUCE_USE_SSE_INTRINSICS' is not defined, evaluates to 0 [-Wundef]
  237 |   #if JUCE_USE_SSE_INTRINSICS || (JUCE_USE_ARM_NEON || (JUCE_64BIT && JUCE_ARM))
      |       ^
In file included from /Users/larryseyer/AudioDevelopment/OTTO/Source/UI/Visualizations/PatternVisualizer.cpp:1:
In file included from /Users/larryseyer/AudioDevelopment/OTTO/Source/UI/Visualizations/PatternVisualizer.h:4:
In file included from /Users/larryseyer/AudioDevelopment/OTTO/Builds/MacOSX/CMake-Release/OTTO_artefacts/JuceLibraryCode/JuceHeader.h:14:
In file included from /Users/larryseyer/AudioDevelopment/OTTO/JUCE/modules/juce_audio_plugin_client/juce_audio_plugin_client.h:64:
In file included from /Users/larryseyer/AudioDevelopment/OTTO/JUCE/modules/juce_audio_basics/juce_audio_basics.h:97:
/Users/larryseyer/AudioDevelopment/OTTO/JUCE/modules/juce_audio_basics/buffers/juce_AudioSampleBuffer.h:1155:15: warning: 'JUCE_GCC' is not defined, evaluates to 0 [-Wundef]
 1155 |        #if (! JUCE_GCC || (__GNUC__ * 100 + __GNUC_MINOR__) >= 409)
      |               ^
In file included from /Users/larryseyer/AudioDevelopment/OTTO/Source/UI/Visualizations/PatternVisualizer.cpp:1:
In file included from /Users/larryseyer/AudioDevelopment/OTTO/Source/UI/Visualizations/PatternVisualizer.h:4:
In file included from /Users/larryseyer/AudioDevelopment/OTTO/Builds/MacOSX/CMake-Release/OTTO_artefacts/JuceLibraryCode/JuceHeader.h:14:
In file included from /Users/larryseyer/AudioDevelopment/OTTO/JUCE/modules/juce_audio_plugin_client/juce_audio_plugin_client.h:64:
In file included from /Users/larryseyer/AudioDevelopment/OTTO/JUCE/modules/juce_audio_basics/juce_audio_basics.h:104:
/Users/larryseyer/AudioDevelopment/OTTO/JUCE/modules/juce_audio_basics/utilities/juce_SmoothedValue.h:421:5: warning: 'JUCE_UNIT_TESTS' is not defined, evaluates to 0 [-Wundef]
  421 | #if JUCE_UNIT_TESTS
      |     ^
In file included from /Users/larryseyer/AudioDevelopment/OTTO/Source/UI/Visualizations/PatternVisualizer.cpp:1:
In file included from /Users/larryseyer/AudioDevelopment/OTTO/Source/UI/Visualizations/PatternVisualizer.h:4:
In file included from /Users/larryseyer/AudioDevelopment/OTTO/Builds/MacOSX/CMake-Release/OTTO_artefacts/JuceLibraryCode/JuceHeader.h:14:
In file included from /Users/larryseyer/AudioDevelopment/OTTO/JUCE/modules/juce_audio_plugin_client/juce_audio_plugin_client.h:64:
In file included from /Users/larryseyer/AudioDevelopment/OTTO/JUCE/modules/juce_audio_basics/juce_audio_basics.h:106:
/Users/larryseyer/AudioDevelopment/OTTO/JUCE/modules/juce_audio_basics/utilities/juce_ADSR.h:155:66: warning: implicit conversion increases floating-point precision: 'float' to 'double' [-Wdouble-promotion]
  155 |                 releaseRate = (float) (envelopeVal / (parameters.release * sampleRate));
      |                                                       ~~~~~~~~~~~^~~~~~~ ~
/Users/larryseyer/AudioDevelopment/OTTO/JUCE/modules/juce_audio_basics/utilities/juce_ADSR.h:155:40: warning: implicit conversion increases floating-point precision: 'float' to 'double' [-Wdouble-promotion]
  155 |                 releaseRate = (float) (envelopeVal / (parameters.release * sampleRate));
      |                                        ^~~~~~~~~~~ ~
/Users/larryseyer/AudioDevelopment/OTTO/JUCE/modules/juce_audio_basics/utilities/juce_ADSR.h:266:64: warning: implicit conversion increases floating-point precision: 'float' to 'double' [-Wdouble-promotion]
  266 |             return timeInSeconds > 0.0f ? (float) (distance / (timeInSeconds * sr)) : -1.0f;
      |                                                                ^~~~~~~~~~~~~ ~
/Users/larryseyer/AudioDevelopment/OTTO/JUCE/modules/juce_audio_basics/utilities/juce_ADSR.h:266:52: warning: implicit conversion increases floating-point precision: 'float' to 'double' [-Wdouble-promotion]
  266 |             return timeInSeconds > 0.0f ? (float) (distance / (timeInSeconds * sr)) : -1.0f;
      |                                                    ^~~~~~~~ ~
In file included from /Users/larryseyer/AudioDevelopment/OTTO/Source/UI/Visualizations/PatternVisualizer.cpp:1:
In file included from /Users/larryseyer/AudioDevelopment/OTTO/Source/UI/Visualizations/PatternVisualizer.h:4:
In file included from /Users/larryseyer/AudioDevelopment/OTTO/Builds/MacOSX/CMake-Release/OTTO_artefacts/JuceLibraryCode/JuceHeader.h:14:
In file included from /Users/larryseyer/AudioDevelopment/OTTO/JUCE/modules/juce_audio_plugin_client/juce_audio_plugin_client.h:65:
In file included from /Users/larryseyer/AudioDevelopment/OTTO/JUCE/modules/juce_audio_processors/juce_audio_processors.h:67:
/Users/larryseyer/AudioDevelopment/OTTO/JUCE/modules/juce_gui_extra/juce_gui_extra.h:127:6: warning: 'JUCE_DEBUG' is not defined, evaluates to 0 [-Wundef]
  127 |  #if JUCE_DEBUG && ! (JUCE_IOS || JUCE_ANDROID)
      |      ^
In file included from /Users/larryseyer/AudioDevelopment/OTTO/Source/UI/Visualizations/PatternVisualizer.cpp:1:
In file included from /Users/larryseyer/AudioDevelopment/OTTO/Source/UI/Visualizations/PatternVisualizer.h:4:
In file included from /Users/larryseyer/AudioDevelopment/OTTO/Builds/MacOSX/CMake-Release/OTTO_artefacts/JuceLibraryCode/JuceHeader.h:14:
In file included from /Users/larryseyer/AudioDevelopment/OTTO/JUCE/modules/juce_audio_plugin_client/juce_audio_plugin_client.h:65:
In file included from /Users/larryseyer/AudioDevelopment/OTTO/JUCE/modules/juce_audio_processors/juce_audio_processors.h:67:
In file included from /Users/larryseyer/AudioDevelopment/OTTO/JUCE/modules/juce_gui_extra/juce_gui_extra.h:141:
/Users/larryseyer/AudioDevelopment/OTTO/JUCE/modules/juce_gui_extra/embedding/juce_ActiveXControlComponent.h:38:5: warning: 'JUCE_WINDOWS' is not defined, evaluates to 0 [-Wundef]
   38 | #if JUCE_WINDOWS || DOXYGEN
      |     ^
/Users/larryseyer/AudioDevelopment/OTTO/JUCE/modules/juce_gui_extra/embedding/juce_ActiveXControlComponent.h:38:21: warning: 'DOXYGEN' is not defined, evaluates to 0 [-Wundef]
   38 | #if JUCE_WINDOWS || DOXYGEN
      |                     ^
In file included from /Users/larryseyer/AudioDevelopment/OTTO/Source/UI/Visualizations/PatternVisualizer.cpp:1:
In file included from /Users/larryseyer/AudioDevelopment/OTTO/Source/UI/Visualizations/PatternVisualizer.h:4:
In file included from /Users/larryseyer/AudioDevelopment/OTTO/Builds/MacOSX/CMake-Release/OTTO_artefacts/JuceLibraryCode/JuceHeader.h:14:
In file included from /Users/larryseyer/AudioDevelopment/OTTO/JUCE/modules/juce_audio_plugin_client/juce_audio_plugin_client.h:65:
In file included from /Users/larryseyer/AudioDevelopment/OTTO/JUCE/modules/juce_audio_processors/juce_audio_processors.h:67:
In file included from /Users/larryseyer/AudioDevelopment/OTTO/JUCE/modules/juce_gui_extra/juce_gui_extra.h:142:
/Users/larryseyer/AudioDevelopment/OTTO/JUCE/modules/juce_gui_extra/embedding/juce_AndroidViewComponent.h:38:5: warning: 'JUCE_ANDROID' is not defined, evaluates to 0 [-Wundef]
   38 | #if JUCE_ANDROID || DOXYGEN
      |     ^
/Users/larryseyer/AudioDevelopment/OTTO/JUCE/modules/juce_gui_extra/embedding/juce_AndroidViewComponent.h:38:21: warning: 'DOXYGEN' is not defined, evaluates to 0 [-Wundef]
   38 | #if JUCE_ANDROID || DOXYGEN
      |                     ^
In file included from /Users/larryseyer/AudioDevelopment/OTTO/Source/UI/Visualizations/PatternVisualizer.cpp:1:
In file included from /Users/larryseyer/AudioDevelopment/OTTO/Source/UI/Visualizations/PatternVisualizer.h:4:
In file included from /Users/larryseyer/AudioDevelopment/OTTO/Builds/MacOSX/CMake-Release/OTTO_artefacts/JuceLibraryCode/JuceHeader.h:14:
In file included from /Users/larryseyer/AudioDevelopment/OTTO/JUCE/modules/juce_audio_plugin_client/juce_audio_plugin_client.h:65:
In file included from /Users/larryseyer/AudioDevelopment/OTTO/JUCE/modules/juce_audio_processors/juce_audio_processors.h:67:
In file included from /Users/larryseyer/AudioDevelopment/OTTO/JUCE/modules/juce_gui_extra/juce_gui_extra.h:144:
/Users/larryseyer/AudioDevelopment/OTTO/JUCE/modules/juce_gui_extra/embedding/juce_UIViewComponent.h:38:5: warning: 'JUCE_IOS' is not defined, evaluates to 0 [-Wundef]
   38 | #if JUCE_IOS || DOXYGEN
      |     ^
/Users/larryseyer/AudioDevelopment/OTTO/JUCE/modules/juce_gui_extra/embedding/juce_UIViewComponent.h:38:17: warning: 'DOXYGEN' is not defined, evaluates to 0 [-Wundef]
   38 | #if JUCE_IOS || DOXYGEN
      |                 ^
In file included from /Users/larryseyer/AudioDevelopment/OTTO/Source/UI/Visualizations/PatternVisualizer.cpp:1:
In file included from /Users/larryseyer/AudioDevelopment/OTTO/Source/UI/Visualizations/PatternVisualizer.h:4:
In file included from /Users/larryseyer/AudioDevelopment/OTTO/Builds/MacOSX/CMake-Release/OTTO_artefacts/JuceLibraryCode/JuceHeader.h:14:
In file included from /Users/larryseyer/AudioDevelopment/OTTO/JUCE/modules/juce_audio_plugin_client/juce_audio_plugin_client.h:65:
In file included from /Users/larryseyer/AudioDevelopment/OTTO/JUCE/modules/juce_audio_processors/juce_audio_processors.h:67:
In file included from /Users/larryseyer/AudioDevelopment/OTTO/JUCE/modules/juce_gui_extra/juce_gui_extra.h:145:
/Users/larryseyer/AudioDevelopment/OTTO/JUCE/modules/juce_gui_extra/embedding/juce_XEmbedComponent.h:43:5: warning: 'JUCE_LINUX' is not defined, evaluates to 0 [-Wundef]
   43 | #if JUCE_LINUX || JUCE_BSD || DOXYGEN
      |     ^
/Users/larryseyer/AudioDevelopment/OTTO/JUCE/modules/juce_gui_extra/embedding/juce_XEmbedComponent.h:43:19: warning: 'JUCE_BSD' is not defined, evaluates to 0 [-Wundef]
   43 | #if JUCE_LINUX || JUCE_BSD || DOXYGEN
      |                   ^
/Users/larryseyer/AudioDevelopment/OTTO/JUCE/modules/juce_gui_extra/embedding/juce_XEmbedComponent.h:43:31: warning: 'DOXYGEN' is not defined, evaluates to 0 [-Wundef]
   43 | #if JUCE_LINUX || JUCE_BSD || DOXYGEN
      |                               ^
In file included from /Users/larryseyer/AudioDevelopment/OTTO/Source/UI/Visualizations/PatternVisualizer.cpp:1:
In file included from /Users/larryseyer/AudioDevelopment/OTTO/Source/UI/Visualizations/PatternVisualizer.h:4:
In file included from /Users/larryseyer/AudioDevelopment/OTTO/Builds/MacOSX/CMake-Release/OTTO_artefacts/JuceLibraryCode/JuceHeader.h:14:
In file included from /Users/larryseyer/AudioDevelopment/OTTO/JUCE/modules/juce_audio_plugin_client/juce_audio_plugin_client.h:65:
In file included from /Users/larryseyer/AudioDevelopment/OTTO/JUCE/modules/juce_audio_processors/juce_audio_processors.h:67:
In file included from /Users/larryseyer/AudioDevelopment/OTTO/JUCE/modules/juce_gui_extra/juce_gui_extra.h:146:
/Users/larryseyer/AudioDevelopment/OTTO/JUCE/modules/juce_gui_extra/embedding/juce_HWNDComponent.h:38:5: warning: 'JUCE_WINDOWS' is not defined, evaluates to 0 [-Wundef]
   38 | #if JUCE_WINDOWS || DOXYGEN
      |     ^
/Users/larryseyer/AudioDevelopment/OTTO/JUCE/modules/juce_gui_extra/embedding/juce_HWNDComponent.h:38:21: warning: 'DOXYGEN' is not defined, evaluates to 0 [-Wundef]
   38 | #if JUCE_WINDOWS || DOXYGEN
      |                     ^
In file included from /Users/larryseyer/AudioDevelopment/OTTO/Source/UI/Visualizations/PatternVisualizer.cpp:1:
In file included from /Users/larryseyer/AudioDevelopment/OTTO/Source/UI/Visualizations/PatternVisualizer.h:4:
In file included from /Users/larryseyer/AudioDevelopment/OTTO/Builds/MacOSX/CMake-Release/OTTO_artefacts/JuceLibraryCode/JuceHeader.h:14:
In file included from /Users/larryseyer/AudioDevelopment/OTTO/JUCE/modules/juce_audio_plugin_client/juce_audio_plugin_client.h:65:
In file included from /Users/larryseyer/AudioDevelopment/OTTO/JUCE/modules/juce_audio_processors/juce_audio_processors.h:67:
In file included from /Users/larryseyer/AudioDevelopment/OTTO/JUCE/modules/juce_gui_extra/juce_gui_extra.h:152:
/Users/larryseyer/AudioDevelopment/OTTO/JUCE/modules/juce_gui_extra/misc/juce_PushNotifications.h:699:8: warning: 'JUCE_ANDROID' is not defined, evaluates to 0 [-Wundef]
  699 |    #if JUCE_ANDROID
      |        ^
In file included from /Users/larryseyer/AudioDevelopment/OTTO/Source/UI/Visualizations/PatternVisualizer.cpp:1:
In file included from /Users/larryseyer/AudioDevelopment/OTTO/Source/UI/Visualizations/PatternVisualizer.h:4:
In file included from /Users/larryseyer/AudioDevelopment/OTTO/Builds/MacOSX/CMake-Release/OTTO_artefacts/JuceLibraryCode/JuceHeader.h:14:
In file included from /Users/larryseyer/AudioDevelopment/OTTO/JUCE/modules/juce_audio_plugin_client/juce_audio_plugin_client.h:65:
In file included from /Users/larryseyer/AudioDevelopment/OTTO/JUCE/modules/juce_audio_processors/juce_audio_processors.h:67:
In file included from /Users/larryseyer/AudioDevelopment/OTTO/JUCE/modules/juce_gui_extra/juce_gui_extra.h:155:
/Users/larryseyer/AudioDevelopment/OTTO/JUCE/modules/juce_gui_extra/misc/juce_SystemTrayIconComponent.h:38:5: warning: 'JUCE_WINDOWS' is not defined, evaluates to 0 [-Wundef]
   38 | #if JUCE_WINDOWS || JUCE_LINUX || JUCE_BSD || JUCE_MAC || DOXYGEN
      |     ^
/Users/larryseyer/AudioDevelopment/OTTO/JUCE/modules/juce_gui_extra/misc/juce_SystemTrayIconComponent.h:38:21: warning: 'JUCE_LINUX' is not defined, evaluates to 0 [-Wundef]
   38 | #if JUCE_WINDOWS || JUCE_LINUX || JUCE_BSD || JUCE_MAC || DOXYGEN
      |                     ^
/Users/larryseyer/AudioDevelopment/OTTO/JUCE/modules/juce_gui_extra/misc/juce_SystemTrayIconComponent.h:38:35: warning: 'JUCE_BSD' is not defined, evaluates to 0 [-Wundef]
   38 | #if JUCE_WINDOWS || JUCE_LINUX || JUCE_BSD || JUCE_MAC || DOXYGEN
      |                                   ^
/Users/larryseyer/AudioDevelopment/OTTO/JUCE/modules/juce_gui_extra/misc/juce_SystemTrayIconComponent.h:102:8: warning: 'JUCE_LINUX' is not defined, evaluates to 0 [-Wundef]
  102 |    #if JUCE_LINUX || JUCE_BSD
      |        ^
/Users/larryseyer/AudioDevelopment/OTTO/JUCE/modules/juce_gui_extra/misc/juce_SystemTrayIconComponent.h:102:22: warning: 'JUCE_BSD' is not defined, evaluates to 0 [-Wundef]
  102 |    #if JUCE_LINUX || JUCE_BSD
      |                      ^
In file included from /Users/larryseyer/AudioDevelopment/OTTO/Source/UI/Visualizations/PatternVisualizer.cpp:1:
In file included from /Users/larryseyer/AudioDevelopment/OTTO/Source/UI/Visualizations/PatternVisualizer.h:4:
In file included from /Users/larryseyer/AudioDevelopment/OTTO/Builds/MacOSX/CMake-Release/OTTO_artefacts/JuceLibraryCode/JuceHeader.h:14:
In file included from /Users/larryseyer/AudioDevelopment/OTTO/JUCE/modules/juce_audio_plugin_client/juce_audio_plugin_client.h:65:
In file included from /Users/larryseyer/AudioDevelopment/OTTO/JUCE/modules/juce_audio_processors/juce_audio_processors.h:67:
In file included from /Users/larryseyer/AudioDevelopment/OTTO/JUCE/modules/juce_gui_extra/juce_gui_extra.h:156:
/Users/larryseyer/AudioDevelopment/OTTO/JUCE/modules/juce_gui_extra/misc/juce_WebBrowserComponent.h:38:25: warning: 'DOXYGEN' is not defined, evaluates to 0 [-Wundef]
   38 | #if JUCE_WEB_BROWSER || DOXYGEN
      |                         ^
In file included from /Users/larryseyer/AudioDevelopment/OTTO/Source/UI/Visualizations/PatternVisualizer.cpp:1:
In file included from /Users/larryseyer/AudioDevelopment/OTTO/Source/UI/Visualizations/PatternVisualizer.h:4:
In file included from /Users/larryseyer/AudioDevelopment/OTTO/Builds/MacOSX/CMake-Release/OTTO_artefacts/JuceLibraryCode/JuceHeader.h:14:
In file included from /Users/larryseyer/AudioDevelopment/OTTO/JUCE/modules/juce_audio_plugin_client/juce_audio_plugin_client.h:65:
In file included from /Users/larryseyer/AudioDevelopment/OTTO/JUCE/modules/juce_audio_processors/juce_audio_processors.h:67:
In file included from /Users/larryseyer/AudioDevelopment/OTTO/JUCE/modules/juce_gui_extra/juce_gui_extra.h:157:
/Users/larryseyer/AudioDevelopment/OTTO/JUCE/modules/juce_gui_extra/misc/juce_LiveConstantEditor.h:35:5: warning: 'JUCE_ENABLE_LIVE_CONSTANT_EDITOR' is not defined, evaluates to 0 [-Wundef]
   35 | #if JUCE_ENABLE_LIVE_CONSTANT_EDITOR && ! defined (DOXYGEN)
      |     ^
/Users/larryseyer/AudioDevelopment/OTTO/JUCE/modules/juce_gui_extra/misc/juce_LiveConstantEditor.h:258:5: warning: 'JUCE_ENABLE_LIVE_CONSTANT_EDITOR' is not defined, evaluates to 0 [-Wundef]
  258 | #if JUCE_ENABLE_LIVE_CONSTANT_EDITOR || DOXYGEN
      |     ^
/Users/larryseyer/AudioDevelopment/OTTO/JUCE/modules/juce_gui_extra/misc/juce_LiveConstantEditor.h:258:41: warning: 'DOXYGEN' is not defined, evaluates to 0 [-Wundef]
  258 | #if JUCE_ENABLE_LIVE_CONSTANT_EDITOR || DOXYGEN
      |                                         ^
In file included from /Users/larryseyer/AudioDevelopment/OTTO/Source/UI/Visualizations/PatternVisualizer.cpp:1:
In file included from /Users/larryseyer/AudioDevelopment/OTTO/Source/UI/Visualizations/PatternVisualizer.h:4:
In file included from /Users/larryseyer/AudioDevelopment/OTTO/Builds/MacOSX/CMake-Release/OTTO_artefacts/JuceLibraryCode/JuceHeader.h:14:
In file included from /Users/larryseyer/AudioDevelopment/OTTO/JUCE/modules/juce_audio_plugin_client/juce_audio_plugin_client.h:65:
In file included from /Users/larryseyer/AudioDevelopment/OTTO/JUCE/modules/juce_audio_processors/juce_audio_processors.h:67:
In file included from /Users/larryseyer/AudioDevelopment/OTTO/JUCE/modules/juce_gui_extra/juce_gui_extra.h:159:
/Users/larryseyer/AudioDevelopment/OTTO/JUCE/modules/juce_gui_extra/detail/juce_WebControlRelayEvents.h:38:25: warning: 'DOXYGEN' is not defined, evaluates to 0 [-Wundef]
   38 | #if JUCE_WEB_BROWSER || DOXYGEN
      |                         ^
In file included from /Users/larryseyer/AudioDevelopment/OTTO/Source/UI/Visualizations/PatternVisualizer.cpp:1:
In file included from /Users/larryseyer/AudioDevelopment/OTTO/Source/UI/Visualizations/PatternVisualizer.h:4:
In file included from /Users/larryseyer/AudioDevelopment/OTTO/Builds/MacOSX/CMake-Release/OTTO_artefacts/JuceLibraryCode/JuceHeader.h:14:
In file included from /Users/larryseyer/AudioDevelopment/OTTO/JUCE/modules/juce_audio_plugin_client/juce_audio_plugin_client.h:65:
In file included from /Users/larryseyer/AudioDevelopment/OTTO/JUCE/modules/juce_audio_processors/juce_audio_processors.h:67:
In file included from /Users/larryseyer/AudioDevelopment/OTTO/JUCE/modules/juce_gui_extra/juce_gui_extra.h:160:
/Users/larryseyer/AudioDevelopment/OTTO/JUCE/modules/juce_gui_extra/misc/juce_WebControlRelays.h:38:25: warning: 'DOXYGEN' is not defined, evaluates to 0 [-Wundef]
   38 | #if JUCE_WEB_BROWSER || DOXYGEN
      |                         ^
In file included from /Users/larryseyer/AudioDevelopment/OTTO/Source/UI/Visualizations/PatternVisualizer.cpp:1:
In file included from /Users/larryseyer/AudioDevelopment/OTTO/Source/UI/Visualizations/PatternVisualizer.h:4:
In file included from /Users/larryseyer/AudioDevelopment/OTTO/Builds/MacOSX/CMake-Release/OTTO_artefacts/JuceLibraryCode/JuceHeader.h:14:
In file included from /Users/larryseyer/AudioDevelopment/OTTO/JUCE/modules/juce_audio_plugin_client/juce_audio_plugin_client.h:65:
In file included from /Users/larryseyer/AudioDevelopment/OTTO/JUCE/modules/juce_audio_processors/juce_audio_processors.h:67:
In file included from /Users/larryseyer/AudioDevelopment/OTTO/JUCE/modules/juce_gui_extra/juce_gui_extra.h:161:
/Users/larryseyer/AudioDevelopment/OTTO/JUCE/modules/juce_gui_extra/misc/juce_WebControlParameterIndexReceiver.h:38:25: warning: 'DOXYGEN' is not defined, evaluates to 0 [-Wundef]
   38 | #if JUCE_WEB_BROWSER || DOXYGEN
      |                         ^
In file included from /Users/larryseyer/AudioDevelopment/OTTO/Source/UI/Visualizations/PatternVisualizer.cpp:1:
In file included from /Users/larryseyer/AudioDevelopment/OTTO/Source/UI/Visualizations/PatternVisualizer.h:4:
In file included from /Users/larryseyer/AudioDevelopment/OTTO/Builds/MacOSX/CMake-Release/OTTO_artefacts/JuceLibraryCode/JuceHeader.h:14:
In file included from /Users/larryseyer/AudioDevelopment/OTTO/JUCE/modules/juce_audio_plugin_client/juce_audio_plugin_client.h:65:
In file included from /Users/larryseyer/AudioDevelopment/OTTO/JUCE/modules/juce_audio_processors/juce_audio_processors.h:148:
/Users/larryseyer/AudioDevelopment/OTTO/JUCE/modules/juce_audio_processors/processors/juce_AudioProcessorParameter.h:363:8: warning: 'JUCE_DEBUG' is not defined, evaluates to 0 [-Wundef]
  363 |    #if JUCE_DEBUG
      |        ^
In file included from /Users/larryseyer/AudioDevelopment/OTTO/Source/UI/Visualizations/PatternVisualizer.cpp:1:
In file included from /Users/larryseyer/AudioDevelopment/OTTO/Source/UI/Visualizations/PatternVisualizer.h:4:
In file included from /Users/larryseyer/AudioDevelopment/OTTO/Builds/MacOSX/CMake-Release/OTTO_artefacts/JuceLibraryCode/JuceHeader.h:14:
In file included from /Users/larryseyer/AudioDevelopment/OTTO/JUCE/modules/juce_audio_plugin_client/juce_audio_plugin_client.h:65:
In file included from /Users/larryseyer/AudioDevelopment/OTTO/JUCE/modules/juce_audio_processors/juce_audio_processors.h:154:
/Users/larryseyer/AudioDevelopment/OTTO/JUCE/modules/juce_audio_processors/processors/juce_AudioProcessor.h:1599:7: warning: 'JUCE_DEBUG' is not defined, evaluates to 0 [-Wundef]
 1599 |   #if JUCE_DEBUG
      |       ^
In file included from /Users/larryseyer/AudioDevelopment/OTTO/Source/UI/Visualizations/PatternVisualizer.cpp:1:
In file included from /Users/larryseyer/AudioDevelopment/OTTO/Source/UI/Visualizations/PatternVisualizer.h:4:
In file included from /Users/larryseyer/AudioDevelopment/OTTO/Builds/MacOSX/CMake-Release/OTTO_artefacts/JuceLibraryCode/JuceHeader.h:14:
In file included from /Users/larryseyer/AudioDevelopment/OTTO/JUCE/modules/juce_audio_plugin_client/juce_audio_plugin_client.h:65:
In file included from /Users/larryseyer/AudioDevelopment/OTTO/JUCE/modules/juce_audio_processors/juce_audio_processors.h:162:
/Users/larryseyer/AudioDevelopment/OTTO/JUCE/modules/juce_audio_processors/format_types/juce_AudioUnitPluginFormat.h:38:55: warning: 'DOXYGEN' is not defined, evaluates to 0 [-Wundef]
   38 | #if (JUCE_PLUGINHOST_AU && (JUCE_MAC || JUCE_IOS)) || DOXYGEN
      |                                                       ^
In file included from /Users/larryseyer/AudioDevelopment/OTTO/Source/UI/Visualizations/PatternVisualizer.cpp:1:
In file included from /Users/larryseyer/AudioDevelopment/OTTO/Source/UI/Visualizations/PatternVisualizer.h:4:
In file included from /Users/larryseyer/AudioDevelopment/OTTO/Builds/MacOSX/CMake-Release/OTTO_artefacts/JuceLibraryCode/JuceHeader.h:14:
In file included from /Users/larryseyer/AudioDevelopment/OTTO/JUCE/modules/juce_audio_plugin_client/juce_audio_plugin_client.h:65:
In file included from /Users/larryseyer/AudioDevelopment/OTTO/JUCE/modules/juce_audio_processors/juce_audio_processors.h:163:
/Users/larryseyer/AudioDevelopment/OTTO/JUCE/modules/juce_audio_processors/format_types/juce_LADSPAPluginFormat.h:38:61: warning: 'DOXYGEN' is not defined, evaluates to 0 [-Wundef]
   38 | #if (JUCE_PLUGINHOST_LADSPA && (JUCE_LINUX || JUCE_BSD)) || DOXYGEN
      |                                                             ^
In file included from /Users/larryseyer/AudioDevelopment/OTTO/Source/UI/Visualizations/PatternVisualizer.cpp:1:
In file included from /Users/larryseyer/AudioDevelopment/OTTO/Source/UI/Visualizations/PatternVisualizer.h:4:
In file included from /Users/larryseyer/AudioDevelopment/OTTO/Builds/MacOSX/CMake-Release/OTTO_artefacts/JuceLibraryCode/JuceHeader.h:14:
In file included from /Users/larryseyer/AudioDevelopment/OTTO/JUCE/modules/juce_audio_plugin_client/juce_audio_plugin_client.h:65:
In file included from /Users/larryseyer/AudioDevelopment/OTTO/JUCE/modules/juce_audio_processors/juce_audio_processors.h:164:
/Users/larryseyer/AudioDevelopment/OTTO/JUCE/modules/juce_audio_processors/format_types/juce_LV2PluginFormat.h:38:64: warning: 'DOXYGEN' is not defined, evaluates to 0 [-Wundef]
   38 | #if (JUCE_PLUGINHOST_LV2 && (! (JUCE_ANDROID || JUCE_IOS))) || DOXYGEN
      |                                                                ^
In file included from /Users/larryseyer/AudioDevelopment/OTTO/Source/UI/Visualizations/PatternVisualizer.cpp:1:
In file included from /Users/larryseyer/AudioDevelopment/OTTO/Source/UI/Visualizations/PatternVisualizer.h:4:
In file included from /Users/larryseyer/AudioDevelopment/OTTO/Builds/MacOSX/CMake-Release/OTTO_artefacts/JuceLibraryCode/JuceHeader.h:14:
In file included from /Users/larryseyer/AudioDevelopment/OTTO/JUCE/modules/juce_audio_plugin_client/juce_audio_plugin_client.h:65:
In file included from /Users/larryseyer/AudioDevelopment/OTTO/JUCE/modules/juce_audio_processors/juce_audio_processors.h:165:
/Users/larryseyer/AudioDevelopment/OTTO/JUCE/modules/juce_audio_processors/format_types/juce_VST3PluginFormat.h:38:87: warning: 'DOXYGEN' is not defined, evaluates to 0 [-Wundef]
   38 | #if (JUCE_PLUGINHOST_VST3 && (JUCE_MAC || JUCE_WINDOWS || JUCE_LINUX || JUCE_BSD)) || DOXYGEN
      |                                                                                       ^
In file included from /Users/larryseyer/AudioDevelopment/OTTO/Source/UI/Visualizations/PatternVisualizer.cpp:1:
In file included from /Users/larryseyer/AudioDevelopment/OTTO/Source/UI/Visualizations/PatternVisualizer.h:4:
In file included from /Users/larryseyer/AudioDevelopment/OTTO/Builds/MacOSX/CMake-Release/OTTO_artefacts/JuceLibraryCode/JuceHeader.h:14:
In file included from /Users/larryseyer/AudioDevelopment/OTTO/JUCE/modules/juce_audio_plugin_client/juce_audio_plugin_client.h:65:
In file included from /Users/larryseyer/AudioDevelopment/OTTO/JUCE/modules/juce_audio_processors/juce_audio_processors.h:167:
/Users/larryseyer/AudioDevelopment/OTTO/JUCE/modules/juce_audio_processors/format_types/juce_VSTPluginFormat.h:35:29: warning: 'DOXYGEN' is not defined, evaluates to 0 [-Wundef]
   35 | #if (JUCE_PLUGINHOST_VST || DOXYGEN)
      |                             ^
In file included from /Users/larryseyer/AudioDevelopment/OTTO/Source/UI/Visualizations/PatternVisualizer.cpp:1:
In file included from /Users/larryseyer/AudioDevelopment/OTTO/Source/UI/Visualizations/PatternVisualizer.h:4:
In file included from /Users/larryseyer/AudioDevelopment/OTTO/Builds/MacOSX/CMake-Release/OTTO_artefacts/JuceLibraryCode/JuceHeader.h:14:
In file included from /Users/larryseyer/AudioDevelopment/OTTO/JUCE/modules/juce_audio_plugin_client/juce_audio_plugin_client.h:65:
In file included from /Users/larryseyer/AudioDevelopment/OTTO/JUCE/modules/juce_audio_processors/juce_audio_processors.h:168:
/Users/larryseyer/AudioDevelopment/OTTO/JUCE/modules/juce_audio_processors/format_types/juce_ARAHosting.h:37:122: warning: 'DOXYGEN' is not defined, evaluates to 0 [-Wundef]
   37 | #if (JUCE_PLUGINHOST_ARA && (JUCE_PLUGINHOST_VST3 || JUCE_PLUGINHOST_AU) && (JUCE_MAC || JUCE_WINDOWS || JUCE_LINUX)) || DOXYGEN
      |                                                                                                                          ^
In file included from /Users/larryseyer/AudioDevelopment/OTTO/Source/UI/Visualizations/PatternVisualizer.cpp:1:
In file included from /Users/larryseyer/AudioDevelopment/OTTO/Source/UI/Visualizations/PatternVisualizer.h:4:
In file included from /Users/larryseyer/AudioDevelopment/OTTO/Builds/MacOSX/CMake-Release/OTTO_artefacts/JuceLibraryCode/JuceHeader.h:14:
In file included from /Users/larryseyer/AudioDevelopment/OTTO/JUCE/modules/juce_audio_plugin_client/juce_audio_plugin_client.h:65:
In file included from /Users/larryseyer/AudioDevelopment/OTTO/JUCE/modules/juce_audio_processors/juce_audio_processors.h:177:
/Users/larryseyer/AudioDevelopment/OTTO/JUCE/modules/juce_audio_processors/utilities/juce_ParameterAttachments.h:260:25: warning: 'DOXYGEN' is not defined, evaluates to 0 [-Wundef]
  260 | #if JUCE_WEB_BROWSER || DOXYGEN
      |                         ^
In file included from /Users/larryseyer/AudioDevelopment/OTTO/Source/UI/Visualizations/PatternVisualizer.cpp:1:
In file included from /Users/larryseyer/AudioDevelopment/OTTO/Source/UI/Visualizations/PatternVisualizer.h:4:
In file included from /Users/larryseyer/AudioDevelopment/OTTO/Builds/MacOSX/CMake-Release/OTTO_artefacts/JuceLibraryCode/JuceHeader.h:14:
In file included from /Users/larryseyer/AudioDevelopment/OTTO/JUCE/modules/juce_audio_plugin_client/juce_audio_plugin_client.h:65:
In file included from /Users/larryseyer/AudioDevelopment/OTTO/JUCE/modules/juce_audio_processors/juce_audio_processors.h:178:
/Users/larryseyer/AudioDevelopment/OTTO/JUCE/modules/juce_audio_processors/utilities/juce_AudioProcessorValueTreeState.h:639:8: warning: 'JUCE_UNIT_TESTS' is not defined, evaluates to 0 [-Wundef]
  639 |    #if JUCE_UNIT_TESTS
      |        ^
In file included from /Users/larryseyer/AudioDevelopment/OTTO/Source/UI/Visualizations/PatternVisualizer.cpp:1:
In file included from /Users/larryseyer/AudioDevelopment/OTTO/Source/UI/Visualizations/PatternVisualizer.h:4:
In file included from /Users/larryseyer/AudioDevelopment/OTTO/Builds/MacOSX/CMake-Release/OTTO_artefacts/JuceLibraryCode/JuceHeader.h:23:
In file included from /Users/larryseyer/AudioDevelopment/OTTO/JUCE/modules/juce_audio_devices/juce_audio_devices.h:174:
/Users/larryseyer/AudioDevelopment/OTTO/JUCE/modules/juce_audio_devices/midi_io/juce_MidiDevices.h:205:8: warning: 'JUCE_LINUX' is not defined, evaluates to 0 [-Wundef]
  205 |    #if JUCE_LINUX || JUCE_BSD || JUCE_MAC || JUCE_IOS || DOXYGEN
      |        ^
/Users/larryseyer/AudioDevelopment/OTTO/JUCE/modules/juce_audio_devices/midi_io/juce_MidiDevices.h:205:22: warning: 'JUCE_BSD' is not defined, evaluates to 0 [-Wundef]
  205 |    #if JUCE_LINUX || JUCE_BSD || JUCE_MAC || JUCE_IOS || DOXYGEN
      |                      ^
/Users/larryseyer/AudioDevelopment/OTTO/JUCE/modules/juce_audio_devices/midi_io/juce_MidiDevices.h:364:8: warning: 'JUCE_LINUX' is not defined, evaluates to 0 [-Wundef]
  364 |    #if JUCE_LINUX || JUCE_BSD || JUCE_MAC || JUCE_IOS || DOXYGEN
      |        ^
/Users/larryseyer/AudioDevelopment/OTTO/JUCE/modules/juce_audio_devices/midi_io/juce_MidiDevices.h:364:22: warning: 'JUCE_BSD' is not defined, evaluates to 0 [-Wundef]
  364 |    #if JUCE_LINUX || JUCE_BSD || JUCE_MAC || JUCE_IOS || DOXYGEN
      |                      ^
In file included from /Users/larryseyer/AudioDevelopment/OTTO/Source/UI/Visualizations/PatternVisualizer.cpp:1:
In file included from /Users/larryseyer/AudioDevelopment/OTTO/Source/UI/Visualizations/PatternVisualizer.h:4:
In file included from /Users/larryseyer/AudioDevelopment/OTTO/Builds/MacOSX/CMake-Release/OTTO_artefacts/JuceLibraryCode/JuceHeader.h:23:
In file included from /Users/larryseyer/AudioDevelopment/OTTO/JUCE/modules/juce_audio_devices/juce_audio_devices.h:175:
/Users/larryseyer/AudioDevelopment/OTTO/JUCE/modules/juce_audio_devices/midi_io/juce_MidiMessageCollector.h:118:8: warning: 'JUCE_DEBUG' is not defined, evaluates to 0 [-Wundef]
  118 |    #if JUCE_DEBUG
      |        ^
In file included from /Users/larryseyer/AudioDevelopment/OTTO/Source/UI/Visualizations/PatternVisualizer.cpp:1:
In file included from /Users/larryseyer/AudioDevelopment/OTTO/Source/UI/Visualizations/PatternVisualizer.h:4:
In file included from /Users/larryseyer/AudioDevelopment/OTTO/Builds/MacOSX/CMake-Release/OTTO_artefacts/JuceLibraryCode/JuceHeader.h:23:
/Users/larryseyer/AudioDevelopment/OTTO/JUCE/modules/juce_audio_devices/juce_audio_devices.h:199:5: warning: 'JUCE_IOS' is not defined, evaluates to 0 [-Wundef]
  199 | #if JUCE_IOS
      |     ^
In file included from /Users/larryseyer/AudioDevelopment/OTTO/Source/UI/Visualizations/PatternVisualizer.cpp:1:
In file included from /Users/larryseyer/AudioDevelopment/OTTO/Source/UI/Visualizations/PatternVisualizer.h:4:
In file included from /Users/larryseyer/AudioDevelopment/OTTO/Builds/MacOSX/CMake-Release/OTTO_artefacts/JuceLibraryCode/JuceHeader.h:24:
/Users/larryseyer/AudioDevelopment/OTTO/JUCE/modules/juce_audio_formats/juce_audio_formats.h:117:7: warning: 'JUCE_WINDOWS' is not defined, evaluates to 0 [-Wundef]
  117 | #if ! JUCE_WINDOWS
      |       ^
In file included from /Users/larryseyer/AudioDevelopment/OTTO/Source/UI/Visualizations/PatternVisualizer.cpp:1:
In file included from /Users/larryseyer/AudioDevelopment/OTTO/Source/UI/Visualizations/PatternVisualizer.h:4:
In file included from /Users/larryseyer/AudioDevelopment/OTTO/Builds/MacOSX/CMake-Release/OTTO_artefacts/JuceLibraryCode/JuceHeader.h:24:
In file included from /Users/larryseyer/AudioDevelopment/OTTO/JUCE/modules/juce_audio_formats/juce_audio_formats.h:134:
/Users/larryseyer/AudioDevelopment/OTTO/JUCE/modules/juce_audio_formats/codecs/juce_LAMEEncoderAudioFormat.h:38:35: warning: 'DOXYGEN' is not defined, evaluates to 0 [-Wundef]
   38 | #if JUCE_USE_LAME_AUDIO_FORMAT || DOXYGEN
      |                                   ^
In file included from /Users/larryseyer/AudioDevelopment/OTTO/Source/UI/Visualizations/PatternVisualizer.cpp:1:
In file included from /Users/larryseyer/AudioDevelopment/OTTO/Source/UI/Visualizations/PatternVisualizer.h:4:
In file included from /Users/larryseyer/AudioDevelopment/OTTO/Builds/MacOSX/CMake-Release/OTTO_artefacts/JuceLibraryCode/JuceHeader.h:24:
In file included from /Users/larryseyer/AudioDevelopment/OTTO/JUCE/modules/juce_audio_formats/juce_audio_formats.h:135:
/Users/larryseyer/AudioDevelopment/OTTO/JUCE/modules/juce_audio_formats/codecs/juce_MP3AudioFormat.h:38:32: warning: 'DOXYGEN' is not defined, evaluates to 0 [-Wundef]
   38 | #if JUCE_USE_MP3AUDIOFORMAT || DOXYGEN
      |                                ^
In file included from /Users/larryseyer/AudioDevelopment/OTTO/Source/UI/Visualizations/PatternVisualizer.cpp:1:
In file included from /Users/larryseyer/AudioDevelopment/OTTO/Source/UI/Visualizations/PatternVisualizer.h:4:
In file included from /Users/larryseyer/AudioDevelopment/OTTO/Builds/MacOSX/CMake-Release/OTTO_artefacts/JuceLibraryCode/JuceHeader.h:24:
In file included from /Users/larryseyer/AudioDevelopment/OTTO/JUCE/modules/juce_audio_formats/juce_audio_formats.h:138:
/Users/larryseyer/AudioDevelopment/OTTO/JUCE/modules/juce_audio_formats/codecs/juce_WindowsMediaAudioFormat.h:38:5: warning: 'JUCE_WINDOWS' is not defined, evaluates to 0 [-Wundef]
   38 | #if JUCE_WINDOWS || DOXYGEN
      |     ^
/Users/larryseyer/AudioDevelopment/OTTO/JUCE/modules/juce_audio_formats/codecs/juce_WindowsMediaAudioFormat.h:38:21: warning: 'DOXYGEN' is not defined, evaluates to 0 [-Wundef]
   38 | #if JUCE_WINDOWS || DOXYGEN
      |                     ^
In file included from /Users/larryseyer/AudioDevelopment/OTTO/Source/UI/Visualizations/PatternVisualizer.cpp:1:
In file included from /Users/larryseyer/AudioDevelopment/OTTO/Source/UI/Visualizations/PatternVisualizer.h:4:
In file included from /Users/larryseyer/AudioDevelopment/OTTO/Builds/MacOSX/CMake-Release/OTTO_artefacts/JuceLibraryCode/JuceHeader.h:25:
In file included from /Users/larryseyer/AudioDevelopment/OTTO/JUCE/modules/juce_audio_utils/juce_audio_utils.h:99:
/Users/larryseyer/AudioDevelopment/OTTO/JUCE/modules/juce_audio_utils/audio_cd/juce_AudioCDBurner.h:38:26: warning: 'DOXYGEN' is not defined, evaluates to 0 [-Wundef]
   38 | #if JUCE_USE_CDBURNER || DOXYGEN
      |                          ^
In file included from /Users/larryseyer/AudioDevelopment/OTTO/Source/UI/Visualizations/PatternVisualizer.cpp:1:
In file included from /Users/larryseyer/AudioDevelopment/OTTO/Source/UI/Visualizations/PatternVisualizer.h:4:
In file included from /Users/larryseyer/AudioDevelopment/OTTO/Builds/MacOSX/CMake-Release/OTTO_artefacts/JuceLibraryCode/JuceHeader.h:25:
In file included from /Users/larryseyer/AudioDevelopment/OTTO/JUCE/modules/juce_audio_utils/juce_audio_utils.h:100:
/Users/larryseyer/AudioDevelopment/OTTO/JUCE/modules/juce_audio_utils/audio_cd/juce_AudioCDReader.h:38:26: warning: 'DOXYGEN' is not defined, evaluates to 0 [-Wundef]
   38 | #if JUCE_USE_CDREADER || DOXYGEN
      |                          ^
In file included from /Users/larryseyer/AudioDevelopment/OTTO/Source/UI/Visualizations/PatternVisualizer.cpp:1:
In file included from /Users/larryseyer/AudioDevelopment/OTTO/Source/UI/Visualizations/PatternVisualizer.h:4:
In file included from /Users/larryseyer/AudioDevelopment/OTTO/Builds/MacOSX/CMake-Release/OTTO_artefacts/JuceLibraryCode/JuceHeader.h:26:
/Users/larryseyer/AudioDevelopment/OTTO/JUCE/modules/juce_dsp/juce_dsp.h:69:5: warning: 'JUCE_INTEL' is not defined, evaluates to 0 [-Wundef]
   69 | #if JUCE_INTEL
      |     ^
/Users/larryseyer/AudioDevelopment/OTTO/JUCE/modules/juce_dsp/juce_dsp.h:95:20: warning: 'JUCE_WINDOWS' is not defined, evaluates to 0 [-Wundef]
   95 |  #if JUCE_64BIT && JUCE_WINDOWS
      |                    ^
/Users/larryseyer/AudioDevelopment/OTTO/JUCE/modules/juce_dsp/juce_dsp.h:113:6: warning: '_MSC_VER' is not defined, evaluates to 0 [-Wundef]
  113 |  #if _MSC_VER && JUCE_USE_SIMD && ! (defined (_M_X64) || defined (__amd64__))
      |      ^
/Users/larryseyer/AudioDevelopment/OTTO/JUCE/modules/juce_dsp/juce_dsp.h:242:6: warning: 'JUCE_INTEL' is not defined, evaluates to 0 [-Wundef]
  242 |  #if JUCE_INTEL
      |      ^
In file included from /Users/larryseyer/AudioDevelopment/OTTO/Source/UI/Visualizations/PatternVisualizer.cpp:1:
In file included from /Users/larryseyer/AudioDevelopment/OTTO/Source/UI/Visualizations/PatternVisualizer.h:4:
In file included from /Users/larryseyer/AudioDevelopment/OTTO/Builds/MacOSX/CMake-Release/OTTO_artefacts/JuceLibraryCode/JuceHeader.h:27:
/Users/larryseyer/AudioDevelopment/OTTO/JUCE/modules/juce_opengl/juce_opengl.h:72:5: warning: 'JUCE_IOS' is not defined, evaluates to 0 [-Wundef]
   72 | #if JUCE_IOS || JUCE_ANDROID
      |     ^
/Users/larryseyer/AudioDevelopment/OTTO/JUCE/modules/juce_opengl/juce_opengl.h:72:17: warning: 'JUCE_ANDROID' is not defined, evaluates to 0 [-Wundef]
   72 | #if JUCE_IOS || JUCE_ANDROID
      |                 ^
/Users/larryseyer/AudioDevelopment/OTTO/JUCE/modules/juce_opengl/juce_opengl.h:82:5: warning: 'JUCE_OPENGL_ES' is not defined, evaluates to 0 [-Wundef]
   82 | #if JUCE_OPENGL_ES || DOXYGEN
      |     ^
/Users/larryseyer/AudioDevelopment/OTTO/JUCE/modules/juce_opengl/juce_opengl.h:82:23: warning: 'DOXYGEN' is not defined, evaluates to 0 [-Wundef]
   82 | #if JUCE_OPENGL_ES || DOXYGEN
      |                       ^
In file included from /Users/larryseyer/AudioDevelopment/OTTO/Source/UI/Visualizations/PatternVisualizer.cpp:1:
In file included from /Users/larryseyer/AudioDevelopment/OTTO/Source/UI/Visualizations/PatternVisualizer.h:4:
In file included from /Users/larryseyer/AudioDevelopment/OTTO/Builds/MacOSX/CMake-Release/OTTO_artefacts/JuceLibraryCode/JuceHeader.h:27:
In file included from /Users/larryseyer/AudioDevelopment/OTTO/JUCE/modules/juce_opengl/juce_opengl.h:120:
/Users/larryseyer/AudioDevelopment/OTTO/JUCE/modules/juce_opengl/native/juce_OpenGLExtensions.h:127:8: warning: 'JUCE_WINDOWS' is not defined, evaluates to 0 [-Wundef]
  127 |    #if JUCE_WINDOWS && ! defined (DOXYGEN)
      |        ^
/Users/larryseyer/AudioDevelopment/OTTO/JUCE/modules/juce_opengl/native/juce_OpenGLExtensions.h:142:8: warning: 'JUCE_ANDROID' is not defined, evaluates to 0 [-Wundef]
  142 |    #if JUCE_ANDROID
      |        ^
In file included from /Users/larryseyer/AudioDevelopment/OTTO/Source/UI/Visualizations/PatternVisualizer.cpp:1:
In file included from /Users/larryseyer/AudioDevelopment/OTTO/Source/UI/Visualizations/PatternVisualizer.h:4:
/Users/larryseyer/AudioDevelopment/OTTO/Builds/MacOSX/CMake-Release/OTTO_artefacts/JuceLibraryCode/JuceHeader.h:34:7: warning: 'DONT_SET_USING_JUCE_NAMESPACE' is not defined, evaluates to 0 [-Wundef]
   34 | #if ! DONT_SET_USING_JUCE_NAMESPACE
      |       ^
In file included from /Users/larryseyer/AudioDevelopment/OTTO/Source/UI/Visualizations/PatternVisualizer.cpp:1:
In file included from /Users/larryseyer/AudioDevelopment/OTTO/Source/UI/Visualizations/PatternVisualizer.h:5:
/Users/larryseyer/AudioDevelopment/OTTO/Source/UI/Visualizations/../../ColorScheme.h:104:55: warning: unused parameter 'newThemeName' [-Wunused-parameter]
  104 |         virtual void themeChanged(const juce::String& newThemeName) {}
      |                                                       ^
/Users/larryseyer/AudioDevelopment/OTTO/Source/UI/Visualizations/../../ColorScheme.h:105:55: warning: unused parameter 'component' [-Wunused-parameter]
  105 |         virtual void colorChanged(const juce::String& component, const juce::String& property, const juce::Colour& newColor) {}
      |                                                       ^
/Users/larryseyer/AudioDevelopment/OTTO/Source/UI/Visualizations/../../ColorScheme.h:105:86: warning: unused parameter 'property' [-Wunused-parameter]
  105 |         virtual void colorChanged(const juce::String& component, const juce::String& property, const juce::Colour& newColor) {}
      |                                                                                      ^
/Users/larryseyer/AudioDevelopment/OTTO/Source/UI/Visualizations/../../ColorScheme.h:105:116: warning: unused parameter 'newColor' [-Wunused-parameter]
  105 |         virtual void colorChanged(const juce::String& component, const juce::String& property, const juce::Colour& newColor) {}
      |                                                                                                                    ^
In file included from /Users/larryseyer/AudioDevelopment/OTTO/Source/UI/Visualizations/PatternVisualizer.cpp:1:
/Users/larryseyer/AudioDevelopment/OTTO/Source/UI/Visualizations/PatternVisualizer.h:430:45: warning: unused parameter 'step' [-Wunused-parameter]
  430 |         virtual void patternNoteChanged(int step, int channel, const PatternNote* note) {}
      |                                             ^
/Users/larryseyer/AudioDevelopment/OTTO/Source/UI/Visualizations/PatternVisualizer.h:430:55: warning: unused parameter 'channel' [-Wunused-parameter]
  430 |         virtual void patternNoteChanged(int step, int channel, const PatternNote* note) {}
      |                                                       ^
/Users/larryseyer/AudioDevelopment/OTTO/Source/UI/Visualizations/PatternVisualizer.h:430:83: warning: unused parameter 'note' [-Wunused-parameter]
  430 |         virtual void patternNoteChanged(int step, int channel, const PatternNote* note) {}
      |                                                                                   ^
/Users/larryseyer/AudioDevelopment/OTTO/Source/UI/Visualizations/PatternVisualizer.h:441:47: warning: unused parameter 'newMode' [-Wunused-parameter]
  441 |         virtual void viewModeChanged(ViewMode newMode) {}
      |                                               ^
/Users/larryseyer/AudioDevelopment/OTTO/Source/UI/Visualizations/PatternVisualizer.h:448:65: warning: unused parameter 'position' [-Wunused-parameter]
  448 |         virtual void cameraChanged(const juce::Vector3D<float>& position,
      |                                                                 ^
/Users/larryseyer/AudioDevelopment/OTTO/Source/UI/Visualizations/PatternVisualizer.h:449:63: warning: unused parameter 'target' [-Wunused-parameter]
  449 |                                  const juce::Vector3D<float>& target) {}
      |                                                               ^
In file included from /Users/larryseyer/AudioDevelopment/OTTO/Source/UI/Visualizations/PatternVisualizer.cpp:3:
In file included from /Users/larryseyer/AudioDevelopment/OTTO/Source/UI/Visualizations/../../INIDataManager.h:6:
/Users/larryseyer/AudioDevelopment/OTTO/Source/UI/Visualizations/../../MidiEngine.h:24:34: warning: implicit conversion increases floating-point precision: 'const float' to 'double' [-Wdouble-promotion]
   24 |         double currentPosition = INIConfig::MIDI::DEFAULT_POSITION;
      |                                  ^~~~~~~~~~~~~~~~~~~~~~~~~~~~~~~~~
/Users/larryseyer/AudioDevelopment/OTTO/Source/UI/Visualizations/../../MidiEngine.h:224:35: warning: implicit conversion increases floating-point precision: 'const float' to 'double' [-Wdouble-promotion]
  224 |         double playbackPosition = INIConfig::MIDI::DEFAULT_POSITION;
      |                                   ^~~~~~~~~~~~~~~~~~~~~~~~~~~~~~~~~
/Users/larryseyer/AudioDevelopment/OTTO/Source/UI/Visualizations/../../MidiEngine.h:225:34: warning: implicit conversion increases floating-point precision: 'const float' to 'double' [-Wdouble-promotion]
  225 |         double lastProcessTime = INIConfig::MIDI::DEFAULT_LAST_TIME;
      |                                  ^~~~~~~~~~~~~~~~~~~~~~~~~~~~~~~~~~
/Users/larryseyer/AudioDevelopment/OTTO/Source/UI/Visualizations/../../MidiEngine.h:247:30: warning: implicit conversion increases floating-point precision: 'const float' to 'double' [-Wdouble-promotion]
  247 |     double lastProcessTime = INIConfig::MIDI::DEFAULT_LAST_TIME;
      |                              ^~~~~~~~~~~~~~~~~~~~~~~~~~~~~~~~~~
/Users/larryseyer/AudioDevelopment/OTTO/Source/UI/Visualizations/../../MidiEngine.h:248:28: warning: implicit conversion increases floating-point precision: 'const float' to 'double' [-Wdouble-promotion]
  248 |     double lastClockTime = INIConfig::MIDI::DEFAULT_LAST_TIME;
      |                            ^~~~~~~~~~~~~~~~~~~~~~~~~~~~~~~~~~
/Users/larryseyer/AudioDevelopment/OTTO/Source/UI/Visualizations/../../MidiEngine.h:253:24: warning: implicit conversion increases floating-point precision: 'const float' to 'double' [-Wdouble-promotion]
  253 |     double hostTempo = INIConfig::MIDI::DEFAULT_POSITION;
      |                        ^~~~~~~~~~~~~~~~~~~~~~~~~~~~~~~~~
/Users/larryseyer/AudioDevelopment/OTTO/Source/UI/Visualizations/../../MidiEngine.h:264:30: warning: implicit conversion increases floating-point precision: 'const float' to 'double' [-Wdouble-promotion]
  264 |     double countInPosition = INIConfig::MIDI::DEFAULT_POSITION;
      |                              ^~~~~~~~~~~~~~~~~~~~~~~~~~~~~~~~~
/Users/larryseyer/AudioDevelopment/OTTO/Source/UI/Visualizations/../../MidiEngine.h:272:30: warning: implicit conversion increases floating-point precision: 'const float' to 'double' [-Wdouble-promotion]
  272 |     double recordStartTime = INIConfig::MIDI::DEFAULT_LAST_TIME;
      |                              ^~~~~~~~~~~~~~~~~~~~~~~~~~~~~~~~~~
/Users/larryseyer/AudioDevelopment/OTTO/Source/UI/Visualizations/../../MidiEngine.h:278:37: warning: implicit conversion increases floating-point precision: 'const float' to 'double' [-Wdouble-promotion]
  278 |     double loopRecordingStartTime = INIConfig::MIDI::DEFAULT_LAST_TIME;
      |                                     ^~~~~~~~~~~~~~~~~~~~~~~~~~~~~~~~~~
/Users/larryseyer/AudioDevelopment/OTTO/Source/UI/Visualizations/../../MidiEngine.h:285:26: warning: implicit conversion increases floating-point precision: 'const float' to 'double' [-Wdouble-promotion]
  285 |     double lastTapTime = INIConfig::MIDI::DEFAULT_LAST_TIME;
      |                          ^~~~~~~~~~~~~~~~~~~~~~~~~~~~~~~~~~
/Users/larryseyer/AudioDevelopment/OTTO/Source/UI/Visualizations/PatternVisualizer.cpp:118:77: error: no member named 'patternMatrixWidthPercent' in namespace 'INIConfig::LayoutConstants::Row5'
  118 |     setSize(static_cast<int>(getWidth() * INIConfig::LayoutConstants::Row5::patternMatrixWidthPercent / 100.0f),
      |                                           ~~~~~~~~~~~~~~~~~~~~~~~~~~~~~~~~~~^
/Users/larryseyer/AudioDevelopment/OTTO/Source/UI/Visualizations/PatternVisualizer.cpp:119:78: error: no member named 'patternMatrixHeightPercent' in namespace 'INIConfig::LayoutConstants::Row5'
  119 |             static_cast<int>(getHeight() * INIConfig::LayoutConstants::Row5::patternMatrixHeightPercent / 100.0f));
      |                                            ~~~~~~~~~~~~~~~~~~~~~~~~~~~~~~~~~~^
/Users/larryseyer/AudioDevelopment/OTTO/Source/UI/Visualizations/PatternVisualizer.cpp:178:10: warning: unused variable 'delta' [-Wunused-variable]
  178 |     auto delta = currentPosition - lastMousePosition;
      |          ^~~~~
/Users/larryseyer/AudioDevelopment/OTTO/Source/UI/Visualizations/PatternVisualizer.cpp:190:57: warning: unused parameter 'event' [-Wunused-parameter]
  190 | void PatternVisualizer::mouseUp(const juce::MouseEvent& event)
      |                                                         ^
/Users/larryseyer/AudioDevelopment/OTTO/Source/UI/Visualizations/PatternVisualizer.cpp:197:64: warning: unused parameter 'event' [-Wunused-parameter]
  197 | void PatternVisualizer::mouseWheelMove(const juce::MouseEvent& event, const juce::MouseWheelDetails& wheel)
      |                                                                ^
/Users/larryseyer/AudioDevelopment/OTTO/Source/UI/Visualizations/PatternVisualizer.cpp:222:14: error: use of undeclared identifier 'GL_DEPTH_TEST'
  222 |     glEnable(GL_DEPTH_TEST);
      |              ^

CompileC /Users/larryseyer/AudioDevelopment/OTTO/Builds/MacOSX/CMake-Release/build/OTTO.build/Release/Objects-normal/arm64/KeyboardHandler.o /Users/larryseyer/AudioDevelopment/OTTO/Source/UX/KeyboardHandler.cpp normal arm64 c++ com.apple.compilers.llvm.clang.1_0.compiler (in target 'OTTO' from project 'OTTO')
    cd /Users/larryseyer/AudioDevelopment/OTTO
    
    Using response file: /Users/larryseyer/AudioDevelopment/OTTO/Builds/MacOSX/CMake-Release/build/OTTO.build/Release/Objects-normal/arm64/82b82416624d2658e5098eb0a28c15c5-common-args.resp
    
    /Applications/Xcode.app/Contents/Developer/Toolchains/XcodeDefault.xctoolchain/usr/bin/clang -x c++ -ivfsstatcache /var/folders/0p/t4rj91z90d38yk0_8vh370gr0000gn/C/com.apple.DeveloperTools/16.4-16F6/Xcode/SDKStatCaches.noindex/macosx15.5-24F74-8254517eb8b97d462ccbc072ba9094c9.sdkstatcache -fmessage-length\=0 -fdiagnostics-show-note-include-stack -fmacro-backtrace-limit\=0 -fno-color-diagnostics -Wno-trigraphs -Wno-missing-field-initializers -Wno-missing-prototypes -Wno-return-type -Wno-non-virtual-dtor -Wno-overloaded-virtual -Wno-exit-time-destructors -Wno-missing-braces -Wparentheses -Wswitch -Wno-unused-function -Wno-unused-label -Wno-unused-parameter -Wno-unused-variable -Wunused-value -Wno-empty-body -Wno-uninitialized -Wno-unknown-pragmas -Wno-shadow -Wno-four-char-constants -Wno-conversion -Wno-constant-conversion -Wno-int-conversion -Wno-bool-conversion -Wno-enum-conversion -Wno-float-conversion -Wno-non-literal-null-conversion -Wno-objc-literal-conversion -Wshorten-64-to-32 -Wno-newline-eof -Wno-c++11-extensions -Wno-implicit-fallthrough -fstrict-aliasing -Wdeprecated-declarations -Winvalid-offsetof -Wno-sign-conversion -Wno-infinite-recursion -Wno-move -Wno-comma -Wno-block-capture-autoreleasing -Wno-strict-prototypes -Wno-range-loop-analysis -Wno-semicolon-before-method-body -Wall -Wextra -Wpedantic -Wformat\=2 -Wformat-security -Wnull-dereference -Wdouble-promotion -Wshadow -Wundef -Wcast-align @/Users/larryseyer/AudioDevelopment/OTTO/Builds/MacOSX/CMake-Release/build/OTTO.build/Release/Objects-normal/arm64/82b82416624d2658e5098eb0a28c15c5-common-args.resp -MMD -MT dependencies -MF /Users/larryseyer/AudioDevelopment/OTTO/Builds/MacOSX/CMake-Release/build/OTTO.build/Release/Objects-normal/arm64/KeyboardHandler.d --serialize-diagnostics /Users/larryseyer/AudioDevelopment/OTTO/Builds/MacOSX/CMake-Release/build/OTTO.build/Release/Objects-normal/arm64/KeyboardHandler.dia -c /Users/larryseyer/AudioDevelopment/OTTO/Source/UX/KeyboardHandler.cpp -o /Users/larryseyer/AudioDevelopment/OTTO/Builds/MacOSX/CMake-Release/build/OTTO.build/Release/Objects-normal/arm64/KeyboardHandler.o
In file included from /Users/larryseyer/AudioDevelopment/OTTO/Source/UX/KeyboardHandler.cpp:1:
In file included from /Users/larryseyer/AudioDevelopment/OTTO/Source/UX/KeyboardHandler.h:2:
In file included from /Users/larryseyer/AudioDevelopment/OTTO/Builds/MacOSX/CMake-Release/OTTO_artefacts/JuceLibraryCode/JuceHeader.h:14:
In file included from /Users/larryseyer/AudioDevelopment/OTTO/JUCE/modules/juce_audio_plugin_client/juce_audio_plugin_client.h:63:
In file included from /Users/larryseyer/AudioDevelopment/OTTO/JUCE/modules/juce_gui_basics/juce_gui_basics.h:68:
In file included from /Users/larryseyer/AudioDevelopment/OTTO/JUCE/modules/juce_graphics/juce_graphics.h:67:
In file included from /Users/larryseyer/AudioDevelopment/OTTO/JUCE/modules/juce_core/juce_core.h:77:
/Users/larryseyer/AudioDevelopment/OTTO/JUCE/modules/juce_core/system/juce_TargetPlatform.h:99:5: warning: 'JUCE_WINDOWS' is not defined, evaluates to 0 [-Wundef]
   99 | #if JUCE_WINDOWS
      |     ^
/Users/larryseyer/AudioDevelopment/OTTO/JUCE/modules/juce_core/system/juce_TargetPlatform.h:183:5: warning: 'JUCE_LINUX' is not defined, evaluates to 0 [-Wundef]
  183 | #if JUCE_LINUX || JUCE_ANDROID || JUCE_BSD
      |     ^
/Users/larryseyer/AudioDevelopment/OTTO/JUCE/modules/juce_core/system/juce_TargetPlatform.h:183:19: warning: 'JUCE_ANDROID' is not defined, evaluates to 0 [-Wundef]
  183 | #if JUCE_LINUX || JUCE_ANDROID || JUCE_BSD
      |                   ^
/Users/larryseyer/AudioDevelopment/OTTO/JUCE/modules/juce_core/system/juce_TargetPlatform.h:183:35: warning: 'JUCE_BSD' is not defined, evaluates to 0 [-Wundef]
  183 | #if JUCE_LINUX || JUCE_ANDROID || JUCE_BSD
      |                                   ^
In file included from /Users/larryseyer/AudioDevelopment/OTTO/Source/UX/KeyboardHandler.cpp:1:
In file included from /Users/larryseyer/AudioDevelopment/OTTO/Source/UX/KeyboardHandler.h:2:
In file included from /Users/larryseyer/AudioDevelopment/OTTO/Builds/MacOSX/CMake-Release/OTTO_artefacts/JuceLibraryCode/JuceHeader.h:14:
In file included from /Users/larryseyer/AudioDevelopment/OTTO/JUCE/modules/juce_audio_plugin_client/juce_audio_plugin_client.h:63:
In file included from /Users/larryseyer/AudioDevelopment/OTTO/JUCE/modules/juce_gui_basics/juce_gui_basics.h:68:
In file included from /Users/larryseyer/AudioDevelopment/OTTO/JUCE/modules/juce_graphics/juce_graphics.h:67:
/Users/larryseyer/AudioDevelopment/OTTO/JUCE/modules/juce_core/juce_core.h:115:5: warning: 'JUCE_DEBUG' is not defined, evaluates to 0 [-Wundef]
  115 | #if JUCE_DEBUG && ! defined (JUCE_CHECK_MEMORY_LEAKS)
      |     ^
/Users/larryseyer/AudioDevelopment/OTTO/JUCE/modules/juce_core/juce_core.h:207:5: warning: 'JUCE_CORE_INCLUDE_NATIVE_HEADERS' is not defined, evaluates to 0 [-Wundef]
  207 | #if JUCE_CORE_INCLUDE_NATIVE_HEADERS
      |     ^
/Users/larryseyer/AudioDevelopment/OTTO/JUCE/modules/juce_core/juce_core.h:211:5: warning: 'JUCE_WINDOWS' is not defined, evaluates to 0 [-Wundef]
  211 | #if JUCE_WINDOWS
      |     ^
In file included from /Users/larryseyer/AudioDevelopment/OTTO/Source/UX/KeyboardHandler.cpp:1:
In file included from /Users/larryseyer/AudioDevelopment/OTTO/Source/UX/KeyboardHandler.h:2:
In file included from /Users/larryseyer/AudioDevelopment/OTTO/Builds/MacOSX/CMake-Release/OTTO_artefacts/JuceLibraryCode/JuceHeader.h:14:
In file included from /Users/larryseyer/AudioDevelopment/OTTO/JUCE/modules/juce_audio_plugin_client/juce_audio_plugin_client.h:63:
In file included from /Users/larryseyer/AudioDevelopment/OTTO/JUCE/modules/juce_gui_basics/juce_gui_basics.h:68:
In file included from /Users/larryseyer/AudioDevelopment/OTTO/JUCE/modules/juce_graphics/juce_graphics.h:67:
In file included from /Users/larryseyer/AudioDevelopment/OTTO/JUCE/modules/juce_core/juce_core.h:215:
/Users/larryseyer/AudioDevelopment/OTTO/JUCE/modules/juce_core/system/juce_StandardHeader.h:56:7: warning: 'DOXYGEN' is not defined, evaluates to 0 [-Wundef]
   56 | #if ! DOXYGEN
      |       ^
In file included from /Users/larryseyer/AudioDevelopment/OTTO/Source/UX/KeyboardHandler.cpp:1:
In file included from /Users/larryseyer/AudioDevelopment/OTTO/Source/UX/KeyboardHandler.h:2:
In file included from /Users/larryseyer/AudioDevelopment/OTTO/Builds/MacOSX/CMake-Release/OTTO_artefacts/JuceLibraryCode/JuceHeader.h:14:
In file included from /Users/larryseyer/AudioDevelopment/OTTO/JUCE/modules/juce_audio_plugin_client/juce_audio_plugin_client.h:63:
In file included from /Users/larryseyer/AudioDevelopment/OTTO/JUCE/modules/juce_gui_basics/juce_gui_basics.h:68:
In file included from /Users/larryseyer/AudioDevelopment/OTTO/JUCE/modules/juce_graphics/juce_graphics.h:67:
In file included from /Users/larryseyer/AudioDevelopment/OTTO/JUCE/modules/juce_core/juce_core.h:215:
In file included from /Users/larryseyer/AudioDevelopment/OTTO/JUCE/modules/juce_core/system/juce_StandardHeader.h:93:
/Users/larryseyer/AudioDevelopment/OTTO/JUCE/modules/juce_core/system/juce_CompilerSupport.h:43:5: warning: 'JUCE_GCC' is not defined, evaluates to 0 [-Wundef]
   43 | #if JUCE_GCC
      |     ^
/Users/larryseyer/AudioDevelopment/OTTO/JUCE/modules/juce_core/system/juce_CompilerSupport.h:94:5: warning: 'JUCE_MSVC' is not defined, evaluates to 0 [-Wundef]
   94 | #if JUCE_MSVC
      |     ^
In file included from /Users/larryseyer/AudioDevelopment/OTTO/Source/UX/KeyboardHandler.cpp:1:
In file included from /Users/larryseyer/AudioDevelopment/OTTO/Source/UX/KeyboardHandler.h:2:
In file included from /Users/larryseyer/AudioDevelopment/OTTO/Builds/MacOSX/CMake-Release/OTTO_artefacts/JuceLibraryCode/JuceHeader.h:14:
In file included from /Users/larryseyer/AudioDevelopment/OTTO/JUCE/modules/juce_audio_plugin_client/juce_audio_plugin_client.h:63:
In file included from /Users/larryseyer/AudioDevelopment/OTTO/JUCE/modules/juce_gui_basics/juce_gui_basics.h:68:
In file included from /Users/larryseyer/AudioDevelopment/OTTO/JUCE/modules/juce_graphics/juce_graphics.h:67:
In file included from /Users/larryseyer/AudioDevelopment/OTTO/JUCE/modules/juce_core/juce_core.h:215:
In file included from /Users/larryseyer/AudioDevelopment/OTTO/JUCE/modules/juce_core/system/juce_StandardHeader.h:94:
/Users/larryseyer/AudioDevelopment/OTTO/JUCE/modules/juce_core/system/juce_CompilerWarnings.h:221:5: warning: 'JUCE_MSVC' is not defined, evaluates to 0 [-Wundef]
  221 | #if JUCE_MSVC
      |     ^
In file included from /Users/larryseyer/AudioDevelopment/OTTO/Source/UX/KeyboardHandler.cpp:1:
In file included from /Users/larryseyer/AudioDevelopment/OTTO/Source/UX/KeyboardHandler.h:2:
In file included from /Users/larryseyer/AudioDevelopment/OTTO/Builds/MacOSX/CMake-Release/OTTO_artefacts/JuceLibraryCode/JuceHeader.h:14:
In file included from /Users/larryseyer/AudioDevelopment/OTTO/JUCE/modules/juce_audio_plugin_client/juce_audio_plugin_client.h:63:
In file included from /Users/larryseyer/AudioDevelopment/OTTO/JUCE/modules/juce_gui_basics/juce_gui_basics.h:68:
In file included from /Users/larryseyer/AudioDevelopment/OTTO/JUCE/modules/juce_graphics/juce_graphics.h:67:
In file included from /Users/larryseyer/AudioDevelopment/OTTO/JUCE/modules/juce_core/juce_core.h:215:
In file included from /Users/larryseyer/AudioDevelopment/OTTO/JUCE/modules/juce_core/system/juce_StandardHeader.h:95:
/Users/larryseyer/AudioDevelopment/OTTO/JUCE/modules/juce_core/system/juce_PlatformDefs.h:54:5: warning: 'JUCE_WINDOWS' is not defined, evaluates to 0 [-Wundef]
   54 | #if JUCE_WINDOWS
      |     ^
/Users/larryseyer/AudioDevelopment/OTTO/JUCE/modules/juce_core/system/juce_PlatformDefs.h:66:29: warning: 'JUCE_DEBUG' is not defined, evaluates to 0 [-Wundef]
   66 |  #if JUCE_LOG_ASSERTIONS || JUCE_DEBUG
      |                             ^
/Users/larryseyer/AudioDevelopment/OTTO/JUCE/modules/juce_core/system/juce_PlatformDefs.h:74:5: warning: 'JUCE_IOS' is not defined, evaluates to 0 [-Wundef]
   74 | #if JUCE_IOS || JUCE_LINUX || JUCE_BSD
      |     ^
/Users/larryseyer/AudioDevelopment/OTTO/JUCE/modules/juce_core/system/juce_PlatformDefs.h:74:17: warning: 'JUCE_LINUX' is not defined, evaluates to 0 [-Wundef]
   74 | #if JUCE_IOS || JUCE_LINUX || JUCE_BSD
      |                 ^
/Users/larryseyer/AudioDevelopment/OTTO/JUCE/modules/juce_core/system/juce_PlatformDefs.h:74:31: warning: 'JUCE_BSD' is not defined, evaluates to 0 [-Wundef]
   74 | #if JUCE_IOS || JUCE_LINUX || JUCE_BSD
      |                               ^
/Users/larryseyer/AudioDevelopment/OTTO/JUCE/modules/juce_core/system/juce_PlatformDefs.h:81:7: warning: 'JUCE_MSVC' is not defined, evaluates to 0 [-Wundef]
   81 | #elif JUCE_MSVC
      |       ^
/Users/larryseyer/AudioDevelopment/OTTO/JUCE/modules/juce_core/system/juce_PlatformDefs.h:86:7: warning: 'JUCE_INTEL' is not defined, evaluates to 0 [-Wundef]
   86 | #elif JUCE_INTEL && (JUCE_GCC || JUCE_CLANG || JUCE_MAC)
      |       ^
/Users/larryseyer/AudioDevelopment/OTTO/JUCE/modules/juce_core/system/juce_PlatformDefs.h:132:5: warning: 'JUCE_MSVC' is not defined, evaluates to 0 [-Wundef]
  132 | #if JUCE_MSVC && ! defined (DOXYGEN)
      |     ^
/Users/larryseyer/AudioDevelopment/OTTO/JUCE/modules/juce_core/system/juce_PlatformDefs.h:146:6: warning: 'JUCE_DEBUG' is not defined, evaluates to 0 [-Wundef]
  146 | #if (JUCE_DEBUG && ! JUCE_DISABLE_ASSERTIONS) || DOXYGEN
      |      ^
/Users/larryseyer/AudioDevelopment/OTTO/JUCE/modules/juce_core/system/juce_PlatformDefs.h:146:50: warning: 'DOXYGEN' is not defined, evaluates to 0 [-Wundef]
  146 | #if (JUCE_DEBUG && ! JUCE_DISABLE_ASSERTIONS) || DOXYGEN
      |                                                  ^
/Users/larryseyer/AudioDevelopment/OTTO/JUCE/modules/juce_core/system/juce_PlatformDefs.h:272:5: warning: 'JUCE_MSVC' is not defined, evaluates to 0 [-Wundef]
  272 | #if JUCE_MSVC && ! defined (DOXYGEN)
      |     ^
/Users/larryseyer/AudioDevelopment/OTTO/JUCE/modules/juce_core/system/juce_PlatformDefs.h:291:5: warning: 'JUCE_DEBUG' is not defined, evaluates to 0 [-Wundef]
  291 | #if JUCE_DEBUG || DOXYGEN
      |     ^
/Users/larryseyer/AudioDevelopment/OTTO/JUCE/modules/juce_core/system/juce_PlatformDefs.h:291:19: warning: 'DOXYGEN' is not defined, evaluates to 0 [-Wundef]
  291 | #if JUCE_DEBUG || DOXYGEN
      |                   ^
/Users/larryseyer/AudioDevelopment/OTTO/JUCE/modules/juce_core/system/juce_PlatformDefs.h:299:7: warning: 'JUCE_MSVC' is not defined, evaluates to 0 [-Wundef]
  299 |   #if JUCE_MSVC
      |       ^
/Users/larryseyer/AudioDevelopment/OTTO/JUCE/modules/juce_core/system/juce_PlatformDefs.h:306:5: warning: 'JUCE_MSVC' is not defined, evaluates to 0 [-Wundef]
  306 | #if JUCE_MSVC || DOXYGEN
      |     ^
/Users/larryseyer/AudioDevelopment/OTTO/JUCE/modules/juce_core/system/juce_PlatformDefs.h:306:18: warning: 'DOXYGEN' is not defined, evaluates to 0 [-Wundef]
  306 | #if JUCE_MSVC || DOXYGEN
      |                  ^
/Users/larryseyer/AudioDevelopment/OTTO/JUCE/modules/juce_core/system/juce_PlatformDefs.h:315:5: warning: 'JUCE_ANDROID' is not defined, evaluates to 0 [-Wundef]
  315 | #if JUCE_ANDROID && ! defined (DOXYGEN)
      |     ^
/Users/larryseyer/AudioDevelopment/OTTO/JUCE/modules/juce_core/system/juce_PlatformDefs.h:324:5: warning: 'JUCE_GCC' is not defined, evaluates to 0 [-Wundef]
  324 | #if JUCE_GCC || JUCE_CLANG
      |     ^
/Users/larryseyer/AudioDevelopment/OTTO/JUCE/modules/juce_core/system/juce_PlatformDefs.h:331:5: warning: 'JUCE_GCC' is not defined, evaluates to 0 [-Wundef]
  331 | #if JUCE_GCC || DOXYGEN
      |     ^
/Users/larryseyer/AudioDevelopment/OTTO/JUCE/modules/juce_core/system/juce_PlatformDefs.h:331:17: warning: 'DOXYGEN' is not defined, evaluates to 0 [-Wundef]
  331 | #if JUCE_GCC || DOXYGEN
      |                 ^
In file included from /Users/larryseyer/AudioDevelopment/OTTO/Source/UX/KeyboardHandler.cpp:1:
In file included from /Users/larryseyer/AudioDevelopment/OTTO/Source/UX/KeyboardHandler.h:2:
In file included from /Users/larryseyer/AudioDevelopment/OTTO/Builds/MacOSX/CMake-Release/OTTO_artefacts/JuceLibraryCode/JuceHeader.h:14:
In file included from /Users/larryseyer/AudioDevelopment/OTTO/JUCE/modules/juce_audio_plugin_client/juce_audio_plugin_client.h:63:
In file included from /Users/larryseyer/AudioDevelopment/OTTO/JUCE/modules/juce_gui_basics/juce_gui_basics.h:68:
In file included from /Users/larryseyer/AudioDevelopment/OTTO/JUCE/modules/juce_graphics/juce_graphics.h:67:
In file included from /Users/larryseyer/AudioDevelopment/OTTO/JUCE/modules/juce_core/juce_core.h:215:
/Users/larryseyer/AudioDevelopment/OTTO/JUCE/modules/juce_core/system/juce_StandardHeader.h:101:5: warning: 'JUCE_MSVC' is not defined, evaluates to 0 [-Wundef]
  101 | #if JUCE_MSVC
      |     ^
/Users/larryseyer/AudioDevelopment/OTTO/JUCE/modules/juce_core/system/juce_StandardHeader.h:113:5: warning: 'JUCE_LINUX' is not defined, evaluates to 0 [-Wundef]
  113 | #if JUCE_LINUX || JUCE_BSD
      |     ^
/Users/larryseyer/AudioDevelopment/OTTO/JUCE/modules/juce_core/system/juce_StandardHeader.h:113:19: warning: 'JUCE_BSD' is not defined, evaluates to 0 [-Wundef]
  113 | #if JUCE_LINUX || JUCE_BSD
      |                   ^
/Users/larryseyer/AudioDevelopment/OTTO/JUCE/modules/juce_core/system/juce_StandardHeader.h:126:5: warning: 'JUCE_MSVC' is not defined, evaluates to 0 [-Wundef]
  126 | #if JUCE_MSVC && JUCE_DEBUG
      |     ^
/Users/larryseyer/AudioDevelopment/OTTO/JUCE/modules/juce_core/system/juce_StandardHeader.h:132:5: warning: 'JUCE_ANDROID' is not defined, evaluates to 0 [-Wundef]
  132 | #if JUCE_ANDROID
      |     ^
/Users/larryseyer/AudioDevelopment/OTTO/JUCE/modules/juce_core/system/juce_StandardHeader.h:147:5: warning: 'JUCE_MSVC' is not defined, evaluates to 0 [-Wundef]
  147 | #if JUCE_MSVC
      |     ^
/Users/larryseyer/AudioDevelopment/OTTO/JUCE/modules/juce_core/system/juce_StandardHeader.h:167:5: warning: 'JUCE_MSVC' is not defined, evaluates to 0 [-Wundef]
  167 | #if JUCE_MSVC && JUCE_DLL_BUILD
      |     ^
In file included from /Users/larryseyer/AudioDevelopment/OTTO/Source/UX/KeyboardHandler.cpp:1:
In file included from /Users/larryseyer/AudioDevelopment/OTTO/Source/UX/KeyboardHandler.h:2:
In file included from /Users/larryseyer/AudioDevelopment/OTTO/Builds/MacOSX/CMake-Release/OTTO_artefacts/JuceLibraryCode/JuceHeader.h:14:
In file included from /Users/larryseyer/AudioDevelopment/OTTO/JUCE/modules/juce_audio_plugin_client/juce_audio_plugin_client.h:63:
In file included from /Users/larryseyer/AudioDevelopment/OTTO/JUCE/modules/juce_gui_basics/juce_gui_basics.h:68:
In file included from /Users/larryseyer/AudioDevelopment/OTTO/JUCE/modules/juce_graphics/juce_graphics.h:67:
In file included from /Users/larryseyer/AudioDevelopment/OTTO/JUCE/modules/juce_core/juce_core.h:239:
/Users/larryseyer/AudioDevelopment/OTTO/JUCE/modules/juce_core/memory/juce_Memory.h:165:59: warning: 'DOXYGEN' is not defined, evaluates to 0 [-Wundef]
  165 | #if (JUCE_COMPILER_SUPPORTS_ARC && defined (__OBJC__)) || DOXYGEN
      |                                                           ^
/Users/larryseyer/AudioDevelopment/OTTO/JUCE/modules/juce_core/memory/juce_Memory.h:181:5: warning: 'JUCE_MSVC' is not defined, evaluates to 0 [-Wundef]
  181 | #if JUCE_MSVC && (defined (JUCE_DLL) || defined (JUCE_DLL_BUILD)) && ! (JUCE_DISABLE_DLL_ALLOCATORS || DOXYGEN)
      |     ^
In file included from /Users/larryseyer/AudioDevelopment/OTTO/Source/UX/KeyboardHandler.cpp:1:
In file included from /Users/larryseyer/AudioDevelopment/OTTO/Source/UX/KeyboardHandler.h:2:
In file included from /Users/larryseyer/AudioDevelopment/OTTO/Builds/MacOSX/CMake-Release/OTTO_artefacts/JuceLibraryCode/JuceHeader.h:14:
In file included from /Users/larryseyer/AudioDevelopment/OTTO/JUCE/modules/juce_audio_plugin_client/juce_audio_plugin_client.h:63:
In file included from /Users/larryseyer/AudioDevelopment/OTTO/JUCE/modules/juce_gui_basics/juce_gui_basics.h:68:
In file included from /Users/larryseyer/AudioDevelopment/OTTO/JUCE/modules/juce_graphics/juce_graphics.h:67:
In file included from /Users/larryseyer/AudioDevelopment/OTTO/JUCE/modules/juce_core/juce_core.h:240:
/Users/larryseyer/AudioDevelopment/OTTO/JUCE/modules/juce_core/maths/juce_MathsFunctions.h:59:5: warning: 'JUCE_MSVC' is not defined, evaluates to 0 [-Wundef]
   59 | #if JUCE_MSVC
      |     ^
/Users/larryseyer/AudioDevelopment/OTTO/JUCE/modules/juce_core/maths/juce_MathsFunctions.h:97:5: warning: 'JUCE_WINDOWS' is not defined, evaluates to 0 [-Wundef]
   97 | #if JUCE_WINDOWS
      |     ^
/Users/larryseyer/AudioDevelopment/OTTO/JUCE/modules/juce_core/maths/juce_MathsFunctions.h:125:8: warning: 'JUCE_MSVC' is not defined, evaluates to 0 [-Wundef]
  125 |    #if JUCE_MSVC
      |        ^
/Users/larryseyer/AudioDevelopment/OTTO/JUCE/modules/juce_core/maths/juce_MathsFunctions.h:136:8: warning: 'JUCE_MSVC' is not defined, evaluates to 0 [-Wundef]
  136 |    #if JUCE_MSVC
      |        ^
/Users/larryseyer/AudioDevelopment/OTTO/JUCE/modules/juce_core/maths/juce_MathsFunctions.h:579:5: warning: 'JUCE_MSVC' is not defined, evaluates to 0 [-Wundef]
  579 | #if JUCE_MSVC
      |     ^
/Users/larryseyer/AudioDevelopment/OTTO/JUCE/modules/juce_core/maths/juce_MathsFunctions.h:606:8: warning: 'JUCE_BIG_ENDIAN' is not defined, evaluates to 0 [-Wundef]
  606 |    #if JUCE_BIG_ENDIAN
      |        ^
/Users/larryseyer/AudioDevelopment/OTTO/JUCE/modules/juce_core/maths/juce_MathsFunctions.h:618:5: warning: 'JUCE_MSVC' is not defined, evaluates to 0 [-Wundef]
  618 | #if JUCE_MSVC
      |     ^
/Users/larryseyer/AudioDevelopment/OTTO/JUCE/modules/juce_core/maths/juce_MathsFunctions.h:738:5: warning: 'JUCE_INTEL' is not defined, evaluates to 0 [-Wundef]
  738 | #if JUCE_INTEL || DOXYGEN
      |     ^
/Users/larryseyer/AudioDevelopment/OTTO/JUCE/modules/juce_core/maths/juce_MathsFunctions.h:738:19: warning: 'DOXYGEN' is not defined, evaluates to 0 [-Wundef]
  738 | #if JUCE_INTEL || DOXYGEN
      |                   ^
In file included from /Users/larryseyer/AudioDevelopment/OTTO/Source/UX/KeyboardHandler.cpp:1:
In file included from /Users/larryseyer/AudioDevelopment/OTTO/Source/UX/KeyboardHandler.h:2:
In file included from /Users/larryseyer/AudioDevelopment/OTTO/Builds/MacOSX/CMake-Release/OTTO_artefacts/JuceLibraryCode/JuceHeader.h:14:
In file included from /Users/larryseyer/AudioDevelopment/OTTO/JUCE/modules/juce_audio_plugin_client/juce_audio_plugin_client.h:63:
In file included from /Users/larryseyer/AudioDevelopment/OTTO/JUCE/modules/juce_gui_basics/juce_gui_basics.h:68:
In file included from /Users/larryseyer/AudioDevelopment/OTTO/JUCE/modules/juce_graphics/juce_graphics.h:67:
In file included from /Users/larryseyer/AudioDevelopment/OTTO/JUCE/modules/juce_core/juce_core.h:241:
/Users/larryseyer/AudioDevelopment/OTTO/JUCE/modules/juce_core/memory/juce_ByteOrder.h:162:5: warning: 'JUCE_MSVC' is not defined, evaluates to 0 [-Wundef]
  162 | #if JUCE_MSVC && ! defined (__INTEL_COMPILER)
      |     ^
In file included from /Users/larryseyer/AudioDevelopment/OTTO/Source/UX/KeyboardHandler.cpp:1:
In file included from /Users/larryseyer/AudioDevelopment/OTTO/Source/UX/KeyboardHandler.h:2:
In file included from /Users/larryseyer/AudioDevelopment/OTTO/Builds/MacOSX/CMake-Release/OTTO_artefacts/JuceLibraryCode/JuceHeader.h:14:
In file included from /Users/larryseyer/AudioDevelopment/OTTO/JUCE/modules/juce_audio_plugin_client/juce_audio_plugin_client.h:63:
In file included from /Users/larryseyer/AudioDevelopment/OTTO/JUCE/modules/juce_gui_basics/juce_gui_basics.h:68:
In file included from /Users/larryseyer/AudioDevelopment/OTTO/JUCE/modules/juce_graphics/juce_graphics.h:67:
In file included from /Users/larryseyer/AudioDevelopment/OTTO/JUCE/modules/juce_core/juce_core.h:243:
/Users/larryseyer/AudioDevelopment/OTTO/JUCE/modules/juce_core/text/juce_CharacterFunctions.h:39:5: warning: 'JUCE_WINDOWS' is not defined, evaluates to 0 [-Wundef]
   39 | #if JUCE_WINDOWS && ! defined (DOXYGEN)
      |     ^
/Users/larryseyer/AudioDevelopment/OTTO/JUCE/modules/juce_core/text/juce_CharacterFunctions.h:64:5: warning: 'JUCE_DEFINE_T_MACRO' is not defined, evaluates to 0 [-Wundef]
   64 | #if JUCE_DEFINE_T_MACRO
      |     ^
/Users/larryseyer/AudioDevelopment/OTTO/JUCE/modules/juce_core/text/juce_CharacterFunctions.h:406:12: warning: 'JUCE_WINDOWS' is not defined, evaluates to 0 [-Wundef]
  406 |        #if JUCE_WINDOWS
      |            ^
/Users/larryseyer/AudioDevelopment/OTTO/JUCE/modules/juce_core/text/juce_CharacterFunctions.h:411:13: warning: 'JUCE_ANDROID' is not defined, evaluates to 0 [-Wundef]
  411 |         #if JUCE_ANDROID
      |             ^
In file included from /Users/larryseyer/AudioDevelopment/OTTO/Source/UX/KeyboardHandler.cpp:1:
In file included from /Users/larryseyer/AudioDevelopment/OTTO/Source/UX/KeyboardHandler.h:2:
In file included from /Users/larryseyer/AudioDevelopment/OTTO/Builds/MacOSX/CMake-Release/OTTO_artefacts/JuceLibraryCode/JuceHeader.h:14:
In file included from /Users/larryseyer/AudioDevelopment/OTTO/JUCE/modules/juce_audio_plugin_client/juce_audio_plugin_client.h:63:
In file included from /Users/larryseyer/AudioDevelopment/OTTO/JUCE/modules/juce_gui_basics/juce_gui_basics.h:68:
In file included from /Users/larryseyer/AudioDevelopment/OTTO/JUCE/modules/juce_graphics/juce_graphics.h:67:
In file included from /Users/larryseyer/AudioDevelopment/OTTO/JUCE/modules/juce_core/juce_core.h:247:
/Users/larryseyer/AudioDevelopment/OTTO/JUCE/modules/juce_core/text/juce_CharPointer_UTF8.h:481:12: warning: 'JUCE_WINDOWS' is not defined, evaluates to 0 [-Wundef]
  481 |        #if JUCE_WINDOWS
      |            ^
In file included from /Users/larryseyer/AudioDevelopment/OTTO/Source/UX/KeyboardHandler.cpp:1:
In file included from /Users/larryseyer/AudioDevelopment/OTTO/Source/UX/KeyboardHandler.h:2:
In file included from /Users/larryseyer/AudioDevelopment/OTTO/Builds/MacOSX/CMake-Release/OTTO_artefacts/JuceLibraryCode/JuceHeader.h:14:
In file included from /Users/larryseyer/AudioDevelopment/OTTO/JUCE/modules/juce_audio_plugin_client/juce_audio_plugin_client.h:63:
In file included from /Users/larryseyer/AudioDevelopment/OTTO/JUCE/modules/juce_gui_basics/juce_gui_basics.h:68:
In file included from /Users/larryseyer/AudioDevelopment/OTTO/JUCE/modules/juce_graphics/juce_graphics.h:67:
In file included from /Users/larryseyer/AudioDevelopment/OTTO/JUCE/modules/juce_core/juce_core.h:248:
/Users/larryseyer/AudioDevelopment/OTTO/JUCE/modules/juce_core/text/juce_CharPointer_UTF16.h:353:8: warning: 'JUCE_MSVC' is not defined, evaluates to 0 [-Wundef]
  353 |    #if JUCE_MSVC && ! defined (DOXYGEN)
      |        ^
/Users/larryseyer/AudioDevelopment/OTTO/JUCE/modules/juce_core/text/juce_CharPointer_UTF16.h:412:12: warning: 'JUCE_MSVC' is not defined, evaluates to 0 [-Wundef]
  412 |        #if JUCE_MSVC
      |            ^
/Users/larryseyer/AudioDevelopment/OTTO/JUCE/modules/juce_core/text/juce_CharPointer_UTF16.h:422:12: warning: 'JUCE_MSVC' is not defined, evaluates to 0 [-Wundef]
  422 |        #if JUCE_MSVC
      |            ^
In file included from /Users/larryseyer/AudioDevelopment/OTTO/Source/UX/KeyboardHandler.cpp:1:
In file included from /Users/larryseyer/AudioDevelopment/OTTO/Source/UX/KeyboardHandler.h:2:
In file included from /Users/larryseyer/AudioDevelopment/OTTO/Builds/MacOSX/CMake-Release/OTTO_artefacts/JuceLibraryCode/JuceHeader.h:14:
In file included from /Users/larryseyer/AudioDevelopment/OTTO/JUCE/modules/juce_audio_plugin_client/juce_audio_plugin_client.h:63:
In file included from /Users/larryseyer/AudioDevelopment/OTTO/JUCE/modules/juce_gui_basics/juce_gui_basics.h:68:
In file included from /Users/larryseyer/AudioDevelopment/OTTO/JUCE/modules/juce_graphics/juce_graphics.h:67:
In file included from /Users/larryseyer/AudioDevelopment/OTTO/JUCE/modules/juce_core/juce_core.h:249:
/Users/larryseyer/AudioDevelopment/OTTO/JUCE/modules/juce_core/text/juce_CharPointer_UTF32.h:166:44: warning: 'JUCE_ANDROID' is not defined, evaluates to 0 [-Wundef]
  166 |        #if JUCE_NATIVE_WCHAR_IS_UTF32 && ! JUCE_ANDROID
      |                                            ^
/Users/larryseyer/AudioDevelopment/OTTO/JUCE/modules/juce_core/text/juce_CharPointer_UTF32.h:266:40: warning: 'JUCE_ANDROID' is not defined, evaluates to 0 [-Wundef]
  266 |    #if JUCE_NATIVE_WCHAR_IS_UTF32 && ! JUCE_ANDROID
      |                                        ^
In file included from /Users/larryseyer/AudioDevelopment/OTTO/Source/UX/KeyboardHandler.cpp:1:
In file included from /Users/larryseyer/AudioDevelopment/OTTO/Source/UX/KeyboardHandler.h:2:
In file included from /Users/larryseyer/AudioDevelopment/OTTO/Builds/MacOSX/CMake-Release/OTTO_artefacts/JuceLibraryCode/JuceHeader.h:14:
In file included from /Users/larryseyer/AudioDevelopment/OTTO/JUCE/modules/juce_audio_plugin_client/juce_audio_plugin_client.h:63:
In file included from /Users/larryseyer/AudioDevelopment/OTTO/JUCE/modules/juce_gui_basics/juce_gui_basics.h:68:
In file included from /Users/larryseyer/AudioDevelopment/OTTO/JUCE/modules/juce_graphics/juce_graphics.h:67:
In file included from /Users/larryseyer/AudioDevelopment/OTTO/JUCE/modules/juce_core/juce_core.h:250:
/Users/larryseyer/AudioDevelopment/OTTO/JUCE/modules/juce_core/text/juce_CharPointer_ASCII.h:278:12: warning: 'JUCE_WINDOWS' is not defined, evaluates to 0 [-Wundef]
  278 |        #if JUCE_WINDOWS && JUCE_CLANG
      |            ^
/Users/larryseyer/AudioDevelopment/OTTO/JUCE/modules/juce_core/text/juce_CharPointer_ASCII.h:280:14: warning: 'JUCE_WINDOWS' is not defined, evaluates to 0 [-Wundef]
  280 |        #elif JUCE_WINDOWS
      |              ^
/Users/larryseyer/AudioDevelopment/OTTO/JUCE/modules/juce_core/text/juce_CharPointer_ASCII.h:348:12: warning: 'JUCE_LINUX' is not defined, evaluates to 0 [-Wundef]
  348 |        #if JUCE_LINUX || JUCE_BSD || JUCE_ANDROID
      |            ^
/Users/larryseyer/AudioDevelopment/OTTO/JUCE/modules/juce_core/text/juce_CharPointer_ASCII.h:348:26: warning: 'JUCE_BSD' is not defined, evaluates to 0 [-Wundef]
  348 |        #if JUCE_LINUX || JUCE_BSD || JUCE_ANDROID
      |                          ^
/Users/larryseyer/AudioDevelopment/OTTO/JUCE/modules/juce_core/text/juce_CharPointer_ASCII.h:348:38: warning: 'JUCE_ANDROID' is not defined, evaluates to 0 [-Wundef]
  348 |        #if JUCE_LINUX || JUCE_BSD || JUCE_ANDROID
      |                                      ^
/Users/larryseyer/AudioDevelopment/OTTO/JUCE/modules/juce_core/text/juce_CharPointer_ASCII.h:350:14: warning: 'JUCE_WINDOWS' is not defined, evaluates to 0 [-Wundef]
  350 |        #elif JUCE_WINDOWS
      |              ^
In file included from /Users/larryseyer/AudioDevelopment/OTTO/Source/UX/KeyboardHandler.cpp:1:
In file included from /Users/larryseyer/AudioDevelopment/OTTO/Source/UX/KeyboardHandler.h:2:
In file included from /Users/larryseyer/AudioDevelopment/OTTO/Builds/MacOSX/CMake-Release/OTTO_artefacts/JuceLibraryCode/JuceHeader.h:14:
In file included from /Users/larryseyer/AudioDevelopment/OTTO/JUCE/modules/juce_audio_plugin_client/juce_audio_plugin_client.h:63:
In file included from /Users/larryseyer/AudioDevelopment/OTTO/JUCE/modules/juce_gui_basics/juce_gui_basics.h:68:
In file included from /Users/larryseyer/AudioDevelopment/OTTO/JUCE/modules/juce_graphics/juce_graphics.h:67:
In file included from /Users/larryseyer/AudioDevelopment/OTTO/JUCE/modules/juce_core/juce_core.h:254:
/Users/larryseyer/AudioDevelopment/OTTO/JUCE/modules/juce_core/text/juce_String.h:198:11: warning: 'DOXYGEN' is not defined, evaluates to 0 [-Wundef]
  198 |    #elif (DOXYGEN || JUCE_STRING_UTF_TYPE == 8)
      |           ^
In file included from /Users/larryseyer/AudioDevelopment/OTTO/Source/UX/KeyboardHandler.cpp:1:
In file included from /Users/larryseyer/AudioDevelopment/OTTO/Source/UX/KeyboardHandler.h:2:
In file included from /Users/larryseyer/AudioDevelopment/OTTO/Builds/MacOSX/CMake-Release/OTTO_artefacts/JuceLibraryCode/JuceHeader.h:14:
In file included from /Users/larryseyer/AudioDevelopment/OTTO/JUCE/modules/juce_audio_plugin_client/juce_audio_plugin_client.h:63:
In file included from /Users/larryseyer/AudioDevelopment/OTTO/JUCE/modules/juce_gui_basics/juce_gui_basics.h:68:
In file included from /Users/larryseyer/AudioDevelopment/OTTO/JUCE/modules/juce_graphics/juce_graphics.h:67:
In file included from /Users/larryseyer/AudioDevelopment/OTTO/JUCE/modules/juce_core/juce_core.h:257:
/Users/larryseyer/AudioDevelopment/OTTO/JUCE/modules/juce_core/memory/juce_LeakedObjectDetector.h:124:5: warning: 'DOXYGEN' is not defined, evaluates to 0 [-Wundef]
  124 | #if DOXYGEN || ! defined (JUCE_LEAK_DETECTOR)
      |     ^
/Users/larryseyer/AudioDevelopment/OTTO/JUCE/modules/juce_core/memory/juce_LeakedObjectDetector.h:125:7: warning: 'DOXYGEN' is not defined, evaluates to 0 [-Wundef]
  125 |  #if (DOXYGEN || JUCE_CHECK_MEMORY_LEAKS)
      |       ^
In file included from /Users/larryseyer/AudioDevelopment/OTTO/Source/UX/KeyboardHandler.cpp:1:
In file included from /Users/larryseyer/AudioDevelopment/OTTO/Source/UX/KeyboardHandler.h:2:
In file included from /Users/larryseyer/AudioDevelopment/OTTO/Builds/MacOSX/CMake-Release/OTTO_artefacts/JuceLibraryCode/JuceHeader.h:14:
In file included from /Users/larryseyer/AudioDevelopment/OTTO/JUCE/modules/juce_audio_plugin_client/juce_audio_plugin_client.h:63:
In file included from /Users/larryseyer/AudioDevelopment/OTTO/JUCE/modules/juce_gui_basics/juce_gui_basics.h:68:
In file included from /Users/larryseyer/AudioDevelopment/OTTO/JUCE/modules/juce_graphics/juce_graphics.h:67:
In file included from /Users/larryseyer/AudioDevelopment/OTTO/JUCE/modules/juce_core/juce_core.h:259:
/Users/larryseyer/AudioDevelopment/OTTO/JUCE/modules/juce_core/memory/juce_HeapBlock.h:38:8: warning: 'DOXYGEN' is not defined, evaluates to 0 [-Wundef]
   38 | #if ! (DOXYGEN || JUCE_EXCEPTIONS_DISABLED)
      |        ^
/Users/larryseyer/AudioDevelopment/OTTO/JUCE/modules/juce_core/memory/juce_HeapBlock.h:38:19: warning: 'JUCE_EXCEPTIONS_DISABLED' is not defined, evaluates to 0 [-Wundef]
   38 | #if ! (DOXYGEN || JUCE_EXCEPTIONS_DISABLED)
      |                   ^
/Users/larryseyer/AudioDevelopment/OTTO/JUCE/modules/juce_core/memory/juce_HeapBlock.h:343:12: warning: 'JUCE_EXCEPTIONS_DISABLED' is not defined, evaluates to 0 [-Wundef]
  343 |        #if JUCE_EXCEPTIONS_DISABLED
      |            ^
In file included from /Users/larryseyer/AudioDevelopment/OTTO/Source/UX/KeyboardHandler.cpp:1:
In file included from /Users/larryseyer/AudioDevelopment/OTTO/Source/UX/KeyboardHandler.h:2:
In file included from /Users/larryseyer/AudioDevelopment/OTTO/Builds/MacOSX/CMake-Release/OTTO_artefacts/JuceLibraryCode/JuceHeader.h:14:
In file included from /Users/larryseyer/AudioDevelopment/OTTO/JUCE/modules/juce_audio_plugin_client/juce_audio_plugin_client.h:63:
In file included from /Users/larryseyer/AudioDevelopment/OTTO/JUCE/modules/juce_gui_basics/juce_gui_basics.h:68:
In file included from /Users/larryseyer/AudioDevelopment/OTTO/JUCE/modules/juce_graphics/juce_graphics.h:67:
In file included from /Users/larryseyer/AudioDevelopment/OTTO/JUCE/modules/juce_core/juce_core.h:263:
/Users/larryseyer/AudioDevelopment/OTTO/JUCE/modules/juce_core/memory/juce_ScopedPointer.h:151:10: warning: 'JUCE_MSVC' is not defined, evaluates to 0 [-Wundef]
  151 |    #if ! JUCE_MSVC  // (MSVC can't deal with multiple copy constructors)
      |          ^
In file included from /Users/larryseyer/AudioDevelopment/OTTO/Source/UX/KeyboardHandler.cpp:1:
In file included from /Users/larryseyer/AudioDevelopment/OTTO/Source/UX/KeyboardHandler.h:2:
In file included from /Users/larryseyer/AudioDevelopment/OTTO/Builds/MacOSX/CMake-Release/OTTO_artefacts/JuceLibraryCode/JuceHeader.h:14:
In file included from /Users/larryseyer/AudioDevelopment/OTTO/JUCE/modules/juce_audio_plugin_client/juce_audio_plugin_client.h:63:
In file included from /Users/larryseyer/AudioDevelopment/OTTO/JUCE/modules/juce_gui_basics/juce_gui_basics.h:68:
In file included from /Users/larryseyer/AudioDevelopment/OTTO/JUCE/modules/juce_graphics/juce_graphics.h:67:
In file included from /Users/larryseyer/AudioDevelopment/OTTO/JUCE/modules/juce_core/juce_core.h:271:
/Users/larryseyer/AudioDevelopment/OTTO/JUCE/modules/juce_core/threads/juce_CriticalSection.h:116:8: warning: 'JUCE_WINDOWS' is not defined, evaluates to 0 [-Wundef]
  116 |    #if JUCE_WINDOWS
      |        ^
In file included from /Users/larryseyer/AudioDevelopment/OTTO/Source/UX/KeyboardHandler.cpp:1:
In file included from /Users/larryseyer/AudioDevelopment/OTTO/Source/UX/KeyboardHandler.h:2:
In file included from /Users/larryseyer/AudioDevelopment/OTTO/Builds/MacOSX/CMake-Release/OTTO_artefacts/JuceLibraryCode/JuceHeader.h:14:
In file included from /Users/larryseyer/AudioDevelopment/OTTO/JUCE/modules/juce_audio_plugin_client/juce_audio_plugin_client.h:63:
In file included from /Users/larryseyer/AudioDevelopment/OTTO/JUCE/modules/juce_gui_basics/juce_gui_basics.h:68:
In file included from /Users/larryseyer/AudioDevelopment/OTTO/JUCE/modules/juce_graphics/juce_graphics.h:67:
In file included from /Users/larryseyer/AudioDevelopment/OTTO/JUCE/modules/juce_core/juce_core.h:293:
/Users/larryseyer/AudioDevelopment/OTTO/JUCE/modules/juce_core/memory/juce_HeavyweightLeakedObjectDetector.h:123:5: warning: 'DOXYGEN' is not defined, evaluates to 0 [-Wundef]
  123 | #if DOXYGEN || ! defined (JUCE_HEAVYWEIGHT_LEAK_DETECTOR)
      |     ^
/Users/larryseyer/AudioDevelopment/OTTO/JUCE/modules/juce_core/memory/juce_HeavyweightLeakedObjectDetector.h:124:7: warning: 'DOXYGEN' is not defined, evaluates to 0 [-Wundef]
  124 |  #if (DOXYGEN || JUCE_CHECK_MEMORY_LEAKS)
      |       ^
In file included from /Users/larryseyer/AudioDevelopment/OTTO/Source/UX/KeyboardHandler.cpp:1:
In file included from /Users/larryseyer/AudioDevelopment/OTTO/Source/UX/KeyboardHandler.h:2:
In file included from /Users/larryseyer/AudioDevelopment/OTTO/Builds/MacOSX/CMake-Release/OTTO_artefacts/JuceLibraryCode/JuceHeader.h:14:
In file included from /Users/larryseyer/AudioDevelopment/OTTO/JUCE/modules/juce_audio_plugin_client/juce_audio_plugin_client.h:63:
In file included from /Users/larryseyer/AudioDevelopment/OTTO/JUCE/modules/juce_gui_basics/juce_gui_basics.h:68:
In file included from /Users/larryseyer/AudioDevelopment/OTTO/JUCE/modules/juce_graphics/juce_graphics.h:67:
In file included from /Users/larryseyer/AudioDevelopment/OTTO/JUCE/modules/juce_core/juce_core.h:318:
/Users/larryseyer/AudioDevelopment/OTTO/JUCE/modules/juce_core/files/juce_File.h:38:7: warning: 'DOXYGEN' is not defined, evaluates to 0 [-Wundef]
   38 | #if ! DOXYGEN && (JUCE_MAC || JUCE_IOS)
      |       ^
/Users/larryseyer/AudioDevelopment/OTTO/JUCE/modules/juce_core/files/juce_File.h:970:12: warning: 'JUCE_WINDOWS' is not defined, evaluates to 0 [-Wundef]
  970 |        #if JUCE_WINDOWS || DOXYGEN
      |            ^
/Users/larryseyer/AudioDevelopment/OTTO/JUCE/modules/juce_core/files/juce_File.h:970:28: warning: 'DOXYGEN' is not defined, evaluates to 0 [-Wundef]
  970 |        #if JUCE_WINDOWS || DOXYGEN
      |                            ^
/Users/larryseyer/AudioDevelopment/OTTO/JUCE/modules/juce_core/files/juce_File.h:981:12: warning: 'JUCE_WINDOWS' is not defined, evaluates to 0 [-Wundef]
  981 |        #if JUCE_WINDOWS || DOXYGEN
      |            ^
/Users/larryseyer/AudioDevelopment/OTTO/JUCE/modules/juce_core/files/juce_File.h:981:28: warning: 'DOXYGEN' is not defined, evaluates to 0 [-Wundef]
  981 |        #if JUCE_WINDOWS || DOXYGEN
      |                            ^
/Users/larryseyer/AudioDevelopment/OTTO/JUCE/modules/juce_core/files/juce_File.h:1100:8: warning: 'JUCE_WINDOWS' is not defined, evaluates to 0 [-Wundef]
 1100 |    #if JUCE_WINDOWS || DOXYGEN
      |        ^
/Users/larryseyer/AudioDevelopment/OTTO/JUCE/modules/juce_core/files/juce_File.h:1100:24: warning: 'DOXYGEN' is not defined, evaluates to 0 [-Wundef]
 1100 |    #if JUCE_WINDOWS || DOXYGEN
      |                        ^
/Users/larryseyer/AudioDevelopment/OTTO/JUCE/modules/juce_core/files/juce_File.h:1146:16: warning: 'NAMES_ARE_CASE_SENSITIVE' is not defined, evaluates to 0 [-Wundef]
 1146 |            #if NAMES_ARE_CASE_SENSITIVE
      |                ^
In file included from /Users/larryseyer/AudioDevelopment/OTTO/Source/UX/KeyboardHandler.cpp:1:
In file included from /Users/larryseyer/AudioDevelopment/OTTO/Source/UX/KeyboardHandler.h:2:
In file included from /Users/larryseyer/AudioDevelopment/OTTO/Builds/MacOSX/CMake-Release/OTTO_artefacts/JuceLibraryCode/JuceHeader.h:14:
In file included from /Users/larryseyer/AudioDevelopment/OTTO/JUCE/modules/juce_audio_plugin_client/juce_audio_plugin_client.h:63:
In file included from /Users/larryseyer/AudioDevelopment/OTTO/JUCE/modules/juce_gui_basics/juce_gui_basics.h:68:
In file included from /Users/larryseyer/AudioDevelopment/OTTO/JUCE/modules/juce_graphics/juce_graphics.h:67:
In file included from /Users/larryseyer/AudioDevelopment/OTTO/JUCE/modules/juce_core/juce_core.h:321:
/Users/larryseyer/AudioDevelopment/OTTO/JUCE/modules/juce_core/detail/juce_NativeFileHandle.h:38:5: warning: 'JUCE_WINDOWS' is not defined, evaluates to 0 [-Wundef]
   38 | #if JUCE_WINDOWS
      |     ^
In file included from /Users/larryseyer/AudioDevelopment/OTTO/Source/UX/KeyboardHandler.cpp:1:
In file included from /Users/larryseyer/AudioDevelopment/OTTO/Source/UX/KeyboardHandler.h:2:
In file included from /Users/larryseyer/AudioDevelopment/OTTO/Builds/MacOSX/CMake-Release/OTTO_artefacts/JuceLibraryCode/JuceHeader.h:14:
In file included from /Users/larryseyer/AudioDevelopment/OTTO/JUCE/modules/juce_audio_plugin_client/juce_audio_plugin_client.h:63:
In file included from /Users/larryseyer/AudioDevelopment/OTTO/JUCE/modules/juce_gui_basics/juce_gui_basics.h:68:
In file included from /Users/larryseyer/AudioDevelopment/OTTO/JUCE/modules/juce_graphics/juce_graphics.h:67:
In file included from /Users/larryseyer/AudioDevelopment/OTTO/JUCE/modules/juce_core/juce_core.h:325:
/Users/larryseyer/AudioDevelopment/OTTO/JUCE/modules/juce_core/files/juce_MemoryMappedFile.h:116:8: warning: 'JUCE_WINDOWS' is not defined, evaluates to 0 [-Wundef]
  116 |    #if JUCE_WINDOWS
      |        ^
In file included from /Users/larryseyer/AudioDevelopment/OTTO/Source/UX/KeyboardHandler.cpp:1:
In file included from /Users/larryseyer/AudioDevelopment/OTTO/Source/UX/KeyboardHandler.h:2:
In file included from /Users/larryseyer/AudioDevelopment/OTTO/Builds/MacOSX/CMake-Release/OTTO_artefacts/JuceLibraryCode/JuceHeader.h:14:
In file included from /Users/larryseyer/AudioDevelopment/OTTO/JUCE/modules/juce_audio_plugin_client/juce_audio_plugin_client.h:63:
In file included from /Users/larryseyer/AudioDevelopment/OTTO/JUCE/modules/juce_gui_basics/juce_gui_basics.h:68:
In file included from /Users/larryseyer/AudioDevelopment/OTTO/JUCE/modules/juce_graphics/juce_graphics.h:67:
In file included from /Users/larryseyer/AudioDevelopment/OTTO/JUCE/modules/juce_core/juce_core.h:338:
/Users/larryseyer/AudioDevelopment/OTTO/JUCE/modules/juce_core/misc/juce_WindowsRegistry.h:38:5: warning: 'JUCE_WINDOWS' is not defined, evaluates to 0 [-Wundef]
   38 | #if JUCE_WINDOWS || DOXYGEN
      |     ^
/Users/larryseyer/AudioDevelopment/OTTO/JUCE/modules/juce_core/misc/juce_WindowsRegistry.h:38:21: warning: 'DOXYGEN' is not defined, evaluates to 0 [-Wundef]
   38 | #if JUCE_WINDOWS || DOXYGEN
      |                     ^
In file included from /Users/larryseyer/AudioDevelopment/OTTO/Source/UX/KeyboardHandler.cpp:1:
In file included from /Users/larryseyer/AudioDevelopment/OTTO/Source/UX/KeyboardHandler.h:2:
In file included from /Users/larryseyer/AudioDevelopment/OTTO/Builds/MacOSX/CMake-Release/OTTO_artefacts/JuceLibraryCode/JuceHeader.h:14:
In file included from /Users/larryseyer/AudioDevelopment/OTTO/JUCE/modules/juce_audio_plugin_client/juce_audio_plugin_client.h:63:
In file included from /Users/larryseyer/AudioDevelopment/OTTO/JUCE/modules/juce_gui_basics/juce_gui_basics.h:68:
In file included from /Users/larryseyer/AudioDevelopment/OTTO/JUCE/modules/juce_graphics/juce_graphics.h:67:
In file included from /Users/larryseyer/AudioDevelopment/OTTO/JUCE/modules/juce_core/juce_core.h:342:
/Users/larryseyer/AudioDevelopment/OTTO/JUCE/modules/juce_core/threads/juce_Process.h:122:8: warning: 'JUCE_WINDOWS' is not defined, evaluates to 0 [-Wundef]
  122 |    #if JUCE_WINDOWS || DOXYGEN
      |        ^
/Users/larryseyer/AudioDevelopment/OTTO/JUCE/modules/juce_core/threads/juce_Process.h:122:24: warning: 'DOXYGEN' is not defined, evaluates to 0 [-Wundef]
  122 |    #if JUCE_WINDOWS || DOXYGEN
      |                        ^
In file included from /Users/larryseyer/AudioDevelopment/OTTO/Source/UX/KeyboardHandler.cpp:1:
In file included from /Users/larryseyer/AudioDevelopment/OTTO/Source/UX/KeyboardHandler.h:2:
In file included from /Users/larryseyer/AudioDevelopment/OTTO/Builds/MacOSX/CMake-Release/OTTO_artefacts/JuceLibraryCode/JuceHeader.h:14:
In file included from /Users/larryseyer/AudioDevelopment/OTTO/JUCE/modules/juce_audio_plugin_client/juce_audio_plugin_client.h:63:
In file included from /Users/larryseyer/AudioDevelopment/OTTO/JUCE/modules/juce_gui_basics/juce_gui_basics.h:68:
In file included from /Users/larryseyer/AudioDevelopment/OTTO/JUCE/modules/juce_graphics/juce_graphics.h:67:
In file included from /Users/larryseyer/AudioDevelopment/OTTO/JUCE/modules/juce_core/juce_core.h:345:
/Users/larryseyer/AudioDevelopment/OTTO/JUCE/modules/juce_core/threads/juce_Thread.h:526:8: warning: 'JUCE_ANDROID' is not defined, evaluates to 0 [-Wundef]
  526 |    #if JUCE_ANDROID || DOXYGEN
      |        ^
/Users/larryseyer/AudioDevelopment/OTTO/JUCE/modules/juce_core/threads/juce_Thread.h:526:24: warning: 'DOXYGEN' is not defined, evaluates to 0 [-Wundef]
  526 |    #if JUCE_ANDROID || DOXYGEN
      |                        ^
/Users/larryseyer/AudioDevelopment/OTTO/JUCE/modules/juce_core/threads/juce_Thread.h:607:8: warning: 'JUCE_ANDROID' is not defined, evaluates to 0 [-Wundef]
  607 |    #if JUCE_ANDROID || JUCE_LINUX || JUCE_BSD
      |        ^
/Users/larryseyer/AudioDevelopment/OTTO/JUCE/modules/juce_core/threads/juce_Thread.h:607:24: warning: 'JUCE_LINUX' is not defined, evaluates to 0 [-Wundef]
  607 |    #if JUCE_ANDROID || JUCE_LINUX || JUCE_BSD
      |                        ^
/Users/larryseyer/AudioDevelopment/OTTO/JUCE/modules/juce_core/threads/juce_Thread.h:607:38: warning: 'JUCE_BSD' is not defined, evaluates to 0 [-Wundef]
  607 |    #if JUCE_ANDROID || JUCE_LINUX || JUCE_BSD
      |                                      ^
In file included from /Users/larryseyer/AudioDevelopment/OTTO/Source/UX/KeyboardHandler.cpp:1:
In file included from /Users/larryseyer/AudioDevelopment/OTTO/Source/UX/KeyboardHandler.h:2:
In file included from /Users/larryseyer/AudioDevelopment/OTTO/Builds/MacOSX/CMake-Release/OTTO_artefacts/JuceLibraryCode/JuceHeader.h:14:
In file included from /Users/larryseyer/AudioDevelopment/OTTO/JUCE/modules/juce_audio_plugin_client/juce_audio_plugin_client.h:63:
In file included from /Users/larryseyer/AudioDevelopment/OTTO/JUCE/modules/juce_gui_basics/juce_gui_basics.h:68:
In file included from /Users/larryseyer/AudioDevelopment/OTTO/JUCE/modules/juce_graphics/juce_graphics.h:67:
In file included from /Users/larryseyer/AudioDevelopment/OTTO/JUCE/modules/juce_core/juce_core.h:357:
/Users/larryseyer/AudioDevelopment/OTTO/JUCE/modules/juce_core/network/juce_URL.h:567:12: warning: 'JUCE_IOS' is not defined, evaluates to 0 [-Wundef]
  567 |        #if JUCE_IOS
      |            ^
/Users/larryseyer/AudioDevelopment/OTTO/JUCE/modules/juce_core/network/juce_URL.h:708:8: warning: 'JUCE_IOS' is not defined, evaluates to 0 [-Wundef]
  708 |    #if JUCE_IOS
      |        ^
In file included from /Users/larryseyer/AudioDevelopment/OTTO/Source/UX/KeyboardHandler.cpp:1:
In file included from /Users/larryseyer/AudioDevelopment/OTTO/Source/UX/KeyboardHandler.h:2:
In file included from /Users/larryseyer/AudioDevelopment/OTTO/Builds/MacOSX/CMake-Release/OTTO_artefacts/JuceLibraryCode/JuceHeader.h:14:
In file included from /Users/larryseyer/AudioDevelopment/OTTO/JUCE/modules/juce_audio_plugin_client/juce_audio_plugin_client.h:63:
In file included from /Users/larryseyer/AudioDevelopment/OTTO/JUCE/modules/juce_gui_basics/juce_gui_basics.h:68:
In file included from /Users/larryseyer/AudioDevelopment/OTTO/JUCE/modules/juce_graphics/juce_graphics.h:67:
In file included from /Users/larryseyer/AudioDevelopment/OTTO/JUCE/modules/juce_core/juce_core.h:366:
/Users/larryseyer/AudioDevelopment/OTTO/JUCE/modules/juce_core/zip/juce_ZipFile.h:280:8: warning: 'JUCE_DEBUG' is not defined, evaluates to 0 [-Wundef]
  280 |    #if JUCE_DEBUG
      |        ^
In file included from /Users/larryseyer/AudioDevelopment/OTTO/Source/UX/KeyboardHandler.cpp:1:
In file included from /Users/larryseyer/AudioDevelopment/OTTO/Source/UX/KeyboardHandler.h:2:
In file included from /Users/larryseyer/AudioDevelopment/OTTO/Builds/MacOSX/CMake-Release/OTTO_artefacts/JuceLibraryCode/JuceHeader.h:14:
In file included from /Users/larryseyer/AudioDevelopment/OTTO/JUCE/modules/juce_audio_plugin_client/juce_audio_plugin_client.h:63:
In file included from /Users/larryseyer/AudioDevelopment/OTTO/JUCE/modules/juce_gui_basics/juce_gui_basics.h:68:
In file included from /Users/larryseyer/AudioDevelopment/OTTO/JUCE/modules/juce_graphics/juce_graphics.h:67:
/Users/larryseyer/AudioDevelopment/OTTO/JUCE/modules/juce_core/juce_core.h:378:5: warning: 'JUCE_CORE_INCLUDE_OBJC_HELPERS' is not defined, evaluates to 0 [-Wundef]
  378 | #if JUCE_CORE_INCLUDE_OBJC_HELPERS && (JUCE_MAC || JUCE_IOS)
      |     ^
/Users/larryseyer/AudioDevelopment/OTTO/JUCE/modules/juce_core/juce_core.h:383:5: warning: 'JUCE_CORE_INCLUDE_COM_SMART_PTR' is not defined, evaluates to 0 [-Wundef]
  383 | #if JUCE_CORE_INCLUDE_COM_SMART_PTR && JUCE_WINDOWS
      |     ^
/Users/larryseyer/AudioDevelopment/OTTO/JUCE/modules/juce_core/juce_core.h:387:5: warning: 'JUCE_CORE_INCLUDE_JNI_HELPERS' is not defined, evaluates to 0 [-Wundef]
  387 | #if JUCE_CORE_INCLUDE_JNI_HELPERS && JUCE_ANDROID
      |     ^
/Users/larryseyer/AudioDevelopment/OTTO/JUCE/modules/juce_core/juce_core.h:392:5: warning: 'JUCE_UNIT_TESTS' is not defined, evaluates to 0 [-Wundef]
  392 | #if JUCE_UNIT_TESTS
      |     ^
/Users/larryseyer/AudioDevelopment/OTTO/JUCE/modules/juce_core/juce_core.h:407:6: warning: 'JUCE_DEBUG' is not defined, evaluates to 0 [-Wundef]
  407 |  #if JUCE_DEBUG
      |      ^
In file included from /Users/larryseyer/AudioDevelopment/OTTO/Source/UX/KeyboardHandler.cpp:1:
In file included from /Users/larryseyer/AudioDevelopment/OTTO/Source/UX/KeyboardHandler.h:2:
In file included from /Users/larryseyer/AudioDevelopment/OTTO/Builds/MacOSX/CMake-Release/OTTO_artefacts/JuceLibraryCode/JuceHeader.h:14:
In file included from /Users/larryseyer/AudioDevelopment/OTTO/JUCE/modules/juce_audio_plugin_client/juce_audio_plugin_client.h:63:
In file included from /Users/larryseyer/AudioDevelopment/OTTO/JUCE/modules/juce_gui_basics/juce_gui_basics.h:68:
In file included from /Users/larryseyer/AudioDevelopment/OTTO/JUCE/modules/juce_graphics/juce_graphics.h:68:
/Users/larryseyer/AudioDevelopment/OTTO/JUCE/modules/juce_events/juce_events.h:75:5: warning: 'JUCE_WINDOWS' is not defined, evaluates to 0 [-Wundef]
   75 | #if JUCE_WINDOWS && JUCE_EVENTS_INCLUDE_WINRT_WRAPPER
      |     ^
In file included from /Users/larryseyer/AudioDevelopment/OTTO/Source/UX/KeyboardHandler.cpp:1:
In file included from /Users/larryseyer/AudioDevelopment/OTTO/Source/UX/KeyboardHandler.h:2:
In file included from /Users/larryseyer/AudioDevelopment/OTTO/Builds/MacOSX/CMake-Release/OTTO_artefacts/JuceLibraryCode/JuceHeader.h:14:
In file included from /Users/larryseyer/AudioDevelopment/OTTO/JUCE/modules/juce_audio_plugin_client/juce_audio_plugin_client.h:63:
In file included from /Users/larryseyer/AudioDevelopment/OTTO/JUCE/modules/juce_gui_basics/juce_gui_basics.h:68:
In file included from /Users/larryseyer/AudioDevelopment/OTTO/JUCE/modules/juce_graphics/juce_graphics.h:68:
In file included from /Users/larryseyer/AudioDevelopment/OTTO/JUCE/modules/juce_events/juce_events.h:91:
/Users/larryseyer/AudioDevelopment/OTTO/JUCE/modules/juce_events/messages/juce_ApplicationBase.h:300:8: warning: 'JUCE_IOS' is not defined, evaluates to 0 [-Wundef]
  300 |    #if JUCE_IOS
      |        ^
/Users/larryseyer/AudioDevelopment/OTTO/JUCE/modules/juce_events/messages/juce_ApplicationBase.h:324:40: warning: 'DOXYGEN' is not defined, evaluates to 0 [-Wundef]
  324 | #if JUCE_CATCH_UNHANDLED_EXCEPTIONS || DOXYGEN
      |                                        ^
In file included from /Users/larryseyer/AudioDevelopment/OTTO/Source/UX/KeyboardHandler.cpp:1:
In file included from /Users/larryseyer/AudioDevelopment/OTTO/Source/UX/KeyboardHandler.h:2:
In file included from /Users/larryseyer/AudioDevelopment/OTTO/Builds/MacOSX/CMake-Release/OTTO_artefacts/JuceLibraryCode/JuceHeader.h:14:
In file included from /Users/larryseyer/AudioDevelopment/OTTO/JUCE/modules/juce_audio_plugin_client/juce_audio_plugin_client.h:63:
In file included from /Users/larryseyer/AudioDevelopment/OTTO/JUCE/modules/juce_gui_basics/juce_gui_basics.h:68:
In file included from /Users/larryseyer/AudioDevelopment/OTTO/JUCE/modules/juce_graphics/juce_graphics.h:68:
In file included from /Users/larryseyer/AudioDevelopment/OTTO/JUCE/modules/juce_events/juce_events.h:92:
/Users/larryseyer/AudioDevelopment/OTTO/JUCE/modules/juce_events/messages/juce_Initialisation.h:102:5: warning: 'DOXYGEN' is not defined, evaluates to 0 [-Wundef]
  102 | #if DOXYGEN
      |     ^
/Users/larryseyer/AudioDevelopment/OTTO/JUCE/modules/juce_events/messages/juce_Initialisation.h:105:6: warning: 'JUCE_WINDOWS' is not defined, evaluates to 0 [-Wundef]
  105 |  #if JUCE_WINDOWS && ! defined (_CONSOLE)
      |      ^
/Users/larryseyer/AudioDevelopment/OTTO/JUCE/modules/juce_events/messages/juce_Initialisation.h:116:6: warning: 'JUCE_IOS' is not defined, evaluates to 0 [-Wundef]
  116 |  #if JUCE_IOS
      |      ^
/Users/larryseyer/AudioDevelopment/OTTO/JUCE/modules/juce_events/messages/juce_Initialisation.h:138:8: warning: 'JUCE_ANDROID' is not defined, evaluates to 0 [-Wundef]
  138 |  #elif JUCE_ANDROID
      |        ^
/Users/larryseyer/AudioDevelopment/OTTO/JUCE/modules/juce_events/messages/juce_Initialisation.h:161:7: warning: 'JUCE_USE_CUSTOM_PLUGIN_STANDALONE_APP' is not defined, evaluates to 0 [-Wundef]
  161 |   #if JUCE_USE_CUSTOM_PLUGIN_STANDALONE_APP
      |       ^
/Users/larryseyer/AudioDevelopment/OTTO/JUCE/modules/juce_events/messages/juce_Initialisation.h:168:8: warning: 'JUCE_IOS' is not defined, evaluates to 0 [-Wundef]
  168 |    #if JUCE_IOS
      |        ^
In file included from /Users/larryseyer/AudioDevelopment/OTTO/Source/UX/KeyboardHandler.cpp:1:
In file included from /Users/larryseyer/AudioDevelopment/OTTO/Source/UX/KeyboardHandler.h:2:
In file included from /Users/larryseyer/AudioDevelopment/OTTO/Builds/MacOSX/CMake-Release/OTTO_artefacts/JuceLibraryCode/JuceHeader.h:14:
In file included from /Users/larryseyer/AudioDevelopment/OTTO/JUCE/modules/juce_audio_plugin_client/juce_audio_plugin_client.h:63:
In file included from /Users/larryseyer/AudioDevelopment/OTTO/JUCE/modules/juce_gui_basics/juce_gui_basics.h:68:
In file included from /Users/larryseyer/AudioDevelopment/OTTO/JUCE/modules/juce_graphics/juce_graphics.h:68:
/Users/larryseyer/AudioDevelopment/OTTO/JUCE/modules/juce_events/juce_events.h:110:5: warning: 'JUCE_LINUX' is not defined, evaluates to 0 [-Wundef]
  110 | #if JUCE_LINUX || JUCE_BSD
      |     ^
/Users/larryseyer/AudioDevelopment/OTTO/JUCE/modules/juce_events/juce_events.h:110:19: warning: 'JUCE_BSD' is not defined, evaluates to 0 [-Wundef]
  110 | #if JUCE_LINUX || JUCE_BSD
      |                   ^
/Users/larryseyer/AudioDevelopment/OTTO/JUCE/modules/juce_events/juce_events.h:114:5: warning: 'JUCE_WINDOWS' is not defined, evaluates to 0 [-Wundef]
  114 | #if JUCE_WINDOWS
      |     ^
In file included from /Users/larryseyer/AudioDevelopment/OTTO/Source/UX/KeyboardHandler.cpp:1:
In file included from /Users/larryseyer/AudioDevelopment/OTTO/Source/UX/KeyboardHandler.h:2:
In file included from /Users/larryseyer/AudioDevelopment/OTTO/Builds/MacOSX/CMake-Release/OTTO_artefacts/JuceLibraryCode/JuceHeader.h:14:
In file included from /Users/larryseyer/AudioDevelopment/OTTO/JUCE/modules/juce_audio_plugin_client/juce_audio_plugin_client.h:63:
In file included from /Users/larryseyer/AudioDevelopment/OTTO/JUCE/modules/juce_gui_basics/juce_gui_basics.h:68:
In file included from /Users/larryseyer/AudioDevelopment/OTTO/JUCE/modules/juce_graphics/juce_graphics.h:122:
/Users/larryseyer/AudioDevelopment/OTTO/JUCE/modules/juce_graphics/colour/juce_PixelFormats.h:39:5: warning: 'JUCE_MSVC' is not defined, evaluates to 0 [-Wundef]
   39 | #if JUCE_MSVC
      |     ^
/Users/larryseyer/AudioDevelopment/OTTO/JUCE/modules/juce_graphics/colour/juce_PixelFormats.h:89:12: warning: 'JUCE_ANDROID' is not defined, evaluates to 0 [-Wundef]
   89 |        #if JUCE_ANDROID
      |            ^
/Users/larryseyer/AudioDevelopment/OTTO/JUCE/modules/juce_graphics/colour/juce_PixelFormats.h:100:12: warning: 'JUCE_BIG_ENDIAN' is not defined, evaluates to 0 [-Wundef]
  100 |        #if JUCE_BIG_ENDIAN
      |            ^
/Users/larryseyer/AudioDevelopment/OTTO/JUCE/modules/juce_graphics/colour/juce_PixelFormats.h:301:7: warning: 'JUCE_ANDROID' is not defined, evaluates to 0 [-Wundef]
  301 |   #if JUCE_ANDROID
      |       ^
/Users/larryseyer/AudioDevelopment/OTTO/JUCE/modules/juce_graphics/colour/juce_PixelFormats.h:308:8: warning: 'JUCE_BIG_ENDIAN' is not defined, evaluates to 0 [-Wundef]
  308 |    #if JUCE_BIG_ENDIAN
      |        ^
/Users/larryseyer/AudioDevelopment/OTTO/JUCE/modules/juce_graphics/colour/juce_PixelFormats.h:325:11: warning: 'JUCE_ANDROID' is not defined, evaluates to 0 [-Wundef]
  325 |       #if JUCE_ANDROID
      |           ^
/Users/larryseyer/AudioDevelopment/OTTO/JUCE/modules/juce_graphics/colour/juce_PixelFormats.h:332:12: warning: 'JUCE_BIG_ENDIAN' is not defined, evaluates to 0 [-Wundef]
  332 |        #if JUCE_BIG_ENDIAN
      |            ^
/Users/larryseyer/AudioDevelopment/OTTO/JUCE/modules/juce_graphics/colour/juce_PixelFormats.h:375:12: warning: 'JUCE_ANDROID' is not defined, evaluates to 0 [-Wundef]
  375 |        #if JUCE_ANDROID
      |            ^
/Users/larryseyer/AudioDevelopment/OTTO/JUCE/modules/juce_graphics/colour/juce_PixelFormats.h:386:12: warning: 'JUCE_ANDROID' is not defined, evaluates to 0 [-Wundef]
  386 |        #if JUCE_ANDROID
      |            ^
/Users/larryseyer/AudioDevelopment/OTTO/JUCE/modules/juce_graphics/colour/juce_PixelFormats.h:397:12: warning: 'JUCE_BIG_ENDIAN' is not defined, evaluates to 0 [-Wundef]
  397 |        #if JUCE_BIG_ENDIAN
      |            ^
/Users/larryseyer/AudioDevelopment/OTTO/JUCE/modules/juce_graphics/colour/juce_PixelFormats.h:411:12: warning: 'JUCE_ANDROID' is not defined, evaluates to 0 [-Wundef]
  411 |        #if JUCE_ANDROID
      |            ^
/Users/larryseyer/AudioDevelopment/OTTO/JUCE/modules/juce_graphics/colour/juce_PixelFormats.h:472:12: warning: 'JUCE_ANDROID' is not defined, evaluates to 0 [-Wundef]
  472 |        #if JUCE_ANDROID
      |            ^
/Users/larryseyer/AudioDevelopment/OTTO/JUCE/modules/juce_graphics/colour/juce_PixelFormats.h:504:12: warning: 'JUCE_ANDROID' is not defined, evaluates to 0 [-Wundef]
  504 |        #if JUCE_ANDROID
      |            ^
/Users/larryseyer/AudioDevelopment/OTTO/JUCE/modules/juce_graphics/colour/juce_PixelFormats.h:527:12: warning: 'JUCE_ANDROID' is not defined, evaluates to 0 [-Wundef]
  527 |        #if JUCE_ANDROID
      |            ^
/Users/larryseyer/AudioDevelopment/OTTO/JUCE/modules/juce_graphics/colour/juce_PixelFormats.h:569:11: warning: 'JUCE_ANDROID' is not defined, evaluates to 0 [-Wundef]
  569 |       #if JUCE_ANDROID
      |           ^
/Users/larryseyer/AudioDevelopment/OTTO/JUCE/modules/juce_graphics/colour/juce_PixelFormats.h:745:5: warning: 'JUCE_MSVC' is not defined, evaluates to 0 [-Wundef]
  745 | #if JUCE_MSVC
      |     ^
In file included from /Users/larryseyer/AudioDevelopment/OTTO/Source/UX/KeyboardHandler.cpp:1:
In file included from /Users/larryseyer/AudioDevelopment/OTTO/Source/UX/KeyboardHandler.h:2:
In file included from /Users/larryseyer/AudioDevelopment/OTTO/Builds/MacOSX/CMake-Release/OTTO_artefacts/JuceLibraryCode/JuceHeader.h:14:
In file included from /Users/larryseyer/AudioDevelopment/OTTO/JUCE/modules/juce_audio_plugin_client/juce_audio_plugin_client.h:63:
In file included from /Users/larryseyer/AudioDevelopment/OTTO/JUCE/modules/juce_gui_basics/juce_gui_basics.h:68:
In file included from /Users/larryseyer/AudioDevelopment/OTTO/JUCE/modules/juce_graphics/juce_graphics.h:141:
/Users/larryseyer/AudioDevelopment/OTTO/JUCE/modules/juce_graphics/detail/juce_Ranges.h:114:12: warning: 'JUCE_DEBUG' is not defined, evaluates to 0 [-Wundef]
  114 |        #if JUCE_DEBUG
      |            ^
In file included from /Users/larryseyer/AudioDevelopment/OTTO/Source/UX/KeyboardHandler.cpp:1:
In file included from /Users/larryseyer/AudioDevelopment/OTTO/Source/UX/KeyboardHandler.h:2:
In file included from /Users/larryseyer/AudioDevelopment/OTTO/Builds/MacOSX/CMake-Release/OTTO_artefacts/JuceLibraryCode/JuceHeader.h:14:
In file included from /Users/larryseyer/AudioDevelopment/OTTO/JUCE/modules/juce_audio_plugin_client/juce_audio_plugin_client.h:63:
In file included from /Users/larryseyer/AudioDevelopment/OTTO/JUCE/modules/juce_gui_basics/juce_gui_basics.h:68:
In file included from /Users/larryseyer/AudioDevelopment/OTTO/JUCE/modules/juce_graphics/juce_graphics.h:150:
/Users/larryseyer/AudioDevelopment/OTTO/JUCE/modules/juce_graphics/native/juce_RenderingHelpers.h:389:30: warning: implicit conversion increases floating-point precision: 'float' to 'double' [-Wdouble-promotion]
  389 |                 grad = (p2.y - p1.y) / (double) (p1.x - p2.x);
      |                         ~~~~~^~~~~~  ~
/Users/larryseyer/AudioDevelopment/OTTO/JUCE/modules/juce_graphics/native/juce_RenderingHelpers.h:390:36: warning: implicit conversion increases floating-point precision: 'float' to 'double' [-Wdouble-promotion]
  390 |                 yTerm = p1.y - (p1.x / grad);
      |                                 ~~~^ ~
/Users/larryseyer/AudioDevelopment/OTTO/JUCE/modules/juce_graphics/native/juce_RenderingHelpers.h:390:28: warning: implicit conversion increases floating-point precision: 'float' to 'double' [-Wdouble-promotion]
  390 |                 yTerm = p1.y - (p1.x / grad);
      |                         ~~~^ ~
/Users/larryseyer/AudioDevelopment/OTTO/JUCE/modules/juce_graphics/native/juce_RenderingHelpers.h:391:127: warning: implicit conversion increases floating-point precision: 'float' to 'double' [-Wdouble-promotion]
  391 |                 scale = roundToInt ((double) ((int64_t) numEntries << (int) numScaleBits) / (yTerm * grad - (p2.y * grad - p2.x)));
      |                                                                                                                          ~ ~~~^
/Users/larryseyer/AudioDevelopment/OTTO/JUCE/modules/juce_graphics/native/juce_RenderingHelpers.h:391:113: warning: implicit conversion increases floating-point precision: 'float' to 'double' [-Wdouble-promotion]
  391 |                 scale = roundToInt ((double) ((int64_t) numEntries << (int) numScaleBits) / (yTerm * grad - (p2.y * grad - p2.x)));
      |                                                                                                              ~~~^ ~
/Users/larryseyer/AudioDevelopment/OTTO/JUCE/modules/juce_graphics/native/juce_RenderingHelpers.h:429:36: warning: implicit conversion increases floating-point precision: 'const float' to 'const double' [-Wdouble-promotion]
  429 |               gx1 (gradient.point1.x),
      |                   ~~~~~~~~~~~~~~~~~^
/Users/larryseyer/AudioDevelopment/OTTO/JUCE/modules/juce_graphics/native/juce_RenderingHelpers.h:430:36: warning: implicit conversion increases floating-point precision: 'const float' to 'const double' [-Wdouble-promotion]
  430 |               gy1 (gradient.point1.y)
      |                   ~~~~~~~~~~~~~~~~~^
/Users/larryseyer/AudioDevelopment/OTTO/JUCE/modules/juce_graphics/native/juce_RenderingHelpers.h:434:39: warning: implicit conversion increases floating-point precision: 'float' to 'double' [-Wdouble-promotion]
  434 |             maxDist = diff.x * diff.x + diff.y * diff.y;
      |                     ~ ~~~~~~~~~~~~~~~~^~~~~~~~~~~~~~~~~
/Users/larryseyer/AudioDevelopment/OTTO/JUCE/modules/juce_graphics/native/juce_RenderingHelpers.h:471:37: warning: implicit conversion increases floating-point precision: 'const float' to 'double' [-Wdouble-promotion]
  471 |             tM10 = inverseTransform.mat10;
      |                  ~ ~~~~~~~~~~~~~~~~~^~~~~
/Users/larryseyer/AudioDevelopment/OTTO/JUCE/modules/juce_graphics/native/juce_RenderingHelpers.h:472:37: warning: implicit conversion increases floating-point precision: 'const float' to 'double' [-Wdouble-promotion]
  472 |             tM00 = inverseTransform.mat00;
      |                  ~ ~~~~~~~~~~~~~~~~~^~~~~
/Users/larryseyer/AudioDevelopment/OTTO/JUCE/modules/juce_graphics/native/juce_RenderingHelpers.h:478:56: warning: implicit conversion increases floating-point precision: 'float' to 'double' [-Wdouble-promotion]
  478 |             lineYM01 = inverseTransform.mat01 * floatY + inverseTransform.mat02 - gx1;
      |                        ~~~~~~~~~~~~~~~~~~~~~~~~~~~~~~~~^~~~~~~~~~~~~~~~~~~~~~~~ ~
/Users/larryseyer/AudioDevelopment/OTTO/JUCE/modules/juce_graphics/native/juce_RenderingHelpers.h:479:56: warning: implicit conversion increases floating-point precision: 'float' to 'double' [-Wdouble-promotion]
  479 |             lineYM11 = inverseTransform.mat11 * floatY + inverseTransform.mat12 - gy1;
      |                        ~~~~~~~~~~~~~~~~~~~~~~~~~~~~~~~~^~~~~~~~~~~~~~~~~~~~~~~~ ~
In file included from /Users/larryseyer/AudioDevelopment/OTTO/Source/UX/KeyboardHandler.cpp:1:
In file included from /Users/larryseyer/AudioDevelopment/OTTO/Source/UX/KeyboardHandler.h:2:
In file included from /Users/larryseyer/AudioDevelopment/OTTO/Builds/MacOSX/CMake-Release/OTTO_artefacts/JuceLibraryCode/JuceHeader.h:14:
In file included from /Users/larryseyer/AudioDevelopment/OTTO/JUCE/modules/juce_audio_plugin_client/juce_audio_plugin_client.h:63:
In file included from /Users/larryseyer/AudioDevelopment/OTTO/JUCE/modules/juce_gui_basics/juce_gui_basics.h:68:
/Users/larryseyer/AudioDevelopment/OTTO/JUCE/modules/juce_graphics/juce_graphics.h:157:5: warning: 'JUCE_GRAPHICS_INCLUDE_COREGRAPHICS_HELPERS' is not defined, evaluates to 0 [-Wundef]
  157 | #if JUCE_GRAPHICS_INCLUDE_COREGRAPHICS_HELPERS && (JUCE_MAC || JUCE_IOS)
      |     ^
In file included from /Users/larryseyer/AudioDevelopment/OTTO/Source/UX/KeyboardHandler.cpp:1:
In file included from /Users/larryseyer/AudioDevelopment/OTTO/Source/UX/KeyboardHandler.h:2:
In file included from /Users/larryseyer/AudioDevelopment/OTTO/Builds/MacOSX/CMake-Release/OTTO_artefacts/JuceLibraryCode/JuceHeader.h:14:
In file included from /Users/larryseyer/AudioDevelopment/OTTO/JUCE/modules/juce_audio_plugin_client/juce_audio_plugin_client.h:63:
In file included from /Users/larryseyer/AudioDevelopment/OTTO/JUCE/modules/juce_gui_basics/juce_gui_basics.h:205:
/Users/larryseyer/AudioDevelopment/OTTO/JUCE/modules/juce_gui_basics/components/juce_Component.h:2701:12: warning: 'JUCE_DEBUG' is not defined, evaluates to 0 [-Wundef]
 2701 |        #if JUCE_DEBUG
      |            ^
In file included from /Users/larryseyer/AudioDevelopment/OTTO/Source/UX/KeyboardHandler.cpp:1:
In file included from /Users/larryseyer/AudioDevelopment/OTTO/Source/UX/KeyboardHandler.h:2:
In file included from /Users/larryseyer/AudioDevelopment/OTTO/Builds/MacOSX/CMake-Release/OTTO_artefacts/JuceLibraryCode/JuceHeader.h:14:
In file included from /Users/larryseyer/AudioDevelopment/OTTO/JUCE/modules/juce_audio_plugin_client/juce_audio_plugin_client.h:63:
In file included from /Users/larryseyer/AudioDevelopment/OTTO/JUCE/modules/juce_gui_basics/juce_gui_basics.h:239:
/Users/larryseyer/AudioDevelopment/OTTO/JUCE/modules/juce_gui_basics/layout/juce_ComponentBuilder.h:243:8: warning: 'JUCE_DEBUG' is not defined, evaluates to 0 [-Wundef]
  243 |    #if JUCE_DEBUG
      |        ^
In file included from /Users/larryseyer/AudioDevelopment/OTTO/Source/UX/KeyboardHandler.cpp:1:
In file included from /Users/larryseyer/AudioDevelopment/OTTO/Source/UX/KeyboardHandler.h:2:
In file included from /Users/larryseyer/AudioDevelopment/OTTO/Builds/MacOSX/CMake-Release/OTTO_artefacts/JuceLibraryCode/JuceHeader.h:14:
In file included from /Users/larryseyer/AudioDevelopment/OTTO/JUCE/modules/juce_audio_plugin_client/juce_audio_plugin_client.h:63:
In file included from /Users/larryseyer/AudioDevelopment/OTTO/JUCE/modules/juce_gui_basics/juce_gui_basics.h:283:
/Users/larryseyer/AudioDevelopment/OTTO/JUCE/modules/juce_gui_basics/widgets/juce_ListBox.h:182:10: warning: 'JUCE_DISABLE_ASSERTIONS' is not defined, evaluates to 0 [-Wundef]
  182 |    #if ! JUCE_DISABLE_ASSERTIONS
      |          ^
/Users/larryseyer/AudioDevelopment/OTTO/JUCE/modules/juce_gui_basics/widgets/juce_ListBox.h:235:14: warning: 'JUCE_DISABLE_ASSERTIONS' is not defined, evaluates to 0 [-Wundef]
  235 |        #if ! JUCE_DISABLE_ASSERTIONS
      |              ^
/Users/larryseyer/AudioDevelopment/OTTO/JUCE/modules/juce_gui_basics/widgets/juce_ListBox.h:643:10: warning: 'JUCE_DISABLE_ASSERTIONS' is not defined, evaluates to 0 [-Wundef]
  643 |    #if ! JUCE_DISABLE_ASSERTIONS
      |          ^
In file included from /Users/larryseyer/AudioDevelopment/OTTO/Source/UX/KeyboardHandler.cpp:1:
In file included from /Users/larryseyer/AudioDevelopment/OTTO/Source/UX/KeyboardHandler.h:2:
In file included from /Users/larryseyer/AudioDevelopment/OTTO/Builds/MacOSX/CMake-Release/OTTO_artefacts/JuceLibraryCode/JuceHeader.h:14:
In file included from /Users/larryseyer/AudioDevelopment/OTTO/JUCE/modules/juce_audio_plugin_client/juce_audio_plugin_client.h:63:
In file included from /Users/larryseyer/AudioDevelopment/OTTO/JUCE/modules/juce_gui_basics/juce_gui_basics.h:302:
/Users/larryseyer/AudioDevelopment/OTTO/JUCE/modules/juce_gui_basics/windows/juce_ComponentPeer.h:310:8: warning: 'JUCE_LINUX' is not defined, evaluates to 0 [-Wundef]
  310 |    #if JUCE_LINUX || JUCE_BSD
      |        ^
/Users/larryseyer/AudioDevelopment/OTTO/JUCE/modules/juce_gui_basics/windows/juce_ComponentPeer.h:310:22: warning: 'JUCE_BSD' is not defined, evaluates to 0 [-Wundef]
  310 |    #if JUCE_LINUX || JUCE_BSD
      |                      ^
In file included from /Users/larryseyer/AudioDevelopment/OTTO/Source/UX/KeyboardHandler.cpp:1:
In file included from /Users/larryseyer/AudioDevelopment/OTTO/Source/UX/KeyboardHandler.h:2:
In file included from /Users/larryseyer/AudioDevelopment/OTTO/Builds/MacOSX/CMake-Release/OTTO_artefacts/JuceLibraryCode/JuceHeader.h:14:
In file included from /Users/larryseyer/AudioDevelopment/OTTO/JUCE/modules/juce_audio_plugin_client/juce_audio_plugin_client.h:63:
In file included from /Users/larryseyer/AudioDevelopment/OTTO/JUCE/modules/juce_gui_basics/juce_gui_basics.h:303:
/Users/larryseyer/AudioDevelopment/OTTO/JUCE/modules/juce_gui_basics/windows/juce_ResizableWindow.h:376:8: warning: 'JUCE_DEBUG' is not defined, evaluates to 0 [-Wundef]
  376 |    #if JUCE_DEBUG
      |        ^
/Users/larryseyer/AudioDevelopment/OTTO/JUCE/modules/juce_gui_basics/windows/juce_ResizableWindow.h:414:8: warning: 'JUCE_DEBUG' is not defined, evaluates to 0 [-Wundef]
  414 |    #if JUCE_DEBUG
      |        ^
In file included from /Users/larryseyer/AudioDevelopment/OTTO/Source/UX/KeyboardHandler.cpp:1:
In file included from /Users/larryseyer/AudioDevelopment/OTTO/Source/UX/KeyboardHandler.h:2:
In file included from /Users/larryseyer/AudioDevelopment/OTTO/Builds/MacOSX/CMake-Release/OTTO_artefacts/JuceLibraryCode/JuceHeader.h:14:
In file included from /Users/larryseyer/AudioDevelopment/OTTO/JUCE/modules/juce_audio_plugin_client/juce_audio_plugin_client.h:63:
In file included from /Users/larryseyer/AudioDevelopment/OTTO/JUCE/modules/juce_gui_basics/juce_gui_basics.h:335:
/Users/larryseyer/AudioDevelopment/OTTO/JUCE/modules/juce_gui_basics/application/juce_Application.h:125:8: warning: 'DOXYGEN' is not defined, evaluates to 0 [-Wundef]
  125 |    #if DOXYGEN
      |        ^
In file included from /Users/larryseyer/AudioDevelopment/OTTO/Source/UX/KeyboardHandler.cpp:1:
In file included from /Users/larryseyer/AudioDevelopment/OTTO/Source/UX/KeyboardHandler.h:2:
In file included from /Users/larryseyer/AudioDevelopment/OTTO/Builds/MacOSX/CMake-Release/OTTO_artefacts/JuceLibraryCode/JuceHeader.h:14:
In file included from /Users/larryseyer/AudioDevelopment/OTTO/JUCE/modules/juce_audio_plugin_client/juce_audio_plugin_client.h:63:
/Users/larryseyer/AudioDevelopment/OTTO/JUCE/modules/juce_gui_basics/juce_gui_basics.h:344:5: warning: 'JUCE_LINUX' is not defined, evaluates to 0 [-Wundef]
  344 | #if JUCE_LINUX || JUCE_BSD
      |     ^
/Users/larryseyer/AudioDevelopment/OTTO/JUCE/modules/juce_gui_basics/juce_gui_basics.h:344:19: warning: 'JUCE_BSD' is not defined, evaluates to 0 [-Wundef]
  344 | #if JUCE_LINUX || JUCE_BSD
      |                   ^
/Users/larryseyer/AudioDevelopment/OTTO/JUCE/modules/juce_gui_basics/juce_gui_basics.h:394:5: warning: 'JUCE_GUI_BASICS_INCLUDE_SCOPED_THREAD_DPI_AWARENESS_SETTER' is not defined, evaluates to 0 [-Wundef]
  394 | #if JUCE_GUI_BASICS_INCLUDE_SCOPED_THREAD_DPI_AWARENESS_SETTER && JUCE_WINDOWS
      |     ^
In file included from /Users/larryseyer/AudioDevelopment/OTTO/Source/UX/KeyboardHandler.cpp:1:
In file included from /Users/larryseyer/AudioDevelopment/OTTO/Source/UX/KeyboardHandler.h:2:
In file included from /Users/larryseyer/AudioDevelopment/OTTO/Builds/MacOSX/CMake-Release/OTTO_artefacts/JuceLibraryCode/JuceHeader.h:14:
In file included from /Users/larryseyer/AudioDevelopment/OTTO/JUCE/modules/juce_audio_plugin_client/juce_audio_plugin_client.h:64:
/Users/larryseyer/AudioDevelopment/OTTO/JUCE/modules/juce_audio_basics/juce_audio_basics.h:77:7: warning: 'JUCE_INTEL' is not defined, evaluates to 0 [-Wundef]
   77 | #if ! JUCE_INTEL
      |       ^
/Users/larryseyer/AudioDevelopment/OTTO/JUCE/modules/juce_audio_basics/juce_audio_basics.h:81:24: warning: 'JUCE_USE_VDSP_FRAMEWORK' is not defined, evaluates to 0 [-Wundef]
   81 | #if __ARM_NEON__ && ! (JUCE_USE_VDSP_FRAMEWORK || defined (JUCE_USE_ARM_NEON))
      |                        ^
In file included from /Users/larryseyer/AudioDevelopment/OTTO/Source/UX/KeyboardHandler.cpp:1:
In file included from /Users/larryseyer/AudioDevelopment/OTTO/Source/UX/KeyboardHandler.h:2:
In file included from /Users/larryseyer/AudioDevelopment/OTTO/Builds/MacOSX/CMake-Release/OTTO_artefacts/JuceLibraryCode/JuceHeader.h:14:
In file included from /Users/larryseyer/AudioDevelopment/OTTO/JUCE/modules/juce_audio_plugin_client/juce_audio_plugin_client.h:64:
In file included from /Users/larryseyer/AudioDevelopment/OTTO/JUCE/modules/juce_audio_basics/juce_audio_basics.h:93:
/Users/larryseyer/AudioDevelopment/OTTO/JUCE/modules/juce_audio_basics/buffers/juce_AudioDataConverters.h:103:9: warning: 'JUCE_BIG_ENDIAN' is not defined, evaluates to 0 [-Wundef]
  103 |     #if JUCE_BIG_ENDIAN
      |         ^
/Users/larryseyer/AudioDevelopment/OTTO/JUCE/modules/juce_audio_basics/buffers/juce_AudioDataConverters.h:263:12: warning: 'JUCE_BIG_ENDIAN' is not defined, evaluates to 0 [-Wundef]
  263 |        #if JUCE_BIG_ENDIAN
      |            ^
/Users/larryseyer/AudioDevelopment/OTTO/JUCE/modules/juce_audio_basics/buffers/juce_AudioDataConverters.h:119:135: warning: implicit conversion increases floating-point precision: 'float' to 'double' [-Wdouble-promotion]
  119 |         inline void setAsFloatLE (float newValue) noexcept      { *data = (int8) jlimit ((int) -maxValue, (int) maxValue, roundToInt (newValue * (1.0 + (double) maxValue))); }
      |                                                                                                                                       ^~~~~~~~ ~
/Users/larryseyer/AudioDevelopment/OTTO/JUCE/modules/juce_audio_basics/buffers/juce_AudioDataConverters.h:144:117: warning: implicit conversion increases floating-point precision: 'float' to 'double' [-Wdouble-promotion]
  144 |         inline void setAsFloatLE (float newValue) noexcept      { *data = (uint8) jlimit (0, 255, 128 + roundToInt (newValue * (1.0 + (double) maxValue))); }
      |                                                                                                                     ^~~~~~~~ ~
/Users/larryseyer/AudioDevelopment/OTTO/JUCE/modules/juce_audio_basics/buffers/juce_AudioDataConverters.h:169:168: warning: implicit conversion increases floating-point precision: 'float' to 'double' [-Wdouble-promotion]
  169 |         inline void setAsFloatLE (float newValue) noexcept      { *data = ByteOrder::swapIfBigEndian    ((uint16) jlimit ((int) -maxValue, (int) maxValue, roundToInt (newValue * (1.0 + (double) maxValue)))); }
      |                                                                                                                                                                        ^~~~~~~~ ~
/Users/larryseyer/AudioDevelopment/OTTO/JUCE/modules/juce_audio_basics/buffers/juce_AudioDataConverters.h:170:168: warning: implicit conversion increases floating-point precision: 'float' to 'double' [-Wdouble-promotion]
  170 |         inline void setAsFloatBE (float newValue) noexcept      { *data = ByteOrder::swapIfLittleEndian ((uint16) jlimit ((int) -maxValue, (int) maxValue, roundToInt (newValue * (1.0 + (double) maxValue)))); }
      |                                                                                                                                                                        ^~~~~~~~ ~
/Users/larryseyer/AudioDevelopment/OTTO/JUCE/modules/juce_audio_basics/buffers/juce_AudioDataConverters.h:194:157: warning: implicit conversion increases floating-point precision: 'float' to 'double' [-Wdouble-promotion]
  194 |         inline void setAsFloatLE (float newValue) noexcept      { ByteOrder::littleEndian24BitToChars (jlimit ((int) -maxValue, (int) maxValue, roundToInt (newValue * (1.0 + (double) maxValue))), data); }
      |                                                                                                                                                             ^~~~~~~~ ~
/Users/larryseyer/AudioDevelopment/OTTO/JUCE/modules/juce_audio_basics/buffers/juce_AudioDataConverters.h:195:157: warning: implicit conversion increases floating-point precision: 'float' to 'double' [-Wdouble-promotion]
  195 |         inline void setAsFloatBE (float newValue) noexcept      { ByteOrder::bigEndian24BitToChars (jlimit    ((int) -maxValue, (int) maxValue, roundToInt (newValue * (1.0 + (double) maxValue))), data); }
      |                                                                                                                                                             ^~~~~~~~ ~
In file included from /Users/larryseyer/AudioDevelopment/OTTO/Source/UX/KeyboardHandler.cpp:1:
In file included from /Users/larryseyer/AudioDevelopment/OTTO/Source/UX/KeyboardHandler.h:2:
In file included from /Users/larryseyer/AudioDevelopment/OTTO/Builds/MacOSX/CMake-Release/OTTO_artefacts/JuceLibraryCode/JuceHeader.h:14:
In file included from /Users/larryseyer/AudioDevelopment/OTTO/JUCE/modules/juce_audio_plugin_client/juce_audio_plugin_client.h:64:
In file included from /Users/larryseyer/AudioDevelopment/OTTO/JUCE/modules/juce_audio_basics/juce_audio_basics.h:95:
/Users/larryseyer/AudioDevelopment/OTTO/JUCE/modules/juce_audio_basics/buffers/juce_FloatVectorOperations.h:39:6: warning: 'JUCE_INTEL' is not defined, evaluates to 0 [-Wundef]
   39 |  #if JUCE_INTEL
      |      ^
/Users/larryseyer/AudioDevelopment/OTTO/JUCE/modules/juce_audio_basics/buffers/juce_FloatVectorOperations.h:153:7: warning: 'DOXYGEN' is not defined, evaluates to 0 [-Wundef]
  153 | #if ! DOXYGEN
      |       ^
/Users/larryseyer/AudioDevelopment/OTTO/JUCE/modules/juce_audio_basics/buffers/juce_FloatVectorOperations.h:237:7: warning: 'JUCE_USE_SSE_INTRINSICS' is not defined, evaluates to 0 [-Wundef]
  237 |   #if JUCE_USE_SSE_INTRINSICS || (JUCE_USE_ARM_NEON || (JUCE_64BIT && JUCE_ARM))
      |       ^
In file included from /Users/larryseyer/AudioDevelopment/OTTO/Source/UX/KeyboardHandler.cpp:1:
In file included from /Users/larryseyer/AudioDevelopment/OTTO/Source/UX/KeyboardHandler.h:2:
In file included from /Users/larryseyer/AudioDevelopment/OTTO/Builds/MacOSX/CMake-Release/OTTO_artefacts/JuceLibraryCode/JuceHeader.h:14:
In file included from /Users/larryseyer/AudioDevelopment/OTTO/JUCE/modules/juce_audio_plugin_client/juce_audio_plugin_client.h:64:
In file included from /Users/larryseyer/AudioDevelopment/OTTO/JUCE/modules/juce_audio_basics/juce_audio_basics.h:97:
/Users/larryseyer/AudioDevelopment/OTTO/JUCE/modules/juce_audio_basics/buffers/juce_AudioSampleBuffer.h:1155:15: warning: 'JUCE_GCC' is not defined, evaluates to 0 [-Wundef]
 1155 |        #if (! JUCE_GCC || (__GNUC__ * 100 + __GNUC_MINOR__) >= 409)
      |               ^
In file included from /Users/larryseyer/AudioDevelopment/OTTO/Source/UX/KeyboardHandler.cpp:1:
In file included from /Users/larryseyer/AudioDevelopment/OTTO/Source/UX/KeyboardHandler.h:2:
In file included from /Users/larryseyer/AudioDevelopment/OTTO/Builds/MacOSX/CMake-Release/OTTO_artefacts/JuceLibraryCode/JuceHeader.h:14:
In file included from /Users/larryseyer/AudioDevelopment/OTTO/JUCE/modules/juce_audio_plugin_client/juce_audio_plugin_client.h:64:
In file included from /Users/larryseyer/AudioDevelopment/OTTO/JUCE/modules/juce_audio_basics/juce_audio_basics.h:104:
/Users/larryseyer/AudioDevelopment/OTTO/JUCE/modules/juce_audio_basics/utilities/juce_SmoothedValue.h:421:5: warning: 'JUCE_UNIT_TESTS' is not defined, evaluates to 0 [-Wundef]
  421 | #if JUCE_UNIT_TESTS
      |     ^
In file included from /Users/larryseyer/AudioDevelopment/OTTO/Source/UX/KeyboardHandler.cpp:1:
In file included from /Users/larryseyer/AudioDevelopment/OTTO/Source/UX/KeyboardHandler.h:2:
In file included from /Users/larryseyer/AudioDevelopment/OTTO/Builds/MacOSX/CMake-Release/OTTO_artefacts/JuceLibraryCode/JuceHeader.h:14:
In file included from /Users/larryseyer/AudioDevelopment/OTTO/JUCE/modules/juce_audio_plugin_client/juce_audio_plugin_client.h:64:
In file included from /Users/larryseyer/AudioDevelopment/OTTO/JUCE/modules/juce_audio_basics/juce_audio_basics.h:106:
/Users/larryseyer/AudioDevelopment/OTTO/JUCE/modules/juce_audio_basics/utilities/juce_ADSR.h:155:66: warning: implicit conversion increases floating-point precision: 'float' to 'double' [-Wdouble-promotion]
  155 |                 releaseRate = (float) (envelopeVal / (parameters.release * sampleRate));
      |                                                       ~~~~~~~~~~~^~~~~~~ ~
/Users/larryseyer/AudioDevelopment/OTTO/JUCE/modules/juce_audio_basics/utilities/juce_ADSR.h:155:40: warning: implicit conversion increases floating-point precision: 'float' to 'double' [-Wdouble-promotion]
  155 |                 releaseRate = (float) (envelopeVal / (parameters.release * sampleRate));
      |                                        ^~~~~~~~~~~ ~
/Users/larryseyer/AudioDevelopment/OTTO/JUCE/modules/juce_audio_basics/utilities/juce_ADSR.h:266:64: warning: implicit conversion increases floating-point precision: 'float' to 'double' [-Wdouble-promotion]
  266 |             return timeInSeconds > 0.0f ? (float) (distance / (timeInSeconds * sr)) : -1.0f;
      |                                                                ^~~~~~~~~~~~~ ~
/Users/larryseyer/AudioDevelopment/OTTO/JUCE/modules/juce_audio_basics/utilities/juce_ADSR.h:266:52: warning: implicit conversion increases floating-point precision: 'float' to 'double' [-Wdouble-promotion]
  266 |             return timeInSeconds > 0.0f ? (float) (distance / (timeInSeconds * sr)) : -1.0f;
      |                                                    ^~~~~~~~ ~
In file included from /Users/larryseyer/AudioDevelopment/OTTO/Source/UX/KeyboardHandler.cpp:1:
In file included from /Users/larryseyer/AudioDevelopment/OTTO/Source/UX/KeyboardHandler.h:2:
In file included from /Users/larryseyer/AudioDevelopment/OTTO/Builds/MacOSX/CMake-Release/OTTO_artefacts/JuceLibraryCode/JuceHeader.h:14:
In file included from /Users/larryseyer/AudioDevelopment/OTTO/JUCE/modules/juce_audio_plugin_client/juce_audio_plugin_client.h:65:
In file included from /Users/larryseyer/AudioDevelopment/OTTO/JUCE/modules/juce_audio_processors/juce_audio_processors.h:67:
/Users/larryseyer/AudioDevelopment/OTTO/JUCE/modules/juce_gui_extra/juce_gui_extra.h:127:6: warning: 'JUCE_DEBUG' is not defined, evaluates to 0 [-Wundef]
  127 |  #if JUCE_DEBUG && ! (JUCE_IOS || JUCE_ANDROID)
      |      ^
In file included from /Users/larryseyer/AudioDevelopment/OTTO/Source/UX/KeyboardHandler.cpp:1:
In file included from /Users/larryseyer/AudioDevelopment/OTTO/Source/UX/KeyboardHandler.h:2:
In file included from /Users/larryseyer/AudioDevelopment/OTTO/Builds/MacOSX/CMake-Release/OTTO_artefacts/JuceLibraryCode/JuceHeader.h:14:
In file included from /Users/larryseyer/AudioDevelopment/OTTO/JUCE/modules/juce_audio_plugin_client/juce_audio_plugin_client.h:65:
In file included from /Users/larryseyer/AudioDevelopment/OTTO/JUCE/modules/juce_audio_processors/juce_audio_processors.h:67:
In file included from /Users/larryseyer/AudioDevelopment/OTTO/JUCE/modules/juce_gui_extra/juce_gui_extra.h:141:
/Users/larryseyer/AudioDevelopment/OTTO/JUCE/modules/juce_gui_extra/embedding/juce_ActiveXControlComponent.h:38:5: warning: 'JUCE_WINDOWS' is not defined, evaluates to 0 [-Wundef]
   38 | #if JUCE_WINDOWS || DOXYGEN
      |     ^
/Users/larryseyer/AudioDevelopment/OTTO/JUCE/modules/juce_gui_extra/embedding/juce_ActiveXControlComponent.h:38:21: warning: 'DOXYGEN' is not defined, evaluates to 0 [-Wundef]
   38 | #if JUCE_WINDOWS || DOXYGEN
      |                     ^
In file included from /Users/larryseyer/AudioDevelopment/OTTO/Source/UX/KeyboardHandler.cpp:1:
In file included from /Users/larryseyer/AudioDevelopment/OTTO/Source/UX/KeyboardHandler.h:2:
In file included from /Users/larryseyer/AudioDevelopment/OTTO/Builds/MacOSX/CMake-Release/OTTO_artefacts/JuceLibraryCode/JuceHeader.h:14:
In file included from /Users/larryseyer/AudioDevelopment/OTTO/JUCE/modules/juce_audio_plugin_client/juce_audio_plugin_client.h:65:
In file included from /Users/larryseyer/AudioDevelopment/OTTO/JUCE/modules/juce_audio_processors/juce_audio_processors.h:67:
In file included from /Users/larryseyer/AudioDevelopment/OTTO/JUCE/modules/juce_gui_extra/juce_gui_extra.h:142:
/Users/larryseyer/AudioDevelopment/OTTO/JUCE/modules/juce_gui_extra/embedding/juce_AndroidViewComponent.h:38:5: warning: 'JUCE_ANDROID' is not defined, evaluates to 0 [-Wundef]
   38 | #if JUCE_ANDROID || DOXYGEN
      |     ^
/Users/larryseyer/AudioDevelopment/OTTO/JUCE/modules/juce_gui_extra/embedding/juce_AndroidViewComponent.h:38:21: warning: 'DOXYGEN' is not defined, evaluates to 0 [-Wundef]
   38 | #if JUCE_ANDROID || DOXYGEN
      |                     ^
In file included from /Users/larryseyer/AudioDevelopment/OTTO/Source/UX/KeyboardHandler.cpp:1:
In file included from /Users/larryseyer/AudioDevelopment/OTTO/Source/UX/KeyboardHandler.h:2:
In file included from /Users/larryseyer/AudioDevelopment/OTTO/Builds/MacOSX/CMake-Release/OTTO_artefacts/JuceLibraryCode/JuceHeader.h:14:
In file included from /Users/larryseyer/AudioDevelopment/OTTO/JUCE/modules/juce_audio_plugin_client/juce_audio_plugin_client.h:65:
In file included from /Users/larryseyer/AudioDevelopment/OTTO/JUCE/modules/juce_audio_processors/juce_audio_processors.h:67:
In file included from /Users/larryseyer/AudioDevelopment/OTTO/JUCE/modules/juce_gui_extra/juce_gui_extra.h:144:
/Users/larryseyer/AudioDevelopment/OTTO/JUCE/modules/juce_gui_extra/embedding/juce_UIViewComponent.h:38:5: warning: 'JUCE_IOS' is not defined, evaluates to 0 [-Wundef]
   38 | #if JUCE_IOS || DOXYGEN
      |     ^
/Users/larryseyer/AudioDevelopment/OTTO/JUCE/modules/juce_gui_extra/embedding/juce_UIViewComponent.h:38:17: warning: 'DOXYGEN' is not defined, evaluates to 0 [-Wundef]
   38 | #if JUCE_IOS || DOXYGEN
      |                 ^
In file included from /Users/larryseyer/AudioDevelopment/OTTO/Source/UX/KeyboardHandler.cpp:1:
In file included from /Users/larryseyer/AudioDevelopment/OTTO/Source/UX/KeyboardHandler.h:2:
In file included from /Users/larryseyer/AudioDevelopment/OTTO/Builds/MacOSX/CMake-Release/OTTO_artefacts/JuceLibraryCode/JuceHeader.h:14:
In file included from /Users/larryseyer/AudioDevelopment/OTTO/JUCE/modules/juce_audio_plugin_client/juce_audio_plugin_client.h:65:
In file included from /Users/larryseyer/AudioDevelopment/OTTO/JUCE/modules/juce_audio_processors/juce_audio_processors.h:67:
In file included from /Users/larryseyer/AudioDevelopment/OTTO/JUCE/modules/juce_gui_extra/juce_gui_extra.h:145:
/Users/larryseyer/AudioDevelopment/OTTO/JUCE/modules/juce_gui_extra/embedding/juce_XEmbedComponent.h:43:5: warning: 'JUCE_LINUX' is not defined, evaluates to 0 [-Wundef]
   43 | #if JUCE_LINUX || JUCE_BSD || DOXYGEN
      |     ^
/Users/larryseyer/AudioDevelopment/OTTO/JUCE/modules/juce_gui_extra/embedding/juce_XEmbedComponent.h:43:19: warning: 'JUCE_BSD' is not defined, evaluates to 0 [-Wundef]
   43 | #if JUCE_LINUX || JUCE_BSD || DOXYGEN
      |                   ^
/Users/larryseyer/AudioDevelopment/OTTO/JUCE/modules/juce_gui_extra/embedding/juce_XEmbedComponent.h:43:31: warning: 'DOXYGEN' is not defined, evaluates to 0 [-Wundef]
   43 | #if JUCE_LINUX || JUCE_BSD || DOXYGEN
      |                               ^
In file included from /Users/larryseyer/AudioDevelopment/OTTO/Source/UX/KeyboardHandler.cpp:1:
In file included from /Users/larryseyer/AudioDevelopment/OTTO/Source/UX/KeyboardHandler.h:2:
In file included from /Users/larryseyer/AudioDevelopment/OTTO/Builds/MacOSX/CMake-Release/OTTO_artefacts/JuceLibraryCode/JuceHeader.h:14:
In file included from /Users/larryseyer/AudioDevelopment/OTTO/JUCE/modules/juce_audio_plugin_client/juce_audio_plugin_client.h:65:
In file included from /Users/larryseyer/AudioDevelopment/OTTO/JUCE/modules/juce_audio_processors/juce_audio_processors.h:67:
In file included from /Users/larryseyer/AudioDevelopment/OTTO/JUCE/modules/juce_gui_extra/juce_gui_extra.h:146:
/Users/larryseyer/AudioDevelopment/OTTO/JUCE/modules/juce_gui_extra/embedding/juce_HWNDComponent.h:38:5: warning: 'JUCE_WINDOWS' is not defined, evaluates to 0 [-Wundef]
   38 | #if JUCE_WINDOWS || DOXYGEN
      |     ^
/Users/larryseyer/AudioDevelopment/OTTO/JUCE/modules/juce_gui_extra/embedding/juce_HWNDComponent.h:38:21: warning: 'DOXYGEN' is not defined, evaluates to 0 [-Wundef]
   38 | #if JUCE_WINDOWS || DOXYGEN
      |                     ^
In file included from /Users/larryseyer/AudioDevelopment/OTTO/Source/UX/KeyboardHandler.cpp:1:
In file included from /Users/larryseyer/AudioDevelopment/OTTO/Source/UX/KeyboardHandler.h:2:
In file included from /Users/larryseyer/AudioDevelopment/OTTO/Builds/MacOSX/CMake-Release/OTTO_artefacts/JuceLibraryCode/JuceHeader.h:14:
In file included from /Users/larryseyer/AudioDevelopment/OTTO/JUCE/modules/juce_audio_plugin_client/juce_audio_plugin_client.h:65:
In file included from /Users/larryseyer/AudioDevelopment/OTTO/JUCE/modules/juce_audio_processors/juce_audio_processors.h:67:
In file included from /Users/larryseyer/AudioDevelopment/OTTO/JUCE/modules/juce_gui_extra/juce_gui_extra.h:152:
/Users/larryseyer/AudioDevelopment/OTTO/JUCE/modules/juce_gui_extra/misc/juce_PushNotifications.h:699:8: warning: 'JUCE_ANDROID' is not defined, evaluates to 0 [-Wundef]
  699 |    #if JUCE_ANDROID
      |        ^
In file included from /Users/larryseyer/AudioDevelopment/OTTO/Source/UX/KeyboardHandler.cpp:1:
In file included from /Users/larryseyer/AudioDevelopment/OTTO/Source/UX/KeyboardHandler.h:2:
In file included from /Users/larryseyer/AudioDevelopment/OTTO/Builds/MacOSX/CMake-Release/OTTO_artefacts/JuceLibraryCode/JuceHeader.h:14:
In file included from /Users/larryseyer/AudioDevelopment/OTTO/JUCE/modules/juce_audio_plugin_client/juce_audio_plugin_client.h:65:
In file included from /Users/larryseyer/AudioDevelopment/OTTO/JUCE/modules/juce_audio_processors/juce_audio_processors.h:67:
In file included from /Users/larryseyer/AudioDevelopment/OTTO/JUCE/modules/juce_gui_extra/juce_gui_extra.h:155:
/Users/larryseyer/AudioDevelopment/OTTO/JUCE/modules/juce_gui_extra/misc/juce_SystemTrayIconComponent.h:38:5: warning: 'JUCE_WINDOWS' is not defined, evaluates to 0 [-Wundef]
   38 | #if JUCE_WINDOWS || JUCE_LINUX || JUCE_BSD || JUCE_MAC || DOXYGEN
      |     ^
/Users/larryseyer/AudioDevelopment/OTTO/JUCE/modules/juce_gui_extra/misc/juce_SystemTrayIconComponent.h:38:21: warning: 'JUCE_LINUX' is not defined, evaluates to 0 [-Wundef]
   38 | #if JUCE_WINDOWS || JUCE_LINUX || JUCE_BSD || JUCE_MAC || DOXYGEN
      |                     ^
/Users/larryseyer/AudioDevelopment/OTTO/JUCE/modules/juce_gui_extra/misc/juce_SystemTrayIconComponent.h:38:35: warning: 'JUCE_BSD' is not defined, evaluates to 0 [-Wundef]
   38 | #if JUCE_WINDOWS || JUCE_LINUX || JUCE_BSD || JUCE_MAC || DOXYGEN
      |                                   ^
/Users/larryseyer/AudioDevelopment/OTTO/JUCE/modules/juce_gui_extra/misc/juce_SystemTrayIconComponent.h:102:8: warning: 'JUCE_LINUX' is not defined, evaluates to 0 [-Wundef]
  102 |    #if JUCE_LINUX || JUCE_BSD
      |        ^
/Users/larryseyer/AudioDevelopment/OTTO/JUCE/modules/juce_gui_extra/misc/juce_SystemTrayIconComponent.h:102:22: warning: 'JUCE_BSD' is not defined, evaluates to 0 [-Wundef]
  102 |    #if JUCE_LINUX || JUCE_BSD
      |                      ^
In file included from /Users/larryseyer/AudioDevelopment/OTTO/Source/UX/KeyboardHandler.cpp:1:
In file included from /Users/larryseyer/AudioDevelopment/OTTO/Source/UX/KeyboardHandler.h:2:
In file included from /Users/larryseyer/AudioDevelopment/OTTO/Builds/MacOSX/CMake-Release/OTTO_artefacts/JuceLibraryCode/JuceHeader.h:14:
In file included from /Users/larryseyer/AudioDevelopment/OTTO/JUCE/modules/juce_audio_plugin_client/juce_audio_plugin_client.h:65:
In file included from /Users/larryseyer/AudioDevelopment/OTTO/JUCE/modules/juce_audio_processors/juce_audio_processors.h:67:
In file included from /Users/larryseyer/AudioDevelopment/OTTO/JUCE/modules/juce_gui_extra/juce_gui_extra.h:156:
/Users/larryseyer/AudioDevelopment/OTTO/JUCE/modules/juce_gui_extra/misc/juce_WebBrowserComponent.h:38:25: warning: 'DOXYGEN' is not defined, evaluates to 0 [-Wundef]
   38 | #if JUCE_WEB_BROWSER || DOXYGEN
      |                         ^
In file included from /Users/larryseyer/AudioDevelopment/OTTO/Source/UX/KeyboardHandler.cpp:1:
In file included from /Users/larryseyer/AudioDevelopment/OTTO/Source/UX/KeyboardHandler.h:2:
In file included from /Users/larryseyer/AudioDevelopment/OTTO/Builds/MacOSX/CMake-Release/OTTO_artefacts/JuceLibraryCode/JuceHeader.h:14:
In file included from /Users/larryseyer/AudioDevelopment/OTTO/JUCE/modules/juce_audio_plugin_client/juce_audio_plugin_client.h:65:
In file included from /Users/larryseyer/AudioDevelopment/OTTO/JUCE/modules/juce_audio_processors/juce_audio_processors.h:67:
In file included from /Users/larryseyer/AudioDevelopment/OTTO/JUCE/modules/juce_gui_extra/juce_gui_extra.h:157:
/Users/larryseyer/AudioDevelopment/OTTO/JUCE/modules/juce_gui_extra/misc/juce_LiveConstantEditor.h:35:5: warning: 'JUCE_ENABLE_LIVE_CONSTANT_EDITOR' is not defined, evaluates to 0 [-Wundef]
   35 | #if JUCE_ENABLE_LIVE_CONSTANT_EDITOR && ! defined (DOXYGEN)
      |     ^
/Users/larryseyer/AudioDevelopment/OTTO/JUCE/modules/juce_gui_extra/misc/juce_LiveConstantEditor.h:258:5: warning: 'JUCE_ENABLE_LIVE_CONSTANT_EDITOR' is not defined, evaluates to 0 [-Wundef]
  258 | #if JUCE_ENABLE_LIVE_CONSTANT_EDITOR || DOXYGEN
      |     ^
/Users/larryseyer/AudioDevelopment/OTTO/JUCE/modules/juce_gui_extra/misc/juce_LiveConstantEditor.h:258:41: warning: 'DOXYGEN' is not defined, evaluates to 0 [-Wundef]
  258 | #if JUCE_ENABLE_LIVE_CONSTANT_EDITOR || DOXYGEN
      |                                         ^
In file included from /Users/larryseyer/AudioDevelopment/OTTO/Source/UX/KeyboardHandler.cpp:1:
In file included from /Users/larryseyer/AudioDevelopment/OTTO/Source/UX/KeyboardHandler.h:2:
In file included from /Users/larryseyer/AudioDevelopment/OTTO/Builds/MacOSX/CMake-Release/OTTO_artefacts/JuceLibraryCode/JuceHeader.h:14:
In file included from /Users/larryseyer/AudioDevelopment/OTTO/JUCE/modules/juce_audio_plugin_client/juce_audio_plugin_client.h:65:
In file included from /Users/larryseyer/AudioDevelopment/OTTO/JUCE/modules/juce_audio_processors/juce_audio_processors.h:67:
In file included from /Users/larryseyer/AudioDevelopment/OTTO/JUCE/modules/juce_gui_extra/juce_gui_extra.h:159:
/Users/larryseyer/AudioDevelopment/OTTO/JUCE/modules/juce_gui_extra/detail/juce_WebControlRelayEvents.h:38:25: warning: 'DOXYGEN' is not defined, evaluates to 0 [-Wundef]
   38 | #if JUCE_WEB_BROWSER || DOXYGEN
      |                         ^
In file included from /Users/larryseyer/AudioDevelopment/OTTO/Source/UX/KeyboardHandler.cpp:1:
In file included from /Users/larryseyer/AudioDevelopment/OTTO/Source/UX/KeyboardHandler.h:2:
In file included from /Users/larryseyer/AudioDevelopment/OTTO/Builds/MacOSX/CMake-Release/OTTO_artefacts/JuceLibraryCode/JuceHeader.h:14:
In file included from /Users/larryseyer/AudioDevelopment/OTTO/JUCE/modules/juce_audio_plugin_client/juce_audio_plugin_client.h:65:
In file included from /Users/larryseyer/AudioDevelopment/OTTO/JUCE/modules/juce_audio_processors/juce_audio_processors.h:67:
In file included from /Users/larryseyer/AudioDevelopment/OTTO/JUCE/modules/juce_gui_extra/juce_gui_extra.h:160:
/Users/larryseyer/AudioDevelopment/OTTO/JUCE/modules/juce_gui_extra/misc/juce_WebControlRelays.h:38:25: warning: 'DOXYGEN' is not defined, evaluates to 0 [-Wundef]
   38 | #if JUCE_WEB_BROWSER || DOXYGEN
      |                         ^
In file included from /Users/larryseyer/AudioDevelopment/OTTO/Source/UX/KeyboardHandler.cpp:1:
In file included from /Users/larryseyer/AudioDevelopment/OTTO/Source/UX/KeyboardHandler.h:2:
In file included from /Users/larryseyer/AudioDevelopment/OTTO/Builds/MacOSX/CMake-Release/OTTO_artefacts/JuceLibraryCode/JuceHeader.h:14:
In file included from /Users/larryseyer/AudioDevelopment/OTTO/JUCE/modules/juce_audio_plugin_client/juce_audio_plugin_client.h:65:
In file included from /Users/larryseyer/AudioDevelopment/OTTO/JUCE/modules/juce_audio_processors/juce_audio_processors.h:67:
In file included from /Users/larryseyer/AudioDevelopment/OTTO/JUCE/modules/juce_gui_extra/juce_gui_extra.h:161:
/Users/larryseyer/AudioDevelopment/OTTO/JUCE/modules/juce_gui_extra/misc/juce_WebControlParameterIndexReceiver.h:38:25: warning: 'DOXYGEN' is not defined, evaluates to 0 [-Wundef]
   38 | #if JUCE_WEB_BROWSER || DOXYGEN
      |                         ^
In file included from /Users/larryseyer/AudioDevelopment/OTTO/Source/UX/KeyboardHandler.cpp:1:
In file included from /Users/larryseyer/AudioDevelopment/OTTO/Source/UX/KeyboardHandler.h:2:
In file included from /Users/larryseyer/AudioDevelopment/OTTO/Builds/MacOSX/CMake-Release/OTTO_artefacts/JuceLibraryCode/JuceHeader.h:14:
In file included from /Users/larryseyer/AudioDevelopment/OTTO/JUCE/modules/juce_audio_plugin_client/juce_audio_plugin_client.h:65:
In file included from /Users/larryseyer/AudioDevelopment/OTTO/JUCE/modules/juce_audio_processors/juce_audio_processors.h:148:
/Users/larryseyer/AudioDevelopment/OTTO/JUCE/modules/juce_audio_processors/processors/juce_AudioProcessorParameter.h:363:8: warning: 'JUCE_DEBUG' is not defined, evaluates to 0 [-Wundef]
  363 |    #if JUCE_DEBUG
      |        ^
In file included from /Users/larryseyer/AudioDevelopment/OTTO/Source/UX/KeyboardHandler.cpp:1:
In file included from /Users/larryseyer/AudioDevelopment/OTTO/Source/UX/KeyboardHandler.h:2:
In file included from /Users/larryseyer/AudioDevelopment/OTTO/Builds/MacOSX/CMake-Release/OTTO_artefacts/JuceLibraryCode/JuceHeader.h:14:
In file included from /Users/larryseyer/AudioDevelopment/OTTO/JUCE/modules/juce_audio_plugin_client/juce_audio_plugin_client.h:65:
In file included from /Users/larryseyer/AudioDevelopment/OTTO/JUCE/modules/juce_audio_processors/juce_audio_processors.h:154:
/Users/larryseyer/AudioDevelopment/OTTO/JUCE/modules/juce_audio_processors/processors/juce_AudioProcessor.h:1599:7: warning: 'JUCE_DEBUG' is not defined, evaluates to 0 [-Wundef]
 1599 |   #if JUCE_DEBUG
      |       ^
In file included from /Users/larryseyer/AudioDevelopment/OTTO/Source/UX/KeyboardHandler.cpp:1:
In file included from /Users/larryseyer/AudioDevelopment/OTTO/Source/UX/KeyboardHandler.h:2:
In file included from /Users/larryseyer/AudioDevelopment/OTTO/Builds/MacOSX/CMake-Release/OTTO_artefacts/JuceLibraryCode/JuceHeader.h:14:
In file included from /Users/larryseyer/AudioDevelopment/OTTO/JUCE/modules/juce_audio_plugin_client/juce_audio_plugin_client.h:65:
In file included from /Users/larryseyer/AudioDevelopment/OTTO/JUCE/modules/juce_audio_processors/juce_audio_processors.h:162:
/Users/larryseyer/AudioDevelopment/OTTO/JUCE/modules/juce_audio_processors/format_types/juce_AudioUnitPluginFormat.h:38:55: warning: 'DOXYGEN' is not defined, evaluates to 0 [-Wundef]
   38 | #if (JUCE_PLUGINHOST_AU && (JUCE_MAC || JUCE_IOS)) || DOXYGEN
      |                                                       ^
In file included from /Users/larryseyer/AudioDevelopment/OTTO/Source/UX/KeyboardHandler.cpp:1:
In file included from /Users/larryseyer/AudioDevelopment/OTTO/Source/UX/KeyboardHandler.h:2:
In file included from /Users/larryseyer/AudioDevelopment/OTTO/Builds/MacOSX/CMake-Release/OTTO_artefacts/JuceLibraryCode/JuceHeader.h:14:
In file included from /Users/larryseyer/AudioDevelopment/OTTO/JUCE/modules/juce_audio_plugin_client/juce_audio_plugin_client.h:65:
In file included from /Users/larryseyer/AudioDevelopment/OTTO/JUCE/modules/juce_audio_processors/juce_audio_processors.h:163:
/Users/larryseyer/AudioDevelopment/OTTO/JUCE/modules/juce_audio_processors/format_types/juce_LADSPAPluginFormat.h:38:61: warning: 'DOXYGEN' is not defined, evaluates to 0 [-Wundef]
   38 | #if (JUCE_PLUGINHOST_LADSPA && (JUCE_LINUX || JUCE_BSD)) || DOXYGEN
      |                                                             ^
In file included from /Users/larryseyer/AudioDevelopment/OTTO/Source/UX/KeyboardHandler.cpp:1:
In file included from /Users/larryseyer/AudioDevelopment/OTTO/Source/UX/KeyboardHandler.h:2:
In file included from /Users/larryseyer/AudioDevelopment/OTTO/Builds/MacOSX/CMake-Release/OTTO_artefacts/JuceLibraryCode/JuceHeader.h:14:
In file included from /Users/larryseyer/AudioDevelopment/OTTO/JUCE/modules/juce_audio_plugin_client/juce_audio_plugin_client.h:65:
In file included from /Users/larryseyer/AudioDevelopment/OTTO/JUCE/modules/juce_audio_processors/juce_audio_processors.h:164:
/Users/larryseyer/AudioDevelopment/OTTO/JUCE/modules/juce_audio_processors/format_types/juce_LV2PluginFormat.h:38:64: warning: 'DOXYGEN' is not defined, evaluates to 0 [-Wundef]
   38 | #if (JUCE_PLUGINHOST_LV2 && (! (JUCE_ANDROID || JUCE_IOS))) || DOXYGEN
      |                                                                ^
In file included from /Users/larryseyer/AudioDevelopment/OTTO/Source/UX/KeyboardHandler.cpp:1:
In file included from /Users/larryseyer/AudioDevelopment/OTTO/Source/UX/KeyboardHandler.h:2:
In file included from /Users/larryseyer/AudioDevelopment/OTTO/Builds/MacOSX/CMake-Release/OTTO_artefacts/JuceLibraryCode/JuceHeader.h:14:
In file included from /Users/larryseyer/AudioDevelopment/OTTO/JUCE/modules/juce_audio_plugin_client/juce_audio_plugin_client.h:65:
In file included from /Users/larryseyer/AudioDevelopment/OTTO/JUCE/modules/juce_audio_processors/juce_audio_processors.h:165:
/Users/larryseyer/AudioDevelopment/OTTO/JUCE/modules/juce_audio_processors/format_types/juce_VST3PluginFormat.h:38:87: warning: 'DOXYGEN' is not defined, evaluates to 0 [-Wundef]
   38 | #if (JUCE_PLUGINHOST_VST3 && (JUCE_MAC || JUCE_WINDOWS || JUCE_LINUX || JUCE_BSD)) || DOXYGEN
      |                                                                                       ^
In file included from /Users/larryseyer/AudioDevelopment/OTTO/Source/UX/KeyboardHandler.cpp:1:
In file included from /Users/larryseyer/AudioDevelopment/OTTO/Source/UX/KeyboardHandler.h:2:
In file included from /Users/larryseyer/AudioDevelopment/OTTO/Builds/MacOSX/CMake-Release/OTTO_artefacts/JuceLibraryCode/JuceHeader.h:14:
In file included from /Users/larryseyer/AudioDevelopment/OTTO/JUCE/modules/juce_audio_plugin_client/juce_audio_plugin_client.h:65:
In file included from /Users/larryseyer/AudioDevelopment/OTTO/JUCE/modules/juce_audio_processors/juce_audio_processors.h:167:
/Users/larryseyer/AudioDevelopment/OTTO/JUCE/modules/juce_audio_processors/format_types/juce_VSTPluginFormat.h:35:29: warning: 'DOXYGEN' is not defined, evaluates to 0 [-Wundef]
   35 | #if (JUCE_PLUGINHOST_VST || DOXYGEN)
      |                             ^
In file included from /Users/larryseyer/AudioDevelopment/OTTO/Source/UX/KeyboardHandler.cpp:1:
In file included from /Users/larryseyer/AudioDevelopment/OTTO/Source/UX/KeyboardHandler.h:2:
In file included from /Users/larryseyer/AudioDevelopment/OTTO/Builds/MacOSX/CMake-Release/OTTO_artefacts/JuceLibraryCode/JuceHeader.h:14:
In file included from /Users/larryseyer/AudioDevelopment/OTTO/JUCE/modules/juce_audio_plugin_client/juce_audio_plugin_client.h:65:
In file included from /Users/larryseyer/AudioDevelopment/OTTO/JUCE/modules/juce_audio_processors/juce_audio_processors.h:168:
/Users/larryseyer/AudioDevelopment/OTTO/JUCE/modules/juce_audio_processors/format_types/juce_ARAHosting.h:37:122: warning: 'DOXYGEN' is not defined, evaluates to 0 [-Wundef]
   37 | #if (JUCE_PLUGINHOST_ARA && (JUCE_PLUGINHOST_VST3 || JUCE_PLUGINHOST_AU) && (JUCE_MAC || JUCE_WINDOWS || JUCE_LINUX)) || DOXYGEN
      |                                                                                                                          ^
In file included from /Users/larryseyer/AudioDevelopment/OTTO/Source/UX/KeyboardHandler.cpp:1:
In file included from /Users/larryseyer/AudioDevelopment/OTTO/Source/UX/KeyboardHandler.h:2:
In file included from /Users/larryseyer/AudioDevelopment/OTTO/Builds/MacOSX/CMake-Release/OTTO_artefacts/JuceLibraryCode/JuceHeader.h:14:
In file included from /Users/larryseyer/AudioDevelopment/OTTO/JUCE/modules/juce_audio_plugin_client/juce_audio_plugin_client.h:65:
In file included from /Users/larryseyer/AudioDevelopment/OTTO/JUCE/modules/juce_audio_processors/juce_audio_processors.h:177:
/Users/larryseyer/AudioDevelopment/OTTO/JUCE/modules/juce_audio_processors/utilities/juce_ParameterAttachments.h:260:25: warning: 'DOXYGEN' is not defined, evaluates to 0 [-Wundef]
  260 | #if JUCE_WEB_BROWSER || DOXYGEN
      |                         ^
In file included from /Users/larryseyer/AudioDevelopment/OTTO/Source/UX/KeyboardHandler.cpp:1:
In file included from /Users/larryseyer/AudioDevelopment/OTTO/Source/UX/KeyboardHandler.h:2:
In file included from /Users/larryseyer/AudioDevelopment/OTTO/Builds/MacOSX/CMake-Release/OTTO_artefacts/JuceLibraryCode/JuceHeader.h:14:
In file included from /Users/larryseyer/AudioDevelopment/OTTO/JUCE/modules/juce_audio_plugin_client/juce_audio_plugin_client.h:65:
In file included from /Users/larryseyer/AudioDevelopment/OTTO/JUCE/modules/juce_audio_processors/juce_audio_processors.h:178:
/Users/larryseyer/AudioDevelopment/OTTO/JUCE/modules/juce_audio_processors/utilities/juce_AudioProcessorValueTreeState.h:639:8: warning: 'JUCE_UNIT_TESTS' is not defined, evaluates to 0 [-Wundef]
  639 |    #if JUCE_UNIT_TESTS
      |        ^
In file included from /Users/larryseyer/AudioDevelopment/OTTO/Source/UX/KeyboardHandler.cpp:1:
In file included from /Users/larryseyer/AudioDevelopment/OTTO/Source/UX/KeyboardHandler.h:2:
In file included from /Users/larryseyer/AudioDevelopment/OTTO/Builds/MacOSX/CMake-Release/OTTO_artefacts/JuceLibraryCode/JuceHeader.h:23:
In file included from /Users/larryseyer/AudioDevelopment/OTTO/JUCE/modules/juce_audio_devices/juce_audio_devices.h:174:
/Users/larryseyer/AudioDevelopment/OTTO/JUCE/modules/juce_audio_devices/midi_io/juce_MidiDevices.h:205:8: warning: 'JUCE_LINUX' is not defined, evaluates to 0 [-Wundef]
  205 |    #if JUCE_LINUX || JUCE_BSD || JUCE_MAC || JUCE_IOS || DOXYGEN
      |        ^
/Users/larryseyer/AudioDevelopment/OTTO/JUCE/modules/juce_audio_devices/midi_io/juce_MidiDevices.h:205:22: warning: 'JUCE_BSD' is not defined, evaluates to 0 [-Wundef]
  205 |    #if JUCE_LINUX || JUCE_BSD || JUCE_MAC || JUCE_IOS || DOXYGEN
      |                      ^
/Users/larryseyer/AudioDevelopment/OTTO/JUCE/modules/juce_audio_devices/midi_io/juce_MidiDevices.h:364:8: warning: 'JUCE_LINUX' is not defined, evaluates to 0 [-Wundef]
  364 |    #if JUCE_LINUX || JUCE_BSD || JUCE_MAC || JUCE_IOS || DOXYGEN
      |        ^
/Users/larryseyer/AudioDevelopment/OTTO/JUCE/modules/juce_audio_devices/midi_io/juce_MidiDevices.h:364:22: warning: 'JUCE_BSD' is not defined, evaluates to 0 [-Wundef]
  364 |    #if JUCE_LINUX || JUCE_BSD || JUCE_MAC || JUCE_IOS || DOXYGEN
      |                      ^
In file included from /Users/larryseyer/AudioDevelopment/OTTO/Source/UX/KeyboardHandler.cpp:1:
In file included from /Users/larryseyer/AudioDevelopment/OTTO/Source/UX/KeyboardHandler.h:2:
In file included from /Users/larryseyer/AudioDevelopment/OTTO/Builds/MacOSX/CMake-Release/OTTO_artefacts/JuceLibraryCode/JuceHeader.h:23:
In file included from /Users/larryseyer/AudioDevelopment/OTTO/JUCE/modules/juce_audio_devices/juce_audio_devices.h:175:
/Users/larryseyer/AudioDevelopment/OTTO/JUCE/modules/juce_audio_devices/midi_io/juce_MidiMessageCollector.h:118:8: warning: 'JUCE_DEBUG' is not defined, evaluates to 0 [-Wundef]
  118 |    #if JUCE_DEBUG
      |        ^
In file included from /Users/larryseyer/AudioDevelopment/OTTO/Source/UX/KeyboardHandler.cpp:1:
In file included from /Users/larryseyer/AudioDevelopment/OTTO/Source/UX/KeyboardHandler.h:2:
In file included from /Users/larryseyer/AudioDevelopment/OTTO/Builds/MacOSX/CMake-Release/OTTO_artefacts/JuceLibraryCode/JuceHeader.h:23:
/Users/larryseyer/AudioDevelopment/OTTO/JUCE/modules/juce_audio_devices/juce_audio_devices.h:199:5: warning: 'JUCE_IOS' is not defined, evaluates to 0 [-Wundef]
  199 | #if JUCE_IOS
      |     ^
In file included from /Users/larryseyer/AudioDevelopment/OTTO/Source/UX/KeyboardHandler.cpp:1:
In file included from /Users/larryseyer/AudioDevelopment/OTTO/Source/UX/KeyboardHandler.h:2:
In file included from /Users/larryseyer/AudioDevelopment/OTTO/Builds/MacOSX/CMake-Release/OTTO_artefacts/JuceLibraryCode/JuceHeader.h:24:
/Users/larryseyer/AudioDevelopment/OTTO/JUCE/modules/juce_audio_formats/juce_audio_formats.h:117:7: warning: 'JUCE_WINDOWS' is not defined, evaluates to 0 [-Wundef]
  117 | #if ! JUCE_WINDOWS
      |       ^
In file included from /Users/larryseyer/AudioDevelopment/OTTO/Source/UX/KeyboardHandler.cpp:1:
In file included from /Users/larryseyer/AudioDevelopment/OTTO/Source/UX/KeyboardHandler.h:2:
In file included from /Users/larryseyer/AudioDevelopment/OTTO/Builds/MacOSX/CMake-Release/OTTO_artefacts/JuceLibraryCode/JuceHeader.h:24:
In file included from /Users/larryseyer/AudioDevelopment/OTTO/JUCE/modules/juce_audio_formats/juce_audio_formats.h:134:
/Users/larryseyer/AudioDevelopment/OTTO/JUCE/modules/juce_audio_formats/codecs/juce_LAMEEncoderAudioFormat.h:38:35: warning: 'DOXYGEN' is not defined, evaluates to 0 [-Wundef]
   38 | #if JUCE_USE_LAME_AUDIO_FORMAT || DOXYGEN
      |                                   ^
In file included from /Users/larryseyer/AudioDevelopment/OTTO/Source/UX/KeyboardHandler.cpp:1:
In file included from /Users/larryseyer/AudioDevelopment/OTTO/Source/UX/KeyboardHandler.h:2:
In file included from /Users/larryseyer/AudioDevelopment/OTTO/Builds/MacOSX/CMake-Release/OTTO_artefacts/JuceLibraryCode/JuceHeader.h:24:
In file included from /Users/larryseyer/AudioDevelopment/OTTO/JUCE/modules/juce_audio_formats/juce_audio_formats.h:135:
/Users/larryseyer/AudioDevelopment/OTTO/JUCE/modules/juce_audio_formats/codecs/juce_MP3AudioFormat.h:38:32: warning: 'DOXYGEN' is not defined, evaluates to 0 [-Wundef]
   38 | #if JUCE_USE_MP3AUDIOFORMAT || DOXYGEN
      |                                ^
In file included from /Users/larryseyer/AudioDevelopment/OTTO/Source/UX/KeyboardHandler.cpp:1:
In file included from /Users/larryseyer/AudioDevelopment/OTTO/Source/UX/KeyboardHandler.h:2:
In file included from /Users/larryseyer/AudioDevelopment/OTTO/Builds/MacOSX/CMake-Release/OTTO_artefacts/JuceLibraryCode/JuceHeader.h:24:
In file included from /Users/larryseyer/AudioDevelopment/OTTO/JUCE/modules/juce_audio_formats/juce_audio_formats.h:138:
/Users/larryseyer/AudioDevelopment/OTTO/JUCE/modules/juce_audio_formats/codecs/juce_WindowsMediaAudioFormat.h:38:5: warning: 'JUCE_WINDOWS' is not defined, evaluates to 0 [-Wundef]
   38 | #if JUCE_WINDOWS || DOXYGEN
      |     ^
/Users/larryseyer/AudioDevelopment/OTTO/JUCE/modules/juce_audio_formats/codecs/juce_WindowsMediaAudioFormat.h:38:21: warning: 'DOXYGEN' is not defined, evaluates to 0 [-Wundef]
   38 | #if JUCE_WINDOWS || DOXYGEN
      |                     ^
In file included from /Users/larryseyer/AudioDevelopment/OTTO/Source/UX/KeyboardHandler.cpp:1:
In file included from /Users/larryseyer/AudioDevelopment/OTTO/Source/UX/KeyboardHandler.h:2:
In file included from /Users/larryseyer/AudioDevelopment/OTTO/Builds/MacOSX/CMake-Release/OTTO_artefacts/JuceLibraryCode/JuceHeader.h:25:
In file included from /Users/larryseyer/AudioDevelopment/OTTO/JUCE/modules/juce_audio_utils/juce_audio_utils.h:99:
/Users/larryseyer/AudioDevelopment/OTTO/JUCE/modules/juce_audio_utils/audio_cd/juce_AudioCDBurner.h:38:26: warning: 'DOXYGEN' is not defined, evaluates to 0 [-Wundef]
   38 | #if JUCE_USE_CDBURNER || DOXYGEN
      |                          ^
In file included from /Users/larryseyer/AudioDevelopment/OTTO/Source/UX/KeyboardHandler.cpp:1:
In file included from /Users/larryseyer/AudioDevelopment/OTTO/Source/UX/KeyboardHandler.h:2:
In file included from /Users/larryseyer/AudioDevelopment/OTTO/Builds/MacOSX/CMake-Release/OTTO_artefacts/JuceLibraryCode/JuceHeader.h:25:
In file included from /Users/larryseyer/AudioDevelopment/OTTO/JUCE/modules/juce_audio_utils/juce_audio_utils.h:100:
/Users/larryseyer/AudioDevelopment/OTTO/JUCE/modules/juce_audio_utils/audio_cd/juce_AudioCDReader.h:38:26: warning: 'DOXYGEN' is not defined, evaluates to 0 [-Wundef]
   38 | #if JUCE_USE_CDREADER || DOXYGEN
      |                          ^
In file included from /Users/larryseyer/AudioDevelopment/OTTO/Source/UX/KeyboardHandler.cpp:1:
In file included from /Users/larryseyer/AudioDevelopment/OTTO/Source/UX/KeyboardHandler.h:2:
In file included from /Users/larryseyer/AudioDevelopment/OTTO/Builds/MacOSX/CMake-Release/OTTO_artefacts/JuceLibraryCode/JuceHeader.h:26:
/Users/larryseyer/AudioDevelopment/OTTO/JUCE/modules/juce_dsp/juce_dsp.h:69:5: warning: 'JUCE_INTEL' is not defined, evaluates to 0 [-Wundef]
   69 | #if JUCE_INTEL
      |     ^
/Users/larryseyer/AudioDevelopment/OTTO/JUCE/modules/juce_dsp/juce_dsp.h:95:20: warning: 'JUCE_WINDOWS' is not defined, evaluates to 0 [-Wundef]
   95 |  #if JUCE_64BIT && JUCE_WINDOWS
      |                    ^
/Users/larryseyer/AudioDevelopment/OTTO/JUCE/modules/juce_dsp/juce_dsp.h:113:6: warning: '_MSC_VER' is not defined, evaluates to 0 [-Wundef]
  113 |  #if _MSC_VER && JUCE_USE_SIMD && ! (defined (_M_X64) || defined (__amd64__))
      |      ^
/Users/larryseyer/AudioDevelopment/OTTO/JUCE/modules/juce_dsp/juce_dsp.h:242:6: warning: 'JUCE_INTEL' is not defined, evaluates to 0 [-Wundef]
  242 |  #if JUCE_INTEL
      |      ^
In file included from /Users/larryseyer/AudioDevelopment/OTTO/Source/UX/KeyboardHandler.cpp:1:
In file included from /Users/larryseyer/AudioDevelopment/OTTO/Source/UX/KeyboardHandler.h:2:
In file included from /Users/larryseyer/AudioDevelopment/OTTO/Builds/MacOSX/CMake-Release/OTTO_artefacts/JuceLibraryCode/JuceHeader.h:27:
/Users/larryseyer/AudioDevelopment/OTTO/JUCE/modules/juce_opengl/juce_opengl.h:72:5: warning: 'JUCE_IOS' is not defined, evaluates to 0 [-Wundef]
   72 | #if JUCE_IOS || JUCE_ANDROID
      |     ^
/Users/larryseyer/AudioDevelopment/OTTO/JUCE/modules/juce_opengl/juce_opengl.h:72:17: warning: 'JUCE_ANDROID' is not defined, evaluates to 0 [-Wundef]
   72 | #if JUCE_IOS || JUCE_ANDROID
      |                 ^
/Users/larryseyer/AudioDevelopment/OTTO/JUCE/modules/juce_opengl/juce_opengl.h:82:5: warning: 'JUCE_OPENGL_ES' is not defined, evaluates to 0 [-Wundef]
   82 | #if JUCE_OPENGL_ES || DOXYGEN
      |     ^
/Users/larryseyer/AudioDevelopment/OTTO/JUCE/modules/juce_opengl/juce_opengl.h:82:23: warning: 'DOXYGEN' is not defined, evaluates to 0 [-Wundef]
   82 | #if JUCE_OPENGL_ES || DOXYGEN
      |                       ^
In file included from /Users/larryseyer/AudioDevelopment/OTTO/Source/UX/KeyboardHandler.cpp:1:
In file included from /Users/larryseyer/AudioDevelopment/OTTO/Source/UX/KeyboardHandler.h:2:
In file included from /Users/larryseyer/AudioDevelopment/OTTO/Builds/MacOSX/CMake-Release/OTTO_artefacts/JuceLibraryCode/JuceHeader.h:27:
In file included from /Users/larryseyer/AudioDevelopment/OTTO/JUCE/modules/juce_opengl/juce_opengl.h:120:
/Users/larryseyer/AudioDevelopment/OTTO/JUCE/modules/juce_opengl/native/juce_OpenGLExtensions.h:127:8: warning: 'JUCE_WINDOWS' is not defined, evaluates to 0 [-Wundef]
  127 |    #if JUCE_WINDOWS && ! defined (DOXYGEN)
      |        ^
/Users/larryseyer/AudioDevelopment/OTTO/JUCE/modules/juce_opengl/native/juce_OpenGLExtensions.h:142:8: warning: 'JUCE_ANDROID' is not defined, evaluates to 0 [-Wundef]
  142 |    #if JUCE_ANDROID
      |        ^
In file included from /Users/larryseyer/AudioDevelopment/OTTO/Source/UX/KeyboardHandler.cpp:1:
In file included from /Users/larryseyer/AudioDevelopment/OTTO/Source/UX/KeyboardHandler.h:2:
/Users/larryseyer/AudioDevelopment/OTTO/Builds/MacOSX/CMake-Release/OTTO_artefacts/JuceLibraryCode/JuceHeader.h:34:7: warning: 'DONT_SET_USING_JUCE_NAMESPACE' is not defined, evaluates to 0 [-Wundef]
   34 | #if ! DONT_SET_USING_JUCE_NAMESPACE
      |       ^
In file included from /Users/larryseyer/AudioDevelopment/OTTO/Source/UX/KeyboardHandler.cpp:1:
In file included from /Users/larryseyer/AudioDevelopment/OTTO/Source/UX/KeyboardHandler.h:3:
In file included from /Users/larryseyer/AudioDevelopment/OTTO/Source/UX/../UtilityComponents.h:5:
/Users/larryseyer/AudioDevelopment/OTTO/Source/UX/../ColorScheme.h:104:55: warning: unused parameter 'newThemeName' [-Wunused-parameter]
  104 |         virtual void themeChanged(const juce::String& newThemeName) {}
      |                                                       ^
/Users/larryseyer/AudioDevelopment/OTTO/Source/UX/../ColorScheme.h:105:55: warning: unused parameter 'component' [-Wunused-parameter]
  105 |         virtual void colorChanged(const juce::String& component, const juce::String& property, const juce::Colour& newColor) {}
      |                                                       ^
/Users/larryseyer/AudioDevelopment/OTTO/Source/UX/../ColorScheme.h:105:86: warning: unused parameter 'property' [-Wunused-parameter]
  105 |         virtual void colorChanged(const juce::String& component, const juce::String& property, const juce::Colour& newColor) {}
      |                                                                                      ^
/Users/larryseyer/AudioDevelopment/OTTO/Source/UX/../ColorScheme.h:105:116: warning: unused parameter 'newColor' [-Wunused-parameter]
  105 |         virtual void colorChanged(const juce::String& component, const juce::String& property, const juce::Colour& newColor) {}
      |                                                                                                                    ^
In file included from /Users/larryseyer/AudioDevelopment/OTTO/Source/UX/KeyboardHandler.cpp:1:
In file included from /Users/larryseyer/AudioDevelopment/OTTO/Source/UX/KeyboardHandler.h:2:
In file included from /Users/larryseyer/AudioDevelopment/OTTO/Builds/MacOSX/CMake-Release/OTTO_artefacts/JuceLibraryCode/JuceHeader.h:14:
In file included from /Users/larryseyer/AudioDevelopment/OTTO/JUCE/modules/juce_audio_plugin_client/juce_audio_plugin_client.h:63:
In file included from /Users/larryseyer/AudioDevelopment/OTTO/JUCE/modules/juce_gui_basics/juce_gui_basics.h:68:
In file included from /Users/larryseyer/AudioDevelopment/OTTO/JUCE/modules/juce_graphics/juce_graphics.h:116:
/Users/larryseyer/AudioDevelopment/OTTO/JUCE/modules/juce_graphics/geometry/juce_Line.h:242:81: warning: implicit conversion increases floating-point precision: 'float' to 'double' [-Wdouble-promotion]
  242 |                  start.y + static_cast<ValueType> ((delta.y * distanceFromStart + delta.x * perpendicularDistance) / length) };
      |                                                     ~~~~~~~~~~~~~~~~~~~~~~~~~~~~^~~~~~~~~~~~~~~~~~~~~~~~~~~~~~~~~  ~
In file included from /Users/larryseyer/AudioDevelopment/OTTO/Source/UX/KeyboardHandler.cpp:1:
In file included from /Users/larryseyer/AudioDevelopment/OTTO/Source/UX/KeyboardHandler.h:2:
In file included from /Users/larryseyer/AudioDevelopment/OTTO/Builds/MacOSX/CMake-Release/OTTO_artefacts/JuceLibraryCode/JuceHeader.h:14:
In file included from /Users/larryseyer/AudioDevelopment/OTTO/JUCE/modules/juce_audio_plugin_client/juce_audio_plugin_client.h:63:
In file included from /Users/larryseyer/AudioDevelopment/OTTO/JUCE/modules/juce_gui_basics/juce_gui_basics.h:68:
In file included from /Users/larryseyer/AudioDevelopment/OTTO/JUCE/modules/juce_graphics/juce_graphics.h:150:
/Users/larryseyer/AudioDevelopment/OTTO/JUCE/modules/juce_graphics/native/juce_RenderingHelpers.h:343:64: note: in instantiation of member function 'juce::Line<float>::getPointAlongLine' requested here
  343 |     const Line perpendicularThroughPoint { point, point + line.getPointAlongLine (0.0f, 1.0f) - line.getStart() };
      |                                                                ^
In file included from /Users/larryseyer/AudioDevelopment/OTTO/Source/UX/KeyboardHandler.cpp:1:
In file included from /Users/larryseyer/AudioDevelopment/OTTO/Source/UX/KeyboardHandler.h:2:
In file included from /Users/larryseyer/AudioDevelopment/OTTO/Builds/MacOSX/CMake-Release/OTTO_artefacts/JuceLibraryCode/JuceHeader.h:14:
In file included from /Users/larryseyer/AudioDevelopment/OTTO/JUCE/modules/juce_audio_plugin_client/juce_audio_plugin_client.h:63:
In file included from /Users/larryseyer/AudioDevelopment/OTTO/JUCE/modules/juce_gui_basics/juce_gui_basics.h:68:
In file included from /Users/larryseyer/AudioDevelopment/OTTO/JUCE/modules/juce_graphics/juce_graphics.h:116:
/Users/larryseyer/AudioDevelopment/OTTO/JUCE/modules/juce_graphics/geometry/juce_Line.h:241:81: warning: implicit conversion increases floating-point precision: 'float' to 'double' [-Wdouble-promotion]
  241 |         return { start.x + static_cast<ValueType> ((delta.x * distanceFromStart - delta.y * perpendicularDistance) / length),
      |                                                     ~~~~~~~~~~~~~~~~~~~~~~~~~~~~^~~~~~~~~~~~~~~~~~~~~~~~~~~~~~~~~  ~

CompileC /Users/larryseyer/AudioDevelopment/OTTO/Builds/MacOSX/CMake-Release/build/OTTO.build/Release/Objects-normal/arm64/GestureRecognizer.o /Users/larryseyer/AudioDevelopment/OTTO/Source/UI/Touch/GestureRecognizer.cpp normal arm64 c++ com.apple.compilers.llvm.clang.1_0.compiler (in target 'OTTO' from project 'OTTO')
    cd /Users/larryseyer/AudioDevelopment/OTTO
    
    Using response file: /Users/larryseyer/AudioDevelopment/OTTO/Builds/MacOSX/CMake-Release/build/OTTO.build/Release/Objects-normal/arm64/82b82416624d2658e5098eb0a28c15c5-common-args.resp
    
    /Applications/Xcode.app/Contents/Developer/Toolchains/XcodeDefault.xctoolchain/usr/bin/clang -x c++ -ivfsstatcache /var/folders/0p/t4rj91z90d38yk0_8vh370gr0000gn/C/com.apple.DeveloperTools/16.4-16F6/Xcode/SDKStatCaches.noindex/macosx15.5-24F74-8254517eb8b97d462ccbc072ba9094c9.sdkstatcache -fmessage-length\=0 -fdiagnostics-show-note-include-stack -fmacro-backtrace-limit\=0 -fno-color-diagnostics -Wno-trigraphs -Wno-missing-field-initializers -Wno-missing-prototypes -Wno-return-type -Wno-non-virtual-dtor -Wno-overloaded-virtual -Wno-exit-time-destructors -Wno-missing-braces -Wparentheses -Wswitch -Wno-unused-function -Wno-unused-label -Wno-unused-parameter -Wno-unused-variable -Wunused-value -Wno-empty-body -Wno-uninitialized -Wno-unknown-pragmas -Wno-shadow -Wno-four-char-constants -Wno-conversion -Wno-constant-conversion -Wno-int-conversion -Wno-bool-conversion -Wno-enum-conversion -Wno-float-conversion -Wno-non-literal-null-conversion -Wno-objc-literal-conversion -Wshorten-64-to-32 -Wno-newline-eof -Wno-c++11-extensions -Wno-implicit-fallthrough -fstrict-aliasing -Wdeprecated-declarations -Winvalid-offsetof -Wno-sign-conversion -Wno-infinite-recursion -Wno-move -Wno-comma -Wno-block-capture-autoreleasing -Wno-strict-prototypes -Wno-range-loop-analysis -Wno-semicolon-before-method-body -Wall -Wextra -Wpedantic -Wformat\=2 -Wformat-security -Wnull-dereference -Wdouble-promotion -Wshadow -Wundef -Wcast-align @/Users/larryseyer/AudioDevelopment/OTTO/Builds/MacOSX/CMake-Release/build/OTTO.build/Release/Objects-normal/arm64/82b82416624d2658e5098eb0a28c15c5-common-args.resp -MMD -MT dependencies -MF /Users/larryseyer/AudioDevelopment/OTTO/Builds/MacOSX/CMake-Release/build/OTTO.build/Release/Objects-normal/arm64/GestureRecognizer.d --serialize-diagnostics /Users/larryseyer/AudioDevelopment/OTTO/Builds/MacOSX/CMake-Release/build/OTTO.build/Release/Objects-normal/arm64/GestureRecognizer.dia -c /Users/larryseyer/AudioDevelopment/OTTO/Source/UI/Touch/GestureRecognizer.cpp -o /Users/larryseyer/AudioDevelopment/OTTO/Builds/MacOSX/CMake-Release/build/OTTO.build/Release/Objects-normal/arm64/GestureRecognizer.o
In file included from /Users/larryseyer/AudioDevelopment/OTTO/Source/UI/Touch/GestureRecognizer.cpp:1:
In file included from /Users/larryseyer/AudioDevelopment/OTTO/Source/UI/Touch/GestureRecognizer.h:4:
In file included from /Users/larryseyer/AudioDevelopment/OTTO/Builds/MacOSX/CMake-Release/OTTO_artefacts/JuceLibraryCode/JuceHeader.h:14:
In file included from /Users/larryseyer/AudioDevelopment/OTTO/JUCE/modules/juce_audio_plugin_client/juce_audio_plugin_client.h:63:
In file included from /Users/larryseyer/AudioDevelopment/OTTO/JUCE/modules/juce_gui_basics/juce_gui_basics.h:68:
In file included from /Users/larryseyer/AudioDevelopment/OTTO/JUCE/modules/juce_graphics/juce_graphics.h:67:
In file included from /Users/larryseyer/AudioDevelopment/OTTO/JUCE/modules/juce_core/juce_core.h:77:
/Users/larryseyer/AudioDevelopment/OTTO/JUCE/modules/juce_core/system/juce_TargetPlatform.h:99:5: warning: 'JUCE_WINDOWS' is not defined, evaluates to 0 [-Wundef]
   99 | #if JUCE_WINDOWS
      |     ^
/Users/larryseyer/AudioDevelopment/OTTO/JUCE/modules/juce_core/system/juce_TargetPlatform.h:183:5: warning: 'JUCE_LINUX' is not defined, evaluates to 0 [-Wundef]
  183 | #if JUCE_LINUX || JUCE_ANDROID || JUCE_BSD
      |     ^
/Users/larryseyer/AudioDevelopment/OTTO/JUCE/modules/juce_core/system/juce_TargetPlatform.h:183:19: warning: 'JUCE_ANDROID' is not defined, evaluates to 0 [-Wundef]
  183 | #if JUCE_LINUX || JUCE_ANDROID || JUCE_BSD
      |                   ^
/Users/larryseyer/AudioDevelopment/OTTO/JUCE/modules/juce_core/system/juce_TargetPlatform.h:183:35: warning: 'JUCE_BSD' is not defined, evaluates to 0 [-Wundef]
  183 | #if JUCE_LINUX || JUCE_ANDROID || JUCE_BSD
      |                                   ^
In file included from /Users/larryseyer/AudioDevelopment/OTTO/Source/UI/Touch/GestureRecognizer.cpp:1:
In file included from /Users/larryseyer/AudioDevelopment/OTTO/Source/UI/Touch/GestureRecognizer.h:4:
In file included from /Users/larryseyer/AudioDevelopment/OTTO/Builds/MacOSX/CMake-Release/OTTO_artefacts/JuceLibraryCode/JuceHeader.h:14:
In file included from /Users/larryseyer/AudioDevelopment/OTTO/JUCE/modules/juce_audio_plugin_client/juce_audio_plugin_client.h:63:
In file included from /Users/larryseyer/AudioDevelopment/OTTO/JUCE/modules/juce_gui_basics/juce_gui_basics.h:68:
In file included from /Users/larryseyer/AudioDevelopment/OTTO/JUCE/modules/juce_graphics/juce_graphics.h:67:
/Users/larryseyer/AudioDevelopment/OTTO/JUCE/modules/juce_core/juce_core.h:115:5: warning: 'JUCE_DEBUG' is not defined, evaluates to 0 [-Wundef]
  115 | #if JUCE_DEBUG && ! defined (JUCE_CHECK_MEMORY_LEAKS)
      |     ^
/Users/larryseyer/AudioDevelopment/OTTO/JUCE/modules/juce_core/juce_core.h:207:5: warning: 'JUCE_CORE_INCLUDE_NATIVE_HEADERS' is not defined, evaluates to 0 [-Wundef]
  207 | #if JUCE_CORE_INCLUDE_NATIVE_HEADERS
      |     ^
/Users/larryseyer/AudioDevelopment/OTTO/JUCE/modules/juce_core/juce_core.h:211:5: warning: 'JUCE_WINDOWS' is not defined, evaluates to 0 [-Wundef]
  211 | #if JUCE_WINDOWS
      |     ^
In file included from /Users/larryseyer/AudioDevelopment/OTTO/Source/UI/Touch/GestureRecognizer.cpp:1:
In file included from /Users/larryseyer/AudioDevelopment/OTTO/Source/UI/Touch/GestureRecognizer.h:4:
In file included from /Users/larryseyer/AudioDevelopment/OTTO/Builds/MacOSX/CMake-Release/OTTO_artefacts/JuceLibraryCode/JuceHeader.h:14:
In file included from /Users/larryseyer/AudioDevelopment/OTTO/JUCE/modules/juce_audio_plugin_client/juce_audio_plugin_client.h:63:
In file included from /Users/larryseyer/AudioDevelopment/OTTO/JUCE/modules/juce_gui_basics/juce_gui_basics.h:68:
In file included from /Users/larryseyer/AudioDevelopment/OTTO/JUCE/modules/juce_graphics/juce_graphics.h:67:
In file included from /Users/larryseyer/AudioDevelopment/OTTO/JUCE/modules/juce_core/juce_core.h:215:
/Users/larryseyer/AudioDevelopment/OTTO/JUCE/modules/juce_core/system/juce_StandardHeader.h:56:7: warning: 'DOXYGEN' is not defined, evaluates to 0 [-Wundef]
   56 | #if ! DOXYGEN
      |       ^
In file included from /Users/larryseyer/AudioDevelopment/OTTO/Source/UI/Touch/GestureRecognizer.cpp:1:
In file included from /Users/larryseyer/AudioDevelopment/OTTO/Source/UI/Touch/GestureRecognizer.h:4:
In file included from /Users/larryseyer/AudioDevelopment/OTTO/Builds/MacOSX/CMake-Release/OTTO_artefacts/JuceLibraryCode/JuceHeader.h:14:
In file included from /Users/larryseyer/AudioDevelopment/OTTO/JUCE/modules/juce_audio_plugin_client/juce_audio_plugin_client.h:63:
In file included from /Users/larryseyer/AudioDevelopment/OTTO/JUCE/modules/juce_gui_basics/juce_gui_basics.h:68:
In file included from /Users/larryseyer/AudioDevelopment/OTTO/JUCE/modules/juce_graphics/juce_graphics.h:67:
In file included from /Users/larryseyer/AudioDevelopment/OTTO/JUCE/modules/juce_core/juce_core.h:215:
In file included from /Users/larryseyer/AudioDevelopment/OTTO/JUCE/modules/juce_core/system/juce_StandardHeader.h:93:
/Users/larryseyer/AudioDevelopment/OTTO/JUCE/modules/juce_core/system/juce_CompilerSupport.h:43:5: warning: 'JUCE_GCC' is not defined, evaluates to 0 [-Wundef]
   43 | #if JUCE_GCC
      |     ^
/Users/larryseyer/AudioDevelopment/OTTO/JUCE/modules/juce_core/system/juce_CompilerSupport.h:94:5: warning: 'JUCE_MSVC' is not defined, evaluates to 0 [-Wundef]
   94 | #if JUCE_MSVC
      |     ^
In file included from /Users/larryseyer/AudioDevelopment/OTTO/Source/UI/Touch/GestureRecognizer.cpp:1:
In file included from /Users/larryseyer/AudioDevelopment/OTTO/Source/UI/Touch/GestureRecognizer.h:4:
In file included from /Users/larryseyer/AudioDevelopment/OTTO/Builds/MacOSX/CMake-Release/OTTO_artefacts/JuceLibraryCode/JuceHeader.h:14:
In file included from /Users/larryseyer/AudioDevelopment/OTTO/JUCE/modules/juce_audio_plugin_client/juce_audio_plugin_client.h:63:
In file included from /Users/larryseyer/AudioDevelopment/OTTO/JUCE/modules/juce_gui_basics/juce_gui_basics.h:68:
In file included from /Users/larryseyer/AudioDevelopment/OTTO/JUCE/modules/juce_graphics/juce_graphics.h:67:
In file included from /Users/larryseyer/AudioDevelopment/OTTO/JUCE/modules/juce_core/juce_core.h:215:
In file included from /Users/larryseyer/AudioDevelopment/OTTO/JUCE/modules/juce_core/system/juce_StandardHeader.h:94:
/Users/larryseyer/AudioDevelopment/OTTO/JUCE/modules/juce_core/system/juce_CompilerWarnings.h:221:5: warning: 'JUCE_MSVC' is not defined, evaluates to 0 [-Wundef]
  221 | #if JUCE_MSVC
      |     ^
In file included from /Users/larryseyer/AudioDevelopment/OTTO/Source/UI/Touch/GestureRecognizer.cpp:1:
In file included from /Users/larryseyer/AudioDevelopment/OTTO/Source/UI/Touch/GestureRecognizer.h:4:
In file included from /Users/larryseyer/AudioDevelopment/OTTO/Builds/MacOSX/CMake-Release/OTTO_artefacts/JuceLibraryCode/JuceHeader.h:14:
In file included from /Users/larryseyer/AudioDevelopment/OTTO/JUCE/modules/juce_audio_plugin_client/juce_audio_plugin_client.h:63:
In file included from /Users/larryseyer/AudioDevelopment/OTTO/JUCE/modules/juce_gui_basics/juce_gui_basics.h:68:
In file included from /Users/larryseyer/AudioDevelopment/OTTO/JUCE/modules/juce_graphics/juce_graphics.h:67:
In file included from /Users/larryseyer/AudioDevelopment/OTTO/JUCE/modules/juce_core/juce_core.h:215:
In file included from /Users/larryseyer/AudioDevelopment/OTTO/JUCE/modules/juce_core/system/juce_StandardHeader.h:95:
/Users/larryseyer/AudioDevelopment/OTTO/JUCE/modules/juce_core/system/juce_PlatformDefs.h:54:5: warning: 'JUCE_WINDOWS' is not defined, evaluates to 0 [-Wundef]
   54 | #if JUCE_WINDOWS
      |     ^
/Users/larryseyer/AudioDevelopment/OTTO/JUCE/modules/juce_core/system/juce_PlatformDefs.h:66:29: warning: 'JUCE_DEBUG' is not defined, evaluates to 0 [-Wundef]
   66 |  #if JUCE_LOG_ASSERTIONS || JUCE_DEBUG
      |                             ^
/Users/larryseyer/AudioDevelopment/OTTO/JUCE/modules/juce_core/system/juce_PlatformDefs.h:74:5: warning: 'JUCE_IOS' is not defined, evaluates to 0 [-Wundef]
   74 | #if JUCE_IOS || JUCE_LINUX || JUCE_BSD
      |     ^
/Users/larryseyer/AudioDevelopment/OTTO/JUCE/modules/juce_core/system/juce_PlatformDefs.h:74:17: warning: 'JUCE_LINUX' is not defined, evaluates to 0 [-Wundef]
   74 | #if JUCE_IOS || JUCE_LINUX || JUCE_BSD
      |                 ^
/Users/larryseyer/AudioDevelopment/OTTO/JUCE/modules/juce_core/system/juce_PlatformDefs.h:74:31: warning: 'JUCE_BSD' is not defined, evaluates to 0 [-Wundef]
   74 | #if JUCE_IOS || JUCE_LINUX || JUCE_BSD
      |                               ^
/Users/larryseyer/AudioDevelopment/OTTO/JUCE/modules/juce_core/system/juce_PlatformDefs.h:81:7: warning: 'JUCE_MSVC' is not defined, evaluates to 0 [-Wundef]
   81 | #elif JUCE_MSVC
      |       ^
/Users/larryseyer/AudioDevelopment/OTTO/JUCE/modules/juce_core/system/juce_PlatformDefs.h:86:7: warning: 'JUCE_INTEL' is not defined, evaluates to 0 [-Wundef]
   86 | #elif JUCE_INTEL && (JUCE_GCC || JUCE_CLANG || JUCE_MAC)
      |       ^
/Users/larryseyer/AudioDevelopment/OTTO/JUCE/modules/juce_core/system/juce_PlatformDefs.h:132:5: warning: 'JUCE_MSVC' is not defined, evaluates to 0 [-Wundef]
  132 | #if JUCE_MSVC && ! defined (DOXYGEN)
      |     ^
/Users/larryseyer/AudioDevelopment/OTTO/JUCE/modules/juce_core/system/juce_PlatformDefs.h:146:6: warning: 'JUCE_DEBUG' is not defined, evaluates to 0 [-Wundef]
  146 | #if (JUCE_DEBUG && ! JUCE_DISABLE_ASSERTIONS) || DOXYGEN
      |      ^
/Users/larryseyer/AudioDevelopment/OTTO/JUCE/modules/juce_core/system/juce_PlatformDefs.h:146:50: warning: 'DOXYGEN' is not defined, evaluates to 0 [-Wundef]
  146 | #if (JUCE_DEBUG && ! JUCE_DISABLE_ASSERTIONS) || DOXYGEN
      |                                                  ^
/Users/larryseyer/AudioDevelopment/OTTO/JUCE/modules/juce_core/system/juce_PlatformDefs.h:272:5: warning: 'JUCE_MSVC' is not defined, evaluates to 0 [-Wundef]
  272 | #if JUCE_MSVC && ! defined (DOXYGEN)
      |     ^
/Users/larryseyer/AudioDevelopment/OTTO/JUCE/modules/juce_core/system/juce_PlatformDefs.h:291:5: warning: 'JUCE_DEBUG' is not defined, evaluates to 0 [-Wundef]
  291 | #if JUCE_DEBUG || DOXYGEN
      |     ^
/Users/larryseyer/AudioDevelopment/OTTO/JUCE/modules/juce_core/system/juce_PlatformDefs.h:291:19: warning: 'DOXYGEN' is not defined, evaluates to 0 [-Wundef]
  291 | #if JUCE_DEBUG || DOXYGEN
      |                   ^
/Users/larryseyer/AudioDevelopment/OTTO/JUCE/modules/juce_core/system/juce_PlatformDefs.h:299:7: warning: 'JUCE_MSVC' is not defined, evaluates to 0 [-Wundef]
  299 |   #if JUCE_MSVC
      |       ^
/Users/larryseyer/AudioDevelopment/OTTO/JUCE/modules/juce_core/system/juce_PlatformDefs.h:306:5: warning: 'JUCE_MSVC' is not defined, evaluates to 0 [-Wundef]
  306 | #if JUCE_MSVC || DOXYGEN
      |     ^
/Users/larryseyer/AudioDevelopment/OTTO/JUCE/modules/juce_core/system/juce_PlatformDefs.h:306:18: warning: 'DOXYGEN' is not defined, evaluates to 0 [-Wundef]
  306 | #if JUCE_MSVC || DOXYGEN
      |                  ^
/Users/larryseyer/AudioDevelopment/OTTO/JUCE/modules/juce_core/system/juce_PlatformDefs.h:315:5: warning: 'JUCE_ANDROID' is not defined, evaluates to 0 [-Wundef]
  315 | #if JUCE_ANDROID && ! defined (DOXYGEN)
      |     ^
/Users/larryseyer/AudioDevelopment/OTTO/JUCE/modules/juce_core/system/juce_PlatformDefs.h:324:5: warning: 'JUCE_GCC' is not defined, evaluates to 0 [-Wundef]
  324 | #if JUCE_GCC || JUCE_CLANG
      |     ^
/Users/larryseyer/AudioDevelopment/OTTO/JUCE/modules/juce_core/system/juce_PlatformDefs.h:331:5: warning: 'JUCE_GCC' is not defined, evaluates to 0 [-Wundef]
  331 | #if JUCE_GCC || DOXYGEN
      |     ^
/Users/larryseyer/AudioDevelopment/OTTO/JUCE/modules/juce_core/system/juce_PlatformDefs.h:331:17: warning: 'DOXYGEN' is not defined, evaluates to 0 [-Wundef]
  331 | #if JUCE_GCC || DOXYGEN
      |                 ^
In file included from /Users/larryseyer/AudioDevelopment/OTTO/Source/UI/Touch/GestureRecognizer.cpp:1:
In file included from /Users/larryseyer/AudioDevelopment/OTTO/Source/UI/Touch/GestureRecognizer.h:4:
In file included from /Users/larryseyer/AudioDevelopment/OTTO/Builds/MacOSX/CMake-Release/OTTO_artefacts/JuceLibraryCode/JuceHeader.h:14:
In file included from /Users/larryseyer/AudioDevelopment/OTTO/JUCE/modules/juce_audio_plugin_client/juce_audio_plugin_client.h:63:
In file included from /Users/larryseyer/AudioDevelopment/OTTO/JUCE/modules/juce_gui_basics/juce_gui_basics.h:68:
In file included from /Users/larryseyer/AudioDevelopment/OTTO/JUCE/modules/juce_graphics/juce_graphics.h:67:
In file included from /Users/larryseyer/AudioDevelopment/OTTO/JUCE/modules/juce_core/juce_core.h:215:
/Users/larryseyer/AudioDevelopment/OTTO/JUCE/modules/juce_core/system/juce_StandardHeader.h:101:5: warning: 'JUCE_MSVC' is not defined, evaluates to 0 [-Wundef]
  101 | #if JUCE_MSVC
      |     ^
/Users/larryseyer/AudioDevelopment/OTTO/JUCE/modules/juce_core/system/juce_StandardHeader.h:113:5: warning: 'JUCE_LINUX' is not defined, evaluates to 0 [-Wundef]
  113 | #if JUCE_LINUX || JUCE_BSD
      |     ^
/Users/larryseyer/AudioDevelopment/OTTO/JUCE/modules/juce_core/system/juce_StandardHeader.h:113:19: warning: 'JUCE_BSD' is not defined, evaluates to 0 [-Wundef]
  113 | #if JUCE_LINUX || JUCE_BSD
      |                   ^
/Users/larryseyer/AudioDevelopment/OTTO/JUCE/modules/juce_core/system/juce_StandardHeader.h:126:5: warning: 'JUCE_MSVC' is not defined, evaluates to 0 [-Wundef]
  126 | #if JUCE_MSVC && JUCE_DEBUG
      |     ^
/Users/larryseyer/AudioDevelopment/OTTO/JUCE/modules/juce_core/system/juce_StandardHeader.h:132:5: warning: 'JUCE_ANDROID' is not defined, evaluates to 0 [-Wundef]
  132 | #if JUCE_ANDROID
      |     ^
/Users/larryseyer/AudioDevelopment/OTTO/JUCE/modules/juce_core/system/juce_StandardHeader.h:147:5: warning: 'JUCE_MSVC' is not defined, evaluates to 0 [-Wundef]
  147 | #if JUCE_MSVC
      |     ^
/Users/larryseyer/AudioDevelopment/OTTO/JUCE/modules/juce_core/system/juce_StandardHeader.h:167:5: warning: 'JUCE_MSVC' is not defined, evaluates to 0 [-Wundef]
  167 | #if JUCE_MSVC && JUCE_DLL_BUILD
      |     ^
In file included from /Users/larryseyer/AudioDevelopment/OTTO/Source/UI/Touch/GestureRecognizer.cpp:1:
In file included from /Users/larryseyer/AudioDevelopment/OTTO/Source/UI/Touch/GestureRecognizer.h:4:
In file included from /Users/larryseyer/AudioDevelopment/OTTO/Builds/MacOSX/CMake-Release/OTTO_artefacts/JuceLibraryCode/JuceHeader.h:14:
In file included from /Users/larryseyer/AudioDevelopment/OTTO/JUCE/modules/juce_audio_plugin_client/juce_audio_plugin_client.h:63:
In file included from /Users/larryseyer/AudioDevelopment/OTTO/JUCE/modules/juce_gui_basics/juce_gui_basics.h:68:
In file included from /Users/larryseyer/AudioDevelopment/OTTO/JUCE/modules/juce_graphics/juce_graphics.h:67:
In file included from /Users/larryseyer/AudioDevelopment/OTTO/JUCE/modules/juce_core/juce_core.h:239:
/Users/larryseyer/AudioDevelopment/OTTO/JUCE/modules/juce_core/memory/juce_Memory.h:165:59: warning: 'DOXYGEN' is not defined, evaluates to 0 [-Wundef]
  165 | #if (JUCE_COMPILER_SUPPORTS_ARC && defined (__OBJC__)) || DOXYGEN
      |                                                           ^
/Users/larryseyer/AudioDevelopment/OTTO/JUCE/modules/juce_core/memory/juce_Memory.h:181:5: warning: 'JUCE_MSVC' is not defined, evaluates to 0 [-Wundef]
  181 | #if JUCE_MSVC && (defined (JUCE_DLL) || defined (JUCE_DLL_BUILD)) && ! (JUCE_DISABLE_DLL_ALLOCATORS || DOXYGEN)
      |     ^
In file included from /Users/larryseyer/AudioDevelopment/OTTO/Source/UI/Touch/GestureRecognizer.cpp:1:
In file included from /Users/larryseyer/AudioDevelopment/OTTO/Source/UI/Touch/GestureRecognizer.h:4:
In file included from /Users/larryseyer/AudioDevelopment/OTTO/Builds/MacOSX/CMake-Release/OTTO_artefacts/JuceLibraryCode/JuceHeader.h:14:
In file included from /Users/larryseyer/AudioDevelopment/OTTO/JUCE/modules/juce_audio_plugin_client/juce_audio_plugin_client.h:63:
In file included from /Users/larryseyer/AudioDevelopment/OTTO/JUCE/modules/juce_gui_basics/juce_gui_basics.h:68:
In file included from /Users/larryseyer/AudioDevelopment/OTTO/JUCE/modules/juce_graphics/juce_graphics.h:67:
In file included from /Users/larryseyer/AudioDevelopment/OTTO/JUCE/modules/juce_core/juce_core.h:240:
/Users/larryseyer/AudioDevelopment/OTTO/JUCE/modules/juce_core/maths/juce_MathsFunctions.h:59:5: warning: 'JUCE_MSVC' is not defined, evaluates to 0 [-Wundef]
   59 | #if JUCE_MSVC
      |     ^
/Users/larryseyer/AudioDevelopment/OTTO/JUCE/modules/juce_core/maths/juce_MathsFunctions.h:97:5: warning: 'JUCE_WINDOWS' is not defined, evaluates to 0 [-Wundef]
   97 | #if JUCE_WINDOWS
      |     ^
/Users/larryseyer/AudioDevelopment/OTTO/JUCE/modules/juce_core/maths/juce_MathsFunctions.h:125:8: warning: 'JUCE_MSVC' is not defined, evaluates to 0 [-Wundef]
  125 |    #if JUCE_MSVC
      |        ^
/Users/larryseyer/AudioDevelopment/OTTO/JUCE/modules/juce_core/maths/juce_MathsFunctions.h:136:8: warning: 'JUCE_MSVC' is not defined, evaluates to 0 [-Wundef]
  136 |    #if JUCE_MSVC
      |        ^
/Users/larryseyer/AudioDevelopment/OTTO/JUCE/modules/juce_core/maths/juce_MathsFunctions.h:579:5: warning: 'JUCE_MSVC' is not defined, evaluates to 0 [-Wundef]
  579 | #if JUCE_MSVC
      |     ^
/Users/larryseyer/AudioDevelopment/OTTO/JUCE/modules/juce_core/maths/juce_MathsFunctions.h:606:8: warning: 'JUCE_BIG_ENDIAN' is not defined, evaluates to 0 [-Wundef]
  606 |    #if JUCE_BIG_ENDIAN
      |        ^
/Users/larryseyer/AudioDevelopment/OTTO/JUCE/modules/juce_core/maths/juce_MathsFunctions.h:618:5: warning: 'JUCE_MSVC' is not defined, evaluates to 0 [-Wundef]
  618 | #if JUCE_MSVC
      |     ^
/Users/larryseyer/AudioDevelopment/OTTO/JUCE/modules/juce_core/maths/juce_MathsFunctions.h:738:5: warning: 'JUCE_INTEL' is not defined, evaluates to 0 [-Wundef]
  738 | #if JUCE_INTEL || DOXYGEN
      |     ^
/Users/larryseyer/AudioDevelopment/OTTO/JUCE/modules/juce_core/maths/juce_MathsFunctions.h:738:19: warning: 'DOXYGEN' is not defined, evaluates to 0 [-Wundef]
  738 | #if JUCE_INTEL || DOXYGEN
      |                   ^
In file included from /Users/larryseyer/AudioDevelopment/OTTO/Source/UI/Touch/GestureRecognizer.cpp:1:
In file included from /Users/larryseyer/AudioDevelopment/OTTO/Source/UI/Touch/GestureRecognizer.h:4:
In file included from /Users/larryseyer/AudioDevelopment/OTTO/Builds/MacOSX/CMake-Release/OTTO_artefacts/JuceLibraryCode/JuceHeader.h:14:
In file included from /Users/larryseyer/AudioDevelopment/OTTO/JUCE/modules/juce_audio_plugin_client/juce_audio_plugin_client.h:63:
In file included from /Users/larryseyer/AudioDevelopment/OTTO/JUCE/modules/juce_gui_basics/juce_gui_basics.h:68:
In file included from /Users/larryseyer/AudioDevelopment/OTTO/JUCE/modules/juce_graphics/juce_graphics.h:67:
In file included from /Users/larryseyer/AudioDevelopment/OTTO/JUCE/modules/juce_core/juce_core.h:241:
/Users/larryseyer/AudioDevelopment/OTTO/JUCE/modules/juce_core/memory/juce_ByteOrder.h:162:5: warning: 'JUCE_MSVC' is not defined, evaluates to 0 [-Wundef]
  162 | #if JUCE_MSVC && ! defined (__INTEL_COMPILER)
      |     ^
In file included from /Users/larryseyer/AudioDevelopment/OTTO/Source/UI/Touch/GestureRecognizer.cpp:1:
In file included from /Users/larryseyer/AudioDevelopment/OTTO/Source/UI/Touch/GestureRecognizer.h:4:
In file included from /Users/larryseyer/AudioDevelopment/OTTO/Builds/MacOSX/CMake-Release/OTTO_artefacts/JuceLibraryCode/JuceHeader.h:14:
In file included from /Users/larryseyer/AudioDevelopment/OTTO/JUCE/modules/juce_audio_plugin_client/juce_audio_plugin_client.h:63:
In file included from /Users/larryseyer/AudioDevelopment/OTTO/JUCE/modules/juce_gui_basics/juce_gui_basics.h:68:
In file included from /Users/larryseyer/AudioDevelopment/OTTO/JUCE/modules/juce_graphics/juce_graphics.h:67:
In file included from /Users/larryseyer/AudioDevelopment/OTTO/JUCE/modules/juce_core/juce_core.h:243:
/Users/larryseyer/AudioDevelopment/OTTO/JUCE/modules/juce_core/text/juce_CharacterFunctions.h:39:5: warning: 'JUCE_WINDOWS' is not defined, evaluates to 0 [-Wundef]
   39 | #if JUCE_WINDOWS && ! defined (DOXYGEN)
      |     ^
/Users/larryseyer/AudioDevelopment/OTTO/JUCE/modules/juce_core/text/juce_CharacterFunctions.h:64:5: warning: 'JUCE_DEFINE_T_MACRO' is not defined, evaluates to 0 [-Wundef]
   64 | #if JUCE_DEFINE_T_MACRO
      |     ^
/Users/larryseyer/AudioDevelopment/OTTO/JUCE/modules/juce_core/text/juce_CharacterFunctions.h:406:12: warning: 'JUCE_WINDOWS' is not defined, evaluates to 0 [-Wundef]
  406 |        #if JUCE_WINDOWS
      |            ^
/Users/larryseyer/AudioDevelopment/OTTO/JUCE/modules/juce_core/text/juce_CharacterFunctions.h:411:13: warning: 'JUCE_ANDROID' is not defined, evaluates to 0 [-Wundef]
  411 |         #if JUCE_ANDROID
      |             ^
In file included from /Users/larryseyer/AudioDevelopment/OTTO/Source/UI/Touch/GestureRecognizer.cpp:1:
In file included from /Users/larryseyer/AudioDevelopment/OTTO/Source/UI/Touch/GestureRecognizer.h:4:
In file included from /Users/larryseyer/AudioDevelopment/OTTO/Builds/MacOSX/CMake-Release/OTTO_artefacts/JuceLibraryCode/JuceHeader.h:14:
In file included from /Users/larryseyer/AudioDevelopment/OTTO/JUCE/modules/juce_audio_plugin_client/juce_audio_plugin_client.h:63:
In file included from /Users/larryseyer/AudioDevelopment/OTTO/JUCE/modules/juce_gui_basics/juce_gui_basics.h:68:
In file included from /Users/larryseyer/AudioDevelopment/OTTO/JUCE/modules/juce_graphics/juce_graphics.h:67:
In file included from /Users/larryseyer/AudioDevelopment/OTTO/JUCE/modules/juce_core/juce_core.h:247:
/Users/larryseyer/AudioDevelopment/OTTO/JUCE/modules/juce_core/text/juce_CharPointer_UTF8.h:481:12: warning: 'JUCE_WINDOWS' is not defined, evaluates to 0 [-Wundef]
  481 |        #if JUCE_WINDOWS
      |            ^
In file included from /Users/larryseyer/AudioDevelopment/OTTO/Source/UI/Touch/GestureRecognizer.cpp:1:
In file included from /Users/larryseyer/AudioDevelopment/OTTO/Source/UI/Touch/GestureRecognizer.h:4:
In file included from /Users/larryseyer/AudioDevelopment/OTTO/Builds/MacOSX/CMake-Release/OTTO_artefacts/JuceLibraryCode/JuceHeader.h:14:
In file included from /Users/larryseyer/AudioDevelopment/OTTO/JUCE/modules/juce_audio_plugin_client/juce_audio_plugin_client.h:63:
In file included from /Users/larryseyer/AudioDevelopment/OTTO/JUCE/modules/juce_gui_basics/juce_gui_basics.h:68:
In file included from /Users/larryseyer/AudioDevelopment/OTTO/JUCE/modules/juce_graphics/juce_graphics.h:67:
In file included from /Users/larryseyer/AudioDevelopment/OTTO/JUCE/modules/juce_core/juce_core.h:248:
/Users/larryseyer/AudioDevelopment/OTTO/JUCE/modules/juce_core/text/juce_CharPointer_UTF16.h:353:8: warning: 'JUCE_MSVC' is not defined, evaluates to 0 [-Wundef]
  353 |    #if JUCE_MSVC && ! defined (DOXYGEN)
      |        ^
/Users/larryseyer/AudioDevelopment/OTTO/JUCE/modules/juce_core/text/juce_CharPointer_UTF16.h:412:12: warning: 'JUCE_MSVC' is not defined, evaluates to 0 [-Wundef]
  412 |        #if JUCE_MSVC
      |            ^
/Users/larryseyer/AudioDevelopment/OTTO/JUCE/modules/juce_core/text/juce_CharPointer_UTF16.h:422:12: warning: 'JUCE_MSVC' is not defined, evaluates to 0 [-Wundef]
  422 |        #if JUCE_MSVC
      |            ^
In file included from /Users/larryseyer/AudioDevelopment/OTTO/Source/UI/Touch/GestureRecognizer.cpp:1:
In file included from /Users/larryseyer/AudioDevelopment/OTTO/Source/UI/Touch/GestureRecognizer.h:4:
In file included from /Users/larryseyer/AudioDevelopment/OTTO/Builds/MacOSX/CMake-Release/OTTO_artefacts/JuceLibraryCode/JuceHeader.h:14:
In file included from /Users/larryseyer/AudioDevelopment/OTTO/JUCE/modules/juce_audio_plugin_client/juce_audio_plugin_client.h:63:
In file included from /Users/larryseyer/AudioDevelopment/OTTO/JUCE/modules/juce_gui_basics/juce_gui_basics.h:68:
In file included from /Users/larryseyer/AudioDevelopment/OTTO/JUCE/modules/juce_graphics/juce_graphics.h:67:
In file included from /Users/larryseyer/AudioDevelopment/OTTO/JUCE/modules/juce_core/juce_core.h:249:
/Users/larryseyer/AudioDevelopment/OTTO/JUCE/modules/juce_core/text/juce_CharPointer_UTF32.h:166:44: warning: 'JUCE_ANDROID' is not defined, evaluates to 0 [-Wundef]
  166 |        #if JUCE_NATIVE_WCHAR_IS_UTF32 && ! JUCE_ANDROID
      |                                            ^
/Users/larryseyer/AudioDevelopment/OTTO/JUCE/modules/juce_core/text/juce_CharPointer_UTF32.h:266:40: warning: 'JUCE_ANDROID' is not defined, evaluates to 0 [-Wundef]
  266 |    #if JUCE_NATIVE_WCHAR_IS_UTF32 && ! JUCE_ANDROID
      |                                        ^
In file included from /Users/larryseyer/AudioDevelopment/OTTO/Source/UI/Touch/GestureRecognizer.cpp:1:
In file included from /Users/larryseyer/AudioDevelopment/OTTO/Source/UI/Touch/GestureRecognizer.h:4:
In file included from /Users/larryseyer/AudioDevelopment/OTTO/Builds/MacOSX/CMake-Release/OTTO_artefacts/JuceLibraryCode/JuceHeader.h:14:
In file included from /Users/larryseyer/AudioDevelopment/OTTO/JUCE/modules/juce_audio_plugin_client/juce_audio_plugin_client.h:63:
In file included from /Users/larryseyer/AudioDevelopment/OTTO/JUCE/modules/juce_gui_basics/juce_gui_basics.h:68:
In file included from /Users/larryseyer/AudioDevelopment/OTTO/JUCE/modules/juce_graphics/juce_graphics.h:67:
In file included from /Users/larryseyer/AudioDevelopment/OTTO/JUCE/modules/juce_core/juce_core.h:250:
/Users/larryseyer/AudioDevelopment/OTTO/JUCE/modules/juce_core/text/juce_CharPointer_ASCII.h:278:12: warning: 'JUCE_WINDOWS' is not defined, evaluates to 0 [-Wundef]
  278 |        #if JUCE_WINDOWS && JUCE_CLANG
      |            ^
/Users/larryseyer/AudioDevelopment/OTTO/JUCE/modules/juce_core/text/juce_CharPointer_ASCII.h:280:14: warning: 'JUCE_WINDOWS' is not defined, evaluates to 0 [-Wundef]
  280 |        #elif JUCE_WINDOWS
      |              ^
/Users/larryseyer/AudioDevelopment/OTTO/JUCE/modules/juce_core/text/juce_CharPointer_ASCII.h:348:12: warning: 'JUCE_LINUX' is not defined, evaluates to 0 [-Wundef]
  348 |        #if JUCE_LINUX || JUCE_BSD || JUCE_ANDROID
      |            ^
/Users/larryseyer/AudioDevelopment/OTTO/JUCE/modules/juce_core/text/juce_CharPointer_ASCII.h:348:26: warning: 'JUCE_BSD' is not defined, evaluates to 0 [-Wundef]
  348 |        #if JUCE_LINUX || JUCE_BSD || JUCE_ANDROID
      |                          ^
/Users/larryseyer/AudioDevelopment/OTTO/JUCE/modules/juce_core/text/juce_CharPointer_ASCII.h:348:38: warning: 'JUCE_ANDROID' is not defined, evaluates to 0 [-Wundef]
  348 |        #if JUCE_LINUX || JUCE_BSD || JUCE_ANDROID
      |                                      ^
/Users/larryseyer/AudioDevelopment/OTTO/JUCE/modules/juce_core/text/juce_CharPointer_ASCII.h:350:14: warning: 'JUCE_WINDOWS' is not defined, evaluates to 0 [-Wundef]
  350 |        #elif JUCE_WINDOWS
      |              ^
In file included from /Users/larryseyer/AudioDevelopment/OTTO/Source/UI/Touch/GestureRecognizer.cpp:1:
In file included from /Users/larryseyer/AudioDevelopment/OTTO/Source/UI/Touch/GestureRecognizer.h:4:
In file included from /Users/larryseyer/AudioDevelopment/OTTO/Builds/MacOSX/CMake-Release/OTTO_artefacts/JuceLibraryCode/JuceHeader.h:14:
In file included from /Users/larryseyer/AudioDevelopment/OTTO/JUCE/modules/juce_audio_plugin_client/juce_audio_plugin_client.h:63:
In file included from /Users/larryseyer/AudioDevelopment/OTTO/JUCE/modules/juce_gui_basics/juce_gui_basics.h:68:
In file included from /Users/larryseyer/AudioDevelopment/OTTO/JUCE/modules/juce_graphics/juce_graphics.h:67:
In file included from /Users/larryseyer/AudioDevelopment/OTTO/JUCE/modules/juce_core/juce_core.h:254:
/Users/larryseyer/AudioDevelopment/OTTO/JUCE/modules/juce_core/text/juce_String.h:198:11: warning: 'DOXYGEN' is not defined, evaluates to 0 [-Wundef]
  198 |    #elif (DOXYGEN || JUCE_STRING_UTF_TYPE == 8)
      |           ^
In file included from /Users/larryseyer/AudioDevelopment/OTTO/Source/UI/Touch/GestureRecognizer.cpp:1:
In file included from /Users/larryseyer/AudioDevelopment/OTTO/Source/UI/Touch/GestureRecognizer.h:4:
In file included from /Users/larryseyer/AudioDevelopment/OTTO/Builds/MacOSX/CMake-Release/OTTO_artefacts/JuceLibraryCode/JuceHeader.h:14:
In file included from /Users/larryseyer/AudioDevelopment/OTTO/JUCE/modules/juce_audio_plugin_client/juce_audio_plugin_client.h:63:
In file included from /Users/larryseyer/AudioDevelopment/OTTO/JUCE/modules/juce_gui_basics/juce_gui_basics.h:68:
In file included from /Users/larryseyer/AudioDevelopment/OTTO/JUCE/modules/juce_graphics/juce_graphics.h:67:
In file included from /Users/larryseyer/AudioDevelopment/OTTO/JUCE/modules/juce_core/juce_core.h:257:
/Users/larryseyer/AudioDevelopment/OTTO/JUCE/modules/juce_core/memory/juce_LeakedObjectDetector.h:124:5: warning: 'DOXYGEN' is not defined, evaluates to 0 [-Wundef]
  124 | #if DOXYGEN || ! defined (JUCE_LEAK_DETECTOR)
      |     ^
/Users/larryseyer/AudioDevelopment/OTTO/JUCE/modules/juce_core/memory/juce_LeakedObjectDetector.h:125:7: warning: 'DOXYGEN' is not defined, evaluates to 0 [-Wundef]
  125 |  #if (DOXYGEN || JUCE_CHECK_MEMORY_LEAKS)
      |       ^
In file included from /Users/larryseyer/AudioDevelopment/OTTO/Source/UI/Touch/GestureRecognizer.cpp:1:
In file included from /Users/larryseyer/AudioDevelopment/OTTO/Source/UI/Touch/GestureRecognizer.h:4:
In file included from /Users/larryseyer/AudioDevelopment/OTTO/Builds/MacOSX/CMake-Release/OTTO_artefacts/JuceLibraryCode/JuceHeader.h:14:
In file included from /Users/larryseyer/AudioDevelopment/OTTO/JUCE/modules/juce_audio_plugin_client/juce_audio_plugin_client.h:63:
In file included from /Users/larryseyer/AudioDevelopment/OTTO/JUCE/modules/juce_gui_basics/juce_gui_basics.h:68:
In file included from /Users/larryseyer/AudioDevelopment/OTTO/JUCE/modules/juce_graphics/juce_graphics.h:67:
In file included from /Users/larryseyer/AudioDevelopment/OTTO/JUCE/modules/juce_core/juce_core.h:259:
/Users/larryseyer/AudioDevelopment/OTTO/JUCE/modules/juce_core/memory/juce_HeapBlock.h:38:8: warning: 'DOXYGEN' is not defined, evaluates to 0 [-Wundef]
   38 | #if ! (DOXYGEN || JUCE_EXCEPTIONS_DISABLED)
      |        ^
/Users/larryseyer/AudioDevelopment/OTTO/JUCE/modules/juce_core/memory/juce_HeapBlock.h:38:19: warning: 'JUCE_EXCEPTIONS_DISABLED' is not defined, evaluates to 0 [-Wundef]
   38 | #if ! (DOXYGEN || JUCE_EXCEPTIONS_DISABLED)
      |                   ^
/Users/larryseyer/AudioDevelopment/OTTO/JUCE/modules/juce_core/memory/juce_HeapBlock.h:343:12: warning: 'JUCE_EXCEPTIONS_DISABLED' is not defined, evaluates to 0 [-Wundef]
  343 |        #if JUCE_EXCEPTIONS_DISABLED
      |            ^
In file included from /Users/larryseyer/AudioDevelopment/OTTO/Source/UI/Touch/GestureRecognizer.cpp:1:
In file included from /Users/larryseyer/AudioDevelopment/OTTO/Source/UI/Touch/GestureRecognizer.h:4:
In file included from /Users/larryseyer/AudioDevelopment/OTTO/Builds/MacOSX/CMake-Release/OTTO_artefacts/JuceLibraryCode/JuceHeader.h:14:
In file included from /Users/larryseyer/AudioDevelopment/OTTO/JUCE/modules/juce_audio_plugin_client/juce_audio_plugin_client.h:63:
In file included from /Users/larryseyer/AudioDevelopment/OTTO/JUCE/modules/juce_gui_basics/juce_gui_basics.h:68:
In file included from /Users/larryseyer/AudioDevelopment/OTTO/JUCE/modules/juce_graphics/juce_graphics.h:67:
In file included from /Users/larryseyer/AudioDevelopment/OTTO/JUCE/modules/juce_core/juce_core.h:263:
/Users/larryseyer/AudioDevelopment/OTTO/JUCE/modules/juce_core/memory/juce_ScopedPointer.h:151:10: warning: 'JUCE_MSVC' is not defined, evaluates to 0 [-Wundef]
  151 |    #if ! JUCE_MSVC  // (MSVC can't deal with multiple copy constructors)
      |          ^
In file included from /Users/larryseyer/AudioDevelopment/OTTO/Source/UI/Touch/GestureRecognizer.cpp:1:
In file included from /Users/larryseyer/AudioDevelopment/OTTO/Source/UI/Touch/GestureRecognizer.h:4:
In file included from /Users/larryseyer/AudioDevelopment/OTTO/Builds/MacOSX/CMake-Release/OTTO_artefacts/JuceLibraryCode/JuceHeader.h:14:
In file included from /Users/larryseyer/AudioDevelopment/OTTO/JUCE/modules/juce_audio_plugin_client/juce_audio_plugin_client.h:63:
In file included from /Users/larryseyer/AudioDevelopment/OTTO/JUCE/modules/juce_gui_basics/juce_gui_basics.h:68:
In file included from /Users/larryseyer/AudioDevelopment/OTTO/JUCE/modules/juce_graphics/juce_graphics.h:67:
In file included from /Users/larryseyer/AudioDevelopment/OTTO/JUCE/modules/juce_core/juce_core.h:271:
/Users/larryseyer/AudioDevelopment/OTTO/JUCE/modules/juce_core/threads/juce_CriticalSection.h:116:8: warning: 'JUCE_WINDOWS' is not defined, evaluates to 0 [-Wundef]
  116 |    #if JUCE_WINDOWS
      |        ^
In file included from /Users/larryseyer/AudioDevelopment/OTTO/Source/UI/Touch/GestureRecognizer.cpp:1:
In file included from /Users/larryseyer/AudioDevelopment/OTTO/Source/UI/Touch/GestureRecognizer.h:4:
In file included from /Users/larryseyer/AudioDevelopment/OTTO/Builds/MacOSX/CMake-Release/OTTO_artefacts/JuceLibraryCode/JuceHeader.h:14:
In file included from /Users/larryseyer/AudioDevelopment/OTTO/JUCE/modules/juce_audio_plugin_client/juce_audio_plugin_client.h:63:
In file included from /Users/larryseyer/AudioDevelopment/OTTO/JUCE/modules/juce_gui_basics/juce_gui_basics.h:68:
In file included from /Users/larryseyer/AudioDevelopment/OTTO/JUCE/modules/juce_graphics/juce_graphics.h:67:
In file included from /Users/larryseyer/AudioDevelopment/OTTO/JUCE/modules/juce_core/juce_core.h:293:
/Users/larryseyer/AudioDevelopment/OTTO/JUCE/modules/juce_core/memory/juce_HeavyweightLeakedObjectDetector.h:123:5: warning: 'DOXYGEN' is not defined, evaluates to 0 [-Wundef]
  123 | #if DOXYGEN || ! defined (JUCE_HEAVYWEIGHT_LEAK_DETECTOR)
      |     ^
/Users/larryseyer/AudioDevelopment/OTTO/JUCE/modules/juce_core/memory/juce_HeavyweightLeakedObjectDetector.h:124:7: warning: 'DOXYGEN' is not defined, evaluates to 0 [-Wundef]
  124 |  #if (DOXYGEN || JUCE_CHECK_MEMORY_LEAKS)
      |       ^
In file included from /Users/larryseyer/AudioDevelopment/OTTO/Source/UI/Touch/GestureRecognizer.cpp:1:
In file included from /Users/larryseyer/AudioDevelopment/OTTO/Source/UI/Touch/GestureRecognizer.h:4:
In file included from /Users/larryseyer/AudioDevelopment/OTTO/Builds/MacOSX/CMake-Release/OTTO_artefacts/JuceLibraryCode/JuceHeader.h:14:
In file included from /Users/larryseyer/AudioDevelopment/OTTO/JUCE/modules/juce_audio_plugin_client/juce_audio_plugin_client.h:63:
In file included from /Users/larryseyer/AudioDevelopment/OTTO/JUCE/modules/juce_gui_basics/juce_gui_basics.h:68:
In file included from /Users/larryseyer/AudioDevelopment/OTTO/JUCE/modules/juce_graphics/juce_graphics.h:67:
In file included from /Users/larryseyer/AudioDevelopment/OTTO/JUCE/modules/juce_core/juce_core.h:318:
/Users/larryseyer/AudioDevelopment/OTTO/JUCE/modules/juce_core/files/juce_File.h:38:7: warning: 'DOXYGEN' is not defined, evaluates to 0 [-Wundef]
   38 | #if ! DOXYGEN && (JUCE_MAC || JUCE_IOS)
      |       ^
/Users/larryseyer/AudioDevelopment/OTTO/JUCE/modules/juce_core/files/juce_File.h:970:12: warning: 'JUCE_WINDOWS' is not defined, evaluates to 0 [-Wundef]
  970 |        #if JUCE_WINDOWS || DOXYGEN
      |            ^
/Users/larryseyer/AudioDevelopment/OTTO/JUCE/modules/juce_core/files/juce_File.h:970:28: warning: 'DOXYGEN' is not defined, evaluates to 0 [-Wundef]
  970 |        #if JUCE_WINDOWS || DOXYGEN
      |                            ^
/Users/larryseyer/AudioDevelopment/OTTO/JUCE/modules/juce_core/files/juce_File.h:981:12: warning: 'JUCE_WINDOWS' is not defined, evaluates to 0 [-Wundef]
  981 |        #if JUCE_WINDOWS || DOXYGEN
      |            ^
/Users/larryseyer/AudioDevelopment/OTTO/JUCE/modules/juce_core/files/juce_File.h:981:28: warning: 'DOXYGEN' is not defined, evaluates to 0 [-Wundef]
  981 |        #if JUCE_WINDOWS || DOXYGEN
      |                            ^
/Users/larryseyer/AudioDevelopment/OTTO/JUCE/modules/juce_core/files/juce_File.h:1100:8: warning: 'JUCE_WINDOWS' is not defined, evaluates to 0 [-Wundef]
 1100 |    #if JUCE_WINDOWS || DOXYGEN
      |        ^
/Users/larryseyer/AudioDevelopment/OTTO/JUCE/modules/juce_core/files/juce_File.h:1100:24: warning: 'DOXYGEN' is not defined, evaluates to 0 [-Wundef]
 1100 |    #if JUCE_WINDOWS || DOXYGEN
      |                        ^
/Users/larryseyer/AudioDevelopment/OTTO/JUCE/modules/juce_core/files/juce_File.h:1146:16: warning: 'NAMES_ARE_CASE_SENSITIVE' is not defined, evaluates to 0 [-Wundef]
 1146 |            #if NAMES_ARE_CASE_SENSITIVE
      |                ^
In file included from /Users/larryseyer/AudioDevelopment/OTTO/Source/UI/Touch/GestureRecognizer.cpp:1:
In file included from /Users/larryseyer/AudioDevelopment/OTTO/Source/UI/Touch/GestureRecognizer.h:4:
In file included from /Users/larryseyer/AudioDevelopment/OTTO/Builds/MacOSX/CMake-Release/OTTO_artefacts/JuceLibraryCode/JuceHeader.h:14:
In file included from /Users/larryseyer/AudioDevelopment/OTTO/JUCE/modules/juce_audio_plugin_client/juce_audio_plugin_client.h:63:
In file included from /Users/larryseyer/AudioDevelopment/OTTO/JUCE/modules/juce_gui_basics/juce_gui_basics.h:68:
In file included from /Users/larryseyer/AudioDevelopment/OTTO/JUCE/modules/juce_graphics/juce_graphics.h:67:
In file included from /Users/larryseyer/AudioDevelopment/OTTO/JUCE/modules/juce_core/juce_core.h:321:
/Users/larryseyer/AudioDevelopment/OTTO/JUCE/modules/juce_core/detail/juce_NativeFileHandle.h:38:5: warning: 'JUCE_WINDOWS' is not defined, evaluates to 0 [-Wundef]
   38 | #if JUCE_WINDOWS
      |     ^
In file included from /Users/larryseyer/AudioDevelopment/OTTO/Source/UI/Touch/GestureRecognizer.cpp:1:
In file included from /Users/larryseyer/AudioDevelopment/OTTO/Source/UI/Touch/GestureRecognizer.h:4:
In file included from /Users/larryseyer/AudioDevelopment/OTTO/Builds/MacOSX/CMake-Release/OTTO_artefacts/JuceLibraryCode/JuceHeader.h:14:
In file included from /Users/larryseyer/AudioDevelopment/OTTO/JUCE/modules/juce_audio_plugin_client/juce_audio_plugin_client.h:63:
In file included from /Users/larryseyer/AudioDevelopment/OTTO/JUCE/modules/juce_gui_basics/juce_gui_basics.h:68:
In file included from /Users/larryseyer/AudioDevelopment/OTTO/JUCE/modules/juce_graphics/juce_graphics.h:67:
In file included from /Users/larryseyer/AudioDevelopment/OTTO/JUCE/modules/juce_core/juce_core.h:325:
/Users/larryseyer/AudioDevelopment/OTTO/JUCE/modules/juce_core/files/juce_MemoryMappedFile.h:116:8: warning: 'JUCE_WINDOWS' is not defined, evaluates to 0 [-Wundef]
  116 |    #if JUCE_WINDOWS
      |        ^
In file included from /Users/larryseyer/AudioDevelopment/OTTO/Source/UI/Touch/GestureRecognizer.cpp:1:
In file included from /Users/larryseyer/AudioDevelopment/OTTO/Source/UI/Touch/GestureRecognizer.h:4:
In file included from /Users/larryseyer/AudioDevelopment/OTTO/Builds/MacOSX/CMake-Release/OTTO_artefacts/JuceLibraryCode/JuceHeader.h:14:
In file included from /Users/larryseyer/AudioDevelopment/OTTO/JUCE/modules/juce_audio_plugin_client/juce_audio_plugin_client.h:63:
In file included from /Users/larryseyer/AudioDevelopment/OTTO/JUCE/modules/juce_gui_basics/juce_gui_basics.h:68:
In file included from /Users/larryseyer/AudioDevelopment/OTTO/JUCE/modules/juce_graphics/juce_graphics.h:67:
In file included from /Users/larryseyer/AudioDevelopment/OTTO/JUCE/modules/juce_core/juce_core.h:338:
/Users/larryseyer/AudioDevelopment/OTTO/JUCE/modules/juce_core/misc/juce_WindowsRegistry.h:38:5: warning: 'JUCE_WINDOWS' is not defined, evaluates to 0 [-Wundef]
   38 | #if JUCE_WINDOWS || DOXYGEN
      |     ^
/Users/larryseyer/AudioDevelopment/OTTO/JUCE/modules/juce_core/misc/juce_WindowsRegistry.h:38:21: warning: 'DOXYGEN' is not defined, evaluates to 0 [-Wundef]
   38 | #if JUCE_WINDOWS || DOXYGEN
      |                     ^
In file included from /Users/larryseyer/AudioDevelopment/OTTO/Source/UI/Touch/GestureRecognizer.cpp:1:
In file included from /Users/larryseyer/AudioDevelopment/OTTO/Source/UI/Touch/GestureRecognizer.h:4:
In file included from /Users/larryseyer/AudioDevelopment/OTTO/Builds/MacOSX/CMake-Release/OTTO_artefacts/JuceLibraryCode/JuceHeader.h:14:
In file included from /Users/larryseyer/AudioDevelopment/OTTO/JUCE/modules/juce_audio_plugin_client/juce_audio_plugin_client.h:63:
In file included from /Users/larryseyer/AudioDevelopment/OTTO/JUCE/modules/juce_gui_basics/juce_gui_basics.h:68:
In file included from /Users/larryseyer/AudioDevelopment/OTTO/JUCE/modules/juce_graphics/juce_graphics.h:67:
In file included from /Users/larryseyer/AudioDevelopment/OTTO/JUCE/modules/juce_core/juce_core.h:342:
/Users/larryseyer/AudioDevelopment/OTTO/JUCE/modules/juce_core/threads/juce_Process.h:122:8: warning: 'JUCE_WINDOWS' is not defined, evaluates to 0 [-Wundef]
  122 |    #if JUCE_WINDOWS || DOXYGEN
      |        ^
/Users/larryseyer/AudioDevelopment/OTTO/JUCE/modules/juce_core/threads/juce_Process.h:122:24: warning: 'DOXYGEN' is not defined, evaluates to 0 [-Wundef]
  122 |    #if JUCE_WINDOWS || DOXYGEN
      |                        ^
In file included from /Users/larryseyer/AudioDevelopment/OTTO/Source/UI/Touch/GestureRecognizer.cpp:1:
In file included from /Users/larryseyer/AudioDevelopment/OTTO/Source/UI/Touch/GestureRecognizer.h:4:
In file included from /Users/larryseyer/AudioDevelopment/OTTO/Builds/MacOSX/CMake-Release/OTTO_artefacts/JuceLibraryCode/JuceHeader.h:14:
In file included from /Users/larryseyer/AudioDevelopment/OTTO/JUCE/modules/juce_audio_plugin_client/juce_audio_plugin_client.h:63:
In file included from /Users/larryseyer/AudioDevelopment/OTTO/JUCE/modules/juce_gui_basics/juce_gui_basics.h:68:
In file included from /Users/larryseyer/AudioDevelopment/OTTO/JUCE/modules/juce_graphics/juce_graphics.h:67:
In file included from /Users/larryseyer/AudioDevelopment/OTTO/JUCE/modules/juce_core/juce_core.h:345:
/Users/larryseyer/AudioDevelopment/OTTO/JUCE/modules/juce_core/threads/juce_Thread.h:526:8: warning: 'JUCE_ANDROID' is not defined, evaluates to 0 [-Wundef]
  526 |    #if JUCE_ANDROID || DOXYGEN
      |        ^
/Users/larryseyer/AudioDevelopment/OTTO/JUCE/modules/juce_core/threads/juce_Thread.h:526:24: warning: 'DOXYGEN' is not defined, evaluates to 0 [-Wundef]
  526 |    #if JUCE_ANDROID || DOXYGEN
      |                        ^
/Users/larryseyer/AudioDevelopment/OTTO/JUCE/modules/juce_core/threads/juce_Thread.h:607:8: warning: 'JUCE_ANDROID' is not defined, evaluates to 0 [-Wundef]
  607 |    #if JUCE_ANDROID || JUCE_LINUX || JUCE_BSD
      |        ^
/Users/larryseyer/AudioDevelopment/OTTO/JUCE/modules/juce_core/threads/juce_Thread.h:607:24: warning: 'JUCE_LINUX' is not defined, evaluates to 0 [-Wundef]
  607 |    #if JUCE_ANDROID || JUCE_LINUX || JUCE_BSD
      |                        ^
/Users/larryseyer/AudioDevelopment/OTTO/JUCE/modules/juce_core/threads/juce_Thread.h:607:38: warning: 'JUCE_BSD' is not defined, evaluates to 0 [-Wundef]
  607 |    #if JUCE_ANDROID || JUCE_LINUX || JUCE_BSD
      |                                      ^
In file included from /Users/larryseyer/AudioDevelopment/OTTO/Source/UI/Touch/GestureRecognizer.cpp:1:
In file included from /Users/larryseyer/AudioDevelopment/OTTO/Source/UI/Touch/GestureRecognizer.h:4:
In file included from /Users/larryseyer/AudioDevelopment/OTTO/Builds/MacOSX/CMake-Release/OTTO_artefacts/JuceLibraryCode/JuceHeader.h:14:
In file included from /Users/larryseyer/AudioDevelopment/OTTO/JUCE/modules/juce_audio_plugin_client/juce_audio_plugin_client.h:63:
In file included from /Users/larryseyer/AudioDevelopment/OTTO/JUCE/modules/juce_gui_basics/juce_gui_basics.h:68:
In file included from /Users/larryseyer/AudioDevelopment/OTTO/JUCE/modules/juce_graphics/juce_graphics.h:67:
In file included from /Users/larryseyer/AudioDevelopment/OTTO/JUCE/modules/juce_core/juce_core.h:357:
/Users/larryseyer/AudioDevelopment/OTTO/JUCE/modules/juce_core/network/juce_URL.h:567:12: warning: 'JUCE_IOS' is not defined, evaluates to 0 [-Wundef]
  567 |        #if JUCE_IOS
      |            ^
/Users/larryseyer/AudioDevelopment/OTTO/JUCE/modules/juce_core/network/juce_URL.h:708:8: warning: 'JUCE_IOS' is not defined, evaluates to 0 [-Wundef]
  708 |    #if JUCE_IOS
      |        ^
In file included from /Users/larryseyer/AudioDevelopment/OTTO/Source/UI/Touch/GestureRecognizer.cpp:1:
In file included from /Users/larryseyer/AudioDevelopment/OTTO/Source/UI/Touch/GestureRecognizer.h:4:
In file included from /Users/larryseyer/AudioDevelopment/OTTO/Builds/MacOSX/CMake-Release/OTTO_artefacts/JuceLibraryCode/JuceHeader.h:14:
In file included from /Users/larryseyer/AudioDevelopment/OTTO/JUCE/modules/juce_audio_plugin_client/juce_audio_plugin_client.h:63:
In file included from /Users/larryseyer/AudioDevelopment/OTTO/JUCE/modules/juce_gui_basics/juce_gui_basics.h:68:
In file included from /Users/larryseyer/AudioDevelopment/OTTO/JUCE/modules/juce_graphics/juce_graphics.h:67:
In file included from /Users/larryseyer/AudioDevelopment/OTTO/JUCE/modules/juce_core/juce_core.h:366:
/Users/larryseyer/AudioDevelopment/OTTO/JUCE/modules/juce_core/zip/juce_ZipFile.h:280:8: warning: 'JUCE_DEBUG' is not defined, evaluates to 0 [-Wundef]
  280 |    #if JUCE_DEBUG
      |        ^
In file included from /Users/larryseyer/AudioDevelopment/OTTO/Source/UI/Touch/GestureRecognizer.cpp:1:
In file included from /Users/larryseyer/AudioDevelopment/OTTO/Source/UI/Touch/GestureRecognizer.h:4:
In file included from /Users/larryseyer/AudioDevelopment/OTTO/Builds/MacOSX/CMake-Release/OTTO_artefacts/JuceLibraryCode/JuceHeader.h:14:
In file included from /Users/larryseyer/AudioDevelopment/OTTO/JUCE/modules/juce_audio_plugin_client/juce_audio_plugin_client.h:63:
In file included from /Users/larryseyer/AudioDevelopment/OTTO/JUCE/modules/juce_gui_basics/juce_gui_basics.h:68:
In file included from /Users/larryseyer/AudioDevelopment/OTTO/JUCE/modules/juce_graphics/juce_graphics.h:67:
/Users/larryseyer/AudioDevelopment/OTTO/JUCE/modules/juce_core/juce_core.h:378:5: warning: 'JUCE_CORE_INCLUDE_OBJC_HELPERS' is not defined, evaluates to 0 [-Wundef]
  378 | #if JUCE_CORE_INCLUDE_OBJC_HELPERS && (JUCE_MAC || JUCE_IOS)
      |     ^
/Users/larryseyer/AudioDevelopment/OTTO/JUCE/modules/juce_core/juce_core.h:383:5: warning: 'JUCE_CORE_INCLUDE_COM_SMART_PTR' is not defined, evaluates to 0 [-Wundef]
  383 | #if JUCE_CORE_INCLUDE_COM_SMART_PTR && JUCE_WINDOWS
      |     ^
/Users/larryseyer/AudioDevelopment/OTTO/JUCE/modules/juce_core/juce_core.h:387:5: warning: 'JUCE_CORE_INCLUDE_JNI_HELPERS' is not defined, evaluates to 0 [-Wundef]
  387 | #if JUCE_CORE_INCLUDE_JNI_HELPERS && JUCE_ANDROID
      |     ^
/Users/larryseyer/AudioDevelopment/OTTO/JUCE/modules/juce_core/juce_core.h:392:5: warning: 'JUCE_UNIT_TESTS' is not defined, evaluates to 0 [-Wundef]
  392 | #if JUCE_UNIT_TESTS
      |     ^
/Users/larryseyer/AudioDevelopment/OTTO/JUCE/modules/juce_core/juce_core.h:407:6: warning: 'JUCE_DEBUG' is not defined, evaluates to 0 [-Wundef]
  407 |  #if JUCE_DEBUG
      |      ^
In file included from /Users/larryseyer/AudioDevelopment/OTTO/Source/UI/Touch/GestureRecognizer.cpp:1:
In file included from /Users/larryseyer/AudioDevelopment/OTTO/Source/UI/Touch/GestureRecognizer.h:4:
In file included from /Users/larryseyer/AudioDevelopment/OTTO/Builds/MacOSX/CMake-Release/OTTO_artefacts/JuceLibraryCode/JuceHeader.h:14:
In file included from /Users/larryseyer/AudioDevelopment/OTTO/JUCE/modules/juce_audio_plugin_client/juce_audio_plugin_client.h:63:
In file included from /Users/larryseyer/AudioDevelopment/OTTO/JUCE/modules/juce_gui_basics/juce_gui_basics.h:68:
In file included from /Users/larryseyer/AudioDevelopment/OTTO/JUCE/modules/juce_graphics/juce_graphics.h:68:
/Users/larryseyer/AudioDevelopment/OTTO/JUCE/modules/juce_events/juce_events.h:75:5: warning: 'JUCE_WINDOWS' is not defined, evaluates to 0 [-Wundef]
   75 | #if JUCE_WINDOWS && JUCE_EVENTS_INCLUDE_WINRT_WRAPPER
      |     ^
In file included from /Users/larryseyer/AudioDevelopment/OTTO/Source/UI/Touch/GestureRecognizer.cpp:1:
In file included from /Users/larryseyer/AudioDevelopment/OTTO/Source/UI/Touch/GestureRecognizer.h:4:
In file included from /Users/larryseyer/AudioDevelopment/OTTO/Builds/MacOSX/CMake-Release/OTTO_artefacts/JuceLibraryCode/JuceHeader.h:14:
In file included from /Users/larryseyer/AudioDevelopment/OTTO/JUCE/modules/juce_audio_plugin_client/juce_audio_plugin_client.h:63:
In file included from /Users/larryseyer/AudioDevelopment/OTTO/JUCE/modules/juce_gui_basics/juce_gui_basics.h:68:
In file included from /Users/larryseyer/AudioDevelopment/OTTO/JUCE/modules/juce_graphics/juce_graphics.h:68:
In file included from /Users/larryseyer/AudioDevelopment/OTTO/JUCE/modules/juce_events/juce_events.h:91:
/Users/larryseyer/AudioDevelopment/OTTO/JUCE/modules/juce_events/messages/juce_ApplicationBase.h:300:8: warning: 'JUCE_IOS' is not defined, evaluates to 0 [-Wundef]
  300 |    #if JUCE_IOS
      |        ^
/Users/larryseyer/AudioDevelopment/OTTO/JUCE/modules/juce_events/messages/juce_ApplicationBase.h:324:40: warning: 'DOXYGEN' is not defined, evaluates to 0 [-Wundef]
  324 | #if JUCE_CATCH_UNHANDLED_EXCEPTIONS || DOXYGEN
      |                                        ^
In file included from /Users/larryseyer/AudioDevelopment/OTTO/Source/UI/Touch/GestureRecognizer.cpp:1:
In file included from /Users/larryseyer/AudioDevelopment/OTTO/Source/UI/Touch/GestureRecognizer.h:4:
In file included from /Users/larryseyer/AudioDevelopment/OTTO/Builds/MacOSX/CMake-Release/OTTO_artefacts/JuceLibraryCode/JuceHeader.h:14:
In file included from /Users/larryseyer/AudioDevelopment/OTTO/JUCE/modules/juce_audio_plugin_client/juce_audio_plugin_client.h:63:
In file included from /Users/larryseyer/AudioDevelopment/OTTO/JUCE/modules/juce_gui_basics/juce_gui_basics.h:68:
In file included from /Users/larryseyer/AudioDevelopment/OTTO/JUCE/modules/juce_graphics/juce_graphics.h:68:
In file included from /Users/larryseyer/AudioDevelopment/OTTO/JUCE/modules/juce_events/juce_events.h:92:
/Users/larryseyer/AudioDevelopment/OTTO/JUCE/modules/juce_events/messages/juce_Initialisation.h:102:5: warning: 'DOXYGEN' is not defined, evaluates to 0 [-Wundef]
  102 | #if DOXYGEN
      |     ^
/Users/larryseyer/AudioDevelopment/OTTO/JUCE/modules/juce_events/messages/juce_Initialisation.h:105:6: warning: 'JUCE_WINDOWS' is not defined, evaluates to 0 [-Wundef]
  105 |  #if JUCE_WINDOWS && ! defined (_CONSOLE)
      |      ^
/Users/larryseyer/AudioDevelopment/OTTO/JUCE/modules/juce_events/messages/juce_Initialisation.h:116:6: warning: 'JUCE_IOS' is not defined, evaluates to 0 [-Wundef]
  116 |  #if JUCE_IOS
      |      ^
/Users/larryseyer/AudioDevelopment/OTTO/JUCE/modules/juce_events/messages/juce_Initialisation.h:138:8: warning: 'JUCE_ANDROID' is not defined, evaluates to 0 [-Wundef]
  138 |  #elif JUCE_ANDROID
      |        ^
/Users/larryseyer/AudioDevelopment/OTTO/JUCE/modules/juce_events/messages/juce_Initialisation.h:161:7: warning: 'JUCE_USE_CUSTOM_PLUGIN_STANDALONE_APP' is not defined, evaluates to 0 [-Wundef]
  161 |   #if JUCE_USE_CUSTOM_PLUGIN_STANDALONE_APP
      |       ^
/Users/larryseyer/AudioDevelopment/OTTO/JUCE/modules/juce_events/messages/juce_Initialisation.h:168:8: warning: 'JUCE_IOS' is not defined, evaluates to 0 [-Wundef]
  168 |    #if JUCE_IOS
      |        ^
In file included from /Users/larryseyer/AudioDevelopment/OTTO/Source/UI/Touch/GestureRecognizer.cpp:1:
In file included from /Users/larryseyer/AudioDevelopment/OTTO/Source/UI/Touch/GestureRecognizer.h:4:
In file included from /Users/larryseyer/AudioDevelopment/OTTO/Builds/MacOSX/CMake-Release/OTTO_artefacts/JuceLibraryCode/JuceHeader.h:14:
In file included from /Users/larryseyer/AudioDevelopment/OTTO/JUCE/modules/juce_audio_plugin_client/juce_audio_plugin_client.h:63:
In file included from /Users/larryseyer/AudioDevelopment/OTTO/JUCE/modules/juce_gui_basics/juce_gui_basics.h:68:
In file included from /Users/larryseyer/AudioDevelopment/OTTO/JUCE/modules/juce_graphics/juce_graphics.h:68:
/Users/larryseyer/AudioDevelopment/OTTO/JUCE/modules/juce_events/juce_events.h:110:5: warning: 'JUCE_LINUX' is not defined, evaluates to 0 [-Wundef]
  110 | #if JUCE_LINUX || JUCE_BSD
      |     ^
/Users/larryseyer/AudioDevelopment/OTTO/JUCE/modules/juce_events/juce_events.h:110:19: warning: 'JUCE_BSD' is not defined, evaluates to 0 [-Wundef]
  110 | #if JUCE_LINUX || JUCE_BSD
      |                   ^
/Users/larryseyer/AudioDevelopment/OTTO/JUCE/modules/juce_events/juce_events.h:114:5: warning: 'JUCE_WINDOWS' is not defined, evaluates to 0 [-Wundef]
  114 | #if JUCE_WINDOWS
      |     ^
In file included from /Users/larryseyer/AudioDevelopment/OTTO/Source/UI/Touch/GestureRecognizer.cpp:1:
In file included from /Users/larryseyer/AudioDevelopment/OTTO/Source/UI/Touch/GestureRecognizer.h:4:
In file included from /Users/larryseyer/AudioDevelopment/OTTO/Builds/MacOSX/CMake-Release/OTTO_artefacts/JuceLibraryCode/JuceHeader.h:14:
In file included from /Users/larryseyer/AudioDevelopment/OTTO/JUCE/modules/juce_audio_plugin_client/juce_audio_plugin_client.h:63:
In file included from /Users/larryseyer/AudioDevelopment/OTTO/JUCE/modules/juce_gui_basics/juce_gui_basics.h:68:
In file included from /Users/larryseyer/AudioDevelopment/OTTO/JUCE/modules/juce_graphics/juce_graphics.h:122:
/Users/larryseyer/AudioDevelopment/OTTO/JUCE/modules/juce_graphics/colour/juce_PixelFormats.h:39:5: warning: 'JUCE_MSVC' is not defined, evaluates to 0 [-Wundef]
   39 | #if JUCE_MSVC
      |     ^
/Users/larryseyer/AudioDevelopment/OTTO/JUCE/modules/juce_graphics/colour/juce_PixelFormats.h:89:12: warning: 'JUCE_ANDROID' is not defined, evaluates to 0 [-Wundef]
   89 |        #if JUCE_ANDROID
      |            ^
/Users/larryseyer/AudioDevelopment/OTTO/JUCE/modules/juce_graphics/colour/juce_PixelFormats.h:100:12: warning: 'JUCE_BIG_ENDIAN' is not defined, evaluates to 0 [-Wundef]
  100 |        #if JUCE_BIG_ENDIAN
      |            ^
/Users/larryseyer/AudioDevelopment/OTTO/JUCE/modules/juce_graphics/colour/juce_PixelFormats.h:301:7: warning: 'JUCE_ANDROID' is not defined, evaluates to 0 [-Wundef]
  301 |   #if JUCE_ANDROID
      |       ^
/Users/larryseyer/AudioDevelopment/OTTO/JUCE/modules/juce_graphics/colour/juce_PixelFormats.h:308:8: warning: 'JUCE_BIG_ENDIAN' is not defined, evaluates to 0 [-Wundef]
  308 |    #if JUCE_BIG_ENDIAN
      |        ^
/Users/larryseyer/AudioDevelopment/OTTO/JUCE/modules/juce_graphics/colour/juce_PixelFormats.h:325:11: warning: 'JUCE_ANDROID' is not defined, evaluates to 0 [-Wundef]
  325 |       #if JUCE_ANDROID
      |           ^
/Users/larryseyer/AudioDevelopment/OTTO/JUCE/modules/juce_graphics/colour/juce_PixelFormats.h:332:12: warning: 'JUCE_BIG_ENDIAN' is not defined, evaluates to 0 [-Wundef]
  332 |        #if JUCE_BIG_ENDIAN
      |            ^
/Users/larryseyer/AudioDevelopment/OTTO/JUCE/modules/juce_graphics/colour/juce_PixelFormats.h:375:12: warning: 'JUCE_ANDROID' is not defined, evaluates to 0 [-Wundef]
  375 |        #if JUCE_ANDROID
      |            ^
/Users/larryseyer/AudioDevelopment/OTTO/JUCE/modules/juce_graphics/colour/juce_PixelFormats.h:386:12: warning: 'JUCE_ANDROID' is not defined, evaluates to 0 [-Wundef]
  386 |        #if JUCE_ANDROID
      |            ^
/Users/larryseyer/AudioDevelopment/OTTO/JUCE/modules/juce_graphics/colour/juce_PixelFormats.h:397:12: warning: 'JUCE_BIG_ENDIAN' is not defined, evaluates to 0 [-Wundef]
  397 |        #if JUCE_BIG_ENDIAN
      |            ^
/Users/larryseyer/AudioDevelopment/OTTO/JUCE/modules/juce_graphics/colour/juce_PixelFormats.h:411:12: warning: 'JUCE_ANDROID' is not defined, evaluates to 0 [-Wundef]
  411 |        #if JUCE_ANDROID
      |            ^
/Users/larryseyer/AudioDevelopment/OTTO/JUCE/modules/juce_graphics/colour/juce_PixelFormats.h:472:12: warning: 'JUCE_ANDROID' is not defined, evaluates to 0 [-Wundef]
  472 |        #if JUCE_ANDROID
      |            ^
/Users/larryseyer/AudioDevelopment/OTTO/JUCE/modules/juce_graphics/colour/juce_PixelFormats.h:504:12: warning: 'JUCE_ANDROID' is not defined, evaluates to 0 [-Wundef]
  504 |        #if JUCE_ANDROID
      |            ^
/Users/larryseyer/AudioDevelopment/OTTO/JUCE/modules/juce_graphics/colour/juce_PixelFormats.h:527:12: warning: 'JUCE_ANDROID' is not defined, evaluates to 0 [-Wundef]
  527 |        #if JUCE_ANDROID
      |            ^
/Users/larryseyer/AudioDevelopment/OTTO/JUCE/modules/juce_graphics/colour/juce_PixelFormats.h:569:11: warning: 'JUCE_ANDROID' is not defined, evaluates to 0 [-Wundef]
  569 |       #if JUCE_ANDROID
      |           ^
/Users/larryseyer/AudioDevelopment/OTTO/JUCE/modules/juce_graphics/colour/juce_PixelFormats.h:745:5: warning: 'JUCE_MSVC' is not defined, evaluates to 0 [-Wundef]
  745 | #if JUCE_MSVC
      |     ^
In file included from /Users/larryseyer/AudioDevelopment/OTTO/Source/UI/Touch/GestureRecognizer.cpp:1:
In file included from /Users/larryseyer/AudioDevelopment/OTTO/Source/UI/Touch/GestureRecognizer.h:4:
In file included from /Users/larryseyer/AudioDevelopment/OTTO/Builds/MacOSX/CMake-Release/OTTO_artefacts/JuceLibraryCode/JuceHeader.h:14:
In file included from /Users/larryseyer/AudioDevelopment/OTTO/JUCE/modules/juce_audio_plugin_client/juce_audio_plugin_client.h:63:
In file included from /Users/larryseyer/AudioDevelopment/OTTO/JUCE/modules/juce_gui_basics/juce_gui_basics.h:68:
In file included from /Users/larryseyer/AudioDevelopment/OTTO/JUCE/modules/juce_graphics/juce_graphics.h:141:
/Users/larryseyer/AudioDevelopment/OTTO/JUCE/modules/juce_graphics/detail/juce_Ranges.h:114:12: warning: 'JUCE_DEBUG' is not defined, evaluates to 0 [-Wundef]
  114 |        #if JUCE_DEBUG
      |            ^
In file included from /Users/larryseyer/AudioDevelopment/OTTO/Source/UI/Touch/GestureRecognizer.cpp:1:
In file included from /Users/larryseyer/AudioDevelopment/OTTO/Source/UI/Touch/GestureRecognizer.h:4:
In file included from /Users/larryseyer/AudioDevelopment/OTTO/Builds/MacOSX/CMake-Release/OTTO_artefacts/JuceLibraryCode/JuceHeader.h:14:
In file included from /Users/larryseyer/AudioDevelopment/OTTO/JUCE/modules/juce_audio_plugin_client/juce_audio_plugin_client.h:63:
In file included from /Users/larryseyer/AudioDevelopment/OTTO/JUCE/modules/juce_gui_basics/juce_gui_basics.h:68:
In file included from /Users/larryseyer/AudioDevelopment/OTTO/JUCE/modules/juce_graphics/juce_graphics.h:150:
/Users/larryseyer/AudioDevelopment/OTTO/JUCE/modules/juce_graphics/native/juce_RenderingHelpers.h:389:30: warning: implicit conversion increases floating-point precision: 'float' to 'double' [-Wdouble-promotion]
  389 |                 grad = (p2.y - p1.y) / (double) (p1.x - p2.x);
      |                         ~~~~~^~~~~~  ~
/Users/larryseyer/AudioDevelopment/OTTO/JUCE/modules/juce_graphics/native/juce_RenderingHelpers.h:390:36: warning: implicit conversion increases floating-point precision: 'float' to 'double' [-Wdouble-promotion]
  390 |                 yTerm = p1.y - (p1.x / grad);
      |                                 ~~~^ ~
/Users/larryseyer/AudioDevelopment/OTTO/JUCE/modules/juce_graphics/native/juce_RenderingHelpers.h:390:28: warning: implicit conversion increases floating-point precision: 'float' to 'double' [-Wdouble-promotion]
  390 |                 yTerm = p1.y - (p1.x / grad);
      |                         ~~~^ ~
/Users/larryseyer/AudioDevelopment/OTTO/JUCE/modules/juce_graphics/native/juce_RenderingHelpers.h:391:127: warning: implicit conversion increases floating-point precision: 'float' to 'double' [-Wdouble-promotion]
  391 |                 scale = roundToInt ((double) ((int64_t) numEntries << (int) numScaleBits) / (yTerm * grad - (p2.y * grad - p2.x)));
      |                                                                                                                          ~ ~~~^
/Users/larryseyer/AudioDevelopment/OTTO/JUCE/modules/juce_graphics/native/juce_RenderingHelpers.h:391:113: warning: implicit conversion increases floating-point precision: 'float' to 'double' [-Wdouble-promotion]
  391 |                 scale = roundToInt ((double) ((int64_t) numEntries << (int) numScaleBits) / (yTerm * grad - (p2.y * grad - p2.x)));
      |                                                                                                              ~~~^ ~
/Users/larryseyer/AudioDevelopment/OTTO/JUCE/modules/juce_graphics/native/juce_RenderingHelpers.h:429:36: warning: implicit conversion increases floating-point precision: 'const float' to 'const double' [-Wdouble-promotion]
  429 |               gx1 (gradient.point1.x),
      |                   ~~~~~~~~~~~~~~~~~^
/Users/larryseyer/AudioDevelopment/OTTO/JUCE/modules/juce_graphics/native/juce_RenderingHelpers.h:430:36: warning: implicit conversion increases floating-point precision: 'const float' to 'const double' [-Wdouble-promotion]
  430 |               gy1 (gradient.point1.y)
      |                   ~~~~~~~~~~~~~~~~~^
/Users/larryseyer/AudioDevelopment/OTTO/JUCE/modules/juce_graphics/native/juce_RenderingHelpers.h:434:39: warning: implicit conversion increases floating-point precision: 'float' to 'double' [-Wdouble-promotion]
  434 |             maxDist = diff.x * diff.x + diff.y * diff.y;
      |                     ~ ~~~~~~~~~~~~~~~~^~~~~~~~~~~~~~~~~
/Users/larryseyer/AudioDevelopment/OTTO/JUCE/modules/juce_graphics/native/juce_RenderingHelpers.h:471:37: warning: implicit conversion increases floating-point precision: 'const float' to 'double' [-Wdouble-promotion]
  471 |             tM10 = inverseTransform.mat10;
      |                  ~ ~~~~~~~~~~~~~~~~~^~~~~
/Users/larryseyer/AudioDevelopment/OTTO/JUCE/modules/juce_graphics/native/juce_RenderingHelpers.h:472:37: warning: implicit conversion increases floating-point precision: 'const float' to 'double' [-Wdouble-promotion]
  472 |             tM00 = inverseTransform.mat00;
      |                  ~ ~~~~~~~~~~~~~~~~~^~~~~
/Users/larryseyer/AudioDevelopment/OTTO/JUCE/modules/juce_graphics/native/juce_RenderingHelpers.h:478:56: warning: implicit conversion increases floating-point precision: 'float' to 'double' [-Wdouble-promotion]
  478 |             lineYM01 = inverseTransform.mat01 * floatY + inverseTransform.mat02 - gx1;
      |                        ~~~~~~~~~~~~~~~~~~~~~~~~~~~~~~~~^~~~~~~~~~~~~~~~~~~~~~~~ ~
/Users/larryseyer/AudioDevelopment/OTTO/JUCE/modules/juce_graphics/native/juce_RenderingHelpers.h:479:56: warning: implicit conversion increases floating-point precision: 'float' to 'double' [-Wdouble-promotion]
  479 |             lineYM11 = inverseTransform.mat11 * floatY + inverseTransform.mat12 - gy1;
      |                        ~~~~~~~~~~~~~~~~~~~~~~~~~~~~~~~~^~~~~~~~~~~~~~~~~~~~~~~~ ~
In file included from /Users/larryseyer/AudioDevelopment/OTTO/Source/UI/Touch/GestureRecognizer.cpp:1:
In file included from /Users/larryseyer/AudioDevelopment/OTTO/Source/UI/Touch/GestureRecognizer.h:4:
In file included from /Users/larryseyer/AudioDevelopment/OTTO/Builds/MacOSX/CMake-Release/OTTO_artefacts/JuceLibraryCode/JuceHeader.h:14:
In file included from /Users/larryseyer/AudioDevelopment/OTTO/JUCE/modules/juce_audio_plugin_client/juce_audio_plugin_client.h:63:
In file included from /Users/larryseyer/AudioDevelopment/OTTO/JUCE/modules/juce_gui_basics/juce_gui_basics.h:68:
/Users/larryseyer/AudioDevelopment/OTTO/JUCE/modules/juce_graphics/juce_graphics.h:157:5: warning: 'JUCE_GRAPHICS_INCLUDE_COREGRAPHICS_HELPERS' is not defined, evaluates to 0 [-Wundef]
  157 | #if JUCE_GRAPHICS_INCLUDE_COREGRAPHICS_HELPERS && (JUCE_MAC || JUCE_IOS)
      |     ^
In file included from /Users/larryseyer/AudioDevelopment/OTTO/Source/UI/Touch/GestureRecognizer.cpp:1:
In file included from /Users/larryseyer/AudioDevelopment/OTTO/Source/UI/Touch/GestureRecognizer.h:4:
In file included from /Users/larryseyer/AudioDevelopment/OTTO/Builds/MacOSX/CMake-Release/OTTO_artefacts/JuceLibraryCode/JuceHeader.h:14:
In file included from /Users/larryseyer/AudioDevelopment/OTTO/JUCE/modules/juce_audio_plugin_client/juce_audio_plugin_client.h:63:
In file included from /Users/larryseyer/AudioDevelopment/OTTO/JUCE/modules/juce_gui_basics/juce_gui_basics.h:205:
/Users/larryseyer/AudioDevelopment/OTTO/JUCE/modules/juce_gui_basics/components/juce_Component.h:2701:12: warning: 'JUCE_DEBUG' is not defined, evaluates to 0 [-Wundef]
 2701 |        #if JUCE_DEBUG
      |            ^
In file included from /Users/larryseyer/AudioDevelopment/OTTO/Source/UI/Touch/GestureRecognizer.cpp:1:
In file included from /Users/larryseyer/AudioDevelopment/OTTO/Source/UI/Touch/GestureRecognizer.h:4:
In file included from /Users/larryseyer/AudioDevelopment/OTTO/Builds/MacOSX/CMake-Release/OTTO_artefacts/JuceLibraryCode/JuceHeader.h:14:
In file included from /Users/larryseyer/AudioDevelopment/OTTO/JUCE/modules/juce_audio_plugin_client/juce_audio_plugin_client.h:63:
In file included from /Users/larryseyer/AudioDevelopment/OTTO/JUCE/modules/juce_gui_basics/juce_gui_basics.h:239:
/Users/larryseyer/AudioDevelopment/OTTO/JUCE/modules/juce_gui_basics/layout/juce_ComponentBuilder.h:243:8: warning: 'JUCE_DEBUG' is not defined, evaluates to 0 [-Wundef]
  243 |    #if JUCE_DEBUG
      |        ^
In file included from /Users/larryseyer/AudioDevelopment/OTTO/Source/UI/Touch/GestureRecognizer.cpp:1:
In file included from /Users/larryseyer/AudioDevelopment/OTTO/Source/UI/Touch/GestureRecognizer.h:4:
In file included from /Users/larryseyer/AudioDevelopment/OTTO/Builds/MacOSX/CMake-Release/OTTO_artefacts/JuceLibraryCode/JuceHeader.h:14:
In file included from /Users/larryseyer/AudioDevelopment/OTTO/JUCE/modules/juce_audio_plugin_client/juce_audio_plugin_client.h:63:
In file included from /Users/larryseyer/AudioDevelopment/OTTO/JUCE/modules/juce_gui_basics/juce_gui_basics.h:283:
/Users/larryseyer/AudioDevelopment/OTTO/JUCE/modules/juce_gui_basics/widgets/juce_ListBox.h:182:10: warning: 'JUCE_DISABLE_ASSERTIONS' is not defined, evaluates to 0 [-Wundef]
  182 |    #if ! JUCE_DISABLE_ASSERTIONS
      |          ^
/Users/larryseyer/AudioDevelopment/OTTO/JUCE/modules/juce_gui_basics/widgets/juce_ListBox.h:235:14: warning: 'JUCE_DISABLE_ASSERTIONS' is not defined, evaluates to 0 [-Wundef]
  235 |        #if ! JUCE_DISABLE_ASSERTIONS
      |              ^
/Users/larryseyer/AudioDevelopment/OTTO/JUCE/modules/juce_gui_basics/widgets/juce_ListBox.h:643:10: warning: 'JUCE_DISABLE_ASSERTIONS' is not defined, evaluates to 0 [-Wundef]
  643 |    #if ! JUCE_DISABLE_ASSERTIONS
      |          ^
In file included from /Users/larryseyer/AudioDevelopment/OTTO/Source/UI/Touch/GestureRecognizer.cpp:1:
In file included from /Users/larryseyer/AudioDevelopment/OTTO/Source/UI/Touch/GestureRecognizer.h:4:
In file included from /Users/larryseyer/AudioDevelopment/OTTO/Builds/MacOSX/CMake-Release/OTTO_artefacts/JuceLibraryCode/JuceHeader.h:14:
In file included from /Users/larryseyer/AudioDevelopment/OTTO/JUCE/modules/juce_audio_plugin_client/juce_audio_plugin_client.h:63:
In file included from /Users/larryseyer/AudioDevelopment/OTTO/JUCE/modules/juce_gui_basics/juce_gui_basics.h:302:
/Users/larryseyer/AudioDevelopment/OTTO/JUCE/modules/juce_gui_basics/windows/juce_ComponentPeer.h:310:8: warning: 'JUCE_LINUX' is not defined, evaluates to 0 [-Wundef]
  310 |    #if JUCE_LINUX || JUCE_BSD
      |        ^
/Users/larryseyer/AudioDevelopment/OTTO/JUCE/modules/juce_gui_basics/windows/juce_ComponentPeer.h:310:22: warning: 'JUCE_BSD' is not defined, evaluates to 0 [-Wundef]
  310 |    #if JUCE_LINUX || JUCE_BSD
      |                      ^
In file included from /Users/larryseyer/AudioDevelopment/OTTO/Source/UI/Touch/GestureRecognizer.cpp:1:
In file included from /Users/larryseyer/AudioDevelopment/OTTO/Source/UI/Touch/GestureRecognizer.h:4:
In file included from /Users/larryseyer/AudioDevelopment/OTTO/Builds/MacOSX/CMake-Release/OTTO_artefacts/JuceLibraryCode/JuceHeader.h:14:
In file included from /Users/larryseyer/AudioDevelopment/OTTO/JUCE/modules/juce_audio_plugin_client/juce_audio_plugin_client.h:63:
In file included from /Users/larryseyer/AudioDevelopment/OTTO/JUCE/modules/juce_gui_basics/juce_gui_basics.h:303:
/Users/larryseyer/AudioDevelopment/OTTO/JUCE/modules/juce_gui_basics/windows/juce_ResizableWindow.h:376:8: warning: 'JUCE_DEBUG' is not defined, evaluates to 0 [-Wundef]
  376 |    #if JUCE_DEBUG
      |        ^
/Users/larryseyer/AudioDevelopment/OTTO/JUCE/modules/juce_gui_basics/windows/juce_ResizableWindow.h:414:8: warning: 'JUCE_DEBUG' is not defined, evaluates to 0 [-Wundef]
  414 |    #if JUCE_DEBUG
      |        ^
In file included from /Users/larryseyer/AudioDevelopment/OTTO/Source/UI/Touch/GestureRecognizer.cpp:1:
In file included from /Users/larryseyer/AudioDevelopment/OTTO/Source/UI/Touch/GestureRecognizer.h:4:
In file included from /Users/larryseyer/AudioDevelopment/OTTO/Builds/MacOSX/CMake-Release/OTTO_artefacts/JuceLibraryCode/JuceHeader.h:14:
In file included from /Users/larryseyer/AudioDevelopment/OTTO/JUCE/modules/juce_audio_plugin_client/juce_audio_plugin_client.h:63:
In file included from /Users/larryseyer/AudioDevelopment/OTTO/JUCE/modules/juce_gui_basics/juce_gui_basics.h:335:
/Users/larryseyer/AudioDevelopment/OTTO/JUCE/modules/juce_gui_basics/application/juce_Application.h:125:8: warning: 'DOXYGEN' is not defined, evaluates to 0 [-Wundef]
  125 |    #if DOXYGEN
      |        ^
In file included from /Users/larryseyer/AudioDevelopment/OTTO/Source/UI/Touch/GestureRecognizer.cpp:1:
In file included from /Users/larryseyer/AudioDevelopment/OTTO/Source/UI/Touch/GestureRecognizer.h:4:
In file included from /Users/larryseyer/AudioDevelopment/OTTO/Builds/MacOSX/CMake-Release/OTTO_artefacts/JuceLibraryCode/JuceHeader.h:14:
In file included from /Users/larryseyer/AudioDevelopment/OTTO/JUCE/modules/juce_audio_plugin_client/juce_audio_plugin_client.h:63:
/Users/larryseyer/AudioDevelopment/OTTO/JUCE/modules/juce_gui_basics/juce_gui_basics.h:344:5: warning: 'JUCE_LINUX' is not defined, evaluates to 0 [-Wundef]
  344 | #if JUCE_LINUX || JUCE_BSD
      |     ^
/Users/larryseyer/AudioDevelopment/OTTO/JUCE/modules/juce_gui_basics/juce_gui_basics.h:344:19: warning: 'JUCE_BSD' is not defined, evaluates to 0 [-Wundef]
  344 | #if JUCE_LINUX || JUCE_BSD
      |                   ^
/Users/larryseyer/AudioDevelopment/OTTO/JUCE/modules/juce_gui_basics/juce_gui_basics.h:394:5: warning: 'JUCE_GUI_BASICS_INCLUDE_SCOPED_THREAD_DPI_AWARENESS_SETTER' is not defined, evaluates to 0 [-Wundef]
  394 | #if JUCE_GUI_BASICS_INCLUDE_SCOPED_THREAD_DPI_AWARENESS_SETTER && JUCE_WINDOWS
      |     ^
In file included from /Users/larryseyer/AudioDevelopment/OTTO/Source/UI/Touch/GestureRecognizer.cpp:1:
In file included from /Users/larryseyer/AudioDevelopment/OTTO/Source/UI/Touch/GestureRecognizer.h:4:
In file included from /Users/larryseyer/AudioDevelopment/OTTO/Builds/MacOSX/CMake-Release/OTTO_artefacts/JuceLibraryCode/JuceHeader.h:14:
In file included from /Users/larryseyer/AudioDevelopment/OTTO/JUCE/modules/juce_audio_plugin_client/juce_audio_plugin_client.h:64:
/Users/larryseyer/AudioDevelopment/OTTO/JUCE/modules/juce_audio_basics/juce_audio_basics.h:77:7: warning: 'JUCE_INTEL' is not defined, evaluates to 0 [-Wundef]
   77 | #if ! JUCE_INTEL
      |       ^
/Users/larryseyer/AudioDevelopment/OTTO/JUCE/modules/juce_audio_basics/juce_audio_basics.h:81:24: warning: 'JUCE_USE_VDSP_FRAMEWORK' is not defined, evaluates to 0 [-Wundef]
   81 | #if __ARM_NEON__ && ! (JUCE_USE_VDSP_FRAMEWORK || defined (JUCE_USE_ARM_NEON))
      |                        ^
In file included from /Users/larryseyer/AudioDevelopment/OTTO/Source/UI/Touch/GestureRecognizer.cpp:1:
In file included from /Users/larryseyer/AudioDevelopment/OTTO/Source/UI/Touch/GestureRecognizer.h:4:
In file included from /Users/larryseyer/AudioDevelopment/OTTO/Builds/MacOSX/CMake-Release/OTTO_artefacts/JuceLibraryCode/JuceHeader.h:14:
In file included from /Users/larryseyer/AudioDevelopment/OTTO/JUCE/modules/juce_audio_plugin_client/juce_audio_plugin_client.h:64:
In file included from /Users/larryseyer/AudioDevelopment/OTTO/JUCE/modules/juce_audio_basics/juce_audio_basics.h:93:
/Users/larryseyer/AudioDevelopment/OTTO/JUCE/modules/juce_audio_basics/buffers/juce_AudioDataConverters.h:103:9: warning: 'JUCE_BIG_ENDIAN' is not defined, evaluates to 0 [-Wundef]
  103 |     #if JUCE_BIG_ENDIAN
      |         ^
/Users/larryseyer/AudioDevelopment/OTTO/JUCE/modules/juce_audio_basics/buffers/juce_AudioDataConverters.h:263:12: warning: 'JUCE_BIG_ENDIAN' is not defined, evaluates to 0 [-Wundef]
  263 |        #if JUCE_BIG_ENDIAN
      |            ^
/Users/larryseyer/AudioDevelopment/OTTO/JUCE/modules/juce_audio_basics/buffers/juce_AudioDataConverters.h:119:135: warning: implicit conversion increases floating-point precision: 'float' to 'double' [-Wdouble-promotion]
  119 |         inline void setAsFloatLE (float newValue) noexcept      { *data = (int8) jlimit ((int) -maxValue, (int) maxValue, roundToInt (newValue * (1.0 + (double) maxValue))); }
      |                                                                                                                                       ^~~~~~~~ ~
/Users/larryseyer/AudioDevelopment/OTTO/JUCE/modules/juce_audio_basics/buffers/juce_AudioDataConverters.h:144:117: warning: implicit conversion increases floating-point precision: 'float' to 'double' [-Wdouble-promotion]
  144 |         inline void setAsFloatLE (float newValue) noexcept      { *data = (uint8) jlimit (0, 255, 128 + roundToInt (newValue * (1.0 + (double) maxValue))); }
      |                                                                                                                     ^~~~~~~~ ~
/Users/larryseyer/AudioDevelopment/OTTO/JUCE/modules/juce_audio_basics/buffers/juce_AudioDataConverters.h:169:168: warning: implicit conversion increases floating-point precision: 'float' to 'double' [-Wdouble-promotion]
  169 |         inline void setAsFloatLE (float newValue) noexcept      { *data = ByteOrder::swapIfBigEndian    ((uint16) jlimit ((int) -maxValue, (int) maxValue, roundToInt (newValue * (1.0 + (double) maxValue)))); }
      |                                                                                                                                                                        ^~~~~~~~ ~
/Users/larryseyer/AudioDevelopment/OTTO/JUCE/modules/juce_audio_basics/buffers/juce_AudioDataConverters.h:170:168: warning: implicit conversion increases floating-point precision: 'float' to 'double' [-Wdouble-promotion]
  170 |         inline void setAsFloatBE (float newValue) noexcept      { *data = ByteOrder::swapIfLittleEndian ((uint16) jlimit ((int) -maxValue, (int) maxValue, roundToInt (newValue * (1.0 + (double) maxValue)))); }
      |                                                                                                                                                                        ^~~~~~~~ ~
/Users/larryseyer/AudioDevelopment/OTTO/JUCE/modules/juce_audio_basics/buffers/juce_AudioDataConverters.h:194:157: warning: implicit conversion increases floating-point precision: 'float' to 'double' [-Wdouble-promotion]
  194 |         inline void setAsFloatLE (float newValue) noexcept      { ByteOrder::littleEndian24BitToChars (jlimit ((int) -maxValue, (int) maxValue, roundToInt (newValue * (1.0 + (double) maxValue))), data); }
      |                                                                                                                                                             ^~~~~~~~ ~
/Users/larryseyer/AudioDevelopment/OTTO/JUCE/modules/juce_audio_basics/buffers/juce_AudioDataConverters.h:195:157: warning: implicit conversion increases floating-point precision: 'float' to 'double' [-Wdouble-promotion]
  195 |         inline void setAsFloatBE (float newValue) noexcept      { ByteOrder::bigEndian24BitToChars (jlimit    ((int) -maxValue, (int) maxValue, roundToInt (newValue * (1.0 + (double) maxValue))), data); }
      |                                                                                                                                                             ^~~~~~~~ ~
In file included from /Users/larryseyer/AudioDevelopment/OTTO/Source/UI/Touch/GestureRecognizer.cpp:1:
In file included from /Users/larryseyer/AudioDevelopment/OTTO/Source/UI/Touch/GestureRecognizer.h:4:
In file included from /Users/larryseyer/AudioDevelopment/OTTO/Builds/MacOSX/CMake-Release/OTTO_artefacts/JuceLibraryCode/JuceHeader.h:14:
In file included from /Users/larryseyer/AudioDevelopment/OTTO/JUCE/modules/juce_audio_plugin_client/juce_audio_plugin_client.h:64:
In file included from /Users/larryseyer/AudioDevelopment/OTTO/JUCE/modules/juce_audio_basics/juce_audio_basics.h:95:
/Users/larryseyer/AudioDevelopment/OTTO/JUCE/modules/juce_audio_basics/buffers/juce_FloatVectorOperations.h:39:6: warning: 'JUCE_INTEL' is not defined, evaluates to 0 [-Wundef]
   39 |  #if JUCE_INTEL
      |      ^
/Users/larryseyer/AudioDevelopment/OTTO/JUCE/modules/juce_audio_basics/buffers/juce_FloatVectorOperations.h:153:7: warning: 'DOXYGEN' is not defined, evaluates to 0 [-Wundef]
  153 | #if ! DOXYGEN
      |       ^
/Users/larryseyer/AudioDevelopment/OTTO/JUCE/modules/juce_audio_basics/buffers/juce_FloatVectorOperations.h:237:7: warning: 'JUCE_USE_SSE_INTRINSICS' is not defined, evaluates to 0 [-Wundef]
  237 |   #if JUCE_USE_SSE_INTRINSICS || (JUCE_USE_ARM_NEON || (JUCE_64BIT && JUCE_ARM))
      |       ^
In file included from /Users/larryseyer/AudioDevelopment/OTTO/Source/UI/Touch/GestureRecognizer.cpp:1:
In file included from /Users/larryseyer/AudioDevelopment/OTTO/Source/UI/Touch/GestureRecognizer.h:4:
In file included from /Users/larryseyer/AudioDevelopment/OTTO/Builds/MacOSX/CMake-Release/OTTO_artefacts/JuceLibraryCode/JuceHeader.h:14:
In file included from /Users/larryseyer/AudioDevelopment/OTTO/JUCE/modules/juce_audio_plugin_client/juce_audio_plugin_client.h:64:
In file included from /Users/larryseyer/AudioDevelopment/OTTO/JUCE/modules/juce_audio_basics/juce_audio_basics.h:97:
/Users/larryseyer/AudioDevelopment/OTTO/JUCE/modules/juce_audio_basics/buffers/juce_AudioSampleBuffer.h:1155:15: warning: 'JUCE_GCC' is not defined, evaluates to 0 [-Wundef]
 1155 |        #if (! JUCE_GCC || (__GNUC__ * 100 + __GNUC_MINOR__) >= 409)
      |               ^
In file included from /Users/larryseyer/AudioDevelopment/OTTO/Source/UI/Touch/GestureRecognizer.cpp:1:
In file included from /Users/larryseyer/AudioDevelopment/OTTO/Source/UI/Touch/GestureRecognizer.h:4:
In file included from /Users/larryseyer/AudioDevelopment/OTTO/Builds/MacOSX/CMake-Release/OTTO_artefacts/JuceLibraryCode/JuceHeader.h:14:
In file included from /Users/larryseyer/AudioDevelopment/OTTO/JUCE/modules/juce_audio_plugin_client/juce_audio_plugin_client.h:64:
In file included from /Users/larryseyer/AudioDevelopment/OTTO/JUCE/modules/juce_audio_basics/juce_audio_basics.h:104:
/Users/larryseyer/AudioDevelopment/OTTO/JUCE/modules/juce_audio_basics/utilities/juce_SmoothedValue.h:421:5: warning: 'JUCE_UNIT_TESTS' is not defined, evaluates to 0 [-Wundef]
  421 | #if JUCE_UNIT_TESTS
      |     ^
In file included from /Users/larryseyer/AudioDevelopment/OTTO/Source/UI/Touch/GestureRecognizer.cpp:1:
In file included from /Users/larryseyer/AudioDevelopment/OTTO/Source/UI/Touch/GestureRecognizer.h:4:
In file included from /Users/larryseyer/AudioDevelopment/OTTO/Builds/MacOSX/CMake-Release/OTTO_artefacts/JuceLibraryCode/JuceHeader.h:14:
In file included from /Users/larryseyer/AudioDevelopment/OTTO/JUCE/modules/juce_audio_plugin_client/juce_audio_plugin_client.h:64:
In file included from /Users/larryseyer/AudioDevelopment/OTTO/JUCE/modules/juce_audio_basics/juce_audio_basics.h:106:
/Users/larryseyer/AudioDevelopment/OTTO/JUCE/modules/juce_audio_basics/utilities/juce_ADSR.h:155:66: warning: implicit conversion increases floating-point precision: 'float' to 'double' [-Wdouble-promotion]
  155 |                 releaseRate = (float) (envelopeVal / (parameters.release * sampleRate));
      |                                                       ~~~~~~~~~~~^~~~~~~ ~
/Users/larryseyer/AudioDevelopment/OTTO/JUCE/modules/juce_audio_basics/utilities/juce_ADSR.h:155:40: warning: implicit conversion increases floating-point precision: 'float' to 'double' [-Wdouble-promotion]
  155 |                 releaseRate = (float) (envelopeVal / (parameters.release * sampleRate));
      |                                        ^~~~~~~~~~~ ~
/Users/larryseyer/AudioDevelopment/OTTO/JUCE/modules/juce_audio_basics/utilities/juce_ADSR.h:266:64: warning: implicit conversion increases floating-point precision: 'float' to 'double' [-Wdouble-promotion]
  266 |             return timeInSeconds > 0.0f ? (float) (distance / (timeInSeconds * sr)) : -1.0f;
      |                                                                ^~~~~~~~~~~~~ ~
/Users/larryseyer/AudioDevelopment/OTTO/JUCE/modules/juce_audio_basics/utilities/juce_ADSR.h:266:52: warning: implicit conversion increases floating-point precision: 'float' to 'double' [-Wdouble-promotion]
  266 |             return timeInSeconds > 0.0f ? (float) (distance / (timeInSeconds * sr)) : -1.0f;
      |                                                    ^~~~~~~~ ~
In file included from /Users/larryseyer/AudioDevelopment/OTTO/Source/UI/Touch/GestureRecognizer.cpp:1:
In file included from /Users/larryseyer/AudioDevelopment/OTTO/Source/UI/Touch/GestureRecognizer.h:4:
In file included from /Users/larryseyer/AudioDevelopment/OTTO/Builds/MacOSX/CMake-Release/OTTO_artefacts/JuceLibraryCode/JuceHeader.h:14:
In file included from /Users/larryseyer/AudioDevelopment/OTTO/JUCE/modules/juce_audio_plugin_client/juce_audio_plugin_client.h:65:
In file included from /Users/larryseyer/AudioDevelopment/OTTO/JUCE/modules/juce_audio_processors/juce_audio_processors.h:67:
/Users/larryseyer/AudioDevelopment/OTTO/JUCE/modules/juce_gui_extra/juce_gui_extra.h:127:6: warning: 'JUCE_DEBUG' is not defined, evaluates to 0 [-Wundef]
  127 |  #if JUCE_DEBUG && ! (JUCE_IOS || JUCE_ANDROID)
      |      ^
In file included from /Users/larryseyer/AudioDevelopment/OTTO/Source/UI/Touch/GestureRecognizer.cpp:1:
In file included from /Users/larryseyer/AudioDevelopment/OTTO/Source/UI/Touch/GestureRecognizer.h:4:
In file included from /Users/larryseyer/AudioDevelopment/OTTO/Builds/MacOSX/CMake-Release/OTTO_artefacts/JuceLibraryCode/JuceHeader.h:14:
In file included from /Users/larryseyer/AudioDevelopment/OTTO/JUCE/modules/juce_audio_plugin_client/juce_audio_plugin_client.h:65:
In file included from /Users/larryseyer/AudioDevelopment/OTTO/JUCE/modules/juce_audio_processors/juce_audio_processors.h:67:
In file included from /Users/larryseyer/AudioDevelopment/OTTO/JUCE/modules/juce_gui_extra/juce_gui_extra.h:141:
/Users/larryseyer/AudioDevelopment/OTTO/JUCE/modules/juce_gui_extra/embedding/juce_ActiveXControlComponent.h:38:5: warning: 'JUCE_WINDOWS' is not defined, evaluates to 0 [-Wundef]
   38 | #if JUCE_WINDOWS || DOXYGEN
      |     ^
/Users/larryseyer/AudioDevelopment/OTTO/JUCE/modules/juce_gui_extra/embedding/juce_ActiveXControlComponent.h:38:21: warning: 'DOXYGEN' is not defined, evaluates to 0 [-Wundef]
   38 | #if JUCE_WINDOWS || DOXYGEN
      |                     ^
In file included from /Users/larryseyer/AudioDevelopment/OTTO/Source/UI/Touch/GestureRecognizer.cpp:1:
In file included from /Users/larryseyer/AudioDevelopment/OTTO/Source/UI/Touch/GestureRecognizer.h:4:
In file included from /Users/larryseyer/AudioDevelopment/OTTO/Builds/MacOSX/CMake-Release/OTTO_artefacts/JuceLibraryCode/JuceHeader.h:14:
In file included from /Users/larryseyer/AudioDevelopment/OTTO/JUCE/modules/juce_audio_plugin_client/juce_audio_plugin_client.h:65:
In file included from /Users/larryseyer/AudioDevelopment/OTTO/JUCE/modules/juce_audio_processors/juce_audio_processors.h:67:
In file included from /Users/larryseyer/AudioDevelopment/OTTO/JUCE/modules/juce_gui_extra/juce_gui_extra.h:142:
/Users/larryseyer/AudioDevelopment/OTTO/JUCE/modules/juce_gui_extra/embedding/juce_AndroidViewComponent.h:38:5: warning: 'JUCE_ANDROID' is not defined, evaluates to 0 [-Wundef]
   38 | #if JUCE_ANDROID || DOXYGEN
      |     ^
/Users/larryseyer/AudioDevelopment/OTTO/JUCE/modules/juce_gui_extra/embedding/juce_AndroidViewComponent.h:38:21: warning: 'DOXYGEN' is not defined, evaluates to 0 [-Wundef]
   38 | #if JUCE_ANDROID || DOXYGEN
      |                     ^
In file included from /Users/larryseyer/AudioDevelopment/OTTO/Source/UI/Touch/GestureRecognizer.cpp:1:
In file included from /Users/larryseyer/AudioDevelopment/OTTO/Source/UI/Touch/GestureRecognizer.h:4:
In file included from /Users/larryseyer/AudioDevelopment/OTTO/Builds/MacOSX/CMake-Release/OTTO_artefacts/JuceLibraryCode/JuceHeader.h:14:
In file included from /Users/larryseyer/AudioDevelopment/OTTO/JUCE/modules/juce_audio_plugin_client/juce_audio_plugin_client.h:65:
In file included from /Users/larryseyer/AudioDevelopment/OTTO/JUCE/modules/juce_audio_processors/juce_audio_processors.h:67:
In file included from /Users/larryseyer/AudioDevelopment/OTTO/JUCE/modules/juce_gui_extra/juce_gui_extra.h:144:
/Users/larryseyer/AudioDevelopment/OTTO/JUCE/modules/juce_gui_extra/embedding/juce_UIViewComponent.h:38:5: warning: 'JUCE_IOS' is not defined, evaluates to 0 [-Wundef]
   38 | #if JUCE_IOS || DOXYGEN
      |     ^
/Users/larryseyer/AudioDevelopment/OTTO/JUCE/modules/juce_gui_extra/embedding/juce_UIViewComponent.h:38:17: warning: 'DOXYGEN' is not defined, evaluates to 0 [-Wundef]
   38 | #if JUCE_IOS || DOXYGEN
      |                 ^
In file included from /Users/larryseyer/AudioDevelopment/OTTO/Source/UI/Touch/GestureRecognizer.cpp:1:
In file included from /Users/larryseyer/AudioDevelopment/OTTO/Source/UI/Touch/GestureRecognizer.h:4:
In file included from /Users/larryseyer/AudioDevelopment/OTTO/Builds/MacOSX/CMake-Release/OTTO_artefacts/JuceLibraryCode/JuceHeader.h:14:
In file included from /Users/larryseyer/AudioDevelopment/OTTO/JUCE/modules/juce_audio_plugin_client/juce_audio_plugin_client.h:65:
In file included from /Users/larryseyer/AudioDevelopment/OTTO/JUCE/modules/juce_audio_processors/juce_audio_processors.h:67:
In file included from /Users/larryseyer/AudioDevelopment/OTTO/JUCE/modules/juce_gui_extra/juce_gui_extra.h:145:
/Users/larryseyer/AudioDevelopment/OTTO/JUCE/modules/juce_gui_extra/embedding/juce_XEmbedComponent.h:43:5: warning: 'JUCE_LINUX' is not defined, evaluates to 0 [-Wundef]
   43 | #if JUCE_LINUX || JUCE_BSD || DOXYGEN
      |     ^
/Users/larryseyer/AudioDevelopment/OTTO/JUCE/modules/juce_gui_extra/embedding/juce_XEmbedComponent.h:43:19: warning: 'JUCE_BSD' is not defined, evaluates to 0 [-Wundef]
   43 | #if JUCE_LINUX || JUCE_BSD || DOXYGEN
      |                   ^
/Users/larryseyer/AudioDevelopment/OTTO/JUCE/modules/juce_gui_extra/embedding/juce_XEmbedComponent.h:43:31: warning: 'DOXYGEN' is not defined, evaluates to 0 [-Wundef]
   43 | #if JUCE_LINUX || JUCE_BSD || DOXYGEN
      |                               ^
In file included from /Users/larryseyer/AudioDevelopment/OTTO/Source/UI/Touch/GestureRecognizer.cpp:1:
In file included from /Users/larryseyer/AudioDevelopment/OTTO/Source/UI/Touch/GestureRecognizer.h:4:
In file included from /Users/larryseyer/AudioDevelopment/OTTO/Builds/MacOSX/CMake-Release/OTTO_artefacts/JuceLibraryCode/JuceHeader.h:14:
In file included from /Users/larryseyer/AudioDevelopment/OTTO/JUCE/modules/juce_audio_plugin_client/juce_audio_plugin_client.h:65:
In file included from /Users/larryseyer/AudioDevelopment/OTTO/JUCE/modules/juce_audio_processors/juce_audio_processors.h:67:
In file included from /Users/larryseyer/AudioDevelopment/OTTO/JUCE/modules/juce_gui_extra/juce_gui_extra.h:146:
/Users/larryseyer/AudioDevelopment/OTTO/JUCE/modules/juce_gui_extra/embedding/juce_HWNDComponent.h:38:5: warning: 'JUCE_WINDOWS' is not defined, evaluates to 0 [-Wundef]
   38 | #if JUCE_WINDOWS || DOXYGEN
      |     ^
/Users/larryseyer/AudioDevelopment/OTTO/JUCE/modules/juce_gui_extra/embedding/juce_HWNDComponent.h:38:21: warning: 'DOXYGEN' is not defined, evaluates to 0 [-Wundef]
   38 | #if JUCE_WINDOWS || DOXYGEN
      |                     ^
In file included from /Users/larryseyer/AudioDevelopment/OTTO/Source/UI/Touch/GestureRecognizer.cpp:1:
In file included from /Users/larryseyer/AudioDevelopment/OTTO/Source/UI/Touch/GestureRecognizer.h:4:
In file included from /Users/larryseyer/AudioDevelopment/OTTO/Builds/MacOSX/CMake-Release/OTTO_artefacts/JuceLibraryCode/JuceHeader.h:14:
In file included from /Users/larryseyer/AudioDevelopment/OTTO/JUCE/modules/juce_audio_plugin_client/juce_audio_plugin_client.h:65:
In file included from /Users/larryseyer/AudioDevelopment/OTTO/JUCE/modules/juce_audio_processors/juce_audio_processors.h:67:
In file included from /Users/larryseyer/AudioDevelopment/OTTO/JUCE/modules/juce_gui_extra/juce_gui_extra.h:152:
/Users/larryseyer/AudioDevelopment/OTTO/JUCE/modules/juce_gui_extra/misc/juce_PushNotifications.h:699:8: warning: 'JUCE_ANDROID' is not defined, evaluates to 0 [-Wundef]
  699 |    #if JUCE_ANDROID
      |        ^
In file included from /Users/larryseyer/AudioDevelopment/OTTO/Source/UI/Touch/GestureRecognizer.cpp:1:
In file included from /Users/larryseyer/AudioDevelopment/OTTO/Source/UI/Touch/GestureRecognizer.h:4:
In file included from /Users/larryseyer/AudioDevelopment/OTTO/Builds/MacOSX/CMake-Release/OTTO_artefacts/JuceLibraryCode/JuceHeader.h:14:
In file included from /Users/larryseyer/AudioDevelopment/OTTO/JUCE/modules/juce_audio_plugin_client/juce_audio_plugin_client.h:65:
In file included from /Users/larryseyer/AudioDevelopment/OTTO/JUCE/modules/juce_audio_processors/juce_audio_processors.h:67:
In file included from /Users/larryseyer/AudioDevelopment/OTTO/JUCE/modules/juce_gui_extra/juce_gui_extra.h:155:
/Users/larryseyer/AudioDevelopment/OTTO/JUCE/modules/juce_gui_extra/misc/juce_SystemTrayIconComponent.h:38:5: warning: 'JUCE_WINDOWS' is not defined, evaluates to 0 [-Wundef]
   38 | #if JUCE_WINDOWS || JUCE_LINUX || JUCE_BSD || JUCE_MAC || DOXYGEN
      |     ^
/Users/larryseyer/AudioDevelopment/OTTO/JUCE/modules/juce_gui_extra/misc/juce_SystemTrayIconComponent.h:38:21: warning: 'JUCE_LINUX' is not defined, evaluates to 0 [-Wundef]
   38 | #if JUCE_WINDOWS || JUCE_LINUX || JUCE_BSD || JUCE_MAC || DOXYGEN
      |                     ^
/Users/larryseyer/AudioDevelopment/OTTO/JUCE/modules/juce_gui_extra/misc/juce_SystemTrayIconComponent.h:38:35: warning: 'JUCE_BSD' is not defined, evaluates to 0 [-Wundef]
   38 | #if JUCE_WINDOWS || JUCE_LINUX || JUCE_BSD || JUCE_MAC || DOXYGEN
      |                                   ^
/Users/larryseyer/AudioDevelopment/OTTO/JUCE/modules/juce_gui_extra/misc/juce_SystemTrayIconComponent.h:102:8: warning: 'JUCE_LINUX' is not defined, evaluates to 0 [-Wundef]
  102 |    #if JUCE_LINUX || JUCE_BSD
      |        ^
/Users/larryseyer/AudioDevelopment/OTTO/JUCE/modules/juce_gui_extra/misc/juce_SystemTrayIconComponent.h:102:22: warning: 'JUCE_BSD' is not defined, evaluates to 0 [-Wundef]
  102 |    #if JUCE_LINUX || JUCE_BSD
      |                      ^
In file included from /Users/larryseyer/AudioDevelopment/OTTO/Source/UI/Touch/GestureRecognizer.cpp:1:
In file included from /Users/larryseyer/AudioDevelopment/OTTO/Source/UI/Touch/GestureRecognizer.h:4:
In file included from /Users/larryseyer/AudioDevelopment/OTTO/Builds/MacOSX/CMake-Release/OTTO_artefacts/JuceLibraryCode/JuceHeader.h:14:
In file included from /Users/larryseyer/AudioDevelopment/OTTO/JUCE/modules/juce_audio_plugin_client/juce_audio_plugin_client.h:65:
In file included from /Users/larryseyer/AudioDevelopment/OTTO/JUCE/modules/juce_audio_processors/juce_audio_processors.h:67:
In file included from /Users/larryseyer/AudioDevelopment/OTTO/JUCE/modules/juce_gui_extra/juce_gui_extra.h:156:
/Users/larryseyer/AudioDevelopment/OTTO/JUCE/modules/juce_gui_extra/misc/juce_WebBrowserComponent.h:38:25: warning: 'DOXYGEN' is not defined, evaluates to 0 [-Wundef]
   38 | #if JUCE_WEB_BROWSER || DOXYGEN
      |                         ^
In file included from /Users/larryseyer/AudioDevelopment/OTTO/Source/UI/Touch/GestureRecognizer.cpp:1:
In file included from /Users/larryseyer/AudioDevelopment/OTTO/Source/UI/Touch/GestureRecognizer.h:4:
In file included from /Users/larryseyer/AudioDevelopment/OTTO/Builds/MacOSX/CMake-Release/OTTO_artefacts/JuceLibraryCode/JuceHeader.h:14:
In file included from /Users/larryseyer/AudioDevelopment/OTTO/JUCE/modules/juce_audio_plugin_client/juce_audio_plugin_client.h:65:
In file included from /Users/larryseyer/AudioDevelopment/OTTO/JUCE/modules/juce_audio_processors/juce_audio_processors.h:67:
In file included from /Users/larryseyer/AudioDevelopment/OTTO/JUCE/modules/juce_gui_extra/juce_gui_extra.h:157:
/Users/larryseyer/AudioDevelopment/OTTO/JUCE/modules/juce_gui_extra/misc/juce_LiveConstantEditor.h:35:5: warning: 'JUCE_ENABLE_LIVE_CONSTANT_EDITOR' is not defined, evaluates to 0 [-Wundef]
   35 | #if JUCE_ENABLE_LIVE_CONSTANT_EDITOR && ! defined (DOXYGEN)
      |     ^
/Users/larryseyer/AudioDevelopment/OTTO/JUCE/modules/juce_gui_extra/misc/juce_LiveConstantEditor.h:258:5: warning: 'JUCE_ENABLE_LIVE_CONSTANT_EDITOR' is not defined, evaluates to 0 [-Wundef]
  258 | #if JUCE_ENABLE_LIVE_CONSTANT_EDITOR || DOXYGEN
      |     ^
/Users/larryseyer/AudioDevelopment/OTTO/JUCE/modules/juce_gui_extra/misc/juce_LiveConstantEditor.h:258:41: warning: 'DOXYGEN' is not defined, evaluates to 0 [-Wundef]
  258 | #if JUCE_ENABLE_LIVE_CONSTANT_EDITOR || DOXYGEN
      |                                         ^
In file included from /Users/larryseyer/AudioDevelopment/OTTO/Source/UI/Touch/GestureRecognizer.cpp:1:
In file included from /Users/larryseyer/AudioDevelopment/OTTO/Source/UI/Touch/GestureRecognizer.h:4:
In file included from /Users/larryseyer/AudioDevelopment/OTTO/Builds/MacOSX/CMake-Release/OTTO_artefacts/JuceLibraryCode/JuceHeader.h:14:
In file included from /Users/larryseyer/AudioDevelopment/OTTO/JUCE/modules/juce_audio_plugin_client/juce_audio_plugin_client.h:65:
In file included from /Users/larryseyer/AudioDevelopment/OTTO/JUCE/modules/juce_audio_processors/juce_audio_processors.h:67:
In file included from /Users/larryseyer/AudioDevelopment/OTTO/JUCE/modules/juce_gui_extra/juce_gui_extra.h:159:
/Users/larryseyer/AudioDevelopment/OTTO/JUCE/modules/juce_gui_extra/detail/juce_WebControlRelayEvents.h:38:25: warning: 'DOXYGEN' is not defined, evaluates to 0 [-Wundef]
   38 | #if JUCE_WEB_BROWSER || DOXYGEN
      |                         ^
In file included from /Users/larryseyer/AudioDevelopment/OTTO/Source/UI/Touch/GestureRecognizer.cpp:1:
In file included from /Users/larryseyer/AudioDevelopment/OTTO/Source/UI/Touch/GestureRecognizer.h:4:
In file included from /Users/larryseyer/AudioDevelopment/OTTO/Builds/MacOSX/CMake-Release/OTTO_artefacts/JuceLibraryCode/JuceHeader.h:14:
In file included from /Users/larryseyer/AudioDevelopment/OTTO/JUCE/modules/juce_audio_plugin_client/juce_audio_plugin_client.h:65:
In file included from /Users/larryseyer/AudioDevelopment/OTTO/JUCE/modules/juce_audio_processors/juce_audio_processors.h:67:
In file included from /Users/larryseyer/AudioDevelopment/OTTO/JUCE/modules/juce_gui_extra/juce_gui_extra.h:160:
/Users/larryseyer/AudioDevelopment/OTTO/JUCE/modules/juce_gui_extra/misc/juce_WebControlRelays.h:38:25: warning: 'DOXYGEN' is not defined, evaluates to 0 [-Wundef]
   38 | #if JUCE_WEB_BROWSER || DOXYGEN
      |                         ^
In file included from /Users/larryseyer/AudioDevelopment/OTTO/Source/UI/Touch/GestureRecognizer.cpp:1:
In file included from /Users/larryseyer/AudioDevelopment/OTTO/Source/UI/Touch/GestureRecognizer.h:4:
In file included from /Users/larryseyer/AudioDevelopment/OTTO/Builds/MacOSX/CMake-Release/OTTO_artefacts/JuceLibraryCode/JuceHeader.h:14:
In file included from /Users/larryseyer/AudioDevelopment/OTTO/JUCE/modules/juce_audio_plugin_client/juce_audio_plugin_client.h:65:
In file included from /Users/larryseyer/AudioDevelopment/OTTO/JUCE/modules/juce_audio_processors/juce_audio_processors.h:67:
In file included from /Users/larryseyer/AudioDevelopment/OTTO/JUCE/modules/juce_gui_extra/juce_gui_extra.h:161:
/Users/larryseyer/AudioDevelopment/OTTO/JUCE/modules/juce_gui_extra/misc/juce_WebControlParameterIndexReceiver.h:38:25: warning: 'DOXYGEN' is not defined, evaluates to 0 [-Wundef]
   38 | #if JUCE_WEB_BROWSER || DOXYGEN
      |                         ^
In file included from /Users/larryseyer/AudioDevelopment/OTTO/Source/UI/Touch/GestureRecognizer.cpp:1:
In file included from /Users/larryseyer/AudioDevelopment/OTTO/Source/UI/Touch/GestureRecognizer.h:4:
In file included from /Users/larryseyer/AudioDevelopment/OTTO/Builds/MacOSX/CMake-Release/OTTO_artefacts/JuceLibraryCode/JuceHeader.h:14:
In file included from /Users/larryseyer/AudioDevelopment/OTTO/JUCE/modules/juce_audio_plugin_client/juce_audio_plugin_client.h:65:
In file included from /Users/larryseyer/AudioDevelopment/OTTO/JUCE/modules/juce_audio_processors/juce_audio_processors.h:148:
/Users/larryseyer/AudioDevelopment/OTTO/JUCE/modules/juce_audio_processors/processors/juce_AudioProcessorParameter.h:363:8: warning: 'JUCE_DEBUG' is not defined, evaluates to 0 [-Wundef]
  363 |    #if JUCE_DEBUG
      |        ^
In file included from /Users/larryseyer/AudioDevelopment/OTTO/Source/UI/Touch/GestureRecognizer.cpp:1:
In file included from /Users/larryseyer/AudioDevelopment/OTTO/Source/UI/Touch/GestureRecognizer.h:4:
In file included from /Users/larryseyer/AudioDevelopment/OTTO/Builds/MacOSX/CMake-Release/OTTO_artefacts/JuceLibraryCode/JuceHeader.h:14:
In file included from /Users/larryseyer/AudioDevelopment/OTTO/JUCE/modules/juce_audio_plugin_client/juce_audio_plugin_client.h:65:
In file included from /Users/larryseyer/AudioDevelopment/OTTO/JUCE/modules/juce_audio_processors/juce_audio_processors.h:154:
/Users/larryseyer/AudioDevelopment/OTTO/JUCE/modules/juce_audio_processors/processors/juce_AudioProcessor.h:1599:7: warning: 'JUCE_DEBUG' is not defined, evaluates to 0 [-Wundef]
 1599 |   #if JUCE_DEBUG
      |       ^
In file included from /Users/larryseyer/AudioDevelopment/OTTO/Source/UI/Touch/GestureRecognizer.cpp:1:
In file included from /Users/larryseyer/AudioDevelopment/OTTO/Source/UI/Touch/GestureRecognizer.h:4:
In file included from /Users/larryseyer/AudioDevelopment/OTTO/Builds/MacOSX/CMake-Release/OTTO_artefacts/JuceLibraryCode/JuceHeader.h:14:
In file included from /Users/larryseyer/AudioDevelopment/OTTO/JUCE/modules/juce_audio_plugin_client/juce_audio_plugin_client.h:65:
In file included from /Users/larryseyer/AudioDevelopment/OTTO/JUCE/modules/juce_audio_processors/juce_audio_processors.h:162:
/Users/larryseyer/AudioDevelopment/OTTO/JUCE/modules/juce_audio_processors/format_types/juce_AudioUnitPluginFormat.h:38:55: warning: 'DOXYGEN' is not defined, evaluates to 0 [-Wundef]
   38 | #if (JUCE_PLUGINHOST_AU && (JUCE_MAC || JUCE_IOS)) || DOXYGEN
      |                                                       ^
In file included from /Users/larryseyer/AudioDevelopment/OTTO/Source/UI/Touch/GestureRecognizer.cpp:1:
In file included from /Users/larryseyer/AudioDevelopment/OTTO/Source/UI/Touch/GestureRecognizer.h:4:
In file included from /Users/larryseyer/AudioDevelopment/OTTO/Builds/MacOSX/CMake-Release/OTTO_artefacts/JuceLibraryCode/JuceHeader.h:14:
In file included from /Users/larryseyer/AudioDevelopment/OTTO/JUCE/modules/juce_audio_plugin_client/juce_audio_plugin_client.h:65:
In file included from /Users/larryseyer/AudioDevelopment/OTTO/JUCE/modules/juce_audio_processors/juce_audio_processors.h:163:
/Users/larryseyer/AudioDevelopment/OTTO/JUCE/modules/juce_audio_processors/format_types/juce_LADSPAPluginFormat.h:38:61: warning: 'DOXYGEN' is not defined, evaluates to 0 [-Wundef]
   38 | #if (JUCE_PLUGINHOST_LADSPA && (JUCE_LINUX || JUCE_BSD)) || DOXYGEN
      |                                                             ^
In file included from /Users/larryseyer/AudioDevelopment/OTTO/Source/UI/Touch/GestureRecognizer.cpp:1:
In file included from /Users/larryseyer/AudioDevelopment/OTTO/Source/UI/Touch/GestureRecognizer.h:4:
In file included from /Users/larryseyer/AudioDevelopment/OTTO/Builds/MacOSX/CMake-Release/OTTO_artefacts/JuceLibraryCode/JuceHeader.h:14:
In file included from /Users/larryseyer/AudioDevelopment/OTTO/JUCE/modules/juce_audio_plugin_client/juce_audio_plugin_client.h:65:
In file included from /Users/larryseyer/AudioDevelopment/OTTO/JUCE/modules/juce_audio_processors/juce_audio_processors.h:164:
/Users/larryseyer/AudioDevelopment/OTTO/JUCE/modules/juce_audio_processors/format_types/juce_LV2PluginFormat.h:38:64: warning: 'DOXYGEN' is not defined, evaluates to 0 [-Wundef]
   38 | #if (JUCE_PLUGINHOST_LV2 && (! (JUCE_ANDROID || JUCE_IOS))) || DOXYGEN
      |                                                                ^
In file included from /Users/larryseyer/AudioDevelopment/OTTO/Source/UI/Touch/GestureRecognizer.cpp:1:
In file included from /Users/larryseyer/AudioDevelopment/OTTO/Source/UI/Touch/GestureRecognizer.h:4:
In file included from /Users/larryseyer/AudioDevelopment/OTTO/Builds/MacOSX/CMake-Release/OTTO_artefacts/JuceLibraryCode/JuceHeader.h:14:
In file included from /Users/larryseyer/AudioDevelopment/OTTO/JUCE/modules/juce_audio_plugin_client/juce_audio_plugin_client.h:65:
In file included from /Users/larryseyer/AudioDevelopment/OTTO/JUCE/modules/juce_audio_processors/juce_audio_processors.h:165:
/Users/larryseyer/AudioDevelopment/OTTO/JUCE/modules/juce_audio_processors/format_types/juce_VST3PluginFormat.h:38:87: warning: 'DOXYGEN' is not defined, evaluates to 0 [-Wundef]
   38 | #if (JUCE_PLUGINHOST_VST3 && (JUCE_MAC || JUCE_WINDOWS || JUCE_LINUX || JUCE_BSD)) || DOXYGEN
      |                                                                                       ^
In file included from /Users/larryseyer/AudioDevelopment/OTTO/Source/UI/Touch/GestureRecognizer.cpp:1:
In file included from /Users/larryseyer/AudioDevelopment/OTTO/Source/UI/Touch/GestureRecognizer.h:4:
In file included from /Users/larryseyer/AudioDevelopment/OTTO/Builds/MacOSX/CMake-Release/OTTO_artefacts/JuceLibraryCode/JuceHeader.h:14:
In file included from /Users/larryseyer/AudioDevelopment/OTTO/JUCE/modules/juce_audio_plugin_client/juce_audio_plugin_client.h:65:
In file included from /Users/larryseyer/AudioDevelopment/OTTO/JUCE/modules/juce_audio_processors/juce_audio_processors.h:167:
/Users/larryseyer/AudioDevelopment/OTTO/JUCE/modules/juce_audio_processors/format_types/juce_VSTPluginFormat.h:35:29: warning: 'DOXYGEN' is not defined, evaluates to 0 [-Wundef]
   35 | #if (JUCE_PLUGINHOST_VST || DOXYGEN)
      |                             ^
In file included from /Users/larryseyer/AudioDevelopment/OTTO/Source/UI/Touch/GestureRecognizer.cpp:1:
In file included from /Users/larryseyer/AudioDevelopment/OTTO/Source/UI/Touch/GestureRecognizer.h:4:
In file included from /Users/larryseyer/AudioDevelopment/OTTO/Builds/MacOSX/CMake-Release/OTTO_artefacts/JuceLibraryCode/JuceHeader.h:14:
In file included from /Users/larryseyer/AudioDevelopment/OTTO/JUCE/modules/juce_audio_plugin_client/juce_audio_plugin_client.h:65:
In file included from /Users/larryseyer/AudioDevelopment/OTTO/JUCE/modules/juce_audio_processors/juce_audio_processors.h:168:
/Users/larryseyer/AudioDevelopment/OTTO/JUCE/modules/juce_audio_processors/format_types/juce_ARAHosting.h:37:122: warning: 'DOXYGEN' is not defined, evaluates to 0 [-Wundef]
   37 | #if (JUCE_PLUGINHOST_ARA && (JUCE_PLUGINHOST_VST3 || JUCE_PLUGINHOST_AU) && (JUCE_MAC || JUCE_WINDOWS || JUCE_LINUX)) || DOXYGEN
      |                                                                                                                          ^
In file included from /Users/larryseyer/AudioDevelopment/OTTO/Source/UI/Touch/GestureRecognizer.cpp:1:
In file included from /Users/larryseyer/AudioDevelopment/OTTO/Source/UI/Touch/GestureRecognizer.h:4:
In file included from /Users/larryseyer/AudioDevelopment/OTTO/Builds/MacOSX/CMake-Release/OTTO_artefacts/JuceLibraryCode/JuceHeader.h:14:
In file included from /Users/larryseyer/AudioDevelopment/OTTO/JUCE/modules/juce_audio_plugin_client/juce_audio_plugin_client.h:65:
In file included from /Users/larryseyer/AudioDevelopment/OTTO/JUCE/modules/juce_audio_processors/juce_audio_processors.h:177:
/Users/larryseyer/AudioDevelopment/OTTO/JUCE/modules/juce_audio_processors/utilities/juce_ParameterAttachments.h:260:25: warning: 'DOXYGEN' is not defined, evaluates to 0 [-Wundef]
  260 | #if JUCE_WEB_BROWSER || DOXYGEN
      |                         ^
In file included from /Users/larryseyer/AudioDevelopment/OTTO/Source/UI/Touch/GestureRecognizer.cpp:1:
In file included from /Users/larryseyer/AudioDevelopment/OTTO/Source/UI/Touch/GestureRecognizer.h:4:
In file included from /Users/larryseyer/AudioDevelopment/OTTO/Builds/MacOSX/CMake-Release/OTTO_artefacts/JuceLibraryCode/JuceHeader.h:14:
In file included from /Users/larryseyer/AudioDevelopment/OTTO/JUCE/modules/juce_audio_plugin_client/juce_audio_plugin_client.h:65:
In file included from /Users/larryseyer/AudioDevelopment/OTTO/JUCE/modules/juce_audio_processors/juce_audio_processors.h:178:
/Users/larryseyer/AudioDevelopment/OTTO/JUCE/modules/juce_audio_processors/utilities/juce_AudioProcessorValueTreeState.h:639:8: warning: 'JUCE_UNIT_TESTS' is not defined, evaluates to 0 [-Wundef]
  639 |    #if JUCE_UNIT_TESTS
      |        ^
In file included from /Users/larryseyer/AudioDevelopment/OTTO/Source/UI/Touch/GestureRecognizer.cpp:1:
In file included from /Users/larryseyer/AudioDevelopment/OTTO/Source/UI/Touch/GestureRecognizer.h:4:
In file included from /Users/larryseyer/AudioDevelopment/OTTO/Builds/MacOSX/CMake-Release/OTTO_artefacts/JuceLibraryCode/JuceHeader.h:23:
In file included from /Users/larryseyer/AudioDevelopment/OTTO/JUCE/modules/juce_audio_devices/juce_audio_devices.h:174:
/Users/larryseyer/AudioDevelopment/OTTO/JUCE/modules/juce_audio_devices/midi_io/juce_MidiDevices.h:205:8: warning: 'JUCE_LINUX' is not defined, evaluates to 0 [-Wundef]
  205 |    #if JUCE_LINUX || JUCE_BSD || JUCE_MAC || JUCE_IOS || DOXYGEN
      |        ^
/Users/larryseyer/AudioDevelopment/OTTO/JUCE/modules/juce_audio_devices/midi_io/juce_MidiDevices.h:205:22: warning: 'JUCE_BSD' is not defined, evaluates to 0 [-Wundef]
  205 |    #if JUCE_LINUX || JUCE_BSD || JUCE_MAC || JUCE_IOS || DOXYGEN
      |                      ^
/Users/larryseyer/AudioDevelopment/OTTO/JUCE/modules/juce_audio_devices/midi_io/juce_MidiDevices.h:364:8: warning: 'JUCE_LINUX' is not defined, evaluates to 0 [-Wundef]
  364 |    #if JUCE_LINUX || JUCE_BSD || JUCE_MAC || JUCE_IOS || DOXYGEN
      |        ^
/Users/larryseyer/AudioDevelopment/OTTO/JUCE/modules/juce_audio_devices/midi_io/juce_MidiDevices.h:364:22: warning: 'JUCE_BSD' is not defined, evaluates to 0 [-Wundef]
  364 |    #if JUCE_LINUX || JUCE_BSD || JUCE_MAC || JUCE_IOS || DOXYGEN
      |                      ^
In file included from /Users/larryseyer/AudioDevelopment/OTTO/Source/UI/Touch/GestureRecognizer.cpp:1:
In file included from /Users/larryseyer/AudioDevelopment/OTTO/Source/UI/Touch/GestureRecognizer.h:4:
In file included from /Users/larryseyer/AudioDevelopment/OTTO/Builds/MacOSX/CMake-Release/OTTO_artefacts/JuceLibraryCode/JuceHeader.h:23:
In file included from /Users/larryseyer/AudioDevelopment/OTTO/JUCE/modules/juce_audio_devices/juce_audio_devices.h:175:
/Users/larryseyer/AudioDevelopment/OTTO/JUCE/modules/juce_audio_devices/midi_io/juce_MidiMessageCollector.h:118:8: warning: 'JUCE_DEBUG' is not defined, evaluates to 0 [-Wundef]
  118 |    #if JUCE_DEBUG
      |        ^
In file included from /Users/larryseyer/AudioDevelopment/OTTO/Source/UI/Touch/GestureRecognizer.cpp:1:
In file included from /Users/larryseyer/AudioDevelopment/OTTO/Source/UI/Touch/GestureRecognizer.h:4:
In file included from /Users/larryseyer/AudioDevelopment/OTTO/Builds/MacOSX/CMake-Release/OTTO_artefacts/JuceLibraryCode/JuceHeader.h:23:
/Users/larryseyer/AudioDevelopment/OTTO/JUCE/modules/juce_audio_devices/juce_audio_devices.h:199:5: warning: 'JUCE_IOS' is not defined, evaluates to 0 [-Wundef]
  199 | #if JUCE_IOS
      |     ^
In file included from /Users/larryseyer/AudioDevelopment/OTTO/Source/UI/Touch/GestureRecognizer.cpp:1:
In file included from /Users/larryseyer/AudioDevelopment/OTTO/Source/UI/Touch/GestureRecognizer.h:4:
In file included from /Users/larryseyer/AudioDevelopment/OTTO/Builds/MacOSX/CMake-Release/OTTO_artefacts/JuceLibraryCode/JuceHeader.h:24:
/Users/larryseyer/AudioDevelopment/OTTO/JUCE/modules/juce_audio_formats/juce_audio_formats.h:117:7: warning: 'JUCE_WINDOWS' is not defined, evaluates to 0 [-Wundef]
  117 | #if ! JUCE_WINDOWS
      |       ^
In file included from /Users/larryseyer/AudioDevelopment/OTTO/Source/UI/Touch/GestureRecognizer.cpp:1:
In file included from /Users/larryseyer/AudioDevelopment/OTTO/Source/UI/Touch/GestureRecognizer.h:4:
In file included from /Users/larryseyer/AudioDevelopment/OTTO/Builds/MacOSX/CMake-Release/OTTO_artefacts/JuceLibraryCode/JuceHeader.h:24:
In file included from /Users/larryseyer/AudioDevelopment/OTTO/JUCE/modules/juce_audio_formats/juce_audio_formats.h:134:
/Users/larryseyer/AudioDevelopment/OTTO/JUCE/modules/juce_audio_formats/codecs/juce_LAMEEncoderAudioFormat.h:38:35: warning: 'DOXYGEN' is not defined, evaluates to 0 [-Wundef]
   38 | #if JUCE_USE_LAME_AUDIO_FORMAT || DOXYGEN
      |                                   ^
In file included from /Users/larryseyer/AudioDevelopment/OTTO/Source/UI/Touch/GestureRecognizer.cpp:1:
In file included from /Users/larryseyer/AudioDevelopment/OTTO/Source/UI/Touch/GestureRecognizer.h:4:
In file included from /Users/larryseyer/AudioDevelopment/OTTO/Builds/MacOSX/CMake-Release/OTTO_artefacts/JuceLibraryCode/JuceHeader.h:24:
In file included from /Users/larryseyer/AudioDevelopment/OTTO/JUCE/modules/juce_audio_formats/juce_audio_formats.h:135:
/Users/larryseyer/AudioDevelopment/OTTO/JUCE/modules/juce_audio_formats/codecs/juce_MP3AudioFormat.h:38:32: warning: 'DOXYGEN' is not defined, evaluates to 0 [-Wundef]
   38 | #if JUCE_USE_MP3AUDIOFORMAT || DOXYGEN
      |                                ^
In file included from /Users/larryseyer/AudioDevelopment/OTTO/Source/UI/Touch/GestureRecognizer.cpp:1:
In file included from /Users/larryseyer/AudioDevelopment/OTTO/Source/UI/Touch/GestureRecognizer.h:4:
In file included from /Users/larryseyer/AudioDevelopment/OTTO/Builds/MacOSX/CMake-Release/OTTO_artefacts/JuceLibraryCode/JuceHeader.h:24:
In file included from /Users/larryseyer/AudioDevelopment/OTTO/JUCE/modules/juce_audio_formats/juce_audio_formats.h:138:
/Users/larryseyer/AudioDevelopment/OTTO/JUCE/modules/juce_audio_formats/codecs/juce_WindowsMediaAudioFormat.h:38:5: warning: 'JUCE_WINDOWS' is not defined, evaluates to 0 [-Wundef]
   38 | #if JUCE_WINDOWS || DOXYGEN
      |     ^
/Users/larryseyer/AudioDevelopment/OTTO/JUCE/modules/juce_audio_formats/codecs/juce_WindowsMediaAudioFormat.h:38:21: warning: 'DOXYGEN' is not defined, evaluates to 0 [-Wundef]
   38 | #if JUCE_WINDOWS || DOXYGEN
      |                     ^
In file included from /Users/larryseyer/AudioDevelopment/OTTO/Source/UI/Touch/GestureRecognizer.cpp:1:
In file included from /Users/larryseyer/AudioDevelopment/OTTO/Source/UI/Touch/GestureRecognizer.h:4:
In file included from /Users/larryseyer/AudioDevelopment/OTTO/Builds/MacOSX/CMake-Release/OTTO_artefacts/JuceLibraryCode/JuceHeader.h:25:
In file included from /Users/larryseyer/AudioDevelopment/OTTO/JUCE/modules/juce_audio_utils/juce_audio_utils.h:99:
/Users/larryseyer/AudioDevelopment/OTTO/JUCE/modules/juce_audio_utils/audio_cd/juce_AudioCDBurner.h:38:26: warning: 'DOXYGEN' is not defined, evaluates to 0 [-Wundef]
   38 | #if JUCE_USE_CDBURNER || DOXYGEN
      |                          ^
In file included from /Users/larryseyer/AudioDevelopment/OTTO/Source/UI/Touch/GestureRecognizer.cpp:1:
In file included from /Users/larryseyer/AudioDevelopment/OTTO/Source/UI/Touch/GestureRecognizer.h:4:
In file included from /Users/larryseyer/AudioDevelopment/OTTO/Builds/MacOSX/CMake-Release/OTTO_artefacts/JuceLibraryCode/JuceHeader.h:25:
In file included from /Users/larryseyer/AudioDevelopment/OTTO/JUCE/modules/juce_audio_utils/juce_audio_utils.h:100:
/Users/larryseyer/AudioDevelopment/OTTO/JUCE/modules/juce_audio_utils/audio_cd/juce_AudioCDReader.h:38:26: warning: 'DOXYGEN' is not defined, evaluates to 0 [-Wundef]
   38 | #if JUCE_USE_CDREADER || DOXYGEN
      |                          ^
In file included from /Users/larryseyer/AudioDevelopment/OTTO/Source/UI/Touch/GestureRecognizer.cpp:1:
In file included from /Users/larryseyer/AudioDevelopment/OTTO/Source/UI/Touch/GestureRecognizer.h:4:
In file included from /Users/larryseyer/AudioDevelopment/OTTO/Builds/MacOSX/CMake-Release/OTTO_artefacts/JuceLibraryCode/JuceHeader.h:26:
/Users/larryseyer/AudioDevelopment/OTTO/JUCE/modules/juce_dsp/juce_dsp.h:69:5: warning: 'JUCE_INTEL' is not defined, evaluates to 0 [-Wundef]
   69 | #if JUCE_INTEL
      |     ^
/Users/larryseyer/AudioDevelopment/OTTO/JUCE/modules/juce_dsp/juce_dsp.h:95:20: warning: 'JUCE_WINDOWS' is not defined, evaluates to 0 [-Wundef]
   95 |  #if JUCE_64BIT && JUCE_WINDOWS
      |                    ^
/Users/larryseyer/AudioDevelopment/OTTO/JUCE/modules/juce_dsp/juce_dsp.h:113:6: warning: '_MSC_VER' is not defined, evaluates to 0 [-Wundef]
  113 |  #if _MSC_VER && JUCE_USE_SIMD && ! (defined (_M_X64) || defined (__amd64__))
      |      ^
/Users/larryseyer/AudioDevelopment/OTTO/JUCE/modules/juce_dsp/juce_dsp.h:242:6: warning: 'JUCE_INTEL' is not defined, evaluates to 0 [-Wundef]
  242 |  #if JUCE_INTEL
      |      ^
In file included from /Users/larryseyer/AudioDevelopment/OTTO/Source/UI/Touch/GestureRecognizer.cpp:1:
In file included from /Users/larryseyer/AudioDevelopment/OTTO/Source/UI/Touch/GestureRecognizer.h:4:
In file included from /Users/larryseyer/AudioDevelopment/OTTO/Builds/MacOSX/CMake-Release/OTTO_artefacts/JuceLibraryCode/JuceHeader.h:27:
/Users/larryseyer/AudioDevelopment/OTTO/JUCE/modules/juce_opengl/juce_opengl.h:72:5: warning: 'JUCE_IOS' is not defined, evaluates to 0 [-Wundef]
   72 | #if JUCE_IOS || JUCE_ANDROID
      |     ^
/Users/larryseyer/AudioDevelopment/OTTO/JUCE/modules/juce_opengl/juce_opengl.h:72:17: warning: 'JUCE_ANDROID' is not defined, evaluates to 0 [-Wundef]
   72 | #if JUCE_IOS || JUCE_ANDROID
      |                 ^
/Users/larryseyer/AudioDevelopment/OTTO/JUCE/modules/juce_opengl/juce_opengl.h:82:5: warning: 'JUCE_OPENGL_ES' is not defined, evaluates to 0 [-Wundef]
   82 | #if JUCE_OPENGL_ES || DOXYGEN
      |     ^
/Users/larryseyer/AudioDevelopment/OTTO/JUCE/modules/juce_opengl/juce_opengl.h:82:23: warning: 'DOXYGEN' is not defined, evaluates to 0 [-Wundef]
   82 | #if JUCE_OPENGL_ES || DOXYGEN
      |                       ^
In file included from /Users/larryseyer/AudioDevelopment/OTTO/Source/UI/Touch/GestureRecognizer.cpp:1:
In file included from /Users/larryseyer/AudioDevelopment/OTTO/Source/UI/Touch/GestureRecognizer.h:4:
In file included from /Users/larryseyer/AudioDevelopment/OTTO/Builds/MacOSX/CMake-Release/OTTO_artefacts/JuceLibraryCode/JuceHeader.h:27:
In file included from /Users/larryseyer/AudioDevelopment/OTTO/JUCE/modules/juce_opengl/juce_opengl.h:120:
/Users/larryseyer/AudioDevelopment/OTTO/JUCE/modules/juce_opengl/native/juce_OpenGLExtensions.h:127:8: warning: 'JUCE_WINDOWS' is not defined, evaluates to 0 [-Wundef]
  127 |    #if JUCE_WINDOWS && ! defined (DOXYGEN)
      |        ^
/Users/larryseyer/AudioDevelopment/OTTO/JUCE/modules/juce_opengl/native/juce_OpenGLExtensions.h:142:8: warning: 'JUCE_ANDROID' is not defined, evaluates to 0 [-Wundef]
  142 |    #if JUCE_ANDROID
      |        ^
In file included from /Users/larryseyer/AudioDevelopment/OTTO/Source/UI/Touch/GestureRecognizer.cpp:1:
In file included from /Users/larryseyer/AudioDevelopment/OTTO/Source/UI/Touch/GestureRecognizer.h:4:
/Users/larryseyer/AudioDevelopment/OTTO/Builds/MacOSX/CMake-Release/OTTO_artefacts/JuceLibraryCode/JuceHeader.h:34:7: warning: 'DONT_SET_USING_JUCE_NAMESPACE' is not defined, evaluates to 0 [-Wundef]
   34 | #if ! DONT_SET_USING_JUCE_NAMESPACE
      |       ^
In file included from /Users/larryseyer/AudioDevelopment/OTTO/Source/UI/Touch/GestureRecognizer.cpp:1:
/Users/larryseyer/AudioDevelopment/OTTO/Source/UI/Touch/GestureRecognizer.h:331:9: warning: 'JUCE_IOS' is not defined, evaluates to 0 [-Wundef]
  331 |     #if JUCE_IOS || JUCE_ANDROID
      |         ^
/Users/larryseyer/AudioDevelopment/OTTO/Source/UI/Touch/GestureRecognizer.h:331:21: warning: 'JUCE_ANDROID' is not defined, evaluates to 0 [-Wundef]
  331 |     #if JUCE_IOS || JUCE_ANDROID
      |                     ^
/Users/larryseyer/AudioDevelopment/OTTO/Source/UI/Touch/GestureRecognizer.h:274:56: warning: unused parameter 'gesture' [-Wunused-parameter]
  274 |         virtual void gestureStarted(const GestureInfo& gesture) {}
      |                                                        ^
/Users/larryseyer/AudioDevelopment/OTTO/Source/UI/Touch/GestureRecognizer.h:275:56: warning: unused parameter 'gesture' [-Wunused-parameter]
  275 |         virtual void gestureChanged(const GestureInfo& gesture) {}
      |                                                        ^
/Users/larryseyer/AudioDevelopment/OTTO/Source/UI/Touch/GestureRecognizer.h:276:54: warning: unused parameter 'gesture' [-Wunused-parameter]
  276 |         virtual void gestureEnded(const GestureInfo& gesture) {}
      |                                                      ^
/Users/larryseyer/AudioDevelopment/OTTO/Source/UI/Touch/GestureRecognizer.h:277:58: warning: unused parameter 'gesture' [-Wunused-parameter]
  277 |         virtual void gestureCancelled(const GestureInfo& gesture) {}
      |                                                          ^
/Users/larryseyer/AudioDevelopment/OTTO/Source/UI/Touch/GestureRecognizer.h:278:66: warning: unused parameter 'gestureName' [-Wunused-parameter]
  278 |         virtual void customGestureRecognized(const juce::String& gestureName, const GestureInfo& gesture) {}
      |                                                                  ^
/Users/larryseyer/AudioDevelopment/OTTO/Source/UI/Touch/GestureRecognizer.h:278:98: warning: unused parameter 'gesture' [-Wunused-parameter]
  278 |         virtual void customGestureRecognized(const juce::String& gestureName, const GestureInfo& gesture) {}
      |                                                                                                  ^
In file included from /Users/larryseyer/AudioDevelopment/OTTO/Source/UI/Touch/GestureRecognizer.cpp:3:
In file included from /Users/larryseyer/AudioDevelopment/OTTO/Source/INIDataManager.h:6:
/Users/larryseyer/AudioDevelopment/OTTO/Source/MidiEngine.h:24:34: warning: implicit conversion increases floating-point precision: 'const float' to 'double' [-Wdouble-promotion]
   24 |         double currentPosition = INIConfig::MIDI::DEFAULT_POSITION;
      |                                  ^~~~~~~~~~~~~~~~~~~~~~~~~~~~~~~~~
/Users/larryseyer/AudioDevelopment/OTTO/Source/MidiEngine.h:224:35: warning: implicit conversion increases floating-point precision: 'const float' to 'double' [-Wdouble-promotion]
  224 |         double playbackPosition = INIConfig::MIDI::DEFAULT_POSITION;
      |                                   ^~~~~~~~~~~~~~~~~~~~~~~~~~~~~~~~~
/Users/larryseyer/AudioDevelopment/OTTO/Source/MidiEngine.h:225:34: warning: implicit conversion increases floating-point precision: 'const float' to 'double' [-Wdouble-promotion]
  225 |         double lastProcessTime = INIConfig::MIDI::DEFAULT_LAST_TIME;
      |                                  ^~~~~~~~~~~~~~~~~~~~~~~~~~~~~~~~~~
/Users/larryseyer/AudioDevelopment/OTTO/Source/MidiEngine.h:247:30: warning: implicit conversion increases floating-point precision: 'const float' to 'double' [-Wdouble-promotion]
  247 |     double lastProcessTime = INIConfig::MIDI::DEFAULT_LAST_TIME;
      |                              ^~~~~~~~~~~~~~~~~~~~~~~~~~~~~~~~~~
/Users/larryseyer/AudioDevelopment/OTTO/Source/MidiEngine.h:248:28: warning: implicit conversion increases floating-point precision: 'const float' to 'double' [-Wdouble-promotion]
  248 |     double lastClockTime = INIConfig::MIDI::DEFAULT_LAST_TIME;
      |                            ^~~~~~~~~~~~~~~~~~~~~~~~~~~~~~~~~~
/Users/larryseyer/AudioDevelopment/OTTO/Source/MidiEngine.h:253:24: warning: implicit conversion increases floating-point precision: 'const float' to 'double' [-Wdouble-promotion]
  253 |     double hostTempo = INIConfig::MIDI::DEFAULT_POSITION;
      |                        ^~~~~~~~~~~~~~~~~~~~~~~~~~~~~~~~~
/Users/larryseyer/AudioDevelopment/OTTO/Source/MidiEngine.h:264:30: warning: implicit conversion increases floating-point precision: 'const float' to 'double' [-Wdouble-promotion]
  264 |     double countInPosition = INIConfig::MIDI::DEFAULT_POSITION;
      |                              ^~~~~~~~~~~~~~~~~~~~~~~~~~~~~~~~~
/Users/larryseyer/AudioDevelopment/OTTO/Source/MidiEngine.h:272:30: warning: implicit conversion increases floating-point precision: 'const float' to 'double' [-Wdouble-promotion]
  272 |     double recordStartTime = INIConfig::MIDI::DEFAULT_LAST_TIME;
      |                              ^~~~~~~~~~~~~~~~~~~~~~~~~~~~~~~~~~
/Users/larryseyer/AudioDevelopment/OTTO/Source/MidiEngine.h:278:37: warning: implicit conversion increases floating-point precision: 'const float' to 'double' [-Wdouble-promotion]
  278 |     double loopRecordingStartTime = INIConfig::MIDI::DEFAULT_LAST_TIME;
      |                                     ^~~~~~~~~~~~~~~~~~~~~~~~~~~~~~~~~~
/Users/larryseyer/AudioDevelopment/OTTO/Source/MidiEngine.h:285:26: warning: implicit conversion increases floating-point precision: 'const float' to 'double' [-Wdouble-promotion]
  285 |     double lastTapTime = INIConfig::MIDI::DEFAULT_LAST_TIME;
      |                          ^~~~~~~~~~~~~~~~~~~~~~~~~~~~~~~~~~
/Users/larryseyer/AudioDevelopment/OTTO/Source/UI/Touch/GestureRecognizer.cpp:29:9: warning: 'JUCE_IOS' is not defined, evaluates to 0 [-Wundef]
   29 |     #if JUCE_IOS || JUCE_ANDROID
      |         ^
/Users/larryseyer/AudioDevelopment/OTTO/Source/UI/Touch/GestureRecognizer.cpp:29:21: warning: 'JUCE_ANDROID' is not defined, evaluates to 0 [-Wundef]
   29 |     #if JUCE_IOS || JUCE_ANDROID
      |                     ^
/Users/larryseyer/AudioDevelopment/OTTO/Source/UI/Touch/GestureRecognizer.cpp:61:9: warning: 'JUCE_IOS' is not defined, evaluates to 0 [-Wundef]
   61 |     #if JUCE_IOS || JUCE_ANDROID
      |         ^
/Users/larryseyer/AudioDevelopment/OTTO/Source/UI/Touch/GestureRecognizer.cpp:61:21: warning: 'JUCE_ANDROID' is not defined, evaluates to 0 [-Wundef]
   61 |     #if JUCE_IOS || JUCE_ANDROID
      |                     ^
/Users/larryseyer/AudioDevelopment/OTTO/Source/UI/Touch/GestureRecognizer.cpp:136:11: error: no member named 'eventType' in 'juce::MouseEvent'
  136 |     if (e.eventType == juce::MouseInputSource::InputSourceType::mouse) {
      |         ~ ^
/Users/larryseyer/AudioDevelopment/OTTO/Source/UI/Touch/GestureRecognizer.cpp:139:22: error: no member named 'mouseDraggedSinceMouseDown' in 'juce::MouseEvent'; did you mean 'mouseWasDraggedSinceMouseDown'?
  139 |         } else if (e.mouseDraggedSinceMouseDown()) {
      |                      ^~~~~~~~~~~~~~~~~~~~~~~~~~
      |                      mouseWasDraggedSinceMouseDown
In file included from /Users/larryseyer/AudioDevelopment/OTTO/Source/UI/Touch/GestureRecognizer.cpp:1:
In file included from /Users/larryseyer/AudioDevelopment/OTTO/Source/UI/Touch/GestureRecognizer.h:4:
In file included from /Users/larryseyer/AudioDevelopment/OTTO/Builds/MacOSX/CMake-Release/OTTO_artefacts/JuceLibraryCode/JuceHeader.h:14:
In file included from /Users/larryseyer/AudioDevelopment/OTTO/JUCE/modules/juce_audio_plugin_client/juce_audio_plugin_client.h:63:
In file included from /Users/larryseyer/AudioDevelopment/OTTO/JUCE/modules/juce_gui_basics/juce_gui_basics.h:197:
/Users/larryseyer/AudioDevelopment/OTTO/JUCE/modules/juce_gui_basics/mouse/juce_MouseEvent.h:266:10: note: 'mouseWasDraggedSinceMouseDown' declared here
  266 |     bool mouseWasDraggedSinceMouseDown() const noexcept;
      |          ^
/Users/larryseyer/AudioDevelopment/OTTO/Source/UI/Touch/GestureRecognizer.cpp:141:22: error: no member named 'mouseWasReleased' in 'juce::MouseEvent'; did you mean 'mouseWasClicked'?
  141 |         } else if (e.mouseWasReleased()) {
      |                      ^~~~~~~~~~~~~~~~
      |                      mouseWasClicked
In file included from /Users/larryseyer/AudioDevelopment/OTTO/Source/UI/Touch/GestureRecognizer.cpp:1:
In file included from /Users/larryseyer/AudioDevelopment/OTTO/Source/UI/Touch/GestureRecognizer.h:4:
In file included from /Users/larryseyer/AudioDevelopment/OTTO/Builds/MacOSX/CMake-Release/OTTO_artefacts/JuceLibraryCode/JuceHeader.h:14:
In file included from /Users/larryseyer/AudioDevelopment/OTTO/JUCE/modules/juce_audio_plugin_client/juce_audio_plugin_client.h:63:
In file included from /Users/larryseyer/AudioDevelopment/OTTO/JUCE/modules/juce_gui_basics/juce_gui_basics.h:197:
/Users/larryseyer/AudioDevelopment/OTTO/JUCE/modules/juce_gui_basics/mouse/juce_MouseEvent.h:271:10: note: 'mouseWasClicked' declared here
  271 |     bool mouseWasClicked() const noexcept;
      |          ^
/Users/larryseyer/AudioDevelopment/OTTO/Source/UI/Touch/GestureRecognizer.cpp:149:55: error: no type named 'TouchEvent' in namespace 'juce'
  149 | void GestureRecognizer::processTouchEvent(const juce::TouchEvent& e, juce::Component* component) {
      |                                                 ~~~~~~^
/Users/larryseyer/AudioDevelopment/OTTO/Source/UI/Touch/GestureRecognizer.cpp:323:59: warning: unused parameter 'e' [-Wunused-parameter]
  323 | void GestureRecognizer::mouseMove(const juce::MouseEvent& e) {
      |                                                           ^
/Users/larryseyer/AudioDevelopment/OTTO/Source/UI/Touch/GestureRecognizer.cpp:354:47: warning: implicit conversion increases floating-point precision: 'const float' to 'double' [-Wdouble-promotion]
  354 |     state.setValue("tapMaxMovement", settings.tapMaxMovement);
      |                                      ~~~~~~~~~^~~~~~~~~~~~~~
/Users/larryseyer/AudioDevelopment/OTTO/Source/UI/Touch/GestureRecognizer.cpp:356:47: warning: implicit conversion increases floating-point precision: 'const float' to 'double' [-Wdouble-promotion]
  356 |     state.setValue("panMinDistance", settings.panMinDistance);
      |                                      ~~~~~~~~~^~~~~~~~~~~~~~
/Users/larryseyer/AudioDevelopment/OTTO/Source/UI/Touch/GestureRecognizer.cpp:357:49: warning: implicit conversion increases floating-point precision: 'const float' to 'double' [-Wdouble-promotion]
  357 |     state.setValue("swipeMinVelocity", settings.swipeMinVelocity);
      |                                        ~~~~~~~~~^~~~~~~~~~~~~~~~
/Users/larryseyer/AudioDevelopment/OTTO/Source/UI/Touch/GestureRecognizer.cpp:359:48: warning: implicit conversion increases floating-point precision: 'const float' to 'double' [-Wdouble-promotion]
  359 |     state.setValue("hapticIntensity", settings.hapticIntensity);
      |                                       ~~~~~~~~~^~~~~~~~~~~~~~~
/Users/larryseyer/AudioDevelopment/OTTO/Source/UI/Touch/GestureRecognizer.cpp:364:64: warning: implicit conversion increases floating-point precision: 'float' to 'double' [-Wdouble-promotion]
  364 |     settings.tapMaxMovement = state.getValue("tapMaxMovement", 10.0f);
      |                                                                ^~~~~
/Users/larryseyer/AudioDevelopment/OTTO/Source/UI/Touch/GestureRecognizer.cpp:366:64: warning: implicit conversion increases floating-point precision: 'float' to 'double' [-Wdouble-promotion]
  366 |     settings.panMinDistance = state.getValue("panMinDistance", 10.0f);
      |                                                                ^~~~~
/Users/larryseyer/AudioDevelopment/OTTO/Source/UI/Touch/GestureRecognizer.cpp:367:68: warning: implicit conversion increases floating-point precision: 'float' to 'double' [-Wdouble-promotion]
  367 |     settings.swipeMinVelocity = state.getValue("swipeMinVelocity", 200.0f);
      |                                                                    ^~~~~~
/Users/larryseyer/AudioDevelopment/OTTO/Source/UI/Touch/GestureRecognizer.cpp:369:66: warning: implicit conversion increases floating-point precision: 'float' to 'double' [-Wdouble-promotion]
  369 |     settings.hapticIntensity = state.getValue("hapticIntensity", 0.5f);
      |                                                                  ^~~~
/Users/larryseyer/AudioDevelopment/OTTO/Source/UI/Touch/GestureRecognizer.cpp:874:17: warning: unused variable 'touch' [-Wunused-variable]
  874 |     const auto& touch = it->second;
      |                 ^~~~~
/Users/larryseyer/AudioDevelopment/OTTO/Source/UI/Touch/GestureRecognizer.cpp:961:44: warning: implicit conversion increases floating-point precision: 'const float' to 'double' [-Wdouble-promotion]
  961 |            touch.getDuration() <= settings.swipeMaxDuration;
      |                                ~~ ~~~~~~~~~^~~~~~~~~~~~~~~~
/Users/larryseyer/AudioDevelopment/OTTO/Source/UI/Touch/GestureRecognizer.cpp:1044:9: warning: 'JUCE_IOS' is not defined, evaluates to 0 [-Wundef]
 1044 |     #if JUCE_IOS || JUCE_ANDROID
      |         ^
/Users/larryseyer/AudioDevelopment/OTTO/Source/UI/Touch/GestureRecognizer.cpp:1044:21: warning: 'JUCE_ANDROID' is not defined, evaluates to 0 [-Wundef]
 1044 |     #if JUCE_IOS || JUCE_ANDROID
      |                     ^

CompileC /Users/larryseyer/AudioDevelopment/OTTO/Builds/MacOSX/CMake-Release/build/OTTO.build/Release/Objects-normal/arm64/ThemeValidator.o /Users/larryseyer/AudioDevelopment/OTTO/Source/UI/Themes/ThemeValidator.cpp normal arm64 c++ com.apple.compilers.llvm.clang.1_0.compiler (in target 'OTTO' from project 'OTTO')
    cd /Users/larryseyer/AudioDevelopment/OTTO
    
    Using response file: /Users/larryseyer/AudioDevelopment/OTTO/Builds/MacOSX/CMake-Release/build/OTTO.build/Release/Objects-normal/arm64/82b82416624d2658e5098eb0a28c15c5-common-args.resp
    
    /Applications/Xcode.app/Contents/Developer/Toolchains/XcodeDefault.xctoolchain/usr/bin/clang -x c++ -ivfsstatcache /var/folders/0p/t4rj91z90d38yk0_8vh370gr0000gn/C/com.apple.DeveloperTools/16.4-16F6/Xcode/SDKStatCaches.noindex/macosx15.5-24F74-8254517eb8b97d462ccbc072ba9094c9.sdkstatcache -fmessage-length\=0 -fdiagnostics-show-note-include-stack -fmacro-backtrace-limit\=0 -fno-color-diagnostics -Wno-trigraphs -Wno-missing-field-initializers -Wno-missing-prototypes -Wno-return-type -Wno-non-virtual-dtor -Wno-overloaded-virtual -Wno-exit-time-destructors -Wno-missing-braces -Wparentheses -Wswitch -Wno-unused-function -Wno-unused-label -Wno-unused-parameter -Wno-unused-variable -Wunused-value -Wno-empty-body -Wno-uninitialized -Wno-unknown-pragmas -Wno-shadow -Wno-four-char-constants -Wno-conversion -Wno-constant-conversion -Wno-int-conversion -Wno-bool-conversion -Wno-enum-conversion -Wno-float-conversion -Wno-non-literal-null-conversion -Wno-objc-literal-conversion -Wshorten-64-to-32 -Wno-newline-eof -Wno-c++11-extensions -Wno-implicit-fallthrough -fstrict-aliasing -Wdeprecated-declarations -Winvalid-offsetof -Wno-sign-conversion -Wno-infinite-recursion -Wno-move -Wno-comma -Wno-block-capture-autoreleasing -Wno-strict-prototypes -Wno-range-loop-analysis -Wno-semicolon-before-method-body -Wall -Wextra -Wpedantic -Wformat\=2 -Wformat-security -Wnull-dereference -Wdouble-promotion -Wshadow -Wundef -Wcast-align @/Users/larryseyer/AudioDevelopment/OTTO/Builds/MacOSX/CMake-Release/build/OTTO.build/Release/Objects-normal/arm64/82b82416624d2658e5098eb0a28c15c5-common-args.resp -MMD -MT dependencies -MF /Users/larryseyer/AudioDevelopment/OTTO/Builds/MacOSX/CMake-Release/build/OTTO.build/Release/Objects-normal/arm64/ThemeValidator.d --serialize-diagnostics /Users/larryseyer/AudioDevelopment/OTTO/Builds/MacOSX/CMake-Release/build/OTTO.build/Release/Objects-normal/arm64/ThemeValidator.dia -c /Users/larryseyer/AudioDevelopment/OTTO/Source/UI/Themes/ThemeValidator.cpp -o /Users/larryseyer/AudioDevelopment/OTTO/Builds/MacOSX/CMake-Release/build/OTTO.build/Release/Objects-normal/arm64/ThemeValidator.o
In file included from /Users/larryseyer/AudioDevelopment/OTTO/Source/UI/Themes/ThemeValidator.cpp:1:
In file included from /Users/larryseyer/AudioDevelopment/OTTO/Source/UI/Themes/ThemeValidator.h:4:
In file included from /Users/larryseyer/AudioDevelopment/OTTO/Builds/MacOSX/CMake-Release/OTTO_artefacts/JuceLibraryCode/JuceHeader.h:14:
In file included from /Users/larryseyer/AudioDevelopment/OTTO/JUCE/modules/juce_audio_plugin_client/juce_audio_plugin_client.h:63:
In file included from /Users/larryseyer/AudioDevelopment/OTTO/JUCE/modules/juce_gui_basics/juce_gui_basics.h:68:
In file included from /Users/larryseyer/AudioDevelopment/OTTO/JUCE/modules/juce_graphics/juce_graphics.h:67:
In file included from /Users/larryseyer/AudioDevelopment/OTTO/JUCE/modules/juce_core/juce_core.h:77:
/Users/larryseyer/AudioDevelopment/OTTO/JUCE/modules/juce_core/system/juce_TargetPlatform.h:99:5: warning: 'JUCE_WINDOWS' is not defined, evaluates to 0 [-Wundef]
   99 | #if JUCE_WINDOWS
      |     ^
/Users/larryseyer/AudioDevelopment/OTTO/JUCE/modules/juce_core/system/juce_TargetPlatform.h:183:5: warning: 'JUCE_LINUX' is not defined, evaluates to 0 [-Wundef]
  183 | #if JUCE_LINUX || JUCE_ANDROID || JUCE_BSD
      |     ^
/Users/larryseyer/AudioDevelopment/OTTO/JUCE/modules/juce_core/system/juce_TargetPlatform.h:183:19: warning: 'JUCE_ANDROID' is not defined, evaluates to 0 [-Wundef]
  183 | #if JUCE_LINUX || JUCE_ANDROID || JUCE_BSD
      |                   ^
/Users/larryseyer/AudioDevelopment/OTTO/JUCE/modules/juce_core/system/juce_TargetPlatform.h:183:35: warning: 'JUCE_BSD' is not defined, evaluates to 0 [-Wundef]
  183 | #if JUCE_LINUX || JUCE_ANDROID || JUCE_BSD
      |                                   ^
In file included from /Users/larryseyer/AudioDevelopment/OTTO/Source/UI/Themes/ThemeValidator.cpp:1:
In file included from /Users/larryseyer/AudioDevelopment/OTTO/Source/UI/Themes/ThemeValidator.h:4:
In file included from /Users/larryseyer/AudioDevelopment/OTTO/Builds/MacOSX/CMake-Release/OTTO_artefacts/JuceLibraryCode/JuceHeader.h:14:
In file included from /Users/larryseyer/AudioDevelopment/OTTO/JUCE/modules/juce_audio_plugin_client/juce_audio_plugin_client.h:63:
In file included from /Users/larryseyer/AudioDevelopment/OTTO/JUCE/modules/juce_gui_basics/juce_gui_basics.h:68:
In file included from /Users/larryseyer/AudioDevelopment/OTTO/JUCE/modules/juce_graphics/juce_graphics.h:67:
/Users/larryseyer/AudioDevelopment/OTTO/JUCE/modules/juce_core/juce_core.h:115:5: warning: 'JUCE_DEBUG' is not defined, evaluates to 0 [-Wundef]
  115 | #if JUCE_DEBUG && ! defined (JUCE_CHECK_MEMORY_LEAKS)
      |     ^
/Users/larryseyer/AudioDevelopment/OTTO/JUCE/modules/juce_core/juce_core.h:207:5: warning: 'JUCE_CORE_INCLUDE_NATIVE_HEADERS' is not defined, evaluates to 0 [-Wundef]
  207 | #if JUCE_CORE_INCLUDE_NATIVE_HEADERS
      |     ^
/Users/larryseyer/AudioDevelopment/OTTO/JUCE/modules/juce_core/juce_core.h:211:5: warning: 'JUCE_WINDOWS' is not defined, evaluates to 0 [-Wundef]
  211 | #if JUCE_WINDOWS
      |     ^
In file included from /Users/larryseyer/AudioDevelopment/OTTO/Source/UI/Themes/ThemeValidator.cpp:1:
In file included from /Users/larryseyer/AudioDevelopment/OTTO/Source/UI/Themes/ThemeValidator.h:4:
In file included from /Users/larryseyer/AudioDevelopment/OTTO/Builds/MacOSX/CMake-Release/OTTO_artefacts/JuceLibraryCode/JuceHeader.h:14:
In file included from /Users/larryseyer/AudioDevelopment/OTTO/JUCE/modules/juce_audio_plugin_client/juce_audio_plugin_client.h:63:
In file included from /Users/larryseyer/AudioDevelopment/OTTO/JUCE/modules/juce_gui_basics/juce_gui_basics.h:68:
In file included from /Users/larryseyer/AudioDevelopment/OTTO/JUCE/modules/juce_graphics/juce_graphics.h:67:
In file included from /Users/larryseyer/AudioDevelopment/OTTO/JUCE/modules/juce_core/juce_core.h:215:
/Users/larryseyer/AudioDevelopment/OTTO/JUCE/modules/juce_core/system/juce_StandardHeader.h:56:7: warning: 'DOXYGEN' is not defined, evaluates to 0 [-Wundef]
   56 | #if ! DOXYGEN
      |       ^
In file included from /Users/larryseyer/AudioDevelopment/OTTO/Source/UI/Themes/ThemeValidator.cpp:1:
In file included from /Users/larryseyer/AudioDevelopment/OTTO/Source/UI/Themes/ThemeValidator.h:4:
In file included from /Users/larryseyer/AudioDevelopment/OTTO/Builds/MacOSX/CMake-Release/OTTO_artefacts/JuceLibraryCode/JuceHeader.h:14:
In file included from /Users/larryseyer/AudioDevelopment/OTTO/JUCE/modules/juce_audio_plugin_client/juce_audio_plugin_client.h:63:
In file included from /Users/larryseyer/AudioDevelopment/OTTO/JUCE/modules/juce_gui_basics/juce_gui_basics.h:68:
In file included from /Users/larryseyer/AudioDevelopment/OTTO/JUCE/modules/juce_graphics/juce_graphics.h:67:
In file included from /Users/larryseyer/AudioDevelopment/OTTO/JUCE/modules/juce_core/juce_core.h:215:
In file included from /Users/larryseyer/AudioDevelopment/OTTO/JUCE/modules/juce_core/system/juce_StandardHeader.h:93:
/Users/larryseyer/AudioDevelopment/OTTO/JUCE/modules/juce_core/system/juce_CompilerSupport.h:43:5: warning: 'JUCE_GCC' is not defined, evaluates to 0 [-Wundef]
   43 | #if JUCE_GCC
      |     ^
/Users/larryseyer/AudioDevelopment/OTTO/JUCE/modules/juce_core/system/juce_CompilerSupport.h:94:5: warning: 'JUCE_MSVC' is not defined, evaluates to 0 [-Wundef]
   94 | #if JUCE_MSVC
      |     ^
In file included from /Users/larryseyer/AudioDevelopment/OTTO/Source/UI/Themes/ThemeValidator.cpp:1:
In file included from /Users/larryseyer/AudioDevelopment/OTTO/Source/UI/Themes/ThemeValidator.h:4:
In file included from /Users/larryseyer/AudioDevelopment/OTTO/Builds/MacOSX/CMake-Release/OTTO_artefacts/JuceLibraryCode/JuceHeader.h:14:
In file included from /Users/larryseyer/AudioDevelopment/OTTO/JUCE/modules/juce_audio_plugin_client/juce_audio_plugin_client.h:63:
In file included from /Users/larryseyer/AudioDevelopment/OTTO/JUCE/modules/juce_gui_basics/juce_gui_basics.h:68:
In file included from /Users/larryseyer/AudioDevelopment/OTTO/JUCE/modules/juce_graphics/juce_graphics.h:67:
In file included from /Users/larryseyer/AudioDevelopment/OTTO/JUCE/modules/juce_core/juce_core.h:215:
In file included from /Users/larryseyer/AudioDevelopment/OTTO/JUCE/modules/juce_core/system/juce_StandardHeader.h:94:
/Users/larryseyer/AudioDevelopment/OTTO/JUCE/modules/juce_core/system/juce_CompilerWarnings.h:221:5: warning: 'JUCE_MSVC' is not defined, evaluates to 0 [-Wundef]
  221 | #if JUCE_MSVC
      |     ^
In file included from /Users/larryseyer/AudioDevelopment/OTTO/Source/UI/Themes/ThemeValidator.cpp:1:
In file included from /Users/larryseyer/AudioDevelopment/OTTO/Source/UI/Themes/ThemeValidator.h:4:
In file included from /Users/larryseyer/AudioDevelopment/OTTO/Builds/MacOSX/CMake-Release/OTTO_artefacts/JuceLibraryCode/JuceHeader.h:14:
In file included from /Users/larryseyer/AudioDevelopment/OTTO/JUCE/modules/juce_audio_plugin_client/juce_audio_plugin_client.h:63:
In file included from /Users/larryseyer/AudioDevelopment/OTTO/JUCE/modules/juce_gui_basics/juce_gui_basics.h:68:
In file included from /Users/larryseyer/AudioDevelopment/OTTO/JUCE/modules/juce_graphics/juce_graphics.h:67:
In file included from /Users/larryseyer/AudioDevelopment/OTTO/JUCE/modules/juce_core/juce_core.h:215:
In file included from /Users/larryseyer/AudioDevelopment/OTTO/JUCE/modules/juce_core/system/juce_StandardHeader.h:95:
/Users/larryseyer/AudioDevelopment/OTTO/JUCE/modules/juce_core/system/juce_PlatformDefs.h:54:5: warning: 'JUCE_WINDOWS' is not defined, evaluates to 0 [-Wundef]
   54 | #if JUCE_WINDOWS
      |     ^
/Users/larryseyer/AudioDevelopment/OTTO/JUCE/modules/juce_core/system/juce_PlatformDefs.h:66:29: warning: 'JUCE_DEBUG' is not defined, evaluates to 0 [-Wundef]
   66 |  #if JUCE_LOG_ASSERTIONS || JUCE_DEBUG
      |                             ^
/Users/larryseyer/AudioDevelopment/OTTO/JUCE/modules/juce_core/system/juce_PlatformDefs.h:74:5: warning: 'JUCE_IOS' is not defined, evaluates to 0 [-Wundef]
   74 | #if JUCE_IOS || JUCE_LINUX || JUCE_BSD
      |     ^
/Users/larryseyer/AudioDevelopment/OTTO/JUCE/modules/juce_core/system/juce_PlatformDefs.h:74:17: warning: 'JUCE_LINUX' is not defined, evaluates to 0 [-Wundef]
   74 | #if JUCE_IOS || JUCE_LINUX || JUCE_BSD
      |                 ^
/Users/larryseyer/AudioDevelopment/OTTO/JUCE/modules/juce_core/system/juce_PlatformDefs.h:74:31: warning: 'JUCE_BSD' is not defined, evaluates to 0 [-Wundef]
   74 | #if JUCE_IOS || JUCE_LINUX || JUCE_BSD
      |                               ^
/Users/larryseyer/AudioDevelopment/OTTO/JUCE/modules/juce_core/system/juce_PlatformDefs.h:81:7: warning: 'JUCE_MSVC' is not defined, evaluates to 0 [-Wundef]
   81 | #elif JUCE_MSVC
      |       ^
/Users/larryseyer/AudioDevelopment/OTTO/JUCE/modules/juce_core/system/juce_PlatformDefs.h:86:7: warning: 'JUCE_INTEL' is not defined, evaluates to 0 [-Wundef]
   86 | #elif JUCE_INTEL && (JUCE_GCC || JUCE_CLANG || JUCE_MAC)
      |       ^
/Users/larryseyer/AudioDevelopment/OTTO/JUCE/modules/juce_core/system/juce_PlatformDefs.h:132:5: warning: 'JUCE_MSVC' is not defined, evaluates to 0 [-Wundef]
  132 | #if JUCE_MSVC && ! defined (DOXYGEN)
      |     ^
/Users/larryseyer/AudioDevelopment/OTTO/JUCE/modules/juce_core/system/juce_PlatformDefs.h:146:6: warning: 'JUCE_DEBUG' is not defined, evaluates to 0 [-Wundef]
  146 | #if (JUCE_DEBUG && ! JUCE_DISABLE_ASSERTIONS) || DOXYGEN
      |      ^
/Users/larryseyer/AudioDevelopment/OTTO/JUCE/modules/juce_core/system/juce_PlatformDefs.h:146:50: warning: 'DOXYGEN' is not defined, evaluates to 0 [-Wundef]
  146 | #if (JUCE_DEBUG && ! JUCE_DISABLE_ASSERTIONS) || DOXYGEN
      |                                                  ^
/Users/larryseyer/AudioDevelopment/OTTO/JUCE/modules/juce_core/system/juce_PlatformDefs.h:272:5: warning: 'JUCE_MSVC' is not defined, evaluates to 0 [-Wundef]
  272 | #if JUCE_MSVC && ! defined (DOXYGEN)
      |     ^
/Users/larryseyer/AudioDevelopment/OTTO/JUCE/modules/juce_core/system/juce_PlatformDefs.h:291:5: warning: 'JUCE_DEBUG' is not defined, evaluates to 0 [-Wundef]
  291 | #if JUCE_DEBUG || DOXYGEN
      |     ^
/Users/larryseyer/AudioDevelopment/OTTO/JUCE/modules/juce_core/system/juce_PlatformDefs.h:291:19: warning: 'DOXYGEN' is not defined, evaluates to 0 [-Wundef]
  291 | #if JUCE_DEBUG || DOXYGEN
      |                   ^
/Users/larryseyer/AudioDevelopment/OTTO/JUCE/modules/juce_core/system/juce_PlatformDefs.h:299:7: warning: 'JUCE_MSVC' is not defined, evaluates to 0 [-Wundef]
  299 |   #if JUCE_MSVC
      |       ^
/Users/larryseyer/AudioDevelopment/OTTO/JUCE/modules/juce_core/system/juce_PlatformDefs.h:306:5: warning: 'JUCE_MSVC' is not defined, evaluates to 0 [-Wundef]
  306 | #if JUCE_MSVC || DOXYGEN
      |     ^
/Users/larryseyer/AudioDevelopment/OTTO/JUCE/modules/juce_core/system/juce_PlatformDefs.h:306:18: warning: 'DOXYGEN' is not defined, evaluates to 0 [-Wundef]
  306 | #if JUCE_MSVC || DOXYGEN
      |                  ^
/Users/larryseyer/AudioDevelopment/OTTO/JUCE/modules/juce_core/system/juce_PlatformDefs.h:315:5: warning: 'JUCE_ANDROID' is not defined, evaluates to 0 [-Wundef]
  315 | #if JUCE_ANDROID && ! defined (DOXYGEN)
      |     ^
/Users/larryseyer/AudioDevelopment/OTTO/JUCE/modules/juce_core/system/juce_PlatformDefs.h:324:5: warning: 'JUCE_GCC' is not defined, evaluates to 0 [-Wundef]
  324 | #if JUCE_GCC || JUCE_CLANG
      |     ^
/Users/larryseyer/AudioDevelopment/OTTO/JUCE/modules/juce_core/system/juce_PlatformDefs.h:331:5: warning: 'JUCE_GCC' is not defined, evaluates to 0 [-Wundef]
  331 | #if JUCE_GCC || DOXYGEN
      |     ^
/Users/larryseyer/AudioDevelopment/OTTO/JUCE/modules/juce_core/system/juce_PlatformDefs.h:331:17: warning: 'DOXYGEN' is not defined, evaluates to 0 [-Wundef]
  331 | #if JUCE_GCC || DOXYGEN
      |                 ^
In file included from /Users/larryseyer/AudioDevelopment/OTTO/Source/UI/Themes/ThemeValidator.cpp:1:
In file included from /Users/larryseyer/AudioDevelopment/OTTO/Source/UI/Themes/ThemeValidator.h:4:
In file included from /Users/larryseyer/AudioDevelopment/OTTO/Builds/MacOSX/CMake-Release/OTTO_artefacts/JuceLibraryCode/JuceHeader.h:14:
In file included from /Users/larryseyer/AudioDevelopment/OTTO/JUCE/modules/juce_audio_plugin_client/juce_audio_plugin_client.h:63:
In file included from /Users/larryseyer/AudioDevelopment/OTTO/JUCE/modules/juce_gui_basics/juce_gui_basics.h:68:
In file included from /Users/larryseyer/AudioDevelopment/OTTO/JUCE/modules/juce_graphics/juce_graphics.h:67:
In file included from /Users/larryseyer/AudioDevelopment/OTTO/JUCE/modules/juce_core/juce_core.h:215:
/Users/larryseyer/AudioDevelopment/OTTO/JUCE/modules/juce_core/system/juce_StandardHeader.h:101:5: warning: 'JUCE_MSVC' is not defined, evaluates to 0 [-Wundef]
  101 | #if JUCE_MSVC
      |     ^
/Users/larryseyer/AudioDevelopment/OTTO/JUCE/modules/juce_core/system/juce_StandardHeader.h:113:5: warning: 'JUCE_LINUX' is not defined, evaluates to 0 [-Wundef]
  113 | #if JUCE_LINUX || JUCE_BSD
      |     ^
/Users/larryseyer/AudioDevelopment/OTTO/JUCE/modules/juce_core/system/juce_StandardHeader.h:113:19: warning: 'JUCE_BSD' is not defined, evaluates to 0 [-Wundef]
  113 | #if JUCE_LINUX || JUCE_BSD
      |                   ^
/Users/larryseyer/AudioDevelopment/OTTO/JUCE/modules/juce_core/system/juce_StandardHeader.h:126:5: warning: 'JUCE_MSVC' is not defined, evaluates to 0 [-Wundef]
  126 | #if JUCE_MSVC && JUCE_DEBUG
      |     ^
/Users/larryseyer/AudioDevelopment/OTTO/JUCE/modules/juce_core/system/juce_StandardHeader.h:132:5: warning: 'JUCE_ANDROID' is not defined, evaluates to 0 [-Wundef]
  132 | #if JUCE_ANDROID
      |     ^
/Users/larryseyer/AudioDevelopment/OTTO/JUCE/modules/juce_core/system/juce_StandardHeader.h:147:5: warning: 'JUCE_MSVC' is not defined, evaluates to 0 [-Wundef]
  147 | #if JUCE_MSVC
      |     ^
/Users/larryseyer/AudioDevelopment/OTTO/JUCE/modules/juce_core/system/juce_StandardHeader.h:167:5: warning: 'JUCE_MSVC' is not defined, evaluates to 0 [-Wundef]
  167 | #if JUCE_MSVC && JUCE_DLL_BUILD
      |     ^
In file included from /Users/larryseyer/AudioDevelopment/OTTO/Source/UI/Themes/ThemeValidator.cpp:1:
In file included from /Users/larryseyer/AudioDevelopment/OTTO/Source/UI/Themes/ThemeValidator.h:4:
In file included from /Users/larryseyer/AudioDevelopment/OTTO/Builds/MacOSX/CMake-Release/OTTO_artefacts/JuceLibraryCode/JuceHeader.h:14:
In file included from /Users/larryseyer/AudioDevelopment/OTTO/JUCE/modules/juce_audio_plugin_client/juce_audio_plugin_client.h:63:
In file included from /Users/larryseyer/AudioDevelopment/OTTO/JUCE/modules/juce_gui_basics/juce_gui_basics.h:68:
In file included from /Users/larryseyer/AudioDevelopment/OTTO/JUCE/modules/juce_graphics/juce_graphics.h:67:
In file included from /Users/larryseyer/AudioDevelopment/OTTO/JUCE/modules/juce_core/juce_core.h:239:
/Users/larryseyer/AudioDevelopment/OTTO/JUCE/modules/juce_core/memory/juce_Memory.h:165:59: warning: 'DOXYGEN' is not defined, evaluates to 0 [-Wundef]
  165 | #if (JUCE_COMPILER_SUPPORTS_ARC && defined (__OBJC__)) || DOXYGEN
      |                                                           ^
/Users/larryseyer/AudioDevelopment/OTTO/JUCE/modules/juce_core/memory/juce_Memory.h:181:5: warning: 'JUCE_MSVC' is not defined, evaluates to 0 [-Wundef]
  181 | #if JUCE_MSVC && (defined (JUCE_DLL) || defined (JUCE_DLL_BUILD)) && ! (JUCE_DISABLE_DLL_ALLOCATORS || DOXYGEN)
      |     ^
In file included from /Users/larryseyer/AudioDevelopment/OTTO/Source/UI/Themes/ThemeValidator.cpp:1:
In file included from /Users/larryseyer/AudioDevelopment/OTTO/Source/UI/Themes/ThemeValidator.h:4:
In file included from /Users/larryseyer/AudioDevelopment/OTTO/Builds/MacOSX/CMake-Release/OTTO_artefacts/JuceLibraryCode/JuceHeader.h:14:
In file included from /Users/larryseyer/AudioDevelopment/OTTO/JUCE/modules/juce_audio_plugin_client/juce_audio_plugin_client.h:63:
In file included from /Users/larryseyer/AudioDevelopment/OTTO/JUCE/modules/juce_gui_basics/juce_gui_basics.h:68:
In file included from /Users/larryseyer/AudioDevelopment/OTTO/JUCE/modules/juce_graphics/juce_graphics.h:67:
In file included from /Users/larryseyer/AudioDevelopment/OTTO/JUCE/modules/juce_core/juce_core.h:240:
/Users/larryseyer/AudioDevelopment/OTTO/JUCE/modules/juce_core/maths/juce_MathsFunctions.h:59:5: warning: 'JUCE_MSVC' is not defined, evaluates to 0 [-Wundef]
   59 | #if JUCE_MSVC
      |     ^
/Users/larryseyer/AudioDevelopment/OTTO/JUCE/modules/juce_core/maths/juce_MathsFunctions.h:97:5: warning: 'JUCE_WINDOWS' is not defined, evaluates to 0 [-Wundef]
   97 | #if JUCE_WINDOWS
      |     ^
/Users/larryseyer/AudioDevelopment/OTTO/JUCE/modules/juce_core/maths/juce_MathsFunctions.h:125:8: warning: 'JUCE_MSVC' is not defined, evaluates to 0 [-Wundef]
  125 |    #if JUCE_MSVC
      |        ^
/Users/larryseyer/AudioDevelopment/OTTO/JUCE/modules/juce_core/maths/juce_MathsFunctions.h:136:8: warning: 'JUCE_MSVC' is not defined, evaluates to 0 [-Wundef]
  136 |    #if JUCE_MSVC
      |        ^
/Users/larryseyer/AudioDevelopment/OTTO/JUCE/modules/juce_core/maths/juce_MathsFunctions.h:579:5: warning: 'JUCE_MSVC' is not defined, evaluates to 0 [-Wundef]
  579 | #if JUCE_MSVC
      |     ^
/Users/larryseyer/AudioDevelopment/OTTO/JUCE/modules/juce_core/maths/juce_MathsFunctions.h:606:8: warning: 'JUCE_BIG_ENDIAN' is not defined, evaluates to 0 [-Wundef]
  606 |    #if JUCE_BIG_ENDIAN
      |        ^
/Users/larryseyer/AudioDevelopment/OTTO/JUCE/modules/juce_core/maths/juce_MathsFunctions.h:618:5: warning: 'JUCE_MSVC' is not defined, evaluates to 0 [-Wundef]
  618 | #if JUCE_MSVC
      |     ^
/Users/larryseyer/AudioDevelopment/OTTO/JUCE/modules/juce_core/maths/juce_MathsFunctions.h:738:5: warning: 'JUCE_INTEL' is not defined, evaluates to 0 [-Wundef]
  738 | #if JUCE_INTEL || DOXYGEN
      |     ^
/Users/larryseyer/AudioDevelopment/OTTO/JUCE/modules/juce_core/maths/juce_MathsFunctions.h:738:19: warning: 'DOXYGEN' is not defined, evaluates to 0 [-Wundef]
  738 | #if JUCE_INTEL || DOXYGEN
      |                   ^
In file included from /Users/larryseyer/AudioDevelopment/OTTO/Source/UI/Themes/ThemeValidator.cpp:1:
In file included from /Users/larryseyer/AudioDevelopment/OTTO/Source/UI/Themes/ThemeValidator.h:4:
In file included from /Users/larryseyer/AudioDevelopment/OTTO/Builds/MacOSX/CMake-Release/OTTO_artefacts/JuceLibraryCode/JuceHeader.h:14:
In file included from /Users/larryseyer/AudioDevelopment/OTTO/JUCE/modules/juce_audio_plugin_client/juce_audio_plugin_client.h:63:
In file included from /Users/larryseyer/AudioDevelopment/OTTO/JUCE/modules/juce_gui_basics/juce_gui_basics.h:68:
In file included from /Users/larryseyer/AudioDevelopment/OTTO/JUCE/modules/juce_graphics/juce_graphics.h:67:
In file included from /Users/larryseyer/AudioDevelopment/OTTO/JUCE/modules/juce_core/juce_core.h:241:
/Users/larryseyer/AudioDevelopment/OTTO/JUCE/modules/juce_core/memory/juce_ByteOrder.h:162:5: warning: 'JUCE_MSVC' is not defined, evaluates to 0 [-Wundef]
  162 | #if JUCE_MSVC && ! defined (__INTEL_COMPILER)
      |     ^
In file included from /Users/larryseyer/AudioDevelopment/OTTO/Source/UI/Themes/ThemeValidator.cpp:1:
In file included from /Users/larryseyer/AudioDevelopment/OTTO/Source/UI/Themes/ThemeValidator.h:4:
In file included from /Users/larryseyer/AudioDevelopment/OTTO/Builds/MacOSX/CMake-Release/OTTO_artefacts/JuceLibraryCode/JuceHeader.h:14:
In file included from /Users/larryseyer/AudioDevelopment/OTTO/JUCE/modules/juce_audio_plugin_client/juce_audio_plugin_client.h:63:
In file included from /Users/larryseyer/AudioDevelopment/OTTO/JUCE/modules/juce_gui_basics/juce_gui_basics.h:68:
In file included from /Users/larryseyer/AudioDevelopment/OTTO/JUCE/modules/juce_graphics/juce_graphics.h:67:
In file included from /Users/larryseyer/AudioDevelopment/OTTO/JUCE/modules/juce_core/juce_core.h:243:
/Users/larryseyer/AudioDevelopment/OTTO/JUCE/modules/juce_core/text/juce_CharacterFunctions.h:39:5: warning: 'JUCE_WINDOWS' is not defined, evaluates to 0 [-Wundef]
   39 | #if JUCE_WINDOWS && ! defined (DOXYGEN)
      |     ^
/Users/larryseyer/AudioDevelopment/OTTO/JUCE/modules/juce_core/text/juce_CharacterFunctions.h:64:5: warning: 'JUCE_DEFINE_T_MACRO' is not defined, evaluates to 0 [-Wundef]
   64 | #if JUCE_DEFINE_T_MACRO
      |     ^
/Users/larryseyer/AudioDevelopment/OTTO/JUCE/modules/juce_core/text/juce_CharacterFunctions.h:406:12: warning: 'JUCE_WINDOWS' is not defined, evaluates to 0 [-Wundef]
  406 |        #if JUCE_WINDOWS
      |            ^
/Users/larryseyer/AudioDevelopment/OTTO/JUCE/modules/juce_core/text/juce_CharacterFunctions.h:411:13: warning: 'JUCE_ANDROID' is not defined, evaluates to 0 [-Wundef]
  411 |         #if JUCE_ANDROID
      |             ^
In file included from /Users/larryseyer/AudioDevelopment/OTTO/Source/UI/Themes/ThemeValidator.cpp:1:
In file included from /Users/larryseyer/AudioDevelopment/OTTO/Source/UI/Themes/ThemeValidator.h:4:
In file included from /Users/larryseyer/AudioDevelopment/OTTO/Builds/MacOSX/CMake-Release/OTTO_artefacts/JuceLibraryCode/JuceHeader.h:14:
In file included from /Users/larryseyer/AudioDevelopment/OTTO/JUCE/modules/juce_audio_plugin_client/juce_audio_plugin_client.h:63:
In file included from /Users/larryseyer/AudioDevelopment/OTTO/JUCE/modules/juce_gui_basics/juce_gui_basics.h:68:
In file included from /Users/larryseyer/AudioDevelopment/OTTO/JUCE/modules/juce_graphics/juce_graphics.h:67:
In file included from /Users/larryseyer/AudioDevelopment/OTTO/JUCE/modules/juce_core/juce_core.h:247:
/Users/larryseyer/AudioDevelopment/OTTO/JUCE/modules/juce_core/text/juce_CharPointer_UTF8.h:481:12: warning: 'JUCE_WINDOWS' is not defined, evaluates to 0 [-Wundef]
  481 |        #if JUCE_WINDOWS
      |            ^
In file included from /Users/larryseyer/AudioDevelopment/OTTO/Source/UI/Themes/ThemeValidator.cpp:1:
In file included from /Users/larryseyer/AudioDevelopment/OTTO/Source/UI/Themes/ThemeValidator.h:4:
In file included from /Users/larryseyer/AudioDevelopment/OTTO/Builds/MacOSX/CMake-Release/OTTO_artefacts/JuceLibraryCode/JuceHeader.h:14:
In file included from /Users/larryseyer/AudioDevelopment/OTTO/JUCE/modules/juce_audio_plugin_client/juce_audio_plugin_client.h:63:
In file included from /Users/larryseyer/AudioDevelopment/OTTO/JUCE/modules/juce_gui_basics/juce_gui_basics.h:68:
In file included from /Users/larryseyer/AudioDevelopment/OTTO/JUCE/modules/juce_graphics/juce_graphics.h:67:
In file included from /Users/larryseyer/AudioDevelopment/OTTO/JUCE/modules/juce_core/juce_core.h:248:
/Users/larryseyer/AudioDevelopment/OTTO/JUCE/modules/juce_core/text/juce_CharPointer_UTF16.h:353:8: warning: 'JUCE_MSVC' is not defined, evaluates to 0 [-Wundef]
  353 |    #if JUCE_MSVC && ! defined (DOXYGEN)
      |        ^
/Users/larryseyer/AudioDevelopment/OTTO/JUCE/modules/juce_core/text/juce_CharPointer_UTF16.h:412:12: warning: 'JUCE_MSVC' is not defined, evaluates to 0 [-Wundef]
  412 |        #if JUCE_MSVC
      |            ^
/Users/larryseyer/AudioDevelopment/OTTO/JUCE/modules/juce_core/text/juce_CharPointer_UTF16.h:422:12: warning: 'JUCE_MSVC' is not defined, evaluates to 0 [-Wundef]
  422 |        #if JUCE_MSVC
      |            ^
In file included from /Users/larryseyer/AudioDevelopment/OTTO/Source/UI/Themes/ThemeValidator.cpp:1:
In file included from /Users/larryseyer/AudioDevelopment/OTTO/Source/UI/Themes/ThemeValidator.h:4:
In file included from /Users/larryseyer/AudioDevelopment/OTTO/Builds/MacOSX/CMake-Release/OTTO_artefacts/JuceLibraryCode/JuceHeader.h:14:
In file included from /Users/larryseyer/AudioDevelopment/OTTO/JUCE/modules/juce_audio_plugin_client/juce_audio_plugin_client.h:63:
In file included from /Users/larryseyer/AudioDevelopment/OTTO/JUCE/modules/juce_gui_basics/juce_gui_basics.h:68:
In file included from /Users/larryseyer/AudioDevelopment/OTTO/JUCE/modules/juce_graphics/juce_graphics.h:67:
In file included from /Users/larryseyer/AudioDevelopment/OTTO/JUCE/modules/juce_core/juce_core.h:249:
/Users/larryseyer/AudioDevelopment/OTTO/JUCE/modules/juce_core/text/juce_CharPointer_UTF32.h:166:44: warning: 'JUCE_ANDROID' is not defined, evaluates to 0 [-Wundef]
  166 |        #if JUCE_NATIVE_WCHAR_IS_UTF32 && ! JUCE_ANDROID
      |                                            ^
/Users/larryseyer/AudioDevelopment/OTTO/JUCE/modules/juce_core/text/juce_CharPointer_UTF32.h:266:40: warning: 'JUCE_ANDROID' is not defined, evaluates to 0 [-Wundef]
  266 |    #if JUCE_NATIVE_WCHAR_IS_UTF32 && ! JUCE_ANDROID
      |                                        ^
In file included from /Users/larryseyer/AudioDevelopment/OTTO/Source/UI/Themes/ThemeValidator.cpp:1:
In file included from /Users/larryseyer/AudioDevelopment/OTTO/Source/UI/Themes/ThemeValidator.h:4:
In file included from /Users/larryseyer/AudioDevelopment/OTTO/Builds/MacOSX/CMake-Release/OTTO_artefacts/JuceLibraryCode/JuceHeader.h:14:
In file included from /Users/larryseyer/AudioDevelopment/OTTO/JUCE/modules/juce_audio_plugin_client/juce_audio_plugin_client.h:63:
In file included from /Users/larryseyer/AudioDevelopment/OTTO/JUCE/modules/juce_gui_basics/juce_gui_basics.h:68:
In file included from /Users/larryseyer/AudioDevelopment/OTTO/JUCE/modules/juce_graphics/juce_graphics.h:67:
In file included from /Users/larryseyer/AudioDevelopment/OTTO/JUCE/modules/juce_core/juce_core.h:250:
/Users/larryseyer/AudioDevelopment/OTTO/JUCE/modules/juce_core/text/juce_CharPointer_ASCII.h:278:12: warning: 'JUCE_WINDOWS' is not defined, evaluates to 0 [-Wundef]
  278 |        #if JUCE_WINDOWS && JUCE_CLANG
      |            ^
/Users/larryseyer/AudioDevelopment/OTTO/JUCE/modules/juce_core/text/juce_CharPointer_ASCII.h:280:14: warning: 'JUCE_WINDOWS' is not defined, evaluates to 0 [-Wundef]
  280 |        #elif JUCE_WINDOWS
      |              ^
/Users/larryseyer/AudioDevelopment/OTTO/JUCE/modules/juce_core/text/juce_CharPointer_ASCII.h:348:12: warning: 'JUCE_LINUX' is not defined, evaluates to 0 [-Wundef]
  348 |        #if JUCE_LINUX || JUCE_BSD || JUCE_ANDROID
      |            ^
/Users/larryseyer/AudioDevelopment/OTTO/JUCE/modules/juce_core/text/juce_CharPointer_ASCII.h:348:26: warning: 'JUCE_BSD' is not defined, evaluates to 0 [-Wundef]
  348 |        #if JUCE_LINUX || JUCE_BSD || JUCE_ANDROID
      |                          ^
/Users/larryseyer/AudioDevelopment/OTTO/JUCE/modules/juce_core/text/juce_CharPointer_ASCII.h:348:38: warning: 'JUCE_ANDROID' is not defined, evaluates to 0 [-Wundef]
  348 |        #if JUCE_LINUX || JUCE_BSD || JUCE_ANDROID
      |                                      ^
/Users/larryseyer/AudioDevelopment/OTTO/JUCE/modules/juce_core/text/juce_CharPointer_ASCII.h:350:14: warning: 'JUCE_WINDOWS' is not defined, evaluates to 0 [-Wundef]
  350 |        #elif JUCE_WINDOWS
      |              ^
In file included from /Users/larryseyer/AudioDevelopment/OTTO/Source/UI/Themes/ThemeValidator.cpp:1:
In file included from /Users/larryseyer/AudioDevelopment/OTTO/Source/UI/Themes/ThemeValidator.h:4:
In file included from /Users/larryseyer/AudioDevelopment/OTTO/Builds/MacOSX/CMake-Release/OTTO_artefacts/JuceLibraryCode/JuceHeader.h:14:
In file included from /Users/larryseyer/AudioDevelopment/OTTO/JUCE/modules/juce_audio_plugin_client/juce_audio_plugin_client.h:63:
In file included from /Users/larryseyer/AudioDevelopment/OTTO/JUCE/modules/juce_gui_basics/juce_gui_basics.h:68:
In file included from /Users/larryseyer/AudioDevelopment/OTTO/JUCE/modules/juce_graphics/juce_graphics.h:67:
In file included from /Users/larryseyer/AudioDevelopment/OTTO/JUCE/modules/juce_core/juce_core.h:254:
/Users/larryseyer/AudioDevelopment/OTTO/JUCE/modules/juce_core/text/juce_String.h:198:11: warning: 'DOXYGEN' is not defined, evaluates to 0 [-Wundef]
  198 |    #elif (DOXYGEN || JUCE_STRING_UTF_TYPE == 8)
      |           ^
In file included from /Users/larryseyer/AudioDevelopment/OTTO/Source/UI/Themes/ThemeValidator.cpp:1:
In file included from /Users/larryseyer/AudioDevelopment/OTTO/Source/UI/Themes/ThemeValidator.h:4:
In file included from /Users/larryseyer/AudioDevelopment/OTTO/Builds/MacOSX/CMake-Release/OTTO_artefacts/JuceLibraryCode/JuceHeader.h:14:
In file included from /Users/larryseyer/AudioDevelopment/OTTO/JUCE/modules/juce_audio_plugin_client/juce_audio_plugin_client.h:63:
In file included from /Users/larryseyer/AudioDevelopment/OTTO/JUCE/modules/juce_gui_basics/juce_gui_basics.h:68:
In file included from /Users/larryseyer/AudioDevelopment/OTTO/JUCE/modules/juce_graphics/juce_graphics.h:67:
In file included from /Users/larryseyer/AudioDevelopment/OTTO/JUCE/modules/juce_core/juce_core.h:257:
/Users/larryseyer/AudioDevelopment/OTTO/JUCE/modules/juce_core/memory/juce_LeakedObjectDetector.h:124:5: warning: 'DOXYGEN' is not defined, evaluates to 0 [-Wundef]
  124 | #if DOXYGEN || ! defined (JUCE_LEAK_DETECTOR)
      |     ^
/Users/larryseyer/AudioDevelopment/OTTO/JUCE/modules/juce_core/memory/juce_LeakedObjectDetector.h:125:7: warning: 'DOXYGEN' is not defined, evaluates to 0 [-Wundef]
  125 |  #if (DOXYGEN || JUCE_CHECK_MEMORY_LEAKS)
      |       ^
In file included from /Users/larryseyer/AudioDevelopment/OTTO/Source/UI/Themes/ThemeValidator.cpp:1:
In file included from /Users/larryseyer/AudioDevelopment/OTTO/Source/UI/Themes/ThemeValidator.h:4:
In file included from /Users/larryseyer/AudioDevelopment/OTTO/Builds/MacOSX/CMake-Release/OTTO_artefacts/JuceLibraryCode/JuceHeader.h:14:
In file included from /Users/larryseyer/AudioDevelopment/OTTO/JUCE/modules/juce_audio_plugin_client/juce_audio_plugin_client.h:63:
In file included from /Users/larryseyer/AudioDevelopment/OTTO/JUCE/modules/juce_gui_basics/juce_gui_basics.h:68:
In file included from /Users/larryseyer/AudioDevelopment/OTTO/JUCE/modules/juce_graphics/juce_graphics.h:67:
In file included from /Users/larryseyer/AudioDevelopment/OTTO/JUCE/modules/juce_core/juce_core.h:259:
/Users/larryseyer/AudioDevelopment/OTTO/JUCE/modules/juce_core/memory/juce_HeapBlock.h:38:8: warning: 'DOXYGEN' is not defined, evaluates to 0 [-Wundef]
   38 | #if ! (DOXYGEN || JUCE_EXCEPTIONS_DISABLED)
      |        ^
/Users/larryseyer/AudioDevelopment/OTTO/JUCE/modules/juce_core/memory/juce_HeapBlock.h:38:19: warning: 'JUCE_EXCEPTIONS_DISABLED' is not defined, evaluates to 0 [-Wundef]
   38 | #if ! (DOXYGEN || JUCE_EXCEPTIONS_DISABLED)
      |                   ^
/Users/larryseyer/AudioDevelopment/OTTO/JUCE/modules/juce_core/memory/juce_HeapBlock.h:343:12: warning: 'JUCE_EXCEPTIONS_DISABLED' is not defined, evaluates to 0 [-Wundef]
  343 |        #if JUCE_EXCEPTIONS_DISABLED
      |            ^
In file included from /Users/larryseyer/AudioDevelopment/OTTO/Source/UI/Themes/ThemeValidator.cpp:1:
In file included from /Users/larryseyer/AudioDevelopment/OTTO/Source/UI/Themes/ThemeValidator.h:4:
In file included from /Users/larryseyer/AudioDevelopment/OTTO/Builds/MacOSX/CMake-Release/OTTO_artefacts/JuceLibraryCode/JuceHeader.h:14:
In file included from /Users/larryseyer/AudioDevelopment/OTTO/JUCE/modules/juce_audio_plugin_client/juce_audio_plugin_client.h:63:
In file included from /Users/larryseyer/AudioDevelopment/OTTO/JUCE/modules/juce_gui_basics/juce_gui_basics.h:68:
In file included from /Users/larryseyer/AudioDevelopment/OTTO/JUCE/modules/juce_graphics/juce_graphics.h:67:
In file included from /Users/larryseyer/AudioDevelopment/OTTO/JUCE/modules/juce_core/juce_core.h:263:
/Users/larryseyer/AudioDevelopment/OTTO/JUCE/modules/juce_core/memory/juce_ScopedPointer.h:151:10: warning: 'JUCE_MSVC' is not defined, evaluates to 0 [-Wundef]
  151 |    #if ! JUCE_MSVC  // (MSVC can't deal with multiple copy constructors)
      |          ^
In file included from /Users/larryseyer/AudioDevelopment/OTTO/Source/UI/Themes/ThemeValidator.cpp:1:
In file included from /Users/larryseyer/AudioDevelopment/OTTO/Source/UI/Themes/ThemeValidator.h:4:
In file included from /Users/larryseyer/AudioDevelopment/OTTO/Builds/MacOSX/CMake-Release/OTTO_artefacts/JuceLibraryCode/JuceHeader.h:14:
In file included from /Users/larryseyer/AudioDevelopment/OTTO/JUCE/modules/juce_audio_plugin_client/juce_audio_plugin_client.h:63:
In file included from /Users/larryseyer/AudioDevelopment/OTTO/JUCE/modules/juce_gui_basics/juce_gui_basics.h:68:
In file included from /Users/larryseyer/AudioDevelopment/OTTO/JUCE/modules/juce_graphics/juce_graphics.h:67:
In file included from /Users/larryseyer/AudioDevelopment/OTTO/JUCE/modules/juce_core/juce_core.h:271:
/Users/larryseyer/AudioDevelopment/OTTO/JUCE/modules/juce_core/threads/juce_CriticalSection.h:116:8: warning: 'JUCE_WINDOWS' is not defined, evaluates to 0 [-Wundef]
  116 |    #if JUCE_WINDOWS
      |        ^
In file included from /Users/larryseyer/AudioDevelopment/OTTO/Source/UI/Themes/ThemeValidator.cpp:1:
In file included from /Users/larryseyer/AudioDevelopment/OTTO/Source/UI/Themes/ThemeValidator.h:4:
In file included from /Users/larryseyer/AudioDevelopment/OTTO/Builds/MacOSX/CMake-Release/OTTO_artefacts/JuceLibraryCode/JuceHeader.h:14:
In file included from /Users/larryseyer/AudioDevelopment/OTTO/JUCE/modules/juce_audio_plugin_client/juce_audio_plugin_client.h:63:
In file included from /Users/larryseyer/AudioDevelopment/OTTO/JUCE/modules/juce_gui_basics/juce_gui_basics.h:68:
In file included from /Users/larryseyer/AudioDevelopment/OTTO/JUCE/modules/juce_graphics/juce_graphics.h:67:
In file included from /Users/larryseyer/AudioDevelopment/OTTO/JUCE/modules/juce_core/juce_core.h:293:
/Users/larryseyer/AudioDevelopment/OTTO/JUCE/modules/juce_core/memory/juce_HeavyweightLeakedObjectDetector.h:123:5: warning: 'DOXYGEN' is not defined, evaluates to 0 [-Wundef]
  123 | #if DOXYGEN || ! defined (JUCE_HEAVYWEIGHT_LEAK_DETECTOR)
      |     ^
/Users/larryseyer/AudioDevelopment/OTTO/JUCE/modules/juce_core/memory/juce_HeavyweightLeakedObjectDetector.h:124:7: warning: 'DOXYGEN' is not defined, evaluates to 0 [-Wundef]
  124 |  #if (DOXYGEN || JUCE_CHECK_MEMORY_LEAKS)
      |       ^
In file included from /Users/larryseyer/AudioDevelopment/OTTO/Source/UI/Themes/ThemeValidator.cpp:1:
In file included from /Users/larryseyer/AudioDevelopment/OTTO/Source/UI/Themes/ThemeValidator.h:4:
In file included from /Users/larryseyer/AudioDevelopment/OTTO/Builds/MacOSX/CMake-Release/OTTO_artefacts/JuceLibraryCode/JuceHeader.h:14:
In file included from /Users/larryseyer/AudioDevelopment/OTTO/JUCE/modules/juce_audio_plugin_client/juce_audio_plugin_client.h:63:
In file included from /Users/larryseyer/AudioDevelopment/OTTO/JUCE/modules/juce_gui_basics/juce_gui_basics.h:68:
In file included from /Users/larryseyer/AudioDevelopment/OTTO/JUCE/modules/juce_graphics/juce_graphics.h:67:
In file included from /Users/larryseyer/AudioDevelopment/OTTO/JUCE/modules/juce_core/juce_core.h:318:
/Users/larryseyer/AudioDevelopment/OTTO/JUCE/modules/juce_core/files/juce_File.h:38:7: warning: 'DOXYGEN' is not defined, evaluates to 0 [-Wundef]
   38 | #if ! DOXYGEN && (JUCE_MAC || JUCE_IOS)
      |       ^
/Users/larryseyer/AudioDevelopment/OTTO/JUCE/modules/juce_core/files/juce_File.h:970:12: warning: 'JUCE_WINDOWS' is not defined, evaluates to 0 [-Wundef]
  970 |        #if JUCE_WINDOWS || DOXYGEN
      |            ^
/Users/larryseyer/AudioDevelopment/OTTO/JUCE/modules/juce_core/files/juce_File.h:970:28: warning: 'DOXYGEN' is not defined, evaluates to 0 [-Wundef]
  970 |        #if JUCE_WINDOWS || DOXYGEN
      |                            ^
/Users/larryseyer/AudioDevelopment/OTTO/JUCE/modules/juce_core/files/juce_File.h:981:12: warning: 'JUCE_WINDOWS' is not defined, evaluates to 0 [-Wundef]
  981 |        #if JUCE_WINDOWS || DOXYGEN
      |            ^
/Users/larryseyer/AudioDevelopment/OTTO/JUCE/modules/juce_core/files/juce_File.h:981:28: warning: 'DOXYGEN' is not defined, evaluates to 0 [-Wundef]
  981 |        #if JUCE_WINDOWS || DOXYGEN
      |                            ^
/Users/larryseyer/AudioDevelopment/OTTO/JUCE/modules/juce_core/files/juce_File.h:1100:8: warning: 'JUCE_WINDOWS' is not defined, evaluates to 0 [-Wundef]
 1100 |    #if JUCE_WINDOWS || DOXYGEN
      |        ^
/Users/larryseyer/AudioDevelopment/OTTO/JUCE/modules/juce_core/files/juce_File.h:1100:24: warning: 'DOXYGEN' is not defined, evaluates to 0 [-Wundef]
 1100 |    #if JUCE_WINDOWS || DOXYGEN
      |                        ^
/Users/larryseyer/AudioDevelopment/OTTO/JUCE/modules/juce_core/files/juce_File.h:1146:16: warning: 'NAMES_ARE_CASE_SENSITIVE' is not defined, evaluates to 0 [-Wundef]
 1146 |            #if NAMES_ARE_CASE_SENSITIVE
      |                ^
In file included from /Users/larryseyer/AudioDevelopment/OTTO/Source/UI/Themes/ThemeValidator.cpp:1:
In file included from /Users/larryseyer/AudioDevelopment/OTTO/Source/UI/Themes/ThemeValidator.h:4:
In file included from /Users/larryseyer/AudioDevelopment/OTTO/Builds/MacOSX/CMake-Release/OTTO_artefacts/JuceLibraryCode/JuceHeader.h:14:
In file included from /Users/larryseyer/AudioDevelopment/OTTO/JUCE/modules/juce_audio_plugin_client/juce_audio_plugin_client.h:63:
In file included from /Users/larryseyer/AudioDevelopment/OTTO/JUCE/modules/juce_gui_basics/juce_gui_basics.h:68:
In file included from /Users/larryseyer/AudioDevelopment/OTTO/JUCE/modules/juce_graphics/juce_graphics.h:67:
In file included from /Users/larryseyer/AudioDevelopment/OTTO/JUCE/modules/juce_core/juce_core.h:321:
/Users/larryseyer/AudioDevelopment/OTTO/JUCE/modules/juce_core/detail/juce_NativeFileHandle.h:38:5: warning: 'JUCE_WINDOWS' is not defined, evaluates to 0 [-Wundef]
   38 | #if JUCE_WINDOWS
      |     ^
In file included from /Users/larryseyer/AudioDevelopment/OTTO/Source/UI/Themes/ThemeValidator.cpp:1:
In file included from /Users/larryseyer/AudioDevelopment/OTTO/Source/UI/Themes/ThemeValidator.h:4:
In file included from /Users/larryseyer/AudioDevelopment/OTTO/Builds/MacOSX/CMake-Release/OTTO_artefacts/JuceLibraryCode/JuceHeader.h:14:
In file included from /Users/larryseyer/AudioDevelopment/OTTO/JUCE/modules/juce_audio_plugin_client/juce_audio_plugin_client.h:63:
In file included from /Users/larryseyer/AudioDevelopment/OTTO/JUCE/modules/juce_gui_basics/juce_gui_basics.h:68:
In file included from /Users/larryseyer/AudioDevelopment/OTTO/JUCE/modules/juce_graphics/juce_graphics.h:67:
In file included from /Users/larryseyer/AudioDevelopment/OTTO/JUCE/modules/juce_core/juce_core.h:325:
/Users/larryseyer/AudioDevelopment/OTTO/JUCE/modules/juce_core/files/juce_MemoryMappedFile.h:116:8: warning: 'JUCE_WINDOWS' is not defined, evaluates to 0 [-Wundef]
  116 |    #if JUCE_WINDOWS
      |        ^
In file included from /Users/larryseyer/AudioDevelopment/OTTO/Source/UI/Themes/ThemeValidator.cpp:1:
In file included from /Users/larryseyer/AudioDevelopment/OTTO/Source/UI/Themes/ThemeValidator.h:4:
In file included from /Users/larryseyer/AudioDevelopment/OTTO/Builds/MacOSX/CMake-Release/OTTO_artefacts/JuceLibraryCode/JuceHeader.h:14:
In file included from /Users/larryseyer/AudioDevelopment/OTTO/JUCE/modules/juce_audio_plugin_client/juce_audio_plugin_client.h:63:
In file included from /Users/larryseyer/AudioDevelopment/OTTO/JUCE/modules/juce_gui_basics/juce_gui_basics.h:68:
In file included from /Users/larryseyer/AudioDevelopment/OTTO/JUCE/modules/juce_graphics/juce_graphics.h:67:
In file included from /Users/larryseyer/AudioDevelopment/OTTO/JUCE/modules/juce_core/juce_core.h:338:
/Users/larryseyer/AudioDevelopment/OTTO/JUCE/modules/juce_core/misc/juce_WindowsRegistry.h:38:5: warning: 'JUCE_WINDOWS' is not defined, evaluates to 0 [-Wundef]
   38 | #if JUCE_WINDOWS || DOXYGEN
      |     ^
/Users/larryseyer/AudioDevelopment/OTTO/JUCE/modules/juce_core/misc/juce_WindowsRegistry.h:38:21: warning: 'DOXYGEN' is not defined, evaluates to 0 [-Wundef]
   38 | #if JUCE_WINDOWS || DOXYGEN
      |                     ^
In file included from /Users/larryseyer/AudioDevelopment/OTTO/Source/UI/Themes/ThemeValidator.cpp:1:
In file included from /Users/larryseyer/AudioDevelopment/OTTO/Source/UI/Themes/ThemeValidator.h:4:
In file included from /Users/larryseyer/AudioDevelopment/OTTO/Builds/MacOSX/CMake-Release/OTTO_artefacts/JuceLibraryCode/JuceHeader.h:14:
In file included from /Users/larryseyer/AudioDevelopment/OTTO/JUCE/modules/juce_audio_plugin_client/juce_audio_plugin_client.h:63:
In file included from /Users/larryseyer/AudioDevelopment/OTTO/JUCE/modules/juce_gui_basics/juce_gui_basics.h:68:
In file included from /Users/larryseyer/AudioDevelopment/OTTO/JUCE/modules/juce_graphics/juce_graphics.h:67:
In file included from /Users/larryseyer/AudioDevelopment/OTTO/JUCE/modules/juce_core/juce_core.h:342:
/Users/larryseyer/AudioDevelopment/OTTO/JUCE/modules/juce_core/threads/juce_Process.h:122:8: warning: 'JUCE_WINDOWS' is not defined, evaluates to 0 [-Wundef]
  122 |    #if JUCE_WINDOWS || DOXYGEN
      |        ^
/Users/larryseyer/AudioDevelopment/OTTO/JUCE/modules/juce_core/threads/juce_Process.h:122:24: warning: 'DOXYGEN' is not defined, evaluates to 0 [-Wundef]
  122 |    #if JUCE_WINDOWS || DOXYGEN
      |                        ^
In file included from /Users/larryseyer/AudioDevelopment/OTTO/Source/UI/Themes/ThemeValidator.cpp:1:
In file included from /Users/larryseyer/AudioDevelopment/OTTO/Source/UI/Themes/ThemeValidator.h:4:
In file included from /Users/larryseyer/AudioDevelopment/OTTO/Builds/MacOSX/CMake-Release/OTTO_artefacts/JuceLibraryCode/JuceHeader.h:14:
In file included from /Users/larryseyer/AudioDevelopment/OTTO/JUCE/modules/juce_audio_plugin_client/juce_audio_plugin_client.h:63:
In file included from /Users/larryseyer/AudioDevelopment/OTTO/JUCE/modules/juce_gui_basics/juce_gui_basics.h:68:
In file included from /Users/larryseyer/AudioDevelopment/OTTO/JUCE/modules/juce_graphics/juce_graphics.h:67:
In file included from /Users/larryseyer/AudioDevelopment/OTTO/JUCE/modules/juce_core/juce_core.h:345:
/Users/larryseyer/AudioDevelopment/OTTO/JUCE/modules/juce_core/threads/juce_Thread.h:526:8: warning: 'JUCE_ANDROID' is not defined, evaluates to 0 [-Wundef]
  526 |    #if JUCE_ANDROID || DOXYGEN
      |        ^
/Users/larryseyer/AudioDevelopment/OTTO/JUCE/modules/juce_core/threads/juce_Thread.h:526:24: warning: 'DOXYGEN' is not defined, evaluates to 0 [-Wundef]
  526 |    #if JUCE_ANDROID || DOXYGEN
      |                        ^
/Users/larryseyer/AudioDevelopment/OTTO/JUCE/modules/juce_core/threads/juce_Thread.h:607:8: warning: 'JUCE_ANDROID' is not defined, evaluates to 0 [-Wundef]
  607 |    #if JUCE_ANDROID || JUCE_LINUX || JUCE_BSD
      |        ^
/Users/larryseyer/AudioDevelopment/OTTO/JUCE/modules/juce_core/threads/juce_Thread.h:607:24: warning: 'JUCE_LINUX' is not defined, evaluates to 0 [-Wundef]
  607 |    #if JUCE_ANDROID || JUCE_LINUX || JUCE_BSD
      |                        ^
/Users/larryseyer/AudioDevelopment/OTTO/JUCE/modules/juce_core/threads/juce_Thread.h:607:38: warning: 'JUCE_BSD' is not defined, evaluates to 0 [-Wundef]
  607 |    #if JUCE_ANDROID || JUCE_LINUX || JUCE_BSD
      |                                      ^
In file included from /Users/larryseyer/AudioDevelopment/OTTO/Source/UI/Themes/ThemeValidator.cpp:1:
In file included from /Users/larryseyer/AudioDevelopment/OTTO/Source/UI/Themes/ThemeValidator.h:4:
In file included from /Users/larryseyer/AudioDevelopment/OTTO/Builds/MacOSX/CMake-Release/OTTO_artefacts/JuceLibraryCode/JuceHeader.h:14:
In file included from /Users/larryseyer/AudioDevelopment/OTTO/JUCE/modules/juce_audio_plugin_client/juce_audio_plugin_client.h:63:
In file included from /Users/larryseyer/AudioDevelopment/OTTO/JUCE/modules/juce_gui_basics/juce_gui_basics.h:68:
In file included from /Users/larryseyer/AudioDevelopment/OTTO/JUCE/modules/juce_graphics/juce_graphics.h:67:
In file included from /Users/larryseyer/AudioDevelopment/OTTO/JUCE/modules/juce_core/juce_core.h:357:
/Users/larryseyer/AudioDevelopment/OTTO/JUCE/modules/juce_core/network/juce_URL.h:567:12: warning: 'JUCE_IOS' is not defined, evaluates to 0 [-Wundef]
  567 |        #if JUCE_IOS
      |            ^
/Users/larryseyer/AudioDevelopment/OTTO/JUCE/modules/juce_core/network/juce_URL.h:708:8: warning: 'JUCE_IOS' is not defined, evaluates to 0 [-Wundef]
  708 |    #if JUCE_IOS
      |        ^
In file included from /Users/larryseyer/AudioDevelopment/OTTO/Source/UI/Themes/ThemeValidator.cpp:1:
In file included from /Users/larryseyer/AudioDevelopment/OTTO/Source/UI/Themes/ThemeValidator.h:4:
In file included from /Users/larryseyer/AudioDevelopment/OTTO/Builds/MacOSX/CMake-Release/OTTO_artefacts/JuceLibraryCode/JuceHeader.h:14:
In file included from /Users/larryseyer/AudioDevelopment/OTTO/JUCE/modules/juce_audio_plugin_client/juce_audio_plugin_client.h:63:
In file included from /Users/larryseyer/AudioDevelopment/OTTO/JUCE/modules/juce_gui_basics/juce_gui_basics.h:68:
In file included from /Users/larryseyer/AudioDevelopment/OTTO/JUCE/modules/juce_graphics/juce_graphics.h:67:
In file included from /Users/larryseyer/AudioDevelopment/OTTO/JUCE/modules/juce_core/juce_core.h:366:
/Users/larryseyer/AudioDevelopment/OTTO/JUCE/modules/juce_core/zip/juce_ZipFile.h:280:8: warning: 'JUCE_DEBUG' is not defined, evaluates to 0 [-Wundef]
  280 |    #if JUCE_DEBUG
      |        ^
In file included from /Users/larryseyer/AudioDevelopment/OTTO/Source/UI/Themes/ThemeValidator.cpp:1:
In file included from /Users/larryseyer/AudioDevelopment/OTTO/Source/UI/Themes/ThemeValidator.h:4:
In file included from /Users/larryseyer/AudioDevelopment/OTTO/Builds/MacOSX/CMake-Release/OTTO_artefacts/JuceLibraryCode/JuceHeader.h:14:
In file included from /Users/larryseyer/AudioDevelopment/OTTO/JUCE/modules/juce_audio_plugin_client/juce_audio_plugin_client.h:63:
In file included from /Users/larryseyer/AudioDevelopment/OTTO/JUCE/modules/juce_gui_basics/juce_gui_basics.h:68:
In file included from /Users/larryseyer/AudioDevelopment/OTTO/JUCE/modules/juce_graphics/juce_graphics.h:67:
/Users/larryseyer/AudioDevelopment/OTTO/JUCE/modules/juce_core/juce_core.h:378:5: warning: 'JUCE_CORE_INCLUDE_OBJC_HELPERS' is not defined, evaluates to 0 [-Wundef]
  378 | #if JUCE_CORE_INCLUDE_OBJC_HELPERS && (JUCE_MAC || JUCE_IOS)
      |     ^
/Users/larryseyer/AudioDevelopment/OTTO/JUCE/modules/juce_core/juce_core.h:383:5: warning: 'JUCE_CORE_INCLUDE_COM_SMART_PTR' is not defined, evaluates to 0 [-Wundef]
  383 | #if JUCE_CORE_INCLUDE_COM_SMART_PTR && JUCE_WINDOWS
      |     ^
/Users/larryseyer/AudioDevelopment/OTTO/JUCE/modules/juce_core/juce_core.h:387:5: warning: 'JUCE_CORE_INCLUDE_JNI_HELPERS' is not defined, evaluates to 0 [-Wundef]
  387 | #if JUCE_CORE_INCLUDE_JNI_HELPERS && JUCE_ANDROID
      |     ^
/Users/larryseyer/AudioDevelopment/OTTO/JUCE/modules/juce_core/juce_core.h:392:5: warning: 'JUCE_UNIT_TESTS' is not defined, evaluates to 0 [-Wundef]
  392 | #if JUCE_UNIT_TESTS
      |     ^
/Users/larryseyer/AudioDevelopment/OTTO/JUCE/modules/juce_core/juce_core.h:407:6: warning: 'JUCE_DEBUG' is not defined, evaluates to 0 [-Wundef]
  407 |  #if JUCE_DEBUG
      |      ^
In file included from /Users/larryseyer/AudioDevelopment/OTTO/Source/UI/Themes/ThemeValidator.cpp:1:
In file included from /Users/larryseyer/AudioDevelopment/OTTO/Source/UI/Themes/ThemeValidator.h:4:
In file included from /Users/larryseyer/AudioDevelopment/OTTO/Builds/MacOSX/CMake-Release/OTTO_artefacts/JuceLibraryCode/JuceHeader.h:14:
In file included from /Users/larryseyer/AudioDevelopment/OTTO/JUCE/modules/juce_audio_plugin_client/juce_audio_plugin_client.h:63:
In file included from /Users/larryseyer/AudioDevelopment/OTTO/JUCE/modules/juce_gui_basics/juce_gui_basics.h:68:
In file included from /Users/larryseyer/AudioDevelopment/OTTO/JUCE/modules/juce_graphics/juce_graphics.h:68:
/Users/larryseyer/AudioDevelopment/OTTO/JUCE/modules/juce_events/juce_events.h:75:5: warning: 'JUCE_WINDOWS' is not defined, evaluates to 0 [-Wundef]
   75 | #if JUCE_WINDOWS && JUCE_EVENTS_INCLUDE_WINRT_WRAPPER
      |     ^
In file included from /Users/larryseyer/AudioDevelopment/OTTO/Source/UI/Themes/ThemeValidator.cpp:1:
In file included from /Users/larryseyer/AudioDevelopment/OTTO/Source/UI/Themes/ThemeValidator.h:4:
In file included from /Users/larryseyer/AudioDevelopment/OTTO/Builds/MacOSX/CMake-Release/OTTO_artefacts/JuceLibraryCode/JuceHeader.h:14:
In file included from /Users/larryseyer/AudioDevelopment/OTTO/JUCE/modules/juce_audio_plugin_client/juce_audio_plugin_client.h:63:
In file included from /Users/larryseyer/AudioDevelopment/OTTO/JUCE/modules/juce_gui_basics/juce_gui_basics.h:68:
In file included from /Users/larryseyer/AudioDevelopment/OTTO/JUCE/modules/juce_graphics/juce_graphics.h:68:
In file included from /Users/larryseyer/AudioDevelopment/OTTO/JUCE/modules/juce_events/juce_events.h:91:
/Users/larryseyer/AudioDevelopment/OTTO/JUCE/modules/juce_events/messages/juce_ApplicationBase.h:300:8: warning: 'JUCE_IOS' is not defined, evaluates to 0 [-Wundef]
  300 |    #if JUCE_IOS
      |        ^
/Users/larryseyer/AudioDevelopment/OTTO/JUCE/modules/juce_events/messages/juce_ApplicationBase.h:324:40: warning: 'DOXYGEN' is not defined, evaluates to 0 [-Wundef]
  324 | #if JUCE_CATCH_UNHANDLED_EXCEPTIONS || DOXYGEN
      |                                        ^
In file included from /Users/larryseyer/AudioDevelopment/OTTO/Source/UI/Themes/ThemeValidator.cpp:1:
In file included from /Users/larryseyer/AudioDevelopment/OTTO/Source/UI/Themes/ThemeValidator.h:4:
In file included from /Users/larryseyer/AudioDevelopment/OTTO/Builds/MacOSX/CMake-Release/OTTO_artefacts/JuceLibraryCode/JuceHeader.h:14:
In file included from /Users/larryseyer/AudioDevelopment/OTTO/JUCE/modules/juce_audio_plugin_client/juce_audio_plugin_client.h:63:
In file included from /Users/larryseyer/AudioDevelopment/OTTO/JUCE/modules/juce_gui_basics/juce_gui_basics.h:68:
In file included from /Users/larryseyer/AudioDevelopment/OTTO/JUCE/modules/juce_graphics/juce_graphics.h:68:
In file included from /Users/larryseyer/AudioDevelopment/OTTO/JUCE/modules/juce_events/juce_events.h:92:
/Users/larryseyer/AudioDevelopment/OTTO/JUCE/modules/juce_events/messages/juce_Initialisation.h:102:5: warning: 'DOXYGEN' is not defined, evaluates to 0 [-Wundef]
  102 | #if DOXYGEN
      |     ^
/Users/larryseyer/AudioDevelopment/OTTO/JUCE/modules/juce_events/messages/juce_Initialisation.h:105:6: warning: 'JUCE_WINDOWS' is not defined, evaluates to 0 [-Wundef]
  105 |  #if JUCE_WINDOWS && ! defined (_CONSOLE)
      |      ^
/Users/larryseyer/AudioDevelopment/OTTO/JUCE/modules/juce_events/messages/juce_Initialisation.h:116:6: warning: 'JUCE_IOS' is not defined, evaluates to 0 [-Wundef]
  116 |  #if JUCE_IOS
      |      ^
/Users/larryseyer/AudioDevelopment/OTTO/JUCE/modules/juce_events/messages/juce_Initialisation.h:138:8: warning: 'JUCE_ANDROID' is not defined, evaluates to 0 [-Wundef]
  138 |  #elif JUCE_ANDROID
      |        ^
/Users/larryseyer/AudioDevelopment/OTTO/JUCE/modules/juce_events/messages/juce_Initialisation.h:161:7: warning: 'JUCE_USE_CUSTOM_PLUGIN_STANDALONE_APP' is not defined, evaluates to 0 [-Wundef]
  161 |   #if JUCE_USE_CUSTOM_PLUGIN_STANDALONE_APP
      |       ^
/Users/larryseyer/AudioDevelopment/OTTO/JUCE/modules/juce_events/messages/juce_Initialisation.h:168:8: warning: 'JUCE_IOS' is not defined, evaluates to 0 [-Wundef]
  168 |    #if JUCE_IOS
      |        ^
In file included from /Users/larryseyer/AudioDevelopment/OTTO/Source/UI/Themes/ThemeValidator.cpp:1:
In file included from /Users/larryseyer/AudioDevelopment/OTTO/Source/UI/Themes/ThemeValidator.h:4:
In file included from /Users/larryseyer/AudioDevelopment/OTTO/Builds/MacOSX/CMake-Release/OTTO_artefacts/JuceLibraryCode/JuceHeader.h:14:
In file included from /Users/larryseyer/AudioDevelopment/OTTO/JUCE/modules/juce_audio_plugin_client/juce_audio_plugin_client.h:63:
In file included from /Users/larryseyer/AudioDevelopment/OTTO/JUCE/modules/juce_gui_basics/juce_gui_basics.h:68:
In file included from /Users/larryseyer/AudioDevelopment/OTTO/JUCE/modules/juce_graphics/juce_graphics.h:68:
/Users/larryseyer/AudioDevelopment/OTTO/JUCE/modules/juce_events/juce_events.h:110:5: warning: 'JUCE_LINUX' is not defined, evaluates to 0 [-Wundef]
  110 | #if JUCE_LINUX || JUCE_BSD
      |     ^
/Users/larryseyer/AudioDevelopment/OTTO/JUCE/modules/juce_events/juce_events.h:110:19: warning: 'JUCE_BSD' is not defined, evaluates to 0 [-Wundef]
  110 | #if JUCE_LINUX || JUCE_BSD
      |                   ^
/Users/larryseyer/AudioDevelopment/OTTO/JUCE/modules/juce_events/juce_events.h:114:5: warning: 'JUCE_WINDOWS' is not defined, evaluates to 0 [-Wundef]
  114 | #if JUCE_WINDOWS
      |     ^
In file included from /Users/larryseyer/AudioDevelopment/OTTO/Source/UI/Themes/ThemeValidator.cpp:1:
In file included from /Users/larryseyer/AudioDevelopment/OTTO/Source/UI/Themes/ThemeValidator.h:4:
In file included from /Users/larryseyer/AudioDevelopment/OTTO/Builds/MacOSX/CMake-Release/OTTO_artefacts/JuceLibraryCode/JuceHeader.h:14:
In file included from /Users/larryseyer/AudioDevelopment/OTTO/JUCE/modules/juce_audio_plugin_client/juce_audio_plugin_client.h:63:
In file included from /Users/larryseyer/AudioDevelopment/OTTO/JUCE/modules/juce_gui_basics/juce_gui_basics.h:68:
In file included from /Users/larryseyer/AudioDevelopment/OTTO/JUCE/modules/juce_graphics/juce_graphics.h:122:
/Users/larryseyer/AudioDevelopment/OTTO/JUCE/modules/juce_graphics/colour/juce_PixelFormats.h:39:5: warning: 'JUCE_MSVC' is not defined, evaluates to 0 [-Wundef]
   39 | #if JUCE_MSVC
      |     ^
/Users/larryseyer/AudioDevelopment/OTTO/JUCE/modules/juce_graphics/colour/juce_PixelFormats.h:89:12: warning: 'JUCE_ANDROID' is not defined, evaluates to 0 [-Wundef]
   89 |        #if JUCE_ANDROID
      |            ^
/Users/larryseyer/AudioDevelopment/OTTO/JUCE/modules/juce_graphics/colour/juce_PixelFormats.h:100:12: warning: 'JUCE_BIG_ENDIAN' is not defined, evaluates to 0 [-Wundef]
  100 |        #if JUCE_BIG_ENDIAN
      |            ^
/Users/larryseyer/AudioDevelopment/OTTO/JUCE/modules/juce_graphics/colour/juce_PixelFormats.h:301:7: warning: 'JUCE_ANDROID' is not defined, evaluates to 0 [-Wundef]
  301 |   #if JUCE_ANDROID
      |       ^
/Users/larryseyer/AudioDevelopment/OTTO/JUCE/modules/juce_graphics/colour/juce_PixelFormats.h:308:8: warning: 'JUCE_BIG_ENDIAN' is not defined, evaluates to 0 [-Wundef]
  308 |    #if JUCE_BIG_ENDIAN
      |        ^
/Users/larryseyer/AudioDevelopment/OTTO/JUCE/modules/juce_graphics/colour/juce_PixelFormats.h:325:11: warning: 'JUCE_ANDROID' is not defined, evaluates to 0 [-Wundef]
  325 |       #if JUCE_ANDROID
      |           ^
/Users/larryseyer/AudioDevelopment/OTTO/JUCE/modules/juce_graphics/colour/juce_PixelFormats.h:332:12: warning: 'JUCE_BIG_ENDIAN' is not defined, evaluates to 0 [-Wundef]
  332 |        #if JUCE_BIG_ENDIAN
      |            ^
/Users/larryseyer/AudioDevelopment/OTTO/JUCE/modules/juce_graphics/colour/juce_PixelFormats.h:375:12: warning: 'JUCE_ANDROID' is not defined, evaluates to 0 [-Wundef]
  375 |        #if JUCE_ANDROID
      |            ^
/Users/larryseyer/AudioDevelopment/OTTO/JUCE/modules/juce_graphics/colour/juce_PixelFormats.h:386:12: warning: 'JUCE_ANDROID' is not defined, evaluates to 0 [-Wundef]
  386 |        #if JUCE_ANDROID
      |            ^
/Users/larryseyer/AudioDevelopment/OTTO/JUCE/modules/juce_graphics/colour/juce_PixelFormats.h:397:12: warning: 'JUCE_BIG_ENDIAN' is not defined, evaluates to 0 [-Wundef]
  397 |        #if JUCE_BIG_ENDIAN
      |            ^
/Users/larryseyer/AudioDevelopment/OTTO/JUCE/modules/juce_graphics/colour/juce_PixelFormats.h:411:12: warning: 'JUCE_ANDROID' is not defined, evaluates to 0 [-Wundef]
  411 |        #if JUCE_ANDROID
      |            ^
/Users/larryseyer/AudioDevelopment/OTTO/JUCE/modules/juce_graphics/colour/juce_PixelFormats.h:472:12: warning: 'JUCE_ANDROID' is not defined, evaluates to 0 [-Wundef]
  472 |        #if JUCE_ANDROID
      |            ^
/Users/larryseyer/AudioDevelopment/OTTO/JUCE/modules/juce_graphics/colour/juce_PixelFormats.h:504:12: warning: 'JUCE_ANDROID' is not defined, evaluates to 0 [-Wundef]
  504 |        #if JUCE_ANDROID
      |            ^
/Users/larryseyer/AudioDevelopment/OTTO/JUCE/modules/juce_graphics/colour/juce_PixelFormats.h:527:12: warning: 'JUCE_ANDROID' is not defined, evaluates to 0 [-Wundef]
  527 |        #if JUCE_ANDROID
      |            ^
/Users/larryseyer/AudioDevelopment/OTTO/JUCE/modules/juce_graphics/colour/juce_PixelFormats.h:569:11: warning: 'JUCE_ANDROID' is not defined, evaluates to 0 [-Wundef]
  569 |       #if JUCE_ANDROID
      |           ^
/Users/larryseyer/AudioDevelopment/OTTO/JUCE/modules/juce_graphics/colour/juce_PixelFormats.h:745:5: warning: 'JUCE_MSVC' is not defined, evaluates to 0 [-Wundef]
  745 | #if JUCE_MSVC
      |     ^
In file included from /Users/larryseyer/AudioDevelopment/OTTO/Source/UI/Themes/ThemeValidator.cpp:1:
In file included from /Users/larryseyer/AudioDevelopment/OTTO/Source/UI/Themes/ThemeValidator.h:4:
In file included from /Users/larryseyer/AudioDevelopment/OTTO/Builds/MacOSX/CMake-Release/OTTO_artefacts/JuceLibraryCode/JuceHeader.h:14:
In file included from /Users/larryseyer/AudioDevelopment/OTTO/JUCE/modules/juce_audio_plugin_client/juce_audio_plugin_client.h:63:
In file included from /Users/larryseyer/AudioDevelopment/OTTO/JUCE/modules/juce_gui_basics/juce_gui_basics.h:68:
In file included from /Users/larryseyer/AudioDevelopment/OTTO/JUCE/modules/juce_graphics/juce_graphics.h:141:
/Users/larryseyer/AudioDevelopment/OTTO/JUCE/modules/juce_graphics/detail/juce_Ranges.h:114:12: warning: 'JUCE_DEBUG' is not defined, evaluates to 0 [-Wundef]
  114 |        #if JUCE_DEBUG
      |            ^
In file included from /Users/larryseyer/AudioDevelopment/OTTO/Source/UI/Themes/ThemeValidator.cpp:1:
In file included from /Users/larryseyer/AudioDevelopment/OTTO/Source/UI/Themes/ThemeValidator.h:4:
In file included from /Users/larryseyer/AudioDevelopment/OTTO/Builds/MacOSX/CMake-Release/OTTO_artefacts/JuceLibraryCode/JuceHeader.h:14:
In file included from /Users/larryseyer/AudioDevelopment/OTTO/JUCE/modules/juce_audio_plugin_client/juce_audio_plugin_client.h:63:
In file included from /Users/larryseyer/AudioDevelopment/OTTO/JUCE/modules/juce_gui_basics/juce_gui_basics.h:68:
In file included from /Users/larryseyer/AudioDevelopment/OTTO/JUCE/modules/juce_graphics/juce_graphics.h:150:
/Users/larryseyer/AudioDevelopment/OTTO/JUCE/modules/juce_graphics/native/juce_RenderingHelpers.h:389:30: warning: implicit conversion increases floating-point precision: 'float' to 'double' [-Wdouble-promotion]
  389 |                 grad = (p2.y - p1.y) / (double) (p1.x - p2.x);
      |                         ~~~~~^~~~~~  ~
/Users/larryseyer/AudioDevelopment/OTTO/JUCE/modules/juce_graphics/native/juce_RenderingHelpers.h:390:36: warning: implicit conversion increases floating-point precision: 'float' to 'double' [-Wdouble-promotion]
  390 |                 yTerm = p1.y - (p1.x / grad);
      |                                 ~~~^ ~
/Users/larryseyer/AudioDevelopment/OTTO/JUCE/modules/juce_graphics/native/juce_RenderingHelpers.h:390:28: warning: implicit conversion increases floating-point precision: 'float' to 'double' [-Wdouble-promotion]
  390 |                 yTerm = p1.y - (p1.x / grad);
      |                         ~~~^ ~
/Users/larryseyer/AudioDevelopment/OTTO/JUCE/modules/juce_graphics/native/juce_RenderingHelpers.h:391:127: warning: implicit conversion increases floating-point precision: 'float' to 'double' [-Wdouble-promotion]
  391 |                 scale = roundToInt ((double) ((int64_t) numEntries << (int) numScaleBits) / (yTerm * grad - (p2.y * grad - p2.x)));
      |                                                                                                                          ~ ~~~^
/Users/larryseyer/AudioDevelopment/OTTO/JUCE/modules/juce_graphics/native/juce_RenderingHelpers.h:391:113: warning: implicit conversion increases floating-point precision: 'float' to 'double' [-Wdouble-promotion]
  391 |                 scale = roundToInt ((double) ((int64_t) numEntries << (int) numScaleBits) / (yTerm * grad - (p2.y * grad - p2.x)));
      |                                                                                                              ~~~^ ~
/Users/larryseyer/AudioDevelopment/OTTO/JUCE/modules/juce_graphics/native/juce_RenderingHelpers.h:429:36: warning: implicit conversion increases floating-point precision: 'const float' to 'const double' [-Wdouble-promotion]
  429 |               gx1 (gradient.point1.x),
      |                   ~~~~~~~~~~~~~~~~~^
/Users/larryseyer/AudioDevelopment/OTTO/JUCE/modules/juce_graphics/native/juce_RenderingHelpers.h:430:36: warning: implicit conversion increases floating-point precision: 'const float' to 'const double' [-Wdouble-promotion]
  430 |               gy1 (gradient.point1.y)
      |                   ~~~~~~~~~~~~~~~~~^
/Users/larryseyer/AudioDevelopment/OTTO/JUCE/modules/juce_graphics/native/juce_RenderingHelpers.h:434:39: warning: implicit conversion increases floating-point precision: 'float' to 'double' [-Wdouble-promotion]
  434 |             maxDist = diff.x * diff.x + diff.y * diff.y;
      |                     ~ ~~~~~~~~~~~~~~~~^~~~~~~~~~~~~~~~~
/Users/larryseyer/AudioDevelopment/OTTO/JUCE/modules/juce_graphics/native/juce_RenderingHelpers.h:471:37: warning: implicit conversion increases floating-point precision: 'const float' to 'double' [-Wdouble-promotion]
  471 |             tM10 = inverseTransform.mat10;
      |                  ~ ~~~~~~~~~~~~~~~~~^~~~~
/Users/larryseyer/AudioDevelopment/OTTO/JUCE/modules/juce_graphics/native/juce_RenderingHelpers.h:472:37: warning: implicit conversion increases floating-point precision: 'const float' to 'double' [-Wdouble-promotion]
  472 |             tM00 = inverseTransform.mat00;
      |                  ~ ~~~~~~~~~~~~~~~~~^~~~~
/Users/larryseyer/AudioDevelopment/OTTO/JUCE/modules/juce_graphics/native/juce_RenderingHelpers.h:478:56: warning: implicit conversion increases floating-point precision: 'float' to 'double' [-Wdouble-promotion]
  478 |             lineYM01 = inverseTransform.mat01 * floatY + inverseTransform.mat02 - gx1;
      |                        ~~~~~~~~~~~~~~~~~~~~~~~~~~~~~~~~^~~~~~~~~~~~~~~~~~~~~~~~ ~
/Users/larryseyer/AudioDevelopment/OTTO/JUCE/modules/juce_graphics/native/juce_RenderingHelpers.h:479:56: warning: implicit conversion increases floating-point precision: 'float' to 'double' [-Wdouble-promotion]
  479 |             lineYM11 = inverseTransform.mat11 * floatY + inverseTransform.mat12 - gy1;
      |                        ~~~~~~~~~~~~~~~~~~~~~~~~~~~~~~~~^~~~~~~~~~~~~~~~~~~~~~~~ ~
In file included from /Users/larryseyer/AudioDevelopment/OTTO/Source/UI/Themes/ThemeValidator.cpp:1:
In file included from /Users/larryseyer/AudioDevelopment/OTTO/Source/UI/Themes/ThemeValidator.h:4:
In file included from /Users/larryseyer/AudioDevelopment/OTTO/Builds/MacOSX/CMake-Release/OTTO_artefacts/JuceLibraryCode/JuceHeader.h:14:
In file included from /Users/larryseyer/AudioDevelopment/OTTO/JUCE/modules/juce_audio_plugin_client/juce_audio_plugin_client.h:63:
In file included from /Users/larryseyer/AudioDevelopment/OTTO/JUCE/modules/juce_gui_basics/juce_gui_basics.h:68:
/Users/larryseyer/AudioDevelopment/OTTO/JUCE/modules/juce_graphics/juce_graphics.h:157:5: warning: 'JUCE_GRAPHICS_INCLUDE_COREGRAPHICS_HELPERS' is not defined, evaluates to 0 [-Wundef]
  157 | #if JUCE_GRAPHICS_INCLUDE_COREGRAPHICS_HELPERS && (JUCE_MAC || JUCE_IOS)
      |     ^
In file included from /Users/larryseyer/AudioDevelopment/OTTO/Source/UI/Themes/ThemeValidator.cpp:1:
In file included from /Users/larryseyer/AudioDevelopment/OTTO/Source/UI/Themes/ThemeValidator.h:4:
In file included from /Users/larryseyer/AudioDevelopment/OTTO/Builds/MacOSX/CMake-Release/OTTO_artefacts/JuceLibraryCode/JuceHeader.h:14:
In file included from /Users/larryseyer/AudioDevelopment/OTTO/JUCE/modules/juce_audio_plugin_client/juce_audio_plugin_client.h:63:
In file included from /Users/larryseyer/AudioDevelopment/OTTO/JUCE/modules/juce_gui_basics/juce_gui_basics.h:205:
/Users/larryseyer/AudioDevelopment/OTTO/JUCE/modules/juce_gui_basics/components/juce_Component.h:2701:12: warning: 'JUCE_DEBUG' is not defined, evaluates to 0 [-Wundef]
 2701 |        #if JUCE_DEBUG
      |            ^
In file included from /Users/larryseyer/AudioDevelopment/OTTO/Source/UI/Themes/ThemeValidator.cpp:1:
In file included from /Users/larryseyer/AudioDevelopment/OTTO/Source/UI/Themes/ThemeValidator.h:4:
In file included from /Users/larryseyer/AudioDevelopment/OTTO/Builds/MacOSX/CMake-Release/OTTO_artefacts/JuceLibraryCode/JuceHeader.h:14:
In file included from /Users/larryseyer/AudioDevelopment/OTTO/JUCE/modules/juce_audio_plugin_client/juce_audio_plugin_client.h:63:
In file included from /Users/larryseyer/AudioDevelopment/OTTO/JUCE/modules/juce_gui_basics/juce_gui_basics.h:239:
/Users/larryseyer/AudioDevelopment/OTTO/JUCE/modules/juce_gui_basics/layout/juce_ComponentBuilder.h:243:8: warning: 'JUCE_DEBUG' is not defined, evaluates to 0 [-Wundef]
  243 |    #if JUCE_DEBUG
      |        ^
In file included from /Users/larryseyer/AudioDevelopment/OTTO/Source/UI/Themes/ThemeValidator.cpp:1:
In file included from /Users/larryseyer/AudioDevelopment/OTTO/Source/UI/Themes/ThemeValidator.h:4:
In file included from /Users/larryseyer/AudioDevelopment/OTTO/Builds/MacOSX/CMake-Release/OTTO_artefacts/JuceLibraryCode/JuceHeader.h:14:
In file included from /Users/larryseyer/AudioDevelopment/OTTO/JUCE/modules/juce_audio_plugin_client/juce_audio_plugin_client.h:63:
In file included from /Users/larryseyer/AudioDevelopment/OTTO/JUCE/modules/juce_gui_basics/juce_gui_basics.h:283:
/Users/larryseyer/AudioDevelopment/OTTO/JUCE/modules/juce_gui_basics/widgets/juce_ListBox.h:182:10: warning: 'JUCE_DISABLE_ASSERTIONS' is not defined, evaluates to 0 [-Wundef]
  182 |    #if ! JUCE_DISABLE_ASSERTIONS
      |          ^
/Users/larryseyer/AudioDevelopment/OTTO/JUCE/modules/juce_gui_basics/widgets/juce_ListBox.h:235:14: warning: 'JUCE_DISABLE_ASSERTIONS' is not defined, evaluates to 0 [-Wundef]
  235 |        #if ! JUCE_DISABLE_ASSERTIONS
      |              ^
/Users/larryseyer/AudioDevelopment/OTTO/JUCE/modules/juce_gui_basics/widgets/juce_ListBox.h:643:10: warning: 'JUCE_DISABLE_ASSERTIONS' is not defined, evaluates to 0 [-Wundef]
  643 |    #if ! JUCE_DISABLE_ASSERTIONS
      |          ^
In file included from /Users/larryseyer/AudioDevelopment/OTTO/Source/UI/Themes/ThemeValidator.cpp:1:
In file included from /Users/larryseyer/AudioDevelopment/OTTO/Source/UI/Themes/ThemeValidator.h:4:
In file included from /Users/larryseyer/AudioDevelopment/OTTO/Builds/MacOSX/CMake-Release/OTTO_artefacts/JuceLibraryCode/JuceHeader.h:14:
In file included from /Users/larryseyer/AudioDevelopment/OTTO/JUCE/modules/juce_audio_plugin_client/juce_audio_plugin_client.h:63:
In file included from /Users/larryseyer/AudioDevelopment/OTTO/JUCE/modules/juce_gui_basics/juce_gui_basics.h:302:
/Users/larryseyer/AudioDevelopment/OTTO/JUCE/modules/juce_gui_basics/windows/juce_ComponentPeer.h:310:8: warning: 'JUCE_LINUX' is not defined, evaluates to 0 [-Wundef]
  310 |    #if JUCE_LINUX || JUCE_BSD
      |        ^
/Users/larryseyer/AudioDevelopment/OTTO/JUCE/modules/juce_gui_basics/windows/juce_ComponentPeer.h:310:22: warning: 'JUCE_BSD' is not defined, evaluates to 0 [-Wundef]
  310 |    #if JUCE_LINUX || JUCE_BSD
      |                      ^
In file included from /Users/larryseyer/AudioDevelopment/OTTO/Source/UI/Themes/ThemeValidator.cpp:1:
In file included from /Users/larryseyer/AudioDevelopment/OTTO/Source/UI/Themes/ThemeValidator.h:4:
In file included from /Users/larryseyer/AudioDevelopment/OTTO/Builds/MacOSX/CMake-Release/OTTO_artefacts/JuceLibraryCode/JuceHeader.h:14:
In file included from /Users/larryseyer/AudioDevelopment/OTTO/JUCE/modules/juce_audio_plugin_client/juce_audio_plugin_client.h:63:
In file included from /Users/larryseyer/AudioDevelopment/OTTO/JUCE/modules/juce_gui_basics/juce_gui_basics.h:303:
/Users/larryseyer/AudioDevelopment/OTTO/JUCE/modules/juce_gui_basics/windows/juce_ResizableWindow.h:376:8: warning: 'JUCE_DEBUG' is not defined, evaluates to 0 [-Wundef]
  376 |    #if JUCE_DEBUG
      |        ^
/Users/larryseyer/AudioDevelopment/OTTO/JUCE/modules/juce_gui_basics/windows/juce_ResizableWindow.h:414:8: warning: 'JUCE_DEBUG' is not defined, evaluates to 0 [-Wundef]
  414 |    #if JUCE_DEBUG
      |        ^
In file included from /Users/larryseyer/AudioDevelopment/OTTO/Source/UI/Themes/ThemeValidator.cpp:1:
In file included from /Users/larryseyer/AudioDevelopment/OTTO/Source/UI/Themes/ThemeValidator.h:4:
In file included from /Users/larryseyer/AudioDevelopment/OTTO/Builds/MacOSX/CMake-Release/OTTO_artefacts/JuceLibraryCode/JuceHeader.h:14:
In file included from /Users/larryseyer/AudioDevelopment/OTTO/JUCE/modules/juce_audio_plugin_client/juce_audio_plugin_client.h:63:
In file included from /Users/larryseyer/AudioDevelopment/OTTO/JUCE/modules/juce_gui_basics/juce_gui_basics.h:335:
/Users/larryseyer/AudioDevelopment/OTTO/JUCE/modules/juce_gui_basics/application/juce_Application.h:125:8: warning: 'DOXYGEN' is not defined, evaluates to 0 [-Wundef]
  125 |    #if DOXYGEN
      |        ^
In file included from /Users/larryseyer/AudioDevelopment/OTTO/Source/UI/Themes/ThemeValidator.cpp:1:
In file included from /Users/larryseyer/AudioDevelopment/OTTO/Source/UI/Themes/ThemeValidator.h:4:
In file included from /Users/larryseyer/AudioDevelopment/OTTO/Builds/MacOSX/CMake-Release/OTTO_artefacts/JuceLibraryCode/JuceHeader.h:14:
In file included from /Users/larryseyer/AudioDevelopment/OTTO/JUCE/modules/juce_audio_plugin_client/juce_audio_plugin_client.h:63:
/Users/larryseyer/AudioDevelopment/OTTO/JUCE/modules/juce_gui_basics/juce_gui_basics.h:344:5: warning: 'JUCE_LINUX' is not defined, evaluates to 0 [-Wundef]
  344 | #if JUCE_LINUX || JUCE_BSD
      |     ^
/Users/larryseyer/AudioDevelopment/OTTO/JUCE/modules/juce_gui_basics/juce_gui_basics.h:344:19: warning: 'JUCE_BSD' is not defined, evaluates to 0 [-Wundef]
  344 | #if JUCE_LINUX || JUCE_BSD
      |                   ^
/Users/larryseyer/AudioDevelopment/OTTO/JUCE/modules/juce_gui_basics/juce_gui_basics.h:394:5: warning: 'JUCE_GUI_BASICS_INCLUDE_SCOPED_THREAD_DPI_AWARENESS_SETTER' is not defined, evaluates to 0 [-Wundef]
  394 | #if JUCE_GUI_BASICS_INCLUDE_SCOPED_THREAD_DPI_AWARENESS_SETTER && JUCE_WINDOWS
      |     ^
In file included from /Users/larryseyer/AudioDevelopment/OTTO/Source/UI/Themes/ThemeValidator.cpp:1:
In file included from /Users/larryseyer/AudioDevelopment/OTTO/Source/UI/Themes/ThemeValidator.h:4:
In file included from /Users/larryseyer/AudioDevelopment/OTTO/Builds/MacOSX/CMake-Release/OTTO_artefacts/JuceLibraryCode/JuceHeader.h:14:
In file included from /Users/larryseyer/AudioDevelopment/OTTO/JUCE/modules/juce_audio_plugin_client/juce_audio_plugin_client.h:64:
/Users/larryseyer/AudioDevelopment/OTTO/JUCE/modules/juce_audio_basics/juce_audio_basics.h:77:7: warning: 'JUCE_INTEL' is not defined, evaluates to 0 [-Wundef]
   77 | #if ! JUCE_INTEL
      |       ^
/Users/larryseyer/AudioDevelopment/OTTO/JUCE/modules/juce_audio_basics/juce_audio_basics.h:81:24: warning: 'JUCE_USE_VDSP_FRAMEWORK' is not defined, evaluates to 0 [-Wundef]
   81 | #if __ARM_NEON__ && ! (JUCE_USE_VDSP_FRAMEWORK || defined (JUCE_USE_ARM_NEON))
      |                        ^
In file included from /Users/larryseyer/AudioDevelopment/OTTO/Source/UI/Themes/ThemeValidator.cpp:1:
In file included from /Users/larryseyer/AudioDevelopment/OTTO/Source/UI/Themes/ThemeValidator.h:4:
In file included from /Users/larryseyer/AudioDevelopment/OTTO/Builds/MacOSX/CMake-Release/OTTO_artefacts/JuceLibraryCode/JuceHeader.h:14:
In file included from /Users/larryseyer/AudioDevelopment/OTTO/JUCE/modules/juce_audio_plugin_client/juce_audio_plugin_client.h:64:
In file included from /Users/larryseyer/AudioDevelopment/OTTO/JUCE/modules/juce_audio_basics/juce_audio_basics.h:93:
/Users/larryseyer/AudioDevelopment/OTTO/JUCE/modules/juce_audio_basics/buffers/juce_AudioDataConverters.h:103:9: warning: 'JUCE_BIG_ENDIAN' is not defined, evaluates to 0 [-Wundef]
  103 |     #if JUCE_BIG_ENDIAN
      |         ^
/Users/larryseyer/AudioDevelopment/OTTO/JUCE/modules/juce_audio_basics/buffers/juce_AudioDataConverters.h:263:12: warning: 'JUCE_BIG_ENDIAN' is not defined, evaluates to 0 [-Wundef]
  263 |        #if JUCE_BIG_ENDIAN
      |            ^
/Users/larryseyer/AudioDevelopment/OTTO/JUCE/modules/juce_audio_basics/buffers/juce_AudioDataConverters.h:119:135: warning: implicit conversion increases floating-point precision: 'float' to 'double' [-Wdouble-promotion]
  119 |         inline void setAsFloatLE (float newValue) noexcept      { *data = (int8) jlimit ((int) -maxValue, (int) maxValue, roundToInt (newValue * (1.0 + (double) maxValue))); }
      |                                                                                                                                       ^~~~~~~~ ~
/Users/larryseyer/AudioDevelopment/OTTO/JUCE/modules/juce_audio_basics/buffers/juce_AudioDataConverters.h:144:117: warning: implicit conversion increases floating-point precision: 'float' to 'double' [-Wdouble-promotion]
  144 |         inline void setAsFloatLE (float newValue) noexcept      { *data = (uint8) jlimit (0, 255, 128 + roundToInt (newValue * (1.0 + (double) maxValue))); }
      |                                                                                                                     ^~~~~~~~ ~
/Users/larryseyer/AudioDevelopment/OTTO/JUCE/modules/juce_audio_basics/buffers/juce_AudioDataConverters.h:169:168: warning: implicit conversion increases floating-point precision: 'float' to 'double' [-Wdouble-promotion]
  169 |         inline void setAsFloatLE (float newValue) noexcept      { *data = ByteOrder::swapIfBigEndian    ((uint16) jlimit ((int) -maxValue, (int) maxValue, roundToInt (newValue * (1.0 + (double) maxValue)))); }
      |                                                                                                                                                                        ^~~~~~~~ ~
/Users/larryseyer/AudioDevelopment/OTTO/JUCE/modules/juce_audio_basics/buffers/juce_AudioDataConverters.h:170:168: warning: implicit conversion increases floating-point precision: 'float' to 'double' [-Wdouble-promotion]
  170 |         inline void setAsFloatBE (float newValue) noexcept      { *data = ByteOrder::swapIfLittleEndian ((uint16) jlimit ((int) -maxValue, (int) maxValue, roundToInt (newValue * (1.0 + (double) maxValue)))); }
      |                                                                                                                                                                        ^~~~~~~~ ~
/Users/larryseyer/AudioDevelopment/OTTO/JUCE/modules/juce_audio_basics/buffers/juce_AudioDataConverters.h:194:157: warning: implicit conversion increases floating-point precision: 'float' to 'double' [-Wdouble-promotion]
  194 |         inline void setAsFloatLE (float newValue) noexcept      { ByteOrder::littleEndian24BitToChars (jlimit ((int) -maxValue, (int) maxValue, roundToInt (newValue * (1.0 + (double) maxValue))), data); }
      |                                                                                                                                                             ^~~~~~~~ ~
/Users/larryseyer/AudioDevelopment/OTTO/JUCE/modules/juce_audio_basics/buffers/juce_AudioDataConverters.h:195:157: warning: implicit conversion increases floating-point precision: 'float' to 'double' [-Wdouble-promotion]
  195 |         inline void setAsFloatBE (float newValue) noexcept      { ByteOrder::bigEndian24BitToChars (jlimit    ((int) -maxValue, (int) maxValue, roundToInt (newValue * (1.0 + (double) maxValue))), data); }
      |                                                                                                                                                             ^~~~~~~~ ~
In file included from /Users/larryseyer/AudioDevelopment/OTTO/Source/UI/Themes/ThemeValidator.cpp:1:
In file included from /Users/larryseyer/AudioDevelopment/OTTO/Source/UI/Themes/ThemeValidator.h:4:
In file included from /Users/larryseyer/AudioDevelopment/OTTO/Builds/MacOSX/CMake-Release/OTTO_artefacts/JuceLibraryCode/JuceHeader.h:14:
In file included from /Users/larryseyer/AudioDevelopment/OTTO/JUCE/modules/juce_audio_plugin_client/juce_audio_plugin_client.h:64:
In file included from /Users/larryseyer/AudioDevelopment/OTTO/JUCE/modules/juce_audio_basics/juce_audio_basics.h:95:
/Users/larryseyer/AudioDevelopment/OTTO/JUCE/modules/juce_audio_basics/buffers/juce_FloatVectorOperations.h:39:6: warning: 'JUCE_INTEL' is not defined, evaluates to 0 [-Wundef]
   39 |  #if JUCE_INTEL
      |      ^
/Users/larryseyer/AudioDevelopment/OTTO/JUCE/modules/juce_audio_basics/buffers/juce_FloatVectorOperations.h:153:7: warning: 'DOXYGEN' is not defined, evaluates to 0 [-Wundef]
  153 | #if ! DOXYGEN
      |       ^
/Users/larryseyer/AudioDevelopment/OTTO/JUCE/modules/juce_audio_basics/buffers/juce_FloatVectorOperations.h:237:7: warning: 'JUCE_USE_SSE_INTRINSICS' is not defined, evaluates to 0 [-Wundef]
  237 |   #if JUCE_USE_SSE_INTRINSICS || (JUCE_USE_ARM_NEON || (JUCE_64BIT && JUCE_ARM))
      |       ^
In file included from /Users/larryseyer/AudioDevelopment/OTTO/Source/UI/Themes/ThemeValidator.cpp:1:
In file included from /Users/larryseyer/AudioDevelopment/OTTO/Source/UI/Themes/ThemeValidator.h:4:
In file included from /Users/larryseyer/AudioDevelopment/OTTO/Builds/MacOSX/CMake-Release/OTTO_artefacts/JuceLibraryCode/JuceHeader.h:14:
In file included from /Users/larryseyer/AudioDevelopment/OTTO/JUCE/modules/juce_audio_plugin_client/juce_audio_plugin_client.h:64:
In file included from /Users/larryseyer/AudioDevelopment/OTTO/JUCE/modules/juce_audio_basics/juce_audio_basics.h:97:
/Users/larryseyer/AudioDevelopment/OTTO/JUCE/modules/juce_audio_basics/buffers/juce_AudioSampleBuffer.h:1155:15: warning: 'JUCE_GCC' is not defined, evaluates to 0 [-Wundef]
 1155 |        #if (! JUCE_GCC || (__GNUC__ * 100 + __GNUC_MINOR__) >= 409)
      |               ^
In file included from /Users/larryseyer/AudioDevelopment/OTTO/Source/UI/Themes/ThemeValidator.cpp:1:
In file included from /Users/larryseyer/AudioDevelopment/OTTO/Source/UI/Themes/ThemeValidator.h:4:
In file included from /Users/larryseyer/AudioDevelopment/OTTO/Builds/MacOSX/CMake-Release/OTTO_artefacts/JuceLibraryCode/JuceHeader.h:14:
In file included from /Users/larryseyer/AudioDevelopment/OTTO/JUCE/modules/juce_audio_plugin_client/juce_audio_plugin_client.h:64:
In file included from /Users/larryseyer/AudioDevelopment/OTTO/JUCE/modules/juce_audio_basics/juce_audio_basics.h:104:
/Users/larryseyer/AudioDevelopment/OTTO/JUCE/modules/juce_audio_basics/utilities/juce_SmoothedValue.h:421:5: warning: 'JUCE_UNIT_TESTS' is not defined, evaluates to 0 [-Wundef]
  421 | #if JUCE_UNIT_TESTS
      |     ^
In file included from /Users/larryseyer/AudioDevelopment/OTTO/Source/UI/Themes/ThemeValidator.cpp:1:
In file included from /Users/larryseyer/AudioDevelopment/OTTO/Source/UI/Themes/ThemeValidator.h:4:
In file included from /Users/larryseyer/AudioDevelopment/OTTO/Builds/MacOSX/CMake-Release/OTTO_artefacts/JuceLibraryCode/JuceHeader.h:14:
In file included from /Users/larryseyer/AudioDevelopment/OTTO/JUCE/modules/juce_audio_plugin_client/juce_audio_plugin_client.h:64:
In file included from /Users/larryseyer/AudioDevelopment/OTTO/JUCE/modules/juce_audio_basics/juce_audio_basics.h:106:
/Users/larryseyer/AudioDevelopment/OTTO/JUCE/modules/juce_audio_basics/utilities/juce_ADSR.h:155:66: warning: implicit conversion increases floating-point precision: 'float' to 'double' [-Wdouble-promotion]
  155 |                 releaseRate = (float) (envelopeVal / (parameters.release * sampleRate));
      |                                                       ~~~~~~~~~~~^~~~~~~ ~
/Users/larryseyer/AudioDevelopment/OTTO/JUCE/modules/juce_audio_basics/utilities/juce_ADSR.h:155:40: warning: implicit conversion increases floating-point precision: 'float' to 'double' [-Wdouble-promotion]
  155 |                 releaseRate = (float) (envelopeVal / (parameters.release * sampleRate));
      |                                        ^~~~~~~~~~~ ~
/Users/larryseyer/AudioDevelopment/OTTO/JUCE/modules/juce_audio_basics/utilities/juce_ADSR.h:266:64: warning: implicit conversion increases floating-point precision: 'float' to 'double' [-Wdouble-promotion]
  266 |             return timeInSeconds > 0.0f ? (float) (distance / (timeInSeconds * sr)) : -1.0f;
      |                                                                ^~~~~~~~~~~~~ ~
/Users/larryseyer/AudioDevelopment/OTTO/JUCE/modules/juce_audio_basics/utilities/juce_ADSR.h:266:52: warning: implicit conversion increases floating-point precision: 'float' to 'double' [-Wdouble-promotion]
  266 |             return timeInSeconds > 0.0f ? (float) (distance / (timeInSeconds * sr)) : -1.0f;
      |                                                    ^~~~~~~~ ~
In file included from /Users/larryseyer/AudioDevelopment/OTTO/Source/UI/Themes/ThemeValidator.cpp:1:
In file included from /Users/larryseyer/AudioDevelopment/OTTO/Source/UI/Themes/ThemeValidator.h:4:
In file included from /Users/larryseyer/AudioDevelopment/OTTO/Builds/MacOSX/CMake-Release/OTTO_artefacts/JuceLibraryCode/JuceHeader.h:14:
In file included from /Users/larryseyer/AudioDevelopment/OTTO/JUCE/modules/juce_audio_plugin_client/juce_audio_plugin_client.h:65:
In file included from /Users/larryseyer/AudioDevelopment/OTTO/JUCE/modules/juce_audio_processors/juce_audio_processors.h:67:
/Users/larryseyer/AudioDevelopment/OTTO/JUCE/modules/juce_gui_extra/juce_gui_extra.h:127:6: warning: 'JUCE_DEBUG' is not defined, evaluates to 0 [-Wundef]
  127 |  #if JUCE_DEBUG && ! (JUCE_IOS || JUCE_ANDROID)
      |      ^
In file included from /Users/larryseyer/AudioDevelopment/OTTO/Source/UI/Themes/ThemeValidator.cpp:1:
In file included from /Users/larryseyer/AudioDevelopment/OTTO/Source/UI/Themes/ThemeValidator.h:4:
In file included from /Users/larryseyer/AudioDevelopment/OTTO/Builds/MacOSX/CMake-Release/OTTO_artefacts/JuceLibraryCode/JuceHeader.h:14:
In file included from /Users/larryseyer/AudioDevelopment/OTTO/JUCE/modules/juce_audio_plugin_client/juce_audio_plugin_client.h:65:
In file included from /Users/larryseyer/AudioDevelopment/OTTO/JUCE/modules/juce_audio_processors/juce_audio_processors.h:67:
In file included from /Users/larryseyer/AudioDevelopment/OTTO/JUCE/modules/juce_gui_extra/juce_gui_extra.h:141:
/Users/larryseyer/AudioDevelopment/OTTO/JUCE/modules/juce_gui_extra/embedding/juce_ActiveXControlComponent.h:38:5: warning: 'JUCE_WINDOWS' is not defined, evaluates to 0 [-Wundef]
   38 | #if JUCE_WINDOWS || DOXYGEN
      |     ^
/Users/larryseyer/AudioDevelopment/OTTO/JUCE/modules/juce_gui_extra/embedding/juce_ActiveXControlComponent.h:38:21: warning: 'DOXYGEN' is not defined, evaluates to 0 [-Wundef]
   38 | #if JUCE_WINDOWS || DOXYGEN
      |                     ^
In file included from /Users/larryseyer/AudioDevelopment/OTTO/Source/UI/Themes/ThemeValidator.cpp:1:
In file included from /Users/larryseyer/AudioDevelopment/OTTO/Source/UI/Themes/ThemeValidator.h:4:
In file included from /Users/larryseyer/AudioDevelopment/OTTO/Builds/MacOSX/CMake-Release/OTTO_artefacts/JuceLibraryCode/JuceHeader.h:14:
In file included from /Users/larryseyer/AudioDevelopment/OTTO/JUCE/modules/juce_audio_plugin_client/juce_audio_plugin_client.h:65:
In file included from /Users/larryseyer/AudioDevelopment/OTTO/JUCE/modules/juce_audio_processors/juce_audio_processors.h:67:
In file included from /Users/larryseyer/AudioDevelopment/OTTO/JUCE/modules/juce_gui_extra/juce_gui_extra.h:142:
/Users/larryseyer/AudioDevelopment/OTTO/JUCE/modules/juce_gui_extra/embedding/juce_AndroidViewComponent.h:38:5: warning: 'JUCE_ANDROID' is not defined, evaluates to 0 [-Wundef]
   38 | #if JUCE_ANDROID || DOXYGEN
      |     ^
/Users/larryseyer/AudioDevelopment/OTTO/JUCE/modules/juce_gui_extra/embedding/juce_AndroidViewComponent.h:38:21: warning: 'DOXYGEN' is not defined, evaluates to 0 [-Wundef]
   38 | #if JUCE_ANDROID || DOXYGEN
      |                     ^
In file included from /Users/larryseyer/AudioDevelopment/OTTO/Source/UI/Themes/ThemeValidator.cpp:1:
In file included from /Users/larryseyer/AudioDevelopment/OTTO/Source/UI/Themes/ThemeValidator.h:4:
In file included from /Users/larryseyer/AudioDevelopment/OTTO/Builds/MacOSX/CMake-Release/OTTO_artefacts/JuceLibraryCode/JuceHeader.h:14:
In file included from /Users/larryseyer/AudioDevelopment/OTTO/JUCE/modules/juce_audio_plugin_client/juce_audio_plugin_client.h:65:
In file included from /Users/larryseyer/AudioDevelopment/OTTO/JUCE/modules/juce_audio_processors/juce_audio_processors.h:67:
In file included from /Users/larryseyer/AudioDevelopment/OTTO/JUCE/modules/juce_gui_extra/juce_gui_extra.h:144:
/Users/larryseyer/AudioDevelopment/OTTO/JUCE/modules/juce_gui_extra/embedding/juce_UIViewComponent.h:38:5: warning: 'JUCE_IOS' is not defined, evaluates to 0 [-Wundef]
   38 | #if JUCE_IOS || DOXYGEN
      |     ^
/Users/larryseyer/AudioDevelopment/OTTO/JUCE/modules/juce_gui_extra/embedding/juce_UIViewComponent.h:38:17: warning: 'DOXYGEN' is not defined, evaluates to 0 [-Wundef]
   38 | #if JUCE_IOS || DOXYGEN
      |                 ^
In file included from /Users/larryseyer/AudioDevelopment/OTTO/Source/UI/Themes/ThemeValidator.cpp:1:
In file included from /Users/larryseyer/AudioDevelopment/OTTO/Source/UI/Themes/ThemeValidator.h:4:
In file included from /Users/larryseyer/AudioDevelopment/OTTO/Builds/MacOSX/CMake-Release/OTTO_artefacts/JuceLibraryCode/JuceHeader.h:14:
In file included from /Users/larryseyer/AudioDevelopment/OTTO/JUCE/modules/juce_audio_plugin_client/juce_audio_plugin_client.h:65:
In file included from /Users/larryseyer/AudioDevelopment/OTTO/JUCE/modules/juce_audio_processors/juce_audio_processors.h:67:
In file included from /Users/larryseyer/AudioDevelopment/OTTO/JUCE/modules/juce_gui_extra/juce_gui_extra.h:145:
/Users/larryseyer/AudioDevelopment/OTTO/JUCE/modules/juce_gui_extra/embedding/juce_XEmbedComponent.h:43:5: warning: 'JUCE_LINUX' is not defined, evaluates to 0 [-Wundef]
   43 | #if JUCE_LINUX || JUCE_BSD || DOXYGEN
      |     ^
/Users/larryseyer/AudioDevelopment/OTTO/JUCE/modules/juce_gui_extra/embedding/juce_XEmbedComponent.h:43:19: warning: 'JUCE_BSD' is not defined, evaluates to 0 [-Wundef]
   43 | #if JUCE_LINUX || JUCE_BSD || DOXYGEN
      |                   ^
/Users/larryseyer/AudioDevelopment/OTTO/JUCE/modules/juce_gui_extra/embedding/juce_XEmbedComponent.h:43:31: warning: 'DOXYGEN' is not defined, evaluates to 0 [-Wundef]
   43 | #if JUCE_LINUX || JUCE_BSD || DOXYGEN
      |                               ^
In file included from /Users/larryseyer/AudioDevelopment/OTTO/Source/UI/Themes/ThemeValidator.cpp:1:
In file included from /Users/larryseyer/AudioDevelopment/OTTO/Source/UI/Themes/ThemeValidator.h:4:
In file included from /Users/larryseyer/AudioDevelopment/OTTO/Builds/MacOSX/CMake-Release/OTTO_artefacts/JuceLibraryCode/JuceHeader.h:14:
In file included from /Users/larryseyer/AudioDevelopment/OTTO/JUCE/modules/juce_audio_plugin_client/juce_audio_plugin_client.h:65:
In file included from /Users/larryseyer/AudioDevelopment/OTTO/JUCE/modules/juce_audio_processors/juce_audio_processors.h:67:
In file included from /Users/larryseyer/AudioDevelopment/OTTO/JUCE/modules/juce_gui_extra/juce_gui_extra.h:146:
/Users/larryseyer/AudioDevelopment/OTTO/JUCE/modules/juce_gui_extra/embedding/juce_HWNDComponent.h:38:5: warning: 'JUCE_WINDOWS' is not defined, evaluates to 0 [-Wundef]
   38 | #if JUCE_WINDOWS || DOXYGEN
      |     ^
/Users/larryseyer/AudioDevelopment/OTTO/JUCE/modules/juce_gui_extra/embedding/juce_HWNDComponent.h:38:21: warning: 'DOXYGEN' is not defined, evaluates to 0 [-Wundef]
   38 | #if JUCE_WINDOWS || DOXYGEN
      |                     ^
In file included from /Users/larryseyer/AudioDevelopment/OTTO/Source/UI/Themes/ThemeValidator.cpp:1:
In file included from /Users/larryseyer/AudioDevelopment/OTTO/Source/UI/Themes/ThemeValidator.h:4:
In file included from /Users/larryseyer/AudioDevelopment/OTTO/Builds/MacOSX/CMake-Release/OTTO_artefacts/JuceLibraryCode/JuceHeader.h:14:
In file included from /Users/larryseyer/AudioDevelopment/OTTO/JUCE/modules/juce_audio_plugin_client/juce_audio_plugin_client.h:65:
In file included from /Users/larryseyer/AudioDevelopment/OTTO/JUCE/modules/juce_audio_processors/juce_audio_processors.h:67:
In file included from /Users/larryseyer/AudioDevelopment/OTTO/JUCE/modules/juce_gui_extra/juce_gui_extra.h:152:
/Users/larryseyer/AudioDevelopment/OTTO/JUCE/modules/juce_gui_extra/misc/juce_PushNotifications.h:699:8: warning: 'JUCE_ANDROID' is not defined, evaluates to 0 [-Wundef]
  699 |    #if JUCE_ANDROID
      |        ^
In file included from /Users/larryseyer/AudioDevelopment/OTTO/Source/UI/Themes/ThemeValidator.cpp:1:
In file included from /Users/larryseyer/AudioDevelopment/OTTO/Source/UI/Themes/ThemeValidator.h:4:
In file included from /Users/larryseyer/AudioDevelopment/OTTO/Builds/MacOSX/CMake-Release/OTTO_artefacts/JuceLibraryCode/JuceHeader.h:14:
In file included from /Users/larryseyer/AudioDevelopment/OTTO/JUCE/modules/juce_audio_plugin_client/juce_audio_plugin_client.h:65:
In file included from /Users/larryseyer/AudioDevelopment/OTTO/JUCE/modules/juce_audio_processors/juce_audio_processors.h:67:
In file included from /Users/larryseyer/AudioDevelopment/OTTO/JUCE/modules/juce_gui_extra/juce_gui_extra.h:155:
/Users/larryseyer/AudioDevelopment/OTTO/JUCE/modules/juce_gui_extra/misc/juce_SystemTrayIconComponent.h:38:5: warning: 'JUCE_WINDOWS' is not defined, evaluates to 0 [-Wundef]
   38 | #if JUCE_WINDOWS || JUCE_LINUX || JUCE_BSD || JUCE_MAC || DOXYGEN
      |     ^
/Users/larryseyer/AudioDevelopment/OTTO/JUCE/modules/juce_gui_extra/misc/juce_SystemTrayIconComponent.h:38:21: warning: 'JUCE_LINUX' is not defined, evaluates to 0 [-Wundef]
   38 | #if JUCE_WINDOWS || JUCE_LINUX || JUCE_BSD || JUCE_MAC || DOXYGEN
      |                     ^
/Users/larryseyer/AudioDevelopment/OTTO/JUCE/modules/juce_gui_extra/misc/juce_SystemTrayIconComponent.h:38:35: warning: 'JUCE_BSD' is not defined, evaluates to 0 [-Wundef]
   38 | #if JUCE_WINDOWS || JUCE_LINUX || JUCE_BSD || JUCE_MAC || DOXYGEN
      |                                   ^
/Users/larryseyer/AudioDevelopment/OTTO/JUCE/modules/juce_gui_extra/misc/juce_SystemTrayIconComponent.h:102:8: warning: 'JUCE_LINUX' is not defined, evaluates to 0 [-Wundef]
  102 |    #if JUCE_LINUX || JUCE_BSD
      |        ^
/Users/larryseyer/AudioDevelopment/OTTO/JUCE/modules/juce_gui_extra/misc/juce_SystemTrayIconComponent.h:102:22: warning: 'JUCE_BSD' is not defined, evaluates to 0 [-Wundef]
  102 |    #if JUCE_LINUX || JUCE_BSD
      |                      ^
In file included from /Users/larryseyer/AudioDevelopment/OTTO/Source/UI/Themes/ThemeValidator.cpp:1:
In file included from /Users/larryseyer/AudioDevelopment/OTTO/Source/UI/Themes/ThemeValidator.h:4:
In file included from /Users/larryseyer/AudioDevelopment/OTTO/Builds/MacOSX/CMake-Release/OTTO_artefacts/JuceLibraryCode/JuceHeader.h:14:
In file included from /Users/larryseyer/AudioDevelopment/OTTO/JUCE/modules/juce_audio_plugin_client/juce_audio_plugin_client.h:65:
In file included from /Users/larryseyer/AudioDevelopment/OTTO/JUCE/modules/juce_audio_processors/juce_audio_processors.h:67:
In file included from /Users/larryseyer/AudioDevelopment/OTTO/JUCE/modules/juce_gui_extra/juce_gui_extra.h:156:
/Users/larryseyer/AudioDevelopment/OTTO/JUCE/modules/juce_gui_extra/misc/juce_WebBrowserComponent.h:38:25: warning: 'DOXYGEN' is not defined, evaluates to 0 [-Wundef]
   38 | #if JUCE_WEB_BROWSER || DOXYGEN
      |                         ^
In file included from /Users/larryseyer/AudioDevelopment/OTTO/Source/UI/Themes/ThemeValidator.cpp:1:
In file included from /Users/larryseyer/AudioDevelopment/OTTO/Source/UI/Themes/ThemeValidator.h:4:
In file included from /Users/larryseyer/AudioDevelopment/OTTO/Builds/MacOSX/CMake-Release/OTTO_artefacts/JuceLibraryCode/JuceHeader.h:14:
In file included from /Users/larryseyer/AudioDevelopment/OTTO/JUCE/modules/juce_audio_plugin_client/juce_audio_plugin_client.h:65:
In file included from /Users/larryseyer/AudioDevelopment/OTTO/JUCE/modules/juce_audio_processors/juce_audio_processors.h:67:
In file included from /Users/larryseyer/AudioDevelopment/OTTO/JUCE/modules/juce_gui_extra/juce_gui_extra.h:157:
/Users/larryseyer/AudioDevelopment/OTTO/JUCE/modules/juce_gui_extra/misc/juce_LiveConstantEditor.h:35:5: warning: 'JUCE_ENABLE_LIVE_CONSTANT_EDITOR' is not defined, evaluates to 0 [-Wundef]
   35 | #if JUCE_ENABLE_LIVE_CONSTANT_EDITOR && ! defined (DOXYGEN)
      |     ^
/Users/larryseyer/AudioDevelopment/OTTO/JUCE/modules/juce_gui_extra/misc/juce_LiveConstantEditor.h:258:5: warning: 'JUCE_ENABLE_LIVE_CONSTANT_EDITOR' is not defined, evaluates to 0 [-Wundef]
  258 | #if JUCE_ENABLE_LIVE_CONSTANT_EDITOR || DOXYGEN
      |     ^
/Users/larryseyer/AudioDevelopment/OTTO/JUCE/modules/juce_gui_extra/misc/juce_LiveConstantEditor.h:258:41: warning: 'DOXYGEN' is not defined, evaluates to 0 [-Wundef]
  258 | #if JUCE_ENABLE_LIVE_CONSTANT_EDITOR || DOXYGEN
      |                                         ^
In file included from /Users/larryseyer/AudioDevelopment/OTTO/Source/UI/Themes/ThemeValidator.cpp:1:
In file included from /Users/larryseyer/AudioDevelopment/OTTO/Source/UI/Themes/ThemeValidator.h:4:
In file included from /Users/larryseyer/AudioDevelopment/OTTO/Builds/MacOSX/CMake-Release/OTTO_artefacts/JuceLibraryCode/JuceHeader.h:14:
In file included from /Users/larryseyer/AudioDevelopment/OTTO/JUCE/modules/juce_audio_plugin_client/juce_audio_plugin_client.h:65:
In file included from /Users/larryseyer/AudioDevelopment/OTTO/JUCE/modules/juce_audio_processors/juce_audio_processors.h:67:
In file included from /Users/larryseyer/AudioDevelopment/OTTO/JUCE/modules/juce_gui_extra/juce_gui_extra.h:159:
/Users/larryseyer/AudioDevelopment/OTTO/JUCE/modules/juce_gui_extra/detail/juce_WebControlRelayEvents.h:38:25: warning: 'DOXYGEN' is not defined, evaluates to 0 [-Wundef]
   38 | #if JUCE_WEB_BROWSER || DOXYGEN
      |                         ^
In file included from /Users/larryseyer/AudioDevelopment/OTTO/Source/UI/Themes/ThemeValidator.cpp:1:
In file included from /Users/larryseyer/AudioDevelopment/OTTO/Source/UI/Themes/ThemeValidator.h:4:
In file included from /Users/larryseyer/AudioDevelopment/OTTO/Builds/MacOSX/CMake-Release/OTTO_artefacts/JuceLibraryCode/JuceHeader.h:14:
In file included from /Users/larryseyer/AudioDevelopment/OTTO/JUCE/modules/juce_audio_plugin_client/juce_audio_plugin_client.h:65:
In file included from /Users/larryseyer/AudioDevelopment/OTTO/JUCE/modules/juce_audio_processors/juce_audio_processors.h:67:
In file included from /Users/larryseyer/AudioDevelopment/OTTO/JUCE/modules/juce_gui_extra/juce_gui_extra.h:160:
/Users/larryseyer/AudioDevelopment/OTTO/JUCE/modules/juce_gui_extra/misc/juce_WebControlRelays.h:38:25: warning: 'DOXYGEN' is not defined, evaluates to 0 [-Wundef]
   38 | #if JUCE_WEB_BROWSER || DOXYGEN
      |                         ^
In file included from /Users/larryseyer/AudioDevelopment/OTTO/Source/UI/Themes/ThemeValidator.cpp:1:
In file included from /Users/larryseyer/AudioDevelopment/OTTO/Source/UI/Themes/ThemeValidator.h:4:
In file included from /Users/larryseyer/AudioDevelopment/OTTO/Builds/MacOSX/CMake-Release/OTTO_artefacts/JuceLibraryCode/JuceHeader.h:14:
In file included from /Users/larryseyer/AudioDevelopment/OTTO/JUCE/modules/juce_audio_plugin_client/juce_audio_plugin_client.h:65:
In file included from /Users/larryseyer/AudioDevelopment/OTTO/JUCE/modules/juce_audio_processors/juce_audio_processors.h:67:
In file included from /Users/larryseyer/AudioDevelopment/OTTO/JUCE/modules/juce_gui_extra/juce_gui_extra.h:161:
/Users/larryseyer/AudioDevelopment/OTTO/JUCE/modules/juce_gui_extra/misc/juce_WebControlParameterIndexReceiver.h:38:25: warning: 'DOXYGEN' is not defined, evaluates to 0 [-Wundef]
   38 | #if JUCE_WEB_BROWSER || DOXYGEN
      |                         ^
In file included from /Users/larryseyer/AudioDevelopment/OTTO/Source/UI/Themes/ThemeValidator.cpp:1:
In file included from /Users/larryseyer/AudioDevelopment/OTTO/Source/UI/Themes/ThemeValidator.h:4:
In file included from /Users/larryseyer/AudioDevelopment/OTTO/Builds/MacOSX/CMake-Release/OTTO_artefacts/JuceLibraryCode/JuceHeader.h:14:
In file included from /Users/larryseyer/AudioDevelopment/OTTO/JUCE/modules/juce_audio_plugin_client/juce_audio_plugin_client.h:65:
In file included from /Users/larryseyer/AudioDevelopment/OTTO/JUCE/modules/juce_audio_processors/juce_audio_processors.h:148:
/Users/larryseyer/AudioDevelopment/OTTO/JUCE/modules/juce_audio_processors/processors/juce_AudioProcessorParameter.h:363:8: warning: 'JUCE_DEBUG' is not defined, evaluates to 0 [-Wundef]
  363 |    #if JUCE_DEBUG
      |        ^
In file included from /Users/larryseyer/AudioDevelopment/OTTO/Source/UI/Themes/ThemeValidator.cpp:1:
In file included from /Users/larryseyer/AudioDevelopment/OTTO/Source/UI/Themes/ThemeValidator.h:4:
In file included from /Users/larryseyer/AudioDevelopment/OTTO/Builds/MacOSX/CMake-Release/OTTO_artefacts/JuceLibraryCode/JuceHeader.h:14:
In file included from /Users/larryseyer/AudioDevelopment/OTTO/JUCE/modules/juce_audio_plugin_client/juce_audio_plugin_client.h:65:
In file included from /Users/larryseyer/AudioDevelopment/OTTO/JUCE/modules/juce_audio_processors/juce_audio_processors.h:154:
/Users/larryseyer/AudioDevelopment/OTTO/JUCE/modules/juce_audio_processors/processors/juce_AudioProcessor.h:1599:7: warning: 'JUCE_DEBUG' is not defined, evaluates to 0 [-Wundef]
 1599 |   #if JUCE_DEBUG
      |       ^
In file included from /Users/larryseyer/AudioDevelopment/OTTO/Source/UI/Themes/ThemeValidator.cpp:1:
In file included from /Users/larryseyer/AudioDevelopment/OTTO/Source/UI/Themes/ThemeValidator.h:4:
In file included from /Users/larryseyer/AudioDevelopment/OTTO/Builds/MacOSX/CMake-Release/OTTO_artefacts/JuceLibraryCode/JuceHeader.h:14:
In file included from /Users/larryseyer/AudioDevelopment/OTTO/JUCE/modules/juce_audio_plugin_client/juce_audio_plugin_client.h:65:
In file included from /Users/larryseyer/AudioDevelopment/OTTO/JUCE/modules/juce_audio_processors/juce_audio_processors.h:162:
/Users/larryseyer/AudioDevelopment/OTTO/JUCE/modules/juce_audio_processors/format_types/juce_AudioUnitPluginFormat.h:38:55: warning: 'DOXYGEN' is not defined, evaluates to 0 [-Wundef]
   38 | #if (JUCE_PLUGINHOST_AU && (JUCE_MAC || JUCE_IOS)) || DOXYGEN
      |                                                       ^
In file included from /Users/larryseyer/AudioDevelopment/OTTO/Source/UI/Themes/ThemeValidator.cpp:1:
In file included from /Users/larryseyer/AudioDevelopment/OTTO/Source/UI/Themes/ThemeValidator.h:4:
In file included from /Users/larryseyer/AudioDevelopment/OTTO/Builds/MacOSX/CMake-Release/OTTO_artefacts/JuceLibraryCode/JuceHeader.h:14:
In file included from /Users/larryseyer/AudioDevelopment/OTTO/JUCE/modules/juce_audio_plugin_client/juce_audio_plugin_client.h:65:
In file included from /Users/larryseyer/AudioDevelopment/OTTO/JUCE/modules/juce_audio_processors/juce_audio_processors.h:163:
/Users/larryseyer/AudioDevelopment/OTTO/JUCE/modules/juce_audio_processors/format_types/juce_LADSPAPluginFormat.h:38:61: warning: 'DOXYGEN' is not defined, evaluates to 0 [-Wundef]
   38 | #if (JUCE_PLUGINHOST_LADSPA && (JUCE_LINUX || JUCE_BSD)) || DOXYGEN
      |                                                             ^
In file included from /Users/larryseyer/AudioDevelopment/OTTO/Source/UI/Themes/ThemeValidator.cpp:1:
In file included from /Users/larryseyer/AudioDevelopment/OTTO/Source/UI/Themes/ThemeValidator.h:4:
In file included from /Users/larryseyer/AudioDevelopment/OTTO/Builds/MacOSX/CMake-Release/OTTO_artefacts/JuceLibraryCode/JuceHeader.h:14:
In file included from /Users/larryseyer/AudioDevelopment/OTTO/JUCE/modules/juce_audio_plugin_client/juce_audio_plugin_client.h:65:
In file included from /Users/larryseyer/AudioDevelopment/OTTO/JUCE/modules/juce_audio_processors/juce_audio_processors.h:164:
/Users/larryseyer/AudioDevelopment/OTTO/JUCE/modules/juce_audio_processors/format_types/juce_LV2PluginFormat.h:38:64: warning: 'DOXYGEN' is not defined, evaluates to 0 [-Wundef]
   38 | #if (JUCE_PLUGINHOST_LV2 && (! (JUCE_ANDROID || JUCE_IOS))) || DOXYGEN
      |                                                                ^
In file included from /Users/larryseyer/AudioDevelopment/OTTO/Source/UI/Themes/ThemeValidator.cpp:1:
In file included from /Users/larryseyer/AudioDevelopment/OTTO/Source/UI/Themes/ThemeValidator.h:4:
In file included from /Users/larryseyer/AudioDevelopment/OTTO/Builds/MacOSX/CMake-Release/OTTO_artefacts/JuceLibraryCode/JuceHeader.h:14:
In file included from /Users/larryseyer/AudioDevelopment/OTTO/JUCE/modules/juce_audio_plugin_client/juce_audio_plugin_client.h:65:
In file included from /Users/larryseyer/AudioDevelopment/OTTO/JUCE/modules/juce_audio_processors/juce_audio_processors.h:165:
/Users/larryseyer/AudioDevelopment/OTTO/JUCE/modules/juce_audio_processors/format_types/juce_VST3PluginFormat.h:38:87: warning: 'DOXYGEN' is not defined, evaluates to 0 [-Wundef]
   38 | #if (JUCE_PLUGINHOST_VST3 && (JUCE_MAC || JUCE_WINDOWS || JUCE_LINUX || JUCE_BSD)) || DOXYGEN
      |                                                                                       ^
In file included from /Users/larryseyer/AudioDevelopment/OTTO/Source/UI/Themes/ThemeValidator.cpp:1:
In file included from /Users/larryseyer/AudioDevelopment/OTTO/Source/UI/Themes/ThemeValidator.h:4:
In file included from /Users/larryseyer/AudioDevelopment/OTTO/Builds/MacOSX/CMake-Release/OTTO_artefacts/JuceLibraryCode/JuceHeader.h:14:
In file included from /Users/larryseyer/AudioDevelopment/OTTO/JUCE/modules/juce_audio_plugin_client/juce_audio_plugin_client.h:65:
In file included from /Users/larryseyer/AudioDevelopment/OTTO/JUCE/modules/juce_audio_processors/juce_audio_processors.h:167:
/Users/larryseyer/AudioDevelopment/OTTO/JUCE/modules/juce_audio_processors/format_types/juce_VSTPluginFormat.h:35:29: warning: 'DOXYGEN' is not defined, evaluates to 0 [-Wundef]
   35 | #if (JUCE_PLUGINHOST_VST || DOXYGEN)
      |                             ^
In file included from /Users/larryseyer/AudioDevelopment/OTTO/Source/UI/Themes/ThemeValidator.cpp:1:
In file included from /Users/larryseyer/AudioDevelopment/OTTO/Source/UI/Themes/ThemeValidator.h:4:
In file included from /Users/larryseyer/AudioDevelopment/OTTO/Builds/MacOSX/CMake-Release/OTTO_artefacts/JuceLibraryCode/JuceHeader.h:14:
In file included from /Users/larryseyer/AudioDevelopment/OTTO/JUCE/modules/juce_audio_plugin_client/juce_audio_plugin_client.h:65:
In file included from /Users/larryseyer/AudioDevelopment/OTTO/JUCE/modules/juce_audio_processors/juce_audio_processors.h:168:
/Users/larryseyer/AudioDevelopment/OTTO/JUCE/modules/juce_audio_processors/format_types/juce_ARAHosting.h:37:122: warning: 'DOXYGEN' is not defined, evaluates to 0 [-Wundef]
   37 | #if (JUCE_PLUGINHOST_ARA && (JUCE_PLUGINHOST_VST3 || JUCE_PLUGINHOST_AU) && (JUCE_MAC || JUCE_WINDOWS || JUCE_LINUX)) || DOXYGEN
      |                                                                                                                          ^
In file included from /Users/larryseyer/AudioDevelopment/OTTO/Source/UI/Themes/ThemeValidator.cpp:1:
In file included from /Users/larryseyer/AudioDevelopment/OTTO/Source/UI/Themes/ThemeValidator.h:4:
In file included from /Users/larryseyer/AudioDevelopment/OTTO/Builds/MacOSX/CMake-Release/OTTO_artefacts/JuceLibraryCode/JuceHeader.h:14:
In file included from /Users/larryseyer/AudioDevelopment/OTTO/JUCE/modules/juce_audio_plugin_client/juce_audio_plugin_client.h:65:
In file included from /Users/larryseyer/AudioDevelopment/OTTO/JUCE/modules/juce_audio_processors/juce_audio_processors.h:177:
/Users/larryseyer/AudioDevelopment/OTTO/JUCE/modules/juce_audio_processors/utilities/juce_ParameterAttachments.h:260:25: warning: 'DOXYGEN' is not defined, evaluates to 0 [-Wundef]
  260 | #if JUCE_WEB_BROWSER || DOXYGEN
      |                         ^
In file included from /Users/larryseyer/AudioDevelopment/OTTO/Source/UI/Themes/ThemeValidator.cpp:1:
In file included from /Users/larryseyer/AudioDevelopment/OTTO/Source/UI/Themes/ThemeValidator.h:4:
In file included from /Users/larryseyer/AudioDevelopment/OTTO/Builds/MacOSX/CMake-Release/OTTO_artefacts/JuceLibraryCode/JuceHeader.h:14:
In file included from /Users/larryseyer/AudioDevelopment/OTTO/JUCE/modules/juce_audio_plugin_client/juce_audio_plugin_client.h:65:
In file included from /Users/larryseyer/AudioDevelopment/OTTO/JUCE/modules/juce_audio_processors/juce_audio_processors.h:178:
/Users/larryseyer/AudioDevelopment/OTTO/JUCE/modules/juce_audio_processors/utilities/juce_AudioProcessorValueTreeState.h:639:8: warning: 'JUCE_UNIT_TESTS' is not defined, evaluates to 0 [-Wundef]
  639 |    #if JUCE_UNIT_TESTS
      |        ^
In file included from /Users/larryseyer/AudioDevelopment/OTTO/Source/UI/Themes/ThemeValidator.cpp:1:
In file included from /Users/larryseyer/AudioDevelopment/OTTO/Source/UI/Themes/ThemeValidator.h:4:
In file included from /Users/larryseyer/AudioDevelopment/OTTO/Builds/MacOSX/CMake-Release/OTTO_artefacts/JuceLibraryCode/JuceHeader.h:23:
In file included from /Users/larryseyer/AudioDevelopment/OTTO/JUCE/modules/juce_audio_devices/juce_audio_devices.h:174:
/Users/larryseyer/AudioDevelopment/OTTO/JUCE/modules/juce_audio_devices/midi_io/juce_MidiDevices.h:205:8: warning: 'JUCE_LINUX' is not defined, evaluates to 0 [-Wundef]
  205 |    #if JUCE_LINUX || JUCE_BSD || JUCE_MAC || JUCE_IOS || DOXYGEN
      |        ^
/Users/larryseyer/AudioDevelopment/OTTO/JUCE/modules/juce_audio_devices/midi_io/juce_MidiDevices.h:205:22: warning: 'JUCE_BSD' is not defined, evaluates to 0 [-Wundef]
  205 |    #if JUCE_LINUX || JUCE_BSD || JUCE_MAC || JUCE_IOS || DOXYGEN
      |                      ^
/Users/larryseyer/AudioDevelopment/OTTO/JUCE/modules/juce_audio_devices/midi_io/juce_MidiDevices.h:364:8: warning: 'JUCE_LINUX' is not defined, evaluates to 0 [-Wundef]
  364 |    #if JUCE_LINUX || JUCE_BSD || JUCE_MAC || JUCE_IOS || DOXYGEN
      |        ^
/Users/larryseyer/AudioDevelopment/OTTO/JUCE/modules/juce_audio_devices/midi_io/juce_MidiDevices.h:364:22: warning: 'JUCE_BSD' is not defined, evaluates to 0 [-Wundef]
  364 |    #if JUCE_LINUX || JUCE_BSD || JUCE_MAC || JUCE_IOS || DOXYGEN
      |                      ^
In file included from /Users/larryseyer/AudioDevelopment/OTTO/Source/UI/Themes/ThemeValidator.cpp:1:
In file included from /Users/larryseyer/AudioDevelopment/OTTO/Source/UI/Themes/ThemeValidator.h:4:
In file included from /Users/larryseyer/AudioDevelopment/OTTO/Builds/MacOSX/CMake-Release/OTTO_artefacts/JuceLibraryCode/JuceHeader.h:23:
In file included from /Users/larryseyer/AudioDevelopment/OTTO/JUCE/modules/juce_audio_devices/juce_audio_devices.h:175:
/Users/larryseyer/AudioDevelopment/OTTO/JUCE/modules/juce_audio_devices/midi_io/juce_MidiMessageCollector.h:118:8: warning: 'JUCE_DEBUG' is not defined, evaluates to 0 [-Wundef]
  118 |    #if JUCE_DEBUG
      |        ^
In file included from /Users/larryseyer/AudioDevelopment/OTTO/Source/UI/Themes/ThemeValidator.cpp:1:
In file included from /Users/larryseyer/AudioDevelopment/OTTO/Source/UI/Themes/ThemeValidator.h:4:
In file included from /Users/larryseyer/AudioDevelopment/OTTO/Builds/MacOSX/CMake-Release/OTTO_artefacts/JuceLibraryCode/JuceHeader.h:23:
/Users/larryseyer/AudioDevelopment/OTTO/JUCE/modules/juce_audio_devices/juce_audio_devices.h:199:5: warning: 'JUCE_IOS' is not defined, evaluates to 0 [-Wundef]
  199 | #if JUCE_IOS
      |     ^
In file included from /Users/larryseyer/AudioDevelopment/OTTO/Source/UI/Themes/ThemeValidator.cpp:1:
In file included from /Users/larryseyer/AudioDevelopment/OTTO/Source/UI/Themes/ThemeValidator.h:4:
In file included from /Users/larryseyer/AudioDevelopment/OTTO/Builds/MacOSX/CMake-Release/OTTO_artefacts/JuceLibraryCode/JuceHeader.h:24:
/Users/larryseyer/AudioDevelopment/OTTO/JUCE/modules/juce_audio_formats/juce_audio_formats.h:117:7: warning: 'JUCE_WINDOWS' is not defined, evaluates to 0 [-Wundef]
  117 | #if ! JUCE_WINDOWS
      |       ^
In file included from /Users/larryseyer/AudioDevelopment/OTTO/Source/UI/Themes/ThemeValidator.cpp:1:
In file included from /Users/larryseyer/AudioDevelopment/OTTO/Source/UI/Themes/ThemeValidator.h:4:
In file included from /Users/larryseyer/AudioDevelopment/OTTO/Builds/MacOSX/CMake-Release/OTTO_artefacts/JuceLibraryCode/JuceHeader.h:24:
In file included from /Users/larryseyer/AudioDevelopment/OTTO/JUCE/modules/juce_audio_formats/juce_audio_formats.h:134:
/Users/larryseyer/AudioDevelopment/OTTO/JUCE/modules/juce_audio_formats/codecs/juce_LAMEEncoderAudioFormat.h:38:35: warning: 'DOXYGEN' is not defined, evaluates to 0 [-Wundef]
   38 | #if JUCE_USE_LAME_AUDIO_FORMAT || DOXYGEN
      |                                   ^
In file included from /Users/larryseyer/AudioDevelopment/OTTO/Source/UI/Themes/ThemeValidator.cpp:1:
In file included from /Users/larryseyer/AudioDevelopment/OTTO/Source/UI/Themes/ThemeValidator.h:4:
In file included from /Users/larryseyer/AudioDevelopment/OTTO/Builds/MacOSX/CMake-Release/OTTO_artefacts/JuceLibraryCode/JuceHeader.h:24:
In file included from /Users/larryseyer/AudioDevelopment/OTTO/JUCE/modules/juce_audio_formats/juce_audio_formats.h:135:
/Users/larryseyer/AudioDevelopment/OTTO/JUCE/modules/juce_audio_formats/codecs/juce_MP3AudioFormat.h:38:32: warning: 'DOXYGEN' is not defined, evaluates to 0 [-Wundef]
   38 | #if JUCE_USE_MP3AUDIOFORMAT || DOXYGEN
      |                                ^
In file included from /Users/larryseyer/AudioDevelopment/OTTO/Source/UI/Themes/ThemeValidator.cpp:1:
In file included from /Users/larryseyer/AudioDevelopment/OTTO/Source/UI/Themes/ThemeValidator.h:4:
In file included from /Users/larryseyer/AudioDevelopment/OTTO/Builds/MacOSX/CMake-Release/OTTO_artefacts/JuceLibraryCode/JuceHeader.h:24:
In file included from /Users/larryseyer/AudioDevelopment/OTTO/JUCE/modules/juce_audio_formats/juce_audio_formats.h:138:
/Users/larryseyer/AudioDevelopment/OTTO/JUCE/modules/juce_audio_formats/codecs/juce_WindowsMediaAudioFormat.h:38:5: warning: 'JUCE_WINDOWS' is not defined, evaluates to 0 [-Wundef]
   38 | #if JUCE_WINDOWS || DOXYGEN
      |     ^
/Users/larryseyer/AudioDevelopment/OTTO/JUCE/modules/juce_audio_formats/codecs/juce_WindowsMediaAudioFormat.h:38:21: warning: 'DOXYGEN' is not defined, evaluates to 0 [-Wundef]
   38 | #if JUCE_WINDOWS || DOXYGEN
      |                     ^
In file included from /Users/larryseyer/AudioDevelopment/OTTO/Source/UI/Themes/ThemeValidator.cpp:1:
In file included from /Users/larryseyer/AudioDevelopment/OTTO/Source/UI/Themes/ThemeValidator.h:4:
In file included from /Users/larryseyer/AudioDevelopment/OTTO/Builds/MacOSX/CMake-Release/OTTO_artefacts/JuceLibraryCode/JuceHeader.h:25:
In file included from /Users/larryseyer/AudioDevelopment/OTTO/JUCE/modules/juce_audio_utils/juce_audio_utils.h:99:
/Users/larryseyer/AudioDevelopment/OTTO/JUCE/modules/juce_audio_utils/audio_cd/juce_AudioCDBurner.h:38:26: warning: 'DOXYGEN' is not defined, evaluates to 0 [-Wundef]
   38 | #if JUCE_USE_CDBURNER || DOXYGEN
      |                          ^
In file included from /Users/larryseyer/AudioDevelopment/OTTO/Source/UI/Themes/ThemeValidator.cpp:1:
In file included from /Users/larryseyer/AudioDevelopment/OTTO/Source/UI/Themes/ThemeValidator.h:4:
In file included from /Users/larryseyer/AudioDevelopment/OTTO/Builds/MacOSX/CMake-Release/OTTO_artefacts/JuceLibraryCode/JuceHeader.h:25:
In file included from /Users/larryseyer/AudioDevelopment/OTTO/JUCE/modules/juce_audio_utils/juce_audio_utils.h:100:
/Users/larryseyer/AudioDevelopment/OTTO/JUCE/modules/juce_audio_utils/audio_cd/juce_AudioCDReader.h:38:26: warning: 'DOXYGEN' is not defined, evaluates to 0 [-Wundef]
   38 | #if JUCE_USE_CDREADER || DOXYGEN
      |                          ^
In file included from /Users/larryseyer/AudioDevelopment/OTTO/Source/UI/Themes/ThemeValidator.cpp:1:
In file included from /Users/larryseyer/AudioDevelopment/OTTO/Source/UI/Themes/ThemeValidator.h:4:
In file included from /Users/larryseyer/AudioDevelopment/OTTO/Builds/MacOSX/CMake-Release/OTTO_artefacts/JuceLibraryCode/JuceHeader.h:26:
/Users/larryseyer/AudioDevelopment/OTTO/JUCE/modules/juce_dsp/juce_dsp.h:69:5: warning: 'JUCE_INTEL' is not defined, evaluates to 0 [-Wundef]
   69 | #if JUCE_INTEL
      |     ^
/Users/larryseyer/AudioDevelopment/OTTO/JUCE/modules/juce_dsp/juce_dsp.h:95:20: warning: 'JUCE_WINDOWS' is not defined, evaluates to 0 [-Wundef]
   95 |  #if JUCE_64BIT && JUCE_WINDOWS
      |                    ^
/Users/larryseyer/AudioDevelopment/OTTO/JUCE/modules/juce_dsp/juce_dsp.h:113:6: warning: '_MSC_VER' is not defined, evaluates to 0 [-Wundef]
  113 |  #if _MSC_VER && JUCE_USE_SIMD && ! (defined (_M_X64) || defined (__amd64__))
      |      ^
/Users/larryseyer/AudioDevelopment/OTTO/JUCE/modules/juce_dsp/juce_dsp.h:242:6: warning: 'JUCE_INTEL' is not defined, evaluates to 0 [-Wundef]
  242 |  #if JUCE_INTEL
      |      ^
In file included from /Users/larryseyer/AudioDevelopment/OTTO/Source/UI/Themes/ThemeValidator.cpp:1:
In file included from /Users/larryseyer/AudioDevelopment/OTTO/Source/UI/Themes/ThemeValidator.h:4:
In file included from /Users/larryseyer/AudioDevelopment/OTTO/Builds/MacOSX/CMake-Release/OTTO_artefacts/JuceLibraryCode/JuceHeader.h:27:
/Users/larryseyer/AudioDevelopment/OTTO/JUCE/modules/juce_opengl/juce_opengl.h:72:5: warning: 'JUCE_IOS' is not defined, evaluates to 0 [-Wundef]
   72 | #if JUCE_IOS || JUCE_ANDROID
      |     ^
/Users/larryseyer/AudioDevelopment/OTTO/JUCE/modules/juce_opengl/juce_opengl.h:72:17: warning: 'JUCE_ANDROID' is not defined, evaluates to 0 [-Wundef]
   72 | #if JUCE_IOS || JUCE_ANDROID
      |                 ^
/Users/larryseyer/AudioDevelopment/OTTO/JUCE/modules/juce_opengl/juce_opengl.h:82:5: warning: 'JUCE_OPENGL_ES' is not defined, evaluates to 0 [-Wundef]
   82 | #if JUCE_OPENGL_ES || DOXYGEN
      |     ^
/Users/larryseyer/AudioDevelopment/OTTO/JUCE/modules/juce_opengl/juce_opengl.h:82:23: warning: 'DOXYGEN' is not defined, evaluates to 0 [-Wundef]
   82 | #if JUCE_OPENGL_ES || DOXYGEN
      |                       ^
In file included from /Users/larryseyer/AudioDevelopment/OTTO/Source/UI/Themes/ThemeValidator.cpp:1:
In file included from /Users/larryseyer/AudioDevelopment/OTTO/Source/UI/Themes/ThemeValidator.h:4:
In file included from /Users/larryseyer/AudioDevelopment/OTTO/Builds/MacOSX/CMake-Release/OTTO_artefacts/JuceLibraryCode/JuceHeader.h:27:
In file included from /Users/larryseyer/AudioDevelopment/OTTO/JUCE/modules/juce_opengl/juce_opengl.h:120:
/Users/larryseyer/AudioDevelopment/OTTO/JUCE/modules/juce_opengl/native/juce_OpenGLExtensions.h:127:8: warning: 'JUCE_WINDOWS' is not defined, evaluates to 0 [-Wundef]
  127 |    #if JUCE_WINDOWS && ! defined (DOXYGEN)
      |        ^
/Users/larryseyer/AudioDevelopment/OTTO/JUCE/modules/juce_opengl/native/juce_OpenGLExtensions.h:142:8: warning: 'JUCE_ANDROID' is not defined, evaluates to 0 [-Wundef]
  142 |    #if JUCE_ANDROID
      |        ^
In file included from /Users/larryseyer/AudioDevelopment/OTTO/Source/UI/Themes/ThemeValidator.cpp:1:
In file included from /Users/larryseyer/AudioDevelopment/OTTO/Source/UI/Themes/ThemeValidator.h:4:
/Users/larryseyer/AudioDevelopment/OTTO/Builds/MacOSX/CMake-Release/OTTO_artefacts/JuceLibraryCode/JuceHeader.h:34:7: warning: 'DONT_SET_USING_JUCE_NAMESPACE' is not defined, evaluates to 0 [-Wundef]
   34 | #if ! DONT_SET_USING_JUCE_NAMESPACE
      |       ^
In file included from /Users/larryseyer/AudioDevelopment/OTTO/Source/UI/Themes/ThemeValidator.cpp:1:
In file included from /Users/larryseyer/AudioDevelopment/OTTO/Source/UI/Themes/ThemeValidator.h:5:
/Users/larryseyer/AudioDevelopment/OTTO/Source/UI/Themes/../../ColorScheme.h:104:55: warning: unused parameter 'newThemeName' [-Wunused-parameter]
  104 |         virtual void themeChanged(const juce::String& newThemeName) {}
      |                                                       ^
/Users/larryseyer/AudioDevelopment/OTTO/Source/UI/Themes/../../ColorScheme.h:105:55: warning: unused parameter 'component' [-Wunused-parameter]
  105 |         virtual void colorChanged(const juce::String& component, const juce::String& property, const juce::Colour& newColor) {}
      |                                                       ^
/Users/larryseyer/AudioDevelopment/OTTO/Source/UI/Themes/../../ColorScheme.h:105:86: warning: unused parameter 'property' [-Wunused-parameter]
  105 |         virtual void colorChanged(const juce::String& component, const juce::String& property, const juce::Colour& newColor) {}
      |                                                                                      ^
/Users/larryseyer/AudioDevelopment/OTTO/Source/UI/Themes/../../ColorScheme.h:105:116: warning: unused parameter 'newColor' [-Wunused-parameter]
  105 |         virtual void colorChanged(const juce::String& component, const juce::String& property, const juce::Colour& newColor) {}
      |                                                                                                                    ^
In file included from /Users/larryseyer/AudioDevelopment/OTTO/Source/UI/Themes/ThemeValidator.cpp:1:
In file included from /Users/larryseyer/AudioDevelopment/OTTO/Source/UI/Themes/ThemeValidator.h:7:
/Users/larryseyer/AudioDevelopment/OTTO/Source/UI/Themes/ThemePresets.h:369:53: warning: unused parameter 'preset' [-Wunused-parameter]
  369 |         virtual void presetAdded(const ThemePreset& preset) {}
      |                                                     ^
/Users/larryseyer/AudioDevelopment/OTTO/Source/UI/Themes/ThemePresets.h:375:56: warning: unused parameter 'presetName' [-Wunused-parameter]
  375 |         virtual void presetRemoved(const juce::String& presetName) {}
      |                                                        ^
/Users/larryseyer/AudioDevelopment/OTTO/Source/UI/Themes/ThemePresets.h:381:55: warning: unused parameter 'preset' [-Wunused-parameter]
  381 |         virtual void presetUpdated(const ThemePreset& preset) {}
      |                                                       ^
In file included from /Users/larryseyer/AudioDevelopment/OTTO/Source/UI/Themes/ThemeValidator.cpp:3:
In file included from /Users/larryseyer/AudioDevelopment/OTTO/Source/UI/Themes/../../INIDataManager.h:6:
/Users/larryseyer/AudioDevelopment/OTTO/Source/UI/Themes/../../MidiEngine.h:24:34: warning: implicit conversion increases floating-point precision: 'const float' to 'double' [-Wdouble-promotion]
   24 |         double currentPosition = INIConfig::MIDI::DEFAULT_POSITION;
      |                                  ^~~~~~~~~~~~~~~~~~~~~~~~~~~~~~~~~
/Users/larryseyer/AudioDevelopment/OTTO/Source/UI/Themes/../../MidiEngine.h:224:35: warning: implicit conversion increases floating-point precision: 'const float' to 'double' [-Wdouble-promotion]
  224 |         double playbackPosition = INIConfig::MIDI::DEFAULT_POSITION;
      |                                   ^~~~~~~~~~~~~~~~~~~~~~~~~~~~~~~~~
/Users/larryseyer/AudioDevelopment/OTTO/Source/UI/Themes/../../MidiEngine.h:225:34: warning: implicit conversion increases floating-point precision: 'const float' to 'double' [-Wdouble-promotion]
  225 |         double lastProcessTime = INIConfig::MIDI::DEFAULT_LAST_TIME;
      |                                  ^~~~~~~~~~~~~~~~~~~~~~~~~~~~~~~~~~
/Users/larryseyer/AudioDevelopment/OTTO/Source/UI/Themes/../../MidiEngine.h:247:30: warning: implicit conversion increases floating-point precision: 'const float' to 'double' [-Wdouble-promotion]
  247 |     double lastProcessTime = INIConfig::MIDI::DEFAULT_LAST_TIME;
      |                              ^~~~~~~~~~~~~~~~~~~~~~~~~~~~~~~~~~
/Users/larryseyer/AudioDevelopment/OTTO/Source/UI/Themes/../../MidiEngine.h:248:28: warning: implicit conversion increases floating-point precision: 'const float' to 'double' [-Wdouble-promotion]
  248 |     double lastClockTime = INIConfig::MIDI::DEFAULT_LAST_TIME;
      |                            ^~~~~~~~~~~~~~~~~~~~~~~~~~~~~~~~~~
/Users/larryseyer/AudioDevelopment/OTTO/Source/UI/Themes/../../MidiEngine.h:253:24: warning: implicit conversion increases floating-point precision: 'const float' to 'double' [-Wdouble-promotion]
  253 |     double hostTempo = INIConfig::MIDI::DEFAULT_POSITION;
      |                        ^~~~~~~~~~~~~~~~~~~~~~~~~~~~~~~~~
/Users/larryseyer/AudioDevelopment/OTTO/Source/UI/Themes/../../MidiEngine.h:264:30: warning: implicit conversion increases floating-point precision: 'const float' to 'double' [-Wdouble-promotion]
  264 |     double countInPosition = INIConfig::MIDI::DEFAULT_POSITION;
      |                              ^~~~~~~~~~~~~~~~~~~~~~~~~~~~~~~~~
/Users/larryseyer/AudioDevelopment/OTTO/Source/UI/Themes/../../MidiEngine.h:272:30: warning: implicit conversion increases floating-point precision: 'const float' to 'double' [-Wdouble-promotion]
  272 |     double recordStartTime = INIConfig::MIDI::DEFAULT_LAST_TIME;
      |                              ^~~~~~~~~~~~~~~~~~~~~~~~~~~~~~~~~~
/Users/larryseyer/AudioDevelopment/OTTO/Source/UI/Themes/../../MidiEngine.h:278:37: warning: implicit conversion increases floating-point precision: 'const float' to 'double' [-Wdouble-promotion]
  278 |     double loopRecordingStartTime = INIConfig::MIDI::DEFAULT_LAST_TIME;
      |                                     ^~~~~~~~~~~~~~~~~~~~~~~~~~~~~~~~~~
/Users/larryseyer/AudioDevelopment/OTTO/Source/UI/Themes/../../MidiEngine.h:285:26: warning: implicit conversion increases floating-point precision: 'const float' to 'double' [-Wdouble-promotion]
  285 |     double lastTapTime = INIConfig::MIDI::DEFAULT_LAST_TIME;
      |                          ^~~~~~~~~~~~~~~~~~~~~~~~~~~~~~~~~~
/Users/larryseyer/AudioDevelopment/OTTO/Source/UI/Themes/ThemeValidator.cpp:462:10: warning: unused variable 'success' [-Wunused-variable]
  462 |     auto success = parseColor(preset.colorValues["Success"]);
      |          ^~~~~~~
/Users/larryseyer/AudioDevelopment/OTTO/Source/UI/Themes/ThemeValidator.cpp:826:48: warning: implicit conversion increases floating-point precision: 'const float' to 'double' [-Wdouble-promotion]
  826 |         state.setValue("MinimumContrastRatio", minimumContrastRatio);
      |                                                ^~~~~~~~~~~~~~~~~~~~
/Users/larryseyer/AudioDevelopment/OTTO/Source/UI/Themes/ThemeValidator.cpp:847:73: error: too few arguments to function call, expected 2, have 1
  847 |         auto state = INIDataManager::loadComponentState("ThemeValidator");
      |                      ~~~~~~~~~~~~~~~~~~~~~~~~~~~~~~~~~~                 ^
In file included from /Users/larryseyer/AudioDevelopment/OTTO/Source/UI/Themes/ThemeValidator.cpp:3:
/Users/larryseyer/AudioDevelopment/OTTO/Source/UI/Themes/../../INIDataManager.h:111:17: note: 'loadComponentState' declared here
  111 |     static bool loadComponentState(const juce::String& componentName, ComponentState& state);
      |                 ^                  ~~~~~~~~~~~~~~~~~~~~~~~~~~~~~~~~~~~~~~~~~~~~~~~~~~~~~~~~
/Users/larryseyer/AudioDevelopment/OTTO/Source/UI/Themes/ThemeValidator.cpp:874:16: error: non-const lvalue reference to type 'bool' cannot bind to a temporary of type 'bool'
  874 |     for (auto& pair : categoryEnabled) {
      |                ^    ~
/Users/larryseyer/AudioDevelopment/OTTO/Source/UI/Themes/ThemeValidator.cpp:875:13: error: member reference base type 'bool' is not a structure or union
  875 |         pair.second = true;
      |         ~~~~^~~~~~~
/Users/larryseyer/AudioDevelopment/OTTO/Source/UI/Themes/ThemeValidator.cpp:1034:14: error: no member named 'isHexDigit' in 'juce::CharacterFunctions'; did you mean 'juce::CppTokeniserFunctions::isHexDigit'?
 1034 |         if (!juce::CharacterFunctions::isHexDigit(c)) {
      |              ^~~~~~~~~~~~~~~~~~~~~~~~~~~~~~~~~~~~
      |              juce::CppTokeniserFunctions::isHexDigit
In file included from /Users/larryseyer/AudioDevelopment/OTTO/Source/UI/Themes/ThemeValidator.cpp:1:
In file included from /Users/larryseyer/AudioDevelopment/OTTO/Source/UI/Themes/ThemeValidator.h:4:
In file included from /Users/larryseyer/AudioDevelopment/OTTO/Builds/MacOSX/CMake-Release/OTTO_artefacts/JuceLibraryCode/JuceHeader.h:14:
In file included from /Users/larryseyer/AudioDevelopment/OTTO/JUCE/modules/juce_audio_plugin_client/juce_audio_plugin_client.h:65:
In file included from /Users/larryseyer/AudioDevelopment/OTTO/JUCE/modules/juce_audio_processors/juce_audio_processors.h:67:
In file included from /Users/larryseyer/AudioDevelopment/OTTO/JUCE/modules/juce_gui_extra/juce_gui_extra.h:138:
/Users/larryseyer/AudioDevelopment/OTTO/JUCE/modules/juce_gui_extra/code_editor/juce_CPlusPlusCodeTokeniserFunctions.h:161:17: note: 'juce::CppTokeniserFunctions::isHexDigit' declared here
  161 |     static bool isHexDigit (const juce_wchar c) noexcept
      |                 ^
/Users/larryseyer/AudioDevelopment/OTTO/Source/UI/Themes/ThemeValidator.cpp:1130:44: error: call to member function 'remove' is ambiguous
 1130 |                 migratedPreset.colorValues.remove(rule.oldName);
      |                 ~~~~~~~~~~~~~~~~~~~~~~~~~~~^~~~~~
In file included from /Users/larryseyer/AudioDevelopment/OTTO/Source/UI/Themes/ThemeValidator.cpp:1:
In file included from /Users/larryseyer/AudioDevelopment/OTTO/Source/UI/Themes/ThemeValidator.h:4:
In file included from /Users/larryseyer/AudioDevelopment/OTTO/Builds/MacOSX/CMake-Release/OTTO_artefacts/JuceLibraryCode/JuceHeader.h:14:
In file included from /Users/larryseyer/AudioDevelopment/OTTO/JUCE/modules/juce_audio_plugin_client/juce_audio_plugin_client.h:63:
In file included from /Users/larryseyer/AudioDevelopment/OTTO/JUCE/modules/juce_gui_basics/juce_gui_basics.h:68:
In file included from /Users/larryseyer/AudioDevelopment/OTTO/JUCE/modules/juce_graphics/juce_graphics.h:67:
In file included from /Users/larryseyer/AudioDevelopment/OTTO/JUCE/modules/juce_core/juce_core.h:294:
/Users/larryseyer/AudioDevelopment/OTTO/JUCE/modules/juce_core/text/juce_StringPairArray.h:127:10: note: candidate function
  127 |     void remove (StringRef key);
      |          ^
/Users/larryseyer/AudioDevelopment/OTTO/JUCE/modules/juce_core/text/juce_StringPairArray.h:132:10: note: candidate function
  132 |     void remove (int index);
      |          ^

CompileC /Users/larryseyer/AudioDevelopment/OTTO/Builds/MacOSX/CMake-Release/build/OTTO.build/Release/Objects-normal/arm64/ThemePresets.o /Users/larryseyer/AudioDevelopment/OTTO/Source/UI/Themes/ThemePresets.cpp normal arm64 c++ com.apple.compilers.llvm.clang.1_0.compiler (in target 'OTTO' from project 'OTTO')
    cd /Users/larryseyer/AudioDevelopment/OTTO
    
    Using response file: /Users/larryseyer/AudioDevelopment/OTTO/Builds/MacOSX/CMake-Release/build/OTTO.build/Release/Objects-normal/arm64/82b82416624d2658e5098eb0a28c15c5-common-args.resp
    
    /Applications/Xcode.app/Contents/Developer/Toolchains/XcodeDefault.xctoolchain/usr/bin/clang -x c++ -ivfsstatcache /var/folders/0p/t4rj91z90d38yk0_8vh370gr0000gn/C/com.apple.DeveloperTools/16.4-16F6/Xcode/SDKStatCaches.noindex/macosx15.5-24F74-8254517eb8b97d462ccbc072ba9094c9.sdkstatcache -fmessage-length\=0 -fdiagnostics-show-note-include-stack -fmacro-backtrace-limit\=0 -fno-color-diagnostics -Wno-trigraphs -Wno-missing-field-initializers -Wno-missing-prototypes -Wno-return-type -Wno-non-virtual-dtor -Wno-overloaded-virtual -Wno-exit-time-destructors -Wno-missing-braces -Wparentheses -Wswitch -Wno-unused-function -Wno-unused-label -Wno-unused-parameter -Wno-unused-variable -Wunused-value -Wno-empty-body -Wno-uninitialized -Wno-unknown-pragmas -Wno-shadow -Wno-four-char-constants -Wno-conversion -Wno-constant-conversion -Wno-int-conversion -Wno-bool-conversion -Wno-enum-conversion -Wno-float-conversion -Wno-non-literal-null-conversion -Wno-objc-literal-conversion -Wshorten-64-to-32 -Wno-newline-eof -Wno-c++11-extensions -Wno-implicit-fallthrough -fstrict-aliasing -Wdeprecated-declarations -Winvalid-offsetof -Wno-sign-conversion -Wno-infinite-recursion -Wno-move -Wno-comma -Wno-block-capture-autoreleasing -Wno-strict-prototypes -Wno-range-loop-analysis -Wno-semicolon-before-method-body -Wall -Wextra -Wpedantic -Wformat\=2 -Wformat-security -Wnull-dereference -Wdouble-promotion -Wshadow -Wundef -Wcast-align @/Users/larryseyer/AudioDevelopment/OTTO/Builds/MacOSX/CMake-Release/build/OTTO.build/Release/Objects-normal/arm64/82b82416624d2658e5098eb0a28c15c5-common-args.resp -MMD -MT dependencies -MF /Users/larryseyer/AudioDevelopment/OTTO/Builds/MacOSX/CMake-Release/build/OTTO.build/Release/Objects-normal/arm64/ThemePresets.d --serialize-diagnostics /Users/larryseyer/AudioDevelopment/OTTO/Builds/MacOSX/CMake-Release/build/OTTO.build/Release/Objects-normal/arm64/ThemePresets.dia -c /Users/larryseyer/AudioDevelopment/OTTO/Source/UI/Themes/ThemePresets.cpp -o /Users/larryseyer/AudioDevelopment/OTTO/Builds/MacOSX/CMake-Release/build/OTTO.build/Release/Objects-normal/arm64/ThemePresets.o
In file included from /Users/larryseyer/AudioDevelopment/OTTO/Source/UI/Themes/ThemePresets.cpp:1:
In file included from /Users/larryseyer/AudioDevelopment/OTTO/Source/UI/Themes/ThemePresets.h:4:
In file included from /Users/larryseyer/AudioDevelopment/OTTO/Builds/MacOSX/CMake-Release/OTTO_artefacts/JuceLibraryCode/JuceHeader.h:14:
In file included from /Users/larryseyer/AudioDevelopment/OTTO/JUCE/modules/juce_audio_plugin_client/juce_audio_plugin_client.h:63:
In file included from /Users/larryseyer/AudioDevelopment/OTTO/JUCE/modules/juce_gui_basics/juce_gui_basics.h:68:
In file included from /Users/larryseyer/AudioDevelopment/OTTO/JUCE/modules/juce_graphics/juce_graphics.h:67:
In file included from /Users/larryseyer/AudioDevelopment/OTTO/JUCE/modules/juce_core/juce_core.h:77:
/Users/larryseyer/AudioDevelopment/OTTO/JUCE/modules/juce_core/system/juce_TargetPlatform.h:99:5: warning: 'JUCE_WINDOWS' is not defined, evaluates to 0 [-Wundef]
   99 | #if JUCE_WINDOWS
      |     ^
/Users/larryseyer/AudioDevelopment/OTTO/JUCE/modules/juce_core/system/juce_TargetPlatform.h:183:5: warning: 'JUCE_LINUX' is not defined, evaluates to 0 [-Wundef]
  183 | #if JUCE_LINUX || JUCE_ANDROID || JUCE_BSD
      |     ^
/Users/larryseyer/AudioDevelopment/OTTO/JUCE/modules/juce_core/system/juce_TargetPlatform.h:183:19: warning: 'JUCE_ANDROID' is not defined, evaluates to 0 [-Wundef]
  183 | #if JUCE_LINUX || JUCE_ANDROID || JUCE_BSD
      |                   ^
/Users/larryseyer/AudioDevelopment/OTTO/JUCE/modules/juce_core/system/juce_TargetPlatform.h:183:35: warning: 'JUCE_BSD' is not defined, evaluates to 0 [-Wundef]
  183 | #if JUCE_LINUX || JUCE_ANDROID || JUCE_BSD
      |                                   ^
In file included from /Users/larryseyer/AudioDevelopment/OTTO/Source/UI/Themes/ThemePresets.cpp:1:
In file included from /Users/larryseyer/AudioDevelopment/OTTO/Source/UI/Themes/ThemePresets.h:4:
In file included from /Users/larryseyer/AudioDevelopment/OTTO/Builds/MacOSX/CMake-Release/OTTO_artefacts/JuceLibraryCode/JuceHeader.h:14:
In file included from /Users/larryseyer/AudioDevelopment/OTTO/JUCE/modules/juce_audio_plugin_client/juce_audio_plugin_client.h:63:
In file included from /Users/larryseyer/AudioDevelopment/OTTO/JUCE/modules/juce_gui_basics/juce_gui_basics.h:68:
In file included from /Users/larryseyer/AudioDevelopment/OTTO/JUCE/modules/juce_graphics/juce_graphics.h:67:
/Users/larryseyer/AudioDevelopment/OTTO/JUCE/modules/juce_core/juce_core.h:115:5: warning: 'JUCE_DEBUG' is not defined, evaluates to 0 [-Wundef]
  115 | #if JUCE_DEBUG && ! defined (JUCE_CHECK_MEMORY_LEAKS)
      |     ^
/Users/larryseyer/AudioDevelopment/OTTO/JUCE/modules/juce_core/juce_core.h:207:5: warning: 'JUCE_CORE_INCLUDE_NATIVE_HEADERS' is not defined, evaluates to 0 [-Wundef]
  207 | #if JUCE_CORE_INCLUDE_NATIVE_HEADERS
      |     ^
/Users/larryseyer/AudioDevelopment/OTTO/JUCE/modules/juce_core/juce_core.h:211:5: warning: 'JUCE_WINDOWS' is not defined, evaluates to 0 [-Wundef]
  211 | #if JUCE_WINDOWS
      |     ^
In file included from /Users/larryseyer/AudioDevelopment/OTTO/Source/UI/Themes/ThemePresets.cpp:1:
In file included from /Users/larryseyer/AudioDevelopment/OTTO/Source/UI/Themes/ThemePresets.h:4:
In file included from /Users/larryseyer/AudioDevelopment/OTTO/Builds/MacOSX/CMake-Release/OTTO_artefacts/JuceLibraryCode/JuceHeader.h:14:
In file included from /Users/larryseyer/AudioDevelopment/OTTO/JUCE/modules/juce_audio_plugin_client/juce_audio_plugin_client.h:63:
In file included from /Users/larryseyer/AudioDevelopment/OTTO/JUCE/modules/juce_gui_basics/juce_gui_basics.h:68:
In file included from /Users/larryseyer/AudioDevelopment/OTTO/JUCE/modules/juce_graphics/juce_graphics.h:67:
In file included from /Users/larryseyer/AudioDevelopment/OTTO/JUCE/modules/juce_core/juce_core.h:215:
/Users/larryseyer/AudioDevelopment/OTTO/JUCE/modules/juce_core/system/juce_StandardHeader.h:56:7: warning: 'DOXYGEN' is not defined, evaluates to 0 [-Wundef]
   56 | #if ! DOXYGEN
      |       ^
In file included from /Users/larryseyer/AudioDevelopment/OTTO/Source/UI/Themes/ThemePresets.cpp:1:
In file included from /Users/larryseyer/AudioDevelopment/OTTO/Source/UI/Themes/ThemePresets.h:4:
In file included from /Users/larryseyer/AudioDevelopment/OTTO/Builds/MacOSX/CMake-Release/OTTO_artefacts/JuceLibraryCode/JuceHeader.h:14:
In file included from /Users/larryseyer/AudioDevelopment/OTTO/JUCE/modules/juce_audio_plugin_client/juce_audio_plugin_client.h:63:
In file included from /Users/larryseyer/AudioDevelopment/OTTO/JUCE/modules/juce_gui_basics/juce_gui_basics.h:68:
In file included from /Users/larryseyer/AudioDevelopment/OTTO/JUCE/modules/juce_graphics/juce_graphics.h:67:
In file included from /Users/larryseyer/AudioDevelopment/OTTO/JUCE/modules/juce_core/juce_core.h:215:
In file included from /Users/larryseyer/AudioDevelopment/OTTO/JUCE/modules/juce_core/system/juce_StandardHeader.h:93:
/Users/larryseyer/AudioDevelopment/OTTO/JUCE/modules/juce_core/system/juce_CompilerSupport.h:43:5: warning: 'JUCE_GCC' is not defined, evaluates to 0 [-Wundef]
   43 | #if JUCE_GCC
      |     ^
/Users/larryseyer/AudioDevelopment/OTTO/JUCE/modules/juce_core/system/juce_CompilerSupport.h:94:5: warning: 'JUCE_MSVC' is not defined, evaluates to 0 [-Wundef]
   94 | #if JUCE_MSVC
      |     ^
In file included from /Users/larryseyer/AudioDevelopment/OTTO/Source/UI/Themes/ThemePresets.cpp:1:
In file included from /Users/larryseyer/AudioDevelopment/OTTO/Source/UI/Themes/ThemePresets.h:4:
In file included from /Users/larryseyer/AudioDevelopment/OTTO/Builds/MacOSX/CMake-Release/OTTO_artefacts/JuceLibraryCode/JuceHeader.h:14:
In file included from /Users/larryseyer/AudioDevelopment/OTTO/JUCE/modules/juce_audio_plugin_client/juce_audio_plugin_client.h:63:
In file included from /Users/larryseyer/AudioDevelopment/OTTO/JUCE/modules/juce_gui_basics/juce_gui_basics.h:68:
In file included from /Users/larryseyer/AudioDevelopment/OTTO/JUCE/modules/juce_graphics/juce_graphics.h:67:
In file included from /Users/larryseyer/AudioDevelopment/OTTO/JUCE/modules/juce_core/juce_core.h:215:
In file included from /Users/larryseyer/AudioDevelopment/OTTO/JUCE/modules/juce_core/system/juce_StandardHeader.h:94:
/Users/larryseyer/AudioDevelopment/OTTO/JUCE/modules/juce_core/system/juce_CompilerWarnings.h:221:5: warning: 'JUCE_MSVC' is not defined, evaluates to 0 [-Wundef]
  221 | #if JUCE_MSVC
      |     ^
In file included from /Users/larryseyer/AudioDevelopment/OTTO/Source/UI/Themes/ThemePresets.cpp:1:
In file included from /Users/larryseyer/AudioDevelopment/OTTO/Source/UI/Themes/ThemePresets.h:4:
In file included from /Users/larryseyer/AudioDevelopment/OTTO/Builds/MacOSX/CMake-Release/OTTO_artefacts/JuceLibraryCode/JuceHeader.h:14:
In file included from /Users/larryseyer/AudioDevelopment/OTTO/JUCE/modules/juce_audio_plugin_client/juce_audio_plugin_client.h:63:
In file included from /Users/larryseyer/AudioDevelopment/OTTO/JUCE/modules/juce_gui_basics/juce_gui_basics.h:68:
In file included from /Users/larryseyer/AudioDevelopment/OTTO/JUCE/modules/juce_graphics/juce_graphics.h:67:
In file included from /Users/larryseyer/AudioDevelopment/OTTO/JUCE/modules/juce_core/juce_core.h:215:
In file included from /Users/larryseyer/AudioDevelopment/OTTO/JUCE/modules/juce_core/system/juce_StandardHeader.h:95:
/Users/larryseyer/AudioDevelopment/OTTO/JUCE/modules/juce_core/system/juce_PlatformDefs.h:54:5: warning: 'JUCE_WINDOWS' is not defined, evaluates to 0 [-Wundef]
   54 | #if JUCE_WINDOWS
      |     ^
/Users/larryseyer/AudioDevelopment/OTTO/JUCE/modules/juce_core/system/juce_PlatformDefs.h:66:29: warning: 'JUCE_DEBUG' is not defined, evaluates to 0 [-Wundef]
   66 |  #if JUCE_LOG_ASSERTIONS || JUCE_DEBUG
      |                             ^
/Users/larryseyer/AudioDevelopment/OTTO/JUCE/modules/juce_core/system/juce_PlatformDefs.h:74:5: warning: 'JUCE_IOS' is not defined, evaluates to 0 [-Wundef]
   74 | #if JUCE_IOS || JUCE_LINUX || JUCE_BSD
      |     ^
/Users/larryseyer/AudioDevelopment/OTTO/JUCE/modules/juce_core/system/juce_PlatformDefs.h:74:17: warning: 'JUCE_LINUX' is not defined, evaluates to 0 [-Wundef]
   74 | #if JUCE_IOS || JUCE_LINUX || JUCE_BSD
      |                 ^
/Users/larryseyer/AudioDevelopment/OTTO/JUCE/modules/juce_core/system/juce_PlatformDefs.h:74:31: warning: 'JUCE_BSD' is not defined, evaluates to 0 [-Wundef]
   74 | #if JUCE_IOS || JUCE_LINUX || JUCE_BSD
      |                               ^
/Users/larryseyer/AudioDevelopment/OTTO/JUCE/modules/juce_core/system/juce_PlatformDefs.h:81:7: warning: 'JUCE_MSVC' is not defined, evaluates to 0 [-Wundef]
   81 | #elif JUCE_MSVC
      |       ^
/Users/larryseyer/AudioDevelopment/OTTO/JUCE/modules/juce_core/system/juce_PlatformDefs.h:86:7: warning: 'JUCE_INTEL' is not defined, evaluates to 0 [-Wundef]
   86 | #elif JUCE_INTEL && (JUCE_GCC || JUCE_CLANG || JUCE_MAC)
      |       ^
/Users/larryseyer/AudioDevelopment/OTTO/JUCE/modules/juce_core/system/juce_PlatformDefs.h:132:5: warning: 'JUCE_MSVC' is not defined, evaluates to 0 [-Wundef]
  132 | #if JUCE_MSVC && ! defined (DOXYGEN)
      |     ^
/Users/larryseyer/AudioDevelopment/OTTO/JUCE/modules/juce_core/system/juce_PlatformDefs.h:146:6: warning: 'JUCE_DEBUG' is not defined, evaluates to 0 [-Wundef]
  146 | #if (JUCE_DEBUG && ! JUCE_DISABLE_ASSERTIONS) || DOXYGEN
      |      ^
/Users/larryseyer/AudioDevelopment/OTTO/JUCE/modules/juce_core/system/juce_PlatformDefs.h:146:50: warning: 'DOXYGEN' is not defined, evaluates to 0 [-Wundef]
  146 | #if (JUCE_DEBUG && ! JUCE_DISABLE_ASSERTIONS) || DOXYGEN
      |                                                  ^
/Users/larryseyer/AudioDevelopment/OTTO/JUCE/modules/juce_core/system/juce_PlatformDefs.h:272:5: warning: 'JUCE_MSVC' is not defined, evaluates to 0 [-Wundef]
  272 | #if JUCE_MSVC && ! defined (DOXYGEN)
      |     ^
/Users/larryseyer/AudioDevelopment/OTTO/JUCE/modules/juce_core/system/juce_PlatformDefs.h:291:5: warning: 'JUCE_DEBUG' is not defined, evaluates to 0 [-Wundef]
  291 | #if JUCE_DEBUG || DOXYGEN
      |     ^
/Users/larryseyer/AudioDevelopment/OTTO/JUCE/modules/juce_core/system/juce_PlatformDefs.h:291:19: warning: 'DOXYGEN' is not defined, evaluates to 0 [-Wundef]
  291 | #if JUCE_DEBUG || DOXYGEN
      |                   ^
/Users/larryseyer/AudioDevelopment/OTTO/JUCE/modules/juce_core/system/juce_PlatformDefs.h:299:7: warning: 'JUCE_MSVC' is not defined, evaluates to 0 [-Wundef]
  299 |   #if JUCE_MSVC
      |       ^
/Users/larryseyer/AudioDevelopment/OTTO/JUCE/modules/juce_core/system/juce_PlatformDefs.h:306:5: warning: 'JUCE_MSVC' is not defined, evaluates to 0 [-Wundef]
  306 | #if JUCE_MSVC || DOXYGEN
      |     ^
/Users/larryseyer/AudioDevelopment/OTTO/JUCE/modules/juce_core/system/juce_PlatformDefs.h:306:18: warning: 'DOXYGEN' is not defined, evaluates to 0 [-Wundef]
  306 | #if JUCE_MSVC || DOXYGEN
      |                  ^
/Users/larryseyer/AudioDevelopment/OTTO/JUCE/modules/juce_core/system/juce_PlatformDefs.h:315:5: warning: 'JUCE_ANDROID' is not defined, evaluates to 0 [-Wundef]
  315 | #if JUCE_ANDROID && ! defined (DOXYGEN)
      |     ^
/Users/larryseyer/AudioDevelopment/OTTO/JUCE/modules/juce_core/system/juce_PlatformDefs.h:324:5: warning: 'JUCE_GCC' is not defined, evaluates to 0 [-Wundef]
  324 | #if JUCE_GCC || JUCE_CLANG
      |     ^
/Users/larryseyer/AudioDevelopment/OTTO/JUCE/modules/juce_core/system/juce_PlatformDefs.h:331:5: warning: 'JUCE_GCC' is not defined, evaluates to 0 [-Wundef]
  331 | #if JUCE_GCC || DOXYGEN
      |     ^
/Users/larryseyer/AudioDevelopment/OTTO/JUCE/modules/juce_core/system/juce_PlatformDefs.h:331:17: warning: 'DOXYGEN' is not defined, evaluates to 0 [-Wundef]
  331 | #if JUCE_GCC || DOXYGEN
      |                 ^
In file included from /Users/larryseyer/AudioDevelopment/OTTO/Source/UI/Themes/ThemePresets.cpp:1:
In file included from /Users/larryseyer/AudioDevelopment/OTTO/Source/UI/Themes/ThemePresets.h:4:
In file included from /Users/larryseyer/AudioDevelopment/OTTO/Builds/MacOSX/CMake-Release/OTTO_artefacts/JuceLibraryCode/JuceHeader.h:14:
In file included from /Users/larryseyer/AudioDevelopment/OTTO/JUCE/modules/juce_audio_plugin_client/juce_audio_plugin_client.h:63:
In file included from /Users/larryseyer/AudioDevelopment/OTTO/JUCE/modules/juce_gui_basics/juce_gui_basics.h:68:
In file included from /Users/larryseyer/AudioDevelopment/OTTO/JUCE/modules/juce_graphics/juce_graphics.h:67:
In file included from /Users/larryseyer/AudioDevelopment/OTTO/JUCE/modules/juce_core/juce_core.h:215:
/Users/larryseyer/AudioDevelopment/OTTO/JUCE/modules/juce_core/system/juce_StandardHeader.h:101:5: warning: 'JUCE_MSVC' is not defined, evaluates to 0 [-Wundef]
  101 | #if JUCE_MSVC
      |     ^
/Users/larryseyer/AudioDevelopment/OTTO/JUCE/modules/juce_core/system/juce_StandardHeader.h:113:5: warning: 'JUCE_LINUX' is not defined, evaluates to 0 [-Wundef]
  113 | #if JUCE_LINUX || JUCE_BSD
      |     ^
/Users/larryseyer/AudioDevelopment/OTTO/JUCE/modules/juce_core/system/juce_StandardHeader.h:113:19: warning: 'JUCE_BSD' is not defined, evaluates to 0 [-Wundef]
  113 | #if JUCE_LINUX || JUCE_BSD
      |                   ^
/Users/larryseyer/AudioDevelopment/OTTO/JUCE/modules/juce_core/system/juce_StandardHeader.h:126:5: warning: 'JUCE_MSVC' is not defined, evaluates to 0 [-Wundef]
  126 | #if JUCE_MSVC && JUCE_DEBUG
      |     ^
/Users/larryseyer/AudioDevelopment/OTTO/JUCE/modules/juce_core/system/juce_StandardHeader.h:132:5: warning: 'JUCE_ANDROID' is not defined, evaluates to 0 [-Wundef]
  132 | #if JUCE_ANDROID
      |     ^
/Users/larryseyer/AudioDevelopment/OTTO/JUCE/modules/juce_core/system/juce_StandardHeader.h:147:5: warning: 'JUCE_MSVC' is not defined, evaluates to 0 [-Wundef]
  147 | #if JUCE_MSVC
      |     ^
/Users/larryseyer/AudioDevelopment/OTTO/JUCE/modules/juce_core/system/juce_StandardHeader.h:167:5: warning: 'JUCE_MSVC' is not defined, evaluates to 0 [-Wundef]
  167 | #if JUCE_MSVC && JUCE_DLL_BUILD
      |     ^
In file included from /Users/larryseyer/AudioDevelopment/OTTO/Source/UI/Themes/ThemePresets.cpp:1:
In file included from /Users/larryseyer/AudioDevelopment/OTTO/Source/UI/Themes/ThemePresets.h:4:
In file included from /Users/larryseyer/AudioDevelopment/OTTO/Builds/MacOSX/CMake-Release/OTTO_artefacts/JuceLibraryCode/JuceHeader.h:14:
In file included from /Users/larryseyer/AudioDevelopment/OTTO/JUCE/modules/juce_audio_plugin_client/juce_audio_plugin_client.h:63:
In file included from /Users/larryseyer/AudioDevelopment/OTTO/JUCE/modules/juce_gui_basics/juce_gui_basics.h:68:
In file included from /Users/larryseyer/AudioDevelopment/OTTO/JUCE/modules/juce_graphics/juce_graphics.h:67:
In file included from /Users/larryseyer/AudioDevelopment/OTTO/JUCE/modules/juce_core/juce_core.h:239:
/Users/larryseyer/AudioDevelopment/OTTO/JUCE/modules/juce_core/memory/juce_Memory.h:165:59: warning: 'DOXYGEN' is not defined, evaluates to 0 [-Wundef]
  165 | #if (JUCE_COMPILER_SUPPORTS_ARC && defined (__OBJC__)) || DOXYGEN
      |                                                           ^
/Users/larryseyer/AudioDevelopment/OTTO/JUCE/modules/juce_core/memory/juce_Memory.h:181:5: warning: 'JUCE_MSVC' is not defined, evaluates to 0 [-Wundef]
  181 | #if JUCE_MSVC && (defined (JUCE_DLL) || defined (JUCE_DLL_BUILD)) && ! (JUCE_DISABLE_DLL_ALLOCATORS || DOXYGEN)
      |     ^
In file included from /Users/larryseyer/AudioDevelopment/OTTO/Source/UI/Themes/ThemePresets.cpp:1:
In file included from /Users/larryseyer/AudioDevelopment/OTTO/Source/UI/Themes/ThemePresets.h:4:
In file included from /Users/larryseyer/AudioDevelopment/OTTO/Builds/MacOSX/CMake-Release/OTTO_artefacts/JuceLibraryCode/JuceHeader.h:14:
In file included from /Users/larryseyer/AudioDevelopment/OTTO/JUCE/modules/juce_audio_plugin_client/juce_audio_plugin_client.h:63:
In file included from /Users/larryseyer/AudioDevelopment/OTTO/JUCE/modules/juce_gui_basics/juce_gui_basics.h:68:
In file included from /Users/larryseyer/AudioDevelopment/OTTO/JUCE/modules/juce_graphics/juce_graphics.h:67:
In file included from /Users/larryseyer/AudioDevelopment/OTTO/JUCE/modules/juce_core/juce_core.h:240:
/Users/larryseyer/AudioDevelopment/OTTO/JUCE/modules/juce_core/maths/juce_MathsFunctions.h:59:5: warning: 'JUCE_MSVC' is not defined, evaluates to 0 [-Wundef]
   59 | #if JUCE_MSVC
      |     ^
/Users/larryseyer/AudioDevelopment/OTTO/JUCE/modules/juce_core/maths/juce_MathsFunctions.h:97:5: warning: 'JUCE_WINDOWS' is not defined, evaluates to 0 [-Wundef]
   97 | #if JUCE_WINDOWS
      |     ^
/Users/larryseyer/AudioDevelopment/OTTO/JUCE/modules/juce_core/maths/juce_MathsFunctions.h:125:8: warning: 'JUCE_MSVC' is not defined, evaluates to 0 [-Wundef]
  125 |    #if JUCE_MSVC
      |        ^
/Users/larryseyer/AudioDevelopment/OTTO/JUCE/modules/juce_core/maths/juce_MathsFunctions.h:136:8: warning: 'JUCE_MSVC' is not defined, evaluates to 0 [-Wundef]
  136 |    #if JUCE_MSVC
      |        ^
/Users/larryseyer/AudioDevelopment/OTTO/JUCE/modules/juce_core/maths/juce_MathsFunctions.h:579:5: warning: 'JUCE_MSVC' is not defined, evaluates to 0 [-Wundef]
  579 | #if JUCE_MSVC
      |     ^
/Users/larryseyer/AudioDevelopment/OTTO/JUCE/modules/juce_core/maths/juce_MathsFunctions.h:606:8: warning: 'JUCE_BIG_ENDIAN' is not defined, evaluates to 0 [-Wundef]
  606 |    #if JUCE_BIG_ENDIAN
      |        ^
/Users/larryseyer/AudioDevelopment/OTTO/JUCE/modules/juce_core/maths/juce_MathsFunctions.h:618:5: warning: 'JUCE_MSVC' is not defined, evaluates to 0 [-Wundef]
  618 | #if JUCE_MSVC
      |     ^
/Users/larryseyer/AudioDevelopment/OTTO/JUCE/modules/juce_core/maths/juce_MathsFunctions.h:738:5: warning: 'JUCE_INTEL' is not defined, evaluates to 0 [-Wundef]
  738 | #if JUCE_INTEL || DOXYGEN
      |     ^
/Users/larryseyer/AudioDevelopment/OTTO/JUCE/modules/juce_core/maths/juce_MathsFunctions.h:738:19: warning: 'DOXYGEN' is not defined, evaluates to 0 [-Wundef]
  738 | #if JUCE_INTEL || DOXYGEN
      |                   ^
In file included from /Users/larryseyer/AudioDevelopment/OTTO/Source/UI/Themes/ThemePresets.cpp:1:
In file included from /Users/larryseyer/AudioDevelopment/OTTO/Source/UI/Themes/ThemePresets.h:4:
In file included from /Users/larryseyer/AudioDevelopment/OTTO/Builds/MacOSX/CMake-Release/OTTO_artefacts/JuceLibraryCode/JuceHeader.h:14:
In file included from /Users/larryseyer/AudioDevelopment/OTTO/JUCE/modules/juce_audio_plugin_client/juce_audio_plugin_client.h:63:
In file included from /Users/larryseyer/AudioDevelopment/OTTO/JUCE/modules/juce_gui_basics/juce_gui_basics.h:68:
In file included from /Users/larryseyer/AudioDevelopment/OTTO/JUCE/modules/juce_graphics/juce_graphics.h:67:
In file included from /Users/larryseyer/AudioDevelopment/OTTO/JUCE/modules/juce_core/juce_core.h:241:
/Users/larryseyer/AudioDevelopment/OTTO/JUCE/modules/juce_core/memory/juce_ByteOrder.h:162:5: warning: 'JUCE_MSVC' is not defined, evaluates to 0 [-Wundef]
  162 | #if JUCE_MSVC && ! defined (__INTEL_COMPILER)
      |     ^
In file included from /Users/larryseyer/AudioDevelopment/OTTO/Source/UI/Themes/ThemePresets.cpp:1:
In file included from /Users/larryseyer/AudioDevelopment/OTTO/Source/UI/Themes/ThemePresets.h:4:
In file included from /Users/larryseyer/AudioDevelopment/OTTO/Builds/MacOSX/CMake-Release/OTTO_artefacts/JuceLibraryCode/JuceHeader.h:14:
In file included from /Users/larryseyer/AudioDevelopment/OTTO/JUCE/modules/juce_audio_plugin_client/juce_audio_plugin_client.h:63:
In file included from /Users/larryseyer/AudioDevelopment/OTTO/JUCE/modules/juce_gui_basics/juce_gui_basics.h:68:
In file included from /Users/larryseyer/AudioDevelopment/OTTO/JUCE/modules/juce_graphics/juce_graphics.h:67:
In file included from /Users/larryseyer/AudioDevelopment/OTTO/JUCE/modules/juce_core/juce_core.h:243:
/Users/larryseyer/AudioDevelopment/OTTO/JUCE/modules/juce_core/text/juce_CharacterFunctions.h:39:5: warning: 'JUCE_WINDOWS' is not defined, evaluates to 0 [-Wundef]
   39 | #if JUCE_WINDOWS && ! defined (DOXYGEN)
      |     ^
/Users/larryseyer/AudioDevelopment/OTTO/JUCE/modules/juce_core/text/juce_CharacterFunctions.h:64:5: warning: 'JUCE_DEFINE_T_MACRO' is not defined, evaluates to 0 [-Wundef]
   64 | #if JUCE_DEFINE_T_MACRO
      |     ^
/Users/larryseyer/AudioDevelopment/OTTO/JUCE/modules/juce_core/text/juce_CharacterFunctions.h:406:12: warning: 'JUCE_WINDOWS' is not defined, evaluates to 0 [-Wundef]
  406 |        #if JUCE_WINDOWS
      |            ^
/Users/larryseyer/AudioDevelopment/OTTO/JUCE/modules/juce_core/text/juce_CharacterFunctions.h:411:13: warning: 'JUCE_ANDROID' is not defined, evaluates to 0 [-Wundef]
  411 |         #if JUCE_ANDROID
      |             ^
In file included from /Users/larryseyer/AudioDevelopment/OTTO/Source/UI/Themes/ThemePresets.cpp:1:
In file included from /Users/larryseyer/AudioDevelopment/OTTO/Source/UI/Themes/ThemePresets.h:4:
In file included from /Users/larryseyer/AudioDevelopment/OTTO/Builds/MacOSX/CMake-Release/OTTO_artefacts/JuceLibraryCode/JuceHeader.h:14:
In file included from /Users/larryseyer/AudioDevelopment/OTTO/JUCE/modules/juce_audio_plugin_client/juce_audio_plugin_client.h:63:
In file included from /Users/larryseyer/AudioDevelopment/OTTO/JUCE/modules/juce_gui_basics/juce_gui_basics.h:68:
In file included from /Users/larryseyer/AudioDevelopment/OTTO/JUCE/modules/juce_graphics/juce_graphics.h:67:
In file included from /Users/larryseyer/AudioDevelopment/OTTO/JUCE/modules/juce_core/juce_core.h:247:
/Users/larryseyer/AudioDevelopment/OTTO/JUCE/modules/juce_core/text/juce_CharPointer_UTF8.h:481:12: warning: 'JUCE_WINDOWS' is not defined, evaluates to 0 [-Wundef]
  481 |        #if JUCE_WINDOWS
      |            ^
In file included from /Users/larryseyer/AudioDevelopment/OTTO/Source/UI/Themes/ThemePresets.cpp:1:
In file included from /Users/larryseyer/AudioDevelopment/OTTO/Source/UI/Themes/ThemePresets.h:4:
In file included from /Users/larryseyer/AudioDevelopment/OTTO/Builds/MacOSX/CMake-Release/OTTO_artefacts/JuceLibraryCode/JuceHeader.h:14:
In file included from /Users/larryseyer/AudioDevelopment/OTTO/JUCE/modules/juce_audio_plugin_client/juce_audio_plugin_client.h:63:
In file included from /Users/larryseyer/AudioDevelopment/OTTO/JUCE/modules/juce_gui_basics/juce_gui_basics.h:68:
In file included from /Users/larryseyer/AudioDevelopment/OTTO/JUCE/modules/juce_graphics/juce_graphics.h:67:
In file included from /Users/larryseyer/AudioDevelopment/OTTO/JUCE/modules/juce_core/juce_core.h:248:
/Users/larryseyer/AudioDevelopment/OTTO/JUCE/modules/juce_core/text/juce_CharPointer_UTF16.h:353:8: warning: 'JUCE_MSVC' is not defined, evaluates to 0 [-Wundef]
  353 |    #if JUCE_MSVC && ! defined (DOXYGEN)
      |        ^
/Users/larryseyer/AudioDevelopment/OTTO/JUCE/modules/juce_core/text/juce_CharPointer_UTF16.h:412:12: warning: 'JUCE_MSVC' is not defined, evaluates to 0 [-Wundef]
  412 |        #if JUCE_MSVC
      |            ^
/Users/larryseyer/AudioDevelopment/OTTO/JUCE/modules/juce_core/text/juce_CharPointer_UTF16.h:422:12: warning: 'JUCE_MSVC' is not defined, evaluates to 0 [-Wundef]
  422 |        #if JUCE_MSVC
      |            ^
In file included from /Users/larryseyer/AudioDevelopment/OTTO/Source/UI/Themes/ThemePresets.cpp:1:
In file included from /Users/larryseyer/AudioDevelopment/OTTO/Source/UI/Themes/ThemePresets.h:4:
In file included from /Users/larryseyer/AudioDevelopment/OTTO/Builds/MacOSX/CMake-Release/OTTO_artefacts/JuceLibraryCode/JuceHeader.h:14:
In file included from /Users/larryseyer/AudioDevelopment/OTTO/JUCE/modules/juce_audio_plugin_client/juce_audio_plugin_client.h:63:
In file included from /Users/larryseyer/AudioDevelopment/OTTO/JUCE/modules/juce_gui_basics/juce_gui_basics.h:68:
In file included from /Users/larryseyer/AudioDevelopment/OTTO/JUCE/modules/juce_graphics/juce_graphics.h:67:
In file included from /Users/larryseyer/AudioDevelopment/OTTO/JUCE/modules/juce_core/juce_core.h:249:
/Users/larryseyer/AudioDevelopment/OTTO/JUCE/modules/juce_core/text/juce_CharPointer_UTF32.h:166:44: warning: 'JUCE_ANDROID' is not defined, evaluates to 0 [-Wundef]
  166 |        #if JUCE_NATIVE_WCHAR_IS_UTF32 && ! JUCE_ANDROID
      |                                            ^
/Users/larryseyer/AudioDevelopment/OTTO/JUCE/modules/juce_core/text/juce_CharPointer_UTF32.h:266:40: warning: 'JUCE_ANDROID' is not defined, evaluates to 0 [-Wundef]
  266 |    #if JUCE_NATIVE_WCHAR_IS_UTF32 && ! JUCE_ANDROID
      |                                        ^
In file included from /Users/larryseyer/AudioDevelopment/OTTO/Source/UI/Themes/ThemePresets.cpp:1:
In file included from /Users/larryseyer/AudioDevelopment/OTTO/Source/UI/Themes/ThemePresets.h:4:
In file included from /Users/larryseyer/AudioDevelopment/OTTO/Builds/MacOSX/CMake-Release/OTTO_artefacts/JuceLibraryCode/JuceHeader.h:14:
In file included from /Users/larryseyer/AudioDevelopment/OTTO/JUCE/modules/juce_audio_plugin_client/juce_audio_plugin_client.h:63:
In file included from /Users/larryseyer/AudioDevelopment/OTTO/JUCE/modules/juce_gui_basics/juce_gui_basics.h:68:
In file included from /Users/larryseyer/AudioDevelopment/OTTO/JUCE/modules/juce_graphics/juce_graphics.h:67:
In file included from /Users/larryseyer/AudioDevelopment/OTTO/JUCE/modules/juce_core/juce_core.h:250:
/Users/larryseyer/AudioDevelopment/OTTO/JUCE/modules/juce_core/text/juce_CharPointer_ASCII.h:278:12: warning: 'JUCE_WINDOWS' is not defined, evaluates to 0 [-Wundef]
  278 |        #if JUCE_WINDOWS && JUCE_CLANG
      |            ^
/Users/larryseyer/AudioDevelopment/OTTO/JUCE/modules/juce_core/text/juce_CharPointer_ASCII.h:280:14: warning: 'JUCE_WINDOWS' is not defined, evaluates to 0 [-Wundef]
  280 |        #elif JUCE_WINDOWS
      |              ^
/Users/larryseyer/AudioDevelopment/OTTO/JUCE/modules/juce_core/text/juce_CharPointer_ASCII.h:348:12: warning: 'JUCE_LINUX' is not defined, evaluates to 0 [-Wundef]
  348 |        #if JUCE_LINUX || JUCE_BSD || JUCE_ANDROID
      |            ^
/Users/larryseyer/AudioDevelopment/OTTO/JUCE/modules/juce_core/text/juce_CharPointer_ASCII.h:348:26: warning: 'JUCE_BSD' is not defined, evaluates to 0 [-Wundef]
  348 |        #if JUCE_LINUX || JUCE_BSD || JUCE_ANDROID
      |                          ^
/Users/larryseyer/AudioDevelopment/OTTO/JUCE/modules/juce_core/text/juce_CharPointer_ASCII.h:348:38: warning: 'JUCE_ANDROID' is not defined, evaluates to 0 [-Wundef]
  348 |        #if JUCE_LINUX || JUCE_BSD || JUCE_ANDROID
      |                                      ^
/Users/larryseyer/AudioDevelopment/OTTO/JUCE/modules/juce_core/text/juce_CharPointer_ASCII.h:350:14: warning: 'JUCE_WINDOWS' is not defined, evaluates to 0 [-Wundef]
  350 |        #elif JUCE_WINDOWS
      |              ^
In file included from /Users/larryseyer/AudioDevelopment/OTTO/Source/UI/Themes/ThemePresets.cpp:1:
In file included from /Users/larryseyer/AudioDevelopment/OTTO/Source/UI/Themes/ThemePresets.h:4:
In file included from /Users/larryseyer/AudioDevelopment/OTTO/Builds/MacOSX/CMake-Release/OTTO_artefacts/JuceLibraryCode/JuceHeader.h:14:
In file included from /Users/larryseyer/AudioDevelopment/OTTO/JUCE/modules/juce_audio_plugin_client/juce_audio_plugin_client.h:63:
In file included from /Users/larryseyer/AudioDevelopment/OTTO/JUCE/modules/juce_gui_basics/juce_gui_basics.h:68:
In file included from /Users/larryseyer/AudioDevelopment/OTTO/JUCE/modules/juce_graphics/juce_graphics.h:67:
In file included from /Users/larryseyer/AudioDevelopment/OTTO/JUCE/modules/juce_core/juce_core.h:254:
/Users/larryseyer/AudioDevelopment/OTTO/JUCE/modules/juce_core/text/juce_String.h:198:11: warning: 'DOXYGEN' is not defined, evaluates to 0 [-Wundef]
  198 |    #elif (DOXYGEN || JUCE_STRING_UTF_TYPE == 8)
      |           ^
In file included from /Users/larryseyer/AudioDevelopment/OTTO/Source/UI/Themes/ThemePresets.cpp:1:
In file included from /Users/larryseyer/AudioDevelopment/OTTO/Source/UI/Themes/ThemePresets.h:4:
In file included from /Users/larryseyer/AudioDevelopment/OTTO/Builds/MacOSX/CMake-Release/OTTO_artefacts/JuceLibraryCode/JuceHeader.h:14:
In file included from /Users/larryseyer/AudioDevelopment/OTTO/JUCE/modules/juce_audio_plugin_client/juce_audio_plugin_client.h:63:
In file included from /Users/larryseyer/AudioDevelopment/OTTO/JUCE/modules/juce_gui_basics/juce_gui_basics.h:68:
In file included from /Users/larryseyer/AudioDevelopment/OTTO/JUCE/modules/juce_graphics/juce_graphics.h:67:
In file included from /Users/larryseyer/AudioDevelopment/OTTO/JUCE/modules/juce_core/juce_core.h:257:
/Users/larryseyer/AudioDevelopment/OTTO/JUCE/modules/juce_core/memory/juce_LeakedObjectDetector.h:124:5: warning: 'DOXYGEN' is not defined, evaluates to 0 [-Wundef]
  124 | #if DOXYGEN || ! defined (JUCE_LEAK_DETECTOR)
      |     ^
/Users/larryseyer/AudioDevelopment/OTTO/JUCE/modules/juce_core/memory/juce_LeakedObjectDetector.h:125:7: warning: 'DOXYGEN' is not defined, evaluates to 0 [-Wundef]
  125 |  #if (DOXYGEN || JUCE_CHECK_MEMORY_LEAKS)
      |       ^
In file included from /Users/larryseyer/AudioDevelopment/OTTO/Source/UI/Themes/ThemePresets.cpp:1:
In file included from /Users/larryseyer/AudioDevelopment/OTTO/Source/UI/Themes/ThemePresets.h:4:
In file included from /Users/larryseyer/AudioDevelopment/OTTO/Builds/MacOSX/CMake-Release/OTTO_artefacts/JuceLibraryCode/JuceHeader.h:14:
In file included from /Users/larryseyer/AudioDevelopment/OTTO/JUCE/modules/juce_audio_plugin_client/juce_audio_plugin_client.h:63:
In file included from /Users/larryseyer/AudioDevelopment/OTTO/JUCE/modules/juce_gui_basics/juce_gui_basics.h:68:
In file included from /Users/larryseyer/AudioDevelopment/OTTO/JUCE/modules/juce_graphics/juce_graphics.h:67:
In file included from /Users/larryseyer/AudioDevelopment/OTTO/JUCE/modules/juce_core/juce_core.h:259:
/Users/larryseyer/AudioDevelopment/OTTO/JUCE/modules/juce_core/memory/juce_HeapBlock.h:38:8: warning: 'DOXYGEN' is not defined, evaluates to 0 [-Wundef]
   38 | #if ! (DOXYGEN || JUCE_EXCEPTIONS_DISABLED)
      |        ^
/Users/larryseyer/AudioDevelopment/OTTO/JUCE/modules/juce_core/memory/juce_HeapBlock.h:38:19: warning: 'JUCE_EXCEPTIONS_DISABLED' is not defined, evaluates to 0 [-Wundef]
   38 | #if ! (DOXYGEN || JUCE_EXCEPTIONS_DISABLED)
      |                   ^
/Users/larryseyer/AudioDevelopment/OTTO/JUCE/modules/juce_core/memory/juce_HeapBlock.h:343:12: warning: 'JUCE_EXCEPTIONS_DISABLED' is not defined, evaluates to 0 [-Wundef]
  343 |        #if JUCE_EXCEPTIONS_DISABLED
      |            ^
In file included from /Users/larryseyer/AudioDevelopment/OTTO/Source/UI/Themes/ThemePresets.cpp:1:
In file included from /Users/larryseyer/AudioDevelopment/OTTO/Source/UI/Themes/ThemePresets.h:4:
In file included from /Users/larryseyer/AudioDevelopment/OTTO/Builds/MacOSX/CMake-Release/OTTO_artefacts/JuceLibraryCode/JuceHeader.h:14:
In file included from /Users/larryseyer/AudioDevelopment/OTTO/JUCE/modules/juce_audio_plugin_client/juce_audio_plugin_client.h:63:
In file included from /Users/larryseyer/AudioDevelopment/OTTO/JUCE/modules/juce_gui_basics/juce_gui_basics.h:68:
In file included from /Users/larryseyer/AudioDevelopment/OTTO/JUCE/modules/juce_graphics/juce_graphics.h:67:
In file included from /Users/larryseyer/AudioDevelopment/OTTO/JUCE/modules/juce_core/juce_core.h:263:
/Users/larryseyer/AudioDevelopment/OTTO/JUCE/modules/juce_core/memory/juce_ScopedPointer.h:151:10: warning: 'JUCE_MSVC' is not defined, evaluates to 0 [-Wundef]
  151 |    #if ! JUCE_MSVC  // (MSVC can't deal with multiple copy constructors)
      |          ^
In file included from /Users/larryseyer/AudioDevelopment/OTTO/Source/UI/Themes/ThemePresets.cpp:1:
In file included from /Users/larryseyer/AudioDevelopment/OTTO/Source/UI/Themes/ThemePresets.h:4:
In file included from /Users/larryseyer/AudioDevelopment/OTTO/Builds/MacOSX/CMake-Release/OTTO_artefacts/JuceLibraryCode/JuceHeader.h:14:
In file included from /Users/larryseyer/AudioDevelopment/OTTO/JUCE/modules/juce_audio_plugin_client/juce_audio_plugin_client.h:63:
In file included from /Users/larryseyer/AudioDevelopment/OTTO/JUCE/modules/juce_gui_basics/juce_gui_basics.h:68:
In file included from /Users/larryseyer/AudioDevelopment/OTTO/JUCE/modules/juce_graphics/juce_graphics.h:67:
In file included from /Users/larryseyer/AudioDevelopment/OTTO/JUCE/modules/juce_core/juce_core.h:271:
/Users/larryseyer/AudioDevelopment/OTTO/JUCE/modules/juce_core/threads/juce_CriticalSection.h:116:8: warning: 'JUCE_WINDOWS' is not defined, evaluates to 0 [-Wundef]
  116 |    #if JUCE_WINDOWS
      |        ^
In file included from /Users/larryseyer/AudioDevelopment/OTTO/Source/UI/Themes/ThemePresets.cpp:1:
In file included from /Users/larryseyer/AudioDevelopment/OTTO/Source/UI/Themes/ThemePresets.h:4:
In file included from /Users/larryseyer/AudioDevelopment/OTTO/Builds/MacOSX/CMake-Release/OTTO_artefacts/JuceLibraryCode/JuceHeader.h:14:
In file included from /Users/larryseyer/AudioDevelopment/OTTO/JUCE/modules/juce_audio_plugin_client/juce_audio_plugin_client.h:63:
In file included from /Users/larryseyer/AudioDevelopment/OTTO/JUCE/modules/juce_gui_basics/juce_gui_basics.h:68:
In file included from /Users/larryseyer/AudioDevelopment/OTTO/JUCE/modules/juce_graphics/juce_graphics.h:67:
In file included from /Users/larryseyer/AudioDevelopment/OTTO/JUCE/modules/juce_core/juce_core.h:293:
/Users/larryseyer/AudioDevelopment/OTTO/JUCE/modules/juce_core/memory/juce_HeavyweightLeakedObjectDetector.h:123:5: warning: 'DOXYGEN' is not defined, evaluates to 0 [-Wundef]
  123 | #if DOXYGEN || ! defined (JUCE_HEAVYWEIGHT_LEAK_DETECTOR)
      |     ^
/Users/larryseyer/AudioDevelopment/OTTO/JUCE/modules/juce_core/memory/juce_HeavyweightLeakedObjectDetector.h:124:7: warning: 'DOXYGEN' is not defined, evaluates to 0 [-Wundef]
  124 |  #if (DOXYGEN || JUCE_CHECK_MEMORY_LEAKS)
      |       ^
In file included from /Users/larryseyer/AudioDevelopment/OTTO/Source/UI/Themes/ThemePresets.cpp:1:
In file included from /Users/larryseyer/AudioDevelopment/OTTO/Source/UI/Themes/ThemePresets.h:4:
In file included from /Users/larryseyer/AudioDevelopment/OTTO/Builds/MacOSX/CMake-Release/OTTO_artefacts/JuceLibraryCode/JuceHeader.h:14:
In file included from /Users/larryseyer/AudioDevelopment/OTTO/JUCE/modules/juce_audio_plugin_client/juce_audio_plugin_client.h:63:
In file included from /Users/larryseyer/AudioDevelopment/OTTO/JUCE/modules/juce_gui_basics/juce_gui_basics.h:68:
In file included from /Users/larryseyer/AudioDevelopment/OTTO/JUCE/modules/juce_graphics/juce_graphics.h:67:
In file included from /Users/larryseyer/AudioDevelopment/OTTO/JUCE/modules/juce_core/juce_core.h:318:
/Users/larryseyer/AudioDevelopment/OTTO/JUCE/modules/juce_core/files/juce_File.h:38:7: warning: 'DOXYGEN' is not defined, evaluates to 0 [-Wundef]
   38 | #if ! DOXYGEN && (JUCE_MAC || JUCE_IOS)
      |       ^
/Users/larryseyer/AudioDevelopment/OTTO/JUCE/modules/juce_core/files/juce_File.h:970:12: warning: 'JUCE_WINDOWS' is not defined, evaluates to 0 [-Wundef]
  970 |        #if JUCE_WINDOWS || DOXYGEN
      |            ^
/Users/larryseyer/AudioDevelopment/OTTO/JUCE/modules/juce_core/files/juce_File.h:970:28: warning: 'DOXYGEN' is not defined, evaluates to 0 [-Wundef]
  970 |        #if JUCE_WINDOWS || DOXYGEN
      |                            ^
/Users/larryseyer/AudioDevelopment/OTTO/JUCE/modules/juce_core/files/juce_File.h:981:12: warning: 'JUCE_WINDOWS' is not defined, evaluates to 0 [-Wundef]
  981 |        #if JUCE_WINDOWS || DOXYGEN
      |            ^
/Users/larryseyer/AudioDevelopment/OTTO/JUCE/modules/juce_core/files/juce_File.h:981:28: warning: 'DOXYGEN' is not defined, evaluates to 0 [-Wundef]
  981 |        #if JUCE_WINDOWS || DOXYGEN
      |                            ^
/Users/larryseyer/AudioDevelopment/OTTO/JUCE/modules/juce_core/files/juce_File.h:1100:8: warning: 'JUCE_WINDOWS' is not defined, evaluates to 0 [-Wundef]
 1100 |    #if JUCE_WINDOWS || DOXYGEN
      |        ^
/Users/larryseyer/AudioDevelopment/OTTO/JUCE/modules/juce_core/files/juce_File.h:1100:24: warning: 'DOXYGEN' is not defined, evaluates to 0 [-Wundef]
 1100 |    #if JUCE_WINDOWS || DOXYGEN
      |                        ^
/Users/larryseyer/AudioDevelopment/OTTO/JUCE/modules/juce_core/files/juce_File.h:1146:16: warning: 'NAMES_ARE_CASE_SENSITIVE' is not defined, evaluates to 0 [-Wundef]
 1146 |            #if NAMES_ARE_CASE_SENSITIVE
      |                ^
In file included from /Users/larryseyer/AudioDevelopment/OTTO/Source/UI/Themes/ThemePresets.cpp:1:
In file included from /Users/larryseyer/AudioDevelopment/OTTO/Source/UI/Themes/ThemePresets.h:4:
In file included from /Users/larryseyer/AudioDevelopment/OTTO/Builds/MacOSX/CMake-Release/OTTO_artefacts/JuceLibraryCode/JuceHeader.h:14:
In file included from /Users/larryseyer/AudioDevelopment/OTTO/JUCE/modules/juce_audio_plugin_client/juce_audio_plugin_client.h:63:
In file included from /Users/larryseyer/AudioDevelopment/OTTO/JUCE/modules/juce_gui_basics/juce_gui_basics.h:68:
In file included from /Users/larryseyer/AudioDevelopment/OTTO/JUCE/modules/juce_graphics/juce_graphics.h:67:
In file included from /Users/larryseyer/AudioDevelopment/OTTO/JUCE/modules/juce_core/juce_core.h:321:
/Users/larryseyer/AudioDevelopment/OTTO/JUCE/modules/juce_core/detail/juce_NativeFileHandle.h:38:5: warning: 'JUCE_WINDOWS' is not defined, evaluates to 0 [-Wundef]
   38 | #if JUCE_WINDOWS
      |     ^
In file included from /Users/larryseyer/AudioDevelopment/OTTO/Source/UI/Themes/ThemePresets.cpp:1:
In file included from /Users/larryseyer/AudioDevelopment/OTTO/Source/UI/Themes/ThemePresets.h:4:
In file included from /Users/larryseyer/AudioDevelopment/OTTO/Builds/MacOSX/CMake-Release/OTTO_artefacts/JuceLibraryCode/JuceHeader.h:14:
In file included from /Users/larryseyer/AudioDevelopment/OTTO/JUCE/modules/juce_audio_plugin_client/juce_audio_plugin_client.h:63:
In file included from /Users/larryseyer/AudioDevelopment/OTTO/JUCE/modules/juce_gui_basics/juce_gui_basics.h:68:
In file included from /Users/larryseyer/AudioDevelopment/OTTO/JUCE/modules/juce_graphics/juce_graphics.h:67:
In file included from /Users/larryseyer/AudioDevelopment/OTTO/JUCE/modules/juce_core/juce_core.h:325:
/Users/larryseyer/AudioDevelopment/OTTO/JUCE/modules/juce_core/files/juce_MemoryMappedFile.h:116:8: warning: 'JUCE_WINDOWS' is not defined, evaluates to 0 [-Wundef]
  116 |    #if JUCE_WINDOWS
      |        ^
In file included from /Users/larryseyer/AudioDevelopment/OTTO/Source/UI/Themes/ThemePresets.cpp:1:
In file included from /Users/larryseyer/AudioDevelopment/OTTO/Source/UI/Themes/ThemePresets.h:4:
In file included from /Users/larryseyer/AudioDevelopment/OTTO/Builds/MacOSX/CMake-Release/OTTO_artefacts/JuceLibraryCode/JuceHeader.h:14:
In file included from /Users/larryseyer/AudioDevelopment/OTTO/JUCE/modules/juce_audio_plugin_client/juce_audio_plugin_client.h:63:
In file included from /Users/larryseyer/AudioDevelopment/OTTO/JUCE/modules/juce_gui_basics/juce_gui_basics.h:68:
In file included from /Users/larryseyer/AudioDevelopment/OTTO/JUCE/modules/juce_graphics/juce_graphics.h:67:
In file included from /Users/larryseyer/AudioDevelopment/OTTO/JUCE/modules/juce_core/juce_core.h:338:
/Users/larryseyer/AudioDevelopment/OTTO/JUCE/modules/juce_core/misc/juce_WindowsRegistry.h:38:5: warning: 'JUCE_WINDOWS' is not defined, evaluates to 0 [-Wundef]
   38 | #if JUCE_WINDOWS || DOXYGEN
      |     ^
/Users/larryseyer/AudioDevelopment/OTTO/JUCE/modules/juce_core/misc/juce_WindowsRegistry.h:38:21: warning: 'DOXYGEN' is not defined, evaluates to 0 [-Wundef]
   38 | #if JUCE_WINDOWS || DOXYGEN
      |                     ^
In file included from /Users/larryseyer/AudioDevelopment/OTTO/Source/UI/Themes/ThemePresets.cpp:1:
In file included from /Users/larryseyer/AudioDevelopment/OTTO/Source/UI/Themes/ThemePresets.h:4:
In file included from /Users/larryseyer/AudioDevelopment/OTTO/Builds/MacOSX/CMake-Release/OTTO_artefacts/JuceLibraryCode/JuceHeader.h:14:
In file included from /Users/larryseyer/AudioDevelopment/OTTO/JUCE/modules/juce_audio_plugin_client/juce_audio_plugin_client.h:63:
In file included from /Users/larryseyer/AudioDevelopment/OTTO/JUCE/modules/juce_gui_basics/juce_gui_basics.h:68:
In file included from /Users/larryseyer/AudioDevelopment/OTTO/JUCE/modules/juce_graphics/juce_graphics.h:67:
In file included from /Users/larryseyer/AudioDevelopment/OTTO/JUCE/modules/juce_core/juce_core.h:342:
/Users/larryseyer/AudioDevelopment/OTTO/JUCE/modules/juce_core/threads/juce_Process.h:122:8: warning: 'JUCE_WINDOWS' is not defined, evaluates to 0 [-Wundef]
  122 |    #if JUCE_WINDOWS || DOXYGEN
      |        ^
/Users/larryseyer/AudioDevelopment/OTTO/JUCE/modules/juce_core/threads/juce_Process.h:122:24: warning: 'DOXYGEN' is not defined, evaluates to 0 [-Wundef]
  122 |    #if JUCE_WINDOWS || DOXYGEN
      |                        ^
In file included from /Users/larryseyer/AudioDevelopment/OTTO/Source/UI/Themes/ThemePresets.cpp:1:
In file included from /Users/larryseyer/AudioDevelopment/OTTO/Source/UI/Themes/ThemePresets.h:4:
In file included from /Users/larryseyer/AudioDevelopment/OTTO/Builds/MacOSX/CMake-Release/OTTO_artefacts/JuceLibraryCode/JuceHeader.h:14:
In file included from /Users/larryseyer/AudioDevelopment/OTTO/JUCE/modules/juce_audio_plugin_client/juce_audio_plugin_client.h:63:
In file included from /Users/larryseyer/AudioDevelopment/OTTO/JUCE/modules/juce_gui_basics/juce_gui_basics.h:68:
In file included from /Users/larryseyer/AudioDevelopment/OTTO/JUCE/modules/juce_graphics/juce_graphics.h:67:
In file included from /Users/larryseyer/AudioDevelopment/OTTO/JUCE/modules/juce_core/juce_core.h:345:
/Users/larryseyer/AudioDevelopment/OTTO/JUCE/modules/juce_core/threads/juce_Thread.h:526:8: warning: 'JUCE_ANDROID' is not defined, evaluates to 0 [-Wundef]
  526 |    #if JUCE_ANDROID || DOXYGEN
      |        ^
/Users/larryseyer/AudioDevelopment/OTTO/JUCE/modules/juce_core/threads/juce_Thread.h:526:24: warning: 'DOXYGEN' is not defined, evaluates to 0 [-Wundef]
  526 |    #if JUCE_ANDROID || DOXYGEN
      |                        ^
/Users/larryseyer/AudioDevelopment/OTTO/JUCE/modules/juce_core/threads/juce_Thread.h:607:8: warning: 'JUCE_ANDROID' is not defined, evaluates to 0 [-Wundef]
  607 |    #if JUCE_ANDROID || JUCE_LINUX || JUCE_BSD
      |        ^
/Users/larryseyer/AudioDevelopment/OTTO/JUCE/modules/juce_core/threads/juce_Thread.h:607:24: warning: 'JUCE_LINUX' is not defined, evaluates to 0 [-Wundef]
  607 |    #if JUCE_ANDROID || JUCE_LINUX || JUCE_BSD
      |                        ^
/Users/larryseyer/AudioDevelopment/OTTO/JUCE/modules/juce_core/threads/juce_Thread.h:607:38: warning: 'JUCE_BSD' is not defined, evaluates to 0 [-Wundef]
  607 |    #if JUCE_ANDROID || JUCE_LINUX || JUCE_BSD
      |                                      ^
In file included from /Users/larryseyer/AudioDevelopment/OTTO/Source/UI/Themes/ThemePresets.cpp:1:
In file included from /Users/larryseyer/AudioDevelopment/OTTO/Source/UI/Themes/ThemePresets.h:4:
In file included from /Users/larryseyer/AudioDevelopment/OTTO/Builds/MacOSX/CMake-Release/OTTO_artefacts/JuceLibraryCode/JuceHeader.h:14:
In file included from /Users/larryseyer/AudioDevelopment/OTTO/JUCE/modules/juce_audio_plugin_client/juce_audio_plugin_client.h:63:
In file included from /Users/larryseyer/AudioDevelopment/OTTO/JUCE/modules/juce_gui_basics/juce_gui_basics.h:68:
In file included from /Users/larryseyer/AudioDevelopment/OTTO/JUCE/modules/juce_graphics/juce_graphics.h:67:
In file included from /Users/larryseyer/AudioDevelopment/OTTO/JUCE/modules/juce_core/juce_core.h:357:
/Users/larryseyer/AudioDevelopment/OTTO/JUCE/modules/juce_core/network/juce_URL.h:567:12: warning: 'JUCE_IOS' is not defined, evaluates to 0 [-Wundef]
  567 |        #if JUCE_IOS
      |            ^
/Users/larryseyer/AudioDevelopment/OTTO/JUCE/modules/juce_core/network/juce_URL.h:708:8: warning: 'JUCE_IOS' is not defined, evaluates to 0 [-Wundef]
  708 |    #if JUCE_IOS
      |        ^
In file included from /Users/larryseyer/AudioDevelopment/OTTO/Source/UI/Themes/ThemePresets.cpp:1:
In file included from /Users/larryseyer/AudioDevelopment/OTTO/Source/UI/Themes/ThemePresets.h:4:
In file included from /Users/larryseyer/AudioDevelopment/OTTO/Builds/MacOSX/CMake-Release/OTTO_artefacts/JuceLibraryCode/JuceHeader.h:14:
In file included from /Users/larryseyer/AudioDevelopment/OTTO/JUCE/modules/juce_audio_plugin_client/juce_audio_plugin_client.h:63:
In file included from /Users/larryseyer/AudioDevelopment/OTTO/JUCE/modules/juce_gui_basics/juce_gui_basics.h:68:
In file included from /Users/larryseyer/AudioDevelopment/OTTO/JUCE/modules/juce_graphics/juce_graphics.h:67:
In file included from /Users/larryseyer/AudioDevelopment/OTTO/JUCE/modules/juce_core/juce_core.h:366:
/Users/larryseyer/AudioDevelopment/OTTO/JUCE/modules/juce_core/zip/juce_ZipFile.h:280:8: warning: 'JUCE_DEBUG' is not defined, evaluates to 0 [-Wundef]
  280 |    #if JUCE_DEBUG
      |        ^
In file included from /Users/larryseyer/AudioDevelopment/OTTO/Source/UI/Themes/ThemePresets.cpp:1:
In file included from /Users/larryseyer/AudioDevelopment/OTTO/Source/UI/Themes/ThemePresets.h:4:
In file included from /Users/larryseyer/AudioDevelopment/OTTO/Builds/MacOSX/CMake-Release/OTTO_artefacts/JuceLibraryCode/JuceHeader.h:14:
In file included from /Users/larryseyer/AudioDevelopment/OTTO/JUCE/modules/juce_audio_plugin_client/juce_audio_plugin_client.h:63:
In file included from /Users/larryseyer/AudioDevelopment/OTTO/JUCE/modules/juce_gui_basics/juce_gui_basics.h:68:
In file included from /Users/larryseyer/AudioDevelopment/OTTO/JUCE/modules/juce_graphics/juce_graphics.h:67:
/Users/larryseyer/AudioDevelopment/OTTO/JUCE/modules/juce_core/juce_core.h:378:5: warning: 'JUCE_CORE_INCLUDE_OBJC_HELPERS' is not defined, evaluates to 0 [-Wundef]
  378 | #if JUCE_CORE_INCLUDE_OBJC_HELPERS && (JUCE_MAC || JUCE_IOS)
      |     ^
/Users/larryseyer/AudioDevelopment/OTTO/JUCE/modules/juce_core/juce_core.h:383:5: warning: 'JUCE_CORE_INCLUDE_COM_SMART_PTR' is not defined, evaluates to 0 [-Wundef]
  383 | #if JUCE_CORE_INCLUDE_COM_SMART_PTR && JUCE_WINDOWS
      |     ^
/Users/larryseyer/AudioDevelopment/OTTO/JUCE/modules/juce_core/juce_core.h:387:5: warning: 'JUCE_CORE_INCLUDE_JNI_HELPERS' is not defined, evaluates to 0 [-Wundef]
  387 | #if JUCE_CORE_INCLUDE_JNI_HELPERS && JUCE_ANDROID
      |     ^
/Users/larryseyer/AudioDevelopment/OTTO/JUCE/modules/juce_core/juce_core.h:392:5: warning: 'JUCE_UNIT_TESTS' is not defined, evaluates to 0 [-Wundef]
  392 | #if JUCE_UNIT_TESTS
      |     ^
/Users/larryseyer/AudioDevelopment/OTTO/JUCE/modules/juce_core/juce_core.h:407:6: warning: 'JUCE_DEBUG' is not defined, evaluates to 0 [-Wundef]
  407 |  #if JUCE_DEBUG
      |      ^
In file included from /Users/larryseyer/AudioDevelopment/OTTO/Source/UI/Themes/ThemePresets.cpp:1:
In file included from /Users/larryseyer/AudioDevelopment/OTTO/Source/UI/Themes/ThemePresets.h:4:
In file included from /Users/larryseyer/AudioDevelopment/OTTO/Builds/MacOSX/CMake-Release/OTTO_artefacts/JuceLibraryCode/JuceHeader.h:14:
In file included from /Users/larryseyer/AudioDevelopment/OTTO/JUCE/modules/juce_audio_plugin_client/juce_audio_plugin_client.h:63:
In file included from /Users/larryseyer/AudioDevelopment/OTTO/JUCE/modules/juce_gui_basics/juce_gui_basics.h:68:
In file included from /Users/larryseyer/AudioDevelopment/OTTO/JUCE/modules/juce_graphics/juce_graphics.h:68:
/Users/larryseyer/AudioDevelopment/OTTO/JUCE/modules/juce_events/juce_events.h:75:5: warning: 'JUCE_WINDOWS' is not defined, evaluates to 0 [-Wundef]
   75 | #if JUCE_WINDOWS && JUCE_EVENTS_INCLUDE_WINRT_WRAPPER
      |     ^
In file included from /Users/larryseyer/AudioDevelopment/OTTO/Source/UI/Themes/ThemePresets.cpp:1:
In file included from /Users/larryseyer/AudioDevelopment/OTTO/Source/UI/Themes/ThemePresets.h:4:
In file included from /Users/larryseyer/AudioDevelopment/OTTO/Builds/MacOSX/CMake-Release/OTTO_artefacts/JuceLibraryCode/JuceHeader.h:14:
In file included from /Users/larryseyer/AudioDevelopment/OTTO/JUCE/modules/juce_audio_plugin_client/juce_audio_plugin_client.h:63:
In file included from /Users/larryseyer/AudioDevelopment/OTTO/JUCE/modules/juce_gui_basics/juce_gui_basics.h:68:
In file included from /Users/larryseyer/AudioDevelopment/OTTO/JUCE/modules/juce_graphics/juce_graphics.h:68:
In file included from /Users/larryseyer/AudioDevelopment/OTTO/JUCE/modules/juce_events/juce_events.h:91:
/Users/larryseyer/AudioDevelopment/OTTO/JUCE/modules/juce_events/messages/juce_ApplicationBase.h:300:8: warning: 'JUCE_IOS' is not defined, evaluates to 0 [-Wundef]
  300 |    #if JUCE_IOS
      |        ^
/Users/larryseyer/AudioDevelopment/OTTO/JUCE/modules/juce_events/messages/juce_ApplicationBase.h:324:40: warning: 'DOXYGEN' is not defined, evaluates to 0 [-Wundef]
  324 | #if JUCE_CATCH_UNHANDLED_EXCEPTIONS || DOXYGEN
      |                                        ^
In file included from /Users/larryseyer/AudioDevelopment/OTTO/Source/UI/Themes/ThemePresets.cpp:1:
In file included from /Users/larryseyer/AudioDevelopment/OTTO/Source/UI/Themes/ThemePresets.h:4:
In file included from /Users/larryseyer/AudioDevelopment/OTTO/Builds/MacOSX/CMake-Release/OTTO_artefacts/JuceLibraryCode/JuceHeader.h:14:
In file included from /Users/larryseyer/AudioDevelopment/OTTO/JUCE/modules/juce_audio_plugin_client/juce_audio_plugin_client.h:63:
In file included from /Users/larryseyer/AudioDevelopment/OTTO/JUCE/modules/juce_gui_basics/juce_gui_basics.h:68:
In file included from /Users/larryseyer/AudioDevelopment/OTTO/JUCE/modules/juce_graphics/juce_graphics.h:68:
In file included from /Users/larryseyer/AudioDevelopment/OTTO/JUCE/modules/juce_events/juce_events.h:92:
/Users/larryseyer/AudioDevelopment/OTTO/JUCE/modules/juce_events/messages/juce_Initialisation.h:102:5: warning: 'DOXYGEN' is not defined, evaluates to 0 [-Wundef]
  102 | #if DOXYGEN
      |     ^
/Users/larryseyer/AudioDevelopment/OTTO/JUCE/modules/juce_events/messages/juce_Initialisation.h:105:6: warning: 'JUCE_WINDOWS' is not defined, evaluates to 0 [-Wundef]
  105 |  #if JUCE_WINDOWS && ! defined (_CONSOLE)
      |      ^
/Users/larryseyer/AudioDevelopment/OTTO/JUCE/modules/juce_events/messages/juce_Initialisation.h:116:6: warning: 'JUCE_IOS' is not defined, evaluates to 0 [-Wundef]
  116 |  #if JUCE_IOS
      |      ^
/Users/larryseyer/AudioDevelopment/OTTO/JUCE/modules/juce_events/messages/juce_Initialisation.h:138:8: warning: 'JUCE_ANDROID' is not defined, evaluates to 0 [-Wundef]
  138 |  #elif JUCE_ANDROID
      |        ^
/Users/larryseyer/AudioDevelopment/OTTO/JUCE/modules/juce_events/messages/juce_Initialisation.h:161:7: warning: 'JUCE_USE_CUSTOM_PLUGIN_STANDALONE_APP' is not defined, evaluates to 0 [-Wundef]
  161 |   #if JUCE_USE_CUSTOM_PLUGIN_STANDALONE_APP
      |       ^
/Users/larryseyer/AudioDevelopment/OTTO/JUCE/modules/juce_events/messages/juce_Initialisation.h:168:8: warning: 'JUCE_IOS' is not defined, evaluates to 0 [-Wundef]
  168 |    #if JUCE_IOS
      |        ^
In file included from /Users/larryseyer/AudioDevelopment/OTTO/Source/UI/Themes/ThemePresets.cpp:1:
In file included from /Users/larryseyer/AudioDevelopment/OTTO/Source/UI/Themes/ThemePresets.h:4:
In file included from /Users/larryseyer/AudioDevelopment/OTTO/Builds/MacOSX/CMake-Release/OTTO_artefacts/JuceLibraryCode/JuceHeader.h:14:
In file included from /Users/larryseyer/AudioDevelopment/OTTO/JUCE/modules/juce_audio_plugin_client/juce_audio_plugin_client.h:63:
In file included from /Users/larryseyer/AudioDevelopment/OTTO/JUCE/modules/juce_gui_basics/juce_gui_basics.h:68:
In file included from /Users/larryseyer/AudioDevelopment/OTTO/JUCE/modules/juce_graphics/juce_graphics.h:68:
/Users/larryseyer/AudioDevelopment/OTTO/JUCE/modules/juce_events/juce_events.h:110:5: warning: 'JUCE_LINUX' is not defined, evaluates to 0 [-Wundef]
  110 | #if JUCE_LINUX || JUCE_BSD
      |     ^
/Users/larryseyer/AudioDevelopment/OTTO/JUCE/modules/juce_events/juce_events.h:110:19: warning: 'JUCE_BSD' is not defined, evaluates to 0 [-Wundef]
  110 | #if JUCE_LINUX || JUCE_BSD
      |                   ^
/Users/larryseyer/AudioDevelopment/OTTO/JUCE/modules/juce_events/juce_events.h:114:5: warning: 'JUCE_WINDOWS' is not defined, evaluates to 0 [-Wundef]
  114 | #if JUCE_WINDOWS
      |     ^
In file included from /Users/larryseyer/AudioDevelopment/OTTO/Source/UI/Themes/ThemePresets.cpp:1:
In file included from /Users/larryseyer/AudioDevelopment/OTTO/Source/UI/Themes/ThemePresets.h:4:
In file included from /Users/larryseyer/AudioDevelopment/OTTO/Builds/MacOSX/CMake-Release/OTTO_artefacts/JuceLibraryCode/JuceHeader.h:14:
In file included from /Users/larryseyer/AudioDevelopment/OTTO/JUCE/modules/juce_audio_plugin_client/juce_audio_plugin_client.h:63:
In file included from /Users/larryseyer/AudioDevelopment/OTTO/JUCE/modules/juce_gui_basics/juce_gui_basics.h:68:
In file included from /Users/larryseyer/AudioDevelopment/OTTO/JUCE/modules/juce_graphics/juce_graphics.h:122:
/Users/larryseyer/AudioDevelopment/OTTO/JUCE/modules/juce_graphics/colour/juce_PixelFormats.h:39:5: warning: 'JUCE_MSVC' is not defined, evaluates to 0 [-Wundef]
   39 | #if JUCE_MSVC
      |     ^
/Users/larryseyer/AudioDevelopment/OTTO/JUCE/modules/juce_graphics/colour/juce_PixelFormats.h:89:12: warning: 'JUCE_ANDROID' is not defined, evaluates to 0 [-Wundef]
   89 |        #if JUCE_ANDROID
      |            ^
/Users/larryseyer/AudioDevelopment/OTTO/JUCE/modules/juce_graphics/colour/juce_PixelFormats.h:100:12: warning: 'JUCE_BIG_ENDIAN' is not defined, evaluates to 0 [-Wundef]
  100 |        #if JUCE_BIG_ENDIAN
      |            ^
/Users/larryseyer/AudioDevelopment/OTTO/JUCE/modules/juce_graphics/colour/juce_PixelFormats.h:301:7: warning: 'JUCE_ANDROID' is not defined, evaluates to 0 [-Wundef]
  301 |   #if JUCE_ANDROID
      |       ^
/Users/larryseyer/AudioDevelopment/OTTO/JUCE/modules/juce_graphics/colour/juce_PixelFormats.h:308:8: warning: 'JUCE_BIG_ENDIAN' is not defined, evaluates to 0 [-Wundef]
  308 |    #if JUCE_BIG_ENDIAN
      |        ^
/Users/larryseyer/AudioDevelopment/OTTO/JUCE/modules/juce_graphics/colour/juce_PixelFormats.h:325:11: warning: 'JUCE_ANDROID' is not defined, evaluates to 0 [-Wundef]
  325 |       #if JUCE_ANDROID
      |           ^
/Users/larryseyer/AudioDevelopment/OTTO/JUCE/modules/juce_graphics/colour/juce_PixelFormats.h:332:12: warning: 'JUCE_BIG_ENDIAN' is not defined, evaluates to 0 [-Wundef]
  332 |        #if JUCE_BIG_ENDIAN
      |            ^
/Users/larryseyer/AudioDevelopment/OTTO/JUCE/modules/juce_graphics/colour/juce_PixelFormats.h:375:12: warning: 'JUCE_ANDROID' is not defined, evaluates to 0 [-Wundef]
  375 |        #if JUCE_ANDROID
      |            ^
/Users/larryseyer/AudioDevelopment/OTTO/JUCE/modules/juce_graphics/colour/juce_PixelFormats.h:386:12: warning: 'JUCE_ANDROID' is not defined, evaluates to 0 [-Wundef]
  386 |        #if JUCE_ANDROID
      |            ^
/Users/larryseyer/AudioDevelopment/OTTO/JUCE/modules/juce_graphics/colour/juce_PixelFormats.h:397:12: warning: 'JUCE_BIG_ENDIAN' is not defined, evaluates to 0 [-Wundef]
  397 |        #if JUCE_BIG_ENDIAN
      |            ^
/Users/larryseyer/AudioDevelopment/OTTO/JUCE/modules/juce_graphics/colour/juce_PixelFormats.h:411:12: warning: 'JUCE_ANDROID' is not defined, evaluates to 0 [-Wundef]
  411 |        #if JUCE_ANDROID
      |            ^
/Users/larryseyer/AudioDevelopment/OTTO/JUCE/modules/juce_graphics/colour/juce_PixelFormats.h:472:12: warning: 'JUCE_ANDROID' is not defined, evaluates to 0 [-Wundef]
  472 |        #if JUCE_ANDROID
      |            ^
/Users/larryseyer/AudioDevelopment/OTTO/JUCE/modules/juce_graphics/colour/juce_PixelFormats.h:504:12: warning: 'JUCE_ANDROID' is not defined, evaluates to 0 [-Wundef]
  504 |        #if JUCE_ANDROID
      |            ^
/Users/larryseyer/AudioDevelopment/OTTO/JUCE/modules/juce_graphics/colour/juce_PixelFormats.h:527:12: warning: 'JUCE_ANDROID' is not defined, evaluates to 0 [-Wundef]
  527 |        #if JUCE_ANDROID
      |            ^
/Users/larryseyer/AudioDevelopment/OTTO/JUCE/modules/juce_graphics/colour/juce_PixelFormats.h:569:11: warning: 'JUCE_ANDROID' is not defined, evaluates to 0 [-Wundef]
  569 |       #if JUCE_ANDROID
      |           ^
/Users/larryseyer/AudioDevelopment/OTTO/JUCE/modules/juce_graphics/colour/juce_PixelFormats.h:745:5: warning: 'JUCE_MSVC' is not defined, evaluates to 0 [-Wundef]
  745 | #if JUCE_MSVC
      |     ^
In file included from /Users/larryseyer/AudioDevelopment/OTTO/Source/UI/Themes/ThemePresets.cpp:1:
In file included from /Users/larryseyer/AudioDevelopment/OTTO/Source/UI/Themes/ThemePresets.h:4:
In file included from /Users/larryseyer/AudioDevelopment/OTTO/Builds/MacOSX/CMake-Release/OTTO_artefacts/JuceLibraryCode/JuceHeader.h:14:
In file included from /Users/larryseyer/AudioDevelopment/OTTO/JUCE/modules/juce_audio_plugin_client/juce_audio_plugin_client.h:63:
In file included from /Users/larryseyer/AudioDevelopment/OTTO/JUCE/modules/juce_gui_basics/juce_gui_basics.h:68:
In file included from /Users/larryseyer/AudioDevelopment/OTTO/JUCE/modules/juce_graphics/juce_graphics.h:141:
/Users/larryseyer/AudioDevelopment/OTTO/JUCE/modules/juce_graphics/detail/juce_Ranges.h:114:12: warning: 'JUCE_DEBUG' is not defined, evaluates to 0 [-Wundef]
  114 |        #if JUCE_DEBUG
      |            ^
In file included from /Users/larryseyer/AudioDevelopment/OTTO/Source/UI/Themes/ThemePresets.cpp:1:
In file included from /Users/larryseyer/AudioDevelopment/OTTO/Source/UI/Themes/ThemePresets.h:4:
In file included from /Users/larryseyer/AudioDevelopment/OTTO/Builds/MacOSX/CMake-Release/OTTO_artefacts/JuceLibraryCode/JuceHeader.h:14:
In file included from /Users/larryseyer/AudioDevelopment/OTTO/JUCE/modules/juce_audio_plugin_client/juce_audio_plugin_client.h:63:
In file included from /Users/larryseyer/AudioDevelopment/OTTO/JUCE/modules/juce_gui_basics/juce_gui_basics.h:68:
In file included from /Users/larryseyer/AudioDevelopment/OTTO/JUCE/modules/juce_graphics/juce_graphics.h:150:
/Users/larryseyer/AudioDevelopment/OTTO/JUCE/modules/juce_graphics/native/juce_RenderingHelpers.h:389:30: warning: implicit conversion increases floating-point precision: 'float' to 'double' [-Wdouble-promotion]
  389 |                 grad = (p2.y - p1.y) / (double) (p1.x - p2.x);
      |                         ~~~~~^~~~~~  ~
/Users/larryseyer/AudioDevelopment/OTTO/JUCE/modules/juce_graphics/native/juce_RenderingHelpers.h:390:36: warning: implicit conversion increases floating-point precision: 'float' to 'double' [-Wdouble-promotion]
  390 |                 yTerm = p1.y - (p1.x / grad);
      |                                 ~~~^ ~
/Users/larryseyer/AudioDevelopment/OTTO/JUCE/modules/juce_graphics/native/juce_RenderingHelpers.h:390:28: warning: implicit conversion increases floating-point precision: 'float' to 'double' [-Wdouble-promotion]
  390 |                 yTerm = p1.y - (p1.x / grad);
      |                         ~~~^ ~
/Users/larryseyer/AudioDevelopment/OTTO/JUCE/modules/juce_graphics/native/juce_RenderingHelpers.h:391:127: warning: implicit conversion increases floating-point precision: 'float' to 'double' [-Wdouble-promotion]
  391 |                 scale = roundToInt ((double) ((int64_t) numEntries << (int) numScaleBits) / (yTerm * grad - (p2.y * grad - p2.x)));
      |                                                                                                                          ~ ~~~^
/Users/larryseyer/AudioDevelopment/OTTO/JUCE/modules/juce_graphics/native/juce_RenderingHelpers.h:391:113: warning: implicit conversion increases floating-point precision: 'float' to 'double' [-Wdouble-promotion]
  391 |                 scale = roundToInt ((double) ((int64_t) numEntries << (int) numScaleBits) / (yTerm * grad - (p2.y * grad - p2.x)));
      |                                                                                                              ~~~^ ~
/Users/larryseyer/AudioDevelopment/OTTO/JUCE/modules/juce_graphics/native/juce_RenderingHelpers.h:429:36: warning: implicit conversion increases floating-point precision: 'const float' to 'const double' [-Wdouble-promotion]
  429 |               gx1 (gradient.point1.x),
      |                   ~~~~~~~~~~~~~~~~~^
/Users/larryseyer/AudioDevelopment/OTTO/JUCE/modules/juce_graphics/native/juce_RenderingHelpers.h:430:36: warning: implicit conversion increases floating-point precision: 'const float' to 'const double' [-Wdouble-promotion]
  430 |               gy1 (gradient.point1.y)
      |                   ~~~~~~~~~~~~~~~~~^
/Users/larryseyer/AudioDevelopment/OTTO/JUCE/modules/juce_graphics/native/juce_RenderingHelpers.h:434:39: warning: implicit conversion increases floating-point precision: 'float' to 'double' [-Wdouble-promotion]
  434 |             maxDist = diff.x * diff.x + diff.y * diff.y;
      |                     ~ ~~~~~~~~~~~~~~~~^~~~~~~~~~~~~~~~~
/Users/larryseyer/AudioDevelopment/OTTO/JUCE/modules/juce_graphics/native/juce_RenderingHelpers.h:471:37: warning: implicit conversion increases floating-point precision: 'const float' to 'double' [-Wdouble-promotion]
  471 |             tM10 = inverseTransform.mat10;
      |                  ~ ~~~~~~~~~~~~~~~~~^~~~~
/Users/larryseyer/AudioDevelopment/OTTO/JUCE/modules/juce_graphics/native/juce_RenderingHelpers.h:472:37: warning: implicit conversion increases floating-point precision: 'const float' to 'double' [-Wdouble-promotion]
  472 |             tM00 = inverseTransform.mat00;
      |                  ~ ~~~~~~~~~~~~~~~~~^~~~~
/Users/larryseyer/AudioDevelopment/OTTO/JUCE/modules/juce_graphics/native/juce_RenderingHelpers.h:478:56: warning: implicit conversion increases floating-point precision: 'float' to 'double' [-Wdouble-promotion]
  478 |             lineYM01 = inverseTransform.mat01 * floatY + inverseTransform.mat02 - gx1;
      |                        ~~~~~~~~~~~~~~~~~~~~~~~~~~~~~~~~^~~~~~~~~~~~~~~~~~~~~~~~ ~
/Users/larryseyer/AudioDevelopment/OTTO/JUCE/modules/juce_graphics/native/juce_RenderingHelpers.h:479:56: warning: implicit conversion increases floating-point precision: 'float' to 'double' [-Wdouble-promotion]
  479 |             lineYM11 = inverseTransform.mat11 * floatY + inverseTransform.mat12 - gy1;
      |                        ~~~~~~~~~~~~~~~~~~~~~~~~~~~~~~~~^~~~~~~~~~~~~~~~~~~~~~~~ ~
In file included from /Users/larryseyer/AudioDevelopment/OTTO/Source/UI/Themes/ThemePresets.cpp:1:
In file included from /Users/larryseyer/AudioDevelopment/OTTO/Source/UI/Themes/ThemePresets.h:4:
In file included from /Users/larryseyer/AudioDevelopment/OTTO/Builds/MacOSX/CMake-Release/OTTO_artefacts/JuceLibraryCode/JuceHeader.h:14:
In file included from /Users/larryseyer/AudioDevelopment/OTTO/JUCE/modules/juce_audio_plugin_client/juce_audio_plugin_client.h:63:
In file included from /Users/larryseyer/AudioDevelopment/OTTO/JUCE/modules/juce_gui_basics/juce_gui_basics.h:68:
/Users/larryseyer/AudioDevelopment/OTTO/JUCE/modules/juce_graphics/juce_graphics.h:157:5: warning: 'JUCE_GRAPHICS_INCLUDE_COREGRAPHICS_HELPERS' is not defined, evaluates to 0 [-Wundef]
  157 | #if JUCE_GRAPHICS_INCLUDE_COREGRAPHICS_HELPERS && (JUCE_MAC || JUCE_IOS)
      |     ^
In file included from /Users/larryseyer/AudioDevelopment/OTTO/Source/UI/Themes/ThemePresets.cpp:1:
In file included from /Users/larryseyer/AudioDevelopment/OTTO/Source/UI/Themes/ThemePresets.h:4:
In file included from /Users/larryseyer/AudioDevelopment/OTTO/Builds/MacOSX/CMake-Release/OTTO_artefacts/JuceLibraryCode/JuceHeader.h:14:
In file included from /Users/larryseyer/AudioDevelopment/OTTO/JUCE/modules/juce_audio_plugin_client/juce_audio_plugin_client.h:63:
In file included from /Users/larryseyer/AudioDevelopment/OTTO/JUCE/modules/juce_gui_basics/juce_gui_basics.h:205:
/Users/larryseyer/AudioDevelopment/OTTO/JUCE/modules/juce_gui_basics/components/juce_Component.h:2701:12: warning: 'JUCE_DEBUG' is not defined, evaluates to 0 [-Wundef]
 2701 |        #if JUCE_DEBUG
      |            ^
In file included from /Users/larryseyer/AudioDevelopment/OTTO/Source/UI/Themes/ThemePresets.cpp:1:
In file included from /Users/larryseyer/AudioDevelopment/OTTO/Source/UI/Themes/ThemePresets.h:4:
In file included from /Users/larryseyer/AudioDevelopment/OTTO/Builds/MacOSX/CMake-Release/OTTO_artefacts/JuceLibraryCode/JuceHeader.h:14:
In file included from /Users/larryseyer/AudioDevelopment/OTTO/JUCE/modules/juce_audio_plugin_client/juce_audio_plugin_client.h:63:
In file included from /Users/larryseyer/AudioDevelopment/OTTO/JUCE/modules/juce_gui_basics/juce_gui_basics.h:239:
/Users/larryseyer/AudioDevelopment/OTTO/JUCE/modules/juce_gui_basics/layout/juce_ComponentBuilder.h:243:8: warning: 'JUCE_DEBUG' is not defined, evaluates to 0 [-Wundef]
  243 |    #if JUCE_DEBUG
      |        ^
In file included from /Users/larryseyer/AudioDevelopment/OTTO/Source/UI/Themes/ThemePresets.cpp:1:
In file included from /Users/larryseyer/AudioDevelopment/OTTO/Source/UI/Themes/ThemePresets.h:4:
In file included from /Users/larryseyer/AudioDevelopment/OTTO/Builds/MacOSX/CMake-Release/OTTO_artefacts/JuceLibraryCode/JuceHeader.h:14:
In file included from /Users/larryseyer/AudioDevelopment/OTTO/JUCE/modules/juce_audio_plugin_client/juce_audio_plugin_client.h:63:
In file included from /Users/larryseyer/AudioDevelopment/OTTO/JUCE/modules/juce_gui_basics/juce_gui_basics.h:283:
/Users/larryseyer/AudioDevelopment/OTTO/JUCE/modules/juce_gui_basics/widgets/juce_ListBox.h:182:10: warning: 'JUCE_DISABLE_ASSERTIONS' is not defined, evaluates to 0 [-Wundef]
  182 |    #if ! JUCE_DISABLE_ASSERTIONS
      |          ^
/Users/larryseyer/AudioDevelopment/OTTO/JUCE/modules/juce_gui_basics/widgets/juce_ListBox.h:235:14: warning: 'JUCE_DISABLE_ASSERTIONS' is not defined, evaluates to 0 [-Wundef]
  235 |        #if ! JUCE_DISABLE_ASSERTIONS
      |              ^
/Users/larryseyer/AudioDevelopment/OTTO/JUCE/modules/juce_gui_basics/widgets/juce_ListBox.h:643:10: warning: 'JUCE_DISABLE_ASSERTIONS' is not defined, evaluates to 0 [-Wundef]
  643 |    #if ! JUCE_DISABLE_ASSERTIONS
      |          ^
In file included from /Users/larryseyer/AudioDevelopment/OTTO/Source/UI/Themes/ThemePresets.cpp:1:
In file included from /Users/larryseyer/AudioDevelopment/OTTO/Source/UI/Themes/ThemePresets.h:4:
In file included from /Users/larryseyer/AudioDevelopment/OTTO/Builds/MacOSX/CMake-Release/OTTO_artefacts/JuceLibraryCode/JuceHeader.h:14:
In file included from /Users/larryseyer/AudioDevelopment/OTTO/JUCE/modules/juce_audio_plugin_client/juce_audio_plugin_client.h:63:
In file included from /Users/larryseyer/AudioDevelopment/OTTO/JUCE/modules/juce_gui_basics/juce_gui_basics.h:302:
/Users/larryseyer/AudioDevelopment/OTTO/JUCE/modules/juce_gui_basics/windows/juce_ComponentPeer.h:310:8: warning: 'JUCE_LINUX' is not defined, evaluates to 0 [-Wundef]
  310 |    #if JUCE_LINUX || JUCE_BSD
      |        ^
/Users/larryseyer/AudioDevelopment/OTTO/JUCE/modules/juce_gui_basics/windows/juce_ComponentPeer.h:310:22: warning: 'JUCE_BSD' is not defined, evaluates to 0 [-Wundef]
  310 |    #if JUCE_LINUX || JUCE_BSD
      |                      ^
In file included from /Users/larryseyer/AudioDevelopment/OTTO/Source/UI/Themes/ThemePresets.cpp:1:
In file included from /Users/larryseyer/AudioDevelopment/OTTO/Source/UI/Themes/ThemePresets.h:4:
In file included from /Users/larryseyer/AudioDevelopment/OTTO/Builds/MacOSX/CMake-Release/OTTO_artefacts/JuceLibraryCode/JuceHeader.h:14:
In file included from /Users/larryseyer/AudioDevelopment/OTTO/JUCE/modules/juce_audio_plugin_client/juce_audio_plugin_client.h:63:
In file included from /Users/larryseyer/AudioDevelopment/OTTO/JUCE/modules/juce_gui_basics/juce_gui_basics.h:303:
/Users/larryseyer/AudioDevelopment/OTTO/JUCE/modules/juce_gui_basics/windows/juce_ResizableWindow.h:376:8: warning: 'JUCE_DEBUG' is not defined, evaluates to 0 [-Wundef]
  376 |    #if JUCE_DEBUG
      |        ^
/Users/larryseyer/AudioDevelopment/OTTO/JUCE/modules/juce_gui_basics/windows/juce_ResizableWindow.h:414:8: warning: 'JUCE_DEBUG' is not defined, evaluates to 0 [-Wundef]
  414 |    #if JUCE_DEBUG
      |        ^
In file included from /Users/larryseyer/AudioDevelopment/OTTO/Source/UI/Themes/ThemePresets.cpp:1:
In file included from /Users/larryseyer/AudioDevelopment/OTTO/Source/UI/Themes/ThemePresets.h:4:
In file included from /Users/larryseyer/AudioDevelopment/OTTO/Builds/MacOSX/CMake-Release/OTTO_artefacts/JuceLibraryCode/JuceHeader.h:14:
In file included from /Users/larryseyer/AudioDevelopment/OTTO/JUCE/modules/juce_audio_plugin_client/juce_audio_plugin_client.h:63:
In file included from /Users/larryseyer/AudioDevelopment/OTTO/JUCE/modules/juce_gui_basics/juce_gui_basics.h:335:
/Users/larryseyer/AudioDevelopment/OTTO/JUCE/modules/juce_gui_basics/application/juce_Application.h:125:8: warning: 'DOXYGEN' is not defined, evaluates to 0 [-Wundef]
  125 |    #if DOXYGEN
      |        ^
In file included from /Users/larryseyer/AudioDevelopment/OTTO/Source/UI/Themes/ThemePresets.cpp:1:
In file included from /Users/larryseyer/AudioDevelopment/OTTO/Source/UI/Themes/ThemePresets.h:4:
In file included from /Users/larryseyer/AudioDevelopment/OTTO/Builds/MacOSX/CMake-Release/OTTO_artefacts/JuceLibraryCode/JuceHeader.h:14:
In file included from /Users/larryseyer/AudioDevelopment/OTTO/JUCE/modules/juce_audio_plugin_client/juce_audio_plugin_client.h:63:
/Users/larryseyer/AudioDevelopment/OTTO/JUCE/modules/juce_gui_basics/juce_gui_basics.h:344:5: warning: 'JUCE_LINUX' is not defined, evaluates to 0 [-Wundef]
  344 | #if JUCE_LINUX || JUCE_BSD
      |     ^
/Users/larryseyer/AudioDevelopment/OTTO/JUCE/modules/juce_gui_basics/juce_gui_basics.h:344:19: warning: 'JUCE_BSD' is not defined, evaluates to 0 [-Wundef]
  344 | #if JUCE_LINUX || JUCE_BSD
      |                   ^
/Users/larryseyer/AudioDevelopment/OTTO/JUCE/modules/juce_gui_basics/juce_gui_basics.h:394:5: warning: 'JUCE_GUI_BASICS_INCLUDE_SCOPED_THREAD_DPI_AWARENESS_SETTER' is not defined, evaluates to 0 [-Wundef]
  394 | #if JUCE_GUI_BASICS_INCLUDE_SCOPED_THREAD_DPI_AWARENESS_SETTER && JUCE_WINDOWS
      |     ^
In file included from /Users/larryseyer/AudioDevelopment/OTTO/Source/UI/Themes/ThemePresets.cpp:1:
In file included from /Users/larryseyer/AudioDevelopment/OTTO/Source/UI/Themes/ThemePresets.h:4:
In file included from /Users/larryseyer/AudioDevelopment/OTTO/Builds/MacOSX/CMake-Release/OTTO_artefacts/JuceLibraryCode/JuceHeader.h:14:
In file included from /Users/larryseyer/AudioDevelopment/OTTO/JUCE/modules/juce_audio_plugin_client/juce_audio_plugin_client.h:64:
/Users/larryseyer/AudioDevelopment/OTTO/JUCE/modules/juce_audio_basics/juce_audio_basics.h:77:7: warning: 'JUCE_INTEL' is not defined, evaluates to 0 [-Wundef]
   77 | #if ! JUCE_INTEL
      |       ^
/Users/larryseyer/AudioDevelopment/OTTO/JUCE/modules/juce_audio_basics/juce_audio_basics.h:81:24: warning: 'JUCE_USE_VDSP_FRAMEWORK' is not defined, evaluates to 0 [-Wundef]
   81 | #if __ARM_NEON__ && ! (JUCE_USE_VDSP_FRAMEWORK || defined (JUCE_USE_ARM_NEON))
      |                        ^
In file included from /Users/larryseyer/AudioDevelopment/OTTO/Source/UI/Themes/ThemePresets.cpp:1:
In file included from /Users/larryseyer/AudioDevelopment/OTTO/Source/UI/Themes/ThemePresets.h:4:
In file included from /Users/larryseyer/AudioDevelopment/OTTO/Builds/MacOSX/CMake-Release/OTTO_artefacts/JuceLibraryCode/JuceHeader.h:14:
In file included from /Users/larryseyer/AudioDevelopment/OTTO/JUCE/modules/juce_audio_plugin_client/juce_audio_plugin_client.h:64:
In file included from /Users/larryseyer/AudioDevelopment/OTTO/JUCE/modules/juce_audio_basics/juce_audio_basics.h:93:
/Users/larryseyer/AudioDevelopment/OTTO/JUCE/modules/juce_audio_basics/buffers/juce_AudioDataConverters.h:103:9: warning: 'JUCE_BIG_ENDIAN' is not defined, evaluates to 0 [-Wundef]
  103 |     #if JUCE_BIG_ENDIAN
      |         ^
/Users/larryseyer/AudioDevelopment/OTTO/JUCE/modules/juce_audio_basics/buffers/juce_AudioDataConverters.h:263:12: warning: 'JUCE_BIG_ENDIAN' is not defined, evaluates to 0 [-Wundef]
  263 |        #if JUCE_BIG_ENDIAN
      |            ^
/Users/larryseyer/AudioDevelopment/OTTO/JUCE/modules/juce_audio_basics/buffers/juce_AudioDataConverters.h:119:135: warning: implicit conversion increases floating-point precision: 'float' to 'double' [-Wdouble-promotion]
  119 |         inline void setAsFloatLE (float newValue) noexcept      { *data = (int8) jlimit ((int) -maxValue, (int) maxValue, roundToInt (newValue * (1.0 + (double) maxValue))); }
      |                                                                                                                                       ^~~~~~~~ ~
/Users/larryseyer/AudioDevelopment/OTTO/JUCE/modules/juce_audio_basics/buffers/juce_AudioDataConverters.h:144:117: warning: implicit conversion increases floating-point precision: 'float' to 'double' [-Wdouble-promotion]
  144 |         inline void setAsFloatLE (float newValue) noexcept      { *data = (uint8) jlimit (0, 255, 128 + roundToInt (newValue * (1.0 + (double) maxValue))); }
      |                                                                                                                     ^~~~~~~~ ~
/Users/larryseyer/AudioDevelopment/OTTO/JUCE/modules/juce_audio_basics/buffers/juce_AudioDataConverters.h:169:168: warning: implicit conversion increases floating-point precision: 'float' to 'double' [-Wdouble-promotion]
  169 |         inline void setAsFloatLE (float newValue) noexcept      { *data = ByteOrder::swapIfBigEndian    ((uint16) jlimit ((int) -maxValue, (int) maxValue, roundToInt (newValue * (1.0 + (double) maxValue)))); }
      |                                                                                                                                                                        ^~~~~~~~ ~
/Users/larryseyer/AudioDevelopment/OTTO/JUCE/modules/juce_audio_basics/buffers/juce_AudioDataConverters.h:170:168: warning: implicit conversion increases floating-point precision: 'float' to 'double' [-Wdouble-promotion]
  170 |         inline void setAsFloatBE (float newValue) noexcept      { *data = ByteOrder::swapIfLittleEndian ((uint16) jlimit ((int) -maxValue, (int) maxValue, roundToInt (newValue * (1.0 + (double) maxValue)))); }
      |                                                                                                                                                                        ^~~~~~~~ ~
/Users/larryseyer/AudioDevelopment/OTTO/JUCE/modules/juce_audio_basics/buffers/juce_AudioDataConverters.h:194:157: warning: implicit conversion increases floating-point precision: 'float' to 'double' [-Wdouble-promotion]
  194 |         inline void setAsFloatLE (float newValue) noexcept      { ByteOrder::littleEndian24BitToChars (jlimit ((int) -maxValue, (int) maxValue, roundToInt (newValue * (1.0 + (double) maxValue))), data); }
      |                                                                                                                                                             ^~~~~~~~ ~
/Users/larryseyer/AudioDevelopment/OTTO/JUCE/modules/juce_audio_basics/buffers/juce_AudioDataConverters.h:195:157: warning: implicit conversion increases floating-point precision: 'float' to 'double' [-Wdouble-promotion]
  195 |         inline void setAsFloatBE (float newValue) noexcept      { ByteOrder::bigEndian24BitToChars (jlimit    ((int) -maxValue, (int) maxValue, roundToInt (newValue * (1.0 + (double) maxValue))), data); }
      |                                                                                                                                                             ^~~~~~~~ ~
In file included from /Users/larryseyer/AudioDevelopment/OTTO/Source/UI/Themes/ThemePresets.cpp:1:
In file included from /Users/larryseyer/AudioDevelopment/OTTO/Source/UI/Themes/ThemePresets.h:4:
In file included from /Users/larryseyer/AudioDevelopment/OTTO/Builds/MacOSX/CMake-Release/OTTO_artefacts/JuceLibraryCode/JuceHeader.h:14:
In file included from /Users/larryseyer/AudioDevelopment/OTTO/JUCE/modules/juce_audio_plugin_client/juce_audio_plugin_client.h:64:
In file included from /Users/larryseyer/AudioDevelopment/OTTO/JUCE/modules/juce_audio_basics/juce_audio_basics.h:95:
/Users/larryseyer/AudioDevelopment/OTTO/JUCE/modules/juce_audio_basics/buffers/juce_FloatVectorOperations.h:39:6: warning: 'JUCE_INTEL' is not defined, evaluates to 0 [-Wundef]
   39 |  #if JUCE_INTEL
      |      ^
/Users/larryseyer/AudioDevelopment/OTTO/JUCE/modules/juce_audio_basics/buffers/juce_FloatVectorOperations.h:153:7: warning: 'DOXYGEN' is not defined, evaluates to 0 [-Wundef]
  153 | #if ! DOXYGEN
      |       ^
/Users/larryseyer/AudioDevelopment/OTTO/JUCE/modules/juce_audio_basics/buffers/juce_FloatVectorOperations.h:237:7: warning: 'JUCE_USE_SSE_INTRINSICS' is not defined, evaluates to 0 [-Wundef]
  237 |   #if JUCE_USE_SSE_INTRINSICS || (JUCE_USE_ARM_NEON || (JUCE_64BIT && JUCE_ARM))
      |       ^
In file included from /Users/larryseyer/AudioDevelopment/OTTO/Source/UI/Themes/ThemePresets.cpp:1:
In file included from /Users/larryseyer/AudioDevelopment/OTTO/Source/UI/Themes/ThemePresets.h:4:
In file included from /Users/larryseyer/AudioDevelopment/OTTO/Builds/MacOSX/CMake-Release/OTTO_artefacts/JuceLibraryCode/JuceHeader.h:14:
In file included from /Users/larryseyer/AudioDevelopment/OTTO/JUCE/modules/juce_audio_plugin_client/juce_audio_plugin_client.h:64:
In file included from /Users/larryseyer/AudioDevelopment/OTTO/JUCE/modules/juce_audio_basics/juce_audio_basics.h:97:
/Users/larryseyer/AudioDevelopment/OTTO/JUCE/modules/juce_audio_basics/buffers/juce_AudioSampleBuffer.h:1155:15: warning: 'JUCE_GCC' is not defined, evaluates to 0 [-Wundef]
 1155 |        #if (! JUCE_GCC || (__GNUC__ * 100 + __GNUC_MINOR__) >= 409)
      |               ^
In file included from /Users/larryseyer/AudioDevelopment/OTTO/Source/UI/Themes/ThemePresets.cpp:1:
In file included from /Users/larryseyer/AudioDevelopment/OTTO/Source/UI/Themes/ThemePresets.h:4:
In file included from /Users/larryseyer/AudioDevelopment/OTTO/Builds/MacOSX/CMake-Release/OTTO_artefacts/JuceLibraryCode/JuceHeader.h:14:
In file included from /Users/larryseyer/AudioDevelopment/OTTO/JUCE/modules/juce_audio_plugin_client/juce_audio_plugin_client.h:64:
In file included from /Users/larryseyer/AudioDevelopment/OTTO/JUCE/modules/juce_audio_basics/juce_audio_basics.h:104:
/Users/larryseyer/AudioDevelopment/OTTO/JUCE/modules/juce_audio_basics/utilities/juce_SmoothedValue.h:421:5: warning: 'JUCE_UNIT_TESTS' is not defined, evaluates to 0 [-Wundef]
  421 | #if JUCE_UNIT_TESTS
      |     ^
In file included from /Users/larryseyer/AudioDevelopment/OTTO/Source/UI/Themes/ThemePresets.cpp:1:
In file included from /Users/larryseyer/AudioDevelopment/OTTO/Source/UI/Themes/ThemePresets.h:4:
In file included from /Users/larryseyer/AudioDevelopment/OTTO/Builds/MacOSX/CMake-Release/OTTO_artefacts/JuceLibraryCode/JuceHeader.h:14:
In file included from /Users/larryseyer/AudioDevelopment/OTTO/JUCE/modules/juce_audio_plugin_client/juce_audio_plugin_client.h:64:
In file included from /Users/larryseyer/AudioDevelopment/OTTO/JUCE/modules/juce_audio_basics/juce_audio_basics.h:106:
/Users/larryseyer/AudioDevelopment/OTTO/JUCE/modules/juce_audio_basics/utilities/juce_ADSR.h:155:66: warning: implicit conversion increases floating-point precision: 'float' to 'double' [-Wdouble-promotion]
  155 |                 releaseRate = (float) (envelopeVal / (parameters.release * sampleRate));
      |                                                       ~~~~~~~~~~~^~~~~~~ ~
/Users/larryseyer/AudioDevelopment/OTTO/JUCE/modules/juce_audio_basics/utilities/juce_ADSR.h:155:40: warning: implicit conversion increases floating-point precision: 'float' to 'double' [-Wdouble-promotion]
  155 |                 releaseRate = (float) (envelopeVal / (parameters.release * sampleRate));
      |                                        ^~~~~~~~~~~ ~
/Users/larryseyer/AudioDevelopment/OTTO/JUCE/modules/juce_audio_basics/utilities/juce_ADSR.h:266:64: warning: implicit conversion increases floating-point precision: 'float' to 'double' [-Wdouble-promotion]
  266 |             return timeInSeconds > 0.0f ? (float) (distance / (timeInSeconds * sr)) : -1.0f;
      |                                                                ^~~~~~~~~~~~~ ~
/Users/larryseyer/AudioDevelopment/OTTO/JUCE/modules/juce_audio_basics/utilities/juce_ADSR.h:266:52: warning: implicit conversion increases floating-point precision: 'float' to 'double' [-Wdouble-promotion]
  266 |             return timeInSeconds > 0.0f ? (float) (distance / (timeInSeconds * sr)) : -1.0f;
      |                                                    ^~~~~~~~ ~
In file included from /Users/larryseyer/AudioDevelopment/OTTO/Source/UI/Themes/ThemePresets.cpp:1:
In file included from /Users/larryseyer/AudioDevelopment/OTTO/Source/UI/Themes/ThemePresets.h:4:
In file included from /Users/larryseyer/AudioDevelopment/OTTO/Builds/MacOSX/CMake-Release/OTTO_artefacts/JuceLibraryCode/JuceHeader.h:14:
In file included from /Users/larryseyer/AudioDevelopment/OTTO/JUCE/modules/juce_audio_plugin_client/juce_audio_plugin_client.h:65:
In file included from /Users/larryseyer/AudioDevelopment/OTTO/JUCE/modules/juce_audio_processors/juce_audio_processors.h:67:
/Users/larryseyer/AudioDevelopment/OTTO/JUCE/modules/juce_gui_extra/juce_gui_extra.h:127:6: warning: 'JUCE_DEBUG' is not defined, evaluates to 0 [-Wundef]
  127 |  #if JUCE_DEBUG && ! (JUCE_IOS || JUCE_ANDROID)
      |      ^
In file included from /Users/larryseyer/AudioDevelopment/OTTO/Source/UI/Themes/ThemePresets.cpp:1:
In file included from /Users/larryseyer/AudioDevelopment/OTTO/Source/UI/Themes/ThemePresets.h:4:
In file included from /Users/larryseyer/AudioDevelopment/OTTO/Builds/MacOSX/CMake-Release/OTTO_artefacts/JuceLibraryCode/JuceHeader.h:14:
In file included from /Users/larryseyer/AudioDevelopment/OTTO/JUCE/modules/juce_audio_plugin_client/juce_audio_plugin_client.h:65:
In file included from /Users/larryseyer/AudioDevelopment/OTTO/JUCE/modules/juce_audio_processors/juce_audio_processors.h:67:
In file included from /Users/larryseyer/AudioDevelopment/OTTO/JUCE/modules/juce_gui_extra/juce_gui_extra.h:141:
/Users/larryseyer/AudioDevelopment/OTTO/JUCE/modules/juce_gui_extra/embedding/juce_ActiveXControlComponent.h:38:5: warning: 'JUCE_WINDOWS' is not defined, evaluates to 0 [-Wundef]
   38 | #if JUCE_WINDOWS || DOXYGEN
      |     ^
/Users/larryseyer/AudioDevelopment/OTTO/JUCE/modules/juce_gui_extra/embedding/juce_ActiveXControlComponent.h:38:21: warning: 'DOXYGEN' is not defined, evaluates to 0 [-Wundef]
   38 | #if JUCE_WINDOWS || DOXYGEN
      |                     ^
In file included from /Users/larryseyer/AudioDevelopment/OTTO/Source/UI/Themes/ThemePresets.cpp:1:
In file included from /Users/larryseyer/AudioDevelopment/OTTO/Source/UI/Themes/ThemePresets.h:4:
In file included from /Users/larryseyer/AudioDevelopment/OTTO/Builds/MacOSX/CMake-Release/OTTO_artefacts/JuceLibraryCode/JuceHeader.h:14:
In file included from /Users/larryseyer/AudioDevelopment/OTTO/JUCE/modules/juce_audio_plugin_client/juce_audio_plugin_client.h:65:
In file included from /Users/larryseyer/AudioDevelopment/OTTO/JUCE/modules/juce_audio_processors/juce_audio_processors.h:67:
In file included from /Users/larryseyer/AudioDevelopment/OTTO/JUCE/modules/juce_gui_extra/juce_gui_extra.h:142:
/Users/larryseyer/AudioDevelopment/OTTO/JUCE/modules/juce_gui_extra/embedding/juce_AndroidViewComponent.h:38:5: warning: 'JUCE_ANDROID' is not defined, evaluates to 0 [-Wundef]
   38 | #if JUCE_ANDROID || DOXYGEN
      |     ^
/Users/larryseyer/AudioDevelopment/OTTO/JUCE/modules/juce_gui_extra/embedding/juce_AndroidViewComponent.h:38:21: warning: 'DOXYGEN' is not defined, evaluates to 0 [-Wundef]
   38 | #if JUCE_ANDROID || DOXYGEN
      |                     ^
In file included from /Users/larryseyer/AudioDevelopment/OTTO/Source/UI/Themes/ThemePresets.cpp:1:
In file included from /Users/larryseyer/AudioDevelopment/OTTO/Source/UI/Themes/ThemePresets.h:4:
In file included from /Users/larryseyer/AudioDevelopment/OTTO/Builds/MacOSX/CMake-Release/OTTO_artefacts/JuceLibraryCode/JuceHeader.h:14:
In file included from /Users/larryseyer/AudioDevelopment/OTTO/JUCE/modules/juce_audio_plugin_client/juce_audio_plugin_client.h:65:
In file included from /Users/larryseyer/AudioDevelopment/OTTO/JUCE/modules/juce_audio_processors/juce_audio_processors.h:67:
In file included from /Users/larryseyer/AudioDevelopment/OTTO/JUCE/modules/juce_gui_extra/juce_gui_extra.h:144:
/Users/larryseyer/AudioDevelopment/OTTO/JUCE/modules/juce_gui_extra/embedding/juce_UIViewComponent.h:38:5: warning: 'JUCE_IOS' is not defined, evaluates to 0 [-Wundef]
   38 | #if JUCE_IOS || DOXYGEN
      |     ^
/Users/larryseyer/AudioDevelopment/OTTO/JUCE/modules/juce_gui_extra/embedding/juce_UIViewComponent.h:38:17: warning: 'DOXYGEN' is not defined, evaluates to 0 [-Wundef]
   38 | #if JUCE_IOS || DOXYGEN
      |                 ^
In file included from /Users/larryseyer/AudioDevelopment/OTTO/Source/UI/Themes/ThemePresets.cpp:1:
In file included from /Users/larryseyer/AudioDevelopment/OTTO/Source/UI/Themes/ThemePresets.h:4:
In file included from /Users/larryseyer/AudioDevelopment/OTTO/Builds/MacOSX/CMake-Release/OTTO_artefacts/JuceLibraryCode/JuceHeader.h:14:
In file included from /Users/larryseyer/AudioDevelopment/OTTO/JUCE/modules/juce_audio_plugin_client/juce_audio_plugin_client.h:65:
In file included from /Users/larryseyer/AudioDevelopment/OTTO/JUCE/modules/juce_audio_processors/juce_audio_processors.h:67:
In file included from /Users/larryseyer/AudioDevelopment/OTTO/JUCE/modules/juce_gui_extra/juce_gui_extra.h:145:
/Users/larryseyer/AudioDevelopment/OTTO/JUCE/modules/juce_gui_extra/embedding/juce_XEmbedComponent.h:43:5: warning: 'JUCE_LINUX' is not defined, evaluates to 0 [-Wundef]
   43 | #if JUCE_LINUX || JUCE_BSD || DOXYGEN
      |     ^
/Users/larryseyer/AudioDevelopment/OTTO/JUCE/modules/juce_gui_extra/embedding/juce_XEmbedComponent.h:43:19: warning: 'JUCE_BSD' is not defined, evaluates to 0 [-Wundef]
   43 | #if JUCE_LINUX || JUCE_BSD || DOXYGEN
      |                   ^
/Users/larryseyer/AudioDevelopment/OTTO/JUCE/modules/juce_gui_extra/embedding/juce_XEmbedComponent.h:43:31: warning: 'DOXYGEN' is not defined, evaluates to 0 [-Wundef]
   43 | #if JUCE_LINUX || JUCE_BSD || DOXYGEN
      |                               ^
In file included from /Users/larryseyer/AudioDevelopment/OTTO/Source/UI/Themes/ThemePresets.cpp:1:
In file included from /Users/larryseyer/AudioDevelopment/OTTO/Source/UI/Themes/ThemePresets.h:4:
In file included from /Users/larryseyer/AudioDevelopment/OTTO/Builds/MacOSX/CMake-Release/OTTO_artefacts/JuceLibraryCode/JuceHeader.h:14:
In file included from /Users/larryseyer/AudioDevelopment/OTTO/JUCE/modules/juce_audio_plugin_client/juce_audio_plugin_client.h:65:
In file included from /Users/larryseyer/AudioDevelopment/OTTO/JUCE/modules/juce_audio_processors/juce_audio_processors.h:67:
In file included from /Users/larryseyer/AudioDevelopment/OTTO/JUCE/modules/juce_gui_extra/juce_gui_extra.h:146:
/Users/larryseyer/AudioDevelopment/OTTO/JUCE/modules/juce_gui_extra/embedding/juce_HWNDComponent.h:38:5: warning: 'JUCE_WINDOWS' is not defined, evaluates to 0 [-Wundef]
   38 | #if JUCE_WINDOWS || DOXYGEN
      |     ^
/Users/larryseyer/AudioDevelopment/OTTO/JUCE/modules/juce_gui_extra/embedding/juce_HWNDComponent.h:38:21: warning: 'DOXYGEN' is not defined, evaluates to 0 [-Wundef]
   38 | #if JUCE_WINDOWS || DOXYGEN
      |                     ^
In file included from /Users/larryseyer/AudioDevelopment/OTTO/Source/UI/Themes/ThemePresets.cpp:1:
In file included from /Users/larryseyer/AudioDevelopment/OTTO/Source/UI/Themes/ThemePresets.h:4:
In file included from /Users/larryseyer/AudioDevelopment/OTTO/Builds/MacOSX/CMake-Release/OTTO_artefacts/JuceLibraryCode/JuceHeader.h:14:
In file included from /Users/larryseyer/AudioDevelopment/OTTO/JUCE/modules/juce_audio_plugin_client/juce_audio_plugin_client.h:65:
In file included from /Users/larryseyer/AudioDevelopment/OTTO/JUCE/modules/juce_audio_processors/juce_audio_processors.h:67:
In file included from /Users/larryseyer/AudioDevelopment/OTTO/JUCE/modules/juce_gui_extra/juce_gui_extra.h:152:
/Users/larryseyer/AudioDevelopment/OTTO/JUCE/modules/juce_gui_extra/misc/juce_PushNotifications.h:699:8: warning: 'JUCE_ANDROID' is not defined, evaluates to 0 [-Wundef]
  699 |    #if JUCE_ANDROID
      |        ^
In file included from /Users/larryseyer/AudioDevelopment/OTTO/Source/UI/Themes/ThemePresets.cpp:1:
In file included from /Users/larryseyer/AudioDevelopment/OTTO/Source/UI/Themes/ThemePresets.h:4:
In file included from /Users/larryseyer/AudioDevelopment/OTTO/Builds/MacOSX/CMake-Release/OTTO_artefacts/JuceLibraryCode/JuceHeader.h:14:
In file included from /Users/larryseyer/AudioDevelopment/OTTO/JUCE/modules/juce_audio_plugin_client/juce_audio_plugin_client.h:65:
In file included from /Users/larryseyer/AudioDevelopment/OTTO/JUCE/modules/juce_audio_processors/juce_audio_processors.h:67:
In file included from /Users/larryseyer/AudioDevelopment/OTTO/JUCE/modules/juce_gui_extra/juce_gui_extra.h:155:
/Users/larryseyer/AudioDevelopment/OTTO/JUCE/modules/juce_gui_extra/misc/juce_SystemTrayIconComponent.h:38:5: warning: 'JUCE_WINDOWS' is not defined, evaluates to 0 [-Wundef]
   38 | #if JUCE_WINDOWS || JUCE_LINUX || JUCE_BSD || JUCE_MAC || DOXYGEN
      |     ^
/Users/larryseyer/AudioDevelopment/OTTO/JUCE/modules/juce_gui_extra/misc/juce_SystemTrayIconComponent.h:38:21: warning: 'JUCE_LINUX' is not defined, evaluates to 0 [-Wundef]
   38 | #if JUCE_WINDOWS || JUCE_LINUX || JUCE_BSD || JUCE_MAC || DOXYGEN
      |                     ^
/Users/larryseyer/AudioDevelopment/OTTO/JUCE/modules/juce_gui_extra/misc/juce_SystemTrayIconComponent.h:38:35: warning: 'JUCE_BSD' is not defined, evaluates to 0 [-Wundef]
   38 | #if JUCE_WINDOWS || JUCE_LINUX || JUCE_BSD || JUCE_MAC || DOXYGEN
      |                                   ^
/Users/larryseyer/AudioDevelopment/OTTO/JUCE/modules/juce_gui_extra/misc/juce_SystemTrayIconComponent.h:102:8: warning: 'JUCE_LINUX' is not defined, evaluates to 0 [-Wundef]
  102 |    #if JUCE_LINUX || JUCE_BSD
      |        ^
/Users/larryseyer/AudioDevelopment/OTTO/JUCE/modules/juce_gui_extra/misc/juce_SystemTrayIconComponent.h:102:22: warning: 'JUCE_BSD' is not defined, evaluates to 0 [-Wundef]
  102 |    #if JUCE_LINUX || JUCE_BSD
      |                      ^
In file included from /Users/larryseyer/AudioDevelopment/OTTO/Source/UI/Themes/ThemePresets.cpp:1:
In file included from /Users/larryseyer/AudioDevelopment/OTTO/Source/UI/Themes/ThemePresets.h:4:
In file included from /Users/larryseyer/AudioDevelopment/OTTO/Builds/MacOSX/CMake-Release/OTTO_artefacts/JuceLibraryCode/JuceHeader.h:14:
In file included from /Users/larryseyer/AudioDevelopment/OTTO/JUCE/modules/juce_audio_plugin_client/juce_audio_plugin_client.h:65:
In file included from /Users/larryseyer/AudioDevelopment/OTTO/JUCE/modules/juce_audio_processors/juce_audio_processors.h:67:
In file included from /Users/larryseyer/AudioDevelopment/OTTO/JUCE/modules/juce_gui_extra/juce_gui_extra.h:156:
/Users/larryseyer/AudioDevelopment/OTTO/JUCE/modules/juce_gui_extra/misc/juce_WebBrowserComponent.h:38:25: warning: 'DOXYGEN' is not defined, evaluates to 0 [-Wundef]
   38 | #if JUCE_WEB_BROWSER || DOXYGEN
      |                         ^
In file included from /Users/larryseyer/AudioDevelopment/OTTO/Source/UI/Themes/ThemePresets.cpp:1:
In file included from /Users/larryseyer/AudioDevelopment/OTTO/Source/UI/Themes/ThemePresets.h:4:
In file included from /Users/larryseyer/AudioDevelopment/OTTO/Builds/MacOSX/CMake-Release/OTTO_artefacts/JuceLibraryCode/JuceHeader.h:14:
In file included from /Users/larryseyer/AudioDevelopment/OTTO/JUCE/modules/juce_audio_plugin_client/juce_audio_plugin_client.h:65:
In file included from /Users/larryseyer/AudioDevelopment/OTTO/JUCE/modules/juce_audio_processors/juce_audio_processors.h:67:
In file included from /Users/larryseyer/AudioDevelopment/OTTO/JUCE/modules/juce_gui_extra/juce_gui_extra.h:157:
/Users/larryseyer/AudioDevelopment/OTTO/JUCE/modules/juce_gui_extra/misc/juce_LiveConstantEditor.h:35:5: warning: 'JUCE_ENABLE_LIVE_CONSTANT_EDITOR' is not defined, evaluates to 0 [-Wundef]
   35 | #if JUCE_ENABLE_LIVE_CONSTANT_EDITOR && ! defined (DOXYGEN)
      |     ^
/Users/larryseyer/AudioDevelopment/OTTO/JUCE/modules/juce_gui_extra/misc/juce_LiveConstantEditor.h:258:5: warning: 'JUCE_ENABLE_LIVE_CONSTANT_EDITOR' is not defined, evaluates to 0 [-Wundef]
  258 | #if JUCE_ENABLE_LIVE_CONSTANT_EDITOR || DOXYGEN
      |     ^
/Users/larryseyer/AudioDevelopment/OTTO/JUCE/modules/juce_gui_extra/misc/juce_LiveConstantEditor.h:258:41: warning: 'DOXYGEN' is not defined, evaluates to 0 [-Wundef]
  258 | #if JUCE_ENABLE_LIVE_CONSTANT_EDITOR || DOXYGEN
      |                                         ^
In file included from /Users/larryseyer/AudioDevelopment/OTTO/Source/UI/Themes/ThemePresets.cpp:1:
In file included from /Users/larryseyer/AudioDevelopment/OTTO/Source/UI/Themes/ThemePresets.h:4:
In file included from /Users/larryseyer/AudioDevelopment/OTTO/Builds/MacOSX/CMake-Release/OTTO_artefacts/JuceLibraryCode/JuceHeader.h:14:
In file included from /Users/larryseyer/AudioDevelopment/OTTO/JUCE/modules/juce_audio_plugin_client/juce_audio_plugin_client.h:65:
In file included from /Users/larryseyer/AudioDevelopment/OTTO/JUCE/modules/juce_audio_processors/juce_audio_processors.h:67:
In file included from /Users/larryseyer/AudioDevelopment/OTTO/JUCE/modules/juce_gui_extra/juce_gui_extra.h:159:
/Users/larryseyer/AudioDevelopment/OTTO/JUCE/modules/juce_gui_extra/detail/juce_WebControlRelayEvents.h:38:25: warning: 'DOXYGEN' is not defined, evaluates to 0 [-Wundef]
   38 | #if JUCE_WEB_BROWSER || DOXYGEN
      |                         ^
In file included from /Users/larryseyer/AudioDevelopment/OTTO/Source/UI/Themes/ThemePresets.cpp:1:
In file included from /Users/larryseyer/AudioDevelopment/OTTO/Source/UI/Themes/ThemePresets.h:4:
In file included from /Users/larryseyer/AudioDevelopment/OTTO/Builds/MacOSX/CMake-Release/OTTO_artefacts/JuceLibraryCode/JuceHeader.h:14:
In file included from /Users/larryseyer/AudioDevelopment/OTTO/JUCE/modules/juce_audio_plugin_client/juce_audio_plugin_client.h:65:
In file included from /Users/larryseyer/AudioDevelopment/OTTO/JUCE/modules/juce_audio_processors/juce_audio_processors.h:67:
In file included from /Users/larryseyer/AudioDevelopment/OTTO/JUCE/modules/juce_gui_extra/juce_gui_extra.h:160:
/Users/larryseyer/AudioDevelopment/OTTO/JUCE/modules/juce_gui_extra/misc/juce_WebControlRelays.h:38:25: warning: 'DOXYGEN' is not defined, evaluates to 0 [-Wundef]
   38 | #if JUCE_WEB_BROWSER || DOXYGEN
      |                         ^
In file included from /Users/larryseyer/AudioDevelopment/OTTO/Source/UI/Themes/ThemePresets.cpp:1:
In file included from /Users/larryseyer/AudioDevelopment/OTTO/Source/UI/Themes/ThemePresets.h:4:
In file included from /Users/larryseyer/AudioDevelopment/OTTO/Builds/MacOSX/CMake-Release/OTTO_artefacts/JuceLibraryCode/JuceHeader.h:14:
In file included from /Users/larryseyer/AudioDevelopment/OTTO/JUCE/modules/juce_audio_plugin_client/juce_audio_plugin_client.h:65:
In file included from /Users/larryseyer/AudioDevelopment/OTTO/JUCE/modules/juce_audio_processors/juce_audio_processors.h:67:
In file included from /Users/larryseyer/AudioDevelopment/OTTO/JUCE/modules/juce_gui_extra/juce_gui_extra.h:161:
/Users/larryseyer/AudioDevelopment/OTTO/JUCE/modules/juce_gui_extra/misc/juce_WebControlParameterIndexReceiver.h:38:25: warning: 'DOXYGEN' is not defined, evaluates to 0 [-Wundef]
   38 | #if JUCE_WEB_BROWSER || DOXYGEN
      |                         ^
In file included from /Users/larryseyer/AudioDevelopment/OTTO/Source/UI/Themes/ThemePresets.cpp:1:
In file included from /Users/larryseyer/AudioDevelopment/OTTO/Source/UI/Themes/ThemePresets.h:4:
In file included from /Users/larryseyer/AudioDevelopment/OTTO/Builds/MacOSX/CMake-Release/OTTO_artefacts/JuceLibraryCode/JuceHeader.h:14:
In file included from /Users/larryseyer/AudioDevelopment/OTTO/JUCE/modules/juce_audio_plugin_client/juce_audio_plugin_client.h:65:
In file included from /Users/larryseyer/AudioDevelopment/OTTO/JUCE/modules/juce_audio_processors/juce_audio_processors.h:148:
/Users/larryseyer/AudioDevelopment/OTTO/JUCE/modules/juce_audio_processors/processors/juce_AudioProcessorParameter.h:363:8: warning: 'JUCE_DEBUG' is not defined, evaluates to 0 [-Wundef]
  363 |    #if JUCE_DEBUG
      |        ^
In file included from /Users/larryseyer/AudioDevelopment/OTTO/Source/UI/Themes/ThemePresets.cpp:1:
In file included from /Users/larryseyer/AudioDevelopment/OTTO/Source/UI/Themes/ThemePresets.h:4:
In file included from /Users/larryseyer/AudioDevelopment/OTTO/Builds/MacOSX/CMake-Release/OTTO_artefacts/JuceLibraryCode/JuceHeader.h:14:
In file included from /Users/larryseyer/AudioDevelopment/OTTO/JUCE/modules/juce_audio_plugin_client/juce_audio_plugin_client.h:65:
In file included from /Users/larryseyer/AudioDevelopment/OTTO/JUCE/modules/juce_audio_processors/juce_audio_processors.h:154:
/Users/larryseyer/AudioDevelopment/OTTO/JUCE/modules/juce_audio_processors/processors/juce_AudioProcessor.h:1599:7: warning: 'JUCE_DEBUG' is not defined, evaluates to 0 [-Wundef]
 1599 |   #if JUCE_DEBUG
      |       ^
In file included from /Users/larryseyer/AudioDevelopment/OTTO/Source/UI/Themes/ThemePresets.cpp:1:
In file included from /Users/larryseyer/AudioDevelopment/OTTO/Source/UI/Themes/ThemePresets.h:4:
In file included from /Users/larryseyer/AudioDevelopment/OTTO/Builds/MacOSX/CMake-Release/OTTO_artefacts/JuceLibraryCode/JuceHeader.h:14:
In file included from /Users/larryseyer/AudioDevelopment/OTTO/JUCE/modules/juce_audio_plugin_client/juce_audio_plugin_client.h:65:
In file included from /Users/larryseyer/AudioDevelopment/OTTO/JUCE/modules/juce_audio_processors/juce_audio_processors.h:162:
/Users/larryseyer/AudioDevelopment/OTTO/JUCE/modules/juce_audio_processors/format_types/juce_AudioUnitPluginFormat.h:38:55: warning: 'DOXYGEN' is not defined, evaluates to 0 [-Wundef]
   38 | #if (JUCE_PLUGINHOST_AU && (JUCE_MAC || JUCE_IOS)) || DOXYGEN
      |                                                       ^
In file included from /Users/larryseyer/AudioDevelopment/OTTO/Source/UI/Themes/ThemePresets.cpp:1:
In file included from /Users/larryseyer/AudioDevelopment/OTTO/Source/UI/Themes/ThemePresets.h:4:
In file included from /Users/larryseyer/AudioDevelopment/OTTO/Builds/MacOSX/CMake-Release/OTTO_artefacts/JuceLibraryCode/JuceHeader.h:14:
In file included from /Users/larryseyer/AudioDevelopment/OTTO/JUCE/modules/juce_audio_plugin_client/juce_audio_plugin_client.h:65:
In file included from /Users/larryseyer/AudioDevelopment/OTTO/JUCE/modules/juce_audio_processors/juce_audio_processors.h:163:
/Users/larryseyer/AudioDevelopment/OTTO/JUCE/modules/juce_audio_processors/format_types/juce_LADSPAPluginFormat.h:38:61: warning: 'DOXYGEN' is not defined, evaluates to 0 [-Wundef]
   38 | #if (JUCE_PLUGINHOST_LADSPA && (JUCE_LINUX || JUCE_BSD)) || DOXYGEN
      |                                                             ^
In file included from /Users/larryseyer/AudioDevelopment/OTTO/Source/UI/Themes/ThemePresets.cpp:1:
In file included from /Users/larryseyer/AudioDevelopment/OTTO/Source/UI/Themes/ThemePresets.h:4:
In file included from /Users/larryseyer/AudioDevelopment/OTTO/Builds/MacOSX/CMake-Release/OTTO_artefacts/JuceLibraryCode/JuceHeader.h:14:
In file included from /Users/larryseyer/AudioDevelopment/OTTO/JUCE/modules/juce_audio_plugin_client/juce_audio_plugin_client.h:65:
In file included from /Users/larryseyer/AudioDevelopment/OTTO/JUCE/modules/juce_audio_processors/juce_audio_processors.h:164:
/Users/larryseyer/AudioDevelopment/OTTO/JUCE/modules/juce_audio_processors/format_types/juce_LV2PluginFormat.h:38:64: warning: 'DOXYGEN' is not defined, evaluates to 0 [-Wundef]
   38 | #if (JUCE_PLUGINHOST_LV2 && (! (JUCE_ANDROID || JUCE_IOS))) || DOXYGEN
      |                                                                ^
In file included from /Users/larryseyer/AudioDevelopment/OTTO/Source/UI/Themes/ThemePresets.cpp:1:
In file included from /Users/larryseyer/AudioDevelopment/OTTO/Source/UI/Themes/ThemePresets.h:4:
In file included from /Users/larryseyer/AudioDevelopment/OTTO/Builds/MacOSX/CMake-Release/OTTO_artefacts/JuceLibraryCode/JuceHeader.h:14:
In file included from /Users/larryseyer/AudioDevelopment/OTTO/JUCE/modules/juce_audio_plugin_client/juce_audio_plugin_client.h:65:
In file included from /Users/larryseyer/AudioDevelopment/OTTO/JUCE/modules/juce_audio_processors/juce_audio_processors.h:165:
/Users/larryseyer/AudioDevelopment/OTTO/JUCE/modules/juce_audio_processors/format_types/juce_VST3PluginFormat.h:38:87: warning: 'DOXYGEN' is not defined, evaluates to 0 [-Wundef]
   38 | #if (JUCE_PLUGINHOST_VST3 && (JUCE_MAC || JUCE_WINDOWS || JUCE_LINUX || JUCE_BSD)) || DOXYGEN
      |                                                                                       ^
In file included from /Users/larryseyer/AudioDevelopment/OTTO/Source/UI/Themes/ThemePresets.cpp:1:
In file included from /Users/larryseyer/AudioDevelopment/OTTO/Source/UI/Themes/ThemePresets.h:4:
In file included from /Users/larryseyer/AudioDevelopment/OTTO/Builds/MacOSX/CMake-Release/OTTO_artefacts/JuceLibraryCode/JuceHeader.h:14:
In file included from /Users/larryseyer/AudioDevelopment/OTTO/JUCE/modules/juce_audio_plugin_client/juce_audio_plugin_client.h:65:
In file included from /Users/larryseyer/AudioDevelopment/OTTO/JUCE/modules/juce_audio_processors/juce_audio_processors.h:167:
/Users/larryseyer/AudioDevelopment/OTTO/JUCE/modules/juce_audio_processors/format_types/juce_VSTPluginFormat.h:35:29: warning: 'DOXYGEN' is not defined, evaluates to 0 [-Wundef]
   35 | #if (JUCE_PLUGINHOST_VST || DOXYGEN)
      |                             ^
In file included from /Users/larryseyer/AudioDevelopment/OTTO/Source/UI/Themes/ThemePresets.cpp:1:
In file included from /Users/larryseyer/AudioDevelopment/OTTO/Source/UI/Themes/ThemePresets.h:4:
In file included from /Users/larryseyer/AudioDevelopment/OTTO/Builds/MacOSX/CMake-Release/OTTO_artefacts/JuceLibraryCode/JuceHeader.h:14:
In file included from /Users/larryseyer/AudioDevelopment/OTTO/JUCE/modules/juce_audio_plugin_client/juce_audio_plugin_client.h:65:
In file included from /Users/larryseyer/AudioDevelopment/OTTO/JUCE/modules/juce_audio_processors/juce_audio_processors.h:168:
/Users/larryseyer/AudioDevelopment/OTTO/JUCE/modules/juce_audio_processors/format_types/juce_ARAHosting.h:37:122: warning: 'DOXYGEN' is not defined, evaluates to 0 [-Wundef]
   37 | #if (JUCE_PLUGINHOST_ARA && (JUCE_PLUGINHOST_VST3 || JUCE_PLUGINHOST_AU) && (JUCE_MAC || JUCE_WINDOWS || JUCE_LINUX)) || DOXYGEN
      |                                                                                                                          ^
In file included from /Users/larryseyer/AudioDevelopment/OTTO/Source/UI/Themes/ThemePresets.cpp:1:
In file included from /Users/larryseyer/AudioDevelopment/OTTO/Source/UI/Themes/ThemePresets.h:4:
In file included from /Users/larryseyer/AudioDevelopment/OTTO/Builds/MacOSX/CMake-Release/OTTO_artefacts/JuceLibraryCode/JuceHeader.h:14:
In file included from /Users/larryseyer/AudioDevelopment/OTTO/JUCE/modules/juce_audio_plugin_client/juce_audio_plugin_client.h:65:
In file included from /Users/larryseyer/AudioDevelopment/OTTO/JUCE/modules/juce_audio_processors/juce_audio_processors.h:177:
/Users/larryseyer/AudioDevelopment/OTTO/JUCE/modules/juce_audio_processors/utilities/juce_ParameterAttachments.h:260:25: warning: 'DOXYGEN' is not defined, evaluates to 0 [-Wundef]
  260 | #if JUCE_WEB_BROWSER || DOXYGEN
      |                         ^
In file included from /Users/larryseyer/AudioDevelopment/OTTO/Source/UI/Themes/ThemePresets.cpp:1:
In file included from /Users/larryseyer/AudioDevelopment/OTTO/Source/UI/Themes/ThemePresets.h:4:
In file included from /Users/larryseyer/AudioDevelopment/OTTO/Builds/MacOSX/CMake-Release/OTTO_artefacts/JuceLibraryCode/JuceHeader.h:14:
In file included from /Users/larryseyer/AudioDevelopment/OTTO/JUCE/modules/juce_audio_plugin_client/juce_audio_plugin_client.h:65:
In file included from /Users/larryseyer/AudioDevelopment/OTTO/JUCE/modules/juce_audio_processors/juce_audio_processors.h:178:
/Users/larryseyer/AudioDevelopment/OTTO/JUCE/modules/juce_audio_processors/utilities/juce_AudioProcessorValueTreeState.h:639:8: warning: 'JUCE_UNIT_TESTS' is not defined, evaluates to 0 [-Wundef]
  639 |    #if JUCE_UNIT_TESTS
      |        ^
In file included from /Users/larryseyer/AudioDevelopment/OTTO/Source/UI/Themes/ThemePresets.cpp:1:
In file included from /Users/larryseyer/AudioDevelopment/OTTO/Source/UI/Themes/ThemePresets.h:4:
In file included from /Users/larryseyer/AudioDevelopment/OTTO/Builds/MacOSX/CMake-Release/OTTO_artefacts/JuceLibraryCode/JuceHeader.h:23:
In file included from /Users/larryseyer/AudioDevelopment/OTTO/JUCE/modules/juce_audio_devices/juce_audio_devices.h:174:
/Users/larryseyer/AudioDevelopment/OTTO/JUCE/modules/juce_audio_devices/midi_io/juce_MidiDevices.h:205:8: warning: 'JUCE_LINUX' is not defined, evaluates to 0 [-Wundef]
  205 |    #if JUCE_LINUX || JUCE_BSD || JUCE_MAC || JUCE_IOS || DOXYGEN
      |        ^
/Users/larryseyer/AudioDevelopment/OTTO/JUCE/modules/juce_audio_devices/midi_io/juce_MidiDevices.h:205:22: warning: 'JUCE_BSD' is not defined, evaluates to 0 [-Wundef]
  205 |    #if JUCE_LINUX || JUCE_BSD || JUCE_MAC || JUCE_IOS || DOXYGEN
      |                      ^
/Users/larryseyer/AudioDevelopment/OTTO/JUCE/modules/juce_audio_devices/midi_io/juce_MidiDevices.h:364:8: warning: 'JUCE_LINUX' is not defined, evaluates to 0 [-Wundef]
  364 |    #if JUCE_LINUX || JUCE_BSD || JUCE_MAC || JUCE_IOS || DOXYGEN
      |        ^
/Users/larryseyer/AudioDevelopment/OTTO/JUCE/modules/juce_audio_devices/midi_io/juce_MidiDevices.h:364:22: warning: 'JUCE_BSD' is not defined, evaluates to 0 [-Wundef]
  364 |    #if JUCE_LINUX || JUCE_BSD || JUCE_MAC || JUCE_IOS || DOXYGEN
      |                      ^
In file included from /Users/larryseyer/AudioDevelopment/OTTO/Source/UI/Themes/ThemePresets.cpp:1:
In file included from /Users/larryseyer/AudioDevelopment/OTTO/Source/UI/Themes/ThemePresets.h:4:
In file included from /Users/larryseyer/AudioDevelopment/OTTO/Builds/MacOSX/CMake-Release/OTTO_artefacts/JuceLibraryCode/JuceHeader.h:23:
In file included from /Users/larryseyer/AudioDevelopment/OTTO/JUCE/modules/juce_audio_devices/juce_audio_devices.h:175:
/Users/larryseyer/AudioDevelopment/OTTO/JUCE/modules/juce_audio_devices/midi_io/juce_MidiMessageCollector.h:118:8: warning: 'JUCE_DEBUG' is not defined, evaluates to 0 [-Wundef]
  118 |    #if JUCE_DEBUG
      |        ^
In file included from /Users/larryseyer/AudioDevelopment/OTTO/Source/UI/Themes/ThemePresets.cpp:1:
In file included from /Users/larryseyer/AudioDevelopment/OTTO/Source/UI/Themes/ThemePresets.h:4:
In file included from /Users/larryseyer/AudioDevelopment/OTTO/Builds/MacOSX/CMake-Release/OTTO_artefacts/JuceLibraryCode/JuceHeader.h:23:
/Users/larryseyer/AudioDevelopment/OTTO/JUCE/modules/juce_audio_devices/juce_audio_devices.h:199:5: warning: 'JUCE_IOS' is not defined, evaluates to 0 [-Wundef]
  199 | #if JUCE_IOS
      |     ^
In file included from /Users/larryseyer/AudioDevelopment/OTTO/Source/UI/Themes/ThemePresets.cpp:1:
In file included from /Users/larryseyer/AudioDevelopment/OTTO/Source/UI/Themes/ThemePresets.h:4:
In file included from /Users/larryseyer/AudioDevelopment/OTTO/Builds/MacOSX/CMake-Release/OTTO_artefacts/JuceLibraryCode/JuceHeader.h:24:
/Users/larryseyer/AudioDevelopment/OTTO/JUCE/modules/juce_audio_formats/juce_audio_formats.h:117:7: warning: 'JUCE_WINDOWS' is not defined, evaluates to 0 [-Wundef]
  117 | #if ! JUCE_WINDOWS
      |       ^
In file included from /Users/larryseyer/AudioDevelopment/OTTO/Source/UI/Themes/ThemePresets.cpp:1:
In file included from /Users/larryseyer/AudioDevelopment/OTTO/Source/UI/Themes/ThemePresets.h:4:
In file included from /Users/larryseyer/AudioDevelopment/OTTO/Builds/MacOSX/CMake-Release/OTTO_artefacts/JuceLibraryCode/JuceHeader.h:24:
In file included from /Users/larryseyer/AudioDevelopment/OTTO/JUCE/modules/juce_audio_formats/juce_audio_formats.h:134:
/Users/larryseyer/AudioDevelopment/OTTO/JUCE/modules/juce_audio_formats/codecs/juce_LAMEEncoderAudioFormat.h:38:35: warning: 'DOXYGEN' is not defined, evaluates to 0 [-Wundef]
   38 | #if JUCE_USE_LAME_AUDIO_FORMAT || DOXYGEN
      |                                   ^
In file included from /Users/larryseyer/AudioDevelopment/OTTO/Source/UI/Themes/ThemePresets.cpp:1:
In file included from /Users/larryseyer/AudioDevelopment/OTTO/Source/UI/Themes/ThemePresets.h:4:
In file included from /Users/larryseyer/AudioDevelopment/OTTO/Builds/MacOSX/CMake-Release/OTTO_artefacts/JuceLibraryCode/JuceHeader.h:24:
In file included from /Users/larryseyer/AudioDevelopment/OTTO/JUCE/modules/juce_audio_formats/juce_audio_formats.h:135:
/Users/larryseyer/AudioDevelopment/OTTO/JUCE/modules/juce_audio_formats/codecs/juce_MP3AudioFormat.h:38:32: warning: 'DOXYGEN' is not defined, evaluates to 0 [-Wundef]
   38 | #if JUCE_USE_MP3AUDIOFORMAT || DOXYGEN
      |                                ^
In file included from /Users/larryseyer/AudioDevelopment/OTTO/Source/UI/Themes/ThemePresets.cpp:1:
In file included from /Users/larryseyer/AudioDevelopment/OTTO/Source/UI/Themes/ThemePresets.h:4:
In file included from /Users/larryseyer/AudioDevelopment/OTTO/Builds/MacOSX/CMake-Release/OTTO_artefacts/JuceLibraryCode/JuceHeader.h:24:
In file included from /Users/larryseyer/AudioDevelopment/OTTO/JUCE/modules/juce_audio_formats/juce_audio_formats.h:138:
/Users/larryseyer/AudioDevelopment/OTTO/JUCE/modules/juce_audio_formats/codecs/juce_WindowsMediaAudioFormat.h:38:5: warning: 'JUCE_WINDOWS' is not defined, evaluates to 0 [-Wundef]
   38 | #if JUCE_WINDOWS || DOXYGEN
      |     ^
/Users/larryseyer/AudioDevelopment/OTTO/JUCE/modules/juce_audio_formats/codecs/juce_WindowsMediaAudioFormat.h:38:21: warning: 'DOXYGEN' is not defined, evaluates to 0 [-Wundef]
   38 | #if JUCE_WINDOWS || DOXYGEN
      |                     ^
In file included from /Users/larryseyer/AudioDevelopment/OTTO/Source/UI/Themes/ThemePresets.cpp:1:
In file included from /Users/larryseyer/AudioDevelopment/OTTO/Source/UI/Themes/ThemePresets.h:4:
In file included from /Users/larryseyer/AudioDevelopment/OTTO/Builds/MacOSX/CMake-Release/OTTO_artefacts/JuceLibraryCode/JuceHeader.h:25:
In file included from /Users/larryseyer/AudioDevelopment/OTTO/JUCE/modules/juce_audio_utils/juce_audio_utils.h:99:
/Users/larryseyer/AudioDevelopment/OTTO/JUCE/modules/juce_audio_utils/audio_cd/juce_AudioCDBurner.h:38:26: warning: 'DOXYGEN' is not defined, evaluates to 0 [-Wundef]
   38 | #if JUCE_USE_CDBURNER || DOXYGEN
      |                          ^
In file included from /Users/larryseyer/AudioDevelopment/OTTO/Source/UI/Themes/ThemePresets.cpp:1:
In file included from /Users/larryseyer/AudioDevelopment/OTTO/Source/UI/Themes/ThemePresets.h:4:
In file included from /Users/larryseyer/AudioDevelopment/OTTO/Builds/MacOSX/CMake-Release/OTTO_artefacts/JuceLibraryCode/JuceHeader.h:25:
In file included from /Users/larryseyer/AudioDevelopment/OTTO/JUCE/modules/juce_audio_utils/juce_audio_utils.h:100:
/Users/larryseyer/AudioDevelopment/OTTO/JUCE/modules/juce_audio_utils/audio_cd/juce_AudioCDReader.h:38:26: warning: 'DOXYGEN' is not defined, evaluates to 0 [-Wundef]
   38 | #if JUCE_USE_CDREADER || DOXYGEN
      |                          ^
In file included from /Users/larryseyer/AudioDevelopment/OTTO/Source/UI/Themes/ThemePresets.cpp:1:
In file included from /Users/larryseyer/AudioDevelopment/OTTO/Source/UI/Themes/ThemePresets.h:4:
In file included from /Users/larryseyer/AudioDevelopment/OTTO/Builds/MacOSX/CMake-Release/OTTO_artefacts/JuceLibraryCode/JuceHeader.h:26:
/Users/larryseyer/AudioDevelopment/OTTO/JUCE/modules/juce_dsp/juce_dsp.h:69:5: warning: 'JUCE_INTEL' is not defined, evaluates to 0 [-Wundef]
   69 | #if JUCE_INTEL
      |     ^
/Users/larryseyer/AudioDevelopment/OTTO/JUCE/modules/juce_dsp/juce_dsp.h:95:20: warning: 'JUCE_WINDOWS' is not defined, evaluates to 0 [-Wundef]
   95 |  #if JUCE_64BIT && JUCE_WINDOWS
      |                    ^
/Users/larryseyer/AudioDevelopment/OTTO/JUCE/modules/juce_dsp/juce_dsp.h:113:6: warning: '_MSC_VER' is not defined, evaluates to 0 [-Wundef]
  113 |  #if _MSC_VER && JUCE_USE_SIMD && ! (defined (_M_X64) || defined (__amd64__))
      |      ^
/Users/larryseyer/AudioDevelopment/OTTO/JUCE/modules/juce_dsp/juce_dsp.h:242:6: warning: 'JUCE_INTEL' is not defined, evaluates to 0 [-Wundef]
  242 |  #if JUCE_INTEL
      |      ^
In file included from /Users/larryseyer/AudioDevelopment/OTTO/Source/UI/Themes/ThemePresets.cpp:1:
In file included from /Users/larryseyer/AudioDevelopment/OTTO/Source/UI/Themes/ThemePresets.h:4:
In file included from /Users/larryseyer/AudioDevelopment/OTTO/Builds/MacOSX/CMake-Release/OTTO_artefacts/JuceLibraryCode/JuceHeader.h:27:
/Users/larryseyer/AudioDevelopment/OTTO/JUCE/modules/juce_opengl/juce_opengl.h:72:5: warning: 'JUCE_IOS' is not defined, evaluates to 0 [-Wundef]
   72 | #if JUCE_IOS || JUCE_ANDROID
      |     ^
/Users/larryseyer/AudioDevelopment/OTTO/JUCE/modules/juce_opengl/juce_opengl.h:72:17: warning: 'JUCE_ANDROID' is not defined, evaluates to 0 [-Wundef]
   72 | #if JUCE_IOS || JUCE_ANDROID
      |                 ^
/Users/larryseyer/AudioDevelopment/OTTO/JUCE/modules/juce_opengl/juce_opengl.h:82:5: warning: 'JUCE_OPENGL_ES' is not defined, evaluates to 0 [-Wundef]
   82 | #if JUCE_OPENGL_ES || DOXYGEN
      |     ^
/Users/larryseyer/AudioDevelopment/OTTO/JUCE/modules/juce_opengl/juce_opengl.h:82:23: warning: 'DOXYGEN' is not defined, evaluates to 0 [-Wundef]
   82 | #if JUCE_OPENGL_ES || DOXYGEN
      |                       ^
In file included from /Users/larryseyer/AudioDevelopment/OTTO/Source/UI/Themes/ThemePresets.cpp:1:
In file included from /Users/larryseyer/AudioDevelopment/OTTO/Source/UI/Themes/ThemePresets.h:4:
In file included from /Users/larryseyer/AudioDevelopment/OTTO/Builds/MacOSX/CMake-Release/OTTO_artefacts/JuceLibraryCode/JuceHeader.h:27:
In file included from /Users/larryseyer/AudioDevelopment/OTTO/JUCE/modules/juce_opengl/juce_opengl.h:120:
/Users/larryseyer/AudioDevelopment/OTTO/JUCE/modules/juce_opengl/native/juce_OpenGLExtensions.h:127:8: warning: 'JUCE_WINDOWS' is not defined, evaluates to 0 [-Wundef]
  127 |    #if JUCE_WINDOWS && ! defined (DOXYGEN)
      |        ^
/Users/larryseyer/AudioDevelopment/OTTO/JUCE/modules/juce_opengl/native/juce_OpenGLExtensions.h:142:8: warning: 'JUCE_ANDROID' is not defined, evaluates to 0 [-Wundef]
  142 |    #if JUCE_ANDROID
      |        ^
In file included from /Users/larryseyer/AudioDevelopment/OTTO/Source/UI/Themes/ThemePresets.cpp:1:
In file included from /Users/larryseyer/AudioDevelopment/OTTO/Source/UI/Themes/ThemePresets.h:4:
/Users/larryseyer/AudioDevelopment/OTTO/Builds/MacOSX/CMake-Release/OTTO_artefacts/JuceLibraryCode/JuceHeader.h:34:7: warning: 'DONT_SET_USING_JUCE_NAMESPACE' is not defined, evaluates to 0 [-Wundef]
   34 | #if ! DONT_SET_USING_JUCE_NAMESPACE
      |       ^
In file included from /Users/larryseyer/AudioDevelopment/OTTO/Source/UI/Themes/ThemePresets.cpp:1:
In file included from /Users/larryseyer/AudioDevelopment/OTTO/Source/UI/Themes/ThemePresets.h:5:
/Users/larryseyer/AudioDevelopment/OTTO/Source/UI/Themes/../../ColorScheme.h:104:55: warning: unused parameter 'newThemeName' [-Wunused-parameter]
  104 |         virtual void themeChanged(const juce::String& newThemeName) {}
      |                                                       ^
/Users/larryseyer/AudioDevelopment/OTTO/Source/UI/Themes/../../ColorScheme.h:105:55: warning: unused parameter 'component' [-Wunused-parameter]
  105 |         virtual void colorChanged(const juce::String& component, const juce::String& property, const juce::Colour& newColor) {}
      |                                                       ^
/Users/larryseyer/AudioDevelopment/OTTO/Source/UI/Themes/../../ColorScheme.h:105:86: warning: unused parameter 'property' [-Wunused-parameter]
  105 |         virtual void colorChanged(const juce::String& component, const juce::String& property, const juce::Colour& newColor) {}
      |                                                                                      ^
/Users/larryseyer/AudioDevelopment/OTTO/Source/UI/Themes/../../ColorScheme.h:105:116: warning: unused parameter 'newColor' [-Wunused-parameter]
  105 |         virtual void colorChanged(const juce::String& component, const juce::String& property, const juce::Colour& newColor) {}
      |                                                                                                                    ^
In file included from /Users/larryseyer/AudioDevelopment/OTTO/Source/UI/Themes/ThemePresets.cpp:1:
/Users/larryseyer/AudioDevelopment/OTTO/Source/UI/Themes/ThemePresets.h:369:53: warning: unused parameter 'preset' [-Wunused-parameter]
  369 |         virtual void presetAdded(const ThemePreset& preset) {}
      |                                                     ^
/Users/larryseyer/AudioDevelopment/OTTO/Source/UI/Themes/ThemePresets.h:375:56: warning: unused parameter 'presetName' [-Wunused-parameter]
  375 |         virtual void presetRemoved(const juce::String& presetName) {}
      |                                                        ^
/Users/larryseyer/AudioDevelopment/OTTO/Source/UI/Themes/ThemePresets.h:381:55: warning: unused parameter 'preset' [-Wunused-parameter]
  381 |         virtual void presetUpdated(const ThemePreset& preset) {}
      |                                                       ^
In file included from /Users/larryseyer/AudioDevelopment/OTTO/Source/UI/Themes/ThemePresets.cpp:3:
In file included from /Users/larryseyer/AudioDevelopment/OTTO/Source/UI/Themes/../../INIDataManager.h:6:
/Users/larryseyer/AudioDevelopment/OTTO/Source/UI/Themes/../../MidiEngine.h:24:34: warning: implicit conversion increases floating-point precision: 'const float' to 'double' [-Wdouble-promotion]
   24 |         double currentPosition = INIConfig::MIDI::DEFAULT_POSITION;
      |                                  ^~~~~~~~~~~~~~~~~~~~~~~~~~~~~~~~~
/Users/larryseyer/AudioDevelopment/OTTO/Source/UI/Themes/../../MidiEngine.h:224:35: warning: implicit conversion increases floating-point precision: 'const float' to 'double' [-Wdouble-promotion]
  224 |         double playbackPosition = INIConfig::MIDI::DEFAULT_POSITION;
      |                                   ^~~~~~~~~~~~~~~~~~~~~~~~~~~~~~~~~
/Users/larryseyer/AudioDevelopment/OTTO/Source/UI/Themes/../../MidiEngine.h:225:34: warning: implicit conversion increases floating-point precision: 'const float' to 'double' [-Wdouble-promotion]
  225 |         double lastProcessTime = INIConfig::MIDI::DEFAULT_LAST_TIME;
      |                                  ^~~~~~~~~~~~~~~~~~~~~~~~~~~~~~~~~~
/Users/larryseyer/AudioDevelopment/OTTO/Source/UI/Themes/../../MidiEngine.h:247:30: warning: implicit conversion increases floating-point precision: 'const float' to 'double' [-Wdouble-promotion]
  247 |     double lastProcessTime = INIConfig::MIDI::DEFAULT_LAST_TIME;
      |                              ^~~~~~~~~~~~~~~~~~~~~~~~~~~~~~~~~~
/Users/larryseyer/AudioDevelopment/OTTO/Source/UI/Themes/../../MidiEngine.h:248:28: warning: implicit conversion increases floating-point precision: 'const float' to 'double' [-Wdouble-promotion]
  248 |     double lastClockTime = INIConfig::MIDI::DEFAULT_LAST_TIME;
      |                            ^~~~~~~~~~~~~~~~~~~~~~~~~~~~~~~~~~
/Users/larryseyer/AudioDevelopment/OTTO/Source/UI/Themes/../../MidiEngine.h:253:24: warning: implicit conversion increases floating-point precision: 'const float' to 'double' [-Wdouble-promotion]
  253 |     double hostTempo = INIConfig::MIDI::DEFAULT_POSITION;
      |                        ^~~~~~~~~~~~~~~~~~~~~~~~~~~~~~~~~
/Users/larryseyer/AudioDevelopment/OTTO/Source/UI/Themes/../../MidiEngine.h:264:30: warning: implicit conversion increases floating-point precision: 'const float' to 'double' [-Wdouble-promotion]
  264 |     double countInPosition = INIConfig::MIDI::DEFAULT_POSITION;
      |                              ^~~~~~~~~~~~~~~~~~~~~~~~~~~~~~~~~
/Users/larryseyer/AudioDevelopment/OTTO/Source/UI/Themes/../../MidiEngine.h:272:30: warning: implicit conversion increases floating-point precision: 'const float' to 'double' [-Wdouble-promotion]
  272 |     double recordStartTime = INIConfig::MIDI::DEFAULT_LAST_TIME;
      |                              ^~~~~~~~~~~~~~~~~~~~~~~~~~~~~~~~~~
/Users/larryseyer/AudioDevelopment/OTTO/Source/UI/Themes/../../MidiEngine.h:278:37: warning: implicit conversion increases floating-point precision: 'const float' to 'double' [-Wdouble-promotion]
  278 |     double loopRecordingStartTime = INIConfig::MIDI::DEFAULT_LAST_TIME;
      |                                     ^~~~~~~~~~~~~~~~~~~~~~~~~~~~~~~~~~
/Users/larryseyer/AudioDevelopment/OTTO/Source/UI/Themes/../../MidiEngine.h:285:26: warning: implicit conversion increases floating-point precision: 'const float' to 'double' [-Wdouble-promotion]
  285 |     double lastTapTime = INIConfig::MIDI::DEFAULT_LAST_TIME;
      |                          ^~~~~~~~~~~~~~~~~~~~~~~~~~~~~~~~~~
/Users/larryseyer/AudioDevelopment/OTTO/Source/UI/Themes/ThemePresets.cpp:377:51: warning: implicit conversion increases floating-point precision: 'const float' to 'double' [-Wdouble-promotion]
  377 |     themeXml.setAttribute("contrastRatio", preset.contrastRatio);
      |              ~~~~~~~~~~~~                  ~~~~~~~^~~~~~~~~~~~~
/Users/larryseyer/AudioDevelopment/OTTO/Source/UI/Themes/ThemePresets.cpp:586:61: warning: implicit conversion increases floating-point precision: 'const float' to 'double' [-Wdouble-promotion]
  586 |             state.setValue(prefix + "ContrastRatio", preset.contrastRatio);
      |                                                      ~~~~~~~^~~~~~~~~~~~~
/Users/larryseyer/AudioDevelopment/OTTO/Source/UI/Themes/ThemePresets.cpp:622:71: error: too few arguments to function call, expected 2, have 1
  622 |         auto state = INIDataManager::loadComponentState("ThemePresets");
      |                      ~~~~~~~~~~~~~~~~~~~~~~~~~~~~~~~~~~               ^
In file included from /Users/larryseyer/AudioDevelopment/OTTO/Source/UI/Themes/ThemePresets.cpp:3:
/Users/larryseyer/AudioDevelopment/OTTO/Source/UI/Themes/../../INIDataManager.h:111:17: note: 'loadComponentState' declared here
  111 |     static bool loadComponentState(const juce::String& componentName, ComponentState& state);
      |                 ^                  ~~~~~~~~~~~~~~~~~~~~~~~~~~~~~~~~~~~~~~~~~~~~~~~~~~~~~~~~
/Users/larryseyer/AudioDevelopment/OTTO/Source/UI/Themes/ThemePresets.cpp:971:14: warning: unused variable 'color' [-Wunused-variable]
  971 |         auto color = juce::Colour::fromString(colorValue);
      |              ^~~~~
/Users/larryseyer/AudioDevelopment/OTTO/Source/UI/Themes/ThemePresets.cpp:966:85: warning: unused parameter 'colorScheme' [-Wunused-parameter]
  966 | void ThemePresets::applyPresetToColorScheme(const ThemePreset& preset, ColorScheme& colorScheme) const
      |                                                                                     ^
In file included from /Users/larryseyer/AudioDevelopment/OTTO/Source/UI/Themes/ThemePresets.cpp:1:
In file included from /Users/larryseyer/AudioDevelopment/OTTO/Source/UI/Themes/ThemePresets.h:4:
In file included from /Users/larryseyer/AudioDevelopment/OTTO/Builds/MacOSX/CMake-Release/OTTO_artefacts/JuceLibraryCode/JuceHeader.h:14:
In file included from /Users/larryseyer/AudioDevelopment/OTTO/JUCE/modules/juce_audio_plugin_client/juce_audio_plugin_client.h:63:
In file included from /Users/larryseyer/AudioDevelopment/OTTO/JUCE/modules/juce_gui_basics/juce_gui_basics.h:68:
In file included from /Users/larryseyer/AudioDevelopment/OTTO/JUCE/modules/juce_graphics/juce_graphics.h:116:
/Users/larryseyer/AudioDevelopment/OTTO/JUCE/modules/juce_graphics/geometry/juce_Line.h:242:81: warning: implicit conversion increases floating-point precision: 'float' to 'double' [-Wdouble-promotion]
  242 |                  start.y + static_cast<ValueType> ((delta.y * distanceFromStart + delta.x * perpendicularDistance) / length) };
      |                                                     ~~~~~~~~~~~~~~~~~~~~~~~~~~~~^~~~~~~~~~~~~~~~~~~~~~~~~~~~~~~~~  ~
In file included from /Users/larryseyer/AudioDevelopment/OTTO/Source/UI/Themes/ThemePresets.cpp:1:
In file included from /Users/larryseyer/AudioDevelopment/OTTO/Source/UI/Themes/ThemePresets.h:4:
In file included from /Users/larryseyer/AudioDevelopment/OTTO/Builds/MacOSX/CMake-Release/OTTO_artefacts/JuceLibraryCode/JuceHeader.h:14:
In file included from /Users/larryseyer/AudioDevelopment/OTTO/JUCE/modules/juce_audio_plugin_client/juce_audio_plugin_client.h:63:
In file included from /Users/larryseyer/AudioDevelopment/OTTO/JUCE/modules/juce_gui_basics/juce_gui_basics.h:68:
In file included from /Users/larryseyer/AudioDevelopment/OTTO/JUCE/modules/juce_graphics/juce_graphics.h:150:
/Users/larryseyer/AudioDevelopment/OTTO/JUCE/modules/juce_graphics/native/juce_RenderingHelpers.h:343:64: note: in instantiation of member function 'juce::Line<float>::getPointAlongLine' requested here
  343 |     const Line perpendicularThroughPoint { point, point + line.getPointAlongLine (0.0f, 1.0f) - line.getStart() };
      |                                                                ^
In file included from /Users/larryseyer/AudioDevelopment/OTTO/Source/UI/Themes/ThemePresets.cpp:1:
In file included from /Users/larryseyer/AudioDevelopment/OTTO/Source/UI/Themes/ThemePresets.h:4:
In file included from /Users/larryseyer/AudioDevelopment/OTTO/Builds/MacOSX/CMake-Release/OTTO_artefacts/JuceLibraryCode/JuceHeader.h:14:
In file included from /Users/larryseyer/AudioDevelopment/OTTO/JUCE/modules/juce_audio_plugin_client/juce_audio_plugin_client.h:63:
In file included from /Users/larryseyer/AudioDevelopment/OTTO/JUCE/modules/juce_gui_basics/juce_gui_basics.h:68:
In file included from /Users/larryseyer/AudioDevelopment/OTTO/JUCE/modules/juce_graphics/juce_graphics.h:116:
/Users/larryseyer/AudioDevelopment/OTTO/JUCE/modules/juce_graphics/geometry/juce_Line.h:241:81: warning: implicit conversion increases floating-point precision: 'float' to 'double' [-Wdouble-promotion]
  241 |         return { start.x + static_cast<ValueType> ((delta.x * distanceFromStart - delta.y * perpendicularDistance) / length),
      |                                                     ~~~~~~~~~~~~~~~~~~~~~~~~~~~~^~~~~~~~~~~~~~~~~~~~~~~~~~~~~~~~~  ~

CompileC /Users/larryseyer/AudioDevelopment/OTTO/Builds/MacOSX/CMake-Release/build/OTTO.build/Release/Objects-normal/arm64/ThemeManager.o /Users/larryseyer/AudioDevelopment/OTTO/Source/UI/Themes/ThemeManager.cpp normal arm64 c++ com.apple.compilers.llvm.clang.1_0.compiler (in target 'OTTO' from project 'OTTO')
    cd /Users/larryseyer/AudioDevelopment/OTTO
    
    Using response file: /Users/larryseyer/AudioDevelopment/OTTO/Builds/MacOSX/CMake-Release/build/OTTO.build/Release/Objects-normal/arm64/82b82416624d2658e5098eb0a28c15c5-common-args.resp
    
    /Applications/Xcode.app/Contents/Developer/Toolchains/XcodeDefault.xctoolchain/usr/bin/clang -x c++ -ivfsstatcache /var/folders/0p/t4rj91z90d38yk0_8vh370gr0000gn/C/com.apple.DeveloperTools/16.4-16F6/Xcode/SDKStatCaches.noindex/macosx15.5-24F74-8254517eb8b97d462ccbc072ba9094c9.sdkstatcache -fmessage-length\=0 -fdiagnostics-show-note-include-stack -fmacro-backtrace-limit\=0 -fno-color-diagnostics -Wno-trigraphs -Wno-missing-field-initializers -Wno-missing-prototypes -Wno-return-type -Wno-non-virtual-dtor -Wno-overloaded-virtual -Wno-exit-time-destructors -Wno-missing-braces -Wparentheses -Wswitch -Wno-unused-function -Wno-unused-label -Wno-unused-parameter -Wno-unused-variable -Wunused-value -Wno-empty-body -Wno-uninitialized -Wno-unknown-pragmas -Wno-shadow -Wno-four-char-constants -Wno-conversion -Wno-constant-conversion -Wno-int-conversion -Wno-bool-conversion -Wno-enum-conversion -Wno-float-conversion -Wno-non-literal-null-conversion -Wno-objc-literal-conversion -Wshorten-64-to-32 -Wno-newline-eof -Wno-c++11-extensions -Wno-implicit-fallthrough -fstrict-aliasing -Wdeprecated-declarations -Winvalid-offsetof -Wno-sign-conversion -Wno-infinite-recursion -Wno-move -Wno-comma -Wno-block-capture-autoreleasing -Wno-strict-prototypes -Wno-range-loop-analysis -Wno-semicolon-before-method-body -Wall -Wextra -Wpedantic -Wformat\=2 -Wformat-security -Wnull-dereference -Wdouble-promotion -Wshadow -Wundef -Wcast-align @/Users/larryseyer/AudioDevelopment/OTTO/Builds/MacOSX/CMake-Release/build/OTTO.build/Release/Objects-normal/arm64/82b82416624d2658e5098eb0a28c15c5-common-args.resp -MMD -MT dependencies -MF /Users/larryseyer/AudioDevelopment/OTTO/Builds/MacOSX/CMake-Release/build/OTTO.build/Release/Objects-normal/arm64/ThemeManager.d --serialize-diagnostics /Users/larryseyer/AudioDevelopment/OTTO/Builds/MacOSX/CMake-Release/build/OTTO.build/Release/Objects-normal/arm64/ThemeManager.dia -c /Users/larryseyer/AudioDevelopment/OTTO/Source/UI/Themes/ThemeManager.cpp -o /Users/larryseyer/AudioDevelopment/OTTO/Builds/MacOSX/CMake-Release/build/OTTO.build/Release/Objects-normal/arm64/ThemeManager.o
In file included from /Users/larryseyer/AudioDevelopment/OTTO/Source/UI/Themes/ThemeManager.cpp:1:
In file included from /Users/larryseyer/AudioDevelopment/OTTO/Source/UI/Themes/ThemeManager.h:4:
In file included from /Users/larryseyer/AudioDevelopment/OTTO/Builds/MacOSX/CMake-Release/OTTO_artefacts/JuceLibraryCode/JuceHeader.h:14:
In file included from /Users/larryseyer/AudioDevelopment/OTTO/JUCE/modules/juce_audio_plugin_client/juce_audio_plugin_client.h:63:
In file included from /Users/larryseyer/AudioDevelopment/OTTO/JUCE/modules/juce_gui_basics/juce_gui_basics.h:68:
In file included from /Users/larryseyer/AudioDevelopment/OTTO/JUCE/modules/juce_graphics/juce_graphics.h:67:
In file included from /Users/larryseyer/AudioDevelopment/OTTO/JUCE/modules/juce_core/juce_core.h:77:
/Users/larryseyer/AudioDevelopment/OTTO/JUCE/modules/juce_core/system/juce_TargetPlatform.h:99:5: warning: 'JUCE_WINDOWS' is not defined, evaluates to 0 [-Wundef]
   99 | #if JUCE_WINDOWS
      |     ^
/Users/larryseyer/AudioDevelopment/OTTO/JUCE/modules/juce_core/system/juce_TargetPlatform.h:183:5: warning: 'JUCE_LINUX' is not defined, evaluates to 0 [-Wundef]
  183 | #if JUCE_LINUX || JUCE_ANDROID || JUCE_BSD
      |     ^
/Users/larryseyer/AudioDevelopment/OTTO/JUCE/modules/juce_core/system/juce_TargetPlatform.h:183:19: warning: 'JUCE_ANDROID' is not defined, evaluates to 0 [-Wundef]
  183 | #if JUCE_LINUX || JUCE_ANDROID || JUCE_BSD
      |                   ^
/Users/larryseyer/AudioDevelopment/OTTO/JUCE/modules/juce_core/system/juce_TargetPlatform.h:183:35: warning: 'JUCE_BSD' is not defined, evaluates to 0 [-Wundef]
  183 | #if JUCE_LINUX || JUCE_ANDROID || JUCE_BSD
      |                                   ^
In file included from /Users/larryseyer/AudioDevelopment/OTTO/Source/UI/Themes/ThemeManager.cpp:1:
In file included from /Users/larryseyer/AudioDevelopment/OTTO/Source/UI/Themes/ThemeManager.h:4:
In file included from /Users/larryseyer/AudioDevelopment/OTTO/Builds/MacOSX/CMake-Release/OTTO_artefacts/JuceLibraryCode/JuceHeader.h:14:
In file included from /Users/larryseyer/AudioDevelopment/OTTO/JUCE/modules/juce_audio_plugin_client/juce_audio_plugin_client.h:63:
In file included from /Users/larryseyer/AudioDevelopment/OTTO/JUCE/modules/juce_gui_basics/juce_gui_basics.h:68:
In file included from /Users/larryseyer/AudioDevelopment/OTTO/JUCE/modules/juce_graphics/juce_graphics.h:67:
/Users/larryseyer/AudioDevelopment/OTTO/JUCE/modules/juce_core/juce_core.h:115:5: warning: 'JUCE_DEBUG' is not defined, evaluates to 0 [-Wundef]
  115 | #if JUCE_DEBUG && ! defined (JUCE_CHECK_MEMORY_LEAKS)
      |     ^
/Users/larryseyer/AudioDevelopment/OTTO/JUCE/modules/juce_core/juce_core.h:207:5: warning: 'JUCE_CORE_INCLUDE_NATIVE_HEADERS' is not defined, evaluates to 0 [-Wundef]
  207 | #if JUCE_CORE_INCLUDE_NATIVE_HEADERS
      |     ^
/Users/larryseyer/AudioDevelopment/OTTO/JUCE/modules/juce_core/juce_core.h:211:5: warning: 'JUCE_WINDOWS' is not defined, evaluates to 0 [-Wundef]
  211 | #if JUCE_WINDOWS
      |     ^
In file included from /Users/larryseyer/AudioDevelopment/OTTO/Source/UI/Themes/ThemeManager.cpp:1:
In file included from /Users/larryseyer/AudioDevelopment/OTTO/Source/UI/Themes/ThemeManager.h:4:
In file included from /Users/larryseyer/AudioDevelopment/OTTO/Builds/MacOSX/CMake-Release/OTTO_artefacts/JuceLibraryCode/JuceHeader.h:14:
In file included from /Users/larryseyer/AudioDevelopment/OTTO/JUCE/modules/juce_audio_plugin_client/juce_audio_plugin_client.h:63:
In file included from /Users/larryseyer/AudioDevelopment/OTTO/JUCE/modules/juce_gui_basics/juce_gui_basics.h:68:
In file included from /Users/larryseyer/AudioDevelopment/OTTO/JUCE/modules/juce_graphics/juce_graphics.h:67:
In file included from /Users/larryseyer/AudioDevelopment/OTTO/JUCE/modules/juce_core/juce_core.h:215:
/Users/larryseyer/AudioDevelopment/OTTO/JUCE/modules/juce_core/system/juce_StandardHeader.h:56:7: warning: 'DOXYGEN' is not defined, evaluates to 0 [-Wundef]
   56 | #if ! DOXYGEN
      |       ^
In file included from /Users/larryseyer/AudioDevelopment/OTTO/Source/UI/Themes/ThemeManager.cpp:1:
In file included from /Users/larryseyer/AudioDevelopment/OTTO/Source/UI/Themes/ThemeManager.h:4:
In file included from /Users/larryseyer/AudioDevelopment/OTTO/Builds/MacOSX/CMake-Release/OTTO_artefacts/JuceLibraryCode/JuceHeader.h:14:
In file included from /Users/larryseyer/AudioDevelopment/OTTO/JUCE/modules/juce_audio_plugin_client/juce_audio_plugin_client.h:63:
In file included from /Users/larryseyer/AudioDevelopment/OTTO/JUCE/modules/juce_gui_basics/juce_gui_basics.h:68:
In file included from /Users/larryseyer/AudioDevelopment/OTTO/JUCE/modules/juce_graphics/juce_graphics.h:67:
In file included from /Users/larryseyer/AudioDevelopment/OTTO/JUCE/modules/juce_core/juce_core.h:215:
In file included from /Users/larryseyer/AudioDevelopment/OTTO/JUCE/modules/juce_core/system/juce_StandardHeader.h:93:
/Users/larryseyer/AudioDevelopment/OTTO/JUCE/modules/juce_core/system/juce_CompilerSupport.h:43:5: warning: 'JUCE_GCC' is not defined, evaluates to 0 [-Wundef]
   43 | #if JUCE_GCC
      |     ^
/Users/larryseyer/AudioDevelopment/OTTO/JUCE/modules/juce_core/system/juce_CompilerSupport.h:94:5: warning: 'JUCE_MSVC' is not defined, evaluates to 0 [-Wundef]
   94 | #if JUCE_MSVC
      |     ^
In file included from /Users/larryseyer/AudioDevelopment/OTTO/Source/UI/Themes/ThemeManager.cpp:1:
In file included from /Users/larryseyer/AudioDevelopment/OTTO/Source/UI/Themes/ThemeManager.h:4:
In file included from /Users/larryseyer/AudioDevelopment/OTTO/Builds/MacOSX/CMake-Release/OTTO_artefacts/JuceLibraryCode/JuceHeader.h:14:
In file included from /Users/larryseyer/AudioDevelopment/OTTO/JUCE/modules/juce_audio_plugin_client/juce_audio_plugin_client.h:63:
In file included from /Users/larryseyer/AudioDevelopment/OTTO/JUCE/modules/juce_gui_basics/juce_gui_basics.h:68:
In file included from /Users/larryseyer/AudioDevelopment/OTTO/JUCE/modules/juce_graphics/juce_graphics.h:67:
In file included from /Users/larryseyer/AudioDevelopment/OTTO/JUCE/modules/juce_core/juce_core.h:215:
In file included from /Users/larryseyer/AudioDevelopment/OTTO/JUCE/modules/juce_core/system/juce_StandardHeader.h:94:
/Users/larryseyer/AudioDevelopment/OTTO/JUCE/modules/juce_core/system/juce_CompilerWarnings.h:221:5: warning: 'JUCE_MSVC' is not defined, evaluates to 0 [-Wundef]
  221 | #if JUCE_MSVC
      |     ^
In file included from /Users/larryseyer/AudioDevelopment/OTTO/Source/UI/Themes/ThemeManager.cpp:1:
In file included from /Users/larryseyer/AudioDevelopment/OTTO/Source/UI/Themes/ThemeManager.h:4:
In file included from /Users/larryseyer/AudioDevelopment/OTTO/Builds/MacOSX/CMake-Release/OTTO_artefacts/JuceLibraryCode/JuceHeader.h:14:
In file included from /Users/larryseyer/AudioDevelopment/OTTO/JUCE/modules/juce_audio_plugin_client/juce_audio_plugin_client.h:63:
In file included from /Users/larryseyer/AudioDevelopment/OTTO/JUCE/modules/juce_gui_basics/juce_gui_basics.h:68:
In file included from /Users/larryseyer/AudioDevelopment/OTTO/JUCE/modules/juce_graphics/juce_graphics.h:67:
In file included from /Users/larryseyer/AudioDevelopment/OTTO/JUCE/modules/juce_core/juce_core.h:215:
In file included from /Users/larryseyer/AudioDevelopment/OTTO/JUCE/modules/juce_core/system/juce_StandardHeader.h:95:
/Users/larryseyer/AudioDevelopment/OTTO/JUCE/modules/juce_core/system/juce_PlatformDefs.h:54:5: warning: 'JUCE_WINDOWS' is not defined, evaluates to 0 [-Wundef]
   54 | #if JUCE_WINDOWS
      |     ^
/Users/larryseyer/AudioDevelopment/OTTO/JUCE/modules/juce_core/system/juce_PlatformDefs.h:66:29: warning: 'JUCE_DEBUG' is not defined, evaluates to 0 [-Wundef]
   66 |  #if JUCE_LOG_ASSERTIONS || JUCE_DEBUG
      |                             ^
/Users/larryseyer/AudioDevelopment/OTTO/JUCE/modules/juce_core/system/juce_PlatformDefs.h:74:5: warning: 'JUCE_IOS' is not defined, evaluates to 0 [-Wundef]
   74 | #if JUCE_IOS || JUCE_LINUX || JUCE_BSD
      |     ^
/Users/larryseyer/AudioDevelopment/OTTO/JUCE/modules/juce_core/system/juce_PlatformDefs.h:74:17: warning: 'JUCE_LINUX' is not defined, evaluates to 0 [-Wundef]
   74 | #if JUCE_IOS || JUCE_LINUX || JUCE_BSD
      |                 ^
/Users/larryseyer/AudioDevelopment/OTTO/JUCE/modules/juce_core/system/juce_PlatformDefs.h:74:31: warning: 'JUCE_BSD' is not defined, evaluates to 0 [-Wundef]
   74 | #if JUCE_IOS || JUCE_LINUX || JUCE_BSD
      |                               ^
/Users/larryseyer/AudioDevelopment/OTTO/JUCE/modules/juce_core/system/juce_PlatformDefs.h:81:7: warning: 'JUCE_MSVC' is not defined, evaluates to 0 [-Wundef]
   81 | #elif JUCE_MSVC
      |       ^
/Users/larryseyer/AudioDevelopment/OTTO/JUCE/modules/juce_core/system/juce_PlatformDefs.h:86:7: warning: 'JUCE_INTEL' is not defined, evaluates to 0 [-Wundef]
   86 | #elif JUCE_INTEL && (JUCE_GCC || JUCE_CLANG || JUCE_MAC)
      |       ^
/Users/larryseyer/AudioDevelopment/OTTO/JUCE/modules/juce_core/system/juce_PlatformDefs.h:132:5: warning: 'JUCE_MSVC' is not defined, evaluates to 0 [-Wundef]
  132 | #if JUCE_MSVC && ! defined (DOXYGEN)
      |     ^
/Users/larryseyer/AudioDevelopment/OTTO/JUCE/modules/juce_core/system/juce_PlatformDefs.h:146:6: warning: 'JUCE_DEBUG' is not defined, evaluates to 0 [-Wundef]
  146 | #if (JUCE_DEBUG && ! JUCE_DISABLE_ASSERTIONS) || DOXYGEN
      |      ^
/Users/larryseyer/AudioDevelopment/OTTO/JUCE/modules/juce_core/system/juce_PlatformDefs.h:146:50: warning: 'DOXYGEN' is not defined, evaluates to 0 [-Wundef]
  146 | #if (JUCE_DEBUG && ! JUCE_DISABLE_ASSERTIONS) || DOXYGEN
      |                                                  ^
/Users/larryseyer/AudioDevelopment/OTTO/JUCE/modules/juce_core/system/juce_PlatformDefs.h:272:5: warning: 'JUCE_MSVC' is not defined, evaluates to 0 [-Wundef]
  272 | #if JUCE_MSVC && ! defined (DOXYGEN)
      |     ^
/Users/larryseyer/AudioDevelopment/OTTO/JUCE/modules/juce_core/system/juce_PlatformDefs.h:291:5: warning: 'JUCE_DEBUG' is not defined, evaluates to 0 [-Wundef]
  291 | #if JUCE_DEBUG || DOXYGEN
      |     ^
/Users/larryseyer/AudioDevelopment/OTTO/JUCE/modules/juce_core/system/juce_PlatformDefs.h:291:19: warning: 'DOXYGEN' is not defined, evaluates to 0 [-Wundef]
  291 | #if JUCE_DEBUG || DOXYGEN
      |                   ^
/Users/larryseyer/AudioDevelopment/OTTO/JUCE/modules/juce_core/system/juce_PlatformDefs.h:299:7: warning: 'JUCE_MSVC' is not defined, evaluates to 0 [-Wundef]
  299 |   #if JUCE_MSVC
      |       ^
/Users/larryseyer/AudioDevelopment/OTTO/JUCE/modules/juce_core/system/juce_PlatformDefs.h:306:5: warning: 'JUCE_MSVC' is not defined, evaluates to 0 [-Wundef]
  306 | #if JUCE_MSVC || DOXYGEN
      |     ^
/Users/larryseyer/AudioDevelopment/OTTO/JUCE/modules/juce_core/system/juce_PlatformDefs.h:306:18: warning: 'DOXYGEN' is not defined, evaluates to 0 [-Wundef]
  306 | #if JUCE_MSVC || DOXYGEN
      |                  ^
/Users/larryseyer/AudioDevelopment/OTTO/JUCE/modules/juce_core/system/juce_PlatformDefs.h:315:5: warning: 'JUCE_ANDROID' is not defined, evaluates to 0 [-Wundef]
  315 | #if JUCE_ANDROID && ! defined (DOXYGEN)
      |     ^
/Users/larryseyer/AudioDevelopment/OTTO/JUCE/modules/juce_core/system/juce_PlatformDefs.h:324:5: warning: 'JUCE_GCC' is not defined, evaluates to 0 [-Wundef]
  324 | #if JUCE_GCC || JUCE_CLANG
      |     ^
/Users/larryseyer/AudioDevelopment/OTTO/JUCE/modules/juce_core/system/juce_PlatformDefs.h:331:5: warning: 'JUCE_GCC' is not defined, evaluates to 0 [-Wundef]
  331 | #if JUCE_GCC || DOXYGEN
      |     ^
/Users/larryseyer/AudioDevelopment/OTTO/JUCE/modules/juce_core/system/juce_PlatformDefs.h:331:17: warning: 'DOXYGEN' is not defined, evaluates to 0 [-Wundef]
  331 | #if JUCE_GCC || DOXYGEN
      |                 ^
In file included from /Users/larryseyer/AudioDevelopment/OTTO/Source/UI/Themes/ThemeManager.cpp:1:
In file included from /Users/larryseyer/AudioDevelopment/OTTO/Source/UI/Themes/ThemeManager.h:4:
In file included from /Users/larryseyer/AudioDevelopment/OTTO/Builds/MacOSX/CMake-Release/OTTO_artefacts/JuceLibraryCode/JuceHeader.h:14:
In file included from /Users/larryseyer/AudioDevelopment/OTTO/JUCE/modules/juce_audio_plugin_client/juce_audio_plugin_client.h:63:
In file included from /Users/larryseyer/AudioDevelopment/OTTO/JUCE/modules/juce_gui_basics/juce_gui_basics.h:68:
In file included from /Users/larryseyer/AudioDevelopment/OTTO/JUCE/modules/juce_graphics/juce_graphics.h:67:
In file included from /Users/larryseyer/AudioDevelopment/OTTO/JUCE/modules/juce_core/juce_core.h:215:
/Users/larryseyer/AudioDevelopment/OTTO/JUCE/modules/juce_core/system/juce_StandardHeader.h:101:5: warning: 'JUCE_MSVC' is not defined, evaluates to 0 [-Wundef]
  101 | #if JUCE_MSVC
      |     ^
/Users/larryseyer/AudioDevelopment/OTTO/JUCE/modules/juce_core/system/juce_StandardHeader.h:113:5: warning: 'JUCE_LINUX' is not defined, evaluates to 0 [-Wundef]
  113 | #if JUCE_LINUX || JUCE_BSD
      |     ^
/Users/larryseyer/AudioDevelopment/OTTO/JUCE/modules/juce_core/system/juce_StandardHeader.h:113:19: warning: 'JUCE_BSD' is not defined, evaluates to 0 [-Wundef]
  113 | #if JUCE_LINUX || JUCE_BSD
      |                   ^
/Users/larryseyer/AudioDevelopment/OTTO/JUCE/modules/juce_core/system/juce_StandardHeader.h:126:5: warning: 'JUCE_MSVC' is not defined, evaluates to 0 [-Wundef]
  126 | #if JUCE_MSVC && JUCE_DEBUG
      |     ^
/Users/larryseyer/AudioDevelopment/OTTO/JUCE/modules/juce_core/system/juce_StandardHeader.h:132:5: warning: 'JUCE_ANDROID' is not defined, evaluates to 0 [-Wundef]
  132 | #if JUCE_ANDROID
      |     ^
/Users/larryseyer/AudioDevelopment/OTTO/JUCE/modules/juce_core/system/juce_StandardHeader.h:147:5: warning: 'JUCE_MSVC' is not defined, evaluates to 0 [-Wundef]
  147 | #if JUCE_MSVC
      |     ^
/Users/larryseyer/AudioDevelopment/OTTO/JUCE/modules/juce_core/system/juce_StandardHeader.h:167:5: warning: 'JUCE_MSVC' is not defined, evaluates to 0 [-Wundef]
  167 | #if JUCE_MSVC && JUCE_DLL_BUILD
      |     ^
In file included from /Users/larryseyer/AudioDevelopment/OTTO/Source/UI/Themes/ThemeManager.cpp:1:
In file included from /Users/larryseyer/AudioDevelopment/OTTO/Source/UI/Themes/ThemeManager.h:4:
In file included from /Users/larryseyer/AudioDevelopment/OTTO/Builds/MacOSX/CMake-Release/OTTO_artefacts/JuceLibraryCode/JuceHeader.h:14:
In file included from /Users/larryseyer/AudioDevelopment/OTTO/JUCE/modules/juce_audio_plugin_client/juce_audio_plugin_client.h:63:
In file included from /Users/larryseyer/AudioDevelopment/OTTO/JUCE/modules/juce_gui_basics/juce_gui_basics.h:68:
In file included from /Users/larryseyer/AudioDevelopment/OTTO/JUCE/modules/juce_graphics/juce_graphics.h:67:
In file included from /Users/larryseyer/AudioDevelopment/OTTO/JUCE/modules/juce_core/juce_core.h:239:
/Users/larryseyer/AudioDevelopment/OTTO/JUCE/modules/juce_core/memory/juce_Memory.h:165:59: warning: 'DOXYGEN' is not defined, evaluates to 0 [-Wundef]
  165 | #if (JUCE_COMPILER_SUPPORTS_ARC && defined (__OBJC__)) || DOXYGEN
      |                                                           ^
/Users/larryseyer/AudioDevelopment/OTTO/JUCE/modules/juce_core/memory/juce_Memory.h:181:5: warning: 'JUCE_MSVC' is not defined, evaluates to 0 [-Wundef]
  181 | #if JUCE_MSVC && (defined (JUCE_DLL) || defined (JUCE_DLL_BUILD)) && ! (JUCE_DISABLE_DLL_ALLOCATORS || DOXYGEN)
      |     ^
In file included from /Users/larryseyer/AudioDevelopment/OTTO/Source/UI/Themes/ThemeManager.cpp:1:
In file included from /Users/larryseyer/AudioDevelopment/OTTO/Source/UI/Themes/ThemeManager.h:4:
In file included from /Users/larryseyer/AudioDevelopment/OTTO/Builds/MacOSX/CMake-Release/OTTO_artefacts/JuceLibraryCode/JuceHeader.h:14:
In file included from /Users/larryseyer/AudioDevelopment/OTTO/JUCE/modules/juce_audio_plugin_client/juce_audio_plugin_client.h:63:
In file included from /Users/larryseyer/AudioDevelopment/OTTO/JUCE/modules/juce_gui_basics/juce_gui_basics.h:68:
In file included from /Users/larryseyer/AudioDevelopment/OTTO/JUCE/modules/juce_graphics/juce_graphics.h:67:
In file included from /Users/larryseyer/AudioDevelopment/OTTO/JUCE/modules/juce_core/juce_core.h:240:
/Users/larryseyer/AudioDevelopment/OTTO/JUCE/modules/juce_core/maths/juce_MathsFunctions.h:59:5: warning: 'JUCE_MSVC' is not defined, evaluates to 0 [-Wundef]
   59 | #if JUCE_MSVC
      |     ^
/Users/larryseyer/AudioDevelopment/OTTO/JUCE/modules/juce_core/maths/juce_MathsFunctions.h:97:5: warning: 'JUCE_WINDOWS' is not defined, evaluates to 0 [-Wundef]
   97 | #if JUCE_WINDOWS
      |     ^
/Users/larryseyer/AudioDevelopment/OTTO/JUCE/modules/juce_core/maths/juce_MathsFunctions.h:125:8: warning: 'JUCE_MSVC' is not defined, evaluates to 0 [-Wundef]
  125 |    #if JUCE_MSVC
      |        ^
/Users/larryseyer/AudioDevelopment/OTTO/JUCE/modules/juce_core/maths/juce_MathsFunctions.h:136:8: warning: 'JUCE_MSVC' is not defined, evaluates to 0 [-Wundef]
  136 |    #if JUCE_MSVC
      |        ^
/Users/larryseyer/AudioDevelopment/OTTO/JUCE/modules/juce_core/maths/juce_MathsFunctions.h:579:5: warning: 'JUCE_MSVC' is not defined, evaluates to 0 [-Wundef]
  579 | #if JUCE_MSVC
      |     ^
/Users/larryseyer/AudioDevelopment/OTTO/JUCE/modules/juce_core/maths/juce_MathsFunctions.h:606:8: warning: 'JUCE_BIG_ENDIAN' is not defined, evaluates to 0 [-Wundef]
  606 |    #if JUCE_BIG_ENDIAN
      |        ^
/Users/larryseyer/AudioDevelopment/OTTO/JUCE/modules/juce_core/maths/juce_MathsFunctions.h:618:5: warning: 'JUCE_MSVC' is not defined, evaluates to 0 [-Wundef]
  618 | #if JUCE_MSVC
      |     ^
/Users/larryseyer/AudioDevelopment/OTTO/JUCE/modules/juce_core/maths/juce_MathsFunctions.h:738:5: warning: 'JUCE_INTEL' is not defined, evaluates to 0 [-Wundef]
  738 | #if JUCE_INTEL || DOXYGEN
      |     ^
/Users/larryseyer/AudioDevelopment/OTTO/JUCE/modules/juce_core/maths/juce_MathsFunctions.h:738:19: warning: 'DOXYGEN' is not defined, evaluates to 0 [-Wundef]
  738 | #if JUCE_INTEL || DOXYGEN
      |                   ^
In file included from /Users/larryseyer/AudioDevelopment/OTTO/Source/UI/Themes/ThemeManager.cpp:1:
In file included from /Users/larryseyer/AudioDevelopment/OTTO/Source/UI/Themes/ThemeManager.h:4:
In file included from /Users/larryseyer/AudioDevelopment/OTTO/Builds/MacOSX/CMake-Release/OTTO_artefacts/JuceLibraryCode/JuceHeader.h:14:
In file included from /Users/larryseyer/AudioDevelopment/OTTO/JUCE/modules/juce_audio_plugin_client/juce_audio_plugin_client.h:63:
In file included from /Users/larryseyer/AudioDevelopment/OTTO/JUCE/modules/juce_gui_basics/juce_gui_basics.h:68:
In file included from /Users/larryseyer/AudioDevelopment/OTTO/JUCE/modules/juce_graphics/juce_graphics.h:67:
In file included from /Users/larryseyer/AudioDevelopment/OTTO/JUCE/modules/juce_core/juce_core.h:241:
/Users/larryseyer/AudioDevelopment/OTTO/JUCE/modules/juce_core/memory/juce_ByteOrder.h:162:5: warning: 'JUCE_MSVC' is not defined, evaluates to 0 [-Wundef]
  162 | #if JUCE_MSVC && ! defined (__INTEL_COMPILER)
      |     ^
In file included from /Users/larryseyer/AudioDevelopment/OTTO/Source/UI/Themes/ThemeManager.cpp:1:
In file included from /Users/larryseyer/AudioDevelopment/OTTO/Source/UI/Themes/ThemeManager.h:4:
In file included from /Users/larryseyer/AudioDevelopment/OTTO/Builds/MacOSX/CMake-Release/OTTO_artefacts/JuceLibraryCode/JuceHeader.h:14:
In file included from /Users/larryseyer/AudioDevelopment/OTTO/JUCE/modules/juce_audio_plugin_client/juce_audio_plugin_client.h:63:
In file included from /Users/larryseyer/AudioDevelopment/OTTO/JUCE/modules/juce_gui_basics/juce_gui_basics.h:68:
In file included from /Users/larryseyer/AudioDevelopment/OTTO/JUCE/modules/juce_graphics/juce_graphics.h:67:
In file included from /Users/larryseyer/AudioDevelopment/OTTO/JUCE/modules/juce_core/juce_core.h:243:
/Users/larryseyer/AudioDevelopment/OTTO/JUCE/modules/juce_core/text/juce_CharacterFunctions.h:39:5: warning: 'JUCE_WINDOWS' is not defined, evaluates to 0 [-Wundef]
   39 | #if JUCE_WINDOWS && ! defined (DOXYGEN)
      |     ^
/Users/larryseyer/AudioDevelopment/OTTO/JUCE/modules/juce_core/text/juce_CharacterFunctions.h:64:5: warning: 'JUCE_DEFINE_T_MACRO' is not defined, evaluates to 0 [-Wundef]
   64 | #if JUCE_DEFINE_T_MACRO
      |     ^
/Users/larryseyer/AudioDevelopment/OTTO/JUCE/modules/juce_core/text/juce_CharacterFunctions.h:406:12: warning: 'JUCE_WINDOWS' is not defined, evaluates to 0 [-Wundef]
  406 |        #if JUCE_WINDOWS
      |            ^
/Users/larryseyer/AudioDevelopment/OTTO/JUCE/modules/juce_core/text/juce_CharacterFunctions.h:411:13: warning: 'JUCE_ANDROID' is not defined, evaluates to 0 [-Wundef]
  411 |         #if JUCE_ANDROID
      |             ^
In file included from /Users/larryseyer/AudioDevelopment/OTTO/Source/UI/Themes/ThemeManager.cpp:1:
In file included from /Users/larryseyer/AudioDevelopment/OTTO/Source/UI/Themes/ThemeManager.h:4:
In file included from /Users/larryseyer/AudioDevelopment/OTTO/Builds/MacOSX/CMake-Release/OTTO_artefacts/JuceLibraryCode/JuceHeader.h:14:
In file included from /Users/larryseyer/AudioDevelopment/OTTO/JUCE/modules/juce_audio_plugin_client/juce_audio_plugin_client.h:63:
In file included from /Users/larryseyer/AudioDevelopment/OTTO/JUCE/modules/juce_gui_basics/juce_gui_basics.h:68:
In file included from /Users/larryseyer/AudioDevelopment/OTTO/JUCE/modules/juce_graphics/juce_graphics.h:67:
In file included from /Users/larryseyer/AudioDevelopment/OTTO/JUCE/modules/juce_core/juce_core.h:247:
/Users/larryseyer/AudioDevelopment/OTTO/JUCE/modules/juce_core/text/juce_CharPointer_UTF8.h:481:12: warning: 'JUCE_WINDOWS' is not defined, evaluates to 0 [-Wundef]
  481 |        #if JUCE_WINDOWS
      |            ^
In file included from /Users/larryseyer/AudioDevelopment/OTTO/Source/UI/Themes/ThemeManager.cpp:1:
In file included from /Users/larryseyer/AudioDevelopment/OTTO/Source/UI/Themes/ThemeManager.h:4:
In file included from /Users/larryseyer/AudioDevelopment/OTTO/Builds/MacOSX/CMake-Release/OTTO_artefacts/JuceLibraryCode/JuceHeader.h:14:
In file included from /Users/larryseyer/AudioDevelopment/OTTO/JUCE/modules/juce_audio_plugin_client/juce_audio_plugin_client.h:63:
In file included from /Users/larryseyer/AudioDevelopment/OTTO/JUCE/modules/juce_gui_basics/juce_gui_basics.h:68:
In file included from /Users/larryseyer/AudioDevelopment/OTTO/JUCE/modules/juce_graphics/juce_graphics.h:67:
In file included from /Users/larryseyer/AudioDevelopment/OTTO/JUCE/modules/juce_core/juce_core.h:248:
/Users/larryseyer/AudioDevelopment/OTTO/JUCE/modules/juce_core/text/juce_CharPointer_UTF16.h:353:8: warning: 'JUCE_MSVC' is not defined, evaluates to 0 [-Wundef]
  353 |    #if JUCE_MSVC && ! defined (DOXYGEN)
      |        ^
/Users/larryseyer/AudioDevelopment/OTTO/JUCE/modules/juce_core/text/juce_CharPointer_UTF16.h:412:12: warning: 'JUCE_MSVC' is not defined, evaluates to 0 [-Wundef]
  412 |        #if JUCE_MSVC
      |            ^
/Users/larryseyer/AudioDevelopment/OTTO/JUCE/modules/juce_core/text/juce_CharPointer_UTF16.h:422:12: warning: 'JUCE_MSVC' is not defined, evaluates to 0 [-Wundef]
  422 |        #if JUCE_MSVC
      |            ^
In file included from /Users/larryseyer/AudioDevelopment/OTTO/Source/UI/Themes/ThemeManager.cpp:1:
In file included from /Users/larryseyer/AudioDevelopment/OTTO/Source/UI/Themes/ThemeManager.h:4:
In file included from /Users/larryseyer/AudioDevelopment/OTTO/Builds/MacOSX/CMake-Release/OTTO_artefacts/JuceLibraryCode/JuceHeader.h:14:
In file included from /Users/larryseyer/AudioDevelopment/OTTO/JUCE/modules/juce_audio_plugin_client/juce_audio_plugin_client.h:63:
In file included from /Users/larryseyer/AudioDevelopment/OTTO/JUCE/modules/juce_gui_basics/juce_gui_basics.h:68:
In file included from /Users/larryseyer/AudioDevelopment/OTTO/JUCE/modules/juce_graphics/juce_graphics.h:67:
In file included from /Users/larryseyer/AudioDevelopment/OTTO/JUCE/modules/juce_core/juce_core.h:249:
/Users/larryseyer/AudioDevelopment/OTTO/JUCE/modules/juce_core/text/juce_CharPointer_UTF32.h:166:44: warning: 'JUCE_ANDROID' is not defined, evaluates to 0 [-Wundef]
  166 |        #if JUCE_NATIVE_WCHAR_IS_UTF32 && ! JUCE_ANDROID
      |                                            ^
/Users/larryseyer/AudioDevelopment/OTTO/JUCE/modules/juce_core/text/juce_CharPointer_UTF32.h:266:40: warning: 'JUCE_ANDROID' is not defined, evaluates to 0 [-Wundef]
  266 |    #if JUCE_NATIVE_WCHAR_IS_UTF32 && ! JUCE_ANDROID
      |                                        ^
In file included from /Users/larryseyer/AudioDevelopment/OTTO/Source/UI/Themes/ThemeManager.cpp:1:
In file included from /Users/larryseyer/AudioDevelopment/OTTO/Source/UI/Themes/ThemeManager.h:4:
In file included from /Users/larryseyer/AudioDevelopment/OTTO/Builds/MacOSX/CMake-Release/OTTO_artefacts/JuceLibraryCode/JuceHeader.h:14:
In file included from /Users/larryseyer/AudioDevelopment/OTTO/JUCE/modules/juce_audio_plugin_client/juce_audio_plugin_client.h:63:
In file included from /Users/larryseyer/AudioDevelopment/OTTO/JUCE/modules/juce_gui_basics/juce_gui_basics.h:68:
In file included from /Users/larryseyer/AudioDevelopment/OTTO/JUCE/modules/juce_graphics/juce_graphics.h:67:
In file included from /Users/larryseyer/AudioDevelopment/OTTO/JUCE/modules/juce_core/juce_core.h:250:
/Users/larryseyer/AudioDevelopment/OTTO/JUCE/modules/juce_core/text/juce_CharPointer_ASCII.h:278:12: warning: 'JUCE_WINDOWS' is not defined, evaluates to 0 [-Wundef]
  278 |        #if JUCE_WINDOWS && JUCE_CLANG
      |            ^
/Users/larryseyer/AudioDevelopment/OTTO/JUCE/modules/juce_core/text/juce_CharPointer_ASCII.h:280:14: warning: 'JUCE_WINDOWS' is not defined, evaluates to 0 [-Wundef]
  280 |        #elif JUCE_WINDOWS
      |              ^
/Users/larryseyer/AudioDevelopment/OTTO/JUCE/modules/juce_core/text/juce_CharPointer_ASCII.h:348:12: warning: 'JUCE_LINUX' is not defined, evaluates to 0 [-Wundef]
  348 |        #if JUCE_LINUX || JUCE_BSD || JUCE_ANDROID
      |            ^
/Users/larryseyer/AudioDevelopment/OTTO/JUCE/modules/juce_core/text/juce_CharPointer_ASCII.h:348:26: warning: 'JUCE_BSD' is not defined, evaluates to 0 [-Wundef]
  348 |        #if JUCE_LINUX || JUCE_BSD || JUCE_ANDROID
      |                          ^
/Users/larryseyer/AudioDevelopment/OTTO/JUCE/modules/juce_core/text/juce_CharPointer_ASCII.h:348:38: warning: 'JUCE_ANDROID' is not defined, evaluates to 0 [-Wundef]
  348 |        #if JUCE_LINUX || JUCE_BSD || JUCE_ANDROID
      |                                      ^
/Users/larryseyer/AudioDevelopment/OTTO/JUCE/modules/juce_core/text/juce_CharPointer_ASCII.h:350:14: warning: 'JUCE_WINDOWS' is not defined, evaluates to 0 [-Wundef]
  350 |        #elif JUCE_WINDOWS
      |              ^
In file included from /Users/larryseyer/AudioDevelopment/OTTO/Source/UI/Themes/ThemeManager.cpp:1:
In file included from /Users/larryseyer/AudioDevelopment/OTTO/Source/UI/Themes/ThemeManager.h:4:
In file included from /Users/larryseyer/AudioDevelopment/OTTO/Builds/MacOSX/CMake-Release/OTTO_artefacts/JuceLibraryCode/JuceHeader.h:14:
In file included from /Users/larryseyer/AudioDevelopment/OTTO/JUCE/modules/juce_audio_plugin_client/juce_audio_plugin_client.h:63:
In file included from /Users/larryseyer/AudioDevelopment/OTTO/JUCE/modules/juce_gui_basics/juce_gui_basics.h:68:
In file included from /Users/larryseyer/AudioDevelopment/OTTO/JUCE/modules/juce_graphics/juce_graphics.h:67:
In file included from /Users/larryseyer/AudioDevelopment/OTTO/JUCE/modules/juce_core/juce_core.h:254:
/Users/larryseyer/AudioDevelopment/OTTO/JUCE/modules/juce_core/text/juce_String.h:198:11: warning: 'DOXYGEN' is not defined, evaluates to 0 [-Wundef]
  198 |    #elif (DOXYGEN || JUCE_STRING_UTF_TYPE == 8)
      |           ^
In file included from /Users/larryseyer/AudioDevelopment/OTTO/Source/UI/Themes/ThemeManager.cpp:1:
In file included from /Users/larryseyer/AudioDevelopment/OTTO/Source/UI/Themes/ThemeManager.h:4:
In file included from /Users/larryseyer/AudioDevelopment/OTTO/Builds/MacOSX/CMake-Release/OTTO_artefacts/JuceLibraryCode/JuceHeader.h:14:
In file included from /Users/larryseyer/AudioDevelopment/OTTO/JUCE/modules/juce_audio_plugin_client/juce_audio_plugin_client.h:63:
In file included from /Users/larryseyer/AudioDevelopment/OTTO/JUCE/modules/juce_gui_basics/juce_gui_basics.h:68:
In file included from /Users/larryseyer/AudioDevelopment/OTTO/JUCE/modules/juce_graphics/juce_graphics.h:67:
In file included from /Users/larryseyer/AudioDevelopment/OTTO/JUCE/modules/juce_core/juce_core.h:257:
/Users/larryseyer/AudioDevelopment/OTTO/JUCE/modules/juce_core/memory/juce_LeakedObjectDetector.h:124:5: warning: 'DOXYGEN' is not defined, evaluates to 0 [-Wundef]
  124 | #if DOXYGEN || ! defined (JUCE_LEAK_DETECTOR)
      |     ^
/Users/larryseyer/AudioDevelopment/OTTO/JUCE/modules/juce_core/memory/juce_LeakedObjectDetector.h:125:7: warning: 'DOXYGEN' is not defined, evaluates to 0 [-Wundef]
  125 |  #if (DOXYGEN || JUCE_CHECK_MEMORY_LEAKS)
      |       ^
In file included from /Users/larryseyer/AudioDevelopment/OTTO/Source/UI/Themes/ThemeManager.cpp:1:
In file included from /Users/larryseyer/AudioDevelopment/OTTO/Source/UI/Themes/ThemeManager.h:4:
In file included from /Users/larryseyer/AudioDevelopment/OTTO/Builds/MacOSX/CMake-Release/OTTO_artefacts/JuceLibraryCode/JuceHeader.h:14:
In file included from /Users/larryseyer/AudioDevelopment/OTTO/JUCE/modules/juce_audio_plugin_client/juce_audio_plugin_client.h:63:
In file included from /Users/larryseyer/AudioDevelopment/OTTO/JUCE/modules/juce_gui_basics/juce_gui_basics.h:68:
In file included from /Users/larryseyer/AudioDevelopment/OTTO/JUCE/modules/juce_graphics/juce_graphics.h:67:
In file included from /Users/larryseyer/AudioDevelopment/OTTO/JUCE/modules/juce_core/juce_core.h:259:
/Users/larryseyer/AudioDevelopment/OTTO/JUCE/modules/juce_core/memory/juce_HeapBlock.h:38:8: warning: 'DOXYGEN' is not defined, evaluates to 0 [-Wundef]
   38 | #if ! (DOXYGEN || JUCE_EXCEPTIONS_DISABLED)
      |        ^
/Users/larryseyer/AudioDevelopment/OTTO/JUCE/modules/juce_core/memory/juce_HeapBlock.h:38:19: warning: 'JUCE_EXCEPTIONS_DISABLED' is not defined, evaluates to 0 [-Wundef]
   38 | #if ! (DOXYGEN || JUCE_EXCEPTIONS_DISABLED)
      |                   ^
/Users/larryseyer/AudioDevelopment/OTTO/JUCE/modules/juce_core/memory/juce_HeapBlock.h:343:12: warning: 'JUCE_EXCEPTIONS_DISABLED' is not defined, evaluates to 0 [-Wundef]
  343 |        #if JUCE_EXCEPTIONS_DISABLED
      |            ^
In file included from /Users/larryseyer/AudioDevelopment/OTTO/Source/UI/Themes/ThemeManager.cpp:1:
In file included from /Users/larryseyer/AudioDevelopment/OTTO/Source/UI/Themes/ThemeManager.h:4:
In file included from /Users/larryseyer/AudioDevelopment/OTTO/Builds/MacOSX/CMake-Release/OTTO_artefacts/JuceLibraryCode/JuceHeader.h:14:
In file included from /Users/larryseyer/AudioDevelopment/OTTO/JUCE/modules/juce_audio_plugin_client/juce_audio_plugin_client.h:63:
In file included from /Users/larryseyer/AudioDevelopment/OTTO/JUCE/modules/juce_gui_basics/juce_gui_basics.h:68:
In file included from /Users/larryseyer/AudioDevelopment/OTTO/JUCE/modules/juce_graphics/juce_graphics.h:67:
In file included from /Users/larryseyer/AudioDevelopment/OTTO/JUCE/modules/juce_core/juce_core.h:263:
/Users/larryseyer/AudioDevelopment/OTTO/JUCE/modules/juce_core/memory/juce_ScopedPointer.h:151:10: warning: 'JUCE_MSVC' is not defined, evaluates to 0 [-Wundef]
  151 |    #if ! JUCE_MSVC  // (MSVC can't deal with multiple copy constructors)
      |          ^
In file included from /Users/larryseyer/AudioDevelopment/OTTO/Source/UI/Themes/ThemeManager.cpp:1:
In file included from /Users/larryseyer/AudioDevelopment/OTTO/Source/UI/Themes/ThemeManager.h:4:
In file included from /Users/larryseyer/AudioDevelopment/OTTO/Builds/MacOSX/CMake-Release/OTTO_artefacts/JuceLibraryCode/JuceHeader.h:14:
In file included from /Users/larryseyer/AudioDevelopment/OTTO/JUCE/modules/juce_audio_plugin_client/juce_audio_plugin_client.h:63:
In file included from /Users/larryseyer/AudioDevelopment/OTTO/JUCE/modules/juce_gui_basics/juce_gui_basics.h:68:
In file included from /Users/larryseyer/AudioDevelopment/OTTO/JUCE/modules/juce_graphics/juce_graphics.h:67:
In file included from /Users/larryseyer/AudioDevelopment/OTTO/JUCE/modules/juce_core/juce_core.h:271:
/Users/larryseyer/AudioDevelopment/OTTO/JUCE/modules/juce_core/threads/juce_CriticalSection.h:116:8: warning: 'JUCE_WINDOWS' is not defined, evaluates to 0 [-Wundef]
  116 |    #if JUCE_WINDOWS
      |        ^
In file included from /Users/larryseyer/AudioDevelopment/OTTO/Source/UI/Themes/ThemeManager.cpp:1:
In file included from /Users/larryseyer/AudioDevelopment/OTTO/Source/UI/Themes/ThemeManager.h:4:
In file included from /Users/larryseyer/AudioDevelopment/OTTO/Builds/MacOSX/CMake-Release/OTTO_artefacts/JuceLibraryCode/JuceHeader.h:14:
In file included from /Users/larryseyer/AudioDevelopment/OTTO/JUCE/modules/juce_audio_plugin_client/juce_audio_plugin_client.h:63:
In file included from /Users/larryseyer/AudioDevelopment/OTTO/JUCE/modules/juce_gui_basics/juce_gui_basics.h:68:
In file included from /Users/larryseyer/AudioDevelopment/OTTO/JUCE/modules/juce_graphics/juce_graphics.h:67:
In file included from /Users/larryseyer/AudioDevelopment/OTTO/JUCE/modules/juce_core/juce_core.h:293:
/Users/larryseyer/AudioDevelopment/OTTO/JUCE/modules/juce_core/memory/juce_HeavyweightLeakedObjectDetector.h:123:5: warning: 'DOXYGEN' is not defined, evaluates to 0 [-Wundef]
  123 | #if DOXYGEN || ! defined (JUCE_HEAVYWEIGHT_LEAK_DETECTOR)
      |     ^
/Users/larryseyer/AudioDevelopment/OTTO/JUCE/modules/juce_core/memory/juce_HeavyweightLeakedObjectDetector.h:124:7: warning: 'DOXYGEN' is not defined, evaluates to 0 [-Wundef]
  124 |  #if (DOXYGEN || JUCE_CHECK_MEMORY_LEAKS)
      |       ^
In file included from /Users/larryseyer/AudioDevelopment/OTTO/Source/UI/Themes/ThemeManager.cpp:1:
In file included from /Users/larryseyer/AudioDevelopment/OTTO/Source/UI/Themes/ThemeManager.h:4:
In file included from /Users/larryseyer/AudioDevelopment/OTTO/Builds/MacOSX/CMake-Release/OTTO_artefacts/JuceLibraryCode/JuceHeader.h:14:
In file included from /Users/larryseyer/AudioDevelopment/OTTO/JUCE/modules/juce_audio_plugin_client/juce_audio_plugin_client.h:63:
In file included from /Users/larryseyer/AudioDevelopment/OTTO/JUCE/modules/juce_gui_basics/juce_gui_basics.h:68:
In file included from /Users/larryseyer/AudioDevelopment/OTTO/JUCE/modules/juce_graphics/juce_graphics.h:67:
In file included from /Users/larryseyer/AudioDevelopment/OTTO/JUCE/modules/juce_core/juce_core.h:318:
/Users/larryseyer/AudioDevelopment/OTTO/JUCE/modules/juce_core/files/juce_File.h:38:7: warning: 'DOXYGEN' is not defined, evaluates to 0 [-Wundef]
   38 | #if ! DOXYGEN && (JUCE_MAC || JUCE_IOS)
      |       ^
/Users/larryseyer/AudioDevelopment/OTTO/JUCE/modules/juce_core/files/juce_File.h:970:12: warning: 'JUCE_WINDOWS' is not defined, evaluates to 0 [-Wundef]
  970 |        #if JUCE_WINDOWS || DOXYGEN
      |            ^
/Users/larryseyer/AudioDevelopment/OTTO/JUCE/modules/juce_core/files/juce_File.h:970:28: warning: 'DOXYGEN' is not defined, evaluates to 0 [-Wundef]
  970 |        #if JUCE_WINDOWS || DOXYGEN
      |                            ^
/Users/larryseyer/AudioDevelopment/OTTO/JUCE/modules/juce_core/files/juce_File.h:981:12: warning: 'JUCE_WINDOWS' is not defined, evaluates to 0 [-Wundef]
  981 |        #if JUCE_WINDOWS || DOXYGEN
      |            ^
/Users/larryseyer/AudioDevelopment/OTTO/JUCE/modules/juce_core/files/juce_File.h:981:28: warning: 'DOXYGEN' is not defined, evaluates to 0 [-Wundef]
  981 |        #if JUCE_WINDOWS || DOXYGEN
      |                            ^
/Users/larryseyer/AudioDevelopment/OTTO/JUCE/modules/juce_core/files/juce_File.h:1100:8: warning: 'JUCE_WINDOWS' is not defined, evaluates to 0 [-Wundef]
 1100 |    #if JUCE_WINDOWS || DOXYGEN
      |        ^
/Users/larryseyer/AudioDevelopment/OTTO/JUCE/modules/juce_core/files/juce_File.h:1100:24: warning: 'DOXYGEN' is not defined, evaluates to 0 [-Wundef]
 1100 |    #if JUCE_WINDOWS || DOXYGEN
      |                        ^
/Users/larryseyer/AudioDevelopment/OTTO/JUCE/modules/juce_core/files/juce_File.h:1146:16: warning: 'NAMES_ARE_CASE_SENSITIVE' is not defined, evaluates to 0 [-Wundef]
 1146 |            #if NAMES_ARE_CASE_SENSITIVE
      |                ^
In file included from /Users/larryseyer/AudioDevelopment/OTTO/Source/UI/Themes/ThemeManager.cpp:1:
In file included from /Users/larryseyer/AudioDevelopment/OTTO/Source/UI/Themes/ThemeManager.h:4:
In file included from /Users/larryseyer/AudioDevelopment/OTTO/Builds/MacOSX/CMake-Release/OTTO_artefacts/JuceLibraryCode/JuceHeader.h:14:
In file included from /Users/larryseyer/AudioDevelopment/OTTO/JUCE/modules/juce_audio_plugin_client/juce_audio_plugin_client.h:63:
In file included from /Users/larryseyer/AudioDevelopment/OTTO/JUCE/modules/juce_gui_basics/juce_gui_basics.h:68:
In file included from /Users/larryseyer/AudioDevelopment/OTTO/JUCE/modules/juce_graphics/juce_graphics.h:67:
In file included from /Users/larryseyer/AudioDevelopment/OTTO/JUCE/modules/juce_core/juce_core.h:321:
/Users/larryseyer/AudioDevelopment/OTTO/JUCE/modules/juce_core/detail/juce_NativeFileHandle.h:38:5: warning: 'JUCE_WINDOWS' is not defined, evaluates to 0 [-Wundef]
   38 | #if JUCE_WINDOWS
      |     ^
In file included from /Users/larryseyer/AudioDevelopment/OTTO/Source/UI/Themes/ThemeManager.cpp:1:
In file included from /Users/larryseyer/AudioDevelopment/OTTO/Source/UI/Themes/ThemeManager.h:4:
In file included from /Users/larryseyer/AudioDevelopment/OTTO/Builds/MacOSX/CMake-Release/OTTO_artefacts/JuceLibraryCode/JuceHeader.h:14:
In file included from /Users/larryseyer/AudioDevelopment/OTTO/JUCE/modules/juce_audio_plugin_client/juce_audio_plugin_client.h:63:
In file included from /Users/larryseyer/AudioDevelopment/OTTO/JUCE/modules/juce_gui_basics/juce_gui_basics.h:68:
In file included from /Users/larryseyer/AudioDevelopment/OTTO/JUCE/modules/juce_graphics/juce_graphics.h:67:
In file included from /Users/larryseyer/AudioDevelopment/OTTO/JUCE/modules/juce_core/juce_core.h:325:
/Users/larryseyer/AudioDevelopment/OTTO/JUCE/modules/juce_core/files/juce_MemoryMappedFile.h:116:8: warning: 'JUCE_WINDOWS' is not defined, evaluates to 0 [-Wundef]
  116 |    #if JUCE_WINDOWS
      |        ^
In file included from /Users/larryseyer/AudioDevelopment/OTTO/Source/UI/Themes/ThemeManager.cpp:1:
In file included from /Users/larryseyer/AudioDevelopment/OTTO/Source/UI/Themes/ThemeManager.h:4:
In file included from /Users/larryseyer/AudioDevelopment/OTTO/Builds/MacOSX/CMake-Release/OTTO_artefacts/JuceLibraryCode/JuceHeader.h:14:
In file included from /Users/larryseyer/AudioDevelopment/OTTO/JUCE/modules/juce_audio_plugin_client/juce_audio_plugin_client.h:63:
In file included from /Users/larryseyer/AudioDevelopment/OTTO/JUCE/modules/juce_gui_basics/juce_gui_basics.h:68:
In file included from /Users/larryseyer/AudioDevelopment/OTTO/JUCE/modules/juce_graphics/juce_graphics.h:67:
In file included from /Users/larryseyer/AudioDevelopment/OTTO/JUCE/modules/juce_core/juce_core.h:338:
/Users/larryseyer/AudioDevelopment/OTTO/JUCE/modules/juce_core/misc/juce_WindowsRegistry.h:38:5: warning: 'JUCE_WINDOWS' is not defined, evaluates to 0 [-Wundef]
   38 | #if JUCE_WINDOWS || DOXYGEN
      |     ^
/Users/larryseyer/AudioDevelopment/OTTO/JUCE/modules/juce_core/misc/juce_WindowsRegistry.h:38:21: warning: 'DOXYGEN' is not defined, evaluates to 0 [-Wundef]
   38 | #if JUCE_WINDOWS || DOXYGEN
      |                     ^
In file included from /Users/larryseyer/AudioDevelopment/OTTO/Source/UI/Themes/ThemeManager.cpp:1:
In file included from /Users/larryseyer/AudioDevelopment/OTTO/Source/UI/Themes/ThemeManager.h:4:
In file included from /Users/larryseyer/AudioDevelopment/OTTO/Builds/MacOSX/CMake-Release/OTTO_artefacts/JuceLibraryCode/JuceHeader.h:14:
In file included from /Users/larryseyer/AudioDevelopment/OTTO/JUCE/modules/juce_audio_plugin_client/juce_audio_plugin_client.h:63:
In file included from /Users/larryseyer/AudioDevelopment/OTTO/JUCE/modules/juce_gui_basics/juce_gui_basics.h:68:
In file included from /Users/larryseyer/AudioDevelopment/OTTO/JUCE/modules/juce_graphics/juce_graphics.h:67:
In file included from /Users/larryseyer/AudioDevelopment/OTTO/JUCE/modules/juce_core/juce_core.h:342:
/Users/larryseyer/AudioDevelopment/OTTO/JUCE/modules/juce_core/threads/juce_Process.h:122:8: warning: 'JUCE_WINDOWS' is not defined, evaluates to 0 [-Wundef]
  122 |    #if JUCE_WINDOWS || DOXYGEN
      |        ^
/Users/larryseyer/AudioDevelopment/OTTO/JUCE/modules/juce_core/threads/juce_Process.h:122:24: warning: 'DOXYGEN' is not defined, evaluates to 0 [-Wundef]
  122 |    #if JUCE_WINDOWS || DOXYGEN
      |                        ^
In file included from /Users/larryseyer/AudioDevelopment/OTTO/Source/UI/Themes/ThemeManager.cpp:1:
In file included from /Users/larryseyer/AudioDevelopment/OTTO/Source/UI/Themes/ThemeManager.h:4:
In file included from /Users/larryseyer/AudioDevelopment/OTTO/Builds/MacOSX/CMake-Release/OTTO_artefacts/JuceLibraryCode/JuceHeader.h:14:
In file included from /Users/larryseyer/AudioDevelopment/OTTO/JUCE/modules/juce_audio_plugin_client/juce_audio_plugin_client.h:63:
In file included from /Users/larryseyer/AudioDevelopment/OTTO/JUCE/modules/juce_gui_basics/juce_gui_basics.h:68:
In file included from /Users/larryseyer/AudioDevelopment/OTTO/JUCE/modules/juce_graphics/juce_graphics.h:67:
In file included from /Users/larryseyer/AudioDevelopment/OTTO/JUCE/modules/juce_core/juce_core.h:345:
/Users/larryseyer/AudioDevelopment/OTTO/JUCE/modules/juce_core/threads/juce_Thread.h:526:8: warning: 'JUCE_ANDROID' is not defined, evaluates to 0 [-Wundef]
  526 |    #if JUCE_ANDROID || DOXYGEN
      |        ^
/Users/larryseyer/AudioDevelopment/OTTO/JUCE/modules/juce_core/threads/juce_Thread.h:526:24: warning: 'DOXYGEN' is not defined, evaluates to 0 [-Wundef]
  526 |    #if JUCE_ANDROID || DOXYGEN
      |                        ^
/Users/larryseyer/AudioDevelopment/OTTO/JUCE/modules/juce_core/threads/juce_Thread.h:607:8: warning: 'JUCE_ANDROID' is not defined, evaluates to 0 [-Wundef]
  607 |    #if JUCE_ANDROID || JUCE_LINUX || JUCE_BSD
      |        ^
/Users/larryseyer/AudioDevelopment/OTTO/JUCE/modules/juce_core/threads/juce_Thread.h:607:24: warning: 'JUCE_LINUX' is not defined, evaluates to 0 [-Wundef]
  607 |    #if JUCE_ANDROID || JUCE_LINUX || JUCE_BSD
      |                        ^
/Users/larryseyer/AudioDevelopment/OTTO/JUCE/modules/juce_core/threads/juce_Thread.h:607:38: warning: 'JUCE_BSD' is not defined, evaluates to 0 [-Wundef]
  607 |    #if JUCE_ANDROID || JUCE_LINUX || JUCE_BSD
      |                                      ^
In file included from /Users/larryseyer/AudioDevelopment/OTTO/Source/UI/Themes/ThemeManager.cpp:1:
In file included from /Users/larryseyer/AudioDevelopment/OTTO/Source/UI/Themes/ThemeManager.h:4:
In file included from /Users/larryseyer/AudioDevelopment/OTTO/Builds/MacOSX/CMake-Release/OTTO_artefacts/JuceLibraryCode/JuceHeader.h:14:
In file included from /Users/larryseyer/AudioDevelopment/OTTO/JUCE/modules/juce_audio_plugin_client/juce_audio_plugin_client.h:63:
In file included from /Users/larryseyer/AudioDevelopment/OTTO/JUCE/modules/juce_gui_basics/juce_gui_basics.h:68:
In file included from /Users/larryseyer/AudioDevelopment/OTTO/JUCE/modules/juce_graphics/juce_graphics.h:67:
In file included from /Users/larryseyer/AudioDevelopment/OTTO/JUCE/modules/juce_core/juce_core.h:357:
/Users/larryseyer/AudioDevelopment/OTTO/JUCE/modules/juce_core/network/juce_URL.h:567:12: warning: 'JUCE_IOS' is not defined, evaluates to 0 [-Wundef]
  567 |        #if JUCE_IOS
      |            ^
/Users/larryseyer/AudioDevelopment/OTTO/JUCE/modules/juce_core/network/juce_URL.h:708:8: warning: 'JUCE_IOS' is not defined, evaluates to 0 [-Wundef]
  708 |    #if JUCE_IOS
      |        ^
In file included from /Users/larryseyer/AudioDevelopment/OTTO/Source/UI/Themes/ThemeManager.cpp:1:
In file included from /Users/larryseyer/AudioDevelopment/OTTO/Source/UI/Themes/ThemeManager.h:4:
In file included from /Users/larryseyer/AudioDevelopment/OTTO/Builds/MacOSX/CMake-Release/OTTO_artefacts/JuceLibraryCode/JuceHeader.h:14:
In file included from /Users/larryseyer/AudioDevelopment/OTTO/JUCE/modules/juce_audio_plugin_client/juce_audio_plugin_client.h:63:
In file included from /Users/larryseyer/AudioDevelopment/OTTO/JUCE/modules/juce_gui_basics/juce_gui_basics.h:68:
In file included from /Users/larryseyer/AudioDevelopment/OTTO/JUCE/modules/juce_graphics/juce_graphics.h:67:
In file included from /Users/larryseyer/AudioDevelopment/OTTO/JUCE/modules/juce_core/juce_core.h:366:
/Users/larryseyer/AudioDevelopment/OTTO/JUCE/modules/juce_core/zip/juce_ZipFile.h:280:8: warning: 'JUCE_DEBUG' is not defined, evaluates to 0 [-Wundef]
  280 |    #if JUCE_DEBUG
      |        ^
In file included from /Users/larryseyer/AudioDevelopment/OTTO/Source/UI/Themes/ThemeManager.cpp:1:
In file included from /Users/larryseyer/AudioDevelopment/OTTO/Source/UI/Themes/ThemeManager.h:4:
In file included from /Users/larryseyer/AudioDevelopment/OTTO/Builds/MacOSX/CMake-Release/OTTO_artefacts/JuceLibraryCode/JuceHeader.h:14:
In file included from /Users/larryseyer/AudioDevelopment/OTTO/JUCE/modules/juce_audio_plugin_client/juce_audio_plugin_client.h:63:
In file included from /Users/larryseyer/AudioDevelopment/OTTO/JUCE/modules/juce_gui_basics/juce_gui_basics.h:68:
In file included from /Users/larryseyer/AudioDevelopment/OTTO/JUCE/modules/juce_graphics/juce_graphics.h:67:
/Users/larryseyer/AudioDevelopment/OTTO/JUCE/modules/juce_core/juce_core.h:378:5: warning: 'JUCE_CORE_INCLUDE_OBJC_HELPERS' is not defined, evaluates to 0 [-Wundef]
  378 | #if JUCE_CORE_INCLUDE_OBJC_HELPERS && (JUCE_MAC || JUCE_IOS)
      |     ^
/Users/larryseyer/AudioDevelopment/OTTO/JUCE/modules/juce_core/juce_core.h:383:5: warning: 'JUCE_CORE_INCLUDE_COM_SMART_PTR' is not defined, evaluates to 0 [-Wundef]
  383 | #if JUCE_CORE_INCLUDE_COM_SMART_PTR && JUCE_WINDOWS
      |     ^
/Users/larryseyer/AudioDevelopment/OTTO/JUCE/modules/juce_core/juce_core.h:387:5: warning: 'JUCE_CORE_INCLUDE_JNI_HELPERS' is not defined, evaluates to 0 [-Wundef]
  387 | #if JUCE_CORE_INCLUDE_JNI_HELPERS && JUCE_ANDROID
      |     ^
/Users/larryseyer/AudioDevelopment/OTTO/JUCE/modules/juce_core/juce_core.h:392:5: warning: 'JUCE_UNIT_TESTS' is not defined, evaluates to 0 [-Wundef]
  392 | #if JUCE_UNIT_TESTS
      |     ^
/Users/larryseyer/AudioDevelopment/OTTO/JUCE/modules/juce_core/juce_core.h:407:6: warning: 'JUCE_DEBUG' is not defined, evaluates to 0 [-Wundef]
  407 |  #if JUCE_DEBUG
      |      ^
In file included from /Users/larryseyer/AudioDevelopment/OTTO/Source/UI/Themes/ThemeManager.cpp:1:
In file included from /Users/larryseyer/AudioDevelopment/OTTO/Source/UI/Themes/ThemeManager.h:4:
In file included from /Users/larryseyer/AudioDevelopment/OTTO/Builds/MacOSX/CMake-Release/OTTO_artefacts/JuceLibraryCode/JuceHeader.h:14:
In file included from /Users/larryseyer/AudioDevelopment/OTTO/JUCE/modules/juce_audio_plugin_client/juce_audio_plugin_client.h:63:
In file included from /Users/larryseyer/AudioDevelopment/OTTO/JUCE/modules/juce_gui_basics/juce_gui_basics.h:68:
In file included from /Users/larryseyer/AudioDevelopment/OTTO/JUCE/modules/juce_graphics/juce_graphics.h:68:
/Users/larryseyer/AudioDevelopment/OTTO/JUCE/modules/juce_events/juce_events.h:75:5: warning: 'JUCE_WINDOWS' is not defined, evaluates to 0 [-Wundef]
   75 | #if JUCE_WINDOWS && JUCE_EVENTS_INCLUDE_WINRT_WRAPPER
      |     ^
In file included from /Users/larryseyer/AudioDevelopment/OTTO/Source/UI/Themes/ThemeManager.cpp:1:
In file included from /Users/larryseyer/AudioDevelopment/OTTO/Source/UI/Themes/ThemeManager.h:4:
In file included from /Users/larryseyer/AudioDevelopment/OTTO/Builds/MacOSX/CMake-Release/OTTO_artefacts/JuceLibraryCode/JuceHeader.h:14:
In file included from /Users/larryseyer/AudioDevelopment/OTTO/JUCE/modules/juce_audio_plugin_client/juce_audio_plugin_client.h:63:
In file included from /Users/larryseyer/AudioDevelopment/OTTO/JUCE/modules/juce_gui_basics/juce_gui_basics.h:68:
In file included from /Users/larryseyer/AudioDevelopment/OTTO/JUCE/modules/juce_graphics/juce_graphics.h:68:
In file included from /Users/larryseyer/AudioDevelopment/OTTO/JUCE/modules/juce_events/juce_events.h:91:
/Users/larryseyer/AudioDevelopment/OTTO/JUCE/modules/juce_events/messages/juce_ApplicationBase.h:300:8: warning: 'JUCE_IOS' is not defined, evaluates to 0 [-Wundef]
  300 |    #if JUCE_IOS
      |        ^
/Users/larryseyer/AudioDevelopment/OTTO/JUCE/modules/juce_events/messages/juce_ApplicationBase.h:324:40: warning: 'DOXYGEN' is not defined, evaluates to 0 [-Wundef]
  324 | #if JUCE_CATCH_UNHANDLED_EXCEPTIONS || DOXYGEN
      |                                        ^
In file included from /Users/larryseyer/AudioDevelopment/OTTO/Source/UI/Themes/ThemeManager.cpp:1:
In file included from /Users/larryseyer/AudioDevelopment/OTTO/Source/UI/Themes/ThemeManager.h:4:
In file included from /Users/larryseyer/AudioDevelopment/OTTO/Builds/MacOSX/CMake-Release/OTTO_artefacts/JuceLibraryCode/JuceHeader.h:14:
In file included from /Users/larryseyer/AudioDevelopment/OTTO/JUCE/modules/juce_audio_plugin_client/juce_audio_plugin_client.h:63:
In file included from /Users/larryseyer/AudioDevelopment/OTTO/JUCE/modules/juce_gui_basics/juce_gui_basics.h:68:
In file included from /Users/larryseyer/AudioDevelopment/OTTO/JUCE/modules/juce_graphics/juce_graphics.h:68:
In file included from /Users/larryseyer/AudioDevelopment/OTTO/JUCE/modules/juce_events/juce_events.h:92:
/Users/larryseyer/AudioDevelopment/OTTO/JUCE/modules/juce_events/messages/juce_Initialisation.h:102:5: warning: 'DOXYGEN' is not defined, evaluates to 0 [-Wundef]
  102 | #if DOXYGEN
      |     ^
/Users/larryseyer/AudioDevelopment/OTTO/JUCE/modules/juce_events/messages/juce_Initialisation.h:105:6: warning: 'JUCE_WINDOWS' is not defined, evaluates to 0 [-Wundef]
  105 |  #if JUCE_WINDOWS && ! defined (_CONSOLE)
      |      ^
/Users/larryseyer/AudioDevelopment/OTTO/JUCE/modules/juce_events/messages/juce_Initialisation.h:116:6: warning: 'JUCE_IOS' is not defined, evaluates to 0 [-Wundef]
  116 |  #if JUCE_IOS
      |      ^
/Users/larryseyer/AudioDevelopment/OTTO/JUCE/modules/juce_events/messages/juce_Initialisation.h:138:8: warning: 'JUCE_ANDROID' is not defined, evaluates to 0 [-Wundef]
  138 |  #elif JUCE_ANDROID
      |        ^
/Users/larryseyer/AudioDevelopment/OTTO/JUCE/modules/juce_events/messages/juce_Initialisation.h:161:7: warning: 'JUCE_USE_CUSTOM_PLUGIN_STANDALONE_APP' is not defined, evaluates to 0 [-Wundef]
  161 |   #if JUCE_USE_CUSTOM_PLUGIN_STANDALONE_APP
      |       ^
/Users/larryseyer/AudioDevelopment/OTTO/JUCE/modules/juce_events/messages/juce_Initialisation.h:168:8: warning: 'JUCE_IOS' is not defined, evaluates to 0 [-Wundef]
  168 |    #if JUCE_IOS
      |        ^
In file included from /Users/larryseyer/AudioDevelopment/OTTO/Source/UI/Themes/ThemeManager.cpp:1:
In file included from /Users/larryseyer/AudioDevelopment/OTTO/Source/UI/Themes/ThemeManager.h:4:
In file included from /Users/larryseyer/AudioDevelopment/OTTO/Builds/MacOSX/CMake-Release/OTTO_artefacts/JuceLibraryCode/JuceHeader.h:14:
In file included from /Users/larryseyer/AudioDevelopment/OTTO/JUCE/modules/juce_audio_plugin_client/juce_audio_plugin_client.h:63:
In file included from /Users/larryseyer/AudioDevelopment/OTTO/JUCE/modules/juce_gui_basics/juce_gui_basics.h:68:
In file included from /Users/larryseyer/AudioDevelopment/OTTO/JUCE/modules/juce_graphics/juce_graphics.h:68:
/Users/larryseyer/AudioDevelopment/OTTO/JUCE/modules/juce_events/juce_events.h:110:5: warning: 'JUCE_LINUX' is not defined, evaluates to 0 [-Wundef]
  110 | #if JUCE_LINUX || JUCE_BSD
      |     ^
/Users/larryseyer/AudioDevelopment/OTTO/JUCE/modules/juce_events/juce_events.h:110:19: warning: 'JUCE_BSD' is not defined, evaluates to 0 [-Wundef]
  110 | #if JUCE_LINUX || JUCE_BSD
      |                   ^
/Users/larryseyer/AudioDevelopment/OTTO/JUCE/modules/juce_events/juce_events.h:114:5: warning: 'JUCE_WINDOWS' is not defined, evaluates to 0 [-Wundef]
  114 | #if JUCE_WINDOWS
      |     ^
In file included from /Users/larryseyer/AudioDevelopment/OTTO/Source/UI/Themes/ThemeManager.cpp:1:
In file included from /Users/larryseyer/AudioDevelopment/OTTO/Source/UI/Themes/ThemeManager.h:4:
In file included from /Users/larryseyer/AudioDevelopment/OTTO/Builds/MacOSX/CMake-Release/OTTO_artefacts/JuceLibraryCode/JuceHeader.h:14:
In file included from /Users/larryseyer/AudioDevelopment/OTTO/JUCE/modules/juce_audio_plugin_client/juce_audio_plugin_client.h:63:
In file included from /Users/larryseyer/AudioDevelopment/OTTO/JUCE/modules/juce_gui_basics/juce_gui_basics.h:68:
In file included from /Users/larryseyer/AudioDevelopment/OTTO/JUCE/modules/juce_graphics/juce_graphics.h:122:
/Users/larryseyer/AudioDevelopment/OTTO/JUCE/modules/juce_graphics/colour/juce_PixelFormats.h:39:5: warning: 'JUCE_MSVC' is not defined, evaluates to 0 [-Wundef]
   39 | #if JUCE_MSVC
      |     ^
/Users/larryseyer/AudioDevelopment/OTTO/JUCE/modules/juce_graphics/colour/juce_PixelFormats.h:89:12: warning: 'JUCE_ANDROID' is not defined, evaluates to 0 [-Wundef]
   89 |        #if JUCE_ANDROID
      |            ^
/Users/larryseyer/AudioDevelopment/OTTO/JUCE/modules/juce_graphics/colour/juce_PixelFormats.h:100:12: warning: 'JUCE_BIG_ENDIAN' is not defined, evaluates to 0 [-Wundef]
  100 |        #if JUCE_BIG_ENDIAN
      |            ^
/Users/larryseyer/AudioDevelopment/OTTO/JUCE/modules/juce_graphics/colour/juce_PixelFormats.h:301:7: warning: 'JUCE_ANDROID' is not defined, evaluates to 0 [-Wundef]
  301 |   #if JUCE_ANDROID
      |       ^
/Users/larryseyer/AudioDevelopment/OTTO/JUCE/modules/juce_graphics/colour/juce_PixelFormats.h:308:8: warning: 'JUCE_BIG_ENDIAN' is not defined, evaluates to 0 [-Wundef]
  308 |    #if JUCE_BIG_ENDIAN
      |        ^
/Users/larryseyer/AudioDevelopment/OTTO/JUCE/modules/juce_graphics/colour/juce_PixelFormats.h:325:11: warning: 'JUCE_ANDROID' is not defined, evaluates to 0 [-Wundef]
  325 |       #if JUCE_ANDROID
      |           ^
/Users/larryseyer/AudioDevelopment/OTTO/JUCE/modules/juce_graphics/colour/juce_PixelFormats.h:332:12: warning: 'JUCE_BIG_ENDIAN' is not defined, evaluates to 0 [-Wundef]
  332 |        #if JUCE_BIG_ENDIAN
      |            ^
/Users/larryseyer/AudioDevelopment/OTTO/JUCE/modules/juce_graphics/colour/juce_PixelFormats.h:375:12: warning: 'JUCE_ANDROID' is not defined, evaluates to 0 [-Wundef]
  375 |        #if JUCE_ANDROID
      |            ^
/Users/larryseyer/AudioDevelopment/OTTO/JUCE/modules/juce_graphics/colour/juce_PixelFormats.h:386:12: warning: 'JUCE_ANDROID' is not defined, evaluates to 0 [-Wundef]
  386 |        #if JUCE_ANDROID
      |            ^
/Users/larryseyer/AudioDevelopment/OTTO/JUCE/modules/juce_graphics/colour/juce_PixelFormats.h:397:12: warning: 'JUCE_BIG_ENDIAN' is not defined, evaluates to 0 [-Wundef]
  397 |        #if JUCE_BIG_ENDIAN
      |            ^
/Users/larryseyer/AudioDevelopment/OTTO/JUCE/modules/juce_graphics/colour/juce_PixelFormats.h:411:12: warning: 'JUCE_ANDROID' is not defined, evaluates to 0 [-Wundef]
  411 |        #if JUCE_ANDROID
      |            ^
/Users/larryseyer/AudioDevelopment/OTTO/JUCE/modules/juce_graphics/colour/juce_PixelFormats.h:472:12: warning: 'JUCE_ANDROID' is not defined, evaluates to 0 [-Wundef]
  472 |        #if JUCE_ANDROID
      |            ^
/Users/larryseyer/AudioDevelopment/OTTO/JUCE/modules/juce_graphics/colour/juce_PixelFormats.h:504:12: warning: 'JUCE_ANDROID' is not defined, evaluates to 0 [-Wundef]
  504 |        #if JUCE_ANDROID
      |            ^
/Users/larryseyer/AudioDevelopment/OTTO/JUCE/modules/juce_graphics/colour/juce_PixelFormats.h:527:12: warning: 'JUCE_ANDROID' is not defined, evaluates to 0 [-Wundef]
  527 |        #if JUCE_ANDROID
      |            ^
/Users/larryseyer/AudioDevelopment/OTTO/JUCE/modules/juce_graphics/colour/juce_PixelFormats.h:569:11: warning: 'JUCE_ANDROID' is not defined, evaluates to 0 [-Wundef]
  569 |       #if JUCE_ANDROID
      |           ^
/Users/larryseyer/AudioDevelopment/OTTO/JUCE/modules/juce_graphics/colour/juce_PixelFormats.h:745:5: warning: 'JUCE_MSVC' is not defined, evaluates to 0 [-Wundef]
  745 | #if JUCE_MSVC
      |     ^
In file included from /Users/larryseyer/AudioDevelopment/OTTO/Source/UI/Themes/ThemeManager.cpp:1:
In file included from /Users/larryseyer/AudioDevelopment/OTTO/Source/UI/Themes/ThemeManager.h:4:
In file included from /Users/larryseyer/AudioDevelopment/OTTO/Builds/MacOSX/CMake-Release/OTTO_artefacts/JuceLibraryCode/JuceHeader.h:14:
In file included from /Users/larryseyer/AudioDevelopment/OTTO/JUCE/modules/juce_audio_plugin_client/juce_audio_plugin_client.h:63:
In file included from /Users/larryseyer/AudioDevelopment/OTTO/JUCE/modules/juce_gui_basics/juce_gui_basics.h:68:
In file included from /Users/larryseyer/AudioDevelopment/OTTO/JUCE/modules/juce_graphics/juce_graphics.h:141:
/Users/larryseyer/AudioDevelopment/OTTO/JUCE/modules/juce_graphics/detail/juce_Ranges.h:114:12: warning: 'JUCE_DEBUG' is not defined, evaluates to 0 [-Wundef]
  114 |        #if JUCE_DEBUG
      |            ^
In file included from /Users/larryseyer/AudioDevelopment/OTTO/Source/UI/Themes/ThemeManager.cpp:1:
In file included from /Users/larryseyer/AudioDevelopment/OTTO/Source/UI/Themes/ThemeManager.h:4:
In file included from /Users/larryseyer/AudioDevelopment/OTTO/Builds/MacOSX/CMake-Release/OTTO_artefacts/JuceLibraryCode/JuceHeader.h:14:
In file included from /Users/larryseyer/AudioDevelopment/OTTO/JUCE/modules/juce_audio_plugin_client/juce_audio_plugin_client.h:63:
In file included from /Users/larryseyer/AudioDevelopment/OTTO/JUCE/modules/juce_gui_basics/juce_gui_basics.h:68:
In file included from /Users/larryseyer/AudioDevelopment/OTTO/JUCE/modules/juce_graphics/juce_graphics.h:150:
/Users/larryseyer/AudioDevelopment/OTTO/JUCE/modules/juce_graphics/native/juce_RenderingHelpers.h:389:30: warning: implicit conversion increases floating-point precision: 'float' to 'double' [-Wdouble-promotion]
  389 |                 grad = (p2.y - p1.y) / (double) (p1.x - p2.x);
      |                         ~~~~~^~~~~~  ~
/Users/larryseyer/AudioDevelopment/OTTO/JUCE/modules/juce_graphics/native/juce_RenderingHelpers.h:390:36: warning: implicit conversion increases floating-point precision: 'float' to 'double' [-Wdouble-promotion]
  390 |                 yTerm = p1.y - (p1.x / grad);
      |                                 ~~~^ ~
/Users/larryseyer/AudioDevelopment/OTTO/JUCE/modules/juce_graphics/native/juce_RenderingHelpers.h:390:28: warning: implicit conversion increases floating-point precision: 'float' to 'double' [-Wdouble-promotion]
  390 |                 yTerm = p1.y - (p1.x / grad);
      |                         ~~~^ ~
/Users/larryseyer/AudioDevelopment/OTTO/JUCE/modules/juce_graphics/native/juce_RenderingHelpers.h:391:127: warning: implicit conversion increases floating-point precision: 'float' to 'double' [-Wdouble-promotion]
  391 |                 scale = roundToInt ((double) ((int64_t) numEntries << (int) numScaleBits) / (yTerm * grad - (p2.y * grad - p2.x)));
      |                                                                                                                          ~ ~~~^
/Users/larryseyer/AudioDevelopment/OTTO/JUCE/modules/juce_graphics/native/juce_RenderingHelpers.h:391:113: warning: implicit conversion increases floating-point precision: 'float' to 'double' [-Wdouble-promotion]
  391 |                 scale = roundToInt ((double) ((int64_t) numEntries << (int) numScaleBits) / (yTerm * grad - (p2.y * grad - p2.x)));
      |                                                                                                              ~~~^ ~
/Users/larryseyer/AudioDevelopment/OTTO/JUCE/modules/juce_graphics/native/juce_RenderingHelpers.h:429:36: warning: implicit conversion increases floating-point precision: 'const float' to 'const double' [-Wdouble-promotion]
  429 |               gx1 (gradient.point1.x),
      |                   ~~~~~~~~~~~~~~~~~^
/Users/larryseyer/AudioDevelopment/OTTO/JUCE/modules/juce_graphics/native/juce_RenderingHelpers.h:430:36: warning: implicit conversion increases floating-point precision: 'const float' to 'const double' [-Wdouble-promotion]
  430 |               gy1 (gradient.point1.y)
      |                   ~~~~~~~~~~~~~~~~~^
/Users/larryseyer/AudioDevelopment/OTTO/JUCE/modules/juce_graphics/native/juce_RenderingHelpers.h:434:39: warning: implicit conversion increases floating-point precision: 'float' to 'double' [-Wdouble-promotion]
  434 |             maxDist = diff.x * diff.x + diff.y * diff.y;
      |                     ~ ~~~~~~~~~~~~~~~~^~~~~~~~~~~~~~~~~
/Users/larryseyer/AudioDevelopment/OTTO/JUCE/modules/juce_graphics/native/juce_RenderingHelpers.h:471:37: warning: implicit conversion increases floating-point precision: 'const float' to 'double' [-Wdouble-promotion]
  471 |             tM10 = inverseTransform.mat10;
      |                  ~ ~~~~~~~~~~~~~~~~~^~~~~
/Users/larryseyer/AudioDevelopment/OTTO/JUCE/modules/juce_graphics/native/juce_RenderingHelpers.h:472:37: warning: implicit conversion increases floating-point precision: 'const float' to 'double' [-Wdouble-promotion]
  472 |             tM00 = inverseTransform.mat00;
      |                  ~ ~~~~~~~~~~~~~~~~~^~~~~
/Users/larryseyer/AudioDevelopment/OTTO/JUCE/modules/juce_graphics/native/juce_RenderingHelpers.h:478:56: warning: implicit conversion increases floating-point precision: 'float' to 'double' [-Wdouble-promotion]
  478 |             lineYM01 = inverseTransform.mat01 * floatY + inverseTransform.mat02 - gx1;
      |                        ~~~~~~~~~~~~~~~~~~~~~~~~~~~~~~~~^~~~~~~~~~~~~~~~~~~~~~~~ ~
/Users/larryseyer/AudioDevelopment/OTTO/JUCE/modules/juce_graphics/native/juce_RenderingHelpers.h:479:56: warning: implicit conversion increases floating-point precision: 'float' to 'double' [-Wdouble-promotion]
  479 |             lineYM11 = inverseTransform.mat11 * floatY + inverseTransform.mat12 - gy1;
      |                        ~~~~~~~~~~~~~~~~~~~~~~~~~~~~~~~~^~~~~~~~~~~~~~~~~~~~~~~~ ~
In file included from /Users/larryseyer/AudioDevelopment/OTTO/Source/UI/Themes/ThemeManager.cpp:1:
In file included from /Users/larryseyer/AudioDevelopment/OTTO/Source/UI/Themes/ThemeManager.h:4:
In file included from /Users/larryseyer/AudioDevelopment/OTTO/Builds/MacOSX/CMake-Release/OTTO_artefacts/JuceLibraryCode/JuceHeader.h:14:
In file included from /Users/larryseyer/AudioDevelopment/OTTO/JUCE/modules/juce_audio_plugin_client/juce_audio_plugin_client.h:63:
In file included from /Users/larryseyer/AudioDevelopment/OTTO/JUCE/modules/juce_gui_basics/juce_gui_basics.h:68:
/Users/larryseyer/AudioDevelopment/OTTO/JUCE/modules/juce_graphics/juce_graphics.h:157:5: warning: 'JUCE_GRAPHICS_INCLUDE_COREGRAPHICS_HELPERS' is not defined, evaluates to 0 [-Wundef]
  157 | #if JUCE_GRAPHICS_INCLUDE_COREGRAPHICS_HELPERS && (JUCE_MAC || JUCE_IOS)
      |     ^
In file included from /Users/larryseyer/AudioDevelopment/OTTO/Source/UI/Themes/ThemeManager.cpp:1:
In file included from /Users/larryseyer/AudioDevelopment/OTTO/Source/UI/Themes/ThemeManager.h:4:
In file included from /Users/larryseyer/AudioDevelopment/OTTO/Builds/MacOSX/CMake-Release/OTTO_artefacts/JuceLibraryCode/JuceHeader.h:14:
In file included from /Users/larryseyer/AudioDevelopment/OTTO/JUCE/modules/juce_audio_plugin_client/juce_audio_plugin_client.h:63:
In file included from /Users/larryseyer/AudioDevelopment/OTTO/JUCE/modules/juce_gui_basics/juce_gui_basics.h:205:
/Users/larryseyer/AudioDevelopment/OTTO/JUCE/modules/juce_gui_basics/components/juce_Component.h:2701:12: warning: 'JUCE_DEBUG' is not defined, evaluates to 0 [-Wundef]
 2701 |        #if JUCE_DEBUG
      |            ^
In file included from /Users/larryseyer/AudioDevelopment/OTTO/Source/UI/Themes/ThemeManager.cpp:1:
In file included from /Users/larryseyer/AudioDevelopment/OTTO/Source/UI/Themes/ThemeManager.h:4:
In file included from /Users/larryseyer/AudioDevelopment/OTTO/Builds/MacOSX/CMake-Release/OTTO_artefacts/JuceLibraryCode/JuceHeader.h:14:
In file included from /Users/larryseyer/AudioDevelopment/OTTO/JUCE/modules/juce_audio_plugin_client/juce_audio_plugin_client.h:63:
In file included from /Users/larryseyer/AudioDevelopment/OTTO/JUCE/modules/juce_gui_basics/juce_gui_basics.h:239:
/Users/larryseyer/AudioDevelopment/OTTO/JUCE/modules/juce_gui_basics/layout/juce_ComponentBuilder.h:243:8: warning: 'JUCE_DEBUG' is not defined, evaluates to 0 [-Wundef]
  243 |    #if JUCE_DEBUG
      |        ^
In file included from /Users/larryseyer/AudioDevelopment/OTTO/Source/UI/Themes/ThemeManager.cpp:1:
In file included from /Users/larryseyer/AudioDevelopment/OTTO/Source/UI/Themes/ThemeManager.h:4:
In file included from /Users/larryseyer/AudioDevelopment/OTTO/Builds/MacOSX/CMake-Release/OTTO_artefacts/JuceLibraryCode/JuceHeader.h:14:
In file included from /Users/larryseyer/AudioDevelopment/OTTO/JUCE/modules/juce_audio_plugin_client/juce_audio_plugin_client.h:63:
In file included from /Users/larryseyer/AudioDevelopment/OTTO/JUCE/modules/juce_gui_basics/juce_gui_basics.h:283:
/Users/larryseyer/AudioDevelopment/OTTO/JUCE/modules/juce_gui_basics/widgets/juce_ListBox.h:182:10: warning: 'JUCE_DISABLE_ASSERTIONS' is not defined, evaluates to 0 [-Wundef]
  182 |    #if ! JUCE_DISABLE_ASSERTIONS
      |          ^
/Users/larryseyer/AudioDevelopment/OTTO/JUCE/modules/juce_gui_basics/widgets/juce_ListBox.h:235:14: warning: 'JUCE_DISABLE_ASSERTIONS' is not defined, evaluates to 0 [-Wundef]
  235 |        #if ! JUCE_DISABLE_ASSERTIONS
      |              ^
/Users/larryseyer/AudioDevelopment/OTTO/JUCE/modules/juce_gui_basics/widgets/juce_ListBox.h:643:10: warning: 'JUCE_DISABLE_ASSERTIONS' is not defined, evaluates to 0 [-Wundef]
  643 |    #if ! JUCE_DISABLE_ASSERTIONS
      |          ^
In file included from /Users/larryseyer/AudioDevelopment/OTTO/Source/UI/Themes/ThemeManager.cpp:1:
In file included from /Users/larryseyer/AudioDevelopment/OTTO/Source/UI/Themes/ThemeManager.h:4:
In file included from /Users/larryseyer/AudioDevelopment/OTTO/Builds/MacOSX/CMake-Release/OTTO_artefacts/JuceLibraryCode/JuceHeader.h:14:
In file included from /Users/larryseyer/AudioDevelopment/OTTO/JUCE/modules/juce_audio_plugin_client/juce_audio_plugin_client.h:63:
In file included from /Users/larryseyer/AudioDevelopment/OTTO/JUCE/modules/juce_gui_basics/juce_gui_basics.h:302:
/Users/larryseyer/AudioDevelopment/OTTO/JUCE/modules/juce_gui_basics/windows/juce_ComponentPeer.h:310:8: warning: 'JUCE_LINUX' is not defined, evaluates to 0 [-Wundef]
  310 |    #if JUCE_LINUX || JUCE_BSD
      |        ^
/Users/larryseyer/AudioDevelopment/OTTO/JUCE/modules/juce_gui_basics/windows/juce_ComponentPeer.h:310:22: warning: 'JUCE_BSD' is not defined, evaluates to 0 [-Wundef]
  310 |    #if JUCE_LINUX || JUCE_BSD
      |                      ^
In file included from /Users/larryseyer/AudioDevelopment/OTTO/Source/UI/Themes/ThemeManager.cpp:1:
In file included from /Users/larryseyer/AudioDevelopment/OTTO/Source/UI/Themes/ThemeManager.h:4:
In file included from /Users/larryseyer/AudioDevelopment/OTTO/Builds/MacOSX/CMake-Release/OTTO_artefacts/JuceLibraryCode/JuceHeader.h:14:
In file included from /Users/larryseyer/AudioDevelopment/OTTO/JUCE/modules/juce_audio_plugin_client/juce_audio_plugin_client.h:63:
In file included from /Users/larryseyer/AudioDevelopment/OTTO/JUCE/modules/juce_gui_basics/juce_gui_basics.h:303:
/Users/larryseyer/AudioDevelopment/OTTO/JUCE/modules/juce_gui_basics/windows/juce_ResizableWindow.h:376:8: warning: 'JUCE_DEBUG' is not defined, evaluates to 0 [-Wundef]
  376 |    #if JUCE_DEBUG
      |        ^
/Users/larryseyer/AudioDevelopment/OTTO/JUCE/modules/juce_gui_basics/windows/juce_ResizableWindow.h:414:8: warning: 'JUCE_DEBUG' is not defined, evaluates to 0 [-Wundef]
  414 |    #if JUCE_DEBUG
      |        ^
In file included from /Users/larryseyer/AudioDevelopment/OTTO/Source/UI/Themes/ThemeManager.cpp:1:
In file included from /Users/larryseyer/AudioDevelopment/OTTO/Source/UI/Themes/ThemeManager.h:4:
In file included from /Users/larryseyer/AudioDevelopment/OTTO/Builds/MacOSX/CMake-Release/OTTO_artefacts/JuceLibraryCode/JuceHeader.h:14:
In file included from /Users/larryseyer/AudioDevelopment/OTTO/JUCE/modules/juce_audio_plugin_client/juce_audio_plugin_client.h:63:
In file included from /Users/larryseyer/AudioDevelopment/OTTO/JUCE/modules/juce_gui_basics/juce_gui_basics.h:335:
/Users/larryseyer/AudioDevelopment/OTTO/JUCE/modules/juce_gui_basics/application/juce_Application.h:125:8: warning: 'DOXYGEN' is not defined, evaluates to 0 [-Wundef]
  125 |    #if DOXYGEN
      |        ^
In file included from /Users/larryseyer/AudioDevelopment/OTTO/Source/UI/Themes/ThemeManager.cpp:1:
In file included from /Users/larryseyer/AudioDevelopment/OTTO/Source/UI/Themes/ThemeManager.h:4:
In file included from /Users/larryseyer/AudioDevelopment/OTTO/Builds/MacOSX/CMake-Release/OTTO_artefacts/JuceLibraryCode/JuceHeader.h:14:
In file included from /Users/larryseyer/AudioDevelopment/OTTO/JUCE/modules/juce_audio_plugin_client/juce_audio_plugin_client.h:63:
/Users/larryseyer/AudioDevelopment/OTTO/JUCE/modules/juce_gui_basics/juce_gui_basics.h:344:5: warning: 'JUCE_LINUX' is not defined, evaluates to 0 [-Wundef]
  344 | #if JUCE_LINUX || JUCE_BSD
      |     ^
/Users/larryseyer/AudioDevelopment/OTTO/JUCE/modules/juce_gui_basics/juce_gui_basics.h:344:19: warning: 'JUCE_BSD' is not defined, evaluates to 0 [-Wundef]
  344 | #if JUCE_LINUX || JUCE_BSD
      |                   ^
/Users/larryseyer/AudioDevelopment/OTTO/JUCE/modules/juce_gui_basics/juce_gui_basics.h:394:5: warning: 'JUCE_GUI_BASICS_INCLUDE_SCOPED_THREAD_DPI_AWARENESS_SETTER' is not defined, evaluates to 0 [-Wundef]
  394 | #if JUCE_GUI_BASICS_INCLUDE_SCOPED_THREAD_DPI_AWARENESS_SETTER && JUCE_WINDOWS
      |     ^
In file included from /Users/larryseyer/AudioDevelopment/OTTO/Source/UI/Themes/ThemeManager.cpp:1:
In file included from /Users/larryseyer/AudioDevelopment/OTTO/Source/UI/Themes/ThemeManager.h:4:
In file included from /Users/larryseyer/AudioDevelopment/OTTO/Builds/MacOSX/CMake-Release/OTTO_artefacts/JuceLibraryCode/JuceHeader.h:14:
In file included from /Users/larryseyer/AudioDevelopment/OTTO/JUCE/modules/juce_audio_plugin_client/juce_audio_plugin_client.h:64:
/Users/larryseyer/AudioDevelopment/OTTO/JUCE/modules/juce_audio_basics/juce_audio_basics.h:77:7: warning: 'JUCE_INTEL' is not defined, evaluates to 0 [-Wundef]
   77 | #if ! JUCE_INTEL
      |       ^
/Users/larryseyer/AudioDevelopment/OTTO/JUCE/modules/juce_audio_basics/juce_audio_basics.h:81:24: warning: 'JUCE_USE_VDSP_FRAMEWORK' is not defined, evaluates to 0 [-Wundef]
   81 | #if __ARM_NEON__ && ! (JUCE_USE_VDSP_FRAMEWORK || defined (JUCE_USE_ARM_NEON))
      |                        ^
In file included from /Users/larryseyer/AudioDevelopment/OTTO/Source/UI/Themes/ThemeManager.cpp:1:
In file included from /Users/larryseyer/AudioDevelopment/OTTO/Source/UI/Themes/ThemeManager.h:4:
In file included from /Users/larryseyer/AudioDevelopment/OTTO/Builds/MacOSX/CMake-Release/OTTO_artefacts/JuceLibraryCode/JuceHeader.h:14:
In file included from /Users/larryseyer/AudioDevelopment/OTTO/JUCE/modules/juce_audio_plugin_client/juce_audio_plugin_client.h:64:
In file included from /Users/larryseyer/AudioDevelopment/OTTO/JUCE/modules/juce_audio_basics/juce_audio_basics.h:93:
/Users/larryseyer/AudioDevelopment/OTTO/JUCE/modules/juce_audio_basics/buffers/juce_AudioDataConverters.h:103:9: warning: 'JUCE_BIG_ENDIAN' is not defined, evaluates to 0 [-Wundef]
  103 |     #if JUCE_BIG_ENDIAN
      |         ^
/Users/larryseyer/AudioDevelopment/OTTO/JUCE/modules/juce_audio_basics/buffers/juce_AudioDataConverters.h:263:12: warning: 'JUCE_BIG_ENDIAN' is not defined, evaluates to 0 [-Wundef]
  263 |        #if JUCE_BIG_ENDIAN
      |            ^
/Users/larryseyer/AudioDevelopment/OTTO/JUCE/modules/juce_audio_basics/buffers/juce_AudioDataConverters.h:119:135: warning: implicit conversion increases floating-point precision: 'float' to 'double' [-Wdouble-promotion]
  119 |         inline void setAsFloatLE (float newValue) noexcept      { *data = (int8) jlimit ((int) -maxValue, (int) maxValue, roundToInt (newValue * (1.0 + (double) maxValue))); }
      |                                                                                                                                       ^~~~~~~~ ~
/Users/larryseyer/AudioDevelopment/OTTO/JUCE/modules/juce_audio_basics/buffers/juce_AudioDataConverters.h:144:117: warning: implicit conversion increases floating-point precision: 'float' to 'double' [-Wdouble-promotion]
  144 |         inline void setAsFloatLE (float newValue) noexcept      { *data = (uint8) jlimit (0, 255, 128 + roundToInt (newValue * (1.0 + (double) maxValue))); }
      |                                                                                                                     ^~~~~~~~ ~
/Users/larryseyer/AudioDevelopment/OTTO/JUCE/modules/juce_audio_basics/buffers/juce_AudioDataConverters.h:169:168: warning: implicit conversion increases floating-point precision: 'float' to 'double' [-Wdouble-promotion]
  169 |         inline void setAsFloatLE (float newValue) noexcept      { *data = ByteOrder::swapIfBigEndian    ((uint16) jlimit ((int) -maxValue, (int) maxValue, roundToInt (newValue * (1.0 + (double) maxValue)))); }
      |                                                                                                                                                                        ^~~~~~~~ ~
/Users/larryseyer/AudioDevelopment/OTTO/JUCE/modules/juce_audio_basics/buffers/juce_AudioDataConverters.h:170:168: warning: implicit conversion increases floating-point precision: 'float' to 'double' [-Wdouble-promotion]
  170 |         inline void setAsFloatBE (float newValue) noexcept      { *data = ByteOrder::swapIfLittleEndian ((uint16) jlimit ((int) -maxValue, (int) maxValue, roundToInt (newValue * (1.0 + (double) maxValue)))); }
      |                                                                                                                                                                        ^~~~~~~~ ~
/Users/larryseyer/AudioDevelopment/OTTO/JUCE/modules/juce_audio_basics/buffers/juce_AudioDataConverters.h:194:157: warning: implicit conversion increases floating-point precision: 'float' to 'double' [-Wdouble-promotion]
  194 |         inline void setAsFloatLE (float newValue) noexcept      { ByteOrder::littleEndian24BitToChars (jlimit ((int) -maxValue, (int) maxValue, roundToInt (newValue * (1.0 + (double) maxValue))), data); }
      |                                                                                                                                                             ^~~~~~~~ ~
/Users/larryseyer/AudioDevelopment/OTTO/JUCE/modules/juce_audio_basics/buffers/juce_AudioDataConverters.h:195:157: warning: implicit conversion increases floating-point precision: 'float' to 'double' [-Wdouble-promotion]
  195 |         inline void setAsFloatBE (float newValue) noexcept      { ByteOrder::bigEndian24BitToChars (jlimit    ((int) -maxValue, (int) maxValue, roundToInt (newValue * (1.0 + (double) maxValue))), data); }
      |                                                                                                                                                             ^~~~~~~~ ~
In file included from /Users/larryseyer/AudioDevelopment/OTTO/Source/UI/Themes/ThemeManager.cpp:1:
In file included from /Users/larryseyer/AudioDevelopment/OTTO/Source/UI/Themes/ThemeManager.h:4:
In file included from /Users/larryseyer/AudioDevelopment/OTTO/Builds/MacOSX/CMake-Release/OTTO_artefacts/JuceLibraryCode/JuceHeader.h:14:
In file included from /Users/larryseyer/AudioDevelopment/OTTO/JUCE/modules/juce_audio_plugin_client/juce_audio_plugin_client.h:64:
In file included from /Users/larryseyer/AudioDevelopment/OTTO/JUCE/modules/juce_audio_basics/juce_audio_basics.h:95:
/Users/larryseyer/AudioDevelopment/OTTO/JUCE/modules/juce_audio_basics/buffers/juce_FloatVectorOperations.h:39:6: warning: 'JUCE_INTEL' is not defined, evaluates to 0 [-Wundef]
   39 |  #if JUCE_INTEL
      |      ^
/Users/larryseyer/AudioDevelopment/OTTO/JUCE/modules/juce_audio_basics/buffers/juce_FloatVectorOperations.h:153:7: warning: 'DOXYGEN' is not defined, evaluates to 0 [-Wundef]
  153 | #if ! DOXYGEN
      |       ^
/Users/larryseyer/AudioDevelopment/OTTO/JUCE/modules/juce_audio_basics/buffers/juce_FloatVectorOperations.h:237:7: warning: 'JUCE_USE_SSE_INTRINSICS' is not defined, evaluates to 0 [-Wundef]
  237 |   #if JUCE_USE_SSE_INTRINSICS || (JUCE_USE_ARM_NEON || (JUCE_64BIT && JUCE_ARM))
      |       ^
In file included from /Users/larryseyer/AudioDevelopment/OTTO/Source/UI/Themes/ThemeManager.cpp:1:
In file included from /Users/larryseyer/AudioDevelopment/OTTO/Source/UI/Themes/ThemeManager.h:4:
In file included from /Users/larryseyer/AudioDevelopment/OTTO/Builds/MacOSX/CMake-Release/OTTO_artefacts/JuceLibraryCode/JuceHeader.h:14:
In file included from /Users/larryseyer/AudioDevelopment/OTTO/JUCE/modules/juce_audio_plugin_client/juce_audio_plugin_client.h:64:
In file included from /Users/larryseyer/AudioDevelopment/OTTO/JUCE/modules/juce_audio_basics/juce_audio_basics.h:97:
/Users/larryseyer/AudioDevelopment/OTTO/JUCE/modules/juce_audio_basics/buffers/juce_AudioSampleBuffer.h:1155:15: warning: 'JUCE_GCC' is not defined, evaluates to 0 [-Wundef]
 1155 |        #if (! JUCE_GCC || (__GNUC__ * 100 + __GNUC_MINOR__) >= 409)
      |               ^
In file included from /Users/larryseyer/AudioDevelopment/OTTO/Source/UI/Themes/ThemeManager.cpp:1:
In file included from /Users/larryseyer/AudioDevelopment/OTTO/Source/UI/Themes/ThemeManager.h:4:
In file included from /Users/larryseyer/AudioDevelopment/OTTO/Builds/MacOSX/CMake-Release/OTTO_artefacts/JuceLibraryCode/JuceHeader.h:14:
In file included from /Users/larryseyer/AudioDevelopment/OTTO/JUCE/modules/juce_audio_plugin_client/juce_audio_plugin_client.h:64:
In file included from /Users/larryseyer/AudioDevelopment/OTTO/JUCE/modules/juce_audio_basics/juce_audio_basics.h:104:
/Users/larryseyer/AudioDevelopment/OTTO/JUCE/modules/juce_audio_basics/utilities/juce_SmoothedValue.h:421:5: warning: 'JUCE_UNIT_TESTS' is not defined, evaluates to 0 [-Wundef]
  421 | #if JUCE_UNIT_TESTS
      |     ^
In file included from /Users/larryseyer/AudioDevelopment/OTTO/Source/UI/Themes/ThemeManager.cpp:1:
In file included from /Users/larryseyer/AudioDevelopment/OTTO/Source/UI/Themes/ThemeManager.h:4:
In file included from /Users/larryseyer/AudioDevelopment/OTTO/Builds/MacOSX/CMake-Release/OTTO_artefacts/JuceLibraryCode/JuceHeader.h:14:
In file included from /Users/larryseyer/AudioDevelopment/OTTO/JUCE/modules/juce_audio_plugin_client/juce_audio_plugin_client.h:64:
In file included from /Users/larryseyer/AudioDevelopment/OTTO/JUCE/modules/juce_audio_basics/juce_audio_basics.h:106:
/Users/larryseyer/AudioDevelopment/OTTO/JUCE/modules/juce_audio_basics/utilities/juce_ADSR.h:155:66: warning: implicit conversion increases floating-point precision: 'float' to 'double' [-Wdouble-promotion]
  155 |                 releaseRate = (float) (envelopeVal / (parameters.release * sampleRate));
      |                                                       ~~~~~~~~~~~^~~~~~~ ~
/Users/larryseyer/AudioDevelopment/OTTO/JUCE/modules/juce_audio_basics/utilities/juce_ADSR.h:155:40: warning: implicit conversion increases floating-point precision: 'float' to 'double' [-Wdouble-promotion]
  155 |                 releaseRate = (float) (envelopeVal / (parameters.release * sampleRate));
      |                                        ^~~~~~~~~~~ ~
/Users/larryseyer/AudioDevelopment/OTTO/JUCE/modules/juce_audio_basics/utilities/juce_ADSR.h:266:64: warning: implicit conversion increases floating-point precision: 'float' to 'double' [-Wdouble-promotion]
  266 |             return timeInSeconds > 0.0f ? (float) (distance / (timeInSeconds * sr)) : -1.0f;
      |                                                                ^~~~~~~~~~~~~ ~
/Users/larryseyer/AudioDevelopment/OTTO/JUCE/modules/juce_audio_basics/utilities/juce_ADSR.h:266:52: warning: implicit conversion increases floating-point precision: 'float' to 'double' [-Wdouble-promotion]
  266 |             return timeInSeconds > 0.0f ? (float) (distance / (timeInSeconds * sr)) : -1.0f;
      |                                                    ^~~~~~~~ ~
In file included from /Users/larryseyer/AudioDevelopment/OTTO/Source/UI/Themes/ThemeManager.cpp:1:
In file included from /Users/larryseyer/AudioDevelopment/OTTO/Source/UI/Themes/ThemeManager.h:4:
In file included from /Users/larryseyer/AudioDevelopment/OTTO/Builds/MacOSX/CMake-Release/OTTO_artefacts/JuceLibraryCode/JuceHeader.h:14:
In file included from /Users/larryseyer/AudioDevelopment/OTTO/JUCE/modules/juce_audio_plugin_client/juce_audio_plugin_client.h:65:
In file included from /Users/larryseyer/AudioDevelopment/OTTO/JUCE/modules/juce_audio_processors/juce_audio_processors.h:67:
/Users/larryseyer/AudioDevelopment/OTTO/JUCE/modules/juce_gui_extra/juce_gui_extra.h:127:6: warning: 'JUCE_DEBUG' is not defined, evaluates to 0 [-Wundef]
  127 |  #if JUCE_DEBUG && ! (JUCE_IOS || JUCE_ANDROID)
      |      ^
In file included from /Users/larryseyer/AudioDevelopment/OTTO/Source/UI/Themes/ThemeManager.cpp:1:
In file included from /Users/larryseyer/AudioDevelopment/OTTO/Source/UI/Themes/ThemeManager.h:4:
In file included from /Users/larryseyer/AudioDevelopment/OTTO/Builds/MacOSX/CMake-Release/OTTO_artefacts/JuceLibraryCode/JuceHeader.h:14:
In file included from /Users/larryseyer/AudioDevelopment/OTTO/JUCE/modules/juce_audio_plugin_client/juce_audio_plugin_client.h:65:
In file included from /Users/larryseyer/AudioDevelopment/OTTO/JUCE/modules/juce_audio_processors/juce_audio_processors.h:67:
In file included from /Users/larryseyer/AudioDevelopment/OTTO/JUCE/modules/juce_gui_extra/juce_gui_extra.h:141:
/Users/larryseyer/AudioDevelopment/OTTO/JUCE/modules/juce_gui_extra/embedding/juce_ActiveXControlComponent.h:38:5: warning: 'JUCE_WINDOWS' is not defined, evaluates to 0 [-Wundef]
   38 | #if JUCE_WINDOWS || DOXYGEN
      |     ^
/Users/larryseyer/AudioDevelopment/OTTO/JUCE/modules/juce_gui_extra/embedding/juce_ActiveXControlComponent.h:38:21: warning: 'DOXYGEN' is not defined, evaluates to 0 [-Wundef]
   38 | #if JUCE_WINDOWS || DOXYGEN
      |                     ^
In file included from /Users/larryseyer/AudioDevelopment/OTTO/Source/UI/Themes/ThemeManager.cpp:1:
In file included from /Users/larryseyer/AudioDevelopment/OTTO/Source/UI/Themes/ThemeManager.h:4:
In file included from /Users/larryseyer/AudioDevelopment/OTTO/Builds/MacOSX/CMake-Release/OTTO_artefacts/JuceLibraryCode/JuceHeader.h:14:
In file included from /Users/larryseyer/AudioDevelopment/OTTO/JUCE/modules/juce_audio_plugin_client/juce_audio_plugin_client.h:65:
In file included from /Users/larryseyer/AudioDevelopment/OTTO/JUCE/modules/juce_audio_processors/juce_audio_processors.h:67:
In file included from /Users/larryseyer/AudioDevelopment/OTTO/JUCE/modules/juce_gui_extra/juce_gui_extra.h:142:
/Users/larryseyer/AudioDevelopment/OTTO/JUCE/modules/juce_gui_extra/embedding/juce_AndroidViewComponent.h:38:5: warning: 'JUCE_ANDROID' is not defined, evaluates to 0 [-Wundef]
   38 | #if JUCE_ANDROID || DOXYGEN
      |     ^
/Users/larryseyer/AudioDevelopment/OTTO/JUCE/modules/juce_gui_extra/embedding/juce_AndroidViewComponent.h:38:21: warning: 'DOXYGEN' is not defined, evaluates to 0 [-Wundef]
   38 | #if JUCE_ANDROID || DOXYGEN
      |                     ^
In file included from /Users/larryseyer/AudioDevelopment/OTTO/Source/UI/Themes/ThemeManager.cpp:1:
In file included from /Users/larryseyer/AudioDevelopment/OTTO/Source/UI/Themes/ThemeManager.h:4:
In file included from /Users/larryseyer/AudioDevelopment/OTTO/Builds/MacOSX/CMake-Release/OTTO_artefacts/JuceLibraryCode/JuceHeader.h:14:
In file included from /Users/larryseyer/AudioDevelopment/OTTO/JUCE/modules/juce_audio_plugin_client/juce_audio_plugin_client.h:65:
In file included from /Users/larryseyer/AudioDevelopment/OTTO/JUCE/modules/juce_audio_processors/juce_audio_processors.h:67:
In file included from /Users/larryseyer/AudioDevelopment/OTTO/JUCE/modules/juce_gui_extra/juce_gui_extra.h:144:
/Users/larryseyer/AudioDevelopment/OTTO/JUCE/modules/juce_gui_extra/embedding/juce_UIViewComponent.h:38:5: warning: 'JUCE_IOS' is not defined, evaluates to 0 [-Wundef]
   38 | #if JUCE_IOS || DOXYGEN
      |     ^
/Users/larryseyer/AudioDevelopment/OTTO/JUCE/modules/juce_gui_extra/embedding/juce_UIViewComponent.h:38:17: warning: 'DOXYGEN' is not defined, evaluates to 0 [-Wundef]
   38 | #if JUCE_IOS || DOXYGEN
      |                 ^
In file included from /Users/larryseyer/AudioDevelopment/OTTO/Source/UI/Themes/ThemeManager.cpp:1:
In file included from /Users/larryseyer/AudioDevelopment/OTTO/Source/UI/Themes/ThemeManager.h:4:
In file included from /Users/larryseyer/AudioDevelopment/OTTO/Builds/MacOSX/CMake-Release/OTTO_artefacts/JuceLibraryCode/JuceHeader.h:14:
In file included from /Users/larryseyer/AudioDevelopment/OTTO/JUCE/modules/juce_audio_plugin_client/juce_audio_plugin_client.h:65:
In file included from /Users/larryseyer/AudioDevelopment/OTTO/JUCE/modules/juce_audio_processors/juce_audio_processors.h:67:
In file included from /Users/larryseyer/AudioDevelopment/OTTO/JUCE/modules/juce_gui_extra/juce_gui_extra.h:145:
/Users/larryseyer/AudioDevelopment/OTTO/JUCE/modules/juce_gui_extra/embedding/juce_XEmbedComponent.h:43:5: warning: 'JUCE_LINUX' is not defined, evaluates to 0 [-Wundef]
   43 | #if JUCE_LINUX || JUCE_BSD || DOXYGEN
      |     ^
/Users/larryseyer/AudioDevelopment/OTTO/JUCE/modules/juce_gui_extra/embedding/juce_XEmbedComponent.h:43:19: warning: 'JUCE_BSD' is not defined, evaluates to 0 [-Wundef]
   43 | #if JUCE_LINUX || JUCE_BSD || DOXYGEN
      |                   ^
/Users/larryseyer/AudioDevelopment/OTTO/JUCE/modules/juce_gui_extra/embedding/juce_XEmbedComponent.h:43:31: warning: 'DOXYGEN' is not defined, evaluates to 0 [-Wundef]
   43 | #if JUCE_LINUX || JUCE_BSD || DOXYGEN
      |                               ^
In file included from /Users/larryseyer/AudioDevelopment/OTTO/Source/UI/Themes/ThemeManager.cpp:1:
In file included from /Users/larryseyer/AudioDevelopment/OTTO/Source/UI/Themes/ThemeManager.h:4:
In file included from /Users/larryseyer/AudioDevelopment/OTTO/Builds/MacOSX/CMake-Release/OTTO_artefacts/JuceLibraryCode/JuceHeader.h:14:
In file included from /Users/larryseyer/AudioDevelopment/OTTO/JUCE/modules/juce_audio_plugin_client/juce_audio_plugin_client.h:65:
In file included from /Users/larryseyer/AudioDevelopment/OTTO/JUCE/modules/juce_audio_processors/juce_audio_processors.h:67:
In file included from /Users/larryseyer/AudioDevelopment/OTTO/JUCE/modules/juce_gui_extra/juce_gui_extra.h:146:
/Users/larryseyer/AudioDevelopment/OTTO/JUCE/modules/juce_gui_extra/embedding/juce_HWNDComponent.h:38:5: warning: 'JUCE_WINDOWS' is not defined, evaluates to 0 [-Wundef]
   38 | #if JUCE_WINDOWS || DOXYGEN
      |     ^
/Users/larryseyer/AudioDevelopment/OTTO/JUCE/modules/juce_gui_extra/embedding/juce_HWNDComponent.h:38:21: warning: 'DOXYGEN' is not defined, evaluates to 0 [-Wundef]
   38 | #if JUCE_WINDOWS || DOXYGEN
      |                     ^
In file included from /Users/larryseyer/AudioDevelopment/OTTO/Source/UI/Themes/ThemeManager.cpp:1:
In file included from /Users/larryseyer/AudioDevelopment/OTTO/Source/UI/Themes/ThemeManager.h:4:
In file included from /Users/larryseyer/AudioDevelopment/OTTO/Builds/MacOSX/CMake-Release/OTTO_artefacts/JuceLibraryCode/JuceHeader.h:14:
In file included from /Users/larryseyer/AudioDevelopment/OTTO/JUCE/modules/juce_audio_plugin_client/juce_audio_plugin_client.h:65:
In file included from /Users/larryseyer/AudioDevelopment/OTTO/JUCE/modules/juce_audio_processors/juce_audio_processors.h:67:
In file included from /Users/larryseyer/AudioDevelopment/OTTO/JUCE/modules/juce_gui_extra/juce_gui_extra.h:152:
/Users/larryseyer/AudioDevelopment/OTTO/JUCE/modules/juce_gui_extra/misc/juce_PushNotifications.h:699:8: warning: 'JUCE_ANDROID' is not defined, evaluates to 0 [-Wundef]
  699 |    #if JUCE_ANDROID
      |        ^
In file included from /Users/larryseyer/AudioDevelopment/OTTO/Source/UI/Themes/ThemeManager.cpp:1:
In file included from /Users/larryseyer/AudioDevelopment/OTTO/Source/UI/Themes/ThemeManager.h:4:
In file included from /Users/larryseyer/AudioDevelopment/OTTO/Builds/MacOSX/CMake-Release/OTTO_artefacts/JuceLibraryCode/JuceHeader.h:14:
In file included from /Users/larryseyer/AudioDevelopment/OTTO/JUCE/modules/juce_audio_plugin_client/juce_audio_plugin_client.h:65:
In file included from /Users/larryseyer/AudioDevelopment/OTTO/JUCE/modules/juce_audio_processors/juce_audio_processors.h:67:
In file included from /Users/larryseyer/AudioDevelopment/OTTO/JUCE/modules/juce_gui_extra/juce_gui_extra.h:155:
/Users/larryseyer/AudioDevelopment/OTTO/JUCE/modules/juce_gui_extra/misc/juce_SystemTrayIconComponent.h:38:5: warning: 'JUCE_WINDOWS' is not defined, evaluates to 0 [-Wundef]
   38 | #if JUCE_WINDOWS || JUCE_LINUX || JUCE_BSD || JUCE_MAC || DOXYGEN
      |     ^
/Users/larryseyer/AudioDevelopment/OTTO/JUCE/modules/juce_gui_extra/misc/juce_SystemTrayIconComponent.h:38:21: warning: 'JUCE_LINUX' is not defined, evaluates to 0 [-Wundef]
   38 | #if JUCE_WINDOWS || JUCE_LINUX || JUCE_BSD || JUCE_MAC || DOXYGEN
      |                     ^
/Users/larryseyer/AudioDevelopment/OTTO/JUCE/modules/juce_gui_extra/misc/juce_SystemTrayIconComponent.h:38:35: warning: 'JUCE_BSD' is not defined, evaluates to 0 [-Wundef]
   38 | #if JUCE_WINDOWS || JUCE_LINUX || JUCE_BSD || JUCE_MAC || DOXYGEN
      |                                   ^
/Users/larryseyer/AudioDevelopment/OTTO/JUCE/modules/juce_gui_extra/misc/juce_SystemTrayIconComponent.h:102:8: warning: 'JUCE_LINUX' is not defined, evaluates to 0 [-Wundef]
  102 |    #if JUCE_LINUX || JUCE_BSD
      |        ^
/Users/larryseyer/AudioDevelopment/OTTO/JUCE/modules/juce_gui_extra/misc/juce_SystemTrayIconComponent.h:102:22: warning: 'JUCE_BSD' is not defined, evaluates to 0 [-Wundef]
  102 |    #if JUCE_LINUX || JUCE_BSD
      |                      ^
In file included from /Users/larryseyer/AudioDevelopment/OTTO/Source/UI/Themes/ThemeManager.cpp:1:
In file included from /Users/larryseyer/AudioDevelopment/OTTO/Source/UI/Themes/ThemeManager.h:4:
In file included from /Users/larryseyer/AudioDevelopment/OTTO/Builds/MacOSX/CMake-Release/OTTO_artefacts/JuceLibraryCode/JuceHeader.h:14:
In file included from /Users/larryseyer/AudioDevelopment/OTTO/JUCE/modules/juce_audio_plugin_client/juce_audio_plugin_client.h:65:
In file included from /Users/larryseyer/AudioDevelopment/OTTO/JUCE/modules/juce_audio_processors/juce_audio_processors.h:67:
In file included from /Users/larryseyer/AudioDevelopment/OTTO/JUCE/modules/juce_gui_extra/juce_gui_extra.h:156:
/Users/larryseyer/AudioDevelopment/OTTO/JUCE/modules/juce_gui_extra/misc/juce_WebBrowserComponent.h:38:25: warning: 'DOXYGEN' is not defined, evaluates to 0 [-Wundef]
   38 | #if JUCE_WEB_BROWSER || DOXYGEN
      |                         ^
In file included from /Users/larryseyer/AudioDevelopment/OTTO/Source/UI/Themes/ThemeManager.cpp:1:
In file included from /Users/larryseyer/AudioDevelopment/OTTO/Source/UI/Themes/ThemeManager.h:4:
In file included from /Users/larryseyer/AudioDevelopment/OTTO/Builds/MacOSX/CMake-Release/OTTO_artefacts/JuceLibraryCode/JuceHeader.h:14:
In file included from /Users/larryseyer/AudioDevelopment/OTTO/JUCE/modules/juce_audio_plugin_client/juce_audio_plugin_client.h:65:
In file included from /Users/larryseyer/AudioDevelopment/OTTO/JUCE/modules/juce_audio_processors/juce_audio_processors.h:67:
In file included from /Users/larryseyer/AudioDevelopment/OTTO/JUCE/modules/juce_gui_extra/juce_gui_extra.h:157:
/Users/larryseyer/AudioDevelopment/OTTO/JUCE/modules/juce_gui_extra/misc/juce_LiveConstantEditor.h:35:5: warning: 'JUCE_ENABLE_LIVE_CONSTANT_EDITOR' is not defined, evaluates to 0 [-Wundef]
   35 | #if JUCE_ENABLE_LIVE_CONSTANT_EDITOR && ! defined (DOXYGEN)
      |     ^
/Users/larryseyer/AudioDevelopment/OTTO/JUCE/modules/juce_gui_extra/misc/juce_LiveConstantEditor.h:258:5: warning: 'JUCE_ENABLE_LIVE_CONSTANT_EDITOR' is not defined, evaluates to 0 [-Wundef]
  258 | #if JUCE_ENABLE_LIVE_CONSTANT_EDITOR || DOXYGEN
      |     ^
/Users/larryseyer/AudioDevelopment/OTTO/JUCE/modules/juce_gui_extra/misc/juce_LiveConstantEditor.h:258:41: warning: 'DOXYGEN' is not defined, evaluates to 0 [-Wundef]
  258 | #if JUCE_ENABLE_LIVE_CONSTANT_EDITOR || DOXYGEN
      |                                         ^
In file included from /Users/larryseyer/AudioDevelopment/OTTO/Source/UI/Themes/ThemeManager.cpp:1:
In file included from /Users/larryseyer/AudioDevelopment/OTTO/Source/UI/Themes/ThemeManager.h:4:
In file included from /Users/larryseyer/AudioDevelopment/OTTO/Builds/MacOSX/CMake-Release/OTTO_artefacts/JuceLibraryCode/JuceHeader.h:14:
In file included from /Users/larryseyer/AudioDevelopment/OTTO/JUCE/modules/juce_audio_plugin_client/juce_audio_plugin_client.h:65:
In file included from /Users/larryseyer/AudioDevelopment/OTTO/JUCE/modules/juce_audio_processors/juce_audio_processors.h:67:
In file included from /Users/larryseyer/AudioDevelopment/OTTO/JUCE/modules/juce_gui_extra/juce_gui_extra.h:159:
/Users/larryseyer/AudioDevelopment/OTTO/JUCE/modules/juce_gui_extra/detail/juce_WebControlRelayEvents.h:38:25: warning: 'DOXYGEN' is not defined, evaluates to 0 [-Wundef]
   38 | #if JUCE_WEB_BROWSER || DOXYGEN
      |                         ^
In file included from /Users/larryseyer/AudioDevelopment/OTTO/Source/UI/Themes/ThemeManager.cpp:1:
In file included from /Users/larryseyer/AudioDevelopment/OTTO/Source/UI/Themes/ThemeManager.h:4:
In file included from /Users/larryseyer/AudioDevelopment/OTTO/Builds/MacOSX/CMake-Release/OTTO_artefacts/JuceLibraryCode/JuceHeader.h:14:
In file included from /Users/larryseyer/AudioDevelopment/OTTO/JUCE/modules/juce_audio_plugin_client/juce_audio_plugin_client.h:65:
In file included from /Users/larryseyer/AudioDevelopment/OTTO/JUCE/modules/juce_audio_processors/juce_audio_processors.h:67:
In file included from /Users/larryseyer/AudioDevelopment/OTTO/JUCE/modules/juce_gui_extra/juce_gui_extra.h:160:
/Users/larryseyer/AudioDevelopment/OTTO/JUCE/modules/juce_gui_extra/misc/juce_WebControlRelays.h:38:25: warning: 'DOXYGEN' is not defined, evaluates to 0 [-Wundef]
   38 | #if JUCE_WEB_BROWSER || DOXYGEN
      |                         ^
In file included from /Users/larryseyer/AudioDevelopment/OTTO/Source/UI/Themes/ThemeManager.cpp:1:
In file included from /Users/larryseyer/AudioDevelopment/OTTO/Source/UI/Themes/ThemeManager.h:4:
In file included from /Users/larryseyer/AudioDevelopment/OTTO/Builds/MacOSX/CMake-Release/OTTO_artefacts/JuceLibraryCode/JuceHeader.h:14:
In file included from /Users/larryseyer/AudioDevelopment/OTTO/JUCE/modules/juce_audio_plugin_client/juce_audio_plugin_client.h:65:
In file included from /Users/larryseyer/AudioDevelopment/OTTO/JUCE/modules/juce_audio_processors/juce_audio_processors.h:67:
In file included from /Users/larryseyer/AudioDevelopment/OTTO/JUCE/modules/juce_gui_extra/juce_gui_extra.h:161:
/Users/larryseyer/AudioDevelopment/OTTO/JUCE/modules/juce_gui_extra/misc/juce_WebControlParameterIndexReceiver.h:38:25: warning: 'DOXYGEN' is not defined, evaluates to 0 [-Wundef]
   38 | #if JUCE_WEB_BROWSER || DOXYGEN
      |                         ^
In file included from /Users/larryseyer/AudioDevelopment/OTTO/Source/UI/Themes/ThemeManager.cpp:1:
In file included from /Users/larryseyer/AudioDevelopment/OTTO/Source/UI/Themes/ThemeManager.h:4:
In file included from /Users/larryseyer/AudioDevelopment/OTTO/Builds/MacOSX/CMake-Release/OTTO_artefacts/JuceLibraryCode/JuceHeader.h:14:
In file included from /Users/larryseyer/AudioDevelopment/OTTO/JUCE/modules/juce_audio_plugin_client/juce_audio_plugin_client.h:65:
In file included from /Users/larryseyer/AudioDevelopment/OTTO/JUCE/modules/juce_audio_processors/juce_audio_processors.h:148:
/Users/larryseyer/AudioDevelopment/OTTO/JUCE/modules/juce_audio_processors/processors/juce_AudioProcessorParameter.h:363:8: warning: 'JUCE_DEBUG' is not defined, evaluates to 0 [-Wundef]
  363 |    #if JUCE_DEBUG
      |        ^
In file included from /Users/larryseyer/AudioDevelopment/OTTO/Source/UI/Themes/ThemeManager.cpp:1:
In file included from /Users/larryseyer/AudioDevelopment/OTTO/Source/UI/Themes/ThemeManager.h:4:
In file included from /Users/larryseyer/AudioDevelopment/OTTO/Builds/MacOSX/CMake-Release/OTTO_artefacts/JuceLibraryCode/JuceHeader.h:14:
In file included from /Users/larryseyer/AudioDevelopment/OTTO/JUCE/modules/juce_audio_plugin_client/juce_audio_plugin_client.h:65:
In file included from /Users/larryseyer/AudioDevelopment/OTTO/JUCE/modules/juce_audio_processors/juce_audio_processors.h:154:
/Users/larryseyer/AudioDevelopment/OTTO/JUCE/modules/juce_audio_processors/processors/juce_AudioProcessor.h:1599:7: warning: 'JUCE_DEBUG' is not defined, evaluates to 0 [-Wundef]
 1599 |   #if JUCE_DEBUG
      |       ^
In file included from /Users/larryseyer/AudioDevelopment/OTTO/Source/UI/Themes/ThemeManager.cpp:1:
In file included from /Users/larryseyer/AudioDevelopment/OTTO/Source/UI/Themes/ThemeManager.h:4:
In file included from /Users/larryseyer/AudioDevelopment/OTTO/Builds/MacOSX/CMake-Release/OTTO_artefacts/JuceLibraryCode/JuceHeader.h:14:
In file included from /Users/larryseyer/AudioDevelopment/OTTO/JUCE/modules/juce_audio_plugin_client/juce_audio_plugin_client.h:65:
In file included from /Users/larryseyer/AudioDevelopment/OTTO/JUCE/modules/juce_audio_processors/juce_audio_processors.h:162:
/Users/larryseyer/AudioDevelopment/OTTO/JUCE/modules/juce_audio_processors/format_types/juce_AudioUnitPluginFormat.h:38:55: warning: 'DOXYGEN' is not defined, evaluates to 0 [-Wundef]
   38 | #if (JUCE_PLUGINHOST_AU && (JUCE_MAC || JUCE_IOS)) || DOXYGEN
      |                                                       ^
In file included from /Users/larryseyer/AudioDevelopment/OTTO/Source/UI/Themes/ThemeManager.cpp:1:
In file included from /Users/larryseyer/AudioDevelopment/OTTO/Source/UI/Themes/ThemeManager.h:4:
In file included from /Users/larryseyer/AudioDevelopment/OTTO/Builds/MacOSX/CMake-Release/OTTO_artefacts/JuceLibraryCode/JuceHeader.h:14:
In file included from /Users/larryseyer/AudioDevelopment/OTTO/JUCE/modules/juce_audio_plugin_client/juce_audio_plugin_client.h:65:
In file included from /Users/larryseyer/AudioDevelopment/OTTO/JUCE/modules/juce_audio_processors/juce_audio_processors.h:163:
/Users/larryseyer/AudioDevelopment/OTTO/JUCE/modules/juce_audio_processors/format_types/juce_LADSPAPluginFormat.h:38:61: warning: 'DOXYGEN' is not defined, evaluates to 0 [-Wundef]
   38 | #if (JUCE_PLUGINHOST_LADSPA && (JUCE_LINUX || JUCE_BSD)) || DOXYGEN
      |                                                             ^
In file included from /Users/larryseyer/AudioDevelopment/OTTO/Source/UI/Themes/ThemeManager.cpp:1:
In file included from /Users/larryseyer/AudioDevelopment/OTTO/Source/UI/Themes/ThemeManager.h:4:
In file included from /Users/larryseyer/AudioDevelopment/OTTO/Builds/MacOSX/CMake-Release/OTTO_artefacts/JuceLibraryCode/JuceHeader.h:14:
In file included from /Users/larryseyer/AudioDevelopment/OTTO/JUCE/modules/juce_audio_plugin_client/juce_audio_plugin_client.h:65:
In file included from /Users/larryseyer/AudioDevelopment/OTTO/JUCE/modules/juce_audio_processors/juce_audio_processors.h:164:
/Users/larryseyer/AudioDevelopment/OTTO/JUCE/modules/juce_audio_processors/format_types/juce_LV2PluginFormat.h:38:64: warning: 'DOXYGEN' is not defined, evaluates to 0 [-Wundef]
   38 | #if (JUCE_PLUGINHOST_LV2 && (! (JUCE_ANDROID || JUCE_IOS))) || DOXYGEN
      |                                                                ^
In file included from /Users/larryseyer/AudioDevelopment/OTTO/Source/UI/Themes/ThemeManager.cpp:1:
In file included from /Users/larryseyer/AudioDevelopment/OTTO/Source/UI/Themes/ThemeManager.h:4:
In file included from /Users/larryseyer/AudioDevelopment/OTTO/Builds/MacOSX/CMake-Release/OTTO_artefacts/JuceLibraryCode/JuceHeader.h:14:
In file included from /Users/larryseyer/AudioDevelopment/OTTO/JUCE/modules/juce_audio_plugin_client/juce_audio_plugin_client.h:65:
In file included from /Users/larryseyer/AudioDevelopment/OTTO/JUCE/modules/juce_audio_processors/juce_audio_processors.h:165:
/Users/larryseyer/AudioDevelopment/OTTO/JUCE/modules/juce_audio_processors/format_types/juce_VST3PluginFormat.h:38:87: warning: 'DOXYGEN' is not defined, evaluates to 0 [-Wundef]
   38 | #if (JUCE_PLUGINHOST_VST3 && (JUCE_MAC || JUCE_WINDOWS || JUCE_LINUX || JUCE_BSD)) || DOXYGEN
      |                                                                                       ^
In file included from /Users/larryseyer/AudioDevelopment/OTTO/Source/UI/Themes/ThemeManager.cpp:1:
In file included from /Users/larryseyer/AudioDevelopment/OTTO/Source/UI/Themes/ThemeManager.h:4:
In file included from /Users/larryseyer/AudioDevelopment/OTTO/Builds/MacOSX/CMake-Release/OTTO_artefacts/JuceLibraryCode/JuceHeader.h:14:
In file included from /Users/larryseyer/AudioDevelopment/OTTO/JUCE/modules/juce_audio_plugin_client/juce_audio_plugin_client.h:65:
In file included from /Users/larryseyer/AudioDevelopment/OTTO/JUCE/modules/juce_audio_processors/juce_audio_processors.h:167:
/Users/larryseyer/AudioDevelopment/OTTO/JUCE/modules/juce_audio_processors/format_types/juce_VSTPluginFormat.h:35:29: warning: 'DOXYGEN' is not defined, evaluates to 0 [-Wundef]
   35 | #if (JUCE_PLUGINHOST_VST || DOXYGEN)
      |                             ^
In file included from /Users/larryseyer/AudioDevelopment/OTTO/Source/UI/Themes/ThemeManager.cpp:1:
In file included from /Users/larryseyer/AudioDevelopment/OTTO/Source/UI/Themes/ThemeManager.h:4:
In file included from /Users/larryseyer/AudioDevelopment/OTTO/Builds/MacOSX/CMake-Release/OTTO_artefacts/JuceLibraryCode/JuceHeader.h:14:
In file included from /Users/larryseyer/AudioDevelopment/OTTO/JUCE/modules/juce_audio_plugin_client/juce_audio_plugin_client.h:65:
In file included from /Users/larryseyer/AudioDevelopment/OTTO/JUCE/modules/juce_audio_processors/juce_audio_processors.h:168:
/Users/larryseyer/AudioDevelopment/OTTO/JUCE/modules/juce_audio_processors/format_types/juce_ARAHosting.h:37:122: warning: 'DOXYGEN' is not defined, evaluates to 0 [-Wundef]
   37 | #if (JUCE_PLUGINHOST_ARA && (JUCE_PLUGINHOST_VST3 || JUCE_PLUGINHOST_AU) && (JUCE_MAC || JUCE_WINDOWS || JUCE_LINUX)) || DOXYGEN
      |                                                                                                                          ^
In file included from /Users/larryseyer/AudioDevelopment/OTTO/Source/UI/Themes/ThemeManager.cpp:1:
In file included from /Users/larryseyer/AudioDevelopment/OTTO/Source/UI/Themes/ThemeManager.h:4:
In file included from /Users/larryseyer/AudioDevelopment/OTTO/Builds/MacOSX/CMake-Release/OTTO_artefacts/JuceLibraryCode/JuceHeader.h:14:
In file included from /Users/larryseyer/AudioDevelopment/OTTO/JUCE/modules/juce_audio_plugin_client/juce_audio_plugin_client.h:65:
In file included from /Users/larryseyer/AudioDevelopment/OTTO/JUCE/modules/juce_audio_processors/juce_audio_processors.h:177:
/Users/larryseyer/AudioDevelopment/OTTO/JUCE/modules/juce_audio_processors/utilities/juce_ParameterAttachments.h:260:25: warning: 'DOXYGEN' is not defined, evaluates to 0 [-Wundef]
  260 | #if JUCE_WEB_BROWSER || DOXYGEN
      |                         ^
In file included from /Users/larryseyer/AudioDevelopment/OTTO/Source/UI/Themes/ThemeManager.cpp:1:
In file included from /Users/larryseyer/AudioDevelopment/OTTO/Source/UI/Themes/ThemeManager.h:4:
In file included from /Users/larryseyer/AudioDevelopment/OTTO/Builds/MacOSX/CMake-Release/OTTO_artefacts/JuceLibraryCode/JuceHeader.h:14:
In file included from /Users/larryseyer/AudioDevelopment/OTTO/JUCE/modules/juce_audio_plugin_client/juce_audio_plugin_client.h:65:
In file included from /Users/larryseyer/AudioDevelopment/OTTO/JUCE/modules/juce_audio_processors/juce_audio_processors.h:178:
/Users/larryseyer/AudioDevelopment/OTTO/JUCE/modules/juce_audio_processors/utilities/juce_AudioProcessorValueTreeState.h:639:8: warning: 'JUCE_UNIT_TESTS' is not defined, evaluates to 0 [-Wundef]
  639 |    #if JUCE_UNIT_TESTS
      |        ^
In file included from /Users/larryseyer/AudioDevelopment/OTTO/Source/UI/Themes/ThemeManager.cpp:1:
In file included from /Users/larryseyer/AudioDevelopment/OTTO/Source/UI/Themes/ThemeManager.h:4:
In file included from /Users/larryseyer/AudioDevelopment/OTTO/Builds/MacOSX/CMake-Release/OTTO_artefacts/JuceLibraryCode/JuceHeader.h:23:
In file included from /Users/larryseyer/AudioDevelopment/OTTO/JUCE/modules/juce_audio_devices/juce_audio_devices.h:174:
/Users/larryseyer/AudioDevelopment/OTTO/JUCE/modules/juce_audio_devices/midi_io/juce_MidiDevices.h:205:8: warning: 'JUCE_LINUX' is not defined, evaluates to 0 [-Wundef]
  205 |    #if JUCE_LINUX || JUCE_BSD || JUCE_MAC || JUCE_IOS || DOXYGEN
      |        ^
/Users/larryseyer/AudioDevelopment/OTTO/JUCE/modules/juce_audio_devices/midi_io/juce_MidiDevices.h:205:22: warning: 'JUCE_BSD' is not defined, evaluates to 0 [-Wundef]
  205 |    #if JUCE_LINUX || JUCE_BSD || JUCE_MAC || JUCE_IOS || DOXYGEN
      |                      ^
/Users/larryseyer/AudioDevelopment/OTTO/JUCE/modules/juce_audio_devices/midi_io/juce_MidiDevices.h:364:8: warning: 'JUCE_LINUX' is not defined, evaluates to 0 [-Wundef]
  364 |    #if JUCE_LINUX || JUCE_BSD || JUCE_MAC || JUCE_IOS || DOXYGEN
      |        ^
/Users/larryseyer/AudioDevelopment/OTTO/JUCE/modules/juce_audio_devices/midi_io/juce_MidiDevices.h:364:22: warning: 'JUCE_BSD' is not defined, evaluates to 0 [-Wundef]
  364 |    #if JUCE_LINUX || JUCE_BSD || JUCE_MAC || JUCE_IOS || DOXYGEN
      |                      ^
In file included from /Users/larryseyer/AudioDevelopment/OTTO/Source/UI/Themes/ThemeManager.cpp:1:
In file included from /Users/larryseyer/AudioDevelopment/OTTO/Source/UI/Themes/ThemeManager.h:4:
In file included from /Users/larryseyer/AudioDevelopment/OTTO/Builds/MacOSX/CMake-Release/OTTO_artefacts/JuceLibraryCode/JuceHeader.h:23:
In file included from /Users/larryseyer/AudioDevelopment/OTTO/JUCE/modules/juce_audio_devices/juce_audio_devices.h:175:
/Users/larryseyer/AudioDevelopment/OTTO/JUCE/modules/juce_audio_devices/midi_io/juce_MidiMessageCollector.h:118:8: warning: 'JUCE_DEBUG' is not defined, evaluates to 0 [-Wundef]
  118 |    #if JUCE_DEBUG
      |        ^
In file included from /Users/larryseyer/AudioDevelopment/OTTO/Source/UI/Themes/ThemeManager.cpp:1:
In file included from /Users/larryseyer/AudioDevelopment/OTTO/Source/UI/Themes/ThemeManager.h:4:
In file included from /Users/larryseyer/AudioDevelopment/OTTO/Builds/MacOSX/CMake-Release/OTTO_artefacts/JuceLibraryCode/JuceHeader.h:23:
/Users/larryseyer/AudioDevelopment/OTTO/JUCE/modules/juce_audio_devices/juce_audio_devices.h:199:5: warning: 'JUCE_IOS' is not defined, evaluates to 0 [-Wundef]
  199 | #if JUCE_IOS
      |     ^
In file included from /Users/larryseyer/AudioDevelopment/OTTO/Source/UI/Themes/ThemeManager.cpp:1:
In file included from /Users/larryseyer/AudioDevelopment/OTTO/Source/UI/Themes/ThemeManager.h:4:
In file included from /Users/larryseyer/AudioDevelopment/OTTO/Builds/MacOSX/CMake-Release/OTTO_artefacts/JuceLibraryCode/JuceHeader.h:24:
/Users/larryseyer/AudioDevelopment/OTTO/JUCE/modules/juce_audio_formats/juce_audio_formats.h:117:7: warning: 'JUCE_WINDOWS' is not defined, evaluates to 0 [-Wundef]
  117 | #if ! JUCE_WINDOWS
      |       ^
In file included from /Users/larryseyer/AudioDevelopment/OTTO/Source/UI/Themes/ThemeManager.cpp:1:
In file included from /Users/larryseyer/AudioDevelopment/OTTO/Source/UI/Themes/ThemeManager.h:4:
In file included from /Users/larryseyer/AudioDevelopment/OTTO/Builds/MacOSX/CMake-Release/OTTO_artefacts/JuceLibraryCode/JuceHeader.h:24:
In file included from /Users/larryseyer/AudioDevelopment/OTTO/JUCE/modules/juce_audio_formats/juce_audio_formats.h:134:
/Users/larryseyer/AudioDevelopment/OTTO/JUCE/modules/juce_audio_formats/codecs/juce_LAMEEncoderAudioFormat.h:38:35: warning: 'DOXYGEN' is not defined, evaluates to 0 [-Wundef]
   38 | #if JUCE_USE_LAME_AUDIO_FORMAT || DOXYGEN
      |                                   ^
In file included from /Users/larryseyer/AudioDevelopment/OTTO/Source/UI/Themes/ThemeManager.cpp:1:
In file included from /Users/larryseyer/AudioDevelopment/OTTO/Source/UI/Themes/ThemeManager.h:4:
In file included from /Users/larryseyer/AudioDevelopment/OTTO/Builds/MacOSX/CMake-Release/OTTO_artefacts/JuceLibraryCode/JuceHeader.h:24:
In file included from /Users/larryseyer/AudioDevelopment/OTTO/JUCE/modules/juce_audio_formats/juce_audio_formats.h:135:
/Users/larryseyer/AudioDevelopment/OTTO/JUCE/modules/juce_audio_formats/codecs/juce_MP3AudioFormat.h:38:32: warning: 'DOXYGEN' is not defined, evaluates to 0 [-Wundef]
   38 | #if JUCE_USE_MP3AUDIOFORMAT || DOXYGEN
      |                                ^
In file included from /Users/larryseyer/AudioDevelopment/OTTO/Source/UI/Themes/ThemeManager.cpp:1:
In file included from /Users/larryseyer/AudioDevelopment/OTTO/Source/UI/Themes/ThemeManager.h:4:
In file included from /Users/larryseyer/AudioDevelopment/OTTO/Builds/MacOSX/CMake-Release/OTTO_artefacts/JuceLibraryCode/JuceHeader.h:24:
In file included from /Users/larryseyer/AudioDevelopment/OTTO/JUCE/modules/juce_audio_formats/juce_audio_formats.h:138:
/Users/larryseyer/AudioDevelopment/OTTO/JUCE/modules/juce_audio_formats/codecs/juce_WindowsMediaAudioFormat.h:38:5: warning: 'JUCE_WINDOWS' is not defined, evaluates to 0 [-Wundef]
   38 | #if JUCE_WINDOWS || DOXYGEN
      |     ^
/Users/larryseyer/AudioDevelopment/OTTO/JUCE/modules/juce_audio_formats/codecs/juce_WindowsMediaAudioFormat.h:38:21: warning: 'DOXYGEN' is not defined, evaluates to 0 [-Wundef]
   38 | #if JUCE_WINDOWS || DOXYGEN
      |                     ^
In file included from /Users/larryseyer/AudioDevelopment/OTTO/Source/UI/Themes/ThemeManager.cpp:1:
In file included from /Users/larryseyer/AudioDevelopment/OTTO/Source/UI/Themes/ThemeManager.h:4:
In file included from /Users/larryseyer/AudioDevelopment/OTTO/Builds/MacOSX/CMake-Release/OTTO_artefacts/JuceLibraryCode/JuceHeader.h:25:
In file included from /Users/larryseyer/AudioDevelopment/OTTO/JUCE/modules/juce_audio_utils/juce_audio_utils.h:99:
/Users/larryseyer/AudioDevelopment/OTTO/JUCE/modules/juce_audio_utils/audio_cd/juce_AudioCDBurner.h:38:26: warning: 'DOXYGEN' is not defined, evaluates to 0 [-Wundef]
   38 | #if JUCE_USE_CDBURNER || DOXYGEN
      |                          ^
In file included from /Users/larryseyer/AudioDevelopment/OTTO/Source/UI/Themes/ThemeManager.cpp:1:
In file included from /Users/larryseyer/AudioDevelopment/OTTO/Source/UI/Themes/ThemeManager.h:4:
In file included from /Users/larryseyer/AudioDevelopment/OTTO/Builds/MacOSX/CMake-Release/OTTO_artefacts/JuceLibraryCode/JuceHeader.h:25:
In file included from /Users/larryseyer/AudioDevelopment/OTTO/JUCE/modules/juce_audio_utils/juce_audio_utils.h:100:
/Users/larryseyer/AudioDevelopment/OTTO/JUCE/modules/juce_audio_utils/audio_cd/juce_AudioCDReader.h:38:26: warning: 'DOXYGEN' is not defined, evaluates to 0 [-Wundef]
   38 | #if JUCE_USE_CDREADER || DOXYGEN
      |                          ^
In file included from /Users/larryseyer/AudioDevelopment/OTTO/Source/UI/Themes/ThemeManager.cpp:1:
In file included from /Users/larryseyer/AudioDevelopment/OTTO/Source/UI/Themes/ThemeManager.h:4:
In file included from /Users/larryseyer/AudioDevelopment/OTTO/Builds/MacOSX/CMake-Release/OTTO_artefacts/JuceLibraryCode/JuceHeader.h:26:
/Users/larryseyer/AudioDevelopment/OTTO/JUCE/modules/juce_dsp/juce_dsp.h:69:5: warning: 'JUCE_INTEL' is not defined, evaluates to 0 [-Wundef]
   69 | #if JUCE_INTEL
      |     ^
/Users/larryseyer/AudioDevelopment/OTTO/JUCE/modules/juce_dsp/juce_dsp.h:95:20: warning: 'JUCE_WINDOWS' is not defined, evaluates to 0 [-Wundef]
   95 |  #if JUCE_64BIT && JUCE_WINDOWS
      |                    ^
/Users/larryseyer/AudioDevelopment/OTTO/JUCE/modules/juce_dsp/juce_dsp.h:113:6: warning: '_MSC_VER' is not defined, evaluates to 0 [-Wundef]
  113 |  #if _MSC_VER && JUCE_USE_SIMD && ! (defined (_M_X64) || defined (__amd64__))
      |      ^
/Users/larryseyer/AudioDevelopment/OTTO/JUCE/modules/juce_dsp/juce_dsp.h:242:6: warning: 'JUCE_INTEL' is not defined, evaluates to 0 [-Wundef]
  242 |  #if JUCE_INTEL
      |      ^
In file included from /Users/larryseyer/AudioDevelopment/OTTO/Source/UI/Themes/ThemeManager.cpp:1:
In file included from /Users/larryseyer/AudioDevelopment/OTTO/Source/UI/Themes/ThemeManager.h:4:
In file included from /Users/larryseyer/AudioDevelopment/OTTO/Builds/MacOSX/CMake-Release/OTTO_artefacts/JuceLibraryCode/JuceHeader.h:27:
/Users/larryseyer/AudioDevelopment/OTTO/JUCE/modules/juce_opengl/juce_opengl.h:72:5: warning: 'JUCE_IOS' is not defined, evaluates to 0 [-Wundef]
   72 | #if JUCE_IOS || JUCE_ANDROID
      |     ^
/Users/larryseyer/AudioDevelopment/OTTO/JUCE/modules/juce_opengl/juce_opengl.h:72:17: warning: 'JUCE_ANDROID' is not defined, evaluates to 0 [-Wundef]
   72 | #if JUCE_IOS || JUCE_ANDROID
      |                 ^
/Users/larryseyer/AudioDevelopment/OTTO/JUCE/modules/juce_opengl/juce_opengl.h:82:5: warning: 'JUCE_OPENGL_ES' is not defined, evaluates to 0 [-Wundef]
   82 | #if JUCE_OPENGL_ES || DOXYGEN
      |     ^
/Users/larryseyer/AudioDevelopment/OTTO/JUCE/modules/juce_opengl/juce_opengl.h:82:23: warning: 'DOXYGEN' is not defined, evaluates to 0 [-Wundef]
   82 | #if JUCE_OPENGL_ES || DOXYGEN
      |                       ^
In file included from /Users/larryseyer/AudioDevelopment/OTTO/Source/UI/Themes/ThemeManager.cpp:1:
In file included from /Users/larryseyer/AudioDevelopment/OTTO/Source/UI/Themes/ThemeManager.h:4:
In file included from /Users/larryseyer/AudioDevelopment/OTTO/Builds/MacOSX/CMake-Release/OTTO_artefacts/JuceLibraryCode/JuceHeader.h:27:
In file included from /Users/larryseyer/AudioDevelopment/OTTO/JUCE/modules/juce_opengl/juce_opengl.h:120:
/Users/larryseyer/AudioDevelopment/OTTO/JUCE/modules/juce_opengl/native/juce_OpenGLExtensions.h:127:8: warning: 'JUCE_WINDOWS' is not defined, evaluates to 0 [-Wundef]
  127 |    #if JUCE_WINDOWS && ! defined (DOXYGEN)
      |        ^
/Users/larryseyer/AudioDevelopment/OTTO/JUCE/modules/juce_opengl/native/juce_OpenGLExtensions.h:142:8: warning: 'JUCE_ANDROID' is not defined, evaluates to 0 [-Wundef]
  142 |    #if JUCE_ANDROID
      |        ^
In file included from /Users/larryseyer/AudioDevelopment/OTTO/Source/UI/Themes/ThemeManager.cpp:1:
In file included from /Users/larryseyer/AudioDevelopment/OTTO/Source/UI/Themes/ThemeManager.h:4:
/Users/larryseyer/AudioDevelopment/OTTO/Builds/MacOSX/CMake-Release/OTTO_artefacts/JuceLibraryCode/JuceHeader.h:34:7: warning: 'DONT_SET_USING_JUCE_NAMESPACE' is not defined, evaluates to 0 [-Wundef]
   34 | #if ! DONT_SET_USING_JUCE_NAMESPACE
      |       ^
In file included from /Users/larryseyer/AudioDevelopment/OTTO/Source/UI/Themes/ThemeManager.cpp:1:
In file included from /Users/larryseyer/AudioDevelopment/OTTO/Source/UI/Themes/ThemeManager.h:7:
/Users/larryseyer/AudioDevelopment/OTTO/Source/ColorScheme.h:104:55: warning: unused parameter 'newThemeName' [-Wunused-parameter]
  104 |         virtual void themeChanged(const juce::String& newThemeName) {}
      |                                                       ^
/Users/larryseyer/AudioDevelopment/OTTO/Source/ColorScheme.h:105:55: warning: unused parameter 'component' [-Wunused-parameter]
  105 |         virtual void colorChanged(const juce::String& component, const juce::String& property, const juce::Colour& newColor) {}
      |                                                       ^
/Users/larryseyer/AudioDevelopment/OTTO/Source/ColorScheme.h:105:86: warning: unused parameter 'property' [-Wunused-parameter]
  105 |         virtual void colorChanged(const juce::String& component, const juce::String& property, const juce::Colour& newColor) {}
      |                                                                                      ^
/Users/larryseyer/AudioDevelopment/OTTO/Source/ColorScheme.h:105:116: warning: unused parameter 'newColor' [-Wunused-parameter]
  105 |         virtual void colorChanged(const juce::String& component, const juce::String& property, const juce::Colour& newColor) {}
      |                                                                                                                    ^
In file included from /Users/larryseyer/AudioDevelopment/OTTO/Source/UI/Themes/ThemeManager.cpp:1:
/Users/larryseyer/AudioDevelopment/OTTO/Source/UI/Themes/ThemeManager.h:208:55: warning: unused parameter 'newThemeName' [-Wunused-parameter]
  208 |         virtual void themeChanged(const juce::String& newThemeName) {}
      |                                                       ^
/Users/larryseyer/AudioDevelopment/OTTO/Source/UI/Themes/ThemeManager.h:209:62: warning: declaration shadows a field of 'ThemeManager' [-Wshadow]
  209 |         virtual void themePreviewStarted(const juce::String& previewThemeName) {}
      |                                                              ^
/Users/larryseyer/AudioDevelopment/OTTO/Source/UI/Themes/ThemeManager.h:230:18: note: previous declaration is here
  230 |     juce::String previewThemeName;
      |                  ^
/Users/larryseyer/AudioDevelopment/OTTO/Source/UI/Themes/ThemeManager.h:209:62: warning: unused parameter 'previewThemeName' [-Wunused-parameter]
  209 |         virtual void themePreviewStarted(const juce::String& previewThemeName) {}
      |                                                              ^
/Users/larryseyer/AudioDevelopment/OTTO/Source/UI/Themes/ThemeManager.h:211:65: warning: unused parameter 'newMode' [-Wunused-parameter]
  211 |         virtual void accessibilityModeChanged(AccessibilityMode newMode) {}
      |                                                                 ^
/Users/larryseyer/AudioDevelopment/OTTO/Source/UI/Themes/ThemeManager.h:212:63: warning: unused parameter 'seasonalTheme' [-Wunused-parameter]
  212 |         virtual void seasonalThemeUpdated(const juce::String& seasonalTheme) {}
      |                                                               ^
/Users/larryseyer/AudioDevelopment/OTTO/Source/UI/Themes/ThemeManager.h:213:64: warning: unused parameter 'themeName' [-Wunused-parameter]
  213 |         virtual void themeValidationFailed(const juce::String& themeName, const juce::StringArray& errors) {}
      |                                                                ^
/Users/larryseyer/AudioDevelopment/OTTO/Source/UI/Themes/ThemeManager.h:213:100: warning: unused parameter 'errors' [-Wunused-parameter]
  213 |         virtual void themeValidationFailed(const juce::String& themeName, const juce::StringArray& errors) {}
      |                                                                                                    ^
In file included from /Users/larryseyer/AudioDevelopment/OTTO/Source/UI/Themes/ThemeManager.cpp:3:
In file included from /Users/larryseyer/AudioDevelopment/OTTO/Source/INIDataManager.h:6:
/Users/larryseyer/AudioDevelopment/OTTO/Source/MidiEngine.h:24:34: warning: implicit conversion increases floating-point precision: 'const float' to 'double' [-Wdouble-promotion]
   24 |         double currentPosition = INIConfig::MIDI::DEFAULT_POSITION;
      |                                  ^~~~~~~~~~~~~~~~~~~~~~~~~~~~~~~~~
/Users/larryseyer/AudioDevelopment/OTTO/Source/MidiEngine.h:224:35: warning: implicit conversion increases floating-point precision: 'const float' to 'double' [-Wdouble-promotion]
  224 |         double playbackPosition = INIConfig::MIDI::DEFAULT_POSITION;
      |                                   ^~~~~~~~~~~~~~~~~~~~~~~~~~~~~~~~~
/Users/larryseyer/AudioDevelopment/OTTO/Source/MidiEngine.h:225:34: warning: implicit conversion increases floating-point precision: 'const float' to 'double' [-Wdouble-promotion]
  225 |         double lastProcessTime = INIConfig::MIDI::DEFAULT_LAST_TIME;
      |                                  ^~~~~~~~~~~~~~~~~~~~~~~~~~~~~~~~~~
/Users/larryseyer/AudioDevelopment/OTTO/Source/MidiEngine.h:247:30: warning: implicit conversion increases floating-point precision: 'const float' to 'double' [-Wdouble-promotion]
  247 |     double lastProcessTime = INIConfig::MIDI::DEFAULT_LAST_TIME;
      |                              ^~~~~~~~~~~~~~~~~~~~~~~~~~~~~~~~~~
/Users/larryseyer/AudioDevelopment/OTTO/Source/MidiEngine.h:248:28: warning: implicit conversion increases floating-point precision: 'const float' to 'double' [-Wdouble-promotion]
  248 |     double lastClockTime = INIConfig::MIDI::DEFAULT_LAST_TIME;
      |                            ^~~~~~~~~~~~~~~~~~~~~~~~~~~~~~~~~~
/Users/larryseyer/AudioDevelopment/OTTO/Source/MidiEngine.h:253:24: warning: implicit conversion increases floating-point precision: 'const float' to 'double' [-Wdouble-promotion]
  253 |     double hostTempo = INIConfig::MIDI::DEFAULT_POSITION;
      |                        ^~~~~~~~~~~~~~~~~~~~~~~~~~~~~~~~~
/Users/larryseyer/AudioDevelopment/OTTO/Source/MidiEngine.h:264:30: warning: implicit conversion increases floating-point precision: 'const float' to 'double' [-Wdouble-promotion]
  264 |     double countInPosition = INIConfig::MIDI::DEFAULT_POSITION;
      |                              ^~~~~~~~~~~~~~~~~~~~~~~~~~~~~~~~~
/Users/larryseyer/AudioDevelopment/OTTO/Source/MidiEngine.h:272:30: warning: implicit conversion increases floating-point precision: 'const float' to 'double' [-Wdouble-promotion]
  272 |     double recordStartTime = INIConfig::MIDI::DEFAULT_LAST_TIME;
      |                              ^~~~~~~~~~~~~~~~~~~~~~~~~~~~~~~~~~
/Users/larryseyer/AudioDevelopment/OTTO/Source/MidiEngine.h:278:37: warning: implicit conversion increases floating-point precision: 'const float' to 'double' [-Wdouble-promotion]
  278 |     double loopRecordingStartTime = INIConfig::MIDI::DEFAULT_LAST_TIME;
      |                                     ^~~~~~~~~~~~~~~~~~~~~~~~~~~~~~~~~~
/Users/larryseyer/AudioDevelopment/OTTO/Source/MidiEngine.h:285:26: warning: implicit conversion increases floating-point precision: 'const float' to 'double' [-Wdouble-promotion]
  285 |     double lastTapTime = INIConfig::MIDI::DEFAULT_LAST_TIME;
      |                          ^~~~~~~~~~~~~~~~~~~~~~~~~~~~~~~~~~
/Users/larryseyer/AudioDevelopment/OTTO/Source/UI/Themes/ThemeManager.cpp:727:49: warning: implicit conversion increases floating-point precision: 'const float' to 'double' [-Wdouble-promotion]
  727 |     state.setValue("latitude", seasonalSettings.latitude);
      |                                ~~~~~~~~~~~~~~~~~^~~~~~~~
/Users/larryseyer/AudioDevelopment/OTTO/Source/UI/Themes/ThemeManager.cpp:728:50: warning: implicit conversion increases floating-point precision: 'const float' to 'double' [-Wdouble-promotion]
  728 |     state.setValue("longitude", seasonalSettings.longitude);
      |                                 ~~~~~~~~~~~~~~~~~^~~~~~~~~
/Users/larryseyer/AudioDevelopment/OTTO/Source/UI/Themes/ThemeManager.cpp:737:30: error: no matching conversion for static_cast from 'juce::var' to 'AccessibilityMode'
  737 |     AccessibilityMode mode = static_cast<AccessibilityMode>(state.getValue("accessibilityMode", static_cast<int>(AccessibilityMode::None)));
      |                              ^~~~~~~~~~~~~~~~~~~~~~~~~~~~~~~~~~~~~~~~~~~~~~~~~~~~~~~~~~~~~~~~~~~~~~~~~~~~~~~~~~~~~~~~~~~~~~~~~~~~~~~~~~~~~~
In file included from /Users/larryseyer/AudioDevelopment/OTTO/Source/UI/Themes/ThemeManager.cpp:1:
In file included from /Users/larryseyer/AudioDevelopment/OTTO/Source/UI/Themes/ThemeManager.h:4:
In file included from /Users/larryseyer/AudioDevelopment/OTTO/Builds/MacOSX/CMake-Release/OTTO_artefacts/JuceLibraryCode/JuceHeader.h:14:
In file included from /Users/larryseyer/AudioDevelopment/OTTO/JUCE/modules/juce_audio_plugin_client/juce_audio_plugin_client.h:63:
In file included from /Users/larryseyer/AudioDevelopment/OTTO/JUCE/modules/juce_gui_basics/juce_gui_basics.h:68:
In file included from /Users/larryseyer/AudioDevelopment/OTTO/JUCE/modules/juce_graphics/juce_graphics.h:67:
In file included from /Users/larryseyer/AudioDevelopment/OTTO/JUCE/modules/juce_core/juce_core.h:303:
/Users/larryseyer/AudioDevelopment/OTTO/JUCE/modules/juce_core/containers/juce_Variant.h:119:5: note: candidate function
  119 |     operator int() const noexcept;
      |     ^
/Users/larryseyer/AudioDevelopment/OTTO/JUCE/modules/juce_core/containers/juce_Variant.h:120:5: note: candidate function
  120 |     operator int64() const noexcept;
      |     ^
/Users/larryseyer/AudioDevelopment/OTTO/JUCE/modules/juce_core/containers/juce_Variant.h:121:5: note: candidate function
  121 |     operator bool() const noexcept;
      |     ^
/Users/larryseyer/AudioDevelopment/OTTO/JUCE/modules/juce_core/containers/juce_Variant.h:122:5: note: candidate function
  122 |     operator float() const noexcept;
      |     ^
/Users/larryseyer/AudioDevelopment/OTTO/JUCE/modules/juce_core/containers/juce_Variant.h:123:5: note: candidate function
  123 |     operator double() const noexcept;
      |     ^
/Users/larryseyer/AudioDevelopment/OTTO/JUCE/modules/juce_core/containers/juce_Variant.h:124:5: note: candidate function
  124 |     operator String() const;
      |     ^
/Users/larryseyer/AudioDevelopment/OTTO/Source/UI/Themes/ThemeManager.cpp:747:60: warning: implicit conversion increases floating-point precision: 'float' to 'double' [-Wdouble-promotion]
  747 |     seasonalSettings.latitude = state.getValue("latitude", 0.0f);
      |                                                            ^~~~
/Users/larryseyer/AudioDevelopment/OTTO/Source/UI/Themes/ThemeManager.cpp:748:62: warning: implicit conversion increases floating-point precision: 'float' to 'double' [-Wdouble-promotion]
  748 |     seasonalSettings.longitude = state.getValue("longitude", 0.0f);
      |                                                              ^~~~
/Users/larryseyer/AudioDevelopment/OTTO/Source/UI/Themes/ThemeManager.cpp:775:71: error: too few arguments to function call, expected at least 3, have 2
  775 |     colorScheme.setColor(ColorScheme::ColorRole::Accent, colors.accent);
      |     ~~~~~~~~~~~~~~~~~~~~                                              ^
In file included from /Users/larryseyer/AudioDevelopment/OTTO/Source/UI/Themes/ThemeManager.cpp:1:
In file included from /Users/larryseyer/AudioDevelopment/OTTO/Source/UI/Themes/ThemeManager.h:7:
/Users/larryseyer/AudioDevelopment/OTTO/Source/ColorScheme.h:89:10: note: 'setColor' declared here
   89 |     void setColor(const juce::String& component, const juce::String& property, const juce::Colour& color, float alpha = INIConfig::Defaults::DEFAULT_ALPHA_FULL);
      |          ^        ~~~~~~~~~~~~~~~~~~~~~~~~~~~~~~~~~~~~~~~~~~~~~~~~~~~~~~~~~~~~~~~~~~~~~~~~~~~~~~~~~~~~~~~~~~~~~~~~~~~~~~~~~~~~~~~~~~~~~~~~~~~~~~~~~~~~~~~~~~~~~
/Users/larryseyer/AudioDevelopment/OTTO/Source/UI/Themes/ThemeManager.cpp:776:88: error: too few arguments to function call, expected at least 3, have 2
  776 |     colorScheme.setColor(ColorScheme::ColorRole::ComponentBackground, colors.background);
      |     ~~~~~~~~~~~~~~~~~~~~                                                               ^
In file included from /Users/larryseyer/AudioDevelopment/OTTO/Source/UI/Themes/ThemeManager.cpp:1:
In file included from /Users/larryseyer/AudioDevelopment/OTTO/Source/UI/Themes/ThemeManager.h:7:
/Users/larryseyer/AudioDevelopment/OTTO/Source/ColorScheme.h:89:10: note: 'setColor' declared here
   89 |     void setColor(const juce::String& component, const juce::String& property, const juce::Colour& color, float alpha = INIConfig::Defaults::DEFAULT_ALPHA_FULL);
      |          ^        ~~~~~~~~~~~~~~~~~~~~~~~~~~~~~~~~~~~~~~~~~~~~~~~~~~~~~~~~~~~~~~~~~~~~~~~~~~~~~~~~~~~~~~~~~~~~~~~~~~~~~~~~~~~~~~~~~~~~~~~~~~~~~~~~~~~~~~~~~~~~~

CompileC /Users/larryseyer/AudioDevelopment/OTTO/Builds/MacOSX/CMake-Release/build/OTTO.build/Release/Objects-normal/arm64/BreakpointManager.o /Users/larryseyer/AudioDevelopment/OTTO/Source/UI/Layout/BreakpointManager.cpp normal arm64 c++ com.apple.compilers.llvm.clang.1_0.compiler (in target 'OTTO' from project 'OTTO')
    cd /Users/larryseyer/AudioDevelopment/OTTO
    
    Using response file: /Users/larryseyer/AudioDevelopment/OTTO/Builds/MacOSX/CMake-Release/build/OTTO.build/Release/Objects-normal/arm64/82b82416624d2658e5098eb0a28c15c5-common-args.resp
    
    /Applications/Xcode.app/Contents/Developer/Toolchains/XcodeDefault.xctoolchain/usr/bin/clang -x c++ -ivfsstatcache /var/folders/0p/t4rj91z90d38yk0_8vh370gr0000gn/C/com.apple.DeveloperTools/16.4-16F6/Xcode/SDKStatCaches.noindex/macosx15.5-24F74-8254517eb8b97d462ccbc072ba9094c9.sdkstatcache -fmessage-length\=0 -fdiagnostics-show-note-include-stack -fmacro-backtrace-limit\=0 -fno-color-diagnostics -Wno-trigraphs -Wno-missing-field-initializers -Wno-missing-prototypes -Wno-return-type -Wno-non-virtual-dtor -Wno-overloaded-virtual -Wno-exit-time-destructors -Wno-missing-braces -Wparentheses -Wswitch -Wno-unused-function -Wno-unused-label -Wno-unused-parameter -Wno-unused-variable -Wunused-value -Wno-empty-body -Wno-uninitialized -Wno-unknown-pragmas -Wno-shadow -Wno-four-char-constants -Wno-conversion -Wno-constant-conversion -Wno-int-conversion -Wno-bool-conversion -Wno-enum-conversion -Wno-float-conversion -Wno-non-literal-null-conversion -Wno-objc-literal-conversion -Wshorten-64-to-32 -Wno-newline-eof -Wno-c++11-extensions -Wno-implicit-fallthrough -fstrict-aliasing -Wdeprecated-declarations -Winvalid-offsetof -Wno-sign-conversion -Wno-infinite-recursion -Wno-move -Wno-comma -Wno-block-capture-autoreleasing -Wno-strict-prototypes -Wno-range-loop-analysis -Wno-semicolon-before-method-body -Wall -Wextra -Wpedantic -Wformat\=2 -Wformat-security -Wnull-dereference -Wdouble-promotion -Wshadow -Wundef -Wcast-align @/Users/larryseyer/AudioDevelopment/OTTO/Builds/MacOSX/CMake-Release/build/OTTO.build/Release/Objects-normal/arm64/82b82416624d2658e5098eb0a28c15c5-common-args.resp -MMD -MT dependencies -MF /Users/larryseyer/AudioDevelopment/OTTO/Builds/MacOSX/CMake-Release/build/OTTO.build/Release/Objects-normal/arm64/BreakpointManager.d --serialize-diagnostics /Users/larryseyer/AudioDevelopment/OTTO/Builds/MacOSX/CMake-Release/build/OTTO.build/Release/Objects-normal/arm64/BreakpointManager.dia -c /Users/larryseyer/AudioDevelopment/OTTO/Source/UI/Layout/BreakpointManager.cpp -o /Users/larryseyer/AudioDevelopment/OTTO/Builds/MacOSX/CMake-Release/build/OTTO.build/Release/Objects-normal/arm64/BreakpointManager.o
In file included from /Users/larryseyer/AudioDevelopment/OTTO/Source/UI/Layout/BreakpointManager.cpp:1:
In file included from /Users/larryseyer/AudioDevelopment/OTTO/Source/UI/Layout/BreakpointManager.h:4:
In file included from /Users/larryseyer/AudioDevelopment/OTTO/Builds/MacOSX/CMake-Release/OTTO_artefacts/JuceLibraryCode/JuceHeader.h:14:
In file included from /Users/larryseyer/AudioDevelopment/OTTO/JUCE/modules/juce_audio_plugin_client/juce_audio_plugin_client.h:63:
In file included from /Users/larryseyer/AudioDevelopment/OTTO/JUCE/modules/juce_gui_basics/juce_gui_basics.h:68:
In file included from /Users/larryseyer/AudioDevelopment/OTTO/JUCE/modules/juce_graphics/juce_graphics.h:67:
In file included from /Users/larryseyer/AudioDevelopment/OTTO/JUCE/modules/juce_core/juce_core.h:77:
/Users/larryseyer/AudioDevelopment/OTTO/JUCE/modules/juce_core/system/juce_TargetPlatform.h:99:5: warning: 'JUCE_WINDOWS' is not defined, evaluates to 0 [-Wundef]
   99 | #if JUCE_WINDOWS
      |     ^
/Users/larryseyer/AudioDevelopment/OTTO/JUCE/modules/juce_core/system/juce_TargetPlatform.h:183:5: warning: 'JUCE_LINUX' is not defined, evaluates to 0 [-Wundef]
  183 | #if JUCE_LINUX || JUCE_ANDROID || JUCE_BSD
      |     ^
/Users/larryseyer/AudioDevelopment/OTTO/JUCE/modules/juce_core/system/juce_TargetPlatform.h:183:19: warning: 'JUCE_ANDROID' is not defined, evaluates to 0 [-Wundef]
  183 | #if JUCE_LINUX || JUCE_ANDROID || JUCE_BSD
      |                   ^
/Users/larryseyer/AudioDevelopment/OTTO/JUCE/modules/juce_core/system/juce_TargetPlatform.h:183:35: warning: 'JUCE_BSD' is not defined, evaluates to 0 [-Wundef]
  183 | #if JUCE_LINUX || JUCE_ANDROID || JUCE_BSD
      |                                   ^
In file included from /Users/larryseyer/AudioDevelopment/OTTO/Source/UI/Layout/BreakpointManager.cpp:1:
In file included from /Users/larryseyer/AudioDevelopment/OTTO/Source/UI/Layout/BreakpointManager.h:4:
In file included from /Users/larryseyer/AudioDevelopment/OTTO/Builds/MacOSX/CMake-Release/OTTO_artefacts/JuceLibraryCode/JuceHeader.h:14:
In file included from /Users/larryseyer/AudioDevelopment/OTTO/JUCE/modules/juce_audio_plugin_client/juce_audio_plugin_client.h:63:
In file included from /Users/larryseyer/AudioDevelopment/OTTO/JUCE/modules/juce_gui_basics/juce_gui_basics.h:68:
In file included from /Users/larryseyer/AudioDevelopment/OTTO/JUCE/modules/juce_graphics/juce_graphics.h:67:
/Users/larryseyer/AudioDevelopment/OTTO/JUCE/modules/juce_core/juce_core.h:115:5: warning: 'JUCE_DEBUG' is not defined, evaluates to 0 [-Wundef]
  115 | #if JUCE_DEBUG && ! defined (JUCE_CHECK_MEMORY_LEAKS)
      |     ^
/Users/larryseyer/AudioDevelopment/OTTO/JUCE/modules/juce_core/juce_core.h:207:5: warning: 'JUCE_CORE_INCLUDE_NATIVE_HEADERS' is not defined, evaluates to 0 [-Wundef]
  207 | #if JUCE_CORE_INCLUDE_NATIVE_HEADERS
      |     ^
/Users/larryseyer/AudioDevelopment/OTTO/JUCE/modules/juce_core/juce_core.h:211:5: warning: 'JUCE_WINDOWS' is not defined, evaluates to 0 [-Wundef]
  211 | #if JUCE_WINDOWS
      |     ^
In file included from /Users/larryseyer/AudioDevelopment/OTTO/Source/UI/Layout/BreakpointManager.cpp:1:
In file included from /Users/larryseyer/AudioDevelopment/OTTO/Source/UI/Layout/BreakpointManager.h:4:
In file included from /Users/larryseyer/AudioDevelopment/OTTO/Builds/MacOSX/CMake-Release/OTTO_artefacts/JuceLibraryCode/JuceHeader.h:14:
In file included from /Users/larryseyer/AudioDevelopment/OTTO/JUCE/modules/juce_audio_plugin_client/juce_audio_plugin_client.h:63:
In file included from /Users/larryseyer/AudioDevelopment/OTTO/JUCE/modules/juce_gui_basics/juce_gui_basics.h:68:
In file included from /Users/larryseyer/AudioDevelopment/OTTO/JUCE/modules/juce_graphics/juce_graphics.h:67:
In file included from /Users/larryseyer/AudioDevelopment/OTTO/JUCE/modules/juce_core/juce_core.h:215:
/Users/larryseyer/AudioDevelopment/OTTO/JUCE/modules/juce_core/system/juce_StandardHeader.h:56:7: warning: 'DOXYGEN' is not defined, evaluates to 0 [-Wundef]
   56 | #if ! DOXYGEN
      |       ^
In file included from /Users/larryseyer/AudioDevelopment/OTTO/Source/UI/Layout/BreakpointManager.cpp:1:
In file included from /Users/larryseyer/AudioDevelopment/OTTO/Source/UI/Layout/BreakpointManager.h:4:
In file included from /Users/larryseyer/AudioDevelopment/OTTO/Builds/MacOSX/CMake-Release/OTTO_artefacts/JuceLibraryCode/JuceHeader.h:14:
In file included from /Users/larryseyer/AudioDevelopment/OTTO/JUCE/modules/juce_audio_plugin_client/juce_audio_plugin_client.h:63:
In file included from /Users/larryseyer/AudioDevelopment/OTTO/JUCE/modules/juce_gui_basics/juce_gui_basics.h:68:
In file included from /Users/larryseyer/AudioDevelopment/OTTO/JUCE/modules/juce_graphics/juce_graphics.h:67:
In file included from /Users/larryseyer/AudioDevelopment/OTTO/JUCE/modules/juce_core/juce_core.h:215:
In file included from /Users/larryseyer/AudioDevelopment/OTTO/JUCE/modules/juce_core/system/juce_StandardHeader.h:93:
/Users/larryseyer/AudioDevelopment/OTTO/JUCE/modules/juce_core/system/juce_CompilerSupport.h:43:5: warning: 'JUCE_GCC' is not defined, evaluates to 0 [-Wundef]
   43 | #if JUCE_GCC
      |     ^
/Users/larryseyer/AudioDevelopment/OTTO/JUCE/modules/juce_core/system/juce_CompilerSupport.h:94:5: warning: 'JUCE_MSVC' is not defined, evaluates to 0 [-Wundef]
   94 | #if JUCE_MSVC
      |     ^
In file included from /Users/larryseyer/AudioDevelopment/OTTO/Source/UI/Layout/BreakpointManager.cpp:1:
In file included from /Users/larryseyer/AudioDevelopment/OTTO/Source/UI/Layout/BreakpointManager.h:4:
In file included from /Users/larryseyer/AudioDevelopment/OTTO/Builds/MacOSX/CMake-Release/OTTO_artefacts/JuceLibraryCode/JuceHeader.h:14:
In file included from /Users/larryseyer/AudioDevelopment/OTTO/JUCE/modules/juce_audio_plugin_client/juce_audio_plugin_client.h:63:
In file included from /Users/larryseyer/AudioDevelopment/OTTO/JUCE/modules/juce_gui_basics/juce_gui_basics.h:68:
In file included from /Users/larryseyer/AudioDevelopment/OTTO/JUCE/modules/juce_graphics/juce_graphics.h:67:
In file included from /Users/larryseyer/AudioDevelopment/OTTO/JUCE/modules/juce_core/juce_core.h:215:
In file included from /Users/larryseyer/AudioDevelopment/OTTO/JUCE/modules/juce_core/system/juce_StandardHeader.h:94:
/Users/larryseyer/AudioDevelopment/OTTO/JUCE/modules/juce_core/system/juce_CompilerWarnings.h:221:5: warning: 'JUCE_MSVC' is not defined, evaluates to 0 [-Wundef]
  221 | #if JUCE_MSVC
      |     ^
In file included from /Users/larryseyer/AudioDevelopment/OTTO/Source/UI/Layout/BreakpointManager.cpp:1:
In file included from /Users/larryseyer/AudioDevelopment/OTTO/Source/UI/Layout/BreakpointManager.h:4:
In file included from /Users/larryseyer/AudioDevelopment/OTTO/Builds/MacOSX/CMake-Release/OTTO_artefacts/JuceLibraryCode/JuceHeader.h:14:
In file included from /Users/larryseyer/AudioDevelopment/OTTO/JUCE/modules/juce_audio_plugin_client/juce_audio_plugin_client.h:63:
In file included from /Users/larryseyer/AudioDevelopment/OTTO/JUCE/modules/juce_gui_basics/juce_gui_basics.h:68:
In file included from /Users/larryseyer/AudioDevelopment/OTTO/JUCE/modules/juce_graphics/juce_graphics.h:67:
In file included from /Users/larryseyer/AudioDevelopment/OTTO/JUCE/modules/juce_core/juce_core.h:215:
In file included from /Users/larryseyer/AudioDevelopment/OTTO/JUCE/modules/juce_core/system/juce_StandardHeader.h:95:
/Users/larryseyer/AudioDevelopment/OTTO/JUCE/modules/juce_core/system/juce_PlatformDefs.h:54:5: warning: 'JUCE_WINDOWS' is not defined, evaluates to 0 [-Wundef]
   54 | #if JUCE_WINDOWS
      |     ^
/Users/larryseyer/AudioDevelopment/OTTO/JUCE/modules/juce_core/system/juce_PlatformDefs.h:66:29: warning: 'JUCE_DEBUG' is not defined, evaluates to 0 [-Wundef]
   66 |  #if JUCE_LOG_ASSERTIONS || JUCE_DEBUG
      |                             ^
/Users/larryseyer/AudioDevelopment/OTTO/JUCE/modules/juce_core/system/juce_PlatformDefs.h:74:5: warning: 'JUCE_IOS' is not defined, evaluates to 0 [-Wundef]
   74 | #if JUCE_IOS || JUCE_LINUX || JUCE_BSD
      |     ^
/Users/larryseyer/AudioDevelopment/OTTO/JUCE/modules/juce_core/system/juce_PlatformDefs.h:74:17: warning: 'JUCE_LINUX' is not defined, evaluates to 0 [-Wundef]
   74 | #if JUCE_IOS || JUCE_LINUX || JUCE_BSD
      |                 ^
/Users/larryseyer/AudioDevelopment/OTTO/JUCE/modules/juce_core/system/juce_PlatformDefs.h:74:31: warning: 'JUCE_BSD' is not defined, evaluates to 0 [-Wundef]
   74 | #if JUCE_IOS || JUCE_LINUX || JUCE_BSD
      |                               ^
/Users/larryseyer/AudioDevelopment/OTTO/JUCE/modules/juce_core/system/juce_PlatformDefs.h:81:7: warning: 'JUCE_MSVC' is not defined, evaluates to 0 [-Wundef]
   81 | #elif JUCE_MSVC
      |       ^
/Users/larryseyer/AudioDevelopment/OTTO/JUCE/modules/juce_core/system/juce_PlatformDefs.h:86:7: warning: 'JUCE_INTEL' is not defined, evaluates to 0 [-Wundef]
   86 | #elif JUCE_INTEL && (JUCE_GCC || JUCE_CLANG || JUCE_MAC)
      |       ^
/Users/larryseyer/AudioDevelopment/OTTO/JUCE/modules/juce_core/system/juce_PlatformDefs.h:132:5: warning: 'JUCE_MSVC' is not defined, evaluates to 0 [-Wundef]
  132 | #if JUCE_MSVC && ! defined (DOXYGEN)
      |     ^
/Users/larryseyer/AudioDevelopment/OTTO/JUCE/modules/juce_core/system/juce_PlatformDefs.h:146:6: warning: 'JUCE_DEBUG' is not defined, evaluates to 0 [-Wundef]
  146 | #if (JUCE_DEBUG && ! JUCE_DISABLE_ASSERTIONS) || DOXYGEN
      |      ^
/Users/larryseyer/AudioDevelopment/OTTO/JUCE/modules/juce_core/system/juce_PlatformDefs.h:146:50: warning: 'DOXYGEN' is not defined, evaluates to 0 [-Wundef]
  146 | #if (JUCE_DEBUG && ! JUCE_DISABLE_ASSERTIONS) || DOXYGEN
      |                                                  ^
/Users/larryseyer/AudioDevelopment/OTTO/JUCE/modules/juce_core/system/juce_PlatformDefs.h:272:5: warning: 'JUCE_MSVC' is not defined, evaluates to 0 [-Wundef]
  272 | #if JUCE_MSVC && ! defined (DOXYGEN)
      |     ^
/Users/larryseyer/AudioDevelopment/OTTO/JUCE/modules/juce_core/system/juce_PlatformDefs.h:291:5: warning: 'JUCE_DEBUG' is not defined, evaluates to 0 [-Wundef]
  291 | #if JUCE_DEBUG || DOXYGEN
      |     ^
/Users/larryseyer/AudioDevelopment/OTTO/JUCE/modules/juce_core/system/juce_PlatformDefs.h:291:19: warning: 'DOXYGEN' is not defined, evaluates to 0 [-Wundef]
  291 | #if JUCE_DEBUG || DOXYGEN
      |                   ^
/Users/larryseyer/AudioDevelopment/OTTO/JUCE/modules/juce_core/system/juce_PlatformDefs.h:299:7: warning: 'JUCE_MSVC' is not defined, evaluates to 0 [-Wundef]
  299 |   #if JUCE_MSVC
      |       ^
/Users/larryseyer/AudioDevelopment/OTTO/JUCE/modules/juce_core/system/juce_PlatformDefs.h:306:5: warning: 'JUCE_MSVC' is not defined, evaluates to 0 [-Wundef]
  306 | #if JUCE_MSVC || DOXYGEN
      |     ^
/Users/larryseyer/AudioDevelopment/OTTO/JUCE/modules/juce_core/system/juce_PlatformDefs.h:306:18: warning: 'DOXYGEN' is not defined, evaluates to 0 [-Wundef]
  306 | #if JUCE_MSVC || DOXYGEN
      |                  ^
/Users/larryseyer/AudioDevelopment/OTTO/JUCE/modules/juce_core/system/juce_PlatformDefs.h:315:5: warning: 'JUCE_ANDROID' is not defined, evaluates to 0 [-Wundef]
  315 | #if JUCE_ANDROID && ! defined (DOXYGEN)
      |     ^
/Users/larryseyer/AudioDevelopment/OTTO/JUCE/modules/juce_core/system/juce_PlatformDefs.h:324:5: warning: 'JUCE_GCC' is not defined, evaluates to 0 [-Wundef]
  324 | #if JUCE_GCC || JUCE_CLANG
      |     ^
/Users/larryseyer/AudioDevelopment/OTTO/JUCE/modules/juce_core/system/juce_PlatformDefs.h:331:5: warning: 'JUCE_GCC' is not defined, evaluates to 0 [-Wundef]
  331 | #if JUCE_GCC || DOXYGEN
      |     ^
/Users/larryseyer/AudioDevelopment/OTTO/JUCE/modules/juce_core/system/juce_PlatformDefs.h:331:17: warning: 'DOXYGEN' is not defined, evaluates to 0 [-Wundef]
  331 | #if JUCE_GCC || DOXYGEN
      |                 ^
In file included from /Users/larryseyer/AudioDevelopment/OTTO/Source/UI/Layout/BreakpointManager.cpp:1:
In file included from /Users/larryseyer/AudioDevelopment/OTTO/Source/UI/Layout/BreakpointManager.h:4:
In file included from /Users/larryseyer/AudioDevelopment/OTTO/Builds/MacOSX/CMake-Release/OTTO_artefacts/JuceLibraryCode/JuceHeader.h:14:
In file included from /Users/larryseyer/AudioDevelopment/OTTO/JUCE/modules/juce_audio_plugin_client/juce_audio_plugin_client.h:63:
In file included from /Users/larryseyer/AudioDevelopment/OTTO/JUCE/modules/juce_gui_basics/juce_gui_basics.h:68:
In file included from /Users/larryseyer/AudioDevelopment/OTTO/JUCE/modules/juce_graphics/juce_graphics.h:67:
In file included from /Users/larryseyer/AudioDevelopment/OTTO/JUCE/modules/juce_core/juce_core.h:215:
/Users/larryseyer/AudioDevelopment/OTTO/JUCE/modules/juce_core/system/juce_StandardHeader.h:101:5: warning: 'JUCE_MSVC' is not defined, evaluates to 0 [-Wundef]
  101 | #if JUCE_MSVC
      |     ^
/Users/larryseyer/AudioDevelopment/OTTO/JUCE/modules/juce_core/system/juce_StandardHeader.h:113:5: warning: 'JUCE_LINUX' is not defined, evaluates to 0 [-Wundef]
  113 | #if JUCE_LINUX || JUCE_BSD
      |     ^
/Users/larryseyer/AudioDevelopment/OTTO/JUCE/modules/juce_core/system/juce_StandardHeader.h:113:19: warning: 'JUCE_BSD' is not defined, evaluates to 0 [-Wundef]
  113 | #if JUCE_LINUX || JUCE_BSD
      |                   ^
/Users/larryseyer/AudioDevelopment/OTTO/JUCE/modules/juce_core/system/juce_StandardHeader.h:126:5: warning: 'JUCE_MSVC' is not defined, evaluates to 0 [-Wundef]
  126 | #if JUCE_MSVC && JUCE_DEBUG
      |     ^
/Users/larryseyer/AudioDevelopment/OTTO/JUCE/modules/juce_core/system/juce_StandardHeader.h:132:5: warning: 'JUCE_ANDROID' is not defined, evaluates to 0 [-Wundef]
  132 | #if JUCE_ANDROID
      |     ^
/Users/larryseyer/AudioDevelopment/OTTO/JUCE/modules/juce_core/system/juce_StandardHeader.h:147:5: warning: 'JUCE_MSVC' is not defined, evaluates to 0 [-Wundef]
  147 | #if JUCE_MSVC
      |     ^
/Users/larryseyer/AudioDevelopment/OTTO/JUCE/modules/juce_core/system/juce_StandardHeader.h:167:5: warning: 'JUCE_MSVC' is not defined, evaluates to 0 [-Wundef]
  167 | #if JUCE_MSVC && JUCE_DLL_BUILD
      |     ^
In file included from /Users/larryseyer/AudioDevelopment/OTTO/Source/UI/Layout/BreakpointManager.cpp:1:
In file included from /Users/larryseyer/AudioDevelopment/OTTO/Source/UI/Layout/BreakpointManager.h:4:
In file included from /Users/larryseyer/AudioDevelopment/OTTO/Builds/MacOSX/CMake-Release/OTTO_artefacts/JuceLibraryCode/JuceHeader.h:14:
In file included from /Users/larryseyer/AudioDevelopment/OTTO/JUCE/modules/juce_audio_plugin_client/juce_audio_plugin_client.h:63:
In file included from /Users/larryseyer/AudioDevelopment/OTTO/JUCE/modules/juce_gui_basics/juce_gui_basics.h:68:
In file included from /Users/larryseyer/AudioDevelopment/OTTO/JUCE/modules/juce_graphics/juce_graphics.h:67:
In file included from /Users/larryseyer/AudioDevelopment/OTTO/JUCE/modules/juce_core/juce_core.h:239:
/Users/larryseyer/AudioDevelopment/OTTO/JUCE/modules/juce_core/memory/juce_Memory.h:165:59: warning: 'DOXYGEN' is not defined, evaluates to 0 [-Wundef]
  165 | #if (JUCE_COMPILER_SUPPORTS_ARC && defined (__OBJC__)) || DOXYGEN
      |                                                           ^
/Users/larryseyer/AudioDevelopment/OTTO/JUCE/modules/juce_core/memory/juce_Memory.h:181:5: warning: 'JUCE_MSVC' is not defined, evaluates to 0 [-Wundef]
  181 | #if JUCE_MSVC && (defined (JUCE_DLL) || defined (JUCE_DLL_BUILD)) && ! (JUCE_DISABLE_DLL_ALLOCATORS || DOXYGEN)
      |     ^
In file included from /Users/larryseyer/AudioDevelopment/OTTO/Source/UI/Layout/BreakpointManager.cpp:1:
In file included from /Users/larryseyer/AudioDevelopment/OTTO/Source/UI/Layout/BreakpointManager.h:4:
In file included from /Users/larryseyer/AudioDevelopment/OTTO/Builds/MacOSX/CMake-Release/OTTO_artefacts/JuceLibraryCode/JuceHeader.h:14:
In file included from /Users/larryseyer/AudioDevelopment/OTTO/JUCE/modules/juce_audio_plugin_client/juce_audio_plugin_client.h:63:
In file included from /Users/larryseyer/AudioDevelopment/OTTO/JUCE/modules/juce_gui_basics/juce_gui_basics.h:68:
In file included from /Users/larryseyer/AudioDevelopment/OTTO/JUCE/modules/juce_graphics/juce_graphics.h:67:
In file included from /Users/larryseyer/AudioDevelopment/OTTO/JUCE/modules/juce_core/juce_core.h:240:
/Users/larryseyer/AudioDevelopment/OTTO/JUCE/modules/juce_core/maths/juce_MathsFunctions.h:59:5: warning: 'JUCE_MSVC' is not defined, evaluates to 0 [-Wundef]
   59 | #if JUCE_MSVC
      |     ^
/Users/larryseyer/AudioDevelopment/OTTO/JUCE/modules/juce_core/maths/juce_MathsFunctions.h:97:5: warning: 'JUCE_WINDOWS' is not defined, evaluates to 0 [-Wundef]
   97 | #if JUCE_WINDOWS
      |     ^
/Users/larryseyer/AudioDevelopment/OTTO/JUCE/modules/juce_core/maths/juce_MathsFunctions.h:125:8: warning: 'JUCE_MSVC' is not defined, evaluates to 0 [-Wundef]
  125 |    #if JUCE_MSVC
      |        ^
/Users/larryseyer/AudioDevelopment/OTTO/JUCE/modules/juce_core/maths/juce_MathsFunctions.h:136:8: warning: 'JUCE_MSVC' is not defined, evaluates to 0 [-Wundef]
  136 |    #if JUCE_MSVC
      |        ^
/Users/larryseyer/AudioDevelopment/OTTO/JUCE/modules/juce_core/maths/juce_MathsFunctions.h:579:5: warning: 'JUCE_MSVC' is not defined, evaluates to 0 [-Wundef]
  579 | #if JUCE_MSVC
      |     ^
/Users/larryseyer/AudioDevelopment/OTTO/JUCE/modules/juce_core/maths/juce_MathsFunctions.h:606:8: warning: 'JUCE_BIG_ENDIAN' is not defined, evaluates to 0 [-Wundef]
  606 |    #if JUCE_BIG_ENDIAN
      |        ^
/Users/larryseyer/AudioDevelopment/OTTO/JUCE/modules/juce_core/maths/juce_MathsFunctions.h:618:5: warning: 'JUCE_MSVC' is not defined, evaluates to 0 [-Wundef]
  618 | #if JUCE_MSVC
      |     ^
/Users/larryseyer/AudioDevelopment/OTTO/JUCE/modules/juce_core/maths/juce_MathsFunctions.h:738:5: warning: 'JUCE_INTEL' is not defined, evaluates to 0 [-Wundef]
  738 | #if JUCE_INTEL || DOXYGEN
      |     ^
/Users/larryseyer/AudioDevelopment/OTTO/JUCE/modules/juce_core/maths/juce_MathsFunctions.h:738:19: warning: 'DOXYGEN' is not defined, evaluates to 0 [-Wundef]
  738 | #if JUCE_INTEL || DOXYGEN
      |                   ^
In file included from /Users/larryseyer/AudioDevelopment/OTTO/Source/UI/Layout/BreakpointManager.cpp:1:
In file included from /Users/larryseyer/AudioDevelopment/OTTO/Source/UI/Layout/BreakpointManager.h:4:
In file included from /Users/larryseyer/AudioDevelopment/OTTO/Builds/MacOSX/CMake-Release/OTTO_artefacts/JuceLibraryCode/JuceHeader.h:14:
In file included from /Users/larryseyer/AudioDevelopment/OTTO/JUCE/modules/juce_audio_plugin_client/juce_audio_plugin_client.h:63:
In file included from /Users/larryseyer/AudioDevelopment/OTTO/JUCE/modules/juce_gui_basics/juce_gui_basics.h:68:
In file included from /Users/larryseyer/AudioDevelopment/OTTO/JUCE/modules/juce_graphics/juce_graphics.h:67:
In file included from /Users/larryseyer/AudioDevelopment/OTTO/JUCE/modules/juce_core/juce_core.h:241:
/Users/larryseyer/AudioDevelopment/OTTO/JUCE/modules/juce_core/memory/juce_ByteOrder.h:162:5: warning: 'JUCE_MSVC' is not defined, evaluates to 0 [-Wundef]
  162 | #if JUCE_MSVC && ! defined (__INTEL_COMPILER)
      |     ^
In file included from /Users/larryseyer/AudioDevelopment/OTTO/Source/UI/Layout/BreakpointManager.cpp:1:
In file included from /Users/larryseyer/AudioDevelopment/OTTO/Source/UI/Layout/BreakpointManager.h:4:
In file included from /Users/larryseyer/AudioDevelopment/OTTO/Builds/MacOSX/CMake-Release/OTTO_artefacts/JuceLibraryCode/JuceHeader.h:14:
In file included from /Users/larryseyer/AudioDevelopment/OTTO/JUCE/modules/juce_audio_plugin_client/juce_audio_plugin_client.h:63:
In file included from /Users/larryseyer/AudioDevelopment/OTTO/JUCE/modules/juce_gui_basics/juce_gui_basics.h:68:
In file included from /Users/larryseyer/AudioDevelopment/OTTO/JUCE/modules/juce_graphics/juce_graphics.h:67:
In file included from /Users/larryseyer/AudioDevelopment/OTTO/JUCE/modules/juce_core/juce_core.h:243:
/Users/larryseyer/AudioDevelopment/OTTO/JUCE/modules/juce_core/text/juce_CharacterFunctions.h:39:5: warning: 'JUCE_WINDOWS' is not defined, evaluates to 0 [-Wundef]
   39 | #if JUCE_WINDOWS && ! defined (DOXYGEN)
      |     ^
/Users/larryseyer/AudioDevelopment/OTTO/JUCE/modules/juce_core/text/juce_CharacterFunctions.h:64:5: warning: 'JUCE_DEFINE_T_MACRO' is not defined, evaluates to 0 [-Wundef]
   64 | #if JUCE_DEFINE_T_MACRO
      |     ^
/Users/larryseyer/AudioDevelopment/OTTO/JUCE/modules/juce_core/text/juce_CharacterFunctions.h:406:12: warning: 'JUCE_WINDOWS' is not defined, evaluates to 0 [-Wundef]
  406 |        #if JUCE_WINDOWS
      |            ^
/Users/larryseyer/AudioDevelopment/OTTO/JUCE/modules/juce_core/text/juce_CharacterFunctions.h:411:13: warning: 'JUCE_ANDROID' is not defined, evaluates to 0 [-Wundef]
  411 |         #if JUCE_ANDROID
      |             ^
In file included from /Users/larryseyer/AudioDevelopment/OTTO/Source/UI/Layout/BreakpointManager.cpp:1:
In file included from /Users/larryseyer/AudioDevelopment/OTTO/Source/UI/Layout/BreakpointManager.h:4:
In file included from /Users/larryseyer/AudioDevelopment/OTTO/Builds/MacOSX/CMake-Release/OTTO_artefacts/JuceLibraryCode/JuceHeader.h:14:
In file included from /Users/larryseyer/AudioDevelopment/OTTO/JUCE/modules/juce_audio_plugin_client/juce_audio_plugin_client.h:63:
In file included from /Users/larryseyer/AudioDevelopment/OTTO/JUCE/modules/juce_gui_basics/juce_gui_basics.h:68:
In file included from /Users/larryseyer/AudioDevelopment/OTTO/JUCE/modules/juce_graphics/juce_graphics.h:67:
In file included from /Users/larryseyer/AudioDevelopment/OTTO/JUCE/modules/juce_core/juce_core.h:247:
/Users/larryseyer/AudioDevelopment/OTTO/JUCE/modules/juce_core/text/juce_CharPointer_UTF8.h:481:12: warning: 'JUCE_WINDOWS' is not defined, evaluates to 0 [-Wundef]
  481 |        #if JUCE_WINDOWS
      |            ^
In file included from /Users/larryseyer/AudioDevelopment/OTTO/Source/UI/Layout/BreakpointManager.cpp:1:
In file included from /Users/larryseyer/AudioDevelopment/OTTO/Source/UI/Layout/BreakpointManager.h:4:
In file included from /Users/larryseyer/AudioDevelopment/OTTO/Builds/MacOSX/CMake-Release/OTTO_artefacts/JuceLibraryCode/JuceHeader.h:14:
In file included from /Users/larryseyer/AudioDevelopment/OTTO/JUCE/modules/juce_audio_plugin_client/juce_audio_plugin_client.h:63:
In file included from /Users/larryseyer/AudioDevelopment/OTTO/JUCE/modules/juce_gui_basics/juce_gui_basics.h:68:
In file included from /Users/larryseyer/AudioDevelopment/OTTO/JUCE/modules/juce_graphics/juce_graphics.h:67:
In file included from /Users/larryseyer/AudioDevelopment/OTTO/JUCE/modules/juce_core/juce_core.h:248:
/Users/larryseyer/AudioDevelopment/OTTO/JUCE/modules/juce_core/text/juce_CharPointer_UTF16.h:353:8: warning: 'JUCE_MSVC' is not defined, evaluates to 0 [-Wundef]
  353 |    #if JUCE_MSVC && ! defined (DOXYGEN)
      |        ^
/Users/larryseyer/AudioDevelopment/OTTO/JUCE/modules/juce_core/text/juce_CharPointer_UTF16.h:412:12: warning: 'JUCE_MSVC' is not defined, evaluates to 0 [-Wundef]
  412 |        #if JUCE_MSVC
      |            ^
/Users/larryseyer/AudioDevelopment/OTTO/JUCE/modules/juce_core/text/juce_CharPointer_UTF16.h:422:12: warning: 'JUCE_MSVC' is not defined, evaluates to 0 [-Wundef]
  422 |        #if JUCE_MSVC
      |            ^
In file included from /Users/larryseyer/AudioDevelopment/OTTO/Source/UI/Layout/BreakpointManager.cpp:1:
In file included from /Users/larryseyer/AudioDevelopment/OTTO/Source/UI/Layout/BreakpointManager.h:4:
In file included from /Users/larryseyer/AudioDevelopment/OTTO/Builds/MacOSX/CMake-Release/OTTO_artefacts/JuceLibraryCode/JuceHeader.h:14:
In file included from /Users/larryseyer/AudioDevelopment/OTTO/JUCE/modules/juce_audio_plugin_client/juce_audio_plugin_client.h:63:
In file included from /Users/larryseyer/AudioDevelopment/OTTO/JUCE/modules/juce_gui_basics/juce_gui_basics.h:68:
In file included from /Users/larryseyer/AudioDevelopment/OTTO/JUCE/modules/juce_graphics/juce_graphics.h:67:
In file included from /Users/larryseyer/AudioDevelopment/OTTO/JUCE/modules/juce_core/juce_core.h:249:
/Users/larryseyer/AudioDevelopment/OTTO/JUCE/modules/juce_core/text/juce_CharPointer_UTF32.h:166:44: warning: 'JUCE_ANDROID' is not defined, evaluates to 0 [-Wundef]
  166 |        #if JUCE_NATIVE_WCHAR_IS_UTF32 && ! JUCE_ANDROID
      |                                            ^
/Users/larryseyer/AudioDevelopment/OTTO/JUCE/modules/juce_core/text/juce_CharPointer_UTF32.h:266:40: warning: 'JUCE_ANDROID' is not defined, evaluates to 0 [-Wundef]
  266 |    #if JUCE_NATIVE_WCHAR_IS_UTF32 && ! JUCE_ANDROID
      |                                        ^
In file included from /Users/larryseyer/AudioDevelopment/OTTO/Source/UI/Layout/BreakpointManager.cpp:1:
In file included from /Users/larryseyer/AudioDevelopment/OTTO/Source/UI/Layout/BreakpointManager.h:4:
In file included from /Users/larryseyer/AudioDevelopment/OTTO/Builds/MacOSX/CMake-Release/OTTO_artefacts/JuceLibraryCode/JuceHeader.h:14:
In file included from /Users/larryseyer/AudioDevelopment/OTTO/JUCE/modules/juce_audio_plugin_client/juce_audio_plugin_client.h:63:
In file included from /Users/larryseyer/AudioDevelopment/OTTO/JUCE/modules/juce_gui_basics/juce_gui_basics.h:68:
In file included from /Users/larryseyer/AudioDevelopment/OTTO/JUCE/modules/juce_graphics/juce_graphics.h:67:
In file included from /Users/larryseyer/AudioDevelopment/OTTO/JUCE/modules/juce_core/juce_core.h:250:
/Users/larryseyer/AudioDevelopment/OTTO/JUCE/modules/juce_core/text/juce_CharPointer_ASCII.h:278:12: warning: 'JUCE_WINDOWS' is not defined, evaluates to 0 [-Wundef]
  278 |        #if JUCE_WINDOWS && JUCE_CLANG
      |            ^
/Users/larryseyer/AudioDevelopment/OTTO/JUCE/modules/juce_core/text/juce_CharPointer_ASCII.h:280:14: warning: 'JUCE_WINDOWS' is not defined, evaluates to 0 [-Wundef]
  280 |        #elif JUCE_WINDOWS
      |              ^
/Users/larryseyer/AudioDevelopment/OTTO/JUCE/modules/juce_core/text/juce_CharPointer_ASCII.h:348:12: warning: 'JUCE_LINUX' is not defined, evaluates to 0 [-Wundef]
  348 |        #if JUCE_LINUX || JUCE_BSD || JUCE_ANDROID
      |            ^
/Users/larryseyer/AudioDevelopment/OTTO/JUCE/modules/juce_core/text/juce_CharPointer_ASCII.h:348:26: warning: 'JUCE_BSD' is not defined, evaluates to 0 [-Wundef]
  348 |        #if JUCE_LINUX || JUCE_BSD || JUCE_ANDROID
      |                          ^
/Users/larryseyer/AudioDevelopment/OTTO/JUCE/modules/juce_core/text/juce_CharPointer_ASCII.h:348:38: warning: 'JUCE_ANDROID' is not defined, evaluates to 0 [-Wundef]
  348 |        #if JUCE_LINUX || JUCE_BSD || JUCE_ANDROID
      |                                      ^
/Users/larryseyer/AudioDevelopment/OTTO/JUCE/modules/juce_core/text/juce_CharPointer_ASCII.h:350:14: warning: 'JUCE_WINDOWS' is not defined, evaluates to 0 [-Wundef]
  350 |        #elif JUCE_WINDOWS
      |              ^
In file included from /Users/larryseyer/AudioDevelopment/OTTO/Source/UI/Layout/BreakpointManager.cpp:1:
In file included from /Users/larryseyer/AudioDevelopment/OTTO/Source/UI/Layout/BreakpointManager.h:4:
In file included from /Users/larryseyer/AudioDevelopment/OTTO/Builds/MacOSX/CMake-Release/OTTO_artefacts/JuceLibraryCode/JuceHeader.h:14:
In file included from /Users/larryseyer/AudioDevelopment/OTTO/JUCE/modules/juce_audio_plugin_client/juce_audio_plugin_client.h:63:
In file included from /Users/larryseyer/AudioDevelopment/OTTO/JUCE/modules/juce_gui_basics/juce_gui_basics.h:68:
In file included from /Users/larryseyer/AudioDevelopment/OTTO/JUCE/modules/juce_graphics/juce_graphics.h:67:
In file included from /Users/larryseyer/AudioDevelopment/OTTO/JUCE/modules/juce_core/juce_core.h:254:
/Users/larryseyer/AudioDevelopment/OTTO/JUCE/modules/juce_core/text/juce_String.h:198:11: warning: 'DOXYGEN' is not defined, evaluates to 0 [-Wundef]
  198 |    #elif (DOXYGEN || JUCE_STRING_UTF_TYPE == 8)
      |           ^
In file included from /Users/larryseyer/AudioDevelopment/OTTO/Source/UI/Layout/BreakpointManager.cpp:1:
In file included from /Users/larryseyer/AudioDevelopment/OTTO/Source/UI/Layout/BreakpointManager.h:4:
In file included from /Users/larryseyer/AudioDevelopment/OTTO/Builds/MacOSX/CMake-Release/OTTO_artefacts/JuceLibraryCode/JuceHeader.h:14:
In file included from /Users/larryseyer/AudioDevelopment/OTTO/JUCE/modules/juce_audio_plugin_client/juce_audio_plugin_client.h:63:
In file included from /Users/larryseyer/AudioDevelopment/OTTO/JUCE/modules/juce_gui_basics/juce_gui_basics.h:68:
In file included from /Users/larryseyer/AudioDevelopment/OTTO/JUCE/modules/juce_graphics/juce_graphics.h:67:
In file included from /Users/larryseyer/AudioDevelopment/OTTO/JUCE/modules/juce_core/juce_core.h:257:
/Users/larryseyer/AudioDevelopment/OTTO/JUCE/modules/juce_core/memory/juce_LeakedObjectDetector.h:124:5: warning: 'DOXYGEN' is not defined, evaluates to 0 [-Wundef]
  124 | #if DOXYGEN || ! defined (JUCE_LEAK_DETECTOR)
      |     ^
/Users/larryseyer/AudioDevelopment/OTTO/JUCE/modules/juce_core/memory/juce_LeakedObjectDetector.h:125:7: warning: 'DOXYGEN' is not defined, evaluates to 0 [-Wundef]
  125 |  #if (DOXYGEN || JUCE_CHECK_MEMORY_LEAKS)
      |       ^
In file included from /Users/larryseyer/AudioDevelopment/OTTO/Source/UI/Layout/BreakpointManager.cpp:1:
In file included from /Users/larryseyer/AudioDevelopment/OTTO/Source/UI/Layout/BreakpointManager.h:4:
In file included from /Users/larryseyer/AudioDevelopment/OTTO/Builds/MacOSX/CMake-Release/OTTO_artefacts/JuceLibraryCode/JuceHeader.h:14:
In file included from /Users/larryseyer/AudioDevelopment/OTTO/JUCE/modules/juce_audio_plugin_client/juce_audio_plugin_client.h:63:
In file included from /Users/larryseyer/AudioDevelopment/OTTO/JUCE/modules/juce_gui_basics/juce_gui_basics.h:68:
In file included from /Users/larryseyer/AudioDevelopment/OTTO/JUCE/modules/juce_graphics/juce_graphics.h:67:
In file included from /Users/larryseyer/AudioDevelopment/OTTO/JUCE/modules/juce_core/juce_core.h:259:
/Users/larryseyer/AudioDevelopment/OTTO/JUCE/modules/juce_core/memory/juce_HeapBlock.h:38:8: warning: 'DOXYGEN' is not defined, evaluates to 0 [-Wundef]
   38 | #if ! (DOXYGEN || JUCE_EXCEPTIONS_DISABLED)
      |        ^
/Users/larryseyer/AudioDevelopment/OTTO/JUCE/modules/juce_core/memory/juce_HeapBlock.h:38:19: warning: 'JUCE_EXCEPTIONS_DISABLED' is not defined, evaluates to 0 [-Wundef]
   38 | #if ! (DOXYGEN || JUCE_EXCEPTIONS_DISABLED)
      |                   ^
/Users/larryseyer/AudioDevelopment/OTTO/JUCE/modules/juce_core/memory/juce_HeapBlock.h:343:12: warning: 'JUCE_EXCEPTIONS_DISABLED' is not defined, evaluates to 0 [-Wundef]
  343 |        #if JUCE_EXCEPTIONS_DISABLED
      |            ^
In file included from /Users/larryseyer/AudioDevelopment/OTTO/Source/UI/Layout/BreakpointManager.cpp:1:
In file included from /Users/larryseyer/AudioDevelopment/OTTO/Source/UI/Layout/BreakpointManager.h:4:
In file included from /Users/larryseyer/AudioDevelopment/OTTO/Builds/MacOSX/CMake-Release/OTTO_artefacts/JuceLibraryCode/JuceHeader.h:14:
In file included from /Users/larryseyer/AudioDevelopment/OTTO/JUCE/modules/juce_audio_plugin_client/juce_audio_plugin_client.h:63:
In file included from /Users/larryseyer/AudioDevelopment/OTTO/JUCE/modules/juce_gui_basics/juce_gui_basics.h:68:
In file included from /Users/larryseyer/AudioDevelopment/OTTO/JUCE/modules/juce_graphics/juce_graphics.h:67:
In file included from /Users/larryseyer/AudioDevelopment/OTTO/JUCE/modules/juce_core/juce_core.h:263:
/Users/larryseyer/AudioDevelopment/OTTO/JUCE/modules/juce_core/memory/juce_ScopedPointer.h:151:10: warning: 'JUCE_MSVC' is not defined, evaluates to 0 [-Wundef]
  151 |    #if ! JUCE_MSVC  // (MSVC can't deal with multiple copy constructors)
      |          ^
In file included from /Users/larryseyer/AudioDevelopment/OTTO/Source/UI/Layout/BreakpointManager.cpp:1:
In file included from /Users/larryseyer/AudioDevelopment/OTTO/Source/UI/Layout/BreakpointManager.h:4:
In file included from /Users/larryseyer/AudioDevelopment/OTTO/Builds/MacOSX/CMake-Release/OTTO_artefacts/JuceLibraryCode/JuceHeader.h:14:
In file included from /Users/larryseyer/AudioDevelopment/OTTO/JUCE/modules/juce_audio_plugin_client/juce_audio_plugin_client.h:63:
In file included from /Users/larryseyer/AudioDevelopment/OTTO/JUCE/modules/juce_gui_basics/juce_gui_basics.h:68:
In file included from /Users/larryseyer/AudioDevelopment/OTTO/JUCE/modules/juce_graphics/juce_graphics.h:67:
In file included from /Users/larryseyer/AudioDevelopment/OTTO/JUCE/modules/juce_core/juce_core.h:271:
/Users/larryseyer/AudioDevelopment/OTTO/JUCE/modules/juce_core/threads/juce_CriticalSection.h:116:8: warning: 'JUCE_WINDOWS' is not defined, evaluates to 0 [-Wundef]
  116 |    #if JUCE_WINDOWS
      |        ^
In file included from /Users/larryseyer/AudioDevelopment/OTTO/Source/UI/Layout/BreakpointManager.cpp:1:
In file included from /Users/larryseyer/AudioDevelopment/OTTO/Source/UI/Layout/BreakpointManager.h:4:
In file included from /Users/larryseyer/AudioDevelopment/OTTO/Builds/MacOSX/CMake-Release/OTTO_artefacts/JuceLibraryCode/JuceHeader.h:14:
In file included from /Users/larryseyer/AudioDevelopment/OTTO/JUCE/modules/juce_audio_plugin_client/juce_audio_plugin_client.h:63:
In file included from /Users/larryseyer/AudioDevelopment/OTTO/JUCE/modules/juce_gui_basics/juce_gui_basics.h:68:
In file included from /Users/larryseyer/AudioDevelopment/OTTO/JUCE/modules/juce_graphics/juce_graphics.h:67:
In file included from /Users/larryseyer/AudioDevelopment/OTTO/JUCE/modules/juce_core/juce_core.h:293:
/Users/larryseyer/AudioDevelopment/OTTO/JUCE/modules/juce_core/memory/juce_HeavyweightLeakedObjectDetector.h:123:5: warning: 'DOXYGEN' is not defined, evaluates to 0 [-Wundef]
  123 | #if DOXYGEN || ! defined (JUCE_HEAVYWEIGHT_LEAK_DETECTOR)
      |     ^
/Users/larryseyer/AudioDevelopment/OTTO/JUCE/modules/juce_core/memory/juce_HeavyweightLeakedObjectDetector.h:124:7: warning: 'DOXYGEN' is not defined, evaluates to 0 [-Wundef]
  124 |  #if (DOXYGEN || JUCE_CHECK_MEMORY_LEAKS)
      |       ^
In file included from /Users/larryseyer/AudioDevelopment/OTTO/Source/UI/Layout/BreakpointManager.cpp:1:
In file included from /Users/larryseyer/AudioDevelopment/OTTO/Source/UI/Layout/BreakpointManager.h:4:
In file included from /Users/larryseyer/AudioDevelopment/OTTO/Builds/MacOSX/CMake-Release/OTTO_artefacts/JuceLibraryCode/JuceHeader.h:14:
In file included from /Users/larryseyer/AudioDevelopment/OTTO/JUCE/modules/juce_audio_plugin_client/juce_audio_plugin_client.h:63:
In file included from /Users/larryseyer/AudioDevelopment/OTTO/JUCE/modules/juce_gui_basics/juce_gui_basics.h:68:
In file included from /Users/larryseyer/AudioDevelopment/OTTO/JUCE/modules/juce_graphics/juce_graphics.h:67:
In file included from /Users/larryseyer/AudioDevelopment/OTTO/JUCE/modules/juce_core/juce_core.h:318:
/Users/larryseyer/AudioDevelopment/OTTO/JUCE/modules/juce_core/files/juce_File.h:38:7: warning: 'DOXYGEN' is not defined, evaluates to 0 [-Wundef]
   38 | #if ! DOXYGEN && (JUCE_MAC || JUCE_IOS)
      |       ^
/Users/larryseyer/AudioDevelopment/OTTO/JUCE/modules/juce_core/files/juce_File.h:970:12: warning: 'JUCE_WINDOWS' is not defined, evaluates to 0 [-Wundef]
  970 |        #if JUCE_WINDOWS || DOXYGEN
      |            ^
/Users/larryseyer/AudioDevelopment/OTTO/JUCE/modules/juce_core/files/juce_File.h:970:28: warning: 'DOXYGEN' is not defined, evaluates to 0 [-Wundef]
  970 |        #if JUCE_WINDOWS || DOXYGEN
      |                            ^
/Users/larryseyer/AudioDevelopment/OTTO/JUCE/modules/juce_core/files/juce_File.h:981:12: warning: 'JUCE_WINDOWS' is not defined, evaluates to 0 [-Wundef]
  981 |        #if JUCE_WINDOWS || DOXYGEN
      |            ^
/Users/larryseyer/AudioDevelopment/OTTO/JUCE/modules/juce_core/files/juce_File.h:981:28: warning: 'DOXYGEN' is not defined, evaluates to 0 [-Wundef]
  981 |        #if JUCE_WINDOWS || DOXYGEN
      |                            ^
/Users/larryseyer/AudioDevelopment/OTTO/JUCE/modules/juce_core/files/juce_File.h:1100:8: warning: 'JUCE_WINDOWS' is not defined, evaluates to 0 [-Wundef]
 1100 |    #if JUCE_WINDOWS || DOXYGEN
      |        ^
/Users/larryseyer/AudioDevelopment/OTTO/JUCE/modules/juce_core/files/juce_File.h:1100:24: warning: 'DOXYGEN' is not defined, evaluates to 0 [-Wundef]
 1100 |    #if JUCE_WINDOWS || DOXYGEN
      |                        ^
/Users/larryseyer/AudioDevelopment/OTTO/JUCE/modules/juce_core/files/juce_File.h:1146:16: warning: 'NAMES_ARE_CASE_SENSITIVE' is not defined, evaluates to 0 [-Wundef]
 1146 |            #if NAMES_ARE_CASE_SENSITIVE
      |                ^
In file included from /Users/larryseyer/AudioDevelopment/OTTO/Source/UI/Layout/BreakpointManager.cpp:1:
In file included from /Users/larryseyer/AudioDevelopment/OTTO/Source/UI/Layout/BreakpointManager.h:4:
In file included from /Users/larryseyer/AudioDevelopment/OTTO/Builds/MacOSX/CMake-Release/OTTO_artefacts/JuceLibraryCode/JuceHeader.h:14:
In file included from /Users/larryseyer/AudioDevelopment/OTTO/JUCE/modules/juce_audio_plugin_client/juce_audio_plugin_client.h:63:
In file included from /Users/larryseyer/AudioDevelopment/OTTO/JUCE/modules/juce_gui_basics/juce_gui_basics.h:68:
In file included from /Users/larryseyer/AudioDevelopment/OTTO/JUCE/modules/juce_graphics/juce_graphics.h:67:
In file included from /Users/larryseyer/AudioDevelopment/OTTO/JUCE/modules/juce_core/juce_core.h:321:
/Users/larryseyer/AudioDevelopment/OTTO/JUCE/modules/juce_core/detail/juce_NativeFileHandle.h:38:5: warning: 'JUCE_WINDOWS' is not defined, evaluates to 0 [-Wundef]
   38 | #if JUCE_WINDOWS
      |     ^
In file included from /Users/larryseyer/AudioDevelopment/OTTO/Source/UI/Layout/BreakpointManager.cpp:1:
In file included from /Users/larryseyer/AudioDevelopment/OTTO/Source/UI/Layout/BreakpointManager.h:4:
In file included from /Users/larryseyer/AudioDevelopment/OTTO/Builds/MacOSX/CMake-Release/OTTO_artefacts/JuceLibraryCode/JuceHeader.h:14:
In file included from /Users/larryseyer/AudioDevelopment/OTTO/JUCE/modules/juce_audio_plugin_client/juce_audio_plugin_client.h:63:
In file included from /Users/larryseyer/AudioDevelopment/OTTO/JUCE/modules/juce_gui_basics/juce_gui_basics.h:68:
In file included from /Users/larryseyer/AudioDevelopment/OTTO/JUCE/modules/juce_graphics/juce_graphics.h:67:
In file included from /Users/larryseyer/AudioDevelopment/OTTO/JUCE/modules/juce_core/juce_core.h:325:
/Users/larryseyer/AudioDevelopment/OTTO/JUCE/modules/juce_core/files/juce_MemoryMappedFile.h:116:8: warning: 'JUCE_WINDOWS' is not defined, evaluates to 0 [-Wundef]
  116 |    #if JUCE_WINDOWS
      |        ^
In file included from /Users/larryseyer/AudioDevelopment/OTTO/Source/UI/Layout/BreakpointManager.cpp:1:
In file included from /Users/larryseyer/AudioDevelopment/OTTO/Source/UI/Layout/BreakpointManager.h:4:
In file included from /Users/larryseyer/AudioDevelopment/OTTO/Builds/MacOSX/CMake-Release/OTTO_artefacts/JuceLibraryCode/JuceHeader.h:14:
In file included from /Users/larryseyer/AudioDevelopment/OTTO/JUCE/modules/juce_audio_plugin_client/juce_audio_plugin_client.h:63:
In file included from /Users/larryseyer/AudioDevelopment/OTTO/JUCE/modules/juce_gui_basics/juce_gui_basics.h:68:
In file included from /Users/larryseyer/AudioDevelopment/OTTO/JUCE/modules/juce_graphics/juce_graphics.h:67:
In file included from /Users/larryseyer/AudioDevelopment/OTTO/JUCE/modules/juce_core/juce_core.h:338:
/Users/larryseyer/AudioDevelopment/OTTO/JUCE/modules/juce_core/misc/juce_WindowsRegistry.h:38:5: warning: 'JUCE_WINDOWS' is not defined, evaluates to 0 [-Wundef]
   38 | #if JUCE_WINDOWS || DOXYGEN
      |     ^
/Users/larryseyer/AudioDevelopment/OTTO/JUCE/modules/juce_core/misc/juce_WindowsRegistry.h:38:21: warning: 'DOXYGEN' is not defined, evaluates to 0 [-Wundef]
   38 | #if JUCE_WINDOWS || DOXYGEN
      |                     ^
In file included from /Users/larryseyer/AudioDevelopment/OTTO/Source/UI/Layout/BreakpointManager.cpp:1:
In file included from /Users/larryseyer/AudioDevelopment/OTTO/Source/UI/Layout/BreakpointManager.h:4:
In file included from /Users/larryseyer/AudioDevelopment/OTTO/Builds/MacOSX/CMake-Release/OTTO_artefacts/JuceLibraryCode/JuceHeader.h:14:
In file included from /Users/larryseyer/AudioDevelopment/OTTO/JUCE/modules/juce_audio_plugin_client/juce_audio_plugin_client.h:63:
In file included from /Users/larryseyer/AudioDevelopment/OTTO/JUCE/modules/juce_gui_basics/juce_gui_basics.h:68:
In file included from /Users/larryseyer/AudioDevelopment/OTTO/JUCE/modules/juce_graphics/juce_graphics.h:67:
In file included from /Users/larryseyer/AudioDevelopment/OTTO/JUCE/modules/juce_core/juce_core.h:342:
/Users/larryseyer/AudioDevelopment/OTTO/JUCE/modules/juce_core/threads/juce_Process.h:122:8: warning: 'JUCE_WINDOWS' is not defined, evaluates to 0 [-Wundef]
  122 |    #if JUCE_WINDOWS || DOXYGEN
      |        ^
/Users/larryseyer/AudioDevelopment/OTTO/JUCE/modules/juce_core/threads/juce_Process.h:122:24: warning: 'DOXYGEN' is not defined, evaluates to 0 [-Wundef]
  122 |    #if JUCE_WINDOWS || DOXYGEN
      |                        ^
In file included from /Users/larryseyer/AudioDevelopment/OTTO/Source/UI/Layout/BreakpointManager.cpp:1:
In file included from /Users/larryseyer/AudioDevelopment/OTTO/Source/UI/Layout/BreakpointManager.h:4:
In file included from /Users/larryseyer/AudioDevelopment/OTTO/Builds/MacOSX/CMake-Release/OTTO_artefacts/JuceLibraryCode/JuceHeader.h:14:
In file included from /Users/larryseyer/AudioDevelopment/OTTO/JUCE/modules/juce_audio_plugin_client/juce_audio_plugin_client.h:63:
In file included from /Users/larryseyer/AudioDevelopment/OTTO/JUCE/modules/juce_gui_basics/juce_gui_basics.h:68:
In file included from /Users/larryseyer/AudioDevelopment/OTTO/JUCE/modules/juce_graphics/juce_graphics.h:67:
In file included from /Users/larryseyer/AudioDevelopment/OTTO/JUCE/modules/juce_core/juce_core.h:345:
/Users/larryseyer/AudioDevelopment/OTTO/JUCE/modules/juce_core/threads/juce_Thread.h:526:8: warning: 'JUCE_ANDROID' is not defined, evaluates to 0 [-Wundef]
  526 |    #if JUCE_ANDROID || DOXYGEN
      |        ^
/Users/larryseyer/AudioDevelopment/OTTO/JUCE/modules/juce_core/threads/juce_Thread.h:526:24: warning: 'DOXYGEN' is not defined, evaluates to 0 [-Wundef]
  526 |    #if JUCE_ANDROID || DOXYGEN
      |                        ^
/Users/larryseyer/AudioDevelopment/OTTO/JUCE/modules/juce_core/threads/juce_Thread.h:607:8: warning: 'JUCE_ANDROID' is not defined, evaluates to 0 [-Wundef]
  607 |    #if JUCE_ANDROID || JUCE_LINUX || JUCE_BSD
      |        ^
/Users/larryseyer/AudioDevelopment/OTTO/JUCE/modules/juce_core/threads/juce_Thread.h:607:24: warning: 'JUCE_LINUX' is not defined, evaluates to 0 [-Wundef]
  607 |    #if JUCE_ANDROID || JUCE_LINUX || JUCE_BSD
      |                        ^
/Users/larryseyer/AudioDevelopment/OTTO/JUCE/modules/juce_core/threads/juce_Thread.h:607:38: warning: 'JUCE_BSD' is not defined, evaluates to 0 [-Wundef]
  607 |    #if JUCE_ANDROID || JUCE_LINUX || JUCE_BSD
      |                                      ^
In file included from /Users/larryseyer/AudioDevelopment/OTTO/Source/UI/Layout/BreakpointManager.cpp:1:
In file included from /Users/larryseyer/AudioDevelopment/OTTO/Source/UI/Layout/BreakpointManager.h:4:
In file included from /Users/larryseyer/AudioDevelopment/OTTO/Builds/MacOSX/CMake-Release/OTTO_artefacts/JuceLibraryCode/JuceHeader.h:14:
In file included from /Users/larryseyer/AudioDevelopment/OTTO/JUCE/modules/juce_audio_plugin_client/juce_audio_plugin_client.h:63:
In file included from /Users/larryseyer/AudioDevelopment/OTTO/JUCE/modules/juce_gui_basics/juce_gui_basics.h:68:
In file included from /Users/larryseyer/AudioDevelopment/OTTO/JUCE/modules/juce_graphics/juce_graphics.h:67:
In file included from /Users/larryseyer/AudioDevelopment/OTTO/JUCE/modules/juce_core/juce_core.h:357:
/Users/larryseyer/AudioDevelopment/OTTO/JUCE/modules/juce_core/network/juce_URL.h:567:12: warning: 'JUCE_IOS' is not defined, evaluates to 0 [-Wundef]
  567 |        #if JUCE_IOS
      |            ^
/Users/larryseyer/AudioDevelopment/OTTO/JUCE/modules/juce_core/network/juce_URL.h:708:8: warning: 'JUCE_IOS' is not defined, evaluates to 0 [-Wundef]
  708 |    #if JUCE_IOS
      |        ^
In file included from /Users/larryseyer/AudioDevelopment/OTTO/Source/UI/Layout/BreakpointManager.cpp:1:
In file included from /Users/larryseyer/AudioDevelopment/OTTO/Source/UI/Layout/BreakpointManager.h:4:
In file included from /Users/larryseyer/AudioDevelopment/OTTO/Builds/MacOSX/CMake-Release/OTTO_artefacts/JuceLibraryCode/JuceHeader.h:14:
In file included from /Users/larryseyer/AudioDevelopment/OTTO/JUCE/modules/juce_audio_plugin_client/juce_audio_plugin_client.h:63:
In file included from /Users/larryseyer/AudioDevelopment/OTTO/JUCE/modules/juce_gui_basics/juce_gui_basics.h:68:
In file included from /Users/larryseyer/AudioDevelopment/OTTO/JUCE/modules/juce_graphics/juce_graphics.h:67:
In file included from /Users/larryseyer/AudioDevelopment/OTTO/JUCE/modules/juce_core/juce_core.h:366:
/Users/larryseyer/AudioDevelopment/OTTO/JUCE/modules/juce_core/zip/juce_ZipFile.h:280:8: warning: 'JUCE_DEBUG' is not defined, evaluates to 0 [-Wundef]
  280 |    #if JUCE_DEBUG
      |        ^
In file included from /Users/larryseyer/AudioDevelopment/OTTO/Source/UI/Layout/BreakpointManager.cpp:1:
In file included from /Users/larryseyer/AudioDevelopment/OTTO/Source/UI/Layout/BreakpointManager.h:4:
In file included from /Users/larryseyer/AudioDevelopment/OTTO/Builds/MacOSX/CMake-Release/OTTO_artefacts/JuceLibraryCode/JuceHeader.h:14:
In file included from /Users/larryseyer/AudioDevelopment/OTTO/JUCE/modules/juce_audio_plugin_client/juce_audio_plugin_client.h:63:
In file included from /Users/larryseyer/AudioDevelopment/OTTO/JUCE/modules/juce_gui_basics/juce_gui_basics.h:68:
In file included from /Users/larryseyer/AudioDevelopment/OTTO/JUCE/modules/juce_graphics/juce_graphics.h:67:
/Users/larryseyer/AudioDevelopment/OTTO/JUCE/modules/juce_core/juce_core.h:378:5: warning: 'JUCE_CORE_INCLUDE_OBJC_HELPERS' is not defined, evaluates to 0 [-Wundef]
  378 | #if JUCE_CORE_INCLUDE_OBJC_HELPERS && (JUCE_MAC || JUCE_IOS)
      |     ^
/Users/larryseyer/AudioDevelopment/OTTO/JUCE/modules/juce_core/juce_core.h:383:5: warning: 'JUCE_CORE_INCLUDE_COM_SMART_PTR' is not defined, evaluates to 0 [-Wundef]
  383 | #if JUCE_CORE_INCLUDE_COM_SMART_PTR && JUCE_WINDOWS
      |     ^
/Users/larryseyer/AudioDevelopment/OTTO/JUCE/modules/juce_core/juce_core.h:387:5: warning: 'JUCE_CORE_INCLUDE_JNI_HELPERS' is not defined, evaluates to 0 [-Wundef]
  387 | #if JUCE_CORE_INCLUDE_JNI_HELPERS && JUCE_ANDROID
      |     ^
/Users/larryseyer/AudioDevelopment/OTTO/JUCE/modules/juce_core/juce_core.h:392:5: warning: 'JUCE_UNIT_TESTS' is not defined, evaluates to 0 [-Wundef]
  392 | #if JUCE_UNIT_TESTS
      |     ^
/Users/larryseyer/AudioDevelopment/OTTO/JUCE/modules/juce_core/juce_core.h:407:6: warning: 'JUCE_DEBUG' is not defined, evaluates to 0 [-Wundef]
  407 |  #if JUCE_DEBUG
      |      ^
In file included from /Users/larryseyer/AudioDevelopment/OTTO/Source/UI/Layout/BreakpointManager.cpp:1:
In file included from /Users/larryseyer/AudioDevelopment/OTTO/Source/UI/Layout/BreakpointManager.h:4:
In file included from /Users/larryseyer/AudioDevelopment/OTTO/Builds/MacOSX/CMake-Release/OTTO_artefacts/JuceLibraryCode/JuceHeader.h:14:
In file included from /Users/larryseyer/AudioDevelopment/OTTO/JUCE/modules/juce_audio_plugin_client/juce_audio_plugin_client.h:63:
In file included from /Users/larryseyer/AudioDevelopment/OTTO/JUCE/modules/juce_gui_basics/juce_gui_basics.h:68:
In file included from /Users/larryseyer/AudioDevelopment/OTTO/JUCE/modules/juce_graphics/juce_graphics.h:68:
/Users/larryseyer/AudioDevelopment/OTTO/JUCE/modules/juce_events/juce_events.h:75:5: warning: 'JUCE_WINDOWS' is not defined, evaluates to 0 [-Wundef]
   75 | #if JUCE_WINDOWS && JUCE_EVENTS_INCLUDE_WINRT_WRAPPER
      |     ^
In file included from /Users/larryseyer/AudioDevelopment/OTTO/Source/UI/Layout/BreakpointManager.cpp:1:
In file included from /Users/larryseyer/AudioDevelopment/OTTO/Source/UI/Layout/BreakpointManager.h:4:
In file included from /Users/larryseyer/AudioDevelopment/OTTO/Builds/MacOSX/CMake-Release/OTTO_artefacts/JuceLibraryCode/JuceHeader.h:14:
In file included from /Users/larryseyer/AudioDevelopment/OTTO/JUCE/modules/juce_audio_plugin_client/juce_audio_plugin_client.h:63:
In file included from /Users/larryseyer/AudioDevelopment/OTTO/JUCE/modules/juce_gui_basics/juce_gui_basics.h:68:
In file included from /Users/larryseyer/AudioDevelopment/OTTO/JUCE/modules/juce_graphics/juce_graphics.h:68:
In file included from /Users/larryseyer/AudioDevelopment/OTTO/JUCE/modules/juce_events/juce_events.h:91:
/Users/larryseyer/AudioDevelopment/OTTO/JUCE/modules/juce_events/messages/juce_ApplicationBase.h:300:8: warning: 'JUCE_IOS' is not defined, evaluates to 0 [-Wundef]
  300 |    #if JUCE_IOS
      |        ^
/Users/larryseyer/AudioDevelopment/OTTO/JUCE/modules/juce_events/messages/juce_ApplicationBase.h:324:40: warning: 'DOXYGEN' is not defined, evaluates to 0 [-Wundef]
  324 | #if JUCE_CATCH_UNHANDLED_EXCEPTIONS || DOXYGEN
      |                                        ^
In file included from /Users/larryseyer/AudioDevelopment/OTTO/Source/UI/Layout/BreakpointManager.cpp:1:
In file included from /Users/larryseyer/AudioDevelopment/OTTO/Source/UI/Layout/BreakpointManager.h:4:
In file included from /Users/larryseyer/AudioDevelopment/OTTO/Builds/MacOSX/CMake-Release/OTTO_artefacts/JuceLibraryCode/JuceHeader.h:14:
In file included from /Users/larryseyer/AudioDevelopment/OTTO/JUCE/modules/juce_audio_plugin_client/juce_audio_plugin_client.h:63:
In file included from /Users/larryseyer/AudioDevelopment/OTTO/JUCE/modules/juce_gui_basics/juce_gui_basics.h:68:
In file included from /Users/larryseyer/AudioDevelopment/OTTO/JUCE/modules/juce_graphics/juce_graphics.h:68:
In file included from /Users/larryseyer/AudioDevelopment/OTTO/JUCE/modules/juce_events/juce_events.h:92:
/Users/larryseyer/AudioDevelopment/OTTO/JUCE/modules/juce_events/messages/juce_Initialisation.h:102:5: warning: 'DOXYGEN' is not defined, evaluates to 0 [-Wundef]
  102 | #if DOXYGEN
      |     ^
/Users/larryseyer/AudioDevelopment/OTTO/JUCE/modules/juce_events/messages/juce_Initialisation.h:105:6: warning: 'JUCE_WINDOWS' is not defined, evaluates to 0 [-Wundef]
  105 |  #if JUCE_WINDOWS && ! defined (_CONSOLE)
      |      ^
/Users/larryseyer/AudioDevelopment/OTTO/JUCE/modules/juce_events/messages/juce_Initialisation.h:116:6: warning: 'JUCE_IOS' is not defined, evaluates to 0 [-Wundef]
  116 |  #if JUCE_IOS
      |      ^
/Users/larryseyer/AudioDevelopment/OTTO/JUCE/modules/juce_events/messages/juce_Initialisation.h:138:8: warning: 'JUCE_ANDROID' is not defined, evaluates to 0 [-Wundef]
  138 |  #elif JUCE_ANDROID
      |        ^
/Users/larryseyer/AudioDevelopment/OTTO/JUCE/modules/juce_events/messages/juce_Initialisation.h:161:7: warning: 'JUCE_USE_CUSTOM_PLUGIN_STANDALONE_APP' is not defined, evaluates to 0 [-Wundef]
  161 |   #if JUCE_USE_CUSTOM_PLUGIN_STANDALONE_APP
      |       ^
/Users/larryseyer/AudioDevelopment/OTTO/JUCE/modules/juce_events/messages/juce_Initialisation.h:168:8: warning: 'JUCE_IOS' is not defined, evaluates to 0 [-Wundef]
  168 |    #if JUCE_IOS
      |        ^
In file included from /Users/larryseyer/AudioDevelopment/OTTO/Source/UI/Layout/BreakpointManager.cpp:1:
In file included from /Users/larryseyer/AudioDevelopment/OTTO/Source/UI/Layout/BreakpointManager.h:4:
In file included from /Users/larryseyer/AudioDevelopment/OTTO/Builds/MacOSX/CMake-Release/OTTO_artefacts/JuceLibraryCode/JuceHeader.h:14:
In file included from /Users/larryseyer/AudioDevelopment/OTTO/JUCE/modules/juce_audio_plugin_client/juce_audio_plugin_client.h:63:
In file included from /Users/larryseyer/AudioDevelopment/OTTO/JUCE/modules/juce_gui_basics/juce_gui_basics.h:68:
In file included from /Users/larryseyer/AudioDevelopment/OTTO/JUCE/modules/juce_graphics/juce_graphics.h:68:
/Users/larryseyer/AudioDevelopment/OTTO/JUCE/modules/juce_events/juce_events.h:110:5: warning: 'JUCE_LINUX' is not defined, evaluates to 0 [-Wundef]
  110 | #if JUCE_LINUX || JUCE_BSD
      |     ^
/Users/larryseyer/AudioDevelopment/OTTO/JUCE/modules/juce_events/juce_events.h:110:19: warning: 'JUCE_BSD' is not defined, evaluates to 0 [-Wundef]
  110 | #if JUCE_LINUX || JUCE_BSD
      |                   ^
/Users/larryseyer/AudioDevelopment/OTTO/JUCE/modules/juce_events/juce_events.h:114:5: warning: 'JUCE_WINDOWS' is not defined, evaluates to 0 [-Wundef]
  114 | #if JUCE_WINDOWS
      |     ^
In file included from /Users/larryseyer/AudioDevelopment/OTTO/Source/UI/Layout/BreakpointManager.cpp:1:
In file included from /Users/larryseyer/AudioDevelopment/OTTO/Source/UI/Layout/BreakpointManager.h:4:
In file included from /Users/larryseyer/AudioDevelopment/OTTO/Builds/MacOSX/CMake-Release/OTTO_artefacts/JuceLibraryCode/JuceHeader.h:14:
In file included from /Users/larryseyer/AudioDevelopment/OTTO/JUCE/modules/juce_audio_plugin_client/juce_audio_plugin_client.h:63:
In file included from /Users/larryseyer/AudioDevelopment/OTTO/JUCE/modules/juce_gui_basics/juce_gui_basics.h:68:
In file included from /Users/larryseyer/AudioDevelopment/OTTO/JUCE/modules/juce_graphics/juce_graphics.h:122:
/Users/larryseyer/AudioDevelopment/OTTO/JUCE/modules/juce_graphics/colour/juce_PixelFormats.h:39:5: warning: 'JUCE_MSVC' is not defined, evaluates to 0 [-Wundef]
   39 | #if JUCE_MSVC
      |     ^
/Users/larryseyer/AudioDevelopment/OTTO/JUCE/modules/juce_graphics/colour/juce_PixelFormats.h:89:12: warning: 'JUCE_ANDROID' is not defined, evaluates to 0 [-Wundef]
   89 |        #if JUCE_ANDROID
      |            ^
/Users/larryseyer/AudioDevelopment/OTTO/JUCE/modules/juce_graphics/colour/juce_PixelFormats.h:100:12: warning: 'JUCE_BIG_ENDIAN' is not defined, evaluates to 0 [-Wundef]
  100 |        #if JUCE_BIG_ENDIAN
      |            ^
/Users/larryseyer/AudioDevelopment/OTTO/JUCE/modules/juce_graphics/colour/juce_PixelFormats.h:301:7: warning: 'JUCE_ANDROID' is not defined, evaluates to 0 [-Wundef]
  301 |   #if JUCE_ANDROID
      |       ^
/Users/larryseyer/AudioDevelopment/OTTO/JUCE/modules/juce_graphics/colour/juce_PixelFormats.h:308:8: warning: 'JUCE_BIG_ENDIAN' is not defined, evaluates to 0 [-Wundef]
  308 |    #if JUCE_BIG_ENDIAN
      |        ^
/Users/larryseyer/AudioDevelopment/OTTO/JUCE/modules/juce_graphics/colour/juce_PixelFormats.h:325:11: warning: 'JUCE_ANDROID' is not defined, evaluates to 0 [-Wundef]
  325 |       #if JUCE_ANDROID
      |           ^
/Users/larryseyer/AudioDevelopment/OTTO/JUCE/modules/juce_graphics/colour/juce_PixelFormats.h:332:12: warning: 'JUCE_BIG_ENDIAN' is not defined, evaluates to 0 [-Wundef]
  332 |        #if JUCE_BIG_ENDIAN
      |            ^
/Users/larryseyer/AudioDevelopment/OTTO/JUCE/modules/juce_graphics/colour/juce_PixelFormats.h:375:12: warning: 'JUCE_ANDROID' is not defined, evaluates to 0 [-Wundef]
  375 |        #if JUCE_ANDROID
      |            ^
/Users/larryseyer/AudioDevelopment/OTTO/JUCE/modules/juce_graphics/colour/juce_PixelFormats.h:386:12: warning: 'JUCE_ANDROID' is not defined, evaluates to 0 [-Wundef]
  386 |        #if JUCE_ANDROID
      |            ^
/Users/larryseyer/AudioDevelopment/OTTO/JUCE/modules/juce_graphics/colour/juce_PixelFormats.h:397:12: warning: 'JUCE_BIG_ENDIAN' is not defined, evaluates to 0 [-Wundef]
  397 |        #if JUCE_BIG_ENDIAN
      |            ^
/Users/larryseyer/AudioDevelopment/OTTO/JUCE/modules/juce_graphics/colour/juce_PixelFormats.h:411:12: warning: 'JUCE_ANDROID' is not defined, evaluates to 0 [-Wundef]
  411 |        #if JUCE_ANDROID
      |            ^
/Users/larryseyer/AudioDevelopment/OTTO/JUCE/modules/juce_graphics/colour/juce_PixelFormats.h:472:12: warning: 'JUCE_ANDROID' is not defined, evaluates to 0 [-Wundef]
  472 |        #if JUCE_ANDROID
      |            ^
/Users/larryseyer/AudioDevelopment/OTTO/JUCE/modules/juce_graphics/colour/juce_PixelFormats.h:504:12: warning: 'JUCE_ANDROID' is not defined, evaluates to 0 [-Wundef]
  504 |        #if JUCE_ANDROID
      |            ^
/Users/larryseyer/AudioDevelopment/OTTO/JUCE/modules/juce_graphics/colour/juce_PixelFormats.h:527:12: warning: 'JUCE_ANDROID' is not defined, evaluates to 0 [-Wundef]
  527 |        #if JUCE_ANDROID
      |            ^
/Users/larryseyer/AudioDevelopment/OTTO/JUCE/modules/juce_graphics/colour/juce_PixelFormats.h:569:11: warning: 'JUCE_ANDROID' is not defined, evaluates to 0 [-Wundef]
  569 |       #if JUCE_ANDROID
      |           ^
/Users/larryseyer/AudioDevelopment/OTTO/JUCE/modules/juce_graphics/colour/juce_PixelFormats.h:745:5: warning: 'JUCE_MSVC' is not defined, evaluates to 0 [-Wundef]
  745 | #if JUCE_MSVC
      |     ^
In file included from /Users/larryseyer/AudioDevelopment/OTTO/Source/UI/Layout/BreakpointManager.cpp:1:
In file included from /Users/larryseyer/AudioDevelopment/OTTO/Source/UI/Layout/BreakpointManager.h:4:
In file included from /Users/larryseyer/AudioDevelopment/OTTO/Builds/MacOSX/CMake-Release/OTTO_artefacts/JuceLibraryCode/JuceHeader.h:14:
In file included from /Users/larryseyer/AudioDevelopment/OTTO/JUCE/modules/juce_audio_plugin_client/juce_audio_plugin_client.h:63:
In file included from /Users/larryseyer/AudioDevelopment/OTTO/JUCE/modules/juce_gui_basics/juce_gui_basics.h:68:
In file included from /Users/larryseyer/AudioDevelopment/OTTO/JUCE/modules/juce_graphics/juce_graphics.h:141:
/Users/larryseyer/AudioDevelopment/OTTO/JUCE/modules/juce_graphics/detail/juce_Ranges.h:114:12: warning: 'JUCE_DEBUG' is not defined, evaluates to 0 [-Wundef]
  114 |        #if JUCE_DEBUG
      |            ^
In file included from /Users/larryseyer/AudioDevelopment/OTTO/Source/UI/Layout/BreakpointManager.cpp:1:
In file included from /Users/larryseyer/AudioDevelopment/OTTO/Source/UI/Layout/BreakpointManager.h:4:
In file included from /Users/larryseyer/AudioDevelopment/OTTO/Builds/MacOSX/CMake-Release/OTTO_artefacts/JuceLibraryCode/JuceHeader.h:14:
In file included from /Users/larryseyer/AudioDevelopment/OTTO/JUCE/modules/juce_audio_plugin_client/juce_audio_plugin_client.h:63:
In file included from /Users/larryseyer/AudioDevelopment/OTTO/JUCE/modules/juce_gui_basics/juce_gui_basics.h:68:
In file included from /Users/larryseyer/AudioDevelopment/OTTO/JUCE/modules/juce_graphics/juce_graphics.h:150:
/Users/larryseyer/AudioDevelopment/OTTO/JUCE/modules/juce_graphics/native/juce_RenderingHelpers.h:389:30: warning: implicit conversion increases floating-point precision: 'float' to 'double' [-Wdouble-promotion]
  389 |                 grad = (p2.y - p1.y) / (double) (p1.x - p2.x);
      |                         ~~~~~^~~~~~  ~
/Users/larryseyer/AudioDevelopment/OTTO/JUCE/modules/juce_graphics/native/juce_RenderingHelpers.h:390:36: warning: implicit conversion increases floating-point precision: 'float' to 'double' [-Wdouble-promotion]
  390 |                 yTerm = p1.y - (p1.x / grad);
      |                                 ~~~^ ~
/Users/larryseyer/AudioDevelopment/OTTO/JUCE/modules/juce_graphics/native/juce_RenderingHelpers.h:390:28: warning: implicit conversion increases floating-point precision: 'float' to 'double' [-Wdouble-promotion]
  390 |                 yTerm = p1.y - (p1.x / grad);
      |                         ~~~^ ~
/Users/larryseyer/AudioDevelopment/OTTO/JUCE/modules/juce_graphics/native/juce_RenderingHelpers.h:391:127: warning: implicit conversion increases floating-point precision: 'float' to 'double' [-Wdouble-promotion]
  391 |                 scale = roundToInt ((double) ((int64_t) numEntries << (int) numScaleBits) / (yTerm * grad - (p2.y * grad - p2.x)));
      |                                                                                                                          ~ ~~~^
/Users/larryseyer/AudioDevelopment/OTTO/JUCE/modules/juce_graphics/native/juce_RenderingHelpers.h:391:113: warning: implicit conversion increases floating-point precision: 'float' to 'double' [-Wdouble-promotion]
  391 |                 scale = roundToInt ((double) ((int64_t) numEntries << (int) numScaleBits) / (yTerm * grad - (p2.y * grad - p2.x)));
      |                                                                                                              ~~~^ ~
/Users/larryseyer/AudioDevelopment/OTTO/JUCE/modules/juce_graphics/native/juce_RenderingHelpers.h:429:36: warning: implicit conversion increases floating-point precision: 'const float' to 'const double' [-Wdouble-promotion]
  429 |               gx1 (gradient.point1.x),
      |                   ~~~~~~~~~~~~~~~~~^
/Users/larryseyer/AudioDevelopment/OTTO/JUCE/modules/juce_graphics/native/juce_RenderingHelpers.h:430:36: warning: implicit conversion increases floating-point precision: 'const float' to 'const double' [-Wdouble-promotion]
  430 |               gy1 (gradient.point1.y)
      |                   ~~~~~~~~~~~~~~~~~^
/Users/larryseyer/AudioDevelopment/OTTO/JUCE/modules/juce_graphics/native/juce_RenderingHelpers.h:434:39: warning: implicit conversion increases floating-point precision: 'float' to 'double' [-Wdouble-promotion]
  434 |             maxDist = diff.x * diff.x + diff.y * diff.y;
      |                     ~ ~~~~~~~~~~~~~~~~^~~~~~~~~~~~~~~~~
/Users/larryseyer/AudioDevelopment/OTTO/JUCE/modules/juce_graphics/native/juce_RenderingHelpers.h:471:37: warning: implicit conversion increases floating-point precision: 'const float' to 'double' [-Wdouble-promotion]
  471 |             tM10 = inverseTransform.mat10;
      |                  ~ ~~~~~~~~~~~~~~~~~^~~~~
/Users/larryseyer/AudioDevelopment/OTTO/JUCE/modules/juce_graphics/native/juce_RenderingHelpers.h:472:37: warning: implicit conversion increases floating-point precision: 'const float' to 'double' [-Wdouble-promotion]
  472 |             tM00 = inverseTransform.mat00;
      |                  ~ ~~~~~~~~~~~~~~~~~^~~~~
/Users/larryseyer/AudioDevelopment/OTTO/JUCE/modules/juce_graphics/native/juce_RenderingHelpers.h:478:56: warning: implicit conversion increases floating-point precision: 'float' to 'double' [-Wdouble-promotion]
  478 |             lineYM01 = inverseTransform.mat01 * floatY + inverseTransform.mat02 - gx1;
      |                        ~~~~~~~~~~~~~~~~~~~~~~~~~~~~~~~~^~~~~~~~~~~~~~~~~~~~~~~~ ~
/Users/larryseyer/AudioDevelopment/OTTO/JUCE/modules/juce_graphics/native/juce_RenderingHelpers.h:479:56: warning: implicit conversion increases floating-point precision: 'float' to 'double' [-Wdouble-promotion]
  479 |             lineYM11 = inverseTransform.mat11 * floatY + inverseTransform.mat12 - gy1;
      |                        ~~~~~~~~~~~~~~~~~~~~~~~~~~~~~~~~^~~~~~~~~~~~~~~~~~~~~~~~ ~
In file included from /Users/larryseyer/AudioDevelopment/OTTO/Source/UI/Layout/BreakpointManager.cpp:1:
In file included from /Users/larryseyer/AudioDevelopment/OTTO/Source/UI/Layout/BreakpointManager.h:4:
In file included from /Users/larryseyer/AudioDevelopment/OTTO/Builds/MacOSX/CMake-Release/OTTO_artefacts/JuceLibraryCode/JuceHeader.h:14:
In file included from /Users/larryseyer/AudioDevelopment/OTTO/JUCE/modules/juce_audio_plugin_client/juce_audio_plugin_client.h:63:
In file included from /Users/larryseyer/AudioDevelopment/OTTO/JUCE/modules/juce_gui_basics/juce_gui_basics.h:68:
/Users/larryseyer/AudioDevelopment/OTTO/JUCE/modules/juce_graphics/juce_graphics.h:157:5: warning: 'JUCE_GRAPHICS_INCLUDE_COREGRAPHICS_HELPERS' is not defined, evaluates to 0 [-Wundef]
  157 | #if JUCE_GRAPHICS_INCLUDE_COREGRAPHICS_HELPERS && (JUCE_MAC || JUCE_IOS)
      |     ^
In file included from /Users/larryseyer/AudioDevelopment/OTTO/Source/UI/Layout/BreakpointManager.cpp:1:
In file included from /Users/larryseyer/AudioDevelopment/OTTO/Source/UI/Layout/BreakpointManager.h:4:
In file included from /Users/larryseyer/AudioDevelopment/OTTO/Builds/MacOSX/CMake-Release/OTTO_artefacts/JuceLibraryCode/JuceHeader.h:14:
In file included from /Users/larryseyer/AudioDevelopment/OTTO/JUCE/modules/juce_audio_plugin_client/juce_audio_plugin_client.h:63:
In file included from /Users/larryseyer/AudioDevelopment/OTTO/JUCE/modules/juce_gui_basics/juce_gui_basics.h:205:
/Users/larryseyer/AudioDevelopment/OTTO/JUCE/modules/juce_gui_basics/components/juce_Component.h:2701:12: warning: 'JUCE_DEBUG' is not defined, evaluates to 0 [-Wundef]
 2701 |        #if JUCE_DEBUG
      |            ^
In file included from /Users/larryseyer/AudioDevelopment/OTTO/Source/UI/Layout/BreakpointManager.cpp:1:
In file included from /Users/larryseyer/AudioDevelopment/OTTO/Source/UI/Layout/BreakpointManager.h:4:
In file included from /Users/larryseyer/AudioDevelopment/OTTO/Builds/MacOSX/CMake-Release/OTTO_artefacts/JuceLibraryCode/JuceHeader.h:14:
In file included from /Users/larryseyer/AudioDevelopment/OTTO/JUCE/modules/juce_audio_plugin_client/juce_audio_plugin_client.h:63:
In file included from /Users/larryseyer/AudioDevelopment/OTTO/JUCE/modules/juce_gui_basics/juce_gui_basics.h:239:
/Users/larryseyer/AudioDevelopment/OTTO/JUCE/modules/juce_gui_basics/layout/juce_ComponentBuilder.h:243:8: warning: 'JUCE_DEBUG' is not defined, evaluates to 0 [-Wundef]
  243 |    #if JUCE_DEBUG
      |        ^
In file included from /Users/larryseyer/AudioDevelopment/OTTO/Source/UI/Layout/BreakpointManager.cpp:1:
In file included from /Users/larryseyer/AudioDevelopment/OTTO/Source/UI/Layout/BreakpointManager.h:4:
In file included from /Users/larryseyer/AudioDevelopment/OTTO/Builds/MacOSX/CMake-Release/OTTO_artefacts/JuceLibraryCode/JuceHeader.h:14:
In file included from /Users/larryseyer/AudioDevelopment/OTTO/JUCE/modules/juce_audio_plugin_client/juce_audio_plugin_client.h:63:
In file included from /Users/larryseyer/AudioDevelopment/OTTO/JUCE/modules/juce_gui_basics/juce_gui_basics.h:283:
/Users/larryseyer/AudioDevelopment/OTTO/JUCE/modules/juce_gui_basics/widgets/juce_ListBox.h:182:10: warning: 'JUCE_DISABLE_ASSERTIONS' is not defined, evaluates to 0 [-Wundef]
  182 |    #if ! JUCE_DISABLE_ASSERTIONS
      |          ^
/Users/larryseyer/AudioDevelopment/OTTO/JUCE/modules/juce_gui_basics/widgets/juce_ListBox.h:235:14: warning: 'JUCE_DISABLE_ASSERTIONS' is not defined, evaluates to 0 [-Wundef]
  235 |        #if ! JUCE_DISABLE_ASSERTIONS
      |              ^
/Users/larryseyer/AudioDevelopment/OTTO/JUCE/modules/juce_gui_basics/widgets/juce_ListBox.h:643:10: warning: 'JUCE_DISABLE_ASSERTIONS' is not defined, evaluates to 0 [-Wundef]
  643 |    #if ! JUCE_DISABLE_ASSERTIONS
      |          ^
In file included from /Users/larryseyer/AudioDevelopment/OTTO/Source/UI/Layout/BreakpointManager.cpp:1:
In file included from /Users/larryseyer/AudioDevelopment/OTTO/Source/UI/Layout/BreakpointManager.h:4:
In file included from /Users/larryseyer/AudioDevelopment/OTTO/Builds/MacOSX/CMake-Release/OTTO_artefacts/JuceLibraryCode/JuceHeader.h:14:
In file included from /Users/larryseyer/AudioDevelopment/OTTO/JUCE/modules/juce_audio_plugin_client/juce_audio_plugin_client.h:63:
In file included from /Users/larryseyer/AudioDevelopment/OTTO/JUCE/modules/juce_gui_basics/juce_gui_basics.h:302:
/Users/larryseyer/AudioDevelopment/OTTO/JUCE/modules/juce_gui_basics/windows/juce_ComponentPeer.h:310:8: warning: 'JUCE_LINUX' is not defined, evaluates to 0 [-Wundef]
  310 |    #if JUCE_LINUX || JUCE_BSD
      |        ^
/Users/larryseyer/AudioDevelopment/OTTO/JUCE/modules/juce_gui_basics/windows/juce_ComponentPeer.h:310:22: warning: 'JUCE_BSD' is not defined, evaluates to 0 [-Wundef]
  310 |    #if JUCE_LINUX || JUCE_BSD
      |                      ^
In file included from /Users/larryseyer/AudioDevelopment/OTTO/Source/UI/Layout/BreakpointManager.cpp:1:
In file included from /Users/larryseyer/AudioDevelopment/OTTO/Source/UI/Layout/BreakpointManager.h:4:
In file included from /Users/larryseyer/AudioDevelopment/OTTO/Builds/MacOSX/CMake-Release/OTTO_artefacts/JuceLibraryCode/JuceHeader.h:14:
In file included from /Users/larryseyer/AudioDevelopment/OTTO/JUCE/modules/juce_audio_plugin_client/juce_audio_plugin_client.h:63:
In file included from /Users/larryseyer/AudioDevelopment/OTTO/JUCE/modules/juce_gui_basics/juce_gui_basics.h:303:
/Users/larryseyer/AudioDevelopment/OTTO/JUCE/modules/juce_gui_basics/windows/juce_ResizableWindow.h:376:8: warning: 'JUCE_DEBUG' is not defined, evaluates to 0 [-Wundef]
  376 |    #if JUCE_DEBUG
      |        ^
/Users/larryseyer/AudioDevelopment/OTTO/JUCE/modules/juce_gui_basics/windows/juce_ResizableWindow.h:414:8: warning: 'JUCE_DEBUG' is not defined, evaluates to 0 [-Wundef]
  414 |    #if JUCE_DEBUG
      |        ^
In file included from /Users/larryseyer/AudioDevelopment/OTTO/Source/UI/Layout/BreakpointManager.cpp:1:
In file included from /Users/larryseyer/AudioDevelopment/OTTO/Source/UI/Layout/BreakpointManager.h:4:
In file included from /Users/larryseyer/AudioDevelopment/OTTO/Builds/MacOSX/CMake-Release/OTTO_artefacts/JuceLibraryCode/JuceHeader.h:14:
In file included from /Users/larryseyer/AudioDevelopment/OTTO/JUCE/modules/juce_audio_plugin_client/juce_audio_plugin_client.h:63:
In file included from /Users/larryseyer/AudioDevelopment/OTTO/JUCE/modules/juce_gui_basics/juce_gui_basics.h:335:
/Users/larryseyer/AudioDevelopment/OTTO/JUCE/modules/juce_gui_basics/application/juce_Application.h:125:8: warning: 'DOXYGEN' is not defined, evaluates to 0 [-Wundef]
  125 |    #if DOXYGEN
      |        ^
In file included from /Users/larryseyer/AudioDevelopment/OTTO/Source/UI/Layout/BreakpointManager.cpp:1:
In file included from /Users/larryseyer/AudioDevelopment/OTTO/Source/UI/Layout/BreakpointManager.h:4:
In file included from /Users/larryseyer/AudioDevelopment/OTTO/Builds/MacOSX/CMake-Release/OTTO_artefacts/JuceLibraryCode/JuceHeader.h:14:
In file included from /Users/larryseyer/AudioDevelopment/OTTO/JUCE/modules/juce_audio_plugin_client/juce_audio_plugin_client.h:63:
/Users/larryseyer/AudioDevelopment/OTTO/JUCE/modules/juce_gui_basics/juce_gui_basics.h:344:5: warning: 'JUCE_LINUX' is not defined, evaluates to 0 [-Wundef]
  344 | #if JUCE_LINUX || JUCE_BSD
      |     ^
/Users/larryseyer/AudioDevelopment/OTTO/JUCE/modules/juce_gui_basics/juce_gui_basics.h:344:19: warning: 'JUCE_BSD' is not defined, evaluates to 0 [-Wundef]
  344 | #if JUCE_LINUX || JUCE_BSD
      |                   ^
/Users/larryseyer/AudioDevelopment/OTTO/JUCE/modules/juce_gui_basics/juce_gui_basics.h:394:5: warning: 'JUCE_GUI_BASICS_INCLUDE_SCOPED_THREAD_DPI_AWARENESS_SETTER' is not defined, evaluates to 0 [-Wundef]
  394 | #if JUCE_GUI_BASICS_INCLUDE_SCOPED_THREAD_DPI_AWARENESS_SETTER && JUCE_WINDOWS
      |     ^
In file included from /Users/larryseyer/AudioDevelopment/OTTO/Source/UI/Layout/BreakpointManager.cpp:1:
In file included from /Users/larryseyer/AudioDevelopment/OTTO/Source/UI/Layout/BreakpointManager.h:4:
In file included from /Users/larryseyer/AudioDevelopment/OTTO/Builds/MacOSX/CMake-Release/OTTO_artefacts/JuceLibraryCode/JuceHeader.h:14:
In file included from /Users/larryseyer/AudioDevelopment/OTTO/JUCE/modules/juce_audio_plugin_client/juce_audio_plugin_client.h:64:
/Users/larryseyer/AudioDevelopment/OTTO/JUCE/modules/juce_audio_basics/juce_audio_basics.h:77:7: warning: 'JUCE_INTEL' is not defined, evaluates to 0 [-Wundef]
   77 | #if ! JUCE_INTEL
      |       ^
/Users/larryseyer/AudioDevelopment/OTTO/JUCE/modules/juce_audio_basics/juce_audio_basics.h:81:24: warning: 'JUCE_USE_VDSP_FRAMEWORK' is not defined, evaluates to 0 [-Wundef]
   81 | #if __ARM_NEON__ && ! (JUCE_USE_VDSP_FRAMEWORK || defined (JUCE_USE_ARM_NEON))
      |                        ^
In file included from /Users/larryseyer/AudioDevelopment/OTTO/Source/UI/Layout/BreakpointManager.cpp:1:
In file included from /Users/larryseyer/AudioDevelopment/OTTO/Source/UI/Layout/BreakpointManager.h:4:
In file included from /Users/larryseyer/AudioDevelopment/OTTO/Builds/MacOSX/CMake-Release/OTTO_artefacts/JuceLibraryCode/JuceHeader.h:14:
In file included from /Users/larryseyer/AudioDevelopment/OTTO/JUCE/modules/juce_audio_plugin_client/juce_audio_plugin_client.h:64:
In file included from /Users/larryseyer/AudioDevelopment/OTTO/JUCE/modules/juce_audio_basics/juce_audio_basics.h:93:
/Users/larryseyer/AudioDevelopment/OTTO/JUCE/modules/juce_audio_basics/buffers/juce_AudioDataConverters.h:103:9: warning: 'JUCE_BIG_ENDIAN' is not defined, evaluates to 0 [-Wundef]
  103 |     #if JUCE_BIG_ENDIAN
      |         ^
/Users/larryseyer/AudioDevelopment/OTTO/JUCE/modules/juce_audio_basics/buffers/juce_AudioDataConverters.h:263:12: warning: 'JUCE_BIG_ENDIAN' is not defined, evaluates to 0 [-Wundef]
  263 |        #if JUCE_BIG_ENDIAN
      |            ^
/Users/larryseyer/AudioDevelopment/OTTO/JUCE/modules/juce_audio_basics/buffers/juce_AudioDataConverters.h:119:135: warning: implicit conversion increases floating-point precision: 'float' to 'double' [-Wdouble-promotion]
  119 |         inline void setAsFloatLE (float newValue) noexcept      { *data = (int8) jlimit ((int) -maxValue, (int) maxValue, roundToInt (newValue * (1.0 + (double) maxValue))); }
      |                                                                                                                                       ^~~~~~~~ ~
/Users/larryseyer/AudioDevelopment/OTTO/JUCE/modules/juce_audio_basics/buffers/juce_AudioDataConverters.h:144:117: warning: implicit conversion increases floating-point precision: 'float' to 'double' [-Wdouble-promotion]
  144 |         inline void setAsFloatLE (float newValue) noexcept      { *data = (uint8) jlimit (0, 255, 128 + roundToInt (newValue * (1.0 + (double) maxValue))); }
      |                                                                                                                     ^~~~~~~~ ~
/Users/larryseyer/AudioDevelopment/OTTO/JUCE/modules/juce_audio_basics/buffers/juce_AudioDataConverters.h:169:168: warning: implicit conversion increases floating-point precision: 'float' to 'double' [-Wdouble-promotion]
  169 |         inline void setAsFloatLE (float newValue) noexcept      { *data = ByteOrder::swapIfBigEndian    ((uint16) jlimit ((int) -maxValue, (int) maxValue, roundToInt (newValue * (1.0 + (double) maxValue)))); }
      |                                                                                                                                                                        ^~~~~~~~ ~
/Users/larryseyer/AudioDevelopment/OTTO/JUCE/modules/juce_audio_basics/buffers/juce_AudioDataConverters.h:170:168: warning: implicit conversion increases floating-point precision: 'float' to 'double' [-Wdouble-promotion]
  170 |         inline void setAsFloatBE (float newValue) noexcept      { *data = ByteOrder::swapIfLittleEndian ((uint16) jlimit ((int) -maxValue, (int) maxValue, roundToInt (newValue * (1.0 + (double) maxValue)))); }
      |                                                                                                                                                                        ^~~~~~~~ ~
/Users/larryseyer/AudioDevelopment/OTTO/JUCE/modules/juce_audio_basics/buffers/juce_AudioDataConverters.h:194:157: warning: implicit conversion increases floating-point precision: 'float' to 'double' [-Wdouble-promotion]
  194 |         inline void setAsFloatLE (float newValue) noexcept      { ByteOrder::littleEndian24BitToChars (jlimit ((int) -maxValue, (int) maxValue, roundToInt (newValue * (1.0 + (double) maxValue))), data); }
      |                                                                                                                                                             ^~~~~~~~ ~
/Users/larryseyer/AudioDevelopment/OTTO/JUCE/modules/juce_audio_basics/buffers/juce_AudioDataConverters.h:195:157: warning: implicit conversion increases floating-point precision: 'float' to 'double' [-Wdouble-promotion]
  195 |         inline void setAsFloatBE (float newValue) noexcept      { ByteOrder::bigEndian24BitToChars (jlimit    ((int) -maxValue, (int) maxValue, roundToInt (newValue * (1.0 + (double) maxValue))), data); }
      |                                                                                                                                                             ^~~~~~~~ ~
In file included from /Users/larryseyer/AudioDevelopment/OTTO/Source/UI/Layout/BreakpointManager.cpp:1:
In file included from /Users/larryseyer/AudioDevelopment/OTTO/Source/UI/Layout/BreakpointManager.h:4:
In file included from /Users/larryseyer/AudioDevelopment/OTTO/Builds/MacOSX/CMake-Release/OTTO_artefacts/JuceLibraryCode/JuceHeader.h:14:
In file included from /Users/larryseyer/AudioDevelopment/OTTO/JUCE/modules/juce_audio_plugin_client/juce_audio_plugin_client.h:64:
In file included from /Users/larryseyer/AudioDevelopment/OTTO/JUCE/modules/juce_audio_basics/juce_audio_basics.h:95:
/Users/larryseyer/AudioDevelopment/OTTO/JUCE/modules/juce_audio_basics/buffers/juce_FloatVectorOperations.h:39:6: warning: 'JUCE_INTEL' is not defined, evaluates to 0 [-Wundef]
   39 |  #if JUCE_INTEL
      |      ^
/Users/larryseyer/AudioDevelopment/OTTO/JUCE/modules/juce_audio_basics/buffers/juce_FloatVectorOperations.h:153:7: warning: 'DOXYGEN' is not defined, evaluates to 0 [-Wundef]
  153 | #if ! DOXYGEN
      |       ^
/Users/larryseyer/AudioDevelopment/OTTO/JUCE/modules/juce_audio_basics/buffers/juce_FloatVectorOperations.h:237:7: warning: 'JUCE_USE_SSE_INTRINSICS' is not defined, evaluates to 0 [-Wundef]
  237 |   #if JUCE_USE_SSE_INTRINSICS || (JUCE_USE_ARM_NEON || (JUCE_64BIT && JUCE_ARM))
      |       ^
In file included from /Users/larryseyer/AudioDevelopment/OTTO/Source/UI/Layout/BreakpointManager.cpp:1:
In file included from /Users/larryseyer/AudioDevelopment/OTTO/Source/UI/Layout/BreakpointManager.h:4:
In file included from /Users/larryseyer/AudioDevelopment/OTTO/Builds/MacOSX/CMake-Release/OTTO_artefacts/JuceLibraryCode/JuceHeader.h:14:
In file included from /Users/larryseyer/AudioDevelopment/OTTO/JUCE/modules/juce_audio_plugin_client/juce_audio_plugin_client.h:64:
In file included from /Users/larryseyer/AudioDevelopment/OTTO/JUCE/modules/juce_audio_basics/juce_audio_basics.h:97:
/Users/larryseyer/AudioDevelopment/OTTO/JUCE/modules/juce_audio_basics/buffers/juce_AudioSampleBuffer.h:1155:15: warning: 'JUCE_GCC' is not defined, evaluates to 0 [-Wundef]
 1155 |        #if (! JUCE_GCC || (__GNUC__ * 100 + __GNUC_MINOR__) >= 409)
      |               ^
In file included from /Users/larryseyer/AudioDevelopment/OTTO/Source/UI/Layout/BreakpointManager.cpp:1:
In file included from /Users/larryseyer/AudioDevelopment/OTTO/Source/UI/Layout/BreakpointManager.h:4:
In file included from /Users/larryseyer/AudioDevelopment/OTTO/Builds/MacOSX/CMake-Release/OTTO_artefacts/JuceLibraryCode/JuceHeader.h:14:
In file included from /Users/larryseyer/AudioDevelopment/OTTO/JUCE/modules/juce_audio_plugin_client/juce_audio_plugin_client.h:64:
In file included from /Users/larryseyer/AudioDevelopment/OTTO/JUCE/modules/juce_audio_basics/juce_audio_basics.h:104:
/Users/larryseyer/AudioDevelopment/OTTO/JUCE/modules/juce_audio_basics/utilities/juce_SmoothedValue.h:421:5: warning: 'JUCE_UNIT_TESTS' is not defined, evaluates to 0 [-Wundef]
  421 | #if JUCE_UNIT_TESTS
      |     ^
In file included from /Users/larryseyer/AudioDevelopment/OTTO/Source/UI/Layout/BreakpointManager.cpp:1:
In file included from /Users/larryseyer/AudioDevelopment/OTTO/Source/UI/Layout/BreakpointManager.h:4:
In file included from /Users/larryseyer/AudioDevelopment/OTTO/Builds/MacOSX/CMake-Release/OTTO_artefacts/JuceLibraryCode/JuceHeader.h:14:
In file included from /Users/larryseyer/AudioDevelopment/OTTO/JUCE/modules/juce_audio_plugin_client/juce_audio_plugin_client.h:64:
In file included from /Users/larryseyer/AudioDevelopment/OTTO/JUCE/modules/juce_audio_basics/juce_audio_basics.h:106:
/Users/larryseyer/AudioDevelopment/OTTO/JUCE/modules/juce_audio_basics/utilities/juce_ADSR.h:155:66: warning: implicit conversion increases floating-point precision: 'float' to 'double' [-Wdouble-promotion]
  155 |                 releaseRate = (float) (envelopeVal / (parameters.release * sampleRate));
      |                                                       ~~~~~~~~~~~^~~~~~~ ~
/Users/larryseyer/AudioDevelopment/OTTO/JUCE/modules/juce_audio_basics/utilities/juce_ADSR.h:155:40: warning: implicit conversion increases floating-point precision: 'float' to 'double' [-Wdouble-promotion]
  155 |                 releaseRate = (float) (envelopeVal / (parameters.release * sampleRate));
      |                                        ^~~~~~~~~~~ ~
/Users/larryseyer/AudioDevelopment/OTTO/JUCE/modules/juce_audio_basics/utilities/juce_ADSR.h:266:64: warning: implicit conversion increases floating-point precision: 'float' to 'double' [-Wdouble-promotion]
  266 |             return timeInSeconds > 0.0f ? (float) (distance / (timeInSeconds * sr)) : -1.0f;
      |                                                                ^~~~~~~~~~~~~ ~
/Users/larryseyer/AudioDevelopment/OTTO/JUCE/modules/juce_audio_basics/utilities/juce_ADSR.h:266:52: warning: implicit conversion increases floating-point precision: 'float' to 'double' [-Wdouble-promotion]
  266 |             return timeInSeconds > 0.0f ? (float) (distance / (timeInSeconds * sr)) : -1.0f;
      |                                                    ^~~~~~~~ ~
In file included from /Users/larryseyer/AudioDevelopment/OTTO/Source/UI/Layout/BreakpointManager.cpp:1:
In file included from /Users/larryseyer/AudioDevelopment/OTTO/Source/UI/Layout/BreakpointManager.h:4:
In file included from /Users/larryseyer/AudioDevelopment/OTTO/Builds/MacOSX/CMake-Release/OTTO_artefacts/JuceLibraryCode/JuceHeader.h:14:
In file included from /Users/larryseyer/AudioDevelopment/OTTO/JUCE/modules/juce_audio_plugin_client/juce_audio_plugin_client.h:65:
In file included from /Users/larryseyer/AudioDevelopment/OTTO/JUCE/modules/juce_audio_processors/juce_audio_processors.h:67:
/Users/larryseyer/AudioDevelopment/OTTO/JUCE/modules/juce_gui_extra/juce_gui_extra.h:127:6: warning: 'JUCE_DEBUG' is not defined, evaluates to 0 [-Wundef]
  127 |  #if JUCE_DEBUG && ! (JUCE_IOS || JUCE_ANDROID)
      |      ^
In file included from /Users/larryseyer/AudioDevelopment/OTTO/Source/UI/Layout/BreakpointManager.cpp:1:
In file included from /Users/larryseyer/AudioDevelopment/OTTO/Source/UI/Layout/BreakpointManager.h:4:
In file included from /Users/larryseyer/AudioDevelopment/OTTO/Builds/MacOSX/CMake-Release/OTTO_artefacts/JuceLibraryCode/JuceHeader.h:14:
In file included from /Users/larryseyer/AudioDevelopment/OTTO/JUCE/modules/juce_audio_plugin_client/juce_audio_plugin_client.h:65:
In file included from /Users/larryseyer/AudioDevelopment/OTTO/JUCE/modules/juce_audio_processors/juce_audio_processors.h:67:
In file included from /Users/larryseyer/AudioDevelopment/OTTO/JUCE/modules/juce_gui_extra/juce_gui_extra.h:141:
/Users/larryseyer/AudioDevelopment/OTTO/JUCE/modules/juce_gui_extra/embedding/juce_ActiveXControlComponent.h:38:5: warning: 'JUCE_WINDOWS' is not defined, evaluates to 0 [-Wundef]
   38 | #if JUCE_WINDOWS || DOXYGEN
      |     ^
/Users/larryseyer/AudioDevelopment/OTTO/JUCE/modules/juce_gui_extra/embedding/juce_ActiveXControlComponent.h:38:21: warning: 'DOXYGEN' is not defined, evaluates to 0 [-Wundef]
   38 | #if JUCE_WINDOWS || DOXYGEN
      |                     ^
In file included from /Users/larryseyer/AudioDevelopment/OTTO/Source/UI/Layout/BreakpointManager.cpp:1:
In file included from /Users/larryseyer/AudioDevelopment/OTTO/Source/UI/Layout/BreakpointManager.h:4:
In file included from /Users/larryseyer/AudioDevelopment/OTTO/Builds/MacOSX/CMake-Release/OTTO_artefacts/JuceLibraryCode/JuceHeader.h:14:
In file included from /Users/larryseyer/AudioDevelopment/OTTO/JUCE/modules/juce_audio_plugin_client/juce_audio_plugin_client.h:65:
In file included from /Users/larryseyer/AudioDevelopment/OTTO/JUCE/modules/juce_audio_processors/juce_audio_processors.h:67:
In file included from /Users/larryseyer/AudioDevelopment/OTTO/JUCE/modules/juce_gui_extra/juce_gui_extra.h:142:
/Users/larryseyer/AudioDevelopment/OTTO/JUCE/modules/juce_gui_extra/embedding/juce_AndroidViewComponent.h:38:5: warning: 'JUCE_ANDROID' is not defined, evaluates to 0 [-Wundef]
   38 | #if JUCE_ANDROID || DOXYGEN
      |     ^
/Users/larryseyer/AudioDevelopment/OTTO/JUCE/modules/juce_gui_extra/embedding/juce_AndroidViewComponent.h:38:21: warning: 'DOXYGEN' is not defined, evaluates to 0 [-Wundef]
   38 | #if JUCE_ANDROID || DOXYGEN
      |                     ^
In file included from /Users/larryseyer/AudioDevelopment/OTTO/Source/UI/Layout/BreakpointManager.cpp:1:
In file included from /Users/larryseyer/AudioDevelopment/OTTO/Source/UI/Layout/BreakpointManager.h:4:
In file included from /Users/larryseyer/AudioDevelopment/OTTO/Builds/MacOSX/CMake-Release/OTTO_artefacts/JuceLibraryCode/JuceHeader.h:14:
In file included from /Users/larryseyer/AudioDevelopment/OTTO/JUCE/modules/juce_audio_plugin_client/juce_audio_plugin_client.h:65:
In file included from /Users/larryseyer/AudioDevelopment/OTTO/JUCE/modules/juce_audio_processors/juce_audio_processors.h:67:
In file included from /Users/larryseyer/AudioDevelopment/OTTO/JUCE/modules/juce_gui_extra/juce_gui_extra.h:144:
/Users/larryseyer/AudioDevelopment/OTTO/JUCE/modules/juce_gui_extra/embedding/juce_UIViewComponent.h:38:5: warning: 'JUCE_IOS' is not defined, evaluates to 0 [-Wundef]
   38 | #if JUCE_IOS || DOXYGEN
      |     ^
/Users/larryseyer/AudioDevelopment/OTTO/JUCE/modules/juce_gui_extra/embedding/juce_UIViewComponent.h:38:17: warning: 'DOXYGEN' is not defined, evaluates to 0 [-Wundef]
   38 | #if JUCE_IOS || DOXYGEN
      |                 ^
In file included from /Users/larryseyer/AudioDevelopment/OTTO/Source/UI/Layout/BreakpointManager.cpp:1:
In file included from /Users/larryseyer/AudioDevelopment/OTTO/Source/UI/Layout/BreakpointManager.h:4:
In file included from /Users/larryseyer/AudioDevelopment/OTTO/Builds/MacOSX/CMake-Release/OTTO_artefacts/JuceLibraryCode/JuceHeader.h:14:
In file included from /Users/larryseyer/AudioDevelopment/OTTO/JUCE/modules/juce_audio_plugin_client/juce_audio_plugin_client.h:65:
In file included from /Users/larryseyer/AudioDevelopment/OTTO/JUCE/modules/juce_audio_processors/juce_audio_processors.h:67:
In file included from /Users/larryseyer/AudioDevelopment/OTTO/JUCE/modules/juce_gui_extra/juce_gui_extra.h:145:
/Users/larryseyer/AudioDevelopment/OTTO/JUCE/modules/juce_gui_extra/embedding/juce_XEmbedComponent.h:43:5: warning: 'JUCE_LINUX' is not defined, evaluates to 0 [-Wundef]
   43 | #if JUCE_LINUX || JUCE_BSD || DOXYGEN
      |     ^
/Users/larryseyer/AudioDevelopment/OTTO/JUCE/modules/juce_gui_extra/embedding/juce_XEmbedComponent.h:43:19: warning: 'JUCE_BSD' is not defined, evaluates to 0 [-Wundef]
   43 | #if JUCE_LINUX || JUCE_BSD || DOXYGEN
      |                   ^
/Users/larryseyer/AudioDevelopment/OTTO/JUCE/modules/juce_gui_extra/embedding/juce_XEmbedComponent.h:43:31: warning: 'DOXYGEN' is not defined, evaluates to 0 [-Wundef]
   43 | #if JUCE_LINUX || JUCE_BSD || DOXYGEN
      |                               ^
In file included from /Users/larryseyer/AudioDevelopment/OTTO/Source/UI/Layout/BreakpointManager.cpp:1:
In file included from /Users/larryseyer/AudioDevelopment/OTTO/Source/UI/Layout/BreakpointManager.h:4:
In file included from /Users/larryseyer/AudioDevelopment/OTTO/Builds/MacOSX/CMake-Release/OTTO_artefacts/JuceLibraryCode/JuceHeader.h:14:
In file included from /Users/larryseyer/AudioDevelopment/OTTO/JUCE/modules/juce_audio_plugin_client/juce_audio_plugin_client.h:65:
In file included from /Users/larryseyer/AudioDevelopment/OTTO/JUCE/modules/juce_audio_processors/juce_audio_processors.h:67:
In file included from /Users/larryseyer/AudioDevelopment/OTTO/JUCE/modules/juce_gui_extra/juce_gui_extra.h:146:
/Users/larryseyer/AudioDevelopment/OTTO/JUCE/modules/juce_gui_extra/embedding/juce_HWNDComponent.h:38:5: warning: 'JUCE_WINDOWS' is not defined, evaluates to 0 [-Wundef]
   38 | #if JUCE_WINDOWS || DOXYGEN
      |     ^
/Users/larryseyer/AudioDevelopment/OTTO/JUCE/modules/juce_gui_extra/embedding/juce_HWNDComponent.h:38:21: warning: 'DOXYGEN' is not defined, evaluates to 0 [-Wundef]
   38 | #if JUCE_WINDOWS || DOXYGEN
      |                     ^
In file included from /Users/larryseyer/AudioDevelopment/OTTO/Source/UI/Layout/BreakpointManager.cpp:1:
In file included from /Users/larryseyer/AudioDevelopment/OTTO/Source/UI/Layout/BreakpointManager.h:4:
In file included from /Users/larryseyer/AudioDevelopment/OTTO/Builds/MacOSX/CMake-Release/OTTO_artefacts/JuceLibraryCode/JuceHeader.h:14:
In file included from /Users/larryseyer/AudioDevelopment/OTTO/JUCE/modules/juce_audio_plugin_client/juce_audio_plugin_client.h:65:
In file included from /Users/larryseyer/AudioDevelopment/OTTO/JUCE/modules/juce_audio_processors/juce_audio_processors.h:67:
In file included from /Users/larryseyer/AudioDevelopment/OTTO/JUCE/modules/juce_gui_extra/juce_gui_extra.h:152:
/Users/larryseyer/AudioDevelopment/OTTO/JUCE/modules/juce_gui_extra/misc/juce_PushNotifications.h:699:8: warning: 'JUCE_ANDROID' is not defined, evaluates to 0 [-Wundef]
  699 |    #if JUCE_ANDROID
      |        ^
In file included from /Users/larryseyer/AudioDevelopment/OTTO/Source/UI/Layout/BreakpointManager.cpp:1:
In file included from /Users/larryseyer/AudioDevelopment/OTTO/Source/UI/Layout/BreakpointManager.h:4:
In file included from /Users/larryseyer/AudioDevelopment/OTTO/Builds/MacOSX/CMake-Release/OTTO_artefacts/JuceLibraryCode/JuceHeader.h:14:
In file included from /Users/larryseyer/AudioDevelopment/OTTO/JUCE/modules/juce_audio_plugin_client/juce_audio_plugin_client.h:65:
In file included from /Users/larryseyer/AudioDevelopment/OTTO/JUCE/modules/juce_audio_processors/juce_audio_processors.h:67:
In file included from /Users/larryseyer/AudioDevelopment/OTTO/JUCE/modules/juce_gui_extra/juce_gui_extra.h:155:
/Users/larryseyer/AudioDevelopment/OTTO/JUCE/modules/juce_gui_extra/misc/juce_SystemTrayIconComponent.h:38:5: warning: 'JUCE_WINDOWS' is not defined, evaluates to 0 [-Wundef]
   38 | #if JUCE_WINDOWS || JUCE_LINUX || JUCE_BSD || JUCE_MAC || DOXYGEN
      |     ^
/Users/larryseyer/AudioDevelopment/OTTO/JUCE/modules/juce_gui_extra/misc/juce_SystemTrayIconComponent.h:38:21: warning: 'JUCE_LINUX' is not defined, evaluates to 0 [-Wundef]
   38 | #if JUCE_WINDOWS || JUCE_LINUX || JUCE_BSD || JUCE_MAC || DOXYGEN
      |                     ^
/Users/larryseyer/AudioDevelopment/OTTO/JUCE/modules/juce_gui_extra/misc/juce_SystemTrayIconComponent.h:38:35: warning: 'JUCE_BSD' is not defined, evaluates to 0 [-Wundef]
   38 | #if JUCE_WINDOWS || JUCE_LINUX || JUCE_BSD || JUCE_MAC || DOXYGEN
      |                                   ^
/Users/larryseyer/AudioDevelopment/OTTO/JUCE/modules/juce_gui_extra/misc/juce_SystemTrayIconComponent.h:102:8: warning: 'JUCE_LINUX' is not defined, evaluates to 0 [-Wundef]
  102 |    #if JUCE_LINUX || JUCE_BSD
      |        ^
/Users/larryseyer/AudioDevelopment/OTTO/JUCE/modules/juce_gui_extra/misc/juce_SystemTrayIconComponent.h:102:22: warning: 'JUCE_BSD' is not defined, evaluates to 0 [-Wundef]
  102 |    #if JUCE_LINUX || JUCE_BSD
      |                      ^
In file included from /Users/larryseyer/AudioDevelopment/OTTO/Source/UI/Layout/BreakpointManager.cpp:1:
In file included from /Users/larryseyer/AudioDevelopment/OTTO/Source/UI/Layout/BreakpointManager.h:4:
In file included from /Users/larryseyer/AudioDevelopment/OTTO/Builds/MacOSX/CMake-Release/OTTO_artefacts/JuceLibraryCode/JuceHeader.h:14:
In file included from /Users/larryseyer/AudioDevelopment/OTTO/JUCE/modules/juce_audio_plugin_client/juce_audio_plugin_client.h:65:
In file included from /Users/larryseyer/AudioDevelopment/OTTO/JUCE/modules/juce_audio_processors/juce_audio_processors.h:67:
In file included from /Users/larryseyer/AudioDevelopment/OTTO/JUCE/modules/juce_gui_extra/juce_gui_extra.h:156:
/Users/larryseyer/AudioDevelopment/OTTO/JUCE/modules/juce_gui_extra/misc/juce_WebBrowserComponent.h:38:25: warning: 'DOXYGEN' is not defined, evaluates to 0 [-Wundef]
   38 | #if JUCE_WEB_BROWSER || DOXYGEN
      |                         ^
In file included from /Users/larryseyer/AudioDevelopment/OTTO/Source/UI/Layout/BreakpointManager.cpp:1:
In file included from /Users/larryseyer/AudioDevelopment/OTTO/Source/UI/Layout/BreakpointManager.h:4:
In file included from /Users/larryseyer/AudioDevelopment/OTTO/Builds/MacOSX/CMake-Release/OTTO_artefacts/JuceLibraryCode/JuceHeader.h:14:
In file included from /Users/larryseyer/AudioDevelopment/OTTO/JUCE/modules/juce_audio_plugin_client/juce_audio_plugin_client.h:65:
In file included from /Users/larryseyer/AudioDevelopment/OTTO/JUCE/modules/juce_audio_processors/juce_audio_processors.h:67:
In file included from /Users/larryseyer/AudioDevelopment/OTTO/JUCE/modules/juce_gui_extra/juce_gui_extra.h:157:
/Users/larryseyer/AudioDevelopment/OTTO/JUCE/modules/juce_gui_extra/misc/juce_LiveConstantEditor.h:35:5: warning: 'JUCE_ENABLE_LIVE_CONSTANT_EDITOR' is not defined, evaluates to 0 [-Wundef]
   35 | #if JUCE_ENABLE_LIVE_CONSTANT_EDITOR && ! defined (DOXYGEN)
      |     ^
/Users/larryseyer/AudioDevelopment/OTTO/JUCE/modules/juce_gui_extra/misc/juce_LiveConstantEditor.h:258:5: warning: 'JUCE_ENABLE_LIVE_CONSTANT_EDITOR' is not defined, evaluates to 0 [-Wundef]
  258 | #if JUCE_ENABLE_LIVE_CONSTANT_EDITOR || DOXYGEN
      |     ^
/Users/larryseyer/AudioDevelopment/OTTO/JUCE/modules/juce_gui_extra/misc/juce_LiveConstantEditor.h:258:41: warning: 'DOXYGEN' is not defined, evaluates to 0 [-Wundef]
  258 | #if JUCE_ENABLE_LIVE_CONSTANT_EDITOR || DOXYGEN
      |                                         ^
In file included from /Users/larryseyer/AudioDevelopment/OTTO/Source/UI/Layout/BreakpointManager.cpp:1:
In file included from /Users/larryseyer/AudioDevelopment/OTTO/Source/UI/Layout/BreakpointManager.h:4:
In file included from /Users/larryseyer/AudioDevelopment/OTTO/Builds/MacOSX/CMake-Release/OTTO_artefacts/JuceLibraryCode/JuceHeader.h:14:
In file included from /Users/larryseyer/AudioDevelopment/OTTO/JUCE/modules/juce_audio_plugin_client/juce_audio_plugin_client.h:65:
In file included from /Users/larryseyer/AudioDevelopment/OTTO/JUCE/modules/juce_audio_processors/juce_audio_processors.h:67:
In file included from /Users/larryseyer/AudioDevelopment/OTTO/JUCE/modules/juce_gui_extra/juce_gui_extra.h:159:
/Users/larryseyer/AudioDevelopment/OTTO/JUCE/modules/juce_gui_extra/detail/juce_WebControlRelayEvents.h:38:25: warning: 'DOXYGEN' is not defined, evaluates to 0 [-Wundef]
   38 | #if JUCE_WEB_BROWSER || DOXYGEN
      |                         ^
In file included from /Users/larryseyer/AudioDevelopment/OTTO/Source/UI/Layout/BreakpointManager.cpp:1:
In file included from /Users/larryseyer/AudioDevelopment/OTTO/Source/UI/Layout/BreakpointManager.h:4:
In file included from /Users/larryseyer/AudioDevelopment/OTTO/Builds/MacOSX/CMake-Release/OTTO_artefacts/JuceLibraryCode/JuceHeader.h:14:
In file included from /Users/larryseyer/AudioDevelopment/OTTO/JUCE/modules/juce_audio_plugin_client/juce_audio_plugin_client.h:65:
In file included from /Users/larryseyer/AudioDevelopment/OTTO/JUCE/modules/juce_audio_processors/juce_audio_processors.h:67:
In file included from /Users/larryseyer/AudioDevelopment/OTTO/JUCE/modules/juce_gui_extra/juce_gui_extra.h:160:
/Users/larryseyer/AudioDevelopment/OTTO/JUCE/modules/juce_gui_extra/misc/juce_WebControlRelays.h:38:25: warning: 'DOXYGEN' is not defined, evaluates to 0 [-Wundef]
   38 | #if JUCE_WEB_BROWSER || DOXYGEN
      |                         ^
In file included from /Users/larryseyer/AudioDevelopment/OTTO/Source/UI/Layout/BreakpointManager.cpp:1:
In file included from /Users/larryseyer/AudioDevelopment/OTTO/Source/UI/Layout/BreakpointManager.h:4:
In file included from /Users/larryseyer/AudioDevelopment/OTTO/Builds/MacOSX/CMake-Release/OTTO_artefacts/JuceLibraryCode/JuceHeader.h:14:
In file included from /Users/larryseyer/AudioDevelopment/OTTO/JUCE/modules/juce_audio_plugin_client/juce_audio_plugin_client.h:65:
In file included from /Users/larryseyer/AudioDevelopment/OTTO/JUCE/modules/juce_audio_processors/juce_audio_processors.h:67:
In file included from /Users/larryseyer/AudioDevelopment/OTTO/JUCE/modules/juce_gui_extra/juce_gui_extra.h:161:
/Users/larryseyer/AudioDevelopment/OTTO/JUCE/modules/juce_gui_extra/misc/juce_WebControlParameterIndexReceiver.h:38:25: warning: 'DOXYGEN' is not defined, evaluates to 0 [-Wundef]
   38 | #if JUCE_WEB_BROWSER || DOXYGEN
      |                         ^
In file included from /Users/larryseyer/AudioDevelopment/OTTO/Source/UI/Layout/BreakpointManager.cpp:1:
In file included from /Users/larryseyer/AudioDevelopment/OTTO/Source/UI/Layout/BreakpointManager.h:4:
In file included from /Users/larryseyer/AudioDevelopment/OTTO/Builds/MacOSX/CMake-Release/OTTO_artefacts/JuceLibraryCode/JuceHeader.h:14:
In file included from /Users/larryseyer/AudioDevelopment/OTTO/JUCE/modules/juce_audio_plugin_client/juce_audio_plugin_client.h:65:
In file included from /Users/larryseyer/AudioDevelopment/OTTO/JUCE/modules/juce_audio_processors/juce_audio_processors.h:148:
/Users/larryseyer/AudioDevelopment/OTTO/JUCE/modules/juce_audio_processors/processors/juce_AudioProcessorParameter.h:363:8: warning: 'JUCE_DEBUG' is not defined, evaluates to 0 [-Wundef]
  363 |    #if JUCE_DEBUG
      |        ^
In file included from /Users/larryseyer/AudioDevelopment/OTTO/Source/UI/Layout/BreakpointManager.cpp:1:
In file included from /Users/larryseyer/AudioDevelopment/OTTO/Source/UI/Layout/BreakpointManager.h:4:
In file included from /Users/larryseyer/AudioDevelopment/OTTO/Builds/MacOSX/CMake-Release/OTTO_artefacts/JuceLibraryCode/JuceHeader.h:14:
In file included from /Users/larryseyer/AudioDevelopment/OTTO/JUCE/modules/juce_audio_plugin_client/juce_audio_plugin_client.h:65:
In file included from /Users/larryseyer/AudioDevelopment/OTTO/JUCE/modules/juce_audio_processors/juce_audio_processors.h:154:
/Users/larryseyer/AudioDevelopment/OTTO/JUCE/modules/juce_audio_processors/processors/juce_AudioProcessor.h:1599:7: warning: 'JUCE_DEBUG' is not defined, evaluates to 0 [-Wundef]
 1599 |   #if JUCE_DEBUG
      |       ^
In file included from /Users/larryseyer/AudioDevelopment/OTTO/Source/UI/Layout/BreakpointManager.cpp:1:
In file included from /Users/larryseyer/AudioDevelopment/OTTO/Source/UI/Layout/BreakpointManager.h:4:
In file included from /Users/larryseyer/AudioDevelopment/OTTO/Builds/MacOSX/CMake-Release/OTTO_artefacts/JuceLibraryCode/JuceHeader.h:14:
In file included from /Users/larryseyer/AudioDevelopment/OTTO/JUCE/modules/juce_audio_plugin_client/juce_audio_plugin_client.h:65:
In file included from /Users/larryseyer/AudioDevelopment/OTTO/JUCE/modules/juce_audio_processors/juce_audio_processors.h:162:
/Users/larryseyer/AudioDevelopment/OTTO/JUCE/modules/juce_audio_processors/format_types/juce_AudioUnitPluginFormat.h:38:55: warning: 'DOXYGEN' is not defined, evaluates to 0 [-Wundef]
   38 | #if (JUCE_PLUGINHOST_AU && (JUCE_MAC || JUCE_IOS)) || DOXYGEN
      |                                                       ^
In file included from /Users/larryseyer/AudioDevelopment/OTTO/Source/UI/Layout/BreakpointManager.cpp:1:
In file included from /Users/larryseyer/AudioDevelopment/OTTO/Source/UI/Layout/BreakpointManager.h:4:
In file included from /Users/larryseyer/AudioDevelopment/OTTO/Builds/MacOSX/CMake-Release/OTTO_artefacts/JuceLibraryCode/JuceHeader.h:14:
In file included from /Users/larryseyer/AudioDevelopment/OTTO/JUCE/modules/juce_audio_plugin_client/juce_audio_plugin_client.h:65:
In file included from /Users/larryseyer/AudioDevelopment/OTTO/JUCE/modules/juce_audio_processors/juce_audio_processors.h:163:
/Users/larryseyer/AudioDevelopment/OTTO/JUCE/modules/juce_audio_processors/format_types/juce_LADSPAPluginFormat.h:38:61: warning: 'DOXYGEN' is not defined, evaluates to 0 [-Wundef]
   38 | #if (JUCE_PLUGINHOST_LADSPA && (JUCE_LINUX || JUCE_BSD)) || DOXYGEN
      |                                                             ^
In file included from /Users/larryseyer/AudioDevelopment/OTTO/Source/UI/Layout/BreakpointManager.cpp:1:
In file included from /Users/larryseyer/AudioDevelopment/OTTO/Source/UI/Layout/BreakpointManager.h:4:
In file included from /Users/larryseyer/AudioDevelopment/OTTO/Builds/MacOSX/CMake-Release/OTTO_artefacts/JuceLibraryCode/JuceHeader.h:14:
In file included from /Users/larryseyer/AudioDevelopment/OTTO/JUCE/modules/juce_audio_plugin_client/juce_audio_plugin_client.h:65:
In file included from /Users/larryseyer/AudioDevelopment/OTTO/JUCE/modules/juce_audio_processors/juce_audio_processors.h:164:
/Users/larryseyer/AudioDevelopment/OTTO/JUCE/modules/juce_audio_processors/format_types/juce_LV2PluginFormat.h:38:64: warning: 'DOXYGEN' is not defined, evaluates to 0 [-Wundef]
   38 | #if (JUCE_PLUGINHOST_LV2 && (! (JUCE_ANDROID || JUCE_IOS))) || DOXYGEN
      |                                                                ^
In file included from /Users/larryseyer/AudioDevelopment/OTTO/Source/UI/Layout/BreakpointManager.cpp:1:
In file included from /Users/larryseyer/AudioDevelopment/OTTO/Source/UI/Layout/BreakpointManager.h:4:
In file included from /Users/larryseyer/AudioDevelopment/OTTO/Builds/MacOSX/CMake-Release/OTTO_artefacts/JuceLibraryCode/JuceHeader.h:14:
In file included from /Users/larryseyer/AudioDevelopment/OTTO/JUCE/modules/juce_audio_plugin_client/juce_audio_plugin_client.h:65:
In file included from /Users/larryseyer/AudioDevelopment/OTTO/JUCE/modules/juce_audio_processors/juce_audio_processors.h:165:
/Users/larryseyer/AudioDevelopment/OTTO/JUCE/modules/juce_audio_processors/format_types/juce_VST3PluginFormat.h:38:87: warning: 'DOXYGEN' is not defined, evaluates to 0 [-Wundef]
   38 | #if (JUCE_PLUGINHOST_VST3 && (JUCE_MAC || JUCE_WINDOWS || JUCE_LINUX || JUCE_BSD)) || DOXYGEN
      |                                                                                       ^
In file included from /Users/larryseyer/AudioDevelopment/OTTO/Source/UI/Layout/BreakpointManager.cpp:1:
In file included from /Users/larryseyer/AudioDevelopment/OTTO/Source/UI/Layout/BreakpointManager.h:4:
In file included from /Users/larryseyer/AudioDevelopment/OTTO/Builds/MacOSX/CMake-Release/OTTO_artefacts/JuceLibraryCode/JuceHeader.h:14:
In file included from /Users/larryseyer/AudioDevelopment/OTTO/JUCE/modules/juce_audio_plugin_client/juce_audio_plugin_client.h:65:
In file included from /Users/larryseyer/AudioDevelopment/OTTO/JUCE/modules/juce_audio_processors/juce_audio_processors.h:167:
/Users/larryseyer/AudioDevelopment/OTTO/JUCE/modules/juce_audio_processors/format_types/juce_VSTPluginFormat.h:35:29: warning: 'DOXYGEN' is not defined, evaluates to 0 [-Wundef]
   35 | #if (JUCE_PLUGINHOST_VST || DOXYGEN)
      |                             ^
In file included from /Users/larryseyer/AudioDevelopment/OTTO/Source/UI/Layout/BreakpointManager.cpp:1:
In file included from /Users/larryseyer/AudioDevelopment/OTTO/Source/UI/Layout/BreakpointManager.h:4:
In file included from /Users/larryseyer/AudioDevelopment/OTTO/Builds/MacOSX/CMake-Release/OTTO_artefacts/JuceLibraryCode/JuceHeader.h:14:
In file included from /Users/larryseyer/AudioDevelopment/OTTO/JUCE/modules/juce_audio_plugin_client/juce_audio_plugin_client.h:65:
In file included from /Users/larryseyer/AudioDevelopment/OTTO/JUCE/modules/juce_audio_processors/juce_audio_processors.h:168:
/Users/larryseyer/AudioDevelopment/OTTO/JUCE/modules/juce_audio_processors/format_types/juce_ARAHosting.h:37:122: warning: 'DOXYGEN' is not defined, evaluates to 0 [-Wundef]
   37 | #if (JUCE_PLUGINHOST_ARA && (JUCE_PLUGINHOST_VST3 || JUCE_PLUGINHOST_AU) && (JUCE_MAC || JUCE_WINDOWS || JUCE_LINUX)) || DOXYGEN
      |                                                                                                                          ^
In file included from /Users/larryseyer/AudioDevelopment/OTTO/Source/UI/Layout/BreakpointManager.cpp:1:
In file included from /Users/larryseyer/AudioDevelopment/OTTO/Source/UI/Layout/BreakpointManager.h:4:
In file included from /Users/larryseyer/AudioDevelopment/OTTO/Builds/MacOSX/CMake-Release/OTTO_artefacts/JuceLibraryCode/JuceHeader.h:14:
In file included from /Users/larryseyer/AudioDevelopment/OTTO/JUCE/modules/juce_audio_plugin_client/juce_audio_plugin_client.h:65:
In file included from /Users/larryseyer/AudioDevelopment/OTTO/JUCE/modules/juce_audio_processors/juce_audio_processors.h:177:
/Users/larryseyer/AudioDevelopment/OTTO/JUCE/modules/juce_audio_processors/utilities/juce_ParameterAttachments.h:260:25: warning: 'DOXYGEN' is not defined, evaluates to 0 [-Wundef]
  260 | #if JUCE_WEB_BROWSER || DOXYGEN
      |                         ^
In file included from /Users/larryseyer/AudioDevelopment/OTTO/Source/UI/Layout/BreakpointManager.cpp:1:
In file included from /Users/larryseyer/AudioDevelopment/OTTO/Source/UI/Layout/BreakpointManager.h:4:
In file included from /Users/larryseyer/AudioDevelopment/OTTO/Builds/MacOSX/CMake-Release/OTTO_artefacts/JuceLibraryCode/JuceHeader.h:14:
In file included from /Users/larryseyer/AudioDevelopment/OTTO/JUCE/modules/juce_audio_plugin_client/juce_audio_plugin_client.h:65:
In file included from /Users/larryseyer/AudioDevelopment/OTTO/JUCE/modules/juce_audio_processors/juce_audio_processors.h:178:
/Users/larryseyer/AudioDevelopment/OTTO/JUCE/modules/juce_audio_processors/utilities/juce_AudioProcessorValueTreeState.h:639:8: warning: 'JUCE_UNIT_TESTS' is not defined, evaluates to 0 [-Wundef]
  639 |    #if JUCE_UNIT_TESTS
      |        ^
In file included from /Users/larryseyer/AudioDevelopment/OTTO/Source/UI/Layout/BreakpointManager.cpp:1:
In file included from /Users/larryseyer/AudioDevelopment/OTTO/Source/UI/Layout/BreakpointManager.h:4:
In file included from /Users/larryseyer/AudioDevelopment/OTTO/Builds/MacOSX/CMake-Release/OTTO_artefacts/JuceLibraryCode/JuceHeader.h:23:
In file included from /Users/larryseyer/AudioDevelopment/OTTO/JUCE/modules/juce_audio_devices/juce_audio_devices.h:174:
/Users/larryseyer/AudioDevelopment/OTTO/JUCE/modules/juce_audio_devices/midi_io/juce_MidiDevices.h:205:8: warning: 'JUCE_LINUX' is not defined, evaluates to 0 [-Wundef]
  205 |    #if JUCE_LINUX || JUCE_BSD || JUCE_MAC || JUCE_IOS || DOXYGEN
      |        ^
/Users/larryseyer/AudioDevelopment/OTTO/JUCE/modules/juce_audio_devices/midi_io/juce_MidiDevices.h:205:22: warning: 'JUCE_BSD' is not defined, evaluates to 0 [-Wundef]
  205 |    #if JUCE_LINUX || JUCE_BSD || JUCE_MAC || JUCE_IOS || DOXYGEN
      |                      ^
/Users/larryseyer/AudioDevelopment/OTTO/JUCE/modules/juce_audio_devices/midi_io/juce_MidiDevices.h:364:8: warning: 'JUCE_LINUX' is not defined, evaluates to 0 [-Wundef]
  364 |    #if JUCE_LINUX || JUCE_BSD || JUCE_MAC || JUCE_IOS || DOXYGEN
      |        ^
/Users/larryseyer/AudioDevelopment/OTTO/JUCE/modules/juce_audio_devices/midi_io/juce_MidiDevices.h:364:22: warning: 'JUCE_BSD' is not defined, evaluates to 0 [-Wundef]
  364 |    #if JUCE_LINUX || JUCE_BSD || JUCE_MAC || JUCE_IOS || DOXYGEN
      |                      ^
In file included from /Users/larryseyer/AudioDevelopment/OTTO/Source/UI/Layout/BreakpointManager.cpp:1:
In file included from /Users/larryseyer/AudioDevelopment/OTTO/Source/UI/Layout/BreakpointManager.h:4:
In file included from /Users/larryseyer/AudioDevelopment/OTTO/Builds/MacOSX/CMake-Release/OTTO_artefacts/JuceLibraryCode/JuceHeader.h:23:
In file included from /Users/larryseyer/AudioDevelopment/OTTO/JUCE/modules/juce_audio_devices/juce_audio_devices.h:175:
/Users/larryseyer/AudioDevelopment/OTTO/JUCE/modules/juce_audio_devices/midi_io/juce_MidiMessageCollector.h:118:8: warning: 'JUCE_DEBUG' is not defined, evaluates to 0 [-Wundef]
  118 |    #if JUCE_DEBUG
      |        ^
In file included from /Users/larryseyer/AudioDevelopment/OTTO/Source/UI/Layout/BreakpointManager.cpp:1:
In file included from /Users/larryseyer/AudioDevelopment/OTTO/Source/UI/Layout/BreakpointManager.h:4:
In file included from /Users/larryseyer/AudioDevelopment/OTTO/Builds/MacOSX/CMake-Release/OTTO_artefacts/JuceLibraryCode/JuceHeader.h:23:
/Users/larryseyer/AudioDevelopment/OTTO/JUCE/modules/juce_audio_devices/juce_audio_devices.h:199:5: warning: 'JUCE_IOS' is not defined, evaluates to 0 [-Wundef]
  199 | #if JUCE_IOS
      |     ^
In file included from /Users/larryseyer/AudioDevelopment/OTTO/Source/UI/Layout/BreakpointManager.cpp:1:
In file included from /Users/larryseyer/AudioDevelopment/OTTO/Source/UI/Layout/BreakpointManager.h:4:
In file included from /Users/larryseyer/AudioDevelopment/OTTO/Builds/MacOSX/CMake-Release/OTTO_artefacts/JuceLibraryCode/JuceHeader.h:24:
/Users/larryseyer/AudioDevelopment/OTTO/JUCE/modules/juce_audio_formats/juce_audio_formats.h:117:7: warning: 'JUCE_WINDOWS' is not defined, evaluates to 0 [-Wundef]
  117 | #if ! JUCE_WINDOWS
      |       ^
In file included from /Users/larryseyer/AudioDevelopment/OTTO/Source/UI/Layout/BreakpointManager.cpp:1:
In file included from /Users/larryseyer/AudioDevelopment/OTTO/Source/UI/Layout/BreakpointManager.h:4:
In file included from /Users/larryseyer/AudioDevelopment/OTTO/Builds/MacOSX/CMake-Release/OTTO_artefacts/JuceLibraryCode/JuceHeader.h:24:
In file included from /Users/larryseyer/AudioDevelopment/OTTO/JUCE/modules/juce_audio_formats/juce_audio_formats.h:134:
/Users/larryseyer/AudioDevelopment/OTTO/JUCE/modules/juce_audio_formats/codecs/juce_LAMEEncoderAudioFormat.h:38:35: warning: 'DOXYGEN' is not defined, evaluates to 0 [-Wundef]
   38 | #if JUCE_USE_LAME_AUDIO_FORMAT || DOXYGEN
      |                                   ^
In file included from /Users/larryseyer/AudioDevelopment/OTTO/Source/UI/Layout/BreakpointManager.cpp:1:
In file included from /Users/larryseyer/AudioDevelopment/OTTO/Source/UI/Layout/BreakpointManager.h:4:
In file included from /Users/larryseyer/AudioDevelopment/OTTO/Builds/MacOSX/CMake-Release/OTTO_artefacts/JuceLibraryCode/JuceHeader.h:24:
In file included from /Users/larryseyer/AudioDevelopment/OTTO/JUCE/modules/juce_audio_formats/juce_audio_formats.h:135:
/Users/larryseyer/AudioDevelopment/OTTO/JUCE/modules/juce_audio_formats/codecs/juce_MP3AudioFormat.h:38:32: warning: 'DOXYGEN' is not defined, evaluates to 0 [-Wundef]
   38 | #if JUCE_USE_MP3AUDIOFORMAT || DOXYGEN
      |                                ^
In file included from /Users/larryseyer/AudioDevelopment/OTTO/Source/UI/Layout/BreakpointManager.cpp:1:
In file included from /Users/larryseyer/AudioDevelopment/OTTO/Source/UI/Layout/BreakpointManager.h:4:
In file included from /Users/larryseyer/AudioDevelopment/OTTO/Builds/MacOSX/CMake-Release/OTTO_artefacts/JuceLibraryCode/JuceHeader.h:24:
In file included from /Users/larryseyer/AudioDevelopment/OTTO/JUCE/modules/juce_audio_formats/juce_audio_formats.h:138:
/Users/larryseyer/AudioDevelopment/OTTO/JUCE/modules/juce_audio_formats/codecs/juce_WindowsMediaAudioFormat.h:38:5: warning: 'JUCE_WINDOWS' is not defined, evaluates to 0 [-Wundef]
   38 | #if JUCE_WINDOWS || DOXYGEN
      |     ^
/Users/larryseyer/AudioDevelopment/OTTO/JUCE/modules/juce_audio_formats/codecs/juce_WindowsMediaAudioFormat.h:38:21: warning: 'DOXYGEN' is not defined, evaluates to 0 [-Wundef]
   38 | #if JUCE_WINDOWS || DOXYGEN
      |                     ^
In file included from /Users/larryseyer/AudioDevelopment/OTTO/Source/UI/Layout/BreakpointManager.cpp:1:
In file included from /Users/larryseyer/AudioDevelopment/OTTO/Source/UI/Layout/BreakpointManager.h:4:
In file included from /Users/larryseyer/AudioDevelopment/OTTO/Builds/MacOSX/CMake-Release/OTTO_artefacts/JuceLibraryCode/JuceHeader.h:25:
In file included from /Users/larryseyer/AudioDevelopment/OTTO/JUCE/modules/juce_audio_utils/juce_audio_utils.h:99:
/Users/larryseyer/AudioDevelopment/OTTO/JUCE/modules/juce_audio_utils/audio_cd/juce_AudioCDBurner.h:38:26: warning: 'DOXYGEN' is not defined, evaluates to 0 [-Wundef]
   38 | #if JUCE_USE_CDBURNER || DOXYGEN
      |                          ^
In file included from /Users/larryseyer/AudioDevelopment/OTTO/Source/UI/Layout/BreakpointManager.cpp:1:
In file included from /Users/larryseyer/AudioDevelopment/OTTO/Source/UI/Layout/BreakpointManager.h:4:
In file included from /Users/larryseyer/AudioDevelopment/OTTO/Builds/MacOSX/CMake-Release/OTTO_artefacts/JuceLibraryCode/JuceHeader.h:25:
In file included from /Users/larryseyer/AudioDevelopment/OTTO/JUCE/modules/juce_audio_utils/juce_audio_utils.h:100:
/Users/larryseyer/AudioDevelopment/OTTO/JUCE/modules/juce_audio_utils/audio_cd/juce_AudioCDReader.h:38:26: warning: 'DOXYGEN' is not defined, evaluates to 0 [-Wundef]
   38 | #if JUCE_USE_CDREADER || DOXYGEN
      |                          ^
In file included from /Users/larryseyer/AudioDevelopment/OTTO/Source/UI/Layout/BreakpointManager.cpp:1:
In file included from /Users/larryseyer/AudioDevelopment/OTTO/Source/UI/Layout/BreakpointManager.h:4:
In file included from /Users/larryseyer/AudioDevelopment/OTTO/Builds/MacOSX/CMake-Release/OTTO_artefacts/JuceLibraryCode/JuceHeader.h:26:
/Users/larryseyer/AudioDevelopment/OTTO/JUCE/modules/juce_dsp/juce_dsp.h:69:5: warning: 'JUCE_INTEL' is not defined, evaluates to 0 [-Wundef]
   69 | #if JUCE_INTEL
      |     ^
/Users/larryseyer/AudioDevelopment/OTTO/JUCE/modules/juce_dsp/juce_dsp.h:95:20: warning: 'JUCE_WINDOWS' is not defined, evaluates to 0 [-Wundef]
   95 |  #if JUCE_64BIT && JUCE_WINDOWS
      |                    ^
/Users/larryseyer/AudioDevelopment/OTTO/JUCE/modules/juce_dsp/juce_dsp.h:113:6: warning: '_MSC_VER' is not defined, evaluates to 0 [-Wundef]
  113 |  #if _MSC_VER && JUCE_USE_SIMD && ! (defined (_M_X64) || defined (__amd64__))
      |      ^
/Users/larryseyer/AudioDevelopment/OTTO/JUCE/modules/juce_dsp/juce_dsp.h:242:6: warning: 'JUCE_INTEL' is not defined, evaluates to 0 [-Wundef]
  242 |  #if JUCE_INTEL
      |      ^
In file included from /Users/larryseyer/AudioDevelopment/OTTO/Source/UI/Layout/BreakpointManager.cpp:1:
In file included from /Users/larryseyer/AudioDevelopment/OTTO/Source/UI/Layout/BreakpointManager.h:4:
In file included from /Users/larryseyer/AudioDevelopment/OTTO/Builds/MacOSX/CMake-Release/OTTO_artefacts/JuceLibraryCode/JuceHeader.h:27:
/Users/larryseyer/AudioDevelopment/OTTO/JUCE/modules/juce_opengl/juce_opengl.h:72:5: warning: 'JUCE_IOS' is not defined, evaluates to 0 [-Wundef]
   72 | #if JUCE_IOS || JUCE_ANDROID
      |     ^
/Users/larryseyer/AudioDevelopment/OTTO/JUCE/modules/juce_opengl/juce_opengl.h:72:17: warning: 'JUCE_ANDROID' is not defined, evaluates to 0 [-Wundef]
   72 | #if JUCE_IOS || JUCE_ANDROID
      |                 ^
/Users/larryseyer/AudioDevelopment/OTTO/JUCE/modules/juce_opengl/juce_opengl.h:82:5: warning: 'JUCE_OPENGL_ES' is not defined, evaluates to 0 [-Wundef]
   82 | #if JUCE_OPENGL_ES || DOXYGEN
      |     ^
/Users/larryseyer/AudioDevelopment/OTTO/JUCE/modules/juce_opengl/juce_opengl.h:82:23: warning: 'DOXYGEN' is not defined, evaluates to 0 [-Wundef]
   82 | #if JUCE_OPENGL_ES || DOXYGEN
      |                       ^
In file included from /Users/larryseyer/AudioDevelopment/OTTO/Source/UI/Layout/BreakpointManager.cpp:1:
In file included from /Users/larryseyer/AudioDevelopment/OTTO/Source/UI/Layout/BreakpointManager.h:4:
In file included from /Users/larryseyer/AudioDevelopment/OTTO/Builds/MacOSX/CMake-Release/OTTO_artefacts/JuceLibraryCode/JuceHeader.h:27:
In file included from /Users/larryseyer/AudioDevelopment/OTTO/JUCE/modules/juce_opengl/juce_opengl.h:120:
/Users/larryseyer/AudioDevelopment/OTTO/JUCE/modules/juce_opengl/native/juce_OpenGLExtensions.h:127:8: warning: 'JUCE_WINDOWS' is not defined, evaluates to 0 [-Wundef]
  127 |    #if JUCE_WINDOWS && ! defined (DOXYGEN)
      |        ^
/Users/larryseyer/AudioDevelopment/OTTO/JUCE/modules/juce_opengl/native/juce_OpenGLExtensions.h:142:8: warning: 'JUCE_ANDROID' is not defined, evaluates to 0 [-Wundef]
  142 |    #if JUCE_ANDROID
      |        ^
In file included from /Users/larryseyer/AudioDevelopment/OTTO/Source/UI/Layout/BreakpointManager.cpp:1:
In file included from /Users/larryseyer/AudioDevelopment/OTTO/Source/UI/Layout/BreakpointManager.h:4:
/Users/larryseyer/AudioDevelopment/OTTO/Builds/MacOSX/CMake-Release/OTTO_artefacts/JuceLibraryCode/JuceHeader.h:34:7: warning: 'DONT_SET_USING_JUCE_NAMESPACE' is not defined, evaluates to 0 [-Wundef]
   34 | #if ! DONT_SET_USING_JUCE_NAMESPACE
      |       ^
In file included from /Users/larryseyer/AudioDevelopment/OTTO/Source/UI/Layout/BreakpointManager.cpp:1:
In file included from /Users/larryseyer/AudioDevelopment/OTTO/Source/UI/Layout/BreakpointManager.h:5:
/Users/larryseyer/AudioDevelopment/OTTO/Source/UI/Layout/../../ColorScheme.h:104:55: warning: unused parameter 'newThemeName' [-Wunused-parameter]
  104 |         virtual void themeChanged(const juce::String& newThemeName) {}
      |                                                       ^
/Users/larryseyer/AudioDevelopment/OTTO/Source/UI/Layout/../../ColorScheme.h:105:55: warning: unused parameter 'component' [-Wunused-parameter]
  105 |         virtual void colorChanged(const juce::String& component, const juce::String& property, const juce::Colour& newColor) {}
      |                                                       ^
/Users/larryseyer/AudioDevelopment/OTTO/Source/UI/Layout/../../ColorScheme.h:105:86: warning: unused parameter 'property' [-Wunused-parameter]
  105 |         virtual void colorChanged(const juce::String& component, const juce::String& property, const juce::Colour& newColor) {}
      |                                                                                      ^
/Users/larryseyer/AudioDevelopment/OTTO/Source/UI/Layout/../../ColorScheme.h:105:116: warning: unused parameter 'newColor' [-Wunused-parameter]
  105 |         virtual void colorChanged(const juce::String& component, const juce::String& property, const juce::Colour& newColor) {}
      |                                                                                                                    ^
In file included from /Users/larryseyer/AudioDevelopment/OTTO/Source/UI/Layout/BreakpointManager.cpp:1:
/Users/larryseyer/AudioDevelopment/OTTO/Source/UI/Layout/BreakpointManager.h:451:66: warning: declaration shadows a field of 'OTTO::UI::Layout::BreakpointManager' [-Wshadow]
  451 |         virtual void breakpointsChanged(const juce::StringArray& activeBreakpoints) {}
      |                                                                  ^
/Users/larryseyer/AudioDevelopment/OTTO/Source/UI/Layout/BreakpointManager.h:538:23: note: previous declaration is here
  538 |     juce::StringArray activeBreakpoints;
      |                       ^
/Users/larryseyer/AudioDevelopment/OTTO/Source/UI/Layout/BreakpointManager.h:451:66: warning: unused parameter 'activeBreakpoints' [-Wunused-parameter]
  451 |         virtual void breakpointsChanged(const juce::StringArray& activeBreakpoints) {}
      |                                                                  ^
/Users/larryseyer/AudioDevelopment/OTTO/Source/UI/Layout/BreakpointManager.h:458:59: warning: unused parameter 'newCategory' [-Wunused-parameter]
  458 |         virtual void deviceCategoryChanged(DeviceCategory newCategory, DeviceCategory oldCategory) {}
      |                                                           ^
/Users/larryseyer/AudioDevelopment/OTTO/Source/UI/Layout/BreakpointManager.h:458:87: warning: unused parameter 'oldCategory' [-Wunused-parameter]
  458 |         virtual void deviceCategoryChanged(DeviceCategory newCategory, DeviceCategory oldCategory) {}
      |                                                                                       ^
/Users/larryseyer/AudioDevelopment/OTTO/Source/UI/Layout/BreakpointManager.h:465:53: warning: unused parameter 'newOrientation' [-Wunused-parameter]
  465 |         virtual void orientationChanged(Orientation newOrientation, Orientation oldOrientation) {}
      |                                                     ^
/Users/larryseyer/AudioDevelopment/OTTO/Source/UI/Layout/BreakpointManager.h:465:81: warning: unused parameter 'oldOrientation' [-Wunused-parameter]
  465 |         virtual void orientationChanged(Orientation newOrientation, Orientation oldOrientation) {}
      |                                                                                 ^
/Users/larryseyer/AudioDevelopment/OTTO/Source/UI/Layout/BreakpointManager.h:471:58: warning: unused parameter 'screenInfo' [-Wunused-parameter]
  471 |         virtual void screenInfoUpdated(const ScreenInfo& screenInfo) {}
      |                                                          ^
/Users/larryseyer/AudioDevelopment/OTTO/Source/UI/Layout/BreakpointManager.cpp:228:79: warning: unused parameter 'component' [-Wunused-parameter]
  228 | int BreakpointManager::calculateResponsiveSize(int baseSize, juce::Component* component) const
      |                                                                               ^
/Users/larryseyer/AudioDevelopment/OTTO/Source/UI/Layout/BreakpointManager.cpp:460:56: warning: implicit conversion increases floating-point precision: 'const float' to 'double' [-Wdouble-promotion]
  460 |     state.setValue("screen_density", currentScreenInfo.density);
      |                                      ~~~~~~~~~~~~~~~~~~^~~~~~~
/Users/larryseyer/AudioDevelopment/OTTO/Source/UI/Layout/BreakpointManager.cpp:641:14: warning: unused variable 'wasActive' [-Wunused-variable]
  641 |         bool wasActive = breakpoint.isActive;
      |              ^~~~~~~~~
/Users/larryseyer/AudioDevelopment/OTTO/Source/UI/Layout/BreakpointManager.cpp:706:21: error: use of undeclared identifier 'getDisplays'; did you mean 'Displays'?
  706 |     auto displays = getDisplays();
      |                     ^
In file included from /Users/larryseyer/AudioDevelopment/OTTO/Source/UI/Layout/BreakpointManager.cpp:1:
In file included from /Users/larryseyer/AudioDevelopment/OTTO/Source/UI/Layout/BreakpointManager.h:4:
In file included from /Users/larryseyer/AudioDevelopment/OTTO/Builds/MacOSX/CMake-Release/OTTO_artefacts/JuceLibraryCode/JuceHeader.h:14:
In file included from /Users/larryseyer/AudioDevelopment/OTTO/JUCE/modules/juce_audio_plugin_client/juce_audio_plugin_client.h:63:
In file included from /Users/larryseyer/AudioDevelopment/OTTO/JUCE/modules/juce_gui_basics/juce_gui_basics.h:208:
/Users/larryseyer/AudioDevelopment/OTTO/JUCE/modules/juce_gui_basics/desktop/juce_Displays.h:44:17: note: 'Displays' declared here
   44 | class JUCE_API  Displays
      |                 ^
/Users/larryseyer/AudioDevelopment/OTTO/Source/UI/Layout/BreakpointManager.cpp:707:27: error: use of undeclared identifier 'getPrimaryDisplay'
  707 |     auto primaryDisplay = getPrimaryDisplay();
      |                           ^
/Users/larryseyer/AudioDevelopment/OTTO/Source/UI/Layout/BreakpointManager.cpp:777:21: error: use of undeclared identifier 'getDisplays'; did you mean 'Displays'?
  777 |     auto displays = getDisplays();
      |                     ^
In file included from /Users/larryseyer/AudioDevelopment/OTTO/Source/UI/Layout/BreakpointManager.cpp:1:
In file included from /Users/larryseyer/AudioDevelopment/OTTO/Source/UI/Layout/BreakpointManager.h:4:
In file included from /Users/larryseyer/AudioDevelopment/OTTO/Builds/MacOSX/CMake-Release/OTTO_artefacts/JuceLibraryCode/JuceHeader.h:14:
In file included from /Users/larryseyer/AudioDevelopment/OTTO/JUCE/modules/juce_audio_plugin_client/juce_audio_plugin_client.h:63:
In file included from /Users/larryseyer/AudioDevelopment/OTTO/JUCE/modules/juce_gui_basics/juce_gui_basics.h:208:
/Users/larryseyer/AudioDevelopment/OTTO/JUCE/modules/juce_gui_basics/desktop/juce_Displays.h:44:17: note: 'Displays' declared here
   44 | class JUCE_API  Displays
      |                 ^
/Users/larryseyer/AudioDevelopment/OTTO/Source/UI/Layout/BreakpointManager.cpp:778:27: error: use of undeclared identifier 'getPrimaryDisplay'
  778 |     auto primaryDisplay = getPrimaryDisplay();
      |                           ^
/Users/larryseyer/AudioDevelopment/OTTO/Source/UI/Layout/BreakpointManager.cpp:809:9: warning: 'JUCE_IOS' is not defined, evaluates to 0 [-Wundef]
  809 |     #if JUCE_IOS
      |         ^
/Users/larryseyer/AudioDevelopment/OTTO/Source/UI/Layout/BreakpointManager.cpp:811:11: warning: 'JUCE_ANDROID' is not defined, evaluates to 0 [-Wundef]
  811 |     #elif JUCE_ANDROID
      |           ^
/Users/larryseyer/AudioDevelopment/OTTO/Source/UI/Layout/BreakpointManager.cpp:820:9: warning: 'JUCE_IOS' is not defined, evaluates to 0 [-Wundef]
  820 |     #if JUCE_IOS || JUCE_ANDROID
      |         ^
/Users/larryseyer/AudioDevelopment/OTTO/Source/UI/Layout/BreakpointManager.cpp:820:21: warning: 'JUCE_ANDROID' is not defined, evaluates to 0 [-Wundef]
  820 |     #if JUCE_IOS || JUCE_ANDROID
      |                     ^

CompileC /Users/larryseyer/AudioDevelopment/OTTO/Builds/MacOSX/CMake-Release/build/OTTO.build/Release/Objects-normal/arm64/ContextMenuManager.o /Users/larryseyer/AudioDevelopment/OTTO/Source/UX/ContextMenuManager.cpp normal arm64 c++ com.apple.compilers.llvm.clang.1_0.compiler (in target 'OTTO' from project 'OTTO')
    cd /Users/larryseyer/AudioDevelopment/OTTO
    
    Using response file: /Users/larryseyer/AudioDevelopment/OTTO/Builds/MacOSX/CMake-Release/build/OTTO.build/Release/Objects-normal/arm64/82b82416624d2658e5098eb0a28c15c5-common-args.resp
    
    /Applications/Xcode.app/Contents/Developer/Toolchains/XcodeDefault.xctoolchain/usr/bin/clang -x c++ -ivfsstatcache /var/folders/0p/t4rj91z90d38yk0_8vh370gr0000gn/C/com.apple.DeveloperTools/16.4-16F6/Xcode/SDKStatCaches.noindex/macosx15.5-24F74-8254517eb8b97d462ccbc072ba9094c9.sdkstatcache -fmessage-length\=0 -fdiagnostics-show-note-include-stack -fmacro-backtrace-limit\=0 -fno-color-diagnostics -Wno-trigraphs -Wno-missing-field-initializers -Wno-missing-prototypes -Wno-return-type -Wno-non-virtual-dtor -Wno-overloaded-virtual -Wno-exit-time-destructors -Wno-missing-braces -Wparentheses -Wswitch -Wno-unused-function -Wno-unused-label -Wno-unused-parameter -Wno-unused-variable -Wunused-value -Wno-empty-body -Wno-uninitialized -Wno-unknown-pragmas -Wno-shadow -Wno-four-char-constants -Wno-conversion -Wno-constant-conversion -Wno-int-conversion -Wno-bool-conversion -Wno-enum-conversion -Wno-float-conversion -Wno-non-literal-null-conversion -Wno-objc-literal-conversion -Wshorten-64-to-32 -Wno-newline-eof -Wno-c++11-extensions -Wno-implicit-fallthrough -fstrict-aliasing -Wdeprecated-declarations -Winvalid-offsetof -Wno-sign-conversion -Wno-infinite-recursion -Wno-move -Wno-comma -Wno-block-capture-autoreleasing -Wno-strict-prototypes -Wno-range-loop-analysis -Wno-semicolon-before-method-body -Wall -Wextra -Wpedantic -Wformat\=2 -Wformat-security -Wnull-dereference -Wdouble-promotion -Wshadow -Wundef -Wcast-align @/Users/larryseyer/AudioDevelopment/OTTO/Builds/MacOSX/CMake-Release/build/OTTO.build/Release/Objects-normal/arm64/82b82416624d2658e5098eb0a28c15c5-common-args.resp -MMD -MT dependencies -MF /Users/larryseyer/AudioDevelopment/OTTO/Builds/MacOSX/CMake-Release/build/OTTO.build/Release/Objects-normal/arm64/ContextMenuManager.d --serialize-diagnostics /Users/larryseyer/AudioDevelopment/OTTO/Builds/MacOSX/CMake-Release/build/OTTO.build/Release/Objects-normal/arm64/ContextMenuManager.dia -c /Users/larryseyer/AudioDevelopment/OTTO/Source/UX/ContextMenuManager.cpp -o /Users/larryseyer/AudioDevelopment/OTTO/Builds/MacOSX/CMake-Release/build/OTTO.build/Release/Objects-normal/arm64/ContextMenuManager.o
In file included from /Users/larryseyer/AudioDevelopment/OTTO/Source/UX/ContextMenuManager.cpp:1:
In file included from /Users/larryseyer/AudioDevelopment/OTTO/Source/UX/ContextMenuManager.h:2:
In file included from /Users/larryseyer/AudioDevelopment/OTTO/Builds/MacOSX/CMake-Release/OTTO_artefacts/JuceLibraryCode/JuceHeader.h:14:
In file included from /Users/larryseyer/AudioDevelopment/OTTO/JUCE/modules/juce_audio_plugin_client/juce_audio_plugin_client.h:63:
In file included from /Users/larryseyer/AudioDevelopment/OTTO/JUCE/modules/juce_gui_basics/juce_gui_basics.h:68:
In file included from /Users/larryseyer/AudioDevelopment/OTTO/JUCE/modules/juce_graphics/juce_graphics.h:67:
In file included from /Users/larryseyer/AudioDevelopment/OTTO/JUCE/modules/juce_core/juce_core.h:77:
/Users/larryseyer/AudioDevelopment/OTTO/JUCE/modules/juce_core/system/juce_TargetPlatform.h:99:5: warning: 'JUCE_WINDOWS' is not defined, evaluates to 0 [-Wundef]
   99 | #if JUCE_WINDOWS
      |     ^
/Users/larryseyer/AudioDevelopment/OTTO/JUCE/modules/juce_core/system/juce_TargetPlatform.h:183:5: warning: 'JUCE_LINUX' is not defined, evaluates to 0 [-Wundef]
  183 | #if JUCE_LINUX || JUCE_ANDROID || JUCE_BSD
      |     ^
/Users/larryseyer/AudioDevelopment/OTTO/JUCE/modules/juce_core/system/juce_TargetPlatform.h:183:19: warning: 'JUCE_ANDROID' is not defined, evaluates to 0 [-Wundef]
  183 | #if JUCE_LINUX || JUCE_ANDROID || JUCE_BSD
      |                   ^
/Users/larryseyer/AudioDevelopment/OTTO/JUCE/modules/juce_core/system/juce_TargetPlatform.h:183:35: warning: 'JUCE_BSD' is not defined, evaluates to 0 [-Wundef]
  183 | #if JUCE_LINUX || JUCE_ANDROID || JUCE_BSD
      |                                   ^
In file included from /Users/larryseyer/AudioDevelopment/OTTO/Source/UX/ContextMenuManager.cpp:1:
In file included from /Users/larryseyer/AudioDevelopment/OTTO/Source/UX/ContextMenuManager.h:2:
In file included from /Users/larryseyer/AudioDevelopment/OTTO/Builds/MacOSX/CMake-Release/OTTO_artefacts/JuceLibraryCode/JuceHeader.h:14:
In file included from /Users/larryseyer/AudioDevelopment/OTTO/JUCE/modules/juce_audio_plugin_client/juce_audio_plugin_client.h:63:
In file included from /Users/larryseyer/AudioDevelopment/OTTO/JUCE/modules/juce_gui_basics/juce_gui_basics.h:68:
In file included from /Users/larryseyer/AudioDevelopment/OTTO/JUCE/modules/juce_graphics/juce_graphics.h:67:
/Users/larryseyer/AudioDevelopment/OTTO/JUCE/modules/juce_core/juce_core.h:115:5: warning: 'JUCE_DEBUG' is not defined, evaluates to 0 [-Wundef]
  115 | #if JUCE_DEBUG && ! defined (JUCE_CHECK_MEMORY_LEAKS)
      |     ^
/Users/larryseyer/AudioDevelopment/OTTO/JUCE/modules/juce_core/juce_core.h:207:5: warning: 'JUCE_CORE_INCLUDE_NATIVE_HEADERS' is not defined, evaluates to 0 [-Wundef]
  207 | #if JUCE_CORE_INCLUDE_NATIVE_HEADERS
      |     ^
/Users/larryseyer/AudioDevelopment/OTTO/JUCE/modules/juce_core/juce_core.h:211:5: warning: 'JUCE_WINDOWS' is not defined, evaluates to 0 [-Wundef]
  211 | #if JUCE_WINDOWS
      |     ^
In file included from /Users/larryseyer/AudioDevelopment/OTTO/Source/UX/ContextMenuManager.cpp:1:
In file included from /Users/larryseyer/AudioDevelopment/OTTO/Source/UX/ContextMenuManager.h:2:
In file included from /Users/larryseyer/AudioDevelopment/OTTO/Builds/MacOSX/CMake-Release/OTTO_artefacts/JuceLibraryCode/JuceHeader.h:14:
In file included from /Users/larryseyer/AudioDevelopment/OTTO/JUCE/modules/juce_audio_plugin_client/juce_audio_plugin_client.h:63:
In file included from /Users/larryseyer/AudioDevelopment/OTTO/JUCE/modules/juce_gui_basics/juce_gui_basics.h:68:
In file included from /Users/larryseyer/AudioDevelopment/OTTO/JUCE/modules/juce_graphics/juce_graphics.h:67:
In file included from /Users/larryseyer/AudioDevelopment/OTTO/JUCE/modules/juce_core/juce_core.h:215:
/Users/larryseyer/AudioDevelopment/OTTO/JUCE/modules/juce_core/system/juce_StandardHeader.h:56:7: warning: 'DOXYGEN' is not defined, evaluates to 0 [-Wundef]
   56 | #if ! DOXYGEN
      |       ^
In file included from /Users/larryseyer/AudioDevelopment/OTTO/Source/UX/ContextMenuManager.cpp:1:
In file included from /Users/larryseyer/AudioDevelopment/OTTO/Source/UX/ContextMenuManager.h:2:
In file included from /Users/larryseyer/AudioDevelopment/OTTO/Builds/MacOSX/CMake-Release/OTTO_artefacts/JuceLibraryCode/JuceHeader.h:14:
In file included from /Users/larryseyer/AudioDevelopment/OTTO/JUCE/modules/juce_audio_plugin_client/juce_audio_plugin_client.h:63:
In file included from /Users/larryseyer/AudioDevelopment/OTTO/JUCE/modules/juce_gui_basics/juce_gui_basics.h:68:
In file included from /Users/larryseyer/AudioDevelopment/OTTO/JUCE/modules/juce_graphics/juce_graphics.h:67:
In file included from /Users/larryseyer/AudioDevelopment/OTTO/JUCE/modules/juce_core/juce_core.h:215:
In file included from /Users/larryseyer/AudioDevelopment/OTTO/JUCE/modules/juce_core/system/juce_StandardHeader.h:93:
/Users/larryseyer/AudioDevelopment/OTTO/JUCE/modules/juce_core/system/juce_CompilerSupport.h:43:5: warning: 'JUCE_GCC' is not defined, evaluates to 0 [-Wundef]
   43 | #if JUCE_GCC
      |     ^
/Users/larryseyer/AudioDevelopment/OTTO/JUCE/modules/juce_core/system/juce_CompilerSupport.h:94:5: warning: 'JUCE_MSVC' is not defined, evaluates to 0 [-Wundef]
   94 | #if JUCE_MSVC
      |     ^
In file included from /Users/larryseyer/AudioDevelopment/OTTO/Source/UX/ContextMenuManager.cpp:1:
In file included from /Users/larryseyer/AudioDevelopment/OTTO/Source/UX/ContextMenuManager.h:2:
In file included from /Users/larryseyer/AudioDevelopment/OTTO/Builds/MacOSX/CMake-Release/OTTO_artefacts/JuceLibraryCode/JuceHeader.h:14:
In file included from /Users/larryseyer/AudioDevelopment/OTTO/JUCE/modules/juce_audio_plugin_client/juce_audio_plugin_client.h:63:
In file included from /Users/larryseyer/AudioDevelopment/OTTO/JUCE/modules/juce_gui_basics/juce_gui_basics.h:68:
In file included from /Users/larryseyer/AudioDevelopment/OTTO/JUCE/modules/juce_graphics/juce_graphics.h:67:
In file included from /Users/larryseyer/AudioDevelopment/OTTO/JUCE/modules/juce_core/juce_core.h:215:
In file included from /Users/larryseyer/AudioDevelopment/OTTO/JUCE/modules/juce_core/system/juce_StandardHeader.h:94:
/Users/larryseyer/AudioDevelopment/OTTO/JUCE/modules/juce_core/system/juce_CompilerWarnings.h:221:5: warning: 'JUCE_MSVC' is not defined, evaluates to 0 [-Wundef]
  221 | #if JUCE_MSVC
      |     ^
In file included from /Users/larryseyer/AudioDevelopment/OTTO/Source/UX/ContextMenuManager.cpp:1:
In file included from /Users/larryseyer/AudioDevelopment/OTTO/Source/UX/ContextMenuManager.h:2:
In file included from /Users/larryseyer/AudioDevelopment/OTTO/Builds/MacOSX/CMake-Release/OTTO_artefacts/JuceLibraryCode/JuceHeader.h:14:
In file included from /Users/larryseyer/AudioDevelopment/OTTO/JUCE/modules/juce_audio_plugin_client/juce_audio_plugin_client.h:63:
In file included from /Users/larryseyer/AudioDevelopment/OTTO/JUCE/modules/juce_gui_basics/juce_gui_basics.h:68:
In file included from /Users/larryseyer/AudioDevelopment/OTTO/JUCE/modules/juce_graphics/juce_graphics.h:67:
In file included from /Users/larryseyer/AudioDevelopment/OTTO/JUCE/modules/juce_core/juce_core.h:215:
In file included from /Users/larryseyer/AudioDevelopment/OTTO/JUCE/modules/juce_core/system/juce_StandardHeader.h:95:
/Users/larryseyer/AudioDevelopment/OTTO/JUCE/modules/juce_core/system/juce_PlatformDefs.h:54:5: warning: 'JUCE_WINDOWS' is not defined, evaluates to 0 [-Wundef]
   54 | #if JUCE_WINDOWS
      |     ^
/Users/larryseyer/AudioDevelopment/OTTO/JUCE/modules/juce_core/system/juce_PlatformDefs.h:66:29: warning: 'JUCE_DEBUG' is not defined, evaluates to 0 [-Wundef]
   66 |  #if JUCE_LOG_ASSERTIONS || JUCE_DEBUG
      |                             ^
/Users/larryseyer/AudioDevelopment/OTTO/JUCE/modules/juce_core/system/juce_PlatformDefs.h:74:5: warning: 'JUCE_IOS' is not defined, evaluates to 0 [-Wundef]
   74 | #if JUCE_IOS || JUCE_LINUX || JUCE_BSD
      |     ^
/Users/larryseyer/AudioDevelopment/OTTO/JUCE/modules/juce_core/system/juce_PlatformDefs.h:74:17: warning: 'JUCE_LINUX' is not defined, evaluates to 0 [-Wundef]
   74 | #if JUCE_IOS || JUCE_LINUX || JUCE_BSD
      |                 ^
/Users/larryseyer/AudioDevelopment/OTTO/JUCE/modules/juce_core/system/juce_PlatformDefs.h:74:31: warning: 'JUCE_BSD' is not defined, evaluates to 0 [-Wundef]
   74 | #if JUCE_IOS || JUCE_LINUX || JUCE_BSD
      |                               ^
/Users/larryseyer/AudioDevelopment/OTTO/JUCE/modules/juce_core/system/juce_PlatformDefs.h:81:7: warning: 'JUCE_MSVC' is not defined, evaluates to 0 [-Wundef]
   81 | #elif JUCE_MSVC
      |       ^
/Users/larryseyer/AudioDevelopment/OTTO/JUCE/modules/juce_core/system/juce_PlatformDefs.h:86:7: warning: 'JUCE_INTEL' is not defined, evaluates to 0 [-Wundef]
   86 | #elif JUCE_INTEL && (JUCE_GCC || JUCE_CLANG || JUCE_MAC)
      |       ^
/Users/larryseyer/AudioDevelopment/OTTO/JUCE/modules/juce_core/system/juce_PlatformDefs.h:132:5: warning: 'JUCE_MSVC' is not defined, evaluates to 0 [-Wundef]
  132 | #if JUCE_MSVC && ! defined (DOXYGEN)
      |     ^
/Users/larryseyer/AudioDevelopment/OTTO/JUCE/modules/juce_core/system/juce_PlatformDefs.h:146:6: warning: 'JUCE_DEBUG' is not defined, evaluates to 0 [-Wundef]
  146 | #if (JUCE_DEBUG && ! JUCE_DISABLE_ASSERTIONS) || DOXYGEN
      |      ^
/Users/larryseyer/AudioDevelopment/OTTO/JUCE/modules/juce_core/system/juce_PlatformDefs.h:146:50: warning: 'DOXYGEN' is not defined, evaluates to 0 [-Wundef]
  146 | #if (JUCE_DEBUG && ! JUCE_DISABLE_ASSERTIONS) || DOXYGEN
      |                                                  ^
/Users/larryseyer/AudioDevelopment/OTTO/JUCE/modules/juce_core/system/juce_PlatformDefs.h:272:5: warning: 'JUCE_MSVC' is not defined, evaluates to 0 [-Wundef]
  272 | #if JUCE_MSVC && ! defined (DOXYGEN)
      |     ^
/Users/larryseyer/AudioDevelopment/OTTO/JUCE/modules/juce_core/system/juce_PlatformDefs.h:291:5: warning: 'JUCE_DEBUG' is not defined, evaluates to 0 [-Wundef]
  291 | #if JUCE_DEBUG || DOXYGEN
      |     ^
/Users/larryseyer/AudioDevelopment/OTTO/JUCE/modules/juce_core/system/juce_PlatformDefs.h:291:19: warning: 'DOXYGEN' is not defined, evaluates to 0 [-Wundef]
  291 | #if JUCE_DEBUG || DOXYGEN
      |                   ^
/Users/larryseyer/AudioDevelopment/OTTO/JUCE/modules/juce_core/system/juce_PlatformDefs.h:299:7: warning: 'JUCE_MSVC' is not defined, evaluates to 0 [-Wundef]
  299 |   #if JUCE_MSVC
      |       ^
/Users/larryseyer/AudioDevelopment/OTTO/JUCE/modules/juce_core/system/juce_PlatformDefs.h:306:5: warning: 'JUCE_MSVC' is not defined, evaluates to 0 [-Wundef]
  306 | #if JUCE_MSVC || DOXYGEN
      |     ^
/Users/larryseyer/AudioDevelopment/OTTO/JUCE/modules/juce_core/system/juce_PlatformDefs.h:306:18: warning: 'DOXYGEN' is not defined, evaluates to 0 [-Wundef]
  306 | #if JUCE_MSVC || DOXYGEN
      |                  ^
/Users/larryseyer/AudioDevelopment/OTTO/JUCE/modules/juce_core/system/juce_PlatformDefs.h:315:5: warning: 'JUCE_ANDROID' is not defined, evaluates to 0 [-Wundef]
  315 | #if JUCE_ANDROID && ! defined (DOXYGEN)
      |     ^
/Users/larryseyer/AudioDevelopment/OTTO/JUCE/modules/juce_core/system/juce_PlatformDefs.h:324:5: warning: 'JUCE_GCC' is not defined, evaluates to 0 [-Wundef]
  324 | #if JUCE_GCC || JUCE_CLANG
      |     ^
/Users/larryseyer/AudioDevelopment/OTTO/JUCE/modules/juce_core/system/juce_PlatformDefs.h:331:5: warning: 'JUCE_GCC' is not defined, evaluates to 0 [-Wundef]
  331 | #if JUCE_GCC || DOXYGEN
      |     ^
/Users/larryseyer/AudioDevelopment/OTTO/JUCE/modules/juce_core/system/juce_PlatformDefs.h:331:17: warning: 'DOXYGEN' is not defined, evaluates to 0 [-Wundef]
  331 | #if JUCE_GCC || DOXYGEN
      |                 ^
In file included from /Users/larryseyer/AudioDevelopment/OTTO/Source/UX/ContextMenuManager.cpp:1:
In file included from /Users/larryseyer/AudioDevelopment/OTTO/Source/UX/ContextMenuManager.h:2:
In file included from /Users/larryseyer/AudioDevelopment/OTTO/Builds/MacOSX/CMake-Release/OTTO_artefacts/JuceLibraryCode/JuceHeader.h:14:
In file included from /Users/larryseyer/AudioDevelopment/OTTO/JUCE/modules/juce_audio_plugin_client/juce_audio_plugin_client.h:63:
In file included from /Users/larryseyer/AudioDevelopment/OTTO/JUCE/modules/juce_gui_basics/juce_gui_basics.h:68:
In file included from /Users/larryseyer/AudioDevelopment/OTTO/JUCE/modules/juce_graphics/juce_graphics.h:67:
In file included from /Users/larryseyer/AudioDevelopment/OTTO/JUCE/modules/juce_core/juce_core.h:215:
/Users/larryseyer/AudioDevelopment/OTTO/JUCE/modules/juce_core/system/juce_StandardHeader.h:101:5: warning: 'JUCE_MSVC' is not defined, evaluates to 0 [-Wundef]
  101 | #if JUCE_MSVC
      |     ^
/Users/larryseyer/AudioDevelopment/OTTO/JUCE/modules/juce_core/system/juce_StandardHeader.h:113:5: warning: 'JUCE_LINUX' is not defined, evaluates to 0 [-Wundef]
  113 | #if JUCE_LINUX || JUCE_BSD
      |     ^
/Users/larryseyer/AudioDevelopment/OTTO/JUCE/modules/juce_core/system/juce_StandardHeader.h:113:19: warning: 'JUCE_BSD' is not defined, evaluates to 0 [-Wundef]
  113 | #if JUCE_LINUX || JUCE_BSD
      |                   ^
/Users/larryseyer/AudioDevelopment/OTTO/JUCE/modules/juce_core/system/juce_StandardHeader.h:126:5: warning: 'JUCE_MSVC' is not defined, evaluates to 0 [-Wundef]
  126 | #if JUCE_MSVC && JUCE_DEBUG
      |     ^
/Users/larryseyer/AudioDevelopment/OTTO/JUCE/modules/juce_core/system/juce_StandardHeader.h:132:5: warning: 'JUCE_ANDROID' is not defined, evaluates to 0 [-Wundef]
  132 | #if JUCE_ANDROID
      |     ^
/Users/larryseyer/AudioDevelopment/OTTO/JUCE/modules/juce_core/system/juce_StandardHeader.h:147:5: warning: 'JUCE_MSVC' is not defined, evaluates to 0 [-Wundef]
  147 | #if JUCE_MSVC
      |     ^
/Users/larryseyer/AudioDevelopment/OTTO/JUCE/modules/juce_core/system/juce_StandardHeader.h:167:5: warning: 'JUCE_MSVC' is not defined, evaluates to 0 [-Wundef]
  167 | #if JUCE_MSVC && JUCE_DLL_BUILD
      |     ^
In file included from /Users/larryseyer/AudioDevelopment/OTTO/Source/UX/ContextMenuManager.cpp:1:
In file included from /Users/larryseyer/AudioDevelopment/OTTO/Source/UX/ContextMenuManager.h:2:
In file included from /Users/larryseyer/AudioDevelopment/OTTO/Builds/MacOSX/CMake-Release/OTTO_artefacts/JuceLibraryCode/JuceHeader.h:14:
In file included from /Users/larryseyer/AudioDevelopment/OTTO/JUCE/modules/juce_audio_plugin_client/juce_audio_plugin_client.h:63:
In file included from /Users/larryseyer/AudioDevelopment/OTTO/JUCE/modules/juce_gui_basics/juce_gui_basics.h:68:
In file included from /Users/larryseyer/AudioDevelopment/OTTO/JUCE/modules/juce_graphics/juce_graphics.h:67:
In file included from /Users/larryseyer/AudioDevelopment/OTTO/JUCE/modules/juce_core/juce_core.h:239:
/Users/larryseyer/AudioDevelopment/OTTO/JUCE/modules/juce_core/memory/juce_Memory.h:165:59: warning: 'DOXYGEN' is not defined, evaluates to 0 [-Wundef]
  165 | #if (JUCE_COMPILER_SUPPORTS_ARC && defined (__OBJC__)) || DOXYGEN
      |                                                           ^
/Users/larryseyer/AudioDevelopment/OTTO/JUCE/modules/juce_core/memory/juce_Memory.h:181:5: warning: 'JUCE_MSVC' is not defined, evaluates to 0 [-Wundef]
  181 | #if JUCE_MSVC && (defined (JUCE_DLL) || defined (JUCE_DLL_BUILD)) && ! (JUCE_DISABLE_DLL_ALLOCATORS || DOXYGEN)
      |     ^
In file included from /Users/larryseyer/AudioDevelopment/OTTO/Source/UX/ContextMenuManager.cpp:1:
In file included from /Users/larryseyer/AudioDevelopment/OTTO/Source/UX/ContextMenuManager.h:2:
In file included from /Users/larryseyer/AudioDevelopment/OTTO/Builds/MacOSX/CMake-Release/OTTO_artefacts/JuceLibraryCode/JuceHeader.h:14:
In file included from /Users/larryseyer/AudioDevelopment/OTTO/JUCE/modules/juce_audio_plugin_client/juce_audio_plugin_client.h:63:
In file included from /Users/larryseyer/AudioDevelopment/OTTO/JUCE/modules/juce_gui_basics/juce_gui_basics.h:68:
In file included from /Users/larryseyer/AudioDevelopment/OTTO/JUCE/modules/juce_graphics/juce_graphics.h:67:
In file included from /Users/larryseyer/AudioDevelopment/OTTO/JUCE/modules/juce_core/juce_core.h:240:
/Users/larryseyer/AudioDevelopment/OTTO/JUCE/modules/juce_core/maths/juce_MathsFunctions.h:59:5: warning: 'JUCE_MSVC' is not defined, evaluates to 0 [-Wundef]
   59 | #if JUCE_MSVC
      |     ^
/Users/larryseyer/AudioDevelopment/OTTO/JUCE/modules/juce_core/maths/juce_MathsFunctions.h:97:5: warning: 'JUCE_WINDOWS' is not defined, evaluates to 0 [-Wundef]
   97 | #if JUCE_WINDOWS
      |     ^
/Users/larryseyer/AudioDevelopment/OTTO/JUCE/modules/juce_core/maths/juce_MathsFunctions.h:125:8: warning: 'JUCE_MSVC' is not defined, evaluates to 0 [-Wundef]
  125 |    #if JUCE_MSVC
      |        ^
/Users/larryseyer/AudioDevelopment/OTTO/JUCE/modules/juce_core/maths/juce_MathsFunctions.h:136:8: warning: 'JUCE_MSVC' is not defined, evaluates to 0 [-Wundef]
  136 |    #if JUCE_MSVC
      |        ^
/Users/larryseyer/AudioDevelopment/OTTO/JUCE/modules/juce_core/maths/juce_MathsFunctions.h:579:5: warning: 'JUCE_MSVC' is not defined, evaluates to 0 [-Wundef]
  579 | #if JUCE_MSVC
      |     ^
/Users/larryseyer/AudioDevelopment/OTTO/JUCE/modules/juce_core/maths/juce_MathsFunctions.h:606:8: warning: 'JUCE_BIG_ENDIAN' is not defined, evaluates to 0 [-Wundef]
  606 |    #if JUCE_BIG_ENDIAN
      |        ^
/Users/larryseyer/AudioDevelopment/OTTO/JUCE/modules/juce_core/maths/juce_MathsFunctions.h:618:5: warning: 'JUCE_MSVC' is not defined, evaluates to 0 [-Wundef]
  618 | #if JUCE_MSVC
      |     ^
/Users/larryseyer/AudioDevelopment/OTTO/JUCE/modules/juce_core/maths/juce_MathsFunctions.h:738:5: warning: 'JUCE_INTEL' is not defined, evaluates to 0 [-Wundef]
  738 | #if JUCE_INTEL || DOXYGEN
      |     ^
/Users/larryseyer/AudioDevelopment/OTTO/JUCE/modules/juce_core/maths/juce_MathsFunctions.h:738:19: warning: 'DOXYGEN' is not defined, evaluates to 0 [-Wundef]
  738 | #if JUCE_INTEL || DOXYGEN
      |                   ^
In file included from /Users/larryseyer/AudioDevelopment/OTTO/Source/UX/ContextMenuManager.cpp:1:
In file included from /Users/larryseyer/AudioDevelopment/OTTO/Source/UX/ContextMenuManager.h:2:
In file included from /Users/larryseyer/AudioDevelopment/OTTO/Builds/MacOSX/CMake-Release/OTTO_artefacts/JuceLibraryCode/JuceHeader.h:14:
In file included from /Users/larryseyer/AudioDevelopment/OTTO/JUCE/modules/juce_audio_plugin_client/juce_audio_plugin_client.h:63:
In file included from /Users/larryseyer/AudioDevelopment/OTTO/JUCE/modules/juce_gui_basics/juce_gui_basics.h:68:
In file included from /Users/larryseyer/AudioDevelopment/OTTO/JUCE/modules/juce_graphics/juce_graphics.h:67:
In file included from /Users/larryseyer/AudioDevelopment/OTTO/JUCE/modules/juce_core/juce_core.h:241:
/Users/larryseyer/AudioDevelopment/OTTO/JUCE/modules/juce_core/memory/juce_ByteOrder.h:162:5: warning: 'JUCE_MSVC' is not defined, evaluates to 0 [-Wundef]
  162 | #if JUCE_MSVC && ! defined (__INTEL_COMPILER)
      |     ^
In file included from /Users/larryseyer/AudioDevelopment/OTTO/Source/UX/ContextMenuManager.cpp:1:
In file included from /Users/larryseyer/AudioDevelopment/OTTO/Source/UX/ContextMenuManager.h:2:
In file included from /Users/larryseyer/AudioDevelopment/OTTO/Builds/MacOSX/CMake-Release/OTTO_artefacts/JuceLibraryCode/JuceHeader.h:14:
In file included from /Users/larryseyer/AudioDevelopment/OTTO/JUCE/modules/juce_audio_plugin_client/juce_audio_plugin_client.h:63:
In file included from /Users/larryseyer/AudioDevelopment/OTTO/JUCE/modules/juce_gui_basics/juce_gui_basics.h:68:
In file included from /Users/larryseyer/AudioDevelopment/OTTO/JUCE/modules/juce_graphics/juce_graphics.h:67:
In file included from /Users/larryseyer/AudioDevelopment/OTTO/JUCE/modules/juce_core/juce_core.h:243:
/Users/larryseyer/AudioDevelopment/OTTO/JUCE/modules/juce_core/text/juce_CharacterFunctions.h:39:5: warning: 'JUCE_WINDOWS' is not defined, evaluates to 0 [-Wundef]
   39 | #if JUCE_WINDOWS && ! defined (DOXYGEN)
      |     ^
/Users/larryseyer/AudioDevelopment/OTTO/JUCE/modules/juce_core/text/juce_CharacterFunctions.h:64:5: warning: 'JUCE_DEFINE_T_MACRO' is not defined, evaluates to 0 [-Wundef]
   64 | #if JUCE_DEFINE_T_MACRO
      |     ^
/Users/larryseyer/AudioDevelopment/OTTO/JUCE/modules/juce_core/text/juce_CharacterFunctions.h:406:12: warning: 'JUCE_WINDOWS' is not defined, evaluates to 0 [-Wundef]
  406 |        #if JUCE_WINDOWS
      |            ^
/Users/larryseyer/AudioDevelopment/OTTO/JUCE/modules/juce_core/text/juce_CharacterFunctions.h:411:13: warning: 'JUCE_ANDROID' is not defined, evaluates to 0 [-Wundef]
  411 |         #if JUCE_ANDROID
      |             ^
In file included from /Users/larryseyer/AudioDevelopment/OTTO/Source/UX/ContextMenuManager.cpp:1:
In file included from /Users/larryseyer/AudioDevelopment/OTTO/Source/UX/ContextMenuManager.h:2:
In file included from /Users/larryseyer/AudioDevelopment/OTTO/Builds/MacOSX/CMake-Release/OTTO_artefacts/JuceLibraryCode/JuceHeader.h:14:
In file included from /Users/larryseyer/AudioDevelopment/OTTO/JUCE/modules/juce_audio_plugin_client/juce_audio_plugin_client.h:63:
In file included from /Users/larryseyer/AudioDevelopment/OTTO/JUCE/modules/juce_gui_basics/juce_gui_basics.h:68:
In file included from /Users/larryseyer/AudioDevelopment/OTTO/JUCE/modules/juce_graphics/juce_graphics.h:67:
In file included from /Users/larryseyer/AudioDevelopment/OTTO/JUCE/modules/juce_core/juce_core.h:247:
/Users/larryseyer/AudioDevelopment/OTTO/JUCE/modules/juce_core/text/juce_CharPointer_UTF8.h:481:12: warning: 'JUCE_WINDOWS' is not defined, evaluates to 0 [-Wundef]
  481 |        #if JUCE_WINDOWS
      |            ^
In file included from /Users/larryseyer/AudioDevelopment/OTTO/Source/UX/ContextMenuManager.cpp:1:
In file included from /Users/larryseyer/AudioDevelopment/OTTO/Source/UX/ContextMenuManager.h:2:
In file included from /Users/larryseyer/AudioDevelopment/OTTO/Builds/MacOSX/CMake-Release/OTTO_artefacts/JuceLibraryCode/JuceHeader.h:14:
In file included from /Users/larryseyer/AudioDevelopment/OTTO/JUCE/modules/juce_audio_plugin_client/juce_audio_plugin_client.h:63:
In file included from /Users/larryseyer/AudioDevelopment/OTTO/JUCE/modules/juce_gui_basics/juce_gui_basics.h:68:
In file included from /Users/larryseyer/AudioDevelopment/OTTO/JUCE/modules/juce_graphics/juce_graphics.h:67:
In file included from /Users/larryseyer/AudioDevelopment/OTTO/JUCE/modules/juce_core/juce_core.h:248:
/Users/larryseyer/AudioDevelopment/OTTO/JUCE/modules/juce_core/text/juce_CharPointer_UTF16.h:353:8: warning: 'JUCE_MSVC' is not defined, evaluates to 0 [-Wundef]
  353 |    #if JUCE_MSVC && ! defined (DOXYGEN)
      |        ^
/Users/larryseyer/AudioDevelopment/OTTO/JUCE/modules/juce_core/text/juce_CharPointer_UTF16.h:412:12: warning: 'JUCE_MSVC' is not defined, evaluates to 0 [-Wundef]
  412 |        #if JUCE_MSVC
      |            ^
/Users/larryseyer/AudioDevelopment/OTTO/JUCE/modules/juce_core/text/juce_CharPointer_UTF16.h:422:12: warning: 'JUCE_MSVC' is not defined, evaluates to 0 [-Wundef]
  422 |        #if JUCE_MSVC
      |            ^
In file included from /Users/larryseyer/AudioDevelopment/OTTO/Source/UX/ContextMenuManager.cpp:1:
In file included from /Users/larryseyer/AudioDevelopment/OTTO/Source/UX/ContextMenuManager.h:2:
In file included from /Users/larryseyer/AudioDevelopment/OTTO/Builds/MacOSX/CMake-Release/OTTO_artefacts/JuceLibraryCode/JuceHeader.h:14:
In file included from /Users/larryseyer/AudioDevelopment/OTTO/JUCE/modules/juce_audio_plugin_client/juce_audio_plugin_client.h:63:
In file included from /Users/larryseyer/AudioDevelopment/OTTO/JUCE/modules/juce_gui_basics/juce_gui_basics.h:68:
In file included from /Users/larryseyer/AudioDevelopment/OTTO/JUCE/modules/juce_graphics/juce_graphics.h:67:
In file included from /Users/larryseyer/AudioDevelopment/OTTO/JUCE/modules/juce_core/juce_core.h:249:
/Users/larryseyer/AudioDevelopment/OTTO/JUCE/modules/juce_core/text/juce_CharPointer_UTF32.h:166:44: warning: 'JUCE_ANDROID' is not defined, evaluates to 0 [-Wundef]
  166 |        #if JUCE_NATIVE_WCHAR_IS_UTF32 && ! JUCE_ANDROID
      |                                            ^
/Users/larryseyer/AudioDevelopment/OTTO/JUCE/modules/juce_core/text/juce_CharPointer_UTF32.h:266:40: warning: 'JUCE_ANDROID' is not defined, evaluates to 0 [-Wundef]
  266 |    #if JUCE_NATIVE_WCHAR_IS_UTF32 && ! JUCE_ANDROID
      |                                        ^
In file included from /Users/larryseyer/AudioDevelopment/OTTO/Source/UX/ContextMenuManager.cpp:1:
In file included from /Users/larryseyer/AudioDevelopment/OTTO/Source/UX/ContextMenuManager.h:2:
In file included from /Users/larryseyer/AudioDevelopment/OTTO/Builds/MacOSX/CMake-Release/OTTO_artefacts/JuceLibraryCode/JuceHeader.h:14:
In file included from /Users/larryseyer/AudioDevelopment/OTTO/JUCE/modules/juce_audio_plugin_client/juce_audio_plugin_client.h:63:
In file included from /Users/larryseyer/AudioDevelopment/OTTO/JUCE/modules/juce_gui_basics/juce_gui_basics.h:68:
In file included from /Users/larryseyer/AudioDevelopment/OTTO/JUCE/modules/juce_graphics/juce_graphics.h:67:
In file included from /Users/larryseyer/AudioDevelopment/OTTO/JUCE/modules/juce_core/juce_core.h:250:
/Users/larryseyer/AudioDevelopment/OTTO/JUCE/modules/juce_core/text/juce_CharPointer_ASCII.h:278:12: warning: 'JUCE_WINDOWS' is not defined, evaluates to 0 [-Wundef]
  278 |        #if JUCE_WINDOWS && JUCE_CLANG
      |            ^
/Users/larryseyer/AudioDevelopment/OTTO/JUCE/modules/juce_core/text/juce_CharPointer_ASCII.h:280:14: warning: 'JUCE_WINDOWS' is not defined, evaluates to 0 [-Wundef]
  280 |        #elif JUCE_WINDOWS
      |              ^
/Users/larryseyer/AudioDevelopment/OTTO/JUCE/modules/juce_core/text/juce_CharPointer_ASCII.h:348:12: warning: 'JUCE_LINUX' is not defined, evaluates to 0 [-Wundef]
  348 |        #if JUCE_LINUX || JUCE_BSD || JUCE_ANDROID
      |            ^
/Users/larryseyer/AudioDevelopment/OTTO/JUCE/modules/juce_core/text/juce_CharPointer_ASCII.h:348:26: warning: 'JUCE_BSD' is not defined, evaluates to 0 [-Wundef]
  348 |        #if JUCE_LINUX || JUCE_BSD || JUCE_ANDROID
      |                          ^
/Users/larryseyer/AudioDevelopment/OTTO/JUCE/modules/juce_core/text/juce_CharPointer_ASCII.h:348:38: warning: 'JUCE_ANDROID' is not defined, evaluates to 0 [-Wundef]
  348 |        #if JUCE_LINUX || JUCE_BSD || JUCE_ANDROID
      |                                      ^
/Users/larryseyer/AudioDevelopment/OTTO/JUCE/modules/juce_core/text/juce_CharPointer_ASCII.h:350:14: warning: 'JUCE_WINDOWS' is not defined, evaluates to 0 [-Wundef]
  350 |        #elif JUCE_WINDOWS
      |              ^
In file included from /Users/larryseyer/AudioDevelopment/OTTO/Source/UX/ContextMenuManager.cpp:1:
In file included from /Users/larryseyer/AudioDevelopment/OTTO/Source/UX/ContextMenuManager.h:2:
In file included from /Users/larryseyer/AudioDevelopment/OTTO/Builds/MacOSX/CMake-Release/OTTO_artefacts/JuceLibraryCode/JuceHeader.h:14:
In file included from /Users/larryseyer/AudioDevelopment/OTTO/JUCE/modules/juce_audio_plugin_client/juce_audio_plugin_client.h:63:
In file included from /Users/larryseyer/AudioDevelopment/OTTO/JUCE/modules/juce_gui_basics/juce_gui_basics.h:68:
In file included from /Users/larryseyer/AudioDevelopment/OTTO/JUCE/modules/juce_graphics/juce_graphics.h:67:
In file included from /Users/larryseyer/AudioDevelopment/OTTO/JUCE/modules/juce_core/juce_core.h:254:
/Users/larryseyer/AudioDevelopment/OTTO/JUCE/modules/juce_core/text/juce_String.h:198:11: warning: 'DOXYGEN' is not defined, evaluates to 0 [-Wundef]
  198 |    #elif (DOXYGEN || JUCE_STRING_UTF_TYPE == 8)
      |           ^
In file included from /Users/larryseyer/AudioDevelopment/OTTO/Source/UX/ContextMenuManager.cpp:1:
In file included from /Users/larryseyer/AudioDevelopment/OTTO/Source/UX/ContextMenuManager.h:2:
In file included from /Users/larryseyer/AudioDevelopment/OTTO/Builds/MacOSX/CMake-Release/OTTO_artefacts/JuceLibraryCode/JuceHeader.h:14:
In file included from /Users/larryseyer/AudioDevelopment/OTTO/JUCE/modules/juce_audio_plugin_client/juce_audio_plugin_client.h:63:
In file included from /Users/larryseyer/AudioDevelopment/OTTO/JUCE/modules/juce_gui_basics/juce_gui_basics.h:68:
In file included from /Users/larryseyer/AudioDevelopment/OTTO/JUCE/modules/juce_graphics/juce_graphics.h:67:
In file included from /Users/larryseyer/AudioDevelopment/OTTO/JUCE/modules/juce_core/juce_core.h:257:
/Users/larryseyer/AudioDevelopment/OTTO/JUCE/modules/juce_core/memory/juce_LeakedObjectDetector.h:124:5: warning: 'DOXYGEN' is not defined, evaluates to 0 [-Wundef]
  124 | #if DOXYGEN || ! defined (JUCE_LEAK_DETECTOR)
      |     ^
/Users/larryseyer/AudioDevelopment/OTTO/JUCE/modules/juce_core/memory/juce_LeakedObjectDetector.h:125:7: warning: 'DOXYGEN' is not defined, evaluates to 0 [-Wundef]
  125 |  #if (DOXYGEN || JUCE_CHECK_MEMORY_LEAKS)
      |       ^
In file included from /Users/larryseyer/AudioDevelopment/OTTO/Source/UX/ContextMenuManager.cpp:1:
In file included from /Users/larryseyer/AudioDevelopment/OTTO/Source/UX/ContextMenuManager.h:2:
In file included from /Users/larryseyer/AudioDevelopment/OTTO/Builds/MacOSX/CMake-Release/OTTO_artefacts/JuceLibraryCode/JuceHeader.h:14:
In file included from /Users/larryseyer/AudioDevelopment/OTTO/JUCE/modules/juce_audio_plugin_client/juce_audio_plugin_client.h:63:
In file included from /Users/larryseyer/AudioDevelopment/OTTO/JUCE/modules/juce_gui_basics/juce_gui_basics.h:68:
In file included from /Users/larryseyer/AudioDevelopment/OTTO/JUCE/modules/juce_graphics/juce_graphics.h:67:
In file included from /Users/larryseyer/AudioDevelopment/OTTO/JUCE/modules/juce_core/juce_core.h:259:
/Users/larryseyer/AudioDevelopment/OTTO/JUCE/modules/juce_core/memory/juce_HeapBlock.h:38:8: warning: 'DOXYGEN' is not defined, evaluates to 0 [-Wundef]
   38 | #if ! (DOXYGEN || JUCE_EXCEPTIONS_DISABLED)
      |        ^
/Users/larryseyer/AudioDevelopment/OTTO/JUCE/modules/juce_core/memory/juce_HeapBlock.h:38:19: warning: 'JUCE_EXCEPTIONS_DISABLED' is not defined, evaluates to 0 [-Wundef]
   38 | #if ! (DOXYGEN || JUCE_EXCEPTIONS_DISABLED)
      |                   ^
/Users/larryseyer/AudioDevelopment/OTTO/JUCE/modules/juce_core/memory/juce_HeapBlock.h:343:12: warning: 'JUCE_EXCEPTIONS_DISABLED' is not defined, evaluates to 0 [-Wundef]
  343 |        #if JUCE_EXCEPTIONS_DISABLED
      |            ^
In file included from /Users/larryseyer/AudioDevelopment/OTTO/Source/UX/ContextMenuManager.cpp:1:
In file included from /Users/larryseyer/AudioDevelopment/OTTO/Source/UX/ContextMenuManager.h:2:
In file included from /Users/larryseyer/AudioDevelopment/OTTO/Builds/MacOSX/CMake-Release/OTTO_artefacts/JuceLibraryCode/JuceHeader.h:14:
In file included from /Users/larryseyer/AudioDevelopment/OTTO/JUCE/modules/juce_audio_plugin_client/juce_audio_plugin_client.h:63:
In file included from /Users/larryseyer/AudioDevelopment/OTTO/JUCE/modules/juce_gui_basics/juce_gui_basics.h:68:
In file included from /Users/larryseyer/AudioDevelopment/OTTO/JUCE/modules/juce_graphics/juce_graphics.h:67:
In file included from /Users/larryseyer/AudioDevelopment/OTTO/JUCE/modules/juce_core/juce_core.h:263:
/Users/larryseyer/AudioDevelopment/OTTO/JUCE/modules/juce_core/memory/juce_ScopedPointer.h:151:10: warning: 'JUCE_MSVC' is not defined, evaluates to 0 [-Wundef]
  151 |    #if ! JUCE_MSVC  // (MSVC can't deal with multiple copy constructors)
      |          ^
In file included from /Users/larryseyer/AudioDevelopment/OTTO/Source/UX/ContextMenuManager.cpp:1:
In file included from /Users/larryseyer/AudioDevelopment/OTTO/Source/UX/ContextMenuManager.h:2:
In file included from /Users/larryseyer/AudioDevelopment/OTTO/Builds/MacOSX/CMake-Release/OTTO_artefacts/JuceLibraryCode/JuceHeader.h:14:
In file included from /Users/larryseyer/AudioDevelopment/OTTO/JUCE/modules/juce_audio_plugin_client/juce_audio_plugin_client.h:63:
In file included from /Users/larryseyer/AudioDevelopment/OTTO/JUCE/modules/juce_gui_basics/juce_gui_basics.h:68:
In file included from /Users/larryseyer/AudioDevelopment/OTTO/JUCE/modules/juce_graphics/juce_graphics.h:67:
In file included from /Users/larryseyer/AudioDevelopment/OTTO/JUCE/modules/juce_core/juce_core.h:271:
/Users/larryseyer/AudioDevelopment/OTTO/JUCE/modules/juce_core/threads/juce_CriticalSection.h:116:8: warning: 'JUCE_WINDOWS' is not defined, evaluates to 0 [-Wundef]
  116 |    #if JUCE_WINDOWS
      |        ^
In file included from /Users/larryseyer/AudioDevelopment/OTTO/Source/UX/ContextMenuManager.cpp:1:
In file included from /Users/larryseyer/AudioDevelopment/OTTO/Source/UX/ContextMenuManager.h:2:
In file included from /Users/larryseyer/AudioDevelopment/OTTO/Builds/MacOSX/CMake-Release/OTTO_artefacts/JuceLibraryCode/JuceHeader.h:14:
In file included from /Users/larryseyer/AudioDevelopment/OTTO/JUCE/modules/juce_audio_plugin_client/juce_audio_plugin_client.h:63:
In file included from /Users/larryseyer/AudioDevelopment/OTTO/JUCE/modules/juce_gui_basics/juce_gui_basics.h:68:
In file included from /Users/larryseyer/AudioDevelopment/OTTO/JUCE/modules/juce_graphics/juce_graphics.h:67:
In file included from /Users/larryseyer/AudioDevelopment/OTTO/JUCE/modules/juce_core/juce_core.h:293:
/Users/larryseyer/AudioDevelopment/OTTO/JUCE/modules/juce_core/memory/juce_HeavyweightLeakedObjectDetector.h:123:5: warning: 'DOXYGEN' is not defined, evaluates to 0 [-Wundef]
  123 | #if DOXYGEN || ! defined (JUCE_HEAVYWEIGHT_LEAK_DETECTOR)
      |     ^
/Users/larryseyer/AudioDevelopment/OTTO/JUCE/modules/juce_core/memory/juce_HeavyweightLeakedObjectDetector.h:124:7: warning: 'DOXYGEN' is not defined, evaluates to 0 [-Wundef]
  124 |  #if (DOXYGEN || JUCE_CHECK_MEMORY_LEAKS)
      |       ^
In file included from /Users/larryseyer/AudioDevelopment/OTTO/Source/UX/ContextMenuManager.cpp:1:
In file included from /Users/larryseyer/AudioDevelopment/OTTO/Source/UX/ContextMenuManager.h:2:
In file included from /Users/larryseyer/AudioDevelopment/OTTO/Builds/MacOSX/CMake-Release/OTTO_artefacts/JuceLibraryCode/JuceHeader.h:14:
In file included from /Users/larryseyer/AudioDevelopment/OTTO/JUCE/modules/juce_audio_plugin_client/juce_audio_plugin_client.h:63:
In file included from /Users/larryseyer/AudioDevelopment/OTTO/JUCE/modules/juce_gui_basics/juce_gui_basics.h:68:
In file included from /Users/larryseyer/AudioDevelopment/OTTO/JUCE/modules/juce_graphics/juce_graphics.h:67:
In file included from /Users/larryseyer/AudioDevelopment/OTTO/JUCE/modules/juce_core/juce_core.h:318:
/Users/larryseyer/AudioDevelopment/OTTO/JUCE/modules/juce_core/files/juce_File.h:38:7: warning: 'DOXYGEN' is not defined, evaluates to 0 [-Wundef]
   38 | #if ! DOXYGEN && (JUCE_MAC || JUCE_IOS)
      |       ^
/Users/larryseyer/AudioDevelopment/OTTO/JUCE/modules/juce_core/files/juce_File.h:970:12: warning: 'JUCE_WINDOWS' is not defined, evaluates to 0 [-Wundef]
  970 |        #if JUCE_WINDOWS || DOXYGEN
      |            ^
/Users/larryseyer/AudioDevelopment/OTTO/JUCE/modules/juce_core/files/juce_File.h:970:28: warning: 'DOXYGEN' is not defined, evaluates to 0 [-Wundef]
  970 |        #if JUCE_WINDOWS || DOXYGEN
      |                            ^
/Users/larryseyer/AudioDevelopment/OTTO/JUCE/modules/juce_core/files/juce_File.h:981:12: warning: 'JUCE_WINDOWS' is not defined, evaluates to 0 [-Wundef]
  981 |        #if JUCE_WINDOWS || DOXYGEN
      |            ^
/Users/larryseyer/AudioDevelopment/OTTO/JUCE/modules/juce_core/files/juce_File.h:981:28: warning: 'DOXYGEN' is not defined, evaluates to 0 [-Wundef]
  981 |        #if JUCE_WINDOWS || DOXYGEN
      |                            ^
/Users/larryseyer/AudioDevelopment/OTTO/JUCE/modules/juce_core/files/juce_File.h:1100:8: warning: 'JUCE_WINDOWS' is not defined, evaluates to 0 [-Wundef]
 1100 |    #if JUCE_WINDOWS || DOXYGEN
      |        ^
/Users/larryseyer/AudioDevelopment/OTTO/JUCE/modules/juce_core/files/juce_File.h:1100:24: warning: 'DOXYGEN' is not defined, evaluates to 0 [-Wundef]
 1100 |    #if JUCE_WINDOWS || DOXYGEN
      |                        ^
/Users/larryseyer/AudioDevelopment/OTTO/JUCE/modules/juce_core/files/juce_File.h:1146:16: warning: 'NAMES_ARE_CASE_SENSITIVE' is not defined, evaluates to 0 [-Wundef]
 1146 |            #if NAMES_ARE_CASE_SENSITIVE
      |                ^
In file included from /Users/larryseyer/AudioDevelopment/OTTO/Source/UX/ContextMenuManager.cpp:1:
In file included from /Users/larryseyer/AudioDevelopment/OTTO/Source/UX/ContextMenuManager.h:2:
In file included from /Users/larryseyer/AudioDevelopment/OTTO/Builds/MacOSX/CMake-Release/OTTO_artefacts/JuceLibraryCode/JuceHeader.h:14:
In file included from /Users/larryseyer/AudioDevelopment/OTTO/JUCE/modules/juce_audio_plugin_client/juce_audio_plugin_client.h:63:
In file included from /Users/larryseyer/AudioDevelopment/OTTO/JUCE/modules/juce_gui_basics/juce_gui_basics.h:68:
In file included from /Users/larryseyer/AudioDevelopment/OTTO/JUCE/modules/juce_graphics/juce_graphics.h:67:
In file included from /Users/larryseyer/AudioDevelopment/OTTO/JUCE/modules/juce_core/juce_core.h:321:
/Users/larryseyer/AudioDevelopment/OTTO/JUCE/modules/juce_core/detail/juce_NativeFileHandle.h:38:5: warning: 'JUCE_WINDOWS' is not defined, evaluates to 0 [-Wundef]
   38 | #if JUCE_WINDOWS
      |     ^
In file included from /Users/larryseyer/AudioDevelopment/OTTO/Source/UX/ContextMenuManager.cpp:1:
In file included from /Users/larryseyer/AudioDevelopment/OTTO/Source/UX/ContextMenuManager.h:2:
In file included from /Users/larryseyer/AudioDevelopment/OTTO/Builds/MacOSX/CMake-Release/OTTO_artefacts/JuceLibraryCode/JuceHeader.h:14:
In file included from /Users/larryseyer/AudioDevelopment/OTTO/JUCE/modules/juce_audio_plugin_client/juce_audio_plugin_client.h:63:
In file included from /Users/larryseyer/AudioDevelopment/OTTO/JUCE/modules/juce_gui_basics/juce_gui_basics.h:68:
In file included from /Users/larryseyer/AudioDevelopment/OTTO/JUCE/modules/juce_graphics/juce_graphics.h:67:
In file included from /Users/larryseyer/AudioDevelopment/OTTO/JUCE/modules/juce_core/juce_core.h:325:
/Users/larryseyer/AudioDevelopment/OTTO/JUCE/modules/juce_core/files/juce_MemoryMappedFile.h:116:8: warning: 'JUCE_WINDOWS' is not defined, evaluates to 0 [-Wundef]
  116 |    #if JUCE_WINDOWS
      |        ^
In file included from /Users/larryseyer/AudioDevelopment/OTTO/Source/UX/ContextMenuManager.cpp:1:
In file included from /Users/larryseyer/AudioDevelopment/OTTO/Source/UX/ContextMenuManager.h:2:
In file included from /Users/larryseyer/AudioDevelopment/OTTO/Builds/MacOSX/CMake-Release/OTTO_artefacts/JuceLibraryCode/JuceHeader.h:14:
In file included from /Users/larryseyer/AudioDevelopment/OTTO/JUCE/modules/juce_audio_plugin_client/juce_audio_plugin_client.h:63:
In file included from /Users/larryseyer/AudioDevelopment/OTTO/JUCE/modules/juce_gui_basics/juce_gui_basics.h:68:
In file included from /Users/larryseyer/AudioDevelopment/OTTO/JUCE/modules/juce_graphics/juce_graphics.h:67:
In file included from /Users/larryseyer/AudioDevelopment/OTTO/JUCE/modules/juce_core/juce_core.h:338:
/Users/larryseyer/AudioDevelopment/OTTO/JUCE/modules/juce_core/misc/juce_WindowsRegistry.h:38:5: warning: 'JUCE_WINDOWS' is not defined, evaluates to 0 [-Wundef]
   38 | #if JUCE_WINDOWS || DOXYGEN
      |     ^
/Users/larryseyer/AudioDevelopment/OTTO/JUCE/modules/juce_core/misc/juce_WindowsRegistry.h:38:21: warning: 'DOXYGEN' is not defined, evaluates to 0 [-Wundef]
   38 | #if JUCE_WINDOWS || DOXYGEN
      |                     ^
In file included from /Users/larryseyer/AudioDevelopment/OTTO/Source/UX/ContextMenuManager.cpp:1:
In file included from /Users/larryseyer/AudioDevelopment/OTTO/Source/UX/ContextMenuManager.h:2:
In file included from /Users/larryseyer/AudioDevelopment/OTTO/Builds/MacOSX/CMake-Release/OTTO_artefacts/JuceLibraryCode/JuceHeader.h:14:
In file included from /Users/larryseyer/AudioDevelopment/OTTO/JUCE/modules/juce_audio_plugin_client/juce_audio_plugin_client.h:63:
In file included from /Users/larryseyer/AudioDevelopment/OTTO/JUCE/modules/juce_gui_basics/juce_gui_basics.h:68:
In file included from /Users/larryseyer/AudioDevelopment/OTTO/JUCE/modules/juce_graphics/juce_graphics.h:67:
In file included from /Users/larryseyer/AudioDevelopment/OTTO/JUCE/modules/juce_core/juce_core.h:342:
/Users/larryseyer/AudioDevelopment/OTTO/JUCE/modules/juce_core/threads/juce_Process.h:122:8: warning: 'JUCE_WINDOWS' is not defined, evaluates to 0 [-Wundef]
  122 |    #if JUCE_WINDOWS || DOXYGEN
      |        ^
/Users/larryseyer/AudioDevelopment/OTTO/JUCE/modules/juce_core/threads/juce_Process.h:122:24: warning: 'DOXYGEN' is not defined, evaluates to 0 [-Wundef]
  122 |    #if JUCE_WINDOWS || DOXYGEN
      |                        ^
In file included from /Users/larryseyer/AudioDevelopment/OTTO/Source/UX/ContextMenuManager.cpp:1:
In file included from /Users/larryseyer/AudioDevelopment/OTTO/Source/UX/ContextMenuManager.h:2:
In file included from /Users/larryseyer/AudioDevelopment/OTTO/Builds/MacOSX/CMake-Release/OTTO_artefacts/JuceLibraryCode/JuceHeader.h:14:
In file included from /Users/larryseyer/AudioDevelopment/OTTO/JUCE/modules/juce_audio_plugin_client/juce_audio_plugin_client.h:63:
In file included from /Users/larryseyer/AudioDevelopment/OTTO/JUCE/modules/juce_gui_basics/juce_gui_basics.h:68:
In file included from /Users/larryseyer/AudioDevelopment/OTTO/JUCE/modules/juce_graphics/juce_graphics.h:67:
In file included from /Users/larryseyer/AudioDevelopment/OTTO/JUCE/modules/juce_core/juce_core.h:345:
/Users/larryseyer/AudioDevelopment/OTTO/JUCE/modules/juce_core/threads/juce_Thread.h:526:8: warning: 'JUCE_ANDROID' is not defined, evaluates to 0 [-Wundef]
  526 |    #if JUCE_ANDROID || DOXYGEN
      |        ^
/Users/larryseyer/AudioDevelopment/OTTO/JUCE/modules/juce_core/threads/juce_Thread.h:526:24: warning: 'DOXYGEN' is not defined, evaluates to 0 [-Wundef]
  526 |    #if JUCE_ANDROID || DOXYGEN
      |                        ^
/Users/larryseyer/AudioDevelopment/OTTO/JUCE/modules/juce_core/threads/juce_Thread.h:607:8: warning: 'JUCE_ANDROID' is not defined, evaluates to 0 [-Wundef]
  607 |    #if JUCE_ANDROID || JUCE_LINUX || JUCE_BSD
      |        ^
/Users/larryseyer/AudioDevelopment/OTTO/JUCE/modules/juce_core/threads/juce_Thread.h:607:24: warning: 'JUCE_LINUX' is not defined, evaluates to 0 [-Wundef]
  607 |    #if JUCE_ANDROID || JUCE_LINUX || JUCE_BSD
      |                        ^
/Users/larryseyer/AudioDevelopment/OTTO/JUCE/modules/juce_core/threads/juce_Thread.h:607:38: warning: 'JUCE_BSD' is not defined, evaluates to 0 [-Wundef]
  607 |    #if JUCE_ANDROID || JUCE_LINUX || JUCE_BSD
      |                                      ^
In file included from /Users/larryseyer/AudioDevelopment/OTTO/Source/UX/ContextMenuManager.cpp:1:
In file included from /Users/larryseyer/AudioDevelopment/OTTO/Source/UX/ContextMenuManager.h:2:
In file included from /Users/larryseyer/AudioDevelopment/OTTO/Builds/MacOSX/CMake-Release/OTTO_artefacts/JuceLibraryCode/JuceHeader.h:14:
In file included from /Users/larryseyer/AudioDevelopment/OTTO/JUCE/modules/juce_audio_plugin_client/juce_audio_plugin_client.h:63:
In file included from /Users/larryseyer/AudioDevelopment/OTTO/JUCE/modules/juce_gui_basics/juce_gui_basics.h:68:
In file included from /Users/larryseyer/AudioDevelopment/OTTO/JUCE/modules/juce_graphics/juce_graphics.h:67:
In file included from /Users/larryseyer/AudioDevelopment/OTTO/JUCE/modules/juce_core/juce_core.h:357:
/Users/larryseyer/AudioDevelopment/OTTO/JUCE/modules/juce_core/network/juce_URL.h:567:12: warning: 'JUCE_IOS' is not defined, evaluates to 0 [-Wundef]
  567 |        #if JUCE_IOS
      |            ^
/Users/larryseyer/AudioDevelopment/OTTO/JUCE/modules/juce_core/network/juce_URL.h:708:8: warning: 'JUCE_IOS' is not defined, evaluates to 0 [-Wundef]
  708 |    #if JUCE_IOS
      |        ^
In file included from /Users/larryseyer/AudioDevelopment/OTTO/Source/UX/ContextMenuManager.cpp:1:
In file included from /Users/larryseyer/AudioDevelopment/OTTO/Source/UX/ContextMenuManager.h:2:
In file included from /Users/larryseyer/AudioDevelopment/OTTO/Builds/MacOSX/CMake-Release/OTTO_artefacts/JuceLibraryCode/JuceHeader.h:14:
In file included from /Users/larryseyer/AudioDevelopment/OTTO/JUCE/modules/juce_audio_plugin_client/juce_audio_plugin_client.h:63:
In file included from /Users/larryseyer/AudioDevelopment/OTTO/JUCE/modules/juce_gui_basics/juce_gui_basics.h:68:
In file included from /Users/larryseyer/AudioDevelopment/OTTO/JUCE/modules/juce_graphics/juce_graphics.h:67:
In file included from /Users/larryseyer/AudioDevelopment/OTTO/JUCE/modules/juce_core/juce_core.h:366:
/Users/larryseyer/AudioDevelopment/OTTO/JUCE/modules/juce_core/zip/juce_ZipFile.h:280:8: warning: 'JUCE_DEBUG' is not defined, evaluates to 0 [-Wundef]
  280 |    #if JUCE_DEBUG
      |        ^
In file included from /Users/larryseyer/AudioDevelopment/OTTO/Source/UX/ContextMenuManager.cpp:1:
In file included from /Users/larryseyer/AudioDevelopment/OTTO/Source/UX/ContextMenuManager.h:2:
In file included from /Users/larryseyer/AudioDevelopment/OTTO/Builds/MacOSX/CMake-Release/OTTO_artefacts/JuceLibraryCode/JuceHeader.h:14:
In file included from /Users/larryseyer/AudioDevelopment/OTTO/JUCE/modules/juce_audio_plugin_client/juce_audio_plugin_client.h:63:
In file included from /Users/larryseyer/AudioDevelopment/OTTO/JUCE/modules/juce_gui_basics/juce_gui_basics.h:68:
In file included from /Users/larryseyer/AudioDevelopment/OTTO/JUCE/modules/juce_graphics/juce_graphics.h:67:
/Users/larryseyer/AudioDevelopment/OTTO/JUCE/modules/juce_core/juce_core.h:378:5: warning: 'JUCE_CORE_INCLUDE_OBJC_HELPERS' is not defined, evaluates to 0 [-Wundef]
  378 | #if JUCE_CORE_INCLUDE_OBJC_HELPERS && (JUCE_MAC || JUCE_IOS)
      |     ^
/Users/larryseyer/AudioDevelopment/OTTO/JUCE/modules/juce_core/juce_core.h:383:5: warning: 'JUCE_CORE_INCLUDE_COM_SMART_PTR' is not defined, evaluates to 0 [-Wundef]
  383 | #if JUCE_CORE_INCLUDE_COM_SMART_PTR && JUCE_WINDOWS
      |     ^
/Users/larryseyer/AudioDevelopment/OTTO/JUCE/modules/juce_core/juce_core.h:387:5: warning: 'JUCE_CORE_INCLUDE_JNI_HELPERS' is not defined, evaluates to 0 [-Wundef]
  387 | #if JUCE_CORE_INCLUDE_JNI_HELPERS && JUCE_ANDROID
      |     ^
/Users/larryseyer/AudioDevelopment/OTTO/JUCE/modules/juce_core/juce_core.h:392:5: warning: 'JUCE_UNIT_TESTS' is not defined, evaluates to 0 [-Wundef]
  392 | #if JUCE_UNIT_TESTS
      |     ^
/Users/larryseyer/AudioDevelopment/OTTO/JUCE/modules/juce_core/juce_core.h:407:6: warning: 'JUCE_DEBUG' is not defined, evaluates to 0 [-Wundef]
  407 |  #if JUCE_DEBUG
      |      ^
In file included from /Users/larryseyer/AudioDevelopment/OTTO/Source/UX/ContextMenuManager.cpp:1:
In file included from /Users/larryseyer/AudioDevelopment/OTTO/Source/UX/ContextMenuManager.h:2:
In file included from /Users/larryseyer/AudioDevelopment/OTTO/Builds/MacOSX/CMake-Release/OTTO_artefacts/JuceLibraryCode/JuceHeader.h:14:
In file included from /Users/larryseyer/AudioDevelopment/OTTO/JUCE/modules/juce_audio_plugin_client/juce_audio_plugin_client.h:63:
In file included from /Users/larryseyer/AudioDevelopment/OTTO/JUCE/modules/juce_gui_basics/juce_gui_basics.h:68:
In file included from /Users/larryseyer/AudioDevelopment/OTTO/JUCE/modules/juce_graphics/juce_graphics.h:68:
/Users/larryseyer/AudioDevelopment/OTTO/JUCE/modules/juce_events/juce_events.h:75:5: warning: 'JUCE_WINDOWS' is not defined, evaluates to 0 [-Wundef]
   75 | #if JUCE_WINDOWS && JUCE_EVENTS_INCLUDE_WINRT_WRAPPER
      |     ^
In file included from /Users/larryseyer/AudioDevelopment/OTTO/Source/UX/ContextMenuManager.cpp:1:
In file included from /Users/larryseyer/AudioDevelopment/OTTO/Source/UX/ContextMenuManager.h:2:
In file included from /Users/larryseyer/AudioDevelopment/OTTO/Builds/MacOSX/CMake-Release/OTTO_artefacts/JuceLibraryCode/JuceHeader.h:14:
In file included from /Users/larryseyer/AudioDevelopment/OTTO/JUCE/modules/juce_audio_plugin_client/juce_audio_plugin_client.h:63:
In file included from /Users/larryseyer/AudioDevelopment/OTTO/JUCE/modules/juce_gui_basics/juce_gui_basics.h:68:
In file included from /Users/larryseyer/AudioDevelopment/OTTO/JUCE/modules/juce_graphics/juce_graphics.h:68:
In file included from /Users/larryseyer/AudioDevelopment/OTTO/JUCE/modules/juce_events/juce_events.h:91:
/Users/larryseyer/AudioDevelopment/OTTO/JUCE/modules/juce_events/messages/juce_ApplicationBase.h:300:8: warning: 'JUCE_IOS' is not defined, evaluates to 0 [-Wundef]
  300 |    #if JUCE_IOS
      |        ^
/Users/larryseyer/AudioDevelopment/OTTO/JUCE/modules/juce_events/messages/juce_ApplicationBase.h:324:40: warning: 'DOXYGEN' is not defined, evaluates to 0 [-Wundef]
  324 | #if JUCE_CATCH_UNHANDLED_EXCEPTIONS || DOXYGEN
      |                                        ^
In file included from /Users/larryseyer/AudioDevelopment/OTTO/Source/UX/ContextMenuManager.cpp:1:
In file included from /Users/larryseyer/AudioDevelopment/OTTO/Source/UX/ContextMenuManager.h:2:
In file included from /Users/larryseyer/AudioDevelopment/OTTO/Builds/MacOSX/CMake-Release/OTTO_artefacts/JuceLibraryCode/JuceHeader.h:14:
In file included from /Users/larryseyer/AudioDevelopment/OTTO/JUCE/modules/juce_audio_plugin_client/juce_audio_plugin_client.h:63:
In file included from /Users/larryseyer/AudioDevelopment/OTTO/JUCE/modules/juce_gui_basics/juce_gui_basics.h:68:
In file included from /Users/larryseyer/AudioDevelopment/OTTO/JUCE/modules/juce_graphics/juce_graphics.h:68:
In file included from /Users/larryseyer/AudioDevelopment/OTTO/JUCE/modules/juce_events/juce_events.h:92:
/Users/larryseyer/AudioDevelopment/OTTO/JUCE/modules/juce_events/messages/juce_Initialisation.h:102:5: warning: 'DOXYGEN' is not defined, evaluates to 0 [-Wundef]
  102 | #if DOXYGEN
      |     ^
/Users/larryseyer/AudioDevelopment/OTTO/JUCE/modules/juce_events/messages/juce_Initialisation.h:105:6: warning: 'JUCE_WINDOWS' is not defined, evaluates to 0 [-Wundef]
  105 |  #if JUCE_WINDOWS && ! defined (_CONSOLE)
      |      ^
/Users/larryseyer/AudioDevelopment/OTTO/JUCE/modules/juce_events/messages/juce_Initialisation.h:116:6: warning: 'JUCE_IOS' is not defined, evaluates to 0 [-Wundef]
  116 |  #if JUCE_IOS
      |      ^
/Users/larryseyer/AudioDevelopment/OTTO/JUCE/modules/juce_events/messages/juce_Initialisation.h:138:8: warning: 'JUCE_ANDROID' is not defined, evaluates to 0 [-Wundef]
  138 |  #elif JUCE_ANDROID
      |        ^
/Users/larryseyer/AudioDevelopment/OTTO/JUCE/modules/juce_events/messages/juce_Initialisation.h:161:7: warning: 'JUCE_USE_CUSTOM_PLUGIN_STANDALONE_APP' is not defined, evaluates to 0 [-Wundef]
  161 |   #if JUCE_USE_CUSTOM_PLUGIN_STANDALONE_APP
      |       ^
/Users/larryseyer/AudioDevelopment/OTTO/JUCE/modules/juce_events/messages/juce_Initialisation.h:168:8: warning: 'JUCE_IOS' is not defined, evaluates to 0 [-Wundef]
  168 |    #if JUCE_IOS
      |        ^
In file included from /Users/larryseyer/AudioDevelopment/OTTO/Source/UX/ContextMenuManager.cpp:1:
In file included from /Users/larryseyer/AudioDevelopment/OTTO/Source/UX/ContextMenuManager.h:2:
In file included from /Users/larryseyer/AudioDevelopment/OTTO/Builds/MacOSX/CMake-Release/OTTO_artefacts/JuceLibraryCode/JuceHeader.h:14:
In file included from /Users/larryseyer/AudioDevelopment/OTTO/JUCE/modules/juce_audio_plugin_client/juce_audio_plugin_client.h:63:
In file included from /Users/larryseyer/AudioDevelopment/OTTO/JUCE/modules/juce_gui_basics/juce_gui_basics.h:68:
In file included from /Users/larryseyer/AudioDevelopment/OTTO/JUCE/modules/juce_graphics/juce_graphics.h:68:
/Users/larryseyer/AudioDevelopment/OTTO/JUCE/modules/juce_events/juce_events.h:110:5: warning: 'JUCE_LINUX' is not defined, evaluates to 0 [-Wundef]
  110 | #if JUCE_LINUX || JUCE_BSD
      |     ^
/Users/larryseyer/AudioDevelopment/OTTO/JUCE/modules/juce_events/juce_events.h:110:19: warning: 'JUCE_BSD' is not defined, evaluates to 0 [-Wundef]
  110 | #if JUCE_LINUX || JUCE_BSD
      |                   ^
/Users/larryseyer/AudioDevelopment/OTTO/JUCE/modules/juce_events/juce_events.h:114:5: warning: 'JUCE_WINDOWS' is not defined, evaluates to 0 [-Wundef]
  114 | #if JUCE_WINDOWS
      |     ^
In file included from /Users/larryseyer/AudioDevelopment/OTTO/Source/UX/ContextMenuManager.cpp:1:
In file included from /Users/larryseyer/AudioDevelopment/OTTO/Source/UX/ContextMenuManager.h:2:
In file included from /Users/larryseyer/AudioDevelopment/OTTO/Builds/MacOSX/CMake-Release/OTTO_artefacts/JuceLibraryCode/JuceHeader.h:14:
In file included from /Users/larryseyer/AudioDevelopment/OTTO/JUCE/modules/juce_audio_plugin_client/juce_audio_plugin_client.h:63:
In file included from /Users/larryseyer/AudioDevelopment/OTTO/JUCE/modules/juce_gui_basics/juce_gui_basics.h:68:
In file included from /Users/larryseyer/AudioDevelopment/OTTO/JUCE/modules/juce_graphics/juce_graphics.h:122:
/Users/larryseyer/AudioDevelopment/OTTO/JUCE/modules/juce_graphics/colour/juce_PixelFormats.h:39:5: warning: 'JUCE_MSVC' is not defined, evaluates to 0 [-Wundef]
   39 | #if JUCE_MSVC
      |     ^
/Users/larryseyer/AudioDevelopment/OTTO/JUCE/modules/juce_graphics/colour/juce_PixelFormats.h:89:12: warning: 'JUCE_ANDROID' is not defined, evaluates to 0 [-Wundef]
   89 |        #if JUCE_ANDROID
      |            ^
/Users/larryseyer/AudioDevelopment/OTTO/JUCE/modules/juce_graphics/colour/juce_PixelFormats.h:100:12: warning: 'JUCE_BIG_ENDIAN' is not defined, evaluates to 0 [-Wundef]
  100 |        #if JUCE_BIG_ENDIAN
      |            ^
/Users/larryseyer/AudioDevelopment/OTTO/JUCE/modules/juce_graphics/colour/juce_PixelFormats.h:301:7: warning: 'JUCE_ANDROID' is not defined, evaluates to 0 [-Wundef]
  301 |   #if JUCE_ANDROID
      |       ^
/Users/larryseyer/AudioDevelopment/OTTO/JUCE/modules/juce_graphics/colour/juce_PixelFormats.h:308:8: warning: 'JUCE_BIG_ENDIAN' is not defined, evaluates to 0 [-Wundef]
  308 |    #if JUCE_BIG_ENDIAN
      |        ^
/Users/larryseyer/AudioDevelopment/OTTO/JUCE/modules/juce_graphics/colour/juce_PixelFormats.h:325:11: warning: 'JUCE_ANDROID' is not defined, evaluates to 0 [-Wundef]
  325 |       #if JUCE_ANDROID
      |           ^
/Users/larryseyer/AudioDevelopment/OTTO/JUCE/modules/juce_graphics/colour/juce_PixelFormats.h:332:12: warning: 'JUCE_BIG_ENDIAN' is not defined, evaluates to 0 [-Wundef]
  332 |        #if JUCE_BIG_ENDIAN
      |            ^
/Users/larryseyer/AudioDevelopment/OTTO/JUCE/modules/juce_graphics/colour/juce_PixelFormats.h:375:12: warning: 'JUCE_ANDROID' is not defined, evaluates to 0 [-Wundef]
  375 |        #if JUCE_ANDROID
      |            ^
/Users/larryseyer/AudioDevelopment/OTTO/JUCE/modules/juce_graphics/colour/juce_PixelFormats.h:386:12: warning: 'JUCE_ANDROID' is not defined, evaluates to 0 [-Wundef]
  386 |        #if JUCE_ANDROID
      |            ^
/Users/larryseyer/AudioDevelopment/OTTO/JUCE/modules/juce_graphics/colour/juce_PixelFormats.h:397:12: warning: 'JUCE_BIG_ENDIAN' is not defined, evaluates to 0 [-Wundef]
  397 |        #if JUCE_BIG_ENDIAN
      |            ^
/Users/larryseyer/AudioDevelopment/OTTO/JUCE/modules/juce_graphics/colour/juce_PixelFormats.h:411:12: warning: 'JUCE_ANDROID' is not defined, evaluates to 0 [-Wundef]
  411 |        #if JUCE_ANDROID
      |            ^
/Users/larryseyer/AudioDevelopment/OTTO/JUCE/modules/juce_graphics/colour/juce_PixelFormats.h:472:12: warning: 'JUCE_ANDROID' is not defined, evaluates to 0 [-Wundef]
  472 |        #if JUCE_ANDROID
      |            ^
/Users/larryseyer/AudioDevelopment/OTTO/JUCE/modules/juce_graphics/colour/juce_PixelFormats.h:504:12: warning: 'JUCE_ANDROID' is not defined, evaluates to 0 [-Wundef]
  504 |        #if JUCE_ANDROID
      |            ^
/Users/larryseyer/AudioDevelopment/OTTO/JUCE/modules/juce_graphics/colour/juce_PixelFormats.h:527:12: warning: 'JUCE_ANDROID' is not defined, evaluates to 0 [-Wundef]
  527 |        #if JUCE_ANDROID
      |            ^
/Users/larryseyer/AudioDevelopment/OTTO/JUCE/modules/juce_graphics/colour/juce_PixelFormats.h:569:11: warning: 'JUCE_ANDROID' is not defined, evaluates to 0 [-Wundef]
  569 |       #if JUCE_ANDROID
      |           ^
/Users/larryseyer/AudioDevelopment/OTTO/JUCE/modules/juce_graphics/colour/juce_PixelFormats.h:745:5: warning: 'JUCE_MSVC' is not defined, evaluates to 0 [-Wundef]
  745 | #if JUCE_MSVC
      |     ^
In file included from /Users/larryseyer/AudioDevelopment/OTTO/Source/UX/ContextMenuManager.cpp:1:
In file included from /Users/larryseyer/AudioDevelopment/OTTO/Source/UX/ContextMenuManager.h:2:
In file included from /Users/larryseyer/AudioDevelopment/OTTO/Builds/MacOSX/CMake-Release/OTTO_artefacts/JuceLibraryCode/JuceHeader.h:14:
In file included from /Users/larryseyer/AudioDevelopment/OTTO/JUCE/modules/juce_audio_plugin_client/juce_audio_plugin_client.h:63:
In file included from /Users/larryseyer/AudioDevelopment/OTTO/JUCE/modules/juce_gui_basics/juce_gui_basics.h:68:
In file included from /Users/larryseyer/AudioDevelopment/OTTO/JUCE/modules/juce_graphics/juce_graphics.h:141:
/Users/larryseyer/AudioDevelopment/OTTO/JUCE/modules/juce_graphics/detail/juce_Ranges.h:114:12: warning: 'JUCE_DEBUG' is not defined, evaluates to 0 [-Wundef]
  114 |        #if JUCE_DEBUG
      |            ^
In file included from /Users/larryseyer/AudioDevelopment/OTTO/Source/UX/ContextMenuManager.cpp:1:
In file included from /Users/larryseyer/AudioDevelopment/OTTO/Source/UX/ContextMenuManager.h:2:
In file included from /Users/larryseyer/AudioDevelopment/OTTO/Builds/MacOSX/CMake-Release/OTTO_artefacts/JuceLibraryCode/JuceHeader.h:14:
In file included from /Users/larryseyer/AudioDevelopment/OTTO/JUCE/modules/juce_audio_plugin_client/juce_audio_plugin_client.h:63:
In file included from /Users/larryseyer/AudioDevelopment/OTTO/JUCE/modules/juce_gui_basics/juce_gui_basics.h:68:
In file included from /Users/larryseyer/AudioDevelopment/OTTO/JUCE/modules/juce_graphics/juce_graphics.h:150:
/Users/larryseyer/AudioDevelopment/OTTO/JUCE/modules/juce_graphics/native/juce_RenderingHelpers.h:389:30: warning: implicit conversion increases floating-point precision: 'float' to 'double' [-Wdouble-promotion]
  389 |                 grad = (p2.y - p1.y) / (double) (p1.x - p2.x);
      |                         ~~~~~^~~~~~  ~
/Users/larryseyer/AudioDevelopment/OTTO/JUCE/modules/juce_graphics/native/juce_RenderingHelpers.h:390:36: warning: implicit conversion increases floating-point precision: 'float' to 'double' [-Wdouble-promotion]
  390 |                 yTerm = p1.y - (p1.x / grad);
      |                                 ~~~^ ~
/Users/larryseyer/AudioDevelopment/OTTO/JUCE/modules/juce_graphics/native/juce_RenderingHelpers.h:390:28: warning: implicit conversion increases floating-point precision: 'float' to 'double' [-Wdouble-promotion]
  390 |                 yTerm = p1.y - (p1.x / grad);
      |                         ~~~^ ~
/Users/larryseyer/AudioDevelopment/OTTO/JUCE/modules/juce_graphics/native/juce_RenderingHelpers.h:391:127: warning: implicit conversion increases floating-point precision: 'float' to 'double' [-Wdouble-promotion]
  391 |                 scale = roundToInt ((double) ((int64_t) numEntries << (int) numScaleBits) / (yTerm * grad - (p2.y * grad - p2.x)));
      |                                                                                                                          ~ ~~~^
/Users/larryseyer/AudioDevelopment/OTTO/JUCE/modules/juce_graphics/native/juce_RenderingHelpers.h:391:113: warning: implicit conversion increases floating-point precision: 'float' to 'double' [-Wdouble-promotion]
  391 |                 scale = roundToInt ((double) ((int64_t) numEntries << (int) numScaleBits) / (yTerm * grad - (p2.y * grad - p2.x)));
      |                                                                                                              ~~~^ ~
/Users/larryseyer/AudioDevelopment/OTTO/JUCE/modules/juce_graphics/native/juce_RenderingHelpers.h:429:36: warning: implicit conversion increases floating-point precision: 'const float' to 'const double' [-Wdouble-promotion]
  429 |               gx1 (gradient.point1.x),
      |                   ~~~~~~~~~~~~~~~~~^
/Users/larryseyer/AudioDevelopment/OTTO/JUCE/modules/juce_graphics/native/juce_RenderingHelpers.h:430:36: warning: implicit conversion increases floating-point precision: 'const float' to 'const double' [-Wdouble-promotion]
  430 |               gy1 (gradient.point1.y)
      |                   ~~~~~~~~~~~~~~~~~^
/Users/larryseyer/AudioDevelopment/OTTO/JUCE/modules/juce_graphics/native/juce_RenderingHelpers.h:434:39: warning: implicit conversion increases floating-point precision: 'float' to 'double' [-Wdouble-promotion]
  434 |             maxDist = diff.x * diff.x + diff.y * diff.y;
      |                     ~ ~~~~~~~~~~~~~~~~^~~~~~~~~~~~~~~~~
/Users/larryseyer/AudioDevelopment/OTTO/JUCE/modules/juce_graphics/native/juce_RenderingHelpers.h:471:37: warning: implicit conversion increases floating-point precision: 'const float' to 'double' [-Wdouble-promotion]
  471 |             tM10 = inverseTransform.mat10;
      |                  ~ ~~~~~~~~~~~~~~~~~^~~~~
/Users/larryseyer/AudioDevelopment/OTTO/JUCE/modules/juce_graphics/native/juce_RenderingHelpers.h:472:37: warning: implicit conversion increases floating-point precision: 'const float' to 'double' [-Wdouble-promotion]
  472 |             tM00 = inverseTransform.mat00;
      |                  ~ ~~~~~~~~~~~~~~~~~^~~~~
/Users/larryseyer/AudioDevelopment/OTTO/JUCE/modules/juce_graphics/native/juce_RenderingHelpers.h:478:56: warning: implicit conversion increases floating-point precision: 'float' to 'double' [-Wdouble-promotion]
  478 |             lineYM01 = inverseTransform.mat01 * floatY + inverseTransform.mat02 - gx1;
      |                        ~~~~~~~~~~~~~~~~~~~~~~~~~~~~~~~~^~~~~~~~~~~~~~~~~~~~~~~~ ~
/Users/larryseyer/AudioDevelopment/OTTO/JUCE/modules/juce_graphics/native/juce_RenderingHelpers.h:479:56: warning: implicit conversion increases floating-point precision: 'float' to 'double' [-Wdouble-promotion]
  479 |             lineYM11 = inverseTransform.mat11 * floatY + inverseTransform.mat12 - gy1;
      |                        ~~~~~~~~~~~~~~~~~~~~~~~~~~~~~~~~^~~~~~~~~~~~~~~~~~~~~~~~ ~
In file included from /Users/larryseyer/AudioDevelopment/OTTO/Source/UX/ContextMenuManager.cpp:1:
In file included from /Users/larryseyer/AudioDevelopment/OTTO/Source/UX/ContextMenuManager.h:2:
In file included from /Users/larryseyer/AudioDevelopment/OTTO/Builds/MacOSX/CMake-Release/OTTO_artefacts/JuceLibraryCode/JuceHeader.h:14:
In file included from /Users/larryseyer/AudioDevelopment/OTTO/JUCE/modules/juce_audio_plugin_client/juce_audio_plugin_client.h:63:
In file included from /Users/larryseyer/AudioDevelopment/OTTO/JUCE/modules/juce_gui_basics/juce_gui_basics.h:68:
/Users/larryseyer/AudioDevelopment/OTTO/JUCE/modules/juce_graphics/juce_graphics.h:157:5: warning: 'JUCE_GRAPHICS_INCLUDE_COREGRAPHICS_HELPERS' is not defined, evaluates to 0 [-Wundef]
  157 | #if JUCE_GRAPHICS_INCLUDE_COREGRAPHICS_HELPERS && (JUCE_MAC || JUCE_IOS)
      |     ^
In file included from /Users/larryseyer/AudioDevelopment/OTTO/Source/UX/ContextMenuManager.cpp:1:
In file included from /Users/larryseyer/AudioDevelopment/OTTO/Source/UX/ContextMenuManager.h:2:
In file included from /Users/larryseyer/AudioDevelopment/OTTO/Builds/MacOSX/CMake-Release/OTTO_artefacts/JuceLibraryCode/JuceHeader.h:14:
In file included from /Users/larryseyer/AudioDevelopment/OTTO/JUCE/modules/juce_audio_plugin_client/juce_audio_plugin_client.h:63:
In file included from /Users/larryseyer/AudioDevelopment/OTTO/JUCE/modules/juce_gui_basics/juce_gui_basics.h:205:
/Users/larryseyer/AudioDevelopment/OTTO/JUCE/modules/juce_gui_basics/components/juce_Component.h:2701:12: warning: 'JUCE_DEBUG' is not defined, evaluates to 0 [-Wundef]
 2701 |        #if JUCE_DEBUG
      |            ^
In file included from /Users/larryseyer/AudioDevelopment/OTTO/Source/UX/ContextMenuManager.cpp:1:
In file included from /Users/larryseyer/AudioDevelopment/OTTO/Source/UX/ContextMenuManager.h:2:
In file included from /Users/larryseyer/AudioDevelopment/OTTO/Builds/MacOSX/CMake-Release/OTTO_artefacts/JuceLibraryCode/JuceHeader.h:14:
In file included from /Users/larryseyer/AudioDevelopment/OTTO/JUCE/modules/juce_audio_plugin_client/juce_audio_plugin_client.h:63:
In file included from /Users/larryseyer/AudioDevelopment/OTTO/JUCE/modules/juce_gui_basics/juce_gui_basics.h:239:
/Users/larryseyer/AudioDevelopment/OTTO/JUCE/modules/juce_gui_basics/layout/juce_ComponentBuilder.h:243:8: warning: 'JUCE_DEBUG' is not defined, evaluates to 0 [-Wundef]
  243 |    #if JUCE_DEBUG
      |        ^
In file included from /Users/larryseyer/AudioDevelopment/OTTO/Source/UX/ContextMenuManager.cpp:1:
In file included from /Users/larryseyer/AudioDevelopment/OTTO/Source/UX/ContextMenuManager.h:2:
In file included from /Users/larryseyer/AudioDevelopment/OTTO/Builds/MacOSX/CMake-Release/OTTO_artefacts/JuceLibraryCode/JuceHeader.h:14:
In file included from /Users/larryseyer/AudioDevelopment/OTTO/JUCE/modules/juce_audio_plugin_client/juce_audio_plugin_client.h:63:
In file included from /Users/larryseyer/AudioDevelopment/OTTO/JUCE/modules/juce_gui_basics/juce_gui_basics.h:283:
/Users/larryseyer/AudioDevelopment/OTTO/JUCE/modules/juce_gui_basics/widgets/juce_ListBox.h:182:10: warning: 'JUCE_DISABLE_ASSERTIONS' is not defined, evaluates to 0 [-Wundef]
  182 |    #if ! JUCE_DISABLE_ASSERTIONS
      |          ^
/Users/larryseyer/AudioDevelopment/OTTO/JUCE/modules/juce_gui_basics/widgets/juce_ListBox.h:235:14: warning: 'JUCE_DISABLE_ASSERTIONS' is not defined, evaluates to 0 [-Wundef]
  235 |        #if ! JUCE_DISABLE_ASSERTIONS
      |              ^
/Users/larryseyer/AudioDevelopment/OTTO/JUCE/modules/juce_gui_basics/widgets/juce_ListBox.h:643:10: warning: 'JUCE_DISABLE_ASSERTIONS' is not defined, evaluates to 0 [-Wundef]
  643 |    #if ! JUCE_DISABLE_ASSERTIONS
      |          ^
In file included from /Users/larryseyer/AudioDevelopment/OTTO/Source/UX/ContextMenuManager.cpp:1:
In file included from /Users/larryseyer/AudioDevelopment/OTTO/Source/UX/ContextMenuManager.h:2:
In file included from /Users/larryseyer/AudioDevelopment/OTTO/Builds/MacOSX/CMake-Release/OTTO_artefacts/JuceLibraryCode/JuceHeader.h:14:
In file included from /Users/larryseyer/AudioDevelopment/OTTO/JUCE/modules/juce_audio_plugin_client/juce_audio_plugin_client.h:63:
In file included from /Users/larryseyer/AudioDevelopment/OTTO/JUCE/modules/juce_gui_basics/juce_gui_basics.h:302:
/Users/larryseyer/AudioDevelopment/OTTO/JUCE/modules/juce_gui_basics/windows/juce_ComponentPeer.h:310:8: warning: 'JUCE_LINUX' is not defined, evaluates to 0 [-Wundef]
  310 |    #if JUCE_LINUX || JUCE_BSD
      |        ^
/Users/larryseyer/AudioDevelopment/OTTO/JUCE/modules/juce_gui_basics/windows/juce_ComponentPeer.h:310:22: warning: 'JUCE_BSD' is not defined, evaluates to 0 [-Wundef]
  310 |    #if JUCE_LINUX || JUCE_BSD
      |                      ^
In file included from /Users/larryseyer/AudioDevelopment/OTTO/Source/UX/ContextMenuManager.cpp:1:
In file included from /Users/larryseyer/AudioDevelopment/OTTO/Source/UX/ContextMenuManager.h:2:
In file included from /Users/larryseyer/AudioDevelopment/OTTO/Builds/MacOSX/CMake-Release/OTTO_artefacts/JuceLibraryCode/JuceHeader.h:14:
In file included from /Users/larryseyer/AudioDevelopment/OTTO/JUCE/modules/juce_audio_plugin_client/juce_audio_plugin_client.h:63:
In file included from /Users/larryseyer/AudioDevelopment/OTTO/JUCE/modules/juce_gui_basics/juce_gui_basics.h:303:
/Users/larryseyer/AudioDevelopment/OTTO/JUCE/modules/juce_gui_basics/windows/juce_ResizableWindow.h:376:8: warning: 'JUCE_DEBUG' is not defined, evaluates to 0 [-Wundef]
  376 |    #if JUCE_DEBUG
      |        ^
/Users/larryseyer/AudioDevelopment/OTTO/JUCE/modules/juce_gui_basics/windows/juce_ResizableWindow.h:414:8: warning: 'JUCE_DEBUG' is not defined, evaluates to 0 [-Wundef]
  414 |    #if JUCE_DEBUG
      |        ^
In file included from /Users/larryseyer/AudioDevelopment/OTTO/Source/UX/ContextMenuManager.cpp:1:
In file included from /Users/larryseyer/AudioDevelopment/OTTO/Source/UX/ContextMenuManager.h:2:
In file included from /Users/larryseyer/AudioDevelopment/OTTO/Builds/MacOSX/CMake-Release/OTTO_artefacts/JuceLibraryCode/JuceHeader.h:14:
In file included from /Users/larryseyer/AudioDevelopment/OTTO/JUCE/modules/juce_audio_plugin_client/juce_audio_plugin_client.h:63:
In file included from /Users/larryseyer/AudioDevelopment/OTTO/JUCE/modules/juce_gui_basics/juce_gui_basics.h:335:
/Users/larryseyer/AudioDevelopment/OTTO/JUCE/modules/juce_gui_basics/application/juce_Application.h:125:8: warning: 'DOXYGEN' is not defined, evaluates to 0 [-Wundef]
  125 |    #if DOXYGEN
      |        ^
In file included from /Users/larryseyer/AudioDevelopment/OTTO/Source/UX/ContextMenuManager.cpp:1:
In file included from /Users/larryseyer/AudioDevelopment/OTTO/Source/UX/ContextMenuManager.h:2:
In file included from /Users/larryseyer/AudioDevelopment/OTTO/Builds/MacOSX/CMake-Release/OTTO_artefacts/JuceLibraryCode/JuceHeader.h:14:
In file included from /Users/larryseyer/AudioDevelopment/OTTO/JUCE/modules/juce_audio_plugin_client/juce_audio_plugin_client.h:63:
/Users/larryseyer/AudioDevelopment/OTTO/JUCE/modules/juce_gui_basics/juce_gui_basics.h:344:5: warning: 'JUCE_LINUX' is not defined, evaluates to 0 [-Wundef]
  344 | #if JUCE_LINUX || JUCE_BSD
      |     ^
/Users/larryseyer/AudioDevelopment/OTTO/JUCE/modules/juce_gui_basics/juce_gui_basics.h:344:19: warning: 'JUCE_BSD' is not defined, evaluates to 0 [-Wundef]
  344 | #if JUCE_LINUX || JUCE_BSD
      |                   ^
/Users/larryseyer/AudioDevelopment/OTTO/JUCE/modules/juce_gui_basics/juce_gui_basics.h:394:5: warning: 'JUCE_GUI_BASICS_INCLUDE_SCOPED_THREAD_DPI_AWARENESS_SETTER' is not defined, evaluates to 0 [-Wundef]
  394 | #if JUCE_GUI_BASICS_INCLUDE_SCOPED_THREAD_DPI_AWARENESS_SETTER && JUCE_WINDOWS
      |     ^
In file included from /Users/larryseyer/AudioDevelopment/OTTO/Source/UX/ContextMenuManager.cpp:1:
In file included from /Users/larryseyer/AudioDevelopment/OTTO/Source/UX/ContextMenuManager.h:2:
In file included from /Users/larryseyer/AudioDevelopment/OTTO/Builds/MacOSX/CMake-Release/OTTO_artefacts/JuceLibraryCode/JuceHeader.h:14:
In file included from /Users/larryseyer/AudioDevelopment/OTTO/JUCE/modules/juce_audio_plugin_client/juce_audio_plugin_client.h:64:
/Users/larryseyer/AudioDevelopment/OTTO/JUCE/modules/juce_audio_basics/juce_audio_basics.h:77:7: warning: 'JUCE_INTEL' is not defined, evaluates to 0 [-Wundef]
   77 | #if ! JUCE_INTEL
      |       ^
/Users/larryseyer/AudioDevelopment/OTTO/JUCE/modules/juce_audio_basics/juce_audio_basics.h:81:24: warning: 'JUCE_USE_VDSP_FRAMEWORK' is not defined, evaluates to 0 [-Wundef]
   81 | #if __ARM_NEON__ && ! (JUCE_USE_VDSP_FRAMEWORK || defined (JUCE_USE_ARM_NEON))
      |                        ^
In file included from /Users/larryseyer/AudioDevelopment/OTTO/Source/UX/ContextMenuManager.cpp:1:
In file included from /Users/larryseyer/AudioDevelopment/OTTO/Source/UX/ContextMenuManager.h:2:
In file included from /Users/larryseyer/AudioDevelopment/OTTO/Builds/MacOSX/CMake-Release/OTTO_artefacts/JuceLibraryCode/JuceHeader.h:14:
In file included from /Users/larryseyer/AudioDevelopment/OTTO/JUCE/modules/juce_audio_plugin_client/juce_audio_plugin_client.h:64:
In file included from /Users/larryseyer/AudioDevelopment/OTTO/JUCE/modules/juce_audio_basics/juce_audio_basics.h:93:
/Users/larryseyer/AudioDevelopment/OTTO/JUCE/modules/juce_audio_basics/buffers/juce_AudioDataConverters.h:103:9: warning: 'JUCE_BIG_ENDIAN' is not defined, evaluates to 0 [-Wundef]
  103 |     #if JUCE_BIG_ENDIAN
      |         ^
/Users/larryseyer/AudioDevelopment/OTTO/JUCE/modules/juce_audio_basics/buffers/juce_AudioDataConverters.h:263:12: warning: 'JUCE_BIG_ENDIAN' is not defined, evaluates to 0 [-Wundef]
  263 |        #if JUCE_BIG_ENDIAN
      |            ^
/Users/larryseyer/AudioDevelopment/OTTO/JUCE/modules/juce_audio_basics/buffers/juce_AudioDataConverters.h:119:135: warning: implicit conversion increases floating-point precision: 'float' to 'double' [-Wdouble-promotion]
  119 |         inline void setAsFloatLE (float newValue) noexcept      { *data = (int8) jlimit ((int) -maxValue, (int) maxValue, roundToInt (newValue * (1.0 + (double) maxValue))); }
      |                                                                                                                                       ^~~~~~~~ ~
/Users/larryseyer/AudioDevelopment/OTTO/JUCE/modules/juce_audio_basics/buffers/juce_AudioDataConverters.h:144:117: warning: implicit conversion increases floating-point precision: 'float' to 'double' [-Wdouble-promotion]
  144 |         inline void setAsFloatLE (float newValue) noexcept      { *data = (uint8) jlimit (0, 255, 128 + roundToInt (newValue * (1.0 + (double) maxValue))); }
      |                                                                                                                     ^~~~~~~~ ~
/Users/larryseyer/AudioDevelopment/OTTO/JUCE/modules/juce_audio_basics/buffers/juce_AudioDataConverters.h:169:168: warning: implicit conversion increases floating-point precision: 'float' to 'double' [-Wdouble-promotion]
  169 |         inline void setAsFloatLE (float newValue) noexcept      { *data = ByteOrder::swapIfBigEndian    ((uint16) jlimit ((int) -maxValue, (int) maxValue, roundToInt (newValue * (1.0 + (double) maxValue)))); }
      |                                                                                                                                                                        ^~~~~~~~ ~
/Users/larryseyer/AudioDevelopment/OTTO/JUCE/modules/juce_audio_basics/buffers/juce_AudioDataConverters.h:170:168: warning: implicit conversion increases floating-point precision: 'float' to 'double' [-Wdouble-promotion]
  170 |         inline void setAsFloatBE (float newValue) noexcept      { *data = ByteOrder::swapIfLittleEndian ((uint16) jlimit ((int) -maxValue, (int) maxValue, roundToInt (newValue * (1.0 + (double) maxValue)))); }
      |                                                                                                                                                                        ^~~~~~~~ ~
/Users/larryseyer/AudioDevelopment/OTTO/JUCE/modules/juce_audio_basics/buffers/juce_AudioDataConverters.h:194:157: warning: implicit conversion increases floating-point precision: 'float' to 'double' [-Wdouble-promotion]
  194 |         inline void setAsFloatLE (float newValue) noexcept      { ByteOrder::littleEndian24BitToChars (jlimit ((int) -maxValue, (int) maxValue, roundToInt (newValue * (1.0 + (double) maxValue))), data); }
      |                                                                                                                                                             ^~~~~~~~ ~
/Users/larryseyer/AudioDevelopment/OTTO/JUCE/modules/juce_audio_basics/buffers/juce_AudioDataConverters.h:195:157: warning: implicit conversion increases floating-point precision: 'float' to 'double' [-Wdouble-promotion]
  195 |         inline void setAsFloatBE (float newValue) noexcept      { ByteOrder::bigEndian24BitToChars (jlimit    ((int) -maxValue, (int) maxValue, roundToInt (newValue * (1.0 + (double) maxValue))), data); }
      |                                                                                                                                                             ^~~~~~~~ ~
In file included from /Users/larryseyer/AudioDevelopment/OTTO/Source/UX/ContextMenuManager.cpp:1:
In file included from /Users/larryseyer/AudioDevelopment/OTTO/Source/UX/ContextMenuManager.h:2:
In file included from /Users/larryseyer/AudioDevelopment/OTTO/Builds/MacOSX/CMake-Release/OTTO_artefacts/JuceLibraryCode/JuceHeader.h:14:
In file included from /Users/larryseyer/AudioDevelopment/OTTO/JUCE/modules/juce_audio_plugin_client/juce_audio_plugin_client.h:64:
In file included from /Users/larryseyer/AudioDevelopment/OTTO/JUCE/modules/juce_audio_basics/juce_audio_basics.h:95:
/Users/larryseyer/AudioDevelopment/OTTO/JUCE/modules/juce_audio_basics/buffers/juce_FloatVectorOperations.h:39:6: warning: 'JUCE_INTEL' is not defined, evaluates to 0 [-Wundef]
   39 |  #if JUCE_INTEL
      |      ^
/Users/larryseyer/AudioDevelopment/OTTO/JUCE/modules/juce_audio_basics/buffers/juce_FloatVectorOperations.h:153:7: warning: 'DOXYGEN' is not defined, evaluates to 0 [-Wundef]
  153 | #if ! DOXYGEN
      |       ^
/Users/larryseyer/AudioDevelopment/OTTO/JUCE/modules/juce_audio_basics/buffers/juce_FloatVectorOperations.h:237:7: warning: 'JUCE_USE_SSE_INTRINSICS' is not defined, evaluates to 0 [-Wundef]
  237 |   #if JUCE_USE_SSE_INTRINSICS || (JUCE_USE_ARM_NEON || (JUCE_64BIT && JUCE_ARM))
      |       ^
In file included from /Users/larryseyer/AudioDevelopment/OTTO/Source/UX/ContextMenuManager.cpp:1:
In file included from /Users/larryseyer/AudioDevelopment/OTTO/Source/UX/ContextMenuManager.h:2:
In file included from /Users/larryseyer/AudioDevelopment/OTTO/Builds/MacOSX/CMake-Release/OTTO_artefacts/JuceLibraryCode/JuceHeader.h:14:
In file included from /Users/larryseyer/AudioDevelopment/OTTO/JUCE/modules/juce_audio_plugin_client/juce_audio_plugin_client.h:64:
In file included from /Users/larryseyer/AudioDevelopment/OTTO/JUCE/modules/juce_audio_basics/juce_audio_basics.h:97:
/Users/larryseyer/AudioDevelopment/OTTO/JUCE/modules/juce_audio_basics/buffers/juce_AudioSampleBuffer.h:1155:15: warning: 'JUCE_GCC' is not defined, evaluates to 0 [-Wundef]
 1155 |        #if (! JUCE_GCC || (__GNUC__ * 100 + __GNUC_MINOR__) >= 409)
      |               ^
In file included from /Users/larryseyer/AudioDevelopment/OTTO/Source/UX/ContextMenuManager.cpp:1:
In file included from /Users/larryseyer/AudioDevelopment/OTTO/Source/UX/ContextMenuManager.h:2:
In file included from /Users/larryseyer/AudioDevelopment/OTTO/Builds/MacOSX/CMake-Release/OTTO_artefacts/JuceLibraryCode/JuceHeader.h:14:
In file included from /Users/larryseyer/AudioDevelopment/OTTO/JUCE/modules/juce_audio_plugin_client/juce_audio_plugin_client.h:64:
In file included from /Users/larryseyer/AudioDevelopment/OTTO/JUCE/modules/juce_audio_basics/juce_audio_basics.h:104:
/Users/larryseyer/AudioDevelopment/OTTO/JUCE/modules/juce_audio_basics/utilities/juce_SmoothedValue.h:421:5: warning: 'JUCE_UNIT_TESTS' is not defined, evaluates to 0 [-Wundef]
  421 | #if JUCE_UNIT_TESTS
      |     ^
In file included from /Users/larryseyer/AudioDevelopment/OTTO/Source/UX/ContextMenuManager.cpp:1:
In file included from /Users/larryseyer/AudioDevelopment/OTTO/Source/UX/ContextMenuManager.h:2:
In file included from /Users/larryseyer/AudioDevelopment/OTTO/Builds/MacOSX/CMake-Release/OTTO_artefacts/JuceLibraryCode/JuceHeader.h:14:
In file included from /Users/larryseyer/AudioDevelopment/OTTO/JUCE/modules/juce_audio_plugin_client/juce_audio_plugin_client.h:64:
In file included from /Users/larryseyer/AudioDevelopment/OTTO/JUCE/modules/juce_audio_basics/juce_audio_basics.h:106:
/Users/larryseyer/AudioDevelopment/OTTO/JUCE/modules/juce_audio_basics/utilities/juce_ADSR.h:155:66: warning: implicit conversion increases floating-point precision: 'float' to 'double' [-Wdouble-promotion]
  155 |                 releaseRate = (float) (envelopeVal / (parameters.release * sampleRate));
      |                                                       ~~~~~~~~~~~^~~~~~~ ~
/Users/larryseyer/AudioDevelopment/OTTO/JUCE/modules/juce_audio_basics/utilities/juce_ADSR.h:155:40: warning: implicit conversion increases floating-point precision: 'float' to 'double' [-Wdouble-promotion]
  155 |                 releaseRate = (float) (envelopeVal / (parameters.release * sampleRate));
      |                                        ^~~~~~~~~~~ ~
/Users/larryseyer/AudioDevelopment/OTTO/JUCE/modules/juce_audio_basics/utilities/juce_ADSR.h:266:64: warning: implicit conversion increases floating-point precision: 'float' to 'double' [-Wdouble-promotion]
  266 |             return timeInSeconds > 0.0f ? (float) (distance / (timeInSeconds * sr)) : -1.0f;
      |                                                                ^~~~~~~~~~~~~ ~
/Users/larryseyer/AudioDevelopment/OTTO/JUCE/modules/juce_audio_basics/utilities/juce_ADSR.h:266:52: warning: implicit conversion increases floating-point precision: 'float' to 'double' [-Wdouble-promotion]
  266 |             return timeInSeconds > 0.0f ? (float) (distance / (timeInSeconds * sr)) : -1.0f;
      |                                                    ^~~~~~~~ ~
In file included from /Users/larryseyer/AudioDevelopment/OTTO/Source/UX/ContextMenuManager.cpp:1:
In file included from /Users/larryseyer/AudioDevelopment/OTTO/Source/UX/ContextMenuManager.h:2:
In file included from /Users/larryseyer/AudioDevelopment/OTTO/Builds/MacOSX/CMake-Release/OTTO_artefacts/JuceLibraryCode/JuceHeader.h:14:
In file included from /Users/larryseyer/AudioDevelopment/OTTO/JUCE/modules/juce_audio_plugin_client/juce_audio_plugin_client.h:65:
In file included from /Users/larryseyer/AudioDevelopment/OTTO/JUCE/modules/juce_audio_processors/juce_audio_processors.h:67:
/Users/larryseyer/AudioDevelopment/OTTO/JUCE/modules/juce_gui_extra/juce_gui_extra.h:127:6: warning: 'JUCE_DEBUG' is not defined, evaluates to 0 [-Wundef]
  127 |  #if JUCE_DEBUG && ! (JUCE_IOS || JUCE_ANDROID)
      |      ^
In file included from /Users/larryseyer/AudioDevelopment/OTTO/Source/UX/ContextMenuManager.cpp:1:
In file included from /Users/larryseyer/AudioDevelopment/OTTO/Source/UX/ContextMenuManager.h:2:
In file included from /Users/larryseyer/AudioDevelopment/OTTO/Builds/MacOSX/CMake-Release/OTTO_artefacts/JuceLibraryCode/JuceHeader.h:14:
In file included from /Users/larryseyer/AudioDevelopment/OTTO/JUCE/modules/juce_audio_plugin_client/juce_audio_plugin_client.h:65:
In file included from /Users/larryseyer/AudioDevelopment/OTTO/JUCE/modules/juce_audio_processors/juce_audio_processors.h:67:
In file included from /Users/larryseyer/AudioDevelopment/OTTO/JUCE/modules/juce_gui_extra/juce_gui_extra.h:141:
/Users/larryseyer/AudioDevelopment/OTTO/JUCE/modules/juce_gui_extra/embedding/juce_ActiveXControlComponent.h:38:5: warning: 'JUCE_WINDOWS' is not defined, evaluates to 0 [-Wundef]
   38 | #if JUCE_WINDOWS || DOXYGEN
      |     ^
/Users/larryseyer/AudioDevelopment/OTTO/JUCE/modules/juce_gui_extra/embedding/juce_ActiveXControlComponent.h:38:21: warning: 'DOXYGEN' is not defined, evaluates to 0 [-Wundef]
   38 | #if JUCE_WINDOWS || DOXYGEN
      |                     ^
In file included from /Users/larryseyer/AudioDevelopment/OTTO/Source/UX/ContextMenuManager.cpp:1:
In file included from /Users/larryseyer/AudioDevelopment/OTTO/Source/UX/ContextMenuManager.h:2:
In file included from /Users/larryseyer/AudioDevelopment/OTTO/Builds/MacOSX/CMake-Release/OTTO_artefacts/JuceLibraryCode/JuceHeader.h:14:
In file included from /Users/larryseyer/AudioDevelopment/OTTO/JUCE/modules/juce_audio_plugin_client/juce_audio_plugin_client.h:65:
In file included from /Users/larryseyer/AudioDevelopment/OTTO/JUCE/modules/juce_audio_processors/juce_audio_processors.h:67:
In file included from /Users/larryseyer/AudioDevelopment/OTTO/JUCE/modules/juce_gui_extra/juce_gui_extra.h:142:
/Users/larryseyer/AudioDevelopment/OTTO/JUCE/modules/juce_gui_extra/embedding/juce_AndroidViewComponent.h:38:5: warning: 'JUCE_ANDROID' is not defined, evaluates to 0 [-Wundef]
   38 | #if JUCE_ANDROID || DOXYGEN
      |     ^
/Users/larryseyer/AudioDevelopment/OTTO/JUCE/modules/juce_gui_extra/embedding/juce_AndroidViewComponent.h:38:21: warning: 'DOXYGEN' is not defined, evaluates to 0 [-Wundef]
   38 | #if JUCE_ANDROID || DOXYGEN
      |                     ^
In file included from /Users/larryseyer/AudioDevelopment/OTTO/Source/UX/ContextMenuManager.cpp:1:
In file included from /Users/larryseyer/AudioDevelopment/OTTO/Source/UX/ContextMenuManager.h:2:
In file included from /Users/larryseyer/AudioDevelopment/OTTO/Builds/MacOSX/CMake-Release/OTTO_artefacts/JuceLibraryCode/JuceHeader.h:14:
In file included from /Users/larryseyer/AudioDevelopment/OTTO/JUCE/modules/juce_audio_plugin_client/juce_audio_plugin_client.h:65:
In file included from /Users/larryseyer/AudioDevelopment/OTTO/JUCE/modules/juce_audio_processors/juce_audio_processors.h:67:
In file included from /Users/larryseyer/AudioDevelopment/OTTO/JUCE/modules/juce_gui_extra/juce_gui_extra.h:144:
/Users/larryseyer/AudioDevelopment/OTTO/JUCE/modules/juce_gui_extra/embedding/juce_UIViewComponent.h:38:5: warning: 'JUCE_IOS' is not defined, evaluates to 0 [-Wundef]
   38 | #if JUCE_IOS || DOXYGEN
      |     ^
/Users/larryseyer/AudioDevelopment/OTTO/JUCE/modules/juce_gui_extra/embedding/juce_UIViewComponent.h:38:17: warning: 'DOXYGEN' is not defined, evaluates to 0 [-Wundef]
   38 | #if JUCE_IOS || DOXYGEN
      |                 ^
In file included from /Users/larryseyer/AudioDevelopment/OTTO/Source/UX/ContextMenuManager.cpp:1:
In file included from /Users/larryseyer/AudioDevelopment/OTTO/Source/UX/ContextMenuManager.h:2:
In file included from /Users/larryseyer/AudioDevelopment/OTTO/Builds/MacOSX/CMake-Release/OTTO_artefacts/JuceLibraryCode/JuceHeader.h:14:
In file included from /Users/larryseyer/AudioDevelopment/OTTO/JUCE/modules/juce_audio_plugin_client/juce_audio_plugin_client.h:65:
In file included from /Users/larryseyer/AudioDevelopment/OTTO/JUCE/modules/juce_audio_processors/juce_audio_processors.h:67:
In file included from /Users/larryseyer/AudioDevelopment/OTTO/JUCE/modules/juce_gui_extra/juce_gui_extra.h:145:
/Users/larryseyer/AudioDevelopment/OTTO/JUCE/modules/juce_gui_extra/embedding/juce_XEmbedComponent.h:43:5: warning: 'JUCE_LINUX' is not defined, evaluates to 0 [-Wundef]
   43 | #if JUCE_LINUX || JUCE_BSD || DOXYGEN
      |     ^
/Users/larryseyer/AudioDevelopment/OTTO/JUCE/modules/juce_gui_extra/embedding/juce_XEmbedComponent.h:43:19: warning: 'JUCE_BSD' is not defined, evaluates to 0 [-Wundef]
   43 | #if JUCE_LINUX || JUCE_BSD || DOXYGEN
      |                   ^
/Users/larryseyer/AudioDevelopment/OTTO/JUCE/modules/juce_gui_extra/embedding/juce_XEmbedComponent.h:43:31: warning: 'DOXYGEN' is not defined, evaluates to 0 [-Wundef]
   43 | #if JUCE_LINUX || JUCE_BSD || DOXYGEN
      |                               ^
In file included from /Users/larryseyer/AudioDevelopment/OTTO/Source/UX/ContextMenuManager.cpp:1:
In file included from /Users/larryseyer/AudioDevelopment/OTTO/Source/UX/ContextMenuManager.h:2:
In file included from /Users/larryseyer/AudioDevelopment/OTTO/Builds/MacOSX/CMake-Release/OTTO_artefacts/JuceLibraryCode/JuceHeader.h:14:
In file included from /Users/larryseyer/AudioDevelopment/OTTO/JUCE/modules/juce_audio_plugin_client/juce_audio_plugin_client.h:65:
In file included from /Users/larryseyer/AudioDevelopment/OTTO/JUCE/modules/juce_audio_processors/juce_audio_processors.h:67:
In file included from /Users/larryseyer/AudioDevelopment/OTTO/JUCE/modules/juce_gui_extra/juce_gui_extra.h:146:
/Users/larryseyer/AudioDevelopment/OTTO/JUCE/modules/juce_gui_extra/embedding/juce_HWNDComponent.h:38:5: warning: 'JUCE_WINDOWS' is not defined, evaluates to 0 [-Wundef]
   38 | #if JUCE_WINDOWS || DOXYGEN
      |     ^
/Users/larryseyer/AudioDevelopment/OTTO/JUCE/modules/juce_gui_extra/embedding/juce_HWNDComponent.h:38:21: warning: 'DOXYGEN' is not defined, evaluates to 0 [-Wundef]
   38 | #if JUCE_WINDOWS || DOXYGEN
      |                     ^
In file included from /Users/larryseyer/AudioDevelopment/OTTO/Source/UX/ContextMenuManager.cpp:1:
In file included from /Users/larryseyer/AudioDevelopment/OTTO/Source/UX/ContextMenuManager.h:2:
In file included from /Users/larryseyer/AudioDevelopment/OTTO/Builds/MacOSX/CMake-Release/OTTO_artefacts/JuceLibraryCode/JuceHeader.h:14:
In file included from /Users/larryseyer/AudioDevelopment/OTTO/JUCE/modules/juce_audio_plugin_client/juce_audio_plugin_client.h:65:
In file included from /Users/larryseyer/AudioDevelopment/OTTO/JUCE/modules/juce_audio_processors/juce_audio_processors.h:67:
In file included from /Users/larryseyer/AudioDevelopment/OTTO/JUCE/modules/juce_gui_extra/juce_gui_extra.h:152:
/Users/larryseyer/AudioDevelopment/OTTO/JUCE/modules/juce_gui_extra/misc/juce_PushNotifications.h:699:8: warning: 'JUCE_ANDROID' is not defined, evaluates to 0 [-Wundef]
  699 |    #if JUCE_ANDROID
      |        ^
In file included from /Users/larryseyer/AudioDevelopment/OTTO/Source/UX/ContextMenuManager.cpp:1:
In file included from /Users/larryseyer/AudioDevelopment/OTTO/Source/UX/ContextMenuManager.h:2:
In file included from /Users/larryseyer/AudioDevelopment/OTTO/Builds/MacOSX/CMake-Release/OTTO_artefacts/JuceLibraryCode/JuceHeader.h:14:
In file included from /Users/larryseyer/AudioDevelopment/OTTO/JUCE/modules/juce_audio_plugin_client/juce_audio_plugin_client.h:65:
In file included from /Users/larryseyer/AudioDevelopment/OTTO/JUCE/modules/juce_audio_processors/juce_audio_processors.h:67:
In file included from /Users/larryseyer/AudioDevelopment/OTTO/JUCE/modules/juce_gui_extra/juce_gui_extra.h:155:
/Users/larryseyer/AudioDevelopment/OTTO/JUCE/modules/juce_gui_extra/misc/juce_SystemTrayIconComponent.h:38:5: warning: 'JUCE_WINDOWS' is not defined, evaluates to 0 [-Wundef]
   38 | #if JUCE_WINDOWS || JUCE_LINUX || JUCE_BSD || JUCE_MAC || DOXYGEN
      |     ^
/Users/larryseyer/AudioDevelopment/OTTO/JUCE/modules/juce_gui_extra/misc/juce_SystemTrayIconComponent.h:38:21: warning: 'JUCE_LINUX' is not defined, evaluates to 0 [-Wundef]
   38 | #if JUCE_WINDOWS || JUCE_LINUX || JUCE_BSD || JUCE_MAC || DOXYGEN
      |                     ^
/Users/larryseyer/AudioDevelopment/OTTO/JUCE/modules/juce_gui_extra/misc/juce_SystemTrayIconComponent.h:38:35: warning: 'JUCE_BSD' is not defined, evaluates to 0 [-Wundef]
   38 | #if JUCE_WINDOWS || JUCE_LINUX || JUCE_BSD || JUCE_MAC || DOXYGEN
      |                                   ^
/Users/larryseyer/AudioDevelopment/OTTO/JUCE/modules/juce_gui_extra/misc/juce_SystemTrayIconComponent.h:102:8: warning: 'JUCE_LINUX' is not defined, evaluates to 0 [-Wundef]
  102 |    #if JUCE_LINUX || JUCE_BSD
      |        ^
/Users/larryseyer/AudioDevelopment/OTTO/JUCE/modules/juce_gui_extra/misc/juce_SystemTrayIconComponent.h:102:22: warning: 'JUCE_BSD' is not defined, evaluates to 0 [-Wundef]
  102 |    #if JUCE_LINUX || JUCE_BSD
      |                      ^
In file included from /Users/larryseyer/AudioDevelopment/OTTO/Source/UX/ContextMenuManager.cpp:1:
In file included from /Users/larryseyer/AudioDevelopment/OTTO/Source/UX/ContextMenuManager.h:2:
In file included from /Users/larryseyer/AudioDevelopment/OTTO/Builds/MacOSX/CMake-Release/OTTO_artefacts/JuceLibraryCode/JuceHeader.h:14:
In file included from /Users/larryseyer/AudioDevelopment/OTTO/JUCE/modules/juce_audio_plugin_client/juce_audio_plugin_client.h:65:
In file included from /Users/larryseyer/AudioDevelopment/OTTO/JUCE/modules/juce_audio_processors/juce_audio_processors.h:67:
In file included from /Users/larryseyer/AudioDevelopment/OTTO/JUCE/modules/juce_gui_extra/juce_gui_extra.h:156:
/Users/larryseyer/AudioDevelopment/OTTO/JUCE/modules/juce_gui_extra/misc/juce_WebBrowserComponent.h:38:25: warning: 'DOXYGEN' is not defined, evaluates to 0 [-Wundef]
   38 | #if JUCE_WEB_BROWSER || DOXYGEN
      |                         ^
In file included from /Users/larryseyer/AudioDevelopment/OTTO/Source/UX/ContextMenuManager.cpp:1:
In file included from /Users/larryseyer/AudioDevelopment/OTTO/Source/UX/ContextMenuManager.h:2:
In file included from /Users/larryseyer/AudioDevelopment/OTTO/Builds/MacOSX/CMake-Release/OTTO_artefacts/JuceLibraryCode/JuceHeader.h:14:
In file included from /Users/larryseyer/AudioDevelopment/OTTO/JUCE/modules/juce_audio_plugin_client/juce_audio_plugin_client.h:65:
In file included from /Users/larryseyer/AudioDevelopment/OTTO/JUCE/modules/juce_audio_processors/juce_audio_processors.h:67:
In file included from /Users/larryseyer/AudioDevelopment/OTTO/JUCE/modules/juce_gui_extra/juce_gui_extra.h:157:
/Users/larryseyer/AudioDevelopment/OTTO/JUCE/modules/juce_gui_extra/misc/juce_LiveConstantEditor.h:35:5: warning: 'JUCE_ENABLE_LIVE_CONSTANT_EDITOR' is not defined, evaluates to 0 [-Wundef]
   35 | #if JUCE_ENABLE_LIVE_CONSTANT_EDITOR && ! defined (DOXYGEN)
      |     ^
/Users/larryseyer/AudioDevelopment/OTTO/JUCE/modules/juce_gui_extra/misc/juce_LiveConstantEditor.h:258:5: warning: 'JUCE_ENABLE_LIVE_CONSTANT_EDITOR' is not defined, evaluates to 0 [-Wundef]
  258 | #if JUCE_ENABLE_LIVE_CONSTANT_EDITOR || DOXYGEN
      |     ^
/Users/larryseyer/AudioDevelopment/OTTO/JUCE/modules/juce_gui_extra/misc/juce_LiveConstantEditor.h:258:41: warning: 'DOXYGEN' is not defined, evaluates to 0 [-Wundef]
  258 | #if JUCE_ENABLE_LIVE_CONSTANT_EDITOR || DOXYGEN
      |                                         ^
In file included from /Users/larryseyer/AudioDevelopment/OTTO/Source/UX/ContextMenuManager.cpp:1:
In file included from /Users/larryseyer/AudioDevelopment/OTTO/Source/UX/ContextMenuManager.h:2:
In file included from /Users/larryseyer/AudioDevelopment/OTTO/Builds/MacOSX/CMake-Release/OTTO_artefacts/JuceLibraryCode/JuceHeader.h:14:
In file included from /Users/larryseyer/AudioDevelopment/OTTO/JUCE/modules/juce_audio_plugin_client/juce_audio_plugin_client.h:65:
In file included from /Users/larryseyer/AudioDevelopment/OTTO/JUCE/modules/juce_audio_processors/juce_audio_processors.h:67:
In file included from /Users/larryseyer/AudioDevelopment/OTTO/JUCE/modules/juce_gui_extra/juce_gui_extra.h:159:
/Users/larryseyer/AudioDevelopment/OTTO/JUCE/modules/juce_gui_extra/detail/juce_WebControlRelayEvents.h:38:25: warning: 'DOXYGEN' is not defined, evaluates to 0 [-Wundef]
   38 | #if JUCE_WEB_BROWSER || DOXYGEN
      |                         ^
In file included from /Users/larryseyer/AudioDevelopment/OTTO/Source/UX/ContextMenuManager.cpp:1:
In file included from /Users/larryseyer/AudioDevelopment/OTTO/Source/UX/ContextMenuManager.h:2:
In file included from /Users/larryseyer/AudioDevelopment/OTTO/Builds/MacOSX/CMake-Release/OTTO_artefacts/JuceLibraryCode/JuceHeader.h:14:
In file included from /Users/larryseyer/AudioDevelopment/OTTO/JUCE/modules/juce_audio_plugin_client/juce_audio_plugin_client.h:65:
In file included from /Users/larryseyer/AudioDevelopment/OTTO/JUCE/modules/juce_audio_processors/juce_audio_processors.h:67:
In file included from /Users/larryseyer/AudioDevelopment/OTTO/JUCE/modules/juce_gui_extra/juce_gui_extra.h:160:
/Users/larryseyer/AudioDevelopment/OTTO/JUCE/modules/juce_gui_extra/misc/juce_WebControlRelays.h:38:25: warning: 'DOXYGEN' is not defined, evaluates to 0 [-Wundef]
   38 | #if JUCE_WEB_BROWSER || DOXYGEN
      |                         ^
In file included from /Users/larryseyer/AudioDevelopment/OTTO/Source/UX/ContextMenuManager.cpp:1:
In file included from /Users/larryseyer/AudioDevelopment/OTTO/Source/UX/ContextMenuManager.h:2:
In file included from /Users/larryseyer/AudioDevelopment/OTTO/Builds/MacOSX/CMake-Release/OTTO_artefacts/JuceLibraryCode/JuceHeader.h:14:
In file included from /Users/larryseyer/AudioDevelopment/OTTO/JUCE/modules/juce_audio_plugin_client/juce_audio_plugin_client.h:65:
In file included from /Users/larryseyer/AudioDevelopment/OTTO/JUCE/modules/juce_audio_processors/juce_audio_processors.h:67:
In file included from /Users/larryseyer/AudioDevelopment/OTTO/JUCE/modules/juce_gui_extra/juce_gui_extra.h:161:
/Users/larryseyer/AudioDevelopment/OTTO/JUCE/modules/juce_gui_extra/misc/juce_WebControlParameterIndexReceiver.h:38:25: warning: 'DOXYGEN' is not defined, evaluates to 0 [-Wundef]
   38 | #if JUCE_WEB_BROWSER || DOXYGEN
      |                         ^
In file included from /Users/larryseyer/AudioDevelopment/OTTO/Source/UX/ContextMenuManager.cpp:1:
In file included from /Users/larryseyer/AudioDevelopment/OTTO/Source/UX/ContextMenuManager.h:2:
In file included from /Users/larryseyer/AudioDevelopment/OTTO/Builds/MacOSX/CMake-Release/OTTO_artefacts/JuceLibraryCode/JuceHeader.h:14:
In file included from /Users/larryseyer/AudioDevelopment/OTTO/JUCE/modules/juce_audio_plugin_client/juce_audio_plugin_client.h:65:
In file included from /Users/larryseyer/AudioDevelopment/OTTO/JUCE/modules/juce_audio_processors/juce_audio_processors.h:148:
/Users/larryseyer/AudioDevelopment/OTTO/JUCE/modules/juce_audio_processors/processors/juce_AudioProcessorParameter.h:363:8: warning: 'JUCE_DEBUG' is not defined, evaluates to 0 [-Wundef]
  363 |    #if JUCE_DEBUG
      |        ^
In file included from /Users/larryseyer/AudioDevelopment/OTTO/Source/UX/ContextMenuManager.cpp:1:
In file included from /Users/larryseyer/AudioDevelopment/OTTO/Source/UX/ContextMenuManager.h:2:
In file included from /Users/larryseyer/AudioDevelopment/OTTO/Builds/MacOSX/CMake-Release/OTTO_artefacts/JuceLibraryCode/JuceHeader.h:14:
In file included from /Users/larryseyer/AudioDevelopment/OTTO/JUCE/modules/juce_audio_plugin_client/juce_audio_plugin_client.h:65:
In file included from /Users/larryseyer/AudioDevelopment/OTTO/JUCE/modules/juce_audio_processors/juce_audio_processors.h:154:
/Users/larryseyer/AudioDevelopment/OTTO/JUCE/modules/juce_audio_processors/processors/juce_AudioProcessor.h:1599:7: warning: 'JUCE_DEBUG' is not defined, evaluates to 0 [-Wundef]
 1599 |   #if JUCE_DEBUG
      |       ^
In file included from /Users/larryseyer/AudioDevelopment/OTTO/Source/UX/ContextMenuManager.cpp:1:
In file included from /Users/larryseyer/AudioDevelopment/OTTO/Source/UX/ContextMenuManager.h:2:
In file included from /Users/larryseyer/AudioDevelopment/OTTO/Builds/MacOSX/CMake-Release/OTTO_artefacts/JuceLibraryCode/JuceHeader.h:14:
In file included from /Users/larryseyer/AudioDevelopment/OTTO/JUCE/modules/juce_audio_plugin_client/juce_audio_plugin_client.h:65:
In file included from /Users/larryseyer/AudioDevelopment/OTTO/JUCE/modules/juce_audio_processors/juce_audio_processors.h:162:
/Users/larryseyer/AudioDevelopment/OTTO/JUCE/modules/juce_audio_processors/format_types/juce_AudioUnitPluginFormat.h:38:55: warning: 'DOXYGEN' is not defined, evaluates to 0 [-Wundef]
   38 | #if (JUCE_PLUGINHOST_AU && (JUCE_MAC || JUCE_IOS)) || DOXYGEN
      |                                                       ^
In file included from /Users/larryseyer/AudioDevelopment/OTTO/Source/UX/ContextMenuManager.cpp:1:
In file included from /Users/larryseyer/AudioDevelopment/OTTO/Source/UX/ContextMenuManager.h:2:
In file included from /Users/larryseyer/AudioDevelopment/OTTO/Builds/MacOSX/CMake-Release/OTTO_artefacts/JuceLibraryCode/JuceHeader.h:14:
In file included from /Users/larryseyer/AudioDevelopment/OTTO/JUCE/modules/juce_audio_plugin_client/juce_audio_plugin_client.h:65:
In file included from /Users/larryseyer/AudioDevelopment/OTTO/JUCE/modules/juce_audio_processors/juce_audio_processors.h:163:
/Users/larryseyer/AudioDevelopment/OTTO/JUCE/modules/juce_audio_processors/format_types/juce_LADSPAPluginFormat.h:38:61: warning: 'DOXYGEN' is not defined, evaluates to 0 [-Wundef]
   38 | #if (JUCE_PLUGINHOST_LADSPA && (JUCE_LINUX || JUCE_BSD)) || DOXYGEN
      |                                                             ^
In file included from /Users/larryseyer/AudioDevelopment/OTTO/Source/UX/ContextMenuManager.cpp:1:
In file included from /Users/larryseyer/AudioDevelopment/OTTO/Source/UX/ContextMenuManager.h:2:
In file included from /Users/larryseyer/AudioDevelopment/OTTO/Builds/MacOSX/CMake-Release/OTTO_artefacts/JuceLibraryCode/JuceHeader.h:14:
In file included from /Users/larryseyer/AudioDevelopment/OTTO/JUCE/modules/juce_audio_plugin_client/juce_audio_plugin_client.h:65:
In file included from /Users/larryseyer/AudioDevelopment/OTTO/JUCE/modules/juce_audio_processors/juce_audio_processors.h:164:
/Users/larryseyer/AudioDevelopment/OTTO/JUCE/modules/juce_audio_processors/format_types/juce_LV2PluginFormat.h:38:64: warning: 'DOXYGEN' is not defined, evaluates to 0 [-Wundef]
   38 | #if (JUCE_PLUGINHOST_LV2 && (! (JUCE_ANDROID || JUCE_IOS))) || DOXYGEN
      |                                                                ^
In file included from /Users/larryseyer/AudioDevelopment/OTTO/Source/UX/ContextMenuManager.cpp:1:
In file included from /Users/larryseyer/AudioDevelopment/OTTO/Source/UX/ContextMenuManager.h:2:
In file included from /Users/larryseyer/AudioDevelopment/OTTO/Builds/MacOSX/CMake-Release/OTTO_artefacts/JuceLibraryCode/JuceHeader.h:14:
In file included from /Users/larryseyer/AudioDevelopment/OTTO/JUCE/modules/juce_audio_plugin_client/juce_audio_plugin_client.h:65:
In file included from /Users/larryseyer/AudioDevelopment/OTTO/JUCE/modules/juce_audio_processors/juce_audio_processors.h:165:
/Users/larryseyer/AudioDevelopment/OTTO/JUCE/modules/juce_audio_processors/format_types/juce_VST3PluginFormat.h:38:87: warning: 'DOXYGEN' is not defined, evaluates to 0 [-Wundef]
   38 | #if (JUCE_PLUGINHOST_VST3 && (JUCE_MAC || JUCE_WINDOWS || JUCE_LINUX || JUCE_BSD)) || DOXYGEN
      |                                                                                       ^
In file included from /Users/larryseyer/AudioDevelopment/OTTO/Source/UX/ContextMenuManager.cpp:1:
In file included from /Users/larryseyer/AudioDevelopment/OTTO/Source/UX/ContextMenuManager.h:2:
In file included from /Users/larryseyer/AudioDevelopment/OTTO/Builds/MacOSX/CMake-Release/OTTO_artefacts/JuceLibraryCode/JuceHeader.h:14:
In file included from /Users/larryseyer/AudioDevelopment/OTTO/JUCE/modules/juce_audio_plugin_client/juce_audio_plugin_client.h:65:
In file included from /Users/larryseyer/AudioDevelopment/OTTO/JUCE/modules/juce_audio_processors/juce_audio_processors.h:167:
/Users/larryseyer/AudioDevelopment/OTTO/JUCE/modules/juce_audio_processors/format_types/juce_VSTPluginFormat.h:35:29: warning: 'DOXYGEN' is not defined, evaluates to 0 [-Wundef]
   35 | #if (JUCE_PLUGINHOST_VST || DOXYGEN)
      |                             ^
In file included from /Users/larryseyer/AudioDevelopment/OTTO/Source/UX/ContextMenuManager.cpp:1:
In file included from /Users/larryseyer/AudioDevelopment/OTTO/Source/UX/ContextMenuManager.h:2:
In file included from /Users/larryseyer/AudioDevelopment/OTTO/Builds/MacOSX/CMake-Release/OTTO_artefacts/JuceLibraryCode/JuceHeader.h:14:
In file included from /Users/larryseyer/AudioDevelopment/OTTO/JUCE/modules/juce_audio_plugin_client/juce_audio_plugin_client.h:65:
In file included from /Users/larryseyer/AudioDevelopment/OTTO/JUCE/modules/juce_audio_processors/juce_audio_processors.h:168:
/Users/larryseyer/AudioDevelopment/OTTO/JUCE/modules/juce_audio_processors/format_types/juce_ARAHosting.h:37:122: warning: 'DOXYGEN' is not defined, evaluates to 0 [-Wundef]
   37 | #if (JUCE_PLUGINHOST_ARA && (JUCE_PLUGINHOST_VST3 || JUCE_PLUGINHOST_AU) && (JUCE_MAC || JUCE_WINDOWS || JUCE_LINUX)) || DOXYGEN
      |                                                                                                                          ^
In file included from /Users/larryseyer/AudioDevelopment/OTTO/Source/UX/ContextMenuManager.cpp:1:
In file included from /Users/larryseyer/AudioDevelopment/OTTO/Source/UX/ContextMenuManager.h:2:
In file included from /Users/larryseyer/AudioDevelopment/OTTO/Builds/MacOSX/CMake-Release/OTTO_artefacts/JuceLibraryCode/JuceHeader.h:14:
In file included from /Users/larryseyer/AudioDevelopment/OTTO/JUCE/modules/juce_audio_plugin_client/juce_audio_plugin_client.h:65:
In file included from /Users/larryseyer/AudioDevelopment/OTTO/JUCE/modules/juce_audio_processors/juce_audio_processors.h:177:
/Users/larryseyer/AudioDevelopment/OTTO/JUCE/modules/juce_audio_processors/utilities/juce_ParameterAttachments.h:260:25: warning: 'DOXYGEN' is not defined, evaluates to 0 [-Wundef]
  260 | #if JUCE_WEB_BROWSER || DOXYGEN
      |                         ^
In file included from /Users/larryseyer/AudioDevelopment/OTTO/Source/UX/ContextMenuManager.cpp:1:
In file included from /Users/larryseyer/AudioDevelopment/OTTO/Source/UX/ContextMenuManager.h:2:
In file included from /Users/larryseyer/AudioDevelopment/OTTO/Builds/MacOSX/CMake-Release/OTTO_artefacts/JuceLibraryCode/JuceHeader.h:14:
In file included from /Users/larryseyer/AudioDevelopment/OTTO/JUCE/modules/juce_audio_plugin_client/juce_audio_plugin_client.h:65:
In file included from /Users/larryseyer/AudioDevelopment/OTTO/JUCE/modules/juce_audio_processors/juce_audio_processors.h:178:
/Users/larryseyer/AudioDevelopment/OTTO/JUCE/modules/juce_audio_processors/utilities/juce_AudioProcessorValueTreeState.h:639:8: warning: 'JUCE_UNIT_TESTS' is not defined, evaluates to 0 [-Wundef]
  639 |    #if JUCE_UNIT_TESTS
      |        ^
In file included from /Users/larryseyer/AudioDevelopment/OTTO/Source/UX/ContextMenuManager.cpp:1:
In file included from /Users/larryseyer/AudioDevelopment/OTTO/Source/UX/ContextMenuManager.h:2:
In file included from /Users/larryseyer/AudioDevelopment/OTTO/Builds/MacOSX/CMake-Release/OTTO_artefacts/JuceLibraryCode/JuceHeader.h:23:
In file included from /Users/larryseyer/AudioDevelopment/OTTO/JUCE/modules/juce_audio_devices/juce_audio_devices.h:174:
/Users/larryseyer/AudioDevelopment/OTTO/JUCE/modules/juce_audio_devices/midi_io/juce_MidiDevices.h:205:8: warning: 'JUCE_LINUX' is not defined, evaluates to 0 [-Wundef]
  205 |    #if JUCE_LINUX || JUCE_BSD || JUCE_MAC || JUCE_IOS || DOXYGEN
      |        ^
/Users/larryseyer/AudioDevelopment/OTTO/JUCE/modules/juce_audio_devices/midi_io/juce_MidiDevices.h:205:22: warning: 'JUCE_BSD' is not defined, evaluates to 0 [-Wundef]
  205 |    #if JUCE_LINUX || JUCE_BSD || JUCE_MAC || JUCE_IOS || DOXYGEN
      |                      ^
/Users/larryseyer/AudioDevelopment/OTTO/JUCE/modules/juce_audio_devices/midi_io/juce_MidiDevices.h:364:8: warning: 'JUCE_LINUX' is not defined, evaluates to 0 [-Wundef]
  364 |    #if JUCE_LINUX || JUCE_BSD || JUCE_MAC || JUCE_IOS || DOXYGEN
      |        ^
/Users/larryseyer/AudioDevelopment/OTTO/JUCE/modules/juce_audio_devices/midi_io/juce_MidiDevices.h:364:22: warning: 'JUCE_BSD' is not defined, evaluates to 0 [-Wundef]
  364 |    #if JUCE_LINUX || JUCE_BSD || JUCE_MAC || JUCE_IOS || DOXYGEN
      |                      ^
In file included from /Users/larryseyer/AudioDevelopment/OTTO/Source/UX/ContextMenuManager.cpp:1:
In file included from /Users/larryseyer/AudioDevelopment/OTTO/Source/UX/ContextMenuManager.h:2:
In file included from /Users/larryseyer/AudioDevelopment/OTTO/Builds/MacOSX/CMake-Release/OTTO_artefacts/JuceLibraryCode/JuceHeader.h:23:
In file included from /Users/larryseyer/AudioDevelopment/OTTO/JUCE/modules/juce_audio_devices/juce_audio_devices.h:175:
/Users/larryseyer/AudioDevelopment/OTTO/JUCE/modules/juce_audio_devices/midi_io/juce_MidiMessageCollector.h:118:8: warning: 'JUCE_DEBUG' is not defined, evaluates to 0 [-Wundef]
  118 |    #if JUCE_DEBUG
      |        ^
In file included from /Users/larryseyer/AudioDevelopment/OTTO/Source/UX/ContextMenuManager.cpp:1:
In file included from /Users/larryseyer/AudioDevelopment/OTTO/Source/UX/ContextMenuManager.h:2:
In file included from /Users/larryseyer/AudioDevelopment/OTTO/Builds/MacOSX/CMake-Release/OTTO_artefacts/JuceLibraryCode/JuceHeader.h:23:
/Users/larryseyer/AudioDevelopment/OTTO/JUCE/modules/juce_audio_devices/juce_audio_devices.h:199:5: warning: 'JUCE_IOS' is not defined, evaluates to 0 [-Wundef]
  199 | #if JUCE_IOS
      |     ^
In file included from /Users/larryseyer/AudioDevelopment/OTTO/Source/UX/ContextMenuManager.cpp:1:
In file included from /Users/larryseyer/AudioDevelopment/OTTO/Source/UX/ContextMenuManager.h:2:
In file included from /Users/larryseyer/AudioDevelopment/OTTO/Builds/MacOSX/CMake-Release/OTTO_artefacts/JuceLibraryCode/JuceHeader.h:24:
/Users/larryseyer/AudioDevelopment/OTTO/JUCE/modules/juce_audio_formats/juce_audio_formats.h:117:7: warning: 'JUCE_WINDOWS' is not defined, evaluates to 0 [-Wundef]
  117 | #if ! JUCE_WINDOWS
      |       ^
In file included from /Users/larryseyer/AudioDevelopment/OTTO/Source/UX/ContextMenuManager.cpp:1:
In file included from /Users/larryseyer/AudioDevelopment/OTTO/Source/UX/ContextMenuManager.h:2:
In file included from /Users/larryseyer/AudioDevelopment/OTTO/Builds/MacOSX/CMake-Release/OTTO_artefacts/JuceLibraryCode/JuceHeader.h:24:
In file included from /Users/larryseyer/AudioDevelopment/OTTO/JUCE/modules/juce_audio_formats/juce_audio_formats.h:134:
/Users/larryseyer/AudioDevelopment/OTTO/JUCE/modules/juce_audio_formats/codecs/juce_LAMEEncoderAudioFormat.h:38:35: warning: 'DOXYGEN' is not defined, evaluates to 0 [-Wundef]
   38 | #if JUCE_USE_LAME_AUDIO_FORMAT || DOXYGEN
      |                                   ^
In file included from /Users/larryseyer/AudioDevelopment/OTTO/Source/UX/ContextMenuManager.cpp:1:
In file included from /Users/larryseyer/AudioDevelopment/OTTO/Source/UX/ContextMenuManager.h:2:
In file included from /Users/larryseyer/AudioDevelopment/OTTO/Builds/MacOSX/CMake-Release/OTTO_artefacts/JuceLibraryCode/JuceHeader.h:24:
In file included from /Users/larryseyer/AudioDevelopment/OTTO/JUCE/modules/juce_audio_formats/juce_audio_formats.h:135:
/Users/larryseyer/AudioDevelopment/OTTO/JUCE/modules/juce_audio_formats/codecs/juce_MP3AudioFormat.h:38:32: warning: 'DOXYGEN' is not defined, evaluates to 0 [-Wundef]
   38 | #if JUCE_USE_MP3AUDIOFORMAT || DOXYGEN
      |                                ^
In file included from /Users/larryseyer/AudioDevelopment/OTTO/Source/UX/ContextMenuManager.cpp:1:
In file included from /Users/larryseyer/AudioDevelopment/OTTO/Source/UX/ContextMenuManager.h:2:
In file included from /Users/larryseyer/AudioDevelopment/OTTO/Builds/MacOSX/CMake-Release/OTTO_artefacts/JuceLibraryCode/JuceHeader.h:24:
In file included from /Users/larryseyer/AudioDevelopment/OTTO/JUCE/modules/juce_audio_formats/juce_audio_formats.h:138:
/Users/larryseyer/AudioDevelopment/OTTO/JUCE/modules/juce_audio_formats/codecs/juce_WindowsMediaAudioFormat.h:38:5: warning: 'JUCE_WINDOWS' is not defined, evaluates to 0 [-Wundef]
   38 | #if JUCE_WINDOWS || DOXYGEN
      |     ^
/Users/larryseyer/AudioDevelopment/OTTO/JUCE/modules/juce_audio_formats/codecs/juce_WindowsMediaAudioFormat.h:38:21: warning: 'DOXYGEN' is not defined, evaluates to 0 [-Wundef]
   38 | #if JUCE_WINDOWS || DOXYGEN
      |                     ^
In file included from /Users/larryseyer/AudioDevelopment/OTTO/Source/UX/ContextMenuManager.cpp:1:
In file included from /Users/larryseyer/AudioDevelopment/OTTO/Source/UX/ContextMenuManager.h:2:
In file included from /Users/larryseyer/AudioDevelopment/OTTO/Builds/MacOSX/CMake-Release/OTTO_artefacts/JuceLibraryCode/JuceHeader.h:25:
In file included from /Users/larryseyer/AudioDevelopment/OTTO/JUCE/modules/juce_audio_utils/juce_audio_utils.h:99:
/Users/larryseyer/AudioDevelopment/OTTO/JUCE/modules/juce_audio_utils/audio_cd/juce_AudioCDBurner.h:38:26: warning: 'DOXYGEN' is not defined, evaluates to 0 [-Wundef]
   38 | #if JUCE_USE_CDBURNER || DOXYGEN
      |                          ^
In file included from /Users/larryseyer/AudioDevelopment/OTTO/Source/UX/ContextMenuManager.cpp:1:
In file included from /Users/larryseyer/AudioDevelopment/OTTO/Source/UX/ContextMenuManager.h:2:
In file included from /Users/larryseyer/AudioDevelopment/OTTO/Builds/MacOSX/CMake-Release/OTTO_artefacts/JuceLibraryCode/JuceHeader.h:25:
In file included from /Users/larryseyer/AudioDevelopment/OTTO/JUCE/modules/juce_audio_utils/juce_audio_utils.h:100:
/Users/larryseyer/AudioDevelopment/OTTO/JUCE/modules/juce_audio_utils/audio_cd/juce_AudioCDReader.h:38:26: warning: 'DOXYGEN' is not defined, evaluates to 0 [-Wundef]
   38 | #if JUCE_USE_CDREADER || DOXYGEN
      |                          ^
In file included from /Users/larryseyer/AudioDevelopment/OTTO/Source/UX/ContextMenuManager.cpp:1:
In file included from /Users/larryseyer/AudioDevelopment/OTTO/Source/UX/ContextMenuManager.h:2:
In file included from /Users/larryseyer/AudioDevelopment/OTTO/Builds/MacOSX/CMake-Release/OTTO_artefacts/JuceLibraryCode/JuceHeader.h:26:
/Users/larryseyer/AudioDevelopment/OTTO/JUCE/modules/juce_dsp/juce_dsp.h:69:5: warning: 'JUCE_INTEL' is not defined, evaluates to 0 [-Wundef]
   69 | #if JUCE_INTEL
      |     ^
/Users/larryseyer/AudioDevelopment/OTTO/JUCE/modules/juce_dsp/juce_dsp.h:95:20: warning: 'JUCE_WINDOWS' is not defined, evaluates to 0 [-Wundef]
   95 |  #if JUCE_64BIT && JUCE_WINDOWS
      |                    ^
/Users/larryseyer/AudioDevelopment/OTTO/JUCE/modules/juce_dsp/juce_dsp.h:113:6: warning: '_MSC_VER' is not defined, evaluates to 0 [-Wundef]
  113 |  #if _MSC_VER && JUCE_USE_SIMD && ! (defined (_M_X64) || defined (__amd64__))
      |      ^
/Users/larryseyer/AudioDevelopment/OTTO/JUCE/modules/juce_dsp/juce_dsp.h:242:6: warning: 'JUCE_INTEL' is not defined, evaluates to 0 [-Wundef]
  242 |  #if JUCE_INTEL
      |      ^
In file included from /Users/larryseyer/AudioDevelopment/OTTO/Source/UX/ContextMenuManager.cpp:1:
In file included from /Users/larryseyer/AudioDevelopment/OTTO/Source/UX/ContextMenuManager.h:2:
In file included from /Users/larryseyer/AudioDevelopment/OTTO/Builds/MacOSX/CMake-Release/OTTO_artefacts/JuceLibraryCode/JuceHeader.h:27:
/Users/larryseyer/AudioDevelopment/OTTO/JUCE/modules/juce_opengl/juce_opengl.h:72:5: warning: 'JUCE_IOS' is not defined, evaluates to 0 [-Wundef]
   72 | #if JUCE_IOS || JUCE_ANDROID
      |     ^
/Users/larryseyer/AudioDevelopment/OTTO/JUCE/modules/juce_opengl/juce_opengl.h:72:17: warning: 'JUCE_ANDROID' is not defined, evaluates to 0 [-Wundef]
   72 | #if JUCE_IOS || JUCE_ANDROID
      |                 ^
/Users/larryseyer/AudioDevelopment/OTTO/JUCE/modules/juce_opengl/juce_opengl.h:82:5: warning: 'JUCE_OPENGL_ES' is not defined, evaluates to 0 [-Wundef]
   82 | #if JUCE_OPENGL_ES || DOXYGEN
      |     ^
/Users/larryseyer/AudioDevelopment/OTTO/JUCE/modules/juce_opengl/juce_opengl.h:82:23: warning: 'DOXYGEN' is not defined, evaluates to 0 [-Wundef]
   82 | #if JUCE_OPENGL_ES || DOXYGEN
      |                       ^
In file included from /Users/larryseyer/AudioDevelopment/OTTO/Source/UX/ContextMenuManager.cpp:1:
In file included from /Users/larryseyer/AudioDevelopment/OTTO/Source/UX/ContextMenuManager.h:2:
In file included from /Users/larryseyer/AudioDevelopment/OTTO/Builds/MacOSX/CMake-Release/OTTO_artefacts/JuceLibraryCode/JuceHeader.h:27:
In file included from /Users/larryseyer/AudioDevelopment/OTTO/JUCE/modules/juce_opengl/juce_opengl.h:120:
/Users/larryseyer/AudioDevelopment/OTTO/JUCE/modules/juce_opengl/native/juce_OpenGLExtensions.h:127:8: warning: 'JUCE_WINDOWS' is not defined, evaluates to 0 [-Wundef]
  127 |    #if JUCE_WINDOWS && ! defined (DOXYGEN)
      |        ^
/Users/larryseyer/AudioDevelopment/OTTO/JUCE/modules/juce_opengl/native/juce_OpenGLExtensions.h:142:8: warning: 'JUCE_ANDROID' is not defined, evaluates to 0 [-Wundef]
  142 |    #if JUCE_ANDROID
      |        ^
In file included from /Users/larryseyer/AudioDevelopment/OTTO/Source/UX/ContextMenuManager.cpp:1:
In file included from /Users/larryseyer/AudioDevelopment/OTTO/Source/UX/ContextMenuManager.h:2:
/Users/larryseyer/AudioDevelopment/OTTO/Builds/MacOSX/CMake-Release/OTTO_artefacts/JuceLibraryCode/JuceHeader.h:34:7: warning: 'DONT_SET_USING_JUCE_NAMESPACE' is not defined, evaluates to 0 [-Wundef]
   34 | #if ! DONT_SET_USING_JUCE_NAMESPACE
      |       ^
In file included from /Users/larryseyer/AudioDevelopment/OTTO/Source/UX/ContextMenuManager.cpp:1:
In file included from /Users/larryseyer/AudioDevelopment/OTTO/Source/UX/ContextMenuManager.h:3:
/Users/larryseyer/AudioDevelopment/OTTO/Source/UX/../ColorScheme.h:104:55: warning: unused parameter 'newThemeName' [-Wunused-parameter]
  104 |         virtual void themeChanged(const juce::String& newThemeName) {}
      |                                                       ^
/Users/larryseyer/AudioDevelopment/OTTO/Source/UX/../ColorScheme.h:105:55: warning: unused parameter 'component' [-Wunused-parameter]
  105 |         virtual void colorChanged(const juce::String& component, const juce::String& property, const juce::Colour& newColor) {}
      |                                                       ^
/Users/larryseyer/AudioDevelopment/OTTO/Source/UX/../ColorScheme.h:105:86: warning: unused parameter 'property' [-Wunused-parameter]
  105 |         virtual void colorChanged(const juce::String& component, const juce::String& property, const juce::Colour& newColor) {}
      |                                                                                      ^
/Users/larryseyer/AudioDevelopment/OTTO/Source/UX/../ColorScheme.h:105:116: warning: unused parameter 'newColor' [-Wunused-parameter]
  105 |         virtual void colorChanged(const juce::String& component, const juce::String& property, const juce::Colour& newColor) {}
      |                                                                                                                    ^
In file included from /Users/larryseyer/AudioDevelopment/OTTO/Source/UX/ContextMenuManager.cpp:1:
In file included from /Users/larryseyer/AudioDevelopment/OTTO/Source/UX/ContextMenuManager.h:2:
In file included from /Users/larryseyer/AudioDevelopment/OTTO/Builds/MacOSX/CMake-Release/OTTO_artefacts/JuceLibraryCode/JuceHeader.h:14:
In file included from /Users/larryseyer/AudioDevelopment/OTTO/JUCE/modules/juce_audio_plugin_client/juce_audio_plugin_client.h:63:
In file included from /Users/larryseyer/AudioDevelopment/OTTO/JUCE/modules/juce_gui_basics/juce_gui_basics.h:68:
In file included from /Users/larryseyer/AudioDevelopment/OTTO/JUCE/modules/juce_graphics/juce_graphics.h:116:
/Users/larryseyer/AudioDevelopment/OTTO/JUCE/modules/juce_graphics/geometry/juce_Line.h:242:81: warning: implicit conversion increases floating-point precision: 'float' to 'double' [-Wdouble-promotion]
  242 |                  start.y + static_cast<ValueType> ((delta.y * distanceFromStart + delta.x * perpendicularDistance) / length) };
      |                                                     ~~~~~~~~~~~~~~~~~~~~~~~~~~~~^~~~~~~~~~~~~~~~~~~~~~~~~~~~~~~~~  ~
In file included from /Users/larryseyer/AudioDevelopment/OTTO/Source/UX/ContextMenuManager.cpp:1:
In file included from /Users/larryseyer/AudioDevelopment/OTTO/Source/UX/ContextMenuManager.h:2:
In file included from /Users/larryseyer/AudioDevelopment/OTTO/Builds/MacOSX/CMake-Release/OTTO_artefacts/JuceLibraryCode/JuceHeader.h:14:
In file included from /Users/larryseyer/AudioDevelopment/OTTO/JUCE/modules/juce_audio_plugin_client/juce_audio_plugin_client.h:63:
In file included from /Users/larryseyer/AudioDevelopment/OTTO/JUCE/modules/juce_gui_basics/juce_gui_basics.h:68:
In file included from /Users/larryseyer/AudioDevelopment/OTTO/JUCE/modules/juce_graphics/juce_graphics.h:150:
/Users/larryseyer/AudioDevelopment/OTTO/JUCE/modules/juce_graphics/native/juce_RenderingHelpers.h:343:64: note: in instantiation of member function 'juce::Line<float>::getPointAlongLine' requested here
  343 |     const Line perpendicularThroughPoint { point, point + line.getPointAlongLine (0.0f, 1.0f) - line.getStart() };
      |                                                                ^
In file included from /Users/larryseyer/AudioDevelopment/OTTO/Source/UX/ContextMenuManager.cpp:1:
In file included from /Users/larryseyer/AudioDevelopment/OTTO/Source/UX/ContextMenuManager.h:2:
In file included from /Users/larryseyer/AudioDevelopment/OTTO/Builds/MacOSX/CMake-Release/OTTO_artefacts/JuceLibraryCode/JuceHeader.h:14:
In file included from /Users/larryseyer/AudioDevelopment/OTTO/JUCE/modules/juce_audio_plugin_client/juce_audio_plugin_client.h:63:
In file included from /Users/larryseyer/AudioDevelopment/OTTO/JUCE/modules/juce_gui_basics/juce_gui_basics.h:68:
In file included from /Users/larryseyer/AudioDevelopment/OTTO/JUCE/modules/juce_graphics/juce_graphics.h:116:
/Users/larryseyer/AudioDevelopment/OTTO/JUCE/modules/juce_graphics/geometry/juce_Line.h:241:81: warning: implicit conversion increases floating-point precision: 'float' to 'double' [-Wdouble-promotion]
  241 |         return { start.x + static_cast<ValueType> ((delta.x * distanceFromStart - delta.y * perpendicularDistance) / length),
      |                                                     ~~~~~~~~~~~~~~~~~~~~~~~~~~~~^~~~~~~~~~~~~~~~~~~~~~~~~~~~~~~~~  ~

CompileC /Users/larryseyer/AudioDevelopment/OTTO/Builds/MacOSX/CMake-Release/build/OTTO.build/Release/Objects-normal/arm64/AccessibilityEnhancer.o /Users/larryseyer/AudioDevelopment/OTTO/Source/UX/AccessibilityEnhancer.cpp normal arm64 c++ com.apple.compilers.llvm.clang.1_0.compiler (in target 'OTTO' from project 'OTTO')
    cd /Users/larryseyer/AudioDevelopment/OTTO
    
    Using response file: /Users/larryseyer/AudioDevelopment/OTTO/Builds/MacOSX/CMake-Release/build/OTTO.build/Release/Objects-normal/arm64/82b82416624d2658e5098eb0a28c15c5-common-args.resp
    
    /Applications/Xcode.app/Contents/Developer/Toolchains/XcodeDefault.xctoolchain/usr/bin/clang -x c++ -ivfsstatcache /var/folders/0p/t4rj91z90d38yk0_8vh370gr0000gn/C/com.apple.DeveloperTools/16.4-16F6/Xcode/SDKStatCaches.noindex/macosx15.5-24F74-8254517eb8b97d462ccbc072ba9094c9.sdkstatcache -fmessage-length\=0 -fdiagnostics-show-note-include-stack -fmacro-backtrace-limit\=0 -fno-color-diagnostics -Wno-trigraphs -Wno-missing-field-initializers -Wno-missing-prototypes -Wno-return-type -Wno-non-virtual-dtor -Wno-overloaded-virtual -Wno-exit-time-destructors -Wno-missing-braces -Wparentheses -Wswitch -Wno-unused-function -Wno-unused-label -Wno-unused-parameter -Wno-unused-variable -Wunused-value -Wno-empty-body -Wno-uninitialized -Wno-unknown-pragmas -Wno-shadow -Wno-four-char-constants -Wno-conversion -Wno-constant-conversion -Wno-int-conversion -Wno-bool-conversion -Wno-enum-conversion -Wno-float-conversion -Wno-non-literal-null-conversion -Wno-objc-literal-conversion -Wshorten-64-to-32 -Wno-newline-eof -Wno-c++11-extensions -Wno-implicit-fallthrough -fstrict-aliasing -Wdeprecated-declarations -Winvalid-offsetof -Wno-sign-conversion -Wno-infinite-recursion -Wno-move -Wno-comma -Wno-block-capture-autoreleasing -Wno-strict-prototypes -Wno-range-loop-analysis -Wno-semicolon-before-method-body -Wall -Wextra -Wpedantic -Wformat\=2 -Wformat-security -Wnull-dereference -Wdouble-promotion -Wshadow -Wundef -Wcast-align @/Users/larryseyer/AudioDevelopment/OTTO/Builds/MacOSX/CMake-Release/build/OTTO.build/Release/Objects-normal/arm64/82b82416624d2658e5098eb0a28c15c5-common-args.resp -MMD -MT dependencies -MF /Users/larryseyer/AudioDevelopment/OTTO/Builds/MacOSX/CMake-Release/build/OTTO.build/Release/Objects-normal/arm64/AccessibilityEnhancer.d --serialize-diagnostics /Users/larryseyer/AudioDevelopment/OTTO/Builds/MacOSX/CMake-Release/build/OTTO.build/Release/Objects-normal/arm64/AccessibilityEnhancer.dia -c /Users/larryseyer/AudioDevelopment/OTTO/Source/UX/AccessibilityEnhancer.cpp -o /Users/larryseyer/AudioDevelopment/OTTO/Builds/MacOSX/CMake-Release/build/OTTO.build/Release/Objects-normal/arm64/AccessibilityEnhancer.o
In file included from /Users/larryseyer/AudioDevelopment/OTTO/Source/UX/AccessibilityEnhancer.cpp:1:
In file included from /Users/larryseyer/AudioDevelopment/OTTO/Source/UX/AccessibilityEnhancer.h:2:
In file included from /Users/larryseyer/AudioDevelopment/OTTO/Builds/MacOSX/CMake-Release/OTTO_artefacts/JuceLibraryCode/JuceHeader.h:14:
In file included from /Users/larryseyer/AudioDevelopment/OTTO/JUCE/modules/juce_audio_plugin_client/juce_audio_plugin_client.h:63:
In file included from /Users/larryseyer/AudioDevelopment/OTTO/JUCE/modules/juce_gui_basics/juce_gui_basics.h:68:
In file included from /Users/larryseyer/AudioDevelopment/OTTO/JUCE/modules/juce_graphics/juce_graphics.h:67:
In file included from /Users/larryseyer/AudioDevelopment/OTTO/JUCE/modules/juce_core/juce_core.h:77:
/Users/larryseyer/AudioDevelopment/OTTO/JUCE/modules/juce_core/system/juce_TargetPlatform.h:99:5: warning: 'JUCE_WINDOWS' is not defined, evaluates to 0 [-Wundef]
   99 | #if JUCE_WINDOWS
      |     ^
/Users/larryseyer/AudioDevelopment/OTTO/JUCE/modules/juce_core/system/juce_TargetPlatform.h:183:5: warning: 'JUCE_LINUX' is not defined, evaluates to 0 [-Wundef]
  183 | #if JUCE_LINUX || JUCE_ANDROID || JUCE_BSD
      |     ^
/Users/larryseyer/AudioDevelopment/OTTO/JUCE/modules/juce_core/system/juce_TargetPlatform.h:183:19: warning: 'JUCE_ANDROID' is not defined, evaluates to 0 [-Wundef]
  183 | #if JUCE_LINUX || JUCE_ANDROID || JUCE_BSD
      |                   ^
/Users/larryseyer/AudioDevelopment/OTTO/JUCE/modules/juce_core/system/juce_TargetPlatform.h:183:35: warning: 'JUCE_BSD' is not defined, evaluates to 0 [-Wundef]
  183 | #if JUCE_LINUX || JUCE_ANDROID || JUCE_BSD
      |                                   ^
In file included from /Users/larryseyer/AudioDevelopment/OTTO/Source/UX/AccessibilityEnhancer.cpp:1:
In file included from /Users/larryseyer/AudioDevelopment/OTTO/Source/UX/AccessibilityEnhancer.h:2:
In file included from /Users/larryseyer/AudioDevelopment/OTTO/Builds/MacOSX/CMake-Release/OTTO_artefacts/JuceLibraryCode/JuceHeader.h:14:
In file included from /Users/larryseyer/AudioDevelopment/OTTO/JUCE/modules/juce_audio_plugin_client/juce_audio_plugin_client.h:63:
In file included from /Users/larryseyer/AudioDevelopment/OTTO/JUCE/modules/juce_gui_basics/juce_gui_basics.h:68:
In file included from /Users/larryseyer/AudioDevelopment/OTTO/JUCE/modules/juce_graphics/juce_graphics.h:67:
/Users/larryseyer/AudioDevelopment/OTTO/JUCE/modules/juce_core/juce_core.h:115:5: warning: 'JUCE_DEBUG' is not defined, evaluates to 0 [-Wundef]
  115 | #if JUCE_DEBUG && ! defined (JUCE_CHECK_MEMORY_LEAKS)
      |     ^
/Users/larryseyer/AudioDevelopment/OTTO/JUCE/modules/juce_core/juce_core.h:207:5: warning: 'JUCE_CORE_INCLUDE_NATIVE_HEADERS' is not defined, evaluates to 0 [-Wundef]
  207 | #if JUCE_CORE_INCLUDE_NATIVE_HEADERS
      |     ^
/Users/larryseyer/AudioDevelopment/OTTO/JUCE/modules/juce_core/juce_core.h:211:5: warning: 'JUCE_WINDOWS' is not defined, evaluates to 0 [-Wundef]
  211 | #if JUCE_WINDOWS
      |     ^
In file included from /Users/larryseyer/AudioDevelopment/OTTO/Source/UX/AccessibilityEnhancer.cpp:1:
In file included from /Users/larryseyer/AudioDevelopment/OTTO/Source/UX/AccessibilityEnhancer.h:2:
In file included from /Users/larryseyer/AudioDevelopment/OTTO/Builds/MacOSX/CMake-Release/OTTO_artefacts/JuceLibraryCode/JuceHeader.h:14:
In file included from /Users/larryseyer/AudioDevelopment/OTTO/JUCE/modules/juce_audio_plugin_client/juce_audio_plugin_client.h:63:
In file included from /Users/larryseyer/AudioDevelopment/OTTO/JUCE/modules/juce_gui_basics/juce_gui_basics.h:68:
In file included from /Users/larryseyer/AudioDevelopment/OTTO/JUCE/modules/juce_graphics/juce_graphics.h:67:
In file included from /Users/larryseyer/AudioDevelopment/OTTO/JUCE/modules/juce_core/juce_core.h:215:
/Users/larryseyer/AudioDevelopment/OTTO/JUCE/modules/juce_core/system/juce_StandardHeader.h:56:7: warning: 'DOXYGEN' is not defined, evaluates to 0 [-Wundef]
   56 | #if ! DOXYGEN
      |       ^
In file included from /Users/larryseyer/AudioDevelopment/OTTO/Source/UX/AccessibilityEnhancer.cpp:1:
In file included from /Users/larryseyer/AudioDevelopment/OTTO/Source/UX/AccessibilityEnhancer.h:2:
In file included from /Users/larryseyer/AudioDevelopment/OTTO/Builds/MacOSX/CMake-Release/OTTO_artefacts/JuceLibraryCode/JuceHeader.h:14:
In file included from /Users/larryseyer/AudioDevelopment/OTTO/JUCE/modules/juce_audio_plugin_client/juce_audio_plugin_client.h:63:
In file included from /Users/larryseyer/AudioDevelopment/OTTO/JUCE/modules/juce_gui_basics/juce_gui_basics.h:68:
In file included from /Users/larryseyer/AudioDevelopment/OTTO/JUCE/modules/juce_graphics/juce_graphics.h:67:
In file included from /Users/larryseyer/AudioDevelopment/OTTO/JUCE/modules/juce_core/juce_core.h:215:
In file included from /Users/larryseyer/AudioDevelopment/OTTO/JUCE/modules/juce_core/system/juce_StandardHeader.h:93:
/Users/larryseyer/AudioDevelopment/OTTO/JUCE/modules/juce_core/system/juce_CompilerSupport.h:43:5: warning: 'JUCE_GCC' is not defined, evaluates to 0 [-Wundef]
   43 | #if JUCE_GCC
      |     ^
/Users/larryseyer/AudioDevelopment/OTTO/JUCE/modules/juce_core/system/juce_CompilerSupport.h:94:5: warning: 'JUCE_MSVC' is not defined, evaluates to 0 [-Wundef]
   94 | #if JUCE_MSVC
      |     ^
In file included from /Users/larryseyer/AudioDevelopment/OTTO/Source/UX/AccessibilityEnhancer.cpp:1:
In file included from /Users/larryseyer/AudioDevelopment/OTTO/Source/UX/AccessibilityEnhancer.h:2:
In file included from /Users/larryseyer/AudioDevelopment/OTTO/Builds/MacOSX/CMake-Release/OTTO_artefacts/JuceLibraryCode/JuceHeader.h:14:
In file included from /Users/larryseyer/AudioDevelopment/OTTO/JUCE/modules/juce_audio_plugin_client/juce_audio_plugin_client.h:63:
In file included from /Users/larryseyer/AudioDevelopment/OTTO/JUCE/modules/juce_gui_basics/juce_gui_basics.h:68:
In file included from /Users/larryseyer/AudioDevelopment/OTTO/JUCE/modules/juce_graphics/juce_graphics.h:67:
In file included from /Users/larryseyer/AudioDevelopment/OTTO/JUCE/modules/juce_core/juce_core.h:215:
In file included from /Users/larryseyer/AudioDevelopment/OTTO/JUCE/modules/juce_core/system/juce_StandardHeader.h:94:
/Users/larryseyer/AudioDevelopment/OTTO/JUCE/modules/juce_core/system/juce_CompilerWarnings.h:221:5: warning: 'JUCE_MSVC' is not defined, evaluates to 0 [-Wundef]
  221 | #if JUCE_MSVC
      |     ^
In file included from /Users/larryseyer/AudioDevelopment/OTTO/Source/UX/AccessibilityEnhancer.cpp:1:
In file included from /Users/larryseyer/AudioDevelopment/OTTO/Source/UX/AccessibilityEnhancer.h:2:
In file included from /Users/larryseyer/AudioDevelopment/OTTO/Builds/MacOSX/CMake-Release/OTTO_artefacts/JuceLibraryCode/JuceHeader.h:14:
In file included from /Users/larryseyer/AudioDevelopment/OTTO/JUCE/modules/juce_audio_plugin_client/juce_audio_plugin_client.h:63:
In file included from /Users/larryseyer/AudioDevelopment/OTTO/JUCE/modules/juce_gui_basics/juce_gui_basics.h:68:
In file included from /Users/larryseyer/AudioDevelopment/OTTO/JUCE/modules/juce_graphics/juce_graphics.h:67:
In file included from /Users/larryseyer/AudioDevelopment/OTTO/JUCE/modules/juce_core/juce_core.h:215:
In file included from /Users/larryseyer/AudioDevelopment/OTTO/JUCE/modules/juce_core/system/juce_StandardHeader.h:95:
/Users/larryseyer/AudioDevelopment/OTTO/JUCE/modules/juce_core/system/juce_PlatformDefs.h:54:5: warning: 'JUCE_WINDOWS' is not defined, evaluates to 0 [-Wundef]
   54 | #if JUCE_WINDOWS
      |     ^
/Users/larryseyer/AudioDevelopment/OTTO/JUCE/modules/juce_core/system/juce_PlatformDefs.h:66:29: warning: 'JUCE_DEBUG' is not defined, evaluates to 0 [-Wundef]
   66 |  #if JUCE_LOG_ASSERTIONS || JUCE_DEBUG
      |                             ^
/Users/larryseyer/AudioDevelopment/OTTO/JUCE/modules/juce_core/system/juce_PlatformDefs.h:74:5: warning: 'JUCE_IOS' is not defined, evaluates to 0 [-Wundef]
   74 | #if JUCE_IOS || JUCE_LINUX || JUCE_BSD
      |     ^
/Users/larryseyer/AudioDevelopment/OTTO/JUCE/modules/juce_core/system/juce_PlatformDefs.h:74:17: warning: 'JUCE_LINUX' is not defined, evaluates to 0 [-Wundef]
   74 | #if JUCE_IOS || JUCE_LINUX || JUCE_BSD
      |                 ^
/Users/larryseyer/AudioDevelopment/OTTO/JUCE/modules/juce_core/system/juce_PlatformDefs.h:74:31: warning: 'JUCE_BSD' is not defined, evaluates to 0 [-Wundef]
   74 | #if JUCE_IOS || JUCE_LINUX || JUCE_BSD
      |                               ^
/Users/larryseyer/AudioDevelopment/OTTO/JUCE/modules/juce_core/system/juce_PlatformDefs.h:81:7: warning: 'JUCE_MSVC' is not defined, evaluates to 0 [-Wundef]
   81 | #elif JUCE_MSVC
      |       ^
/Users/larryseyer/AudioDevelopment/OTTO/JUCE/modules/juce_core/system/juce_PlatformDefs.h:86:7: warning: 'JUCE_INTEL' is not defined, evaluates to 0 [-Wundef]
   86 | #elif JUCE_INTEL && (JUCE_GCC || JUCE_CLANG || JUCE_MAC)
      |       ^
/Users/larryseyer/AudioDevelopment/OTTO/JUCE/modules/juce_core/system/juce_PlatformDefs.h:132:5: warning: 'JUCE_MSVC' is not defined, evaluates to 0 [-Wundef]
  132 | #if JUCE_MSVC && ! defined (DOXYGEN)
      |     ^
/Users/larryseyer/AudioDevelopment/OTTO/JUCE/modules/juce_core/system/juce_PlatformDefs.h:146:6: warning: 'JUCE_DEBUG' is not defined, evaluates to 0 [-Wundef]
  146 | #if (JUCE_DEBUG && ! JUCE_DISABLE_ASSERTIONS) || DOXYGEN
      |      ^
/Users/larryseyer/AudioDevelopment/OTTO/JUCE/modules/juce_core/system/juce_PlatformDefs.h:146:50: warning: 'DOXYGEN' is not defined, evaluates to 0 [-Wundef]
  146 | #if (JUCE_DEBUG && ! JUCE_DISABLE_ASSERTIONS) || DOXYGEN
      |                                                  ^
/Users/larryseyer/AudioDevelopment/OTTO/JUCE/modules/juce_core/system/juce_PlatformDefs.h:272:5: warning: 'JUCE_MSVC' is not defined, evaluates to 0 [-Wundef]
  272 | #if JUCE_MSVC && ! defined (DOXYGEN)
      |     ^
/Users/larryseyer/AudioDevelopment/OTTO/JUCE/modules/juce_core/system/juce_PlatformDefs.h:291:5: warning: 'JUCE_DEBUG' is not defined, evaluates to 0 [-Wundef]
  291 | #if JUCE_DEBUG || DOXYGEN
      |     ^
/Users/larryseyer/AudioDevelopment/OTTO/JUCE/modules/juce_core/system/juce_PlatformDefs.h:291:19: warning: 'DOXYGEN' is not defined, evaluates to 0 [-Wundef]
  291 | #if JUCE_DEBUG || DOXYGEN
      |                   ^
/Users/larryseyer/AudioDevelopment/OTTO/JUCE/modules/juce_core/system/juce_PlatformDefs.h:299:7: warning: 'JUCE_MSVC' is not defined, evaluates to 0 [-Wundef]
  299 |   #if JUCE_MSVC
      |       ^
/Users/larryseyer/AudioDevelopment/OTTO/JUCE/modules/juce_core/system/juce_PlatformDefs.h:306:5: warning: 'JUCE_MSVC' is not defined, evaluates to 0 [-Wundef]
  306 | #if JUCE_MSVC || DOXYGEN
      |     ^
/Users/larryseyer/AudioDevelopment/OTTO/JUCE/modules/juce_core/system/juce_PlatformDefs.h:306:18: warning: 'DOXYGEN' is not defined, evaluates to 0 [-Wundef]
  306 | #if JUCE_MSVC || DOXYGEN
      |                  ^
/Users/larryseyer/AudioDevelopment/OTTO/JUCE/modules/juce_core/system/juce_PlatformDefs.h:315:5: warning: 'JUCE_ANDROID' is not defined, evaluates to 0 [-Wundef]
  315 | #if JUCE_ANDROID && ! defined (DOXYGEN)
      |     ^
/Users/larryseyer/AudioDevelopment/OTTO/JUCE/modules/juce_core/system/juce_PlatformDefs.h:324:5: warning: 'JUCE_GCC' is not defined, evaluates to 0 [-Wundef]
  324 | #if JUCE_GCC || JUCE_CLANG
      |     ^
/Users/larryseyer/AudioDevelopment/OTTO/JUCE/modules/juce_core/system/juce_PlatformDefs.h:331:5: warning: 'JUCE_GCC' is not defined, evaluates to 0 [-Wundef]
  331 | #if JUCE_GCC || DOXYGEN
      |     ^
/Users/larryseyer/AudioDevelopment/OTTO/JUCE/modules/juce_core/system/juce_PlatformDefs.h:331:17: warning: 'DOXYGEN' is not defined, evaluates to 0 [-Wundef]
  331 | #if JUCE_GCC || DOXYGEN
      |                 ^
In file included from /Users/larryseyer/AudioDevelopment/OTTO/Source/UX/AccessibilityEnhancer.cpp:1:
In file included from /Users/larryseyer/AudioDevelopment/OTTO/Source/UX/AccessibilityEnhancer.h:2:
In file included from /Users/larryseyer/AudioDevelopment/OTTO/Builds/MacOSX/CMake-Release/OTTO_artefacts/JuceLibraryCode/JuceHeader.h:14:
In file included from /Users/larryseyer/AudioDevelopment/OTTO/JUCE/modules/juce_audio_plugin_client/juce_audio_plugin_client.h:63:
In file included from /Users/larryseyer/AudioDevelopment/OTTO/JUCE/modules/juce_gui_basics/juce_gui_basics.h:68:
In file included from /Users/larryseyer/AudioDevelopment/OTTO/JUCE/modules/juce_graphics/juce_graphics.h:67:
In file included from /Users/larryseyer/AudioDevelopment/OTTO/JUCE/modules/juce_core/juce_core.h:215:
/Users/larryseyer/AudioDevelopment/OTTO/JUCE/modules/juce_core/system/juce_StandardHeader.h:101:5: warning: 'JUCE_MSVC' is not defined, evaluates to 0 [-Wundef]
  101 | #if JUCE_MSVC
      |     ^
/Users/larryseyer/AudioDevelopment/OTTO/JUCE/modules/juce_core/system/juce_StandardHeader.h:113:5: warning: 'JUCE_LINUX' is not defined, evaluates to 0 [-Wundef]
  113 | #if JUCE_LINUX || JUCE_BSD
      |     ^
/Users/larryseyer/AudioDevelopment/OTTO/JUCE/modules/juce_core/system/juce_StandardHeader.h:113:19: warning: 'JUCE_BSD' is not defined, evaluates to 0 [-Wundef]
  113 | #if JUCE_LINUX || JUCE_BSD
      |                   ^
/Users/larryseyer/AudioDevelopment/OTTO/JUCE/modules/juce_core/system/juce_StandardHeader.h:126:5: warning: 'JUCE_MSVC' is not defined, evaluates to 0 [-Wundef]
  126 | #if JUCE_MSVC && JUCE_DEBUG
      |     ^
/Users/larryseyer/AudioDevelopment/OTTO/JUCE/modules/juce_core/system/juce_StandardHeader.h:132:5: warning: 'JUCE_ANDROID' is not defined, evaluates to 0 [-Wundef]
  132 | #if JUCE_ANDROID
      |     ^
/Users/larryseyer/AudioDevelopment/OTTO/JUCE/modules/juce_core/system/juce_StandardHeader.h:147:5: warning: 'JUCE_MSVC' is not defined, evaluates to 0 [-Wundef]
  147 | #if JUCE_MSVC
      |     ^
/Users/larryseyer/AudioDevelopment/OTTO/JUCE/modules/juce_core/system/juce_StandardHeader.h:167:5: warning: 'JUCE_MSVC' is not defined, evaluates to 0 [-Wundef]
  167 | #if JUCE_MSVC && JUCE_DLL_BUILD
      |     ^
In file included from /Users/larryseyer/AudioDevelopment/OTTO/Source/UX/AccessibilityEnhancer.cpp:1:
In file included from /Users/larryseyer/AudioDevelopment/OTTO/Source/UX/AccessibilityEnhancer.h:2:
In file included from /Users/larryseyer/AudioDevelopment/OTTO/Builds/MacOSX/CMake-Release/OTTO_artefacts/JuceLibraryCode/JuceHeader.h:14:
In file included from /Users/larryseyer/AudioDevelopment/OTTO/JUCE/modules/juce_audio_plugin_client/juce_audio_plugin_client.h:63:
In file included from /Users/larryseyer/AudioDevelopment/OTTO/JUCE/modules/juce_gui_basics/juce_gui_basics.h:68:
In file included from /Users/larryseyer/AudioDevelopment/OTTO/JUCE/modules/juce_graphics/juce_graphics.h:67:
In file included from /Users/larryseyer/AudioDevelopment/OTTO/JUCE/modules/juce_core/juce_core.h:239:
/Users/larryseyer/AudioDevelopment/OTTO/JUCE/modules/juce_core/memory/juce_Memory.h:165:59: warning: 'DOXYGEN' is not defined, evaluates to 0 [-Wundef]
  165 | #if (JUCE_COMPILER_SUPPORTS_ARC && defined (__OBJC__)) || DOXYGEN
      |                                                           ^
/Users/larryseyer/AudioDevelopment/OTTO/JUCE/modules/juce_core/memory/juce_Memory.h:181:5: warning: 'JUCE_MSVC' is not defined, evaluates to 0 [-Wundef]
  181 | #if JUCE_MSVC && (defined (JUCE_DLL) || defined (JUCE_DLL_BUILD)) && ! (JUCE_DISABLE_DLL_ALLOCATORS || DOXYGEN)
      |     ^
In file included from /Users/larryseyer/AudioDevelopment/OTTO/Source/UX/AccessibilityEnhancer.cpp:1:
In file included from /Users/larryseyer/AudioDevelopment/OTTO/Source/UX/AccessibilityEnhancer.h:2:
In file included from /Users/larryseyer/AudioDevelopment/OTTO/Builds/MacOSX/CMake-Release/OTTO_artefacts/JuceLibraryCode/JuceHeader.h:14:
In file included from /Users/larryseyer/AudioDevelopment/OTTO/JUCE/modules/juce_audio_plugin_client/juce_audio_plugin_client.h:63:
In file included from /Users/larryseyer/AudioDevelopment/OTTO/JUCE/modules/juce_gui_basics/juce_gui_basics.h:68:
In file included from /Users/larryseyer/AudioDevelopment/OTTO/JUCE/modules/juce_graphics/juce_graphics.h:67:
In file included from /Users/larryseyer/AudioDevelopment/OTTO/JUCE/modules/juce_core/juce_core.h:240:
/Users/larryseyer/AudioDevelopment/OTTO/JUCE/modules/juce_core/maths/juce_MathsFunctions.h:59:5: warning: 'JUCE_MSVC' is not defined, evaluates to 0 [-Wundef]
   59 | #if JUCE_MSVC
      |     ^
/Users/larryseyer/AudioDevelopment/OTTO/JUCE/modules/juce_core/maths/juce_MathsFunctions.h:97:5: warning: 'JUCE_WINDOWS' is not defined, evaluates to 0 [-Wundef]
   97 | #if JUCE_WINDOWS
      |     ^
/Users/larryseyer/AudioDevelopment/OTTO/JUCE/modules/juce_core/maths/juce_MathsFunctions.h:125:8: warning: 'JUCE_MSVC' is not defined, evaluates to 0 [-Wundef]
  125 |    #if JUCE_MSVC
      |        ^
/Users/larryseyer/AudioDevelopment/OTTO/JUCE/modules/juce_core/maths/juce_MathsFunctions.h:136:8: warning: 'JUCE_MSVC' is not defined, evaluates to 0 [-Wundef]
  136 |    #if JUCE_MSVC
      |        ^
/Users/larryseyer/AudioDevelopment/OTTO/JUCE/modules/juce_core/maths/juce_MathsFunctions.h:579:5: warning: 'JUCE_MSVC' is not defined, evaluates to 0 [-Wundef]
  579 | #if JUCE_MSVC
      |     ^
/Users/larryseyer/AudioDevelopment/OTTO/JUCE/modules/juce_core/maths/juce_MathsFunctions.h:606:8: warning: 'JUCE_BIG_ENDIAN' is not defined, evaluates to 0 [-Wundef]
  606 |    #if JUCE_BIG_ENDIAN
      |        ^
/Users/larryseyer/AudioDevelopment/OTTO/JUCE/modules/juce_core/maths/juce_MathsFunctions.h:618:5: warning: 'JUCE_MSVC' is not defined, evaluates to 0 [-Wundef]
  618 | #if JUCE_MSVC
      |     ^
/Users/larryseyer/AudioDevelopment/OTTO/JUCE/modules/juce_core/maths/juce_MathsFunctions.h:738:5: warning: 'JUCE_INTEL' is not defined, evaluates to 0 [-Wundef]
  738 | #if JUCE_INTEL || DOXYGEN
      |     ^
/Users/larryseyer/AudioDevelopment/OTTO/JUCE/modules/juce_core/maths/juce_MathsFunctions.h:738:19: warning: 'DOXYGEN' is not defined, evaluates to 0 [-Wundef]
  738 | #if JUCE_INTEL || DOXYGEN
      |                   ^
In file included from /Users/larryseyer/AudioDevelopment/OTTO/Source/UX/AccessibilityEnhancer.cpp:1:
In file included from /Users/larryseyer/AudioDevelopment/OTTO/Source/UX/AccessibilityEnhancer.h:2:
In file included from /Users/larryseyer/AudioDevelopment/OTTO/Builds/MacOSX/CMake-Release/OTTO_artefacts/JuceLibraryCode/JuceHeader.h:14:
In file included from /Users/larryseyer/AudioDevelopment/OTTO/JUCE/modules/juce_audio_plugin_client/juce_audio_plugin_client.h:63:
In file included from /Users/larryseyer/AudioDevelopment/OTTO/JUCE/modules/juce_gui_basics/juce_gui_basics.h:68:
In file included from /Users/larryseyer/AudioDevelopment/OTTO/JUCE/modules/juce_graphics/juce_graphics.h:67:
In file included from /Users/larryseyer/AudioDevelopment/OTTO/JUCE/modules/juce_core/juce_core.h:241:
/Users/larryseyer/AudioDevelopment/OTTO/JUCE/modules/juce_core/memory/juce_ByteOrder.h:162:5: warning: 'JUCE_MSVC' is not defined, evaluates to 0 [-Wundef]
  162 | #if JUCE_MSVC && ! defined (__INTEL_COMPILER)
      |     ^
In file included from /Users/larryseyer/AudioDevelopment/OTTO/Source/UX/AccessibilityEnhancer.cpp:1:
In file included from /Users/larryseyer/AudioDevelopment/OTTO/Source/UX/AccessibilityEnhancer.h:2:
In file included from /Users/larryseyer/AudioDevelopment/OTTO/Builds/MacOSX/CMake-Release/OTTO_artefacts/JuceLibraryCode/JuceHeader.h:14:
In file included from /Users/larryseyer/AudioDevelopment/OTTO/JUCE/modules/juce_audio_plugin_client/juce_audio_plugin_client.h:63:
In file included from /Users/larryseyer/AudioDevelopment/OTTO/JUCE/modules/juce_gui_basics/juce_gui_basics.h:68:
In file included from /Users/larryseyer/AudioDevelopment/OTTO/JUCE/modules/juce_graphics/juce_graphics.h:67:
In file included from /Users/larryseyer/AudioDevelopment/OTTO/JUCE/modules/juce_core/juce_core.h:243:
/Users/larryseyer/AudioDevelopment/OTTO/JUCE/modules/juce_core/text/juce_CharacterFunctions.h:39:5: warning: 'JUCE_WINDOWS' is not defined, evaluates to 0 [-Wundef]
   39 | #if JUCE_WINDOWS && ! defined (DOXYGEN)
      |     ^
/Users/larryseyer/AudioDevelopment/OTTO/JUCE/modules/juce_core/text/juce_CharacterFunctions.h:64:5: warning: 'JUCE_DEFINE_T_MACRO' is not defined, evaluates to 0 [-Wundef]
   64 | #if JUCE_DEFINE_T_MACRO
      |     ^
/Users/larryseyer/AudioDevelopment/OTTO/JUCE/modules/juce_core/text/juce_CharacterFunctions.h:406:12: warning: 'JUCE_WINDOWS' is not defined, evaluates to 0 [-Wundef]
  406 |        #if JUCE_WINDOWS
      |            ^
/Users/larryseyer/AudioDevelopment/OTTO/JUCE/modules/juce_core/text/juce_CharacterFunctions.h:411:13: warning: 'JUCE_ANDROID' is not defined, evaluates to 0 [-Wundef]
  411 |         #if JUCE_ANDROID
      |             ^
In file included from /Users/larryseyer/AudioDevelopment/OTTO/Source/UX/AccessibilityEnhancer.cpp:1:
In file included from /Users/larryseyer/AudioDevelopment/OTTO/Source/UX/AccessibilityEnhancer.h:2:
In file included from /Users/larryseyer/AudioDevelopment/OTTO/Builds/MacOSX/CMake-Release/OTTO_artefacts/JuceLibraryCode/JuceHeader.h:14:
In file included from /Users/larryseyer/AudioDevelopment/OTTO/JUCE/modules/juce_audio_plugin_client/juce_audio_plugin_client.h:63:
In file included from /Users/larryseyer/AudioDevelopment/OTTO/JUCE/modules/juce_gui_basics/juce_gui_basics.h:68:
In file included from /Users/larryseyer/AudioDevelopment/OTTO/JUCE/modules/juce_graphics/juce_graphics.h:67:
In file included from /Users/larryseyer/AudioDevelopment/OTTO/JUCE/modules/juce_core/juce_core.h:247:
/Users/larryseyer/AudioDevelopment/OTTO/JUCE/modules/juce_core/text/juce_CharPointer_UTF8.h:481:12: warning: 'JUCE_WINDOWS' is not defined, evaluates to 0 [-Wundef]
  481 |        #if JUCE_WINDOWS
      |            ^
In file included from /Users/larryseyer/AudioDevelopment/OTTO/Source/UX/AccessibilityEnhancer.cpp:1:
In file included from /Users/larryseyer/AudioDevelopment/OTTO/Source/UX/AccessibilityEnhancer.h:2:
In file included from /Users/larryseyer/AudioDevelopment/OTTO/Builds/MacOSX/CMake-Release/OTTO_artefacts/JuceLibraryCode/JuceHeader.h:14:
In file included from /Users/larryseyer/AudioDevelopment/OTTO/JUCE/modules/juce_audio_plugin_client/juce_audio_plugin_client.h:63:
In file included from /Users/larryseyer/AudioDevelopment/OTTO/JUCE/modules/juce_gui_basics/juce_gui_basics.h:68:
In file included from /Users/larryseyer/AudioDevelopment/OTTO/JUCE/modules/juce_graphics/juce_graphics.h:67:
In file included from /Users/larryseyer/AudioDevelopment/OTTO/JUCE/modules/juce_core/juce_core.h:248:
/Users/larryseyer/AudioDevelopment/OTTO/JUCE/modules/juce_core/text/juce_CharPointer_UTF16.h:353:8: warning: 'JUCE_MSVC' is not defined, evaluates to 0 [-Wundef]
  353 |    #if JUCE_MSVC && ! defined (DOXYGEN)
      |        ^
/Users/larryseyer/AudioDevelopment/OTTO/JUCE/modules/juce_core/text/juce_CharPointer_UTF16.h:412:12: warning: 'JUCE_MSVC' is not defined, evaluates to 0 [-Wundef]
  412 |        #if JUCE_MSVC
      |            ^
/Users/larryseyer/AudioDevelopment/OTTO/JUCE/modules/juce_core/text/juce_CharPointer_UTF16.h:422:12: warning: 'JUCE_MSVC' is not defined, evaluates to 0 [-Wundef]
  422 |        #if JUCE_MSVC
      |            ^
In file included from /Users/larryseyer/AudioDevelopment/OTTO/Source/UX/AccessibilityEnhancer.cpp:1:
In file included from /Users/larryseyer/AudioDevelopment/OTTO/Source/UX/AccessibilityEnhancer.h:2:
In file included from /Users/larryseyer/AudioDevelopment/OTTO/Builds/MacOSX/CMake-Release/OTTO_artefacts/JuceLibraryCode/JuceHeader.h:14:
In file included from /Users/larryseyer/AudioDevelopment/OTTO/JUCE/modules/juce_audio_plugin_client/juce_audio_plugin_client.h:63:
In file included from /Users/larryseyer/AudioDevelopment/OTTO/JUCE/modules/juce_gui_basics/juce_gui_basics.h:68:
In file included from /Users/larryseyer/AudioDevelopment/OTTO/JUCE/modules/juce_graphics/juce_graphics.h:67:
In file included from /Users/larryseyer/AudioDevelopment/OTTO/JUCE/modules/juce_core/juce_core.h:249:
/Users/larryseyer/AudioDevelopment/OTTO/JUCE/modules/juce_core/text/juce_CharPointer_UTF32.h:166:44: warning: 'JUCE_ANDROID' is not defined, evaluates to 0 [-Wundef]
  166 |        #if JUCE_NATIVE_WCHAR_IS_UTF32 && ! JUCE_ANDROID
      |                                            ^
/Users/larryseyer/AudioDevelopment/OTTO/JUCE/modules/juce_core/text/juce_CharPointer_UTF32.h:266:40: warning: 'JUCE_ANDROID' is not defined, evaluates to 0 [-Wundef]
  266 |    #if JUCE_NATIVE_WCHAR_IS_UTF32 && ! JUCE_ANDROID
      |                                        ^
In file included from /Users/larryseyer/AudioDevelopment/OTTO/Source/UX/AccessibilityEnhancer.cpp:1:
In file included from /Users/larryseyer/AudioDevelopment/OTTO/Source/UX/AccessibilityEnhancer.h:2:
In file included from /Users/larryseyer/AudioDevelopment/OTTO/Builds/MacOSX/CMake-Release/OTTO_artefacts/JuceLibraryCode/JuceHeader.h:14:
In file included from /Users/larryseyer/AudioDevelopment/OTTO/JUCE/modules/juce_audio_plugin_client/juce_audio_plugin_client.h:63:
In file included from /Users/larryseyer/AudioDevelopment/OTTO/JUCE/modules/juce_gui_basics/juce_gui_basics.h:68:
In file included from /Users/larryseyer/AudioDevelopment/OTTO/JUCE/modules/juce_graphics/juce_graphics.h:67:
In file included from /Users/larryseyer/AudioDevelopment/OTTO/JUCE/modules/juce_core/juce_core.h:250:
/Users/larryseyer/AudioDevelopment/OTTO/JUCE/modules/juce_core/text/juce_CharPointer_ASCII.h:278:12: warning: 'JUCE_WINDOWS' is not defined, evaluates to 0 [-Wundef]
  278 |        #if JUCE_WINDOWS && JUCE_CLANG
      |            ^
/Users/larryseyer/AudioDevelopment/OTTO/JUCE/modules/juce_core/text/juce_CharPointer_ASCII.h:280:14: warning: 'JUCE_WINDOWS' is not defined, evaluates to 0 [-Wundef]
  280 |        #elif JUCE_WINDOWS
      |              ^
/Users/larryseyer/AudioDevelopment/OTTO/JUCE/modules/juce_core/text/juce_CharPointer_ASCII.h:348:12: warning: 'JUCE_LINUX' is not defined, evaluates to 0 [-Wundef]
  348 |        #if JUCE_LINUX || JUCE_BSD || JUCE_ANDROID
      |            ^
/Users/larryseyer/AudioDevelopment/OTTO/JUCE/modules/juce_core/text/juce_CharPointer_ASCII.h:348:26: warning: 'JUCE_BSD' is not defined, evaluates to 0 [-Wundef]
  348 |        #if JUCE_LINUX || JUCE_BSD || JUCE_ANDROID
      |                          ^
/Users/larryseyer/AudioDevelopment/OTTO/JUCE/modules/juce_core/text/juce_CharPointer_ASCII.h:348:38: warning: 'JUCE_ANDROID' is not defined, evaluates to 0 [-Wundef]
  348 |        #if JUCE_LINUX || JUCE_BSD || JUCE_ANDROID
      |                                      ^
/Users/larryseyer/AudioDevelopment/OTTO/JUCE/modules/juce_core/text/juce_CharPointer_ASCII.h:350:14: warning: 'JUCE_WINDOWS' is not defined, evaluates to 0 [-Wundef]
  350 |        #elif JUCE_WINDOWS
      |              ^
In file included from /Users/larryseyer/AudioDevelopment/OTTO/Source/UX/AccessibilityEnhancer.cpp:1:
In file included from /Users/larryseyer/AudioDevelopment/OTTO/Source/UX/AccessibilityEnhancer.h:2:
In file included from /Users/larryseyer/AudioDevelopment/OTTO/Builds/MacOSX/CMake-Release/OTTO_artefacts/JuceLibraryCode/JuceHeader.h:14:
In file included from /Users/larryseyer/AudioDevelopment/OTTO/JUCE/modules/juce_audio_plugin_client/juce_audio_plugin_client.h:63:
In file included from /Users/larryseyer/AudioDevelopment/OTTO/JUCE/modules/juce_gui_basics/juce_gui_basics.h:68:
In file included from /Users/larryseyer/AudioDevelopment/OTTO/JUCE/modules/juce_graphics/juce_graphics.h:67:
In file included from /Users/larryseyer/AudioDevelopment/OTTO/JUCE/modules/juce_core/juce_core.h:254:
/Users/larryseyer/AudioDevelopment/OTTO/JUCE/modules/juce_core/text/juce_String.h:198:11: warning: 'DOXYGEN' is not defined, evaluates to 0 [-Wundef]
  198 |    #elif (DOXYGEN || JUCE_STRING_UTF_TYPE == 8)
      |           ^
In file included from /Users/larryseyer/AudioDevelopment/OTTO/Source/UX/AccessibilityEnhancer.cpp:1:
In file included from /Users/larryseyer/AudioDevelopment/OTTO/Source/UX/AccessibilityEnhancer.h:2:
In file included from /Users/larryseyer/AudioDevelopment/OTTO/Builds/MacOSX/CMake-Release/OTTO_artefacts/JuceLibraryCode/JuceHeader.h:14:
In file included from /Users/larryseyer/AudioDevelopment/OTTO/JUCE/modules/juce_audio_plugin_client/juce_audio_plugin_client.h:63:
In file included from /Users/larryseyer/AudioDevelopment/OTTO/JUCE/modules/juce_gui_basics/juce_gui_basics.h:68:
In file included from /Users/larryseyer/AudioDevelopment/OTTO/JUCE/modules/juce_graphics/juce_graphics.h:67:
In file included from /Users/larryseyer/AudioDevelopment/OTTO/JUCE/modules/juce_core/juce_core.h:257:
/Users/larryseyer/AudioDevelopment/OTTO/JUCE/modules/juce_core/memory/juce_LeakedObjectDetector.h:124:5: warning: 'DOXYGEN' is not defined, evaluates to 0 [-Wundef]
  124 | #if DOXYGEN || ! defined (JUCE_LEAK_DETECTOR)
      |     ^
/Users/larryseyer/AudioDevelopment/OTTO/JUCE/modules/juce_core/memory/juce_LeakedObjectDetector.h:125:7: warning: 'DOXYGEN' is not defined, evaluates to 0 [-Wundef]
  125 |  #if (DOXYGEN || JUCE_CHECK_MEMORY_LEAKS)
      |       ^
In file included from /Users/larryseyer/AudioDevelopment/OTTO/Source/UX/AccessibilityEnhancer.cpp:1:
In file included from /Users/larryseyer/AudioDevelopment/OTTO/Source/UX/AccessibilityEnhancer.h:2:
In file included from /Users/larryseyer/AudioDevelopment/OTTO/Builds/MacOSX/CMake-Release/OTTO_artefacts/JuceLibraryCode/JuceHeader.h:14:
In file included from /Users/larryseyer/AudioDevelopment/OTTO/JUCE/modules/juce_audio_plugin_client/juce_audio_plugin_client.h:63:
In file included from /Users/larryseyer/AudioDevelopment/OTTO/JUCE/modules/juce_gui_basics/juce_gui_basics.h:68:
In file included from /Users/larryseyer/AudioDevelopment/OTTO/JUCE/modules/juce_graphics/juce_graphics.h:67:
In file included from /Users/larryseyer/AudioDevelopment/OTTO/JUCE/modules/juce_core/juce_core.h:259:
/Users/larryseyer/AudioDevelopment/OTTO/JUCE/modules/juce_core/memory/juce_HeapBlock.h:38:8: warning: 'DOXYGEN' is not defined, evaluates to 0 [-Wundef]
   38 | #if ! (DOXYGEN || JUCE_EXCEPTIONS_DISABLED)
      |        ^
/Users/larryseyer/AudioDevelopment/OTTO/JUCE/modules/juce_core/memory/juce_HeapBlock.h:38:19: warning: 'JUCE_EXCEPTIONS_DISABLED' is not defined, evaluates to 0 [-Wundef]
   38 | #if ! (DOXYGEN || JUCE_EXCEPTIONS_DISABLED)
      |                   ^
/Users/larryseyer/AudioDevelopment/OTTO/JUCE/modules/juce_core/memory/juce_HeapBlock.h:343:12: warning: 'JUCE_EXCEPTIONS_DISABLED' is not defined, evaluates to 0 [-Wundef]
  343 |        #if JUCE_EXCEPTIONS_DISABLED
      |            ^
In file included from /Users/larryseyer/AudioDevelopment/OTTO/Source/UX/AccessibilityEnhancer.cpp:1:
In file included from /Users/larryseyer/AudioDevelopment/OTTO/Source/UX/AccessibilityEnhancer.h:2:
In file included from /Users/larryseyer/AudioDevelopment/OTTO/Builds/MacOSX/CMake-Release/OTTO_artefacts/JuceLibraryCode/JuceHeader.h:14:
In file included from /Users/larryseyer/AudioDevelopment/OTTO/JUCE/modules/juce_audio_plugin_client/juce_audio_plugin_client.h:63:
In file included from /Users/larryseyer/AudioDevelopment/OTTO/JUCE/modules/juce_gui_basics/juce_gui_basics.h:68:
In file included from /Users/larryseyer/AudioDevelopment/OTTO/JUCE/modules/juce_graphics/juce_graphics.h:67:
In file included from /Users/larryseyer/AudioDevelopment/OTTO/JUCE/modules/juce_core/juce_core.h:263:
/Users/larryseyer/AudioDevelopment/OTTO/JUCE/modules/juce_core/memory/juce_ScopedPointer.h:151:10: warning: 'JUCE_MSVC' is not defined, evaluates to 0 [-Wundef]
  151 |    #if ! JUCE_MSVC  // (MSVC can't deal with multiple copy constructors)
      |          ^
In file included from /Users/larryseyer/AudioDevelopment/OTTO/Source/UX/AccessibilityEnhancer.cpp:1:
In file included from /Users/larryseyer/AudioDevelopment/OTTO/Source/UX/AccessibilityEnhancer.h:2:
In file included from /Users/larryseyer/AudioDevelopment/OTTO/Builds/MacOSX/CMake-Release/OTTO_artefacts/JuceLibraryCode/JuceHeader.h:14:
In file included from /Users/larryseyer/AudioDevelopment/OTTO/JUCE/modules/juce_audio_plugin_client/juce_audio_plugin_client.h:63:
In file included from /Users/larryseyer/AudioDevelopment/OTTO/JUCE/modules/juce_gui_basics/juce_gui_basics.h:68:
In file included from /Users/larryseyer/AudioDevelopment/OTTO/JUCE/modules/juce_graphics/juce_graphics.h:67:
In file included from /Users/larryseyer/AudioDevelopment/OTTO/JUCE/modules/juce_core/juce_core.h:271:
/Users/larryseyer/AudioDevelopment/OTTO/JUCE/modules/juce_core/threads/juce_CriticalSection.h:116:8: warning: 'JUCE_WINDOWS' is not defined, evaluates to 0 [-Wundef]
  116 |    #if JUCE_WINDOWS
      |        ^
In file included from /Users/larryseyer/AudioDevelopment/OTTO/Source/UX/AccessibilityEnhancer.cpp:1:
In file included from /Users/larryseyer/AudioDevelopment/OTTO/Source/UX/AccessibilityEnhancer.h:2:
In file included from /Users/larryseyer/AudioDevelopment/OTTO/Builds/MacOSX/CMake-Release/OTTO_artefacts/JuceLibraryCode/JuceHeader.h:14:
In file included from /Users/larryseyer/AudioDevelopment/OTTO/JUCE/modules/juce_audio_plugin_client/juce_audio_plugin_client.h:63:
In file included from /Users/larryseyer/AudioDevelopment/OTTO/JUCE/modules/juce_gui_basics/juce_gui_basics.h:68:
In file included from /Users/larryseyer/AudioDevelopment/OTTO/JUCE/modules/juce_graphics/juce_graphics.h:67:
In file included from /Users/larryseyer/AudioDevelopment/OTTO/JUCE/modules/juce_core/juce_core.h:293:
/Users/larryseyer/AudioDevelopment/OTTO/JUCE/modules/juce_core/memory/juce_HeavyweightLeakedObjectDetector.h:123:5: warning: 'DOXYGEN' is not defined, evaluates to 0 [-Wundef]
  123 | #if DOXYGEN || ! defined (JUCE_HEAVYWEIGHT_LEAK_DETECTOR)
      |     ^
/Users/larryseyer/AudioDevelopment/OTTO/JUCE/modules/juce_core/memory/juce_HeavyweightLeakedObjectDetector.h:124:7: warning: 'DOXYGEN' is not defined, evaluates to 0 [-Wundef]
  124 |  #if (DOXYGEN || JUCE_CHECK_MEMORY_LEAKS)
      |       ^
In file included from /Users/larryseyer/AudioDevelopment/OTTO/Source/UX/AccessibilityEnhancer.cpp:1:
In file included from /Users/larryseyer/AudioDevelopment/OTTO/Source/UX/AccessibilityEnhancer.h:2:
In file included from /Users/larryseyer/AudioDevelopment/OTTO/Builds/MacOSX/CMake-Release/OTTO_artefacts/JuceLibraryCode/JuceHeader.h:14:
In file included from /Users/larryseyer/AudioDevelopment/OTTO/JUCE/modules/juce_audio_plugin_client/juce_audio_plugin_client.h:63:
In file included from /Users/larryseyer/AudioDevelopment/OTTO/JUCE/modules/juce_gui_basics/juce_gui_basics.h:68:
In file included from /Users/larryseyer/AudioDevelopment/OTTO/JUCE/modules/juce_graphics/juce_graphics.h:67:
In file included from /Users/larryseyer/AudioDevelopment/OTTO/JUCE/modules/juce_core/juce_core.h:318:
/Users/larryseyer/AudioDevelopment/OTTO/JUCE/modules/juce_core/files/juce_File.h:38:7: warning: 'DOXYGEN' is not defined, evaluates to 0 [-Wundef]
   38 | #if ! DOXYGEN && (JUCE_MAC || JUCE_IOS)
      |       ^
/Users/larryseyer/AudioDevelopment/OTTO/JUCE/modules/juce_core/files/juce_File.h:970:12: warning: 'JUCE_WINDOWS' is not defined, evaluates to 0 [-Wundef]
  970 |        #if JUCE_WINDOWS || DOXYGEN
      |            ^
/Users/larryseyer/AudioDevelopment/OTTO/JUCE/modules/juce_core/files/juce_File.h:970:28: warning: 'DOXYGEN' is not defined, evaluates to 0 [-Wundef]
  970 |        #if JUCE_WINDOWS || DOXYGEN
      |                            ^
/Users/larryseyer/AudioDevelopment/OTTO/JUCE/modules/juce_core/files/juce_File.h:981:12: warning: 'JUCE_WINDOWS' is not defined, evaluates to 0 [-Wundef]
  981 |        #if JUCE_WINDOWS || DOXYGEN
      |            ^
/Users/larryseyer/AudioDevelopment/OTTO/JUCE/modules/juce_core/files/juce_File.h:981:28: warning: 'DOXYGEN' is not defined, evaluates to 0 [-Wundef]
  981 |        #if JUCE_WINDOWS || DOXYGEN
      |                            ^
/Users/larryseyer/AudioDevelopment/OTTO/JUCE/modules/juce_core/files/juce_File.h:1100:8: warning: 'JUCE_WINDOWS' is not defined, evaluates to 0 [-Wundef]
 1100 |    #if JUCE_WINDOWS || DOXYGEN
      |        ^
/Users/larryseyer/AudioDevelopment/OTTO/JUCE/modules/juce_core/files/juce_File.h:1100:24: warning: 'DOXYGEN' is not defined, evaluates to 0 [-Wundef]
 1100 |    #if JUCE_WINDOWS || DOXYGEN
      |                        ^
/Users/larryseyer/AudioDevelopment/OTTO/JUCE/modules/juce_core/files/juce_File.h:1146:16: warning: 'NAMES_ARE_CASE_SENSITIVE' is not defined, evaluates to 0 [-Wundef]
 1146 |            #if NAMES_ARE_CASE_SENSITIVE
      |                ^
In file included from /Users/larryseyer/AudioDevelopment/OTTO/Source/UX/AccessibilityEnhancer.cpp:1:
In file included from /Users/larryseyer/AudioDevelopment/OTTO/Source/UX/AccessibilityEnhancer.h:2:
In file included from /Users/larryseyer/AudioDevelopment/OTTO/Builds/MacOSX/CMake-Release/OTTO_artefacts/JuceLibraryCode/JuceHeader.h:14:
In file included from /Users/larryseyer/AudioDevelopment/OTTO/JUCE/modules/juce_audio_plugin_client/juce_audio_plugin_client.h:63:
In file included from /Users/larryseyer/AudioDevelopment/OTTO/JUCE/modules/juce_gui_basics/juce_gui_basics.h:68:
In file included from /Users/larryseyer/AudioDevelopment/OTTO/JUCE/modules/juce_graphics/juce_graphics.h:67:
In file included from /Users/larryseyer/AudioDevelopment/OTTO/JUCE/modules/juce_core/juce_core.h:321:
/Users/larryseyer/AudioDevelopment/OTTO/JUCE/modules/juce_core/detail/juce_NativeFileHandle.h:38:5: warning: 'JUCE_WINDOWS' is not defined, evaluates to 0 [-Wundef]
   38 | #if JUCE_WINDOWS
      |     ^
In file included from /Users/larryseyer/AudioDevelopment/OTTO/Source/UX/AccessibilityEnhancer.cpp:1:
In file included from /Users/larryseyer/AudioDevelopment/OTTO/Source/UX/AccessibilityEnhancer.h:2:
In file included from /Users/larryseyer/AudioDevelopment/OTTO/Builds/MacOSX/CMake-Release/OTTO_artefacts/JuceLibraryCode/JuceHeader.h:14:
In file included from /Users/larryseyer/AudioDevelopment/OTTO/JUCE/modules/juce_audio_plugin_client/juce_audio_plugin_client.h:63:
In file included from /Users/larryseyer/AudioDevelopment/OTTO/JUCE/modules/juce_gui_basics/juce_gui_basics.h:68:
In file included from /Users/larryseyer/AudioDevelopment/OTTO/JUCE/modules/juce_graphics/juce_graphics.h:67:
In file included from /Users/larryseyer/AudioDevelopment/OTTO/JUCE/modules/juce_core/juce_core.h:325:
/Users/larryseyer/AudioDevelopment/OTTO/JUCE/modules/juce_core/files/juce_MemoryMappedFile.h:116:8: warning: 'JUCE_WINDOWS' is not defined, evaluates to 0 [-Wundef]
  116 |    #if JUCE_WINDOWS
      |        ^
In file included from /Users/larryseyer/AudioDevelopment/OTTO/Source/UX/AccessibilityEnhancer.cpp:1:
In file included from /Users/larryseyer/AudioDevelopment/OTTO/Source/UX/AccessibilityEnhancer.h:2:
In file included from /Users/larryseyer/AudioDevelopment/OTTO/Builds/MacOSX/CMake-Release/OTTO_artefacts/JuceLibraryCode/JuceHeader.h:14:
In file included from /Users/larryseyer/AudioDevelopment/OTTO/JUCE/modules/juce_audio_plugin_client/juce_audio_plugin_client.h:63:
In file included from /Users/larryseyer/AudioDevelopment/OTTO/JUCE/modules/juce_gui_basics/juce_gui_basics.h:68:
In file included from /Users/larryseyer/AudioDevelopment/OTTO/JUCE/modules/juce_graphics/juce_graphics.h:67:
In file included from /Users/larryseyer/AudioDevelopment/OTTO/JUCE/modules/juce_core/juce_core.h:338:
/Users/larryseyer/AudioDevelopment/OTTO/JUCE/modules/juce_core/misc/juce_WindowsRegistry.h:38:5: warning: 'JUCE_WINDOWS' is not defined, evaluates to 0 [-Wundef]
   38 | #if JUCE_WINDOWS || DOXYGEN
      |     ^
/Users/larryseyer/AudioDevelopment/OTTO/JUCE/modules/juce_core/misc/juce_WindowsRegistry.h:38:21: warning: 'DOXYGEN' is not defined, evaluates to 0 [-Wundef]
   38 | #if JUCE_WINDOWS || DOXYGEN
      |                     ^
In file included from /Users/larryseyer/AudioDevelopment/OTTO/Source/UX/AccessibilityEnhancer.cpp:1:
In file included from /Users/larryseyer/AudioDevelopment/OTTO/Source/UX/AccessibilityEnhancer.h:2:
In file included from /Users/larryseyer/AudioDevelopment/OTTO/Builds/MacOSX/CMake-Release/OTTO_artefacts/JuceLibraryCode/JuceHeader.h:14:
In file included from /Users/larryseyer/AudioDevelopment/OTTO/JUCE/modules/juce_audio_plugin_client/juce_audio_plugin_client.h:63:
In file included from /Users/larryseyer/AudioDevelopment/OTTO/JUCE/modules/juce_gui_basics/juce_gui_basics.h:68:
In file included from /Users/larryseyer/AudioDevelopment/OTTO/JUCE/modules/juce_graphics/juce_graphics.h:67:
In file included from /Users/larryseyer/AudioDevelopment/OTTO/JUCE/modules/juce_core/juce_core.h:342:
/Users/larryseyer/AudioDevelopment/OTTO/JUCE/modules/juce_core/threads/juce_Process.h:122:8: warning: 'JUCE_WINDOWS' is not defined, evaluates to 0 [-Wundef]
  122 |    #if JUCE_WINDOWS || DOXYGEN
      |        ^
/Users/larryseyer/AudioDevelopment/OTTO/JUCE/modules/juce_core/threads/juce_Process.h:122:24: warning: 'DOXYGEN' is not defined, evaluates to 0 [-Wundef]
  122 |    #if JUCE_WINDOWS || DOXYGEN
      |                        ^
In file included from /Users/larryseyer/AudioDevelopment/OTTO/Source/UX/AccessibilityEnhancer.cpp:1:
In file included from /Users/larryseyer/AudioDevelopment/OTTO/Source/UX/AccessibilityEnhancer.h:2:
In file included from /Users/larryseyer/AudioDevelopment/OTTO/Builds/MacOSX/CMake-Release/OTTO_artefacts/JuceLibraryCode/JuceHeader.h:14:
In file included from /Users/larryseyer/AudioDevelopment/OTTO/JUCE/modules/juce_audio_plugin_client/juce_audio_plugin_client.h:63:
In file included from /Users/larryseyer/AudioDevelopment/OTTO/JUCE/modules/juce_gui_basics/juce_gui_basics.h:68:
In file included from /Users/larryseyer/AudioDevelopment/OTTO/JUCE/modules/juce_graphics/juce_graphics.h:67:
In file included from /Users/larryseyer/AudioDevelopment/OTTO/JUCE/modules/juce_core/juce_core.h:345:
/Users/larryseyer/AudioDevelopment/OTTO/JUCE/modules/juce_core/threads/juce_Thread.h:526:8: warning: 'JUCE_ANDROID' is not defined, evaluates to 0 [-Wundef]
  526 |    #if JUCE_ANDROID || DOXYGEN
      |        ^
/Users/larryseyer/AudioDevelopment/OTTO/JUCE/modules/juce_core/threads/juce_Thread.h:526:24: warning: 'DOXYGEN' is not defined, evaluates to 0 [-Wundef]
  526 |    #if JUCE_ANDROID || DOXYGEN
      |                        ^
/Users/larryseyer/AudioDevelopment/OTTO/JUCE/modules/juce_core/threads/juce_Thread.h:607:8: warning: 'JUCE_ANDROID' is not defined, evaluates to 0 [-Wundef]
  607 |    #if JUCE_ANDROID || JUCE_LINUX || JUCE_BSD
      |        ^
/Users/larryseyer/AudioDevelopment/OTTO/JUCE/modules/juce_core/threads/juce_Thread.h:607:24: warning: 'JUCE_LINUX' is not defined, evaluates to 0 [-Wundef]
  607 |    #if JUCE_ANDROID || JUCE_LINUX || JUCE_BSD
      |                        ^
/Users/larryseyer/AudioDevelopment/OTTO/JUCE/modules/juce_core/threads/juce_Thread.h:607:38: warning: 'JUCE_BSD' is not defined, evaluates to 0 [-Wundef]
  607 |    #if JUCE_ANDROID || JUCE_LINUX || JUCE_BSD
      |                                      ^
In file included from /Users/larryseyer/AudioDevelopment/OTTO/Source/UX/AccessibilityEnhancer.cpp:1:
In file included from /Users/larryseyer/AudioDevelopment/OTTO/Source/UX/AccessibilityEnhancer.h:2:
In file included from /Users/larryseyer/AudioDevelopment/OTTO/Builds/MacOSX/CMake-Release/OTTO_artefacts/JuceLibraryCode/JuceHeader.h:14:
In file included from /Users/larryseyer/AudioDevelopment/OTTO/JUCE/modules/juce_audio_plugin_client/juce_audio_plugin_client.h:63:
In file included from /Users/larryseyer/AudioDevelopment/OTTO/JUCE/modules/juce_gui_basics/juce_gui_basics.h:68:
In file included from /Users/larryseyer/AudioDevelopment/OTTO/JUCE/modules/juce_graphics/juce_graphics.h:67:
In file included from /Users/larryseyer/AudioDevelopment/OTTO/JUCE/modules/juce_core/juce_core.h:357:
/Users/larryseyer/AudioDevelopment/OTTO/JUCE/modules/juce_core/network/juce_URL.h:567:12: warning: 'JUCE_IOS' is not defined, evaluates to 0 [-Wundef]
  567 |        #if JUCE_IOS
      |            ^
/Users/larryseyer/AudioDevelopment/OTTO/JUCE/modules/juce_core/network/juce_URL.h:708:8: warning: 'JUCE_IOS' is not defined, evaluates to 0 [-Wundef]
  708 |    #if JUCE_IOS
      |        ^
In file included from /Users/larryseyer/AudioDevelopment/OTTO/Source/UX/AccessibilityEnhancer.cpp:1:
In file included from /Users/larryseyer/AudioDevelopment/OTTO/Source/UX/AccessibilityEnhancer.h:2:
In file included from /Users/larryseyer/AudioDevelopment/OTTO/Builds/MacOSX/CMake-Release/OTTO_artefacts/JuceLibraryCode/JuceHeader.h:14:
In file included from /Users/larryseyer/AudioDevelopment/OTTO/JUCE/modules/juce_audio_plugin_client/juce_audio_plugin_client.h:63:
In file included from /Users/larryseyer/AudioDevelopment/OTTO/JUCE/modules/juce_gui_basics/juce_gui_basics.h:68:
In file included from /Users/larryseyer/AudioDevelopment/OTTO/JUCE/modules/juce_graphics/juce_graphics.h:67:
In file included from /Users/larryseyer/AudioDevelopment/OTTO/JUCE/modules/juce_core/juce_core.h:366:
/Users/larryseyer/AudioDevelopment/OTTO/JUCE/modules/juce_core/zip/juce_ZipFile.h:280:8: warning: 'JUCE_DEBUG' is not defined, evaluates to 0 [-Wundef]
  280 |    #if JUCE_DEBUG
      |        ^
In file included from /Users/larryseyer/AudioDevelopment/OTTO/Source/UX/AccessibilityEnhancer.cpp:1:
In file included from /Users/larryseyer/AudioDevelopment/OTTO/Source/UX/AccessibilityEnhancer.h:2:
In file included from /Users/larryseyer/AudioDevelopment/OTTO/Builds/MacOSX/CMake-Release/OTTO_artefacts/JuceLibraryCode/JuceHeader.h:14:
In file included from /Users/larryseyer/AudioDevelopment/OTTO/JUCE/modules/juce_audio_plugin_client/juce_audio_plugin_client.h:63:
In file included from /Users/larryseyer/AudioDevelopment/OTTO/JUCE/modules/juce_gui_basics/juce_gui_basics.h:68:
In file included from /Users/larryseyer/AudioDevelopment/OTTO/JUCE/modules/juce_graphics/juce_graphics.h:67:
/Users/larryseyer/AudioDevelopment/OTTO/JUCE/modules/juce_core/juce_core.h:378:5: warning: 'JUCE_CORE_INCLUDE_OBJC_HELPERS' is not defined, evaluates to 0 [-Wundef]
  378 | #if JUCE_CORE_INCLUDE_OBJC_HELPERS && (JUCE_MAC || JUCE_IOS)
      |     ^
/Users/larryseyer/AudioDevelopment/OTTO/JUCE/modules/juce_core/juce_core.h:383:5: warning: 'JUCE_CORE_INCLUDE_COM_SMART_PTR' is not defined, evaluates to 0 [-Wundef]
  383 | #if JUCE_CORE_INCLUDE_COM_SMART_PTR && JUCE_WINDOWS
      |     ^
/Users/larryseyer/AudioDevelopment/OTTO/JUCE/modules/juce_core/juce_core.h:387:5: warning: 'JUCE_CORE_INCLUDE_JNI_HELPERS' is not defined, evaluates to 0 [-Wundef]
  387 | #if JUCE_CORE_INCLUDE_JNI_HELPERS && JUCE_ANDROID
      |     ^
/Users/larryseyer/AudioDevelopment/OTTO/JUCE/modules/juce_core/juce_core.h:392:5: warning: 'JUCE_UNIT_TESTS' is not defined, evaluates to 0 [-Wundef]
  392 | #if JUCE_UNIT_TESTS
      |     ^
/Users/larryseyer/AudioDevelopment/OTTO/JUCE/modules/juce_core/juce_core.h:407:6: warning: 'JUCE_DEBUG' is not defined, evaluates to 0 [-Wundef]
  407 |  #if JUCE_DEBUG
      |      ^
In file included from /Users/larryseyer/AudioDevelopment/OTTO/Source/UX/AccessibilityEnhancer.cpp:1:
In file included from /Users/larryseyer/AudioDevelopment/OTTO/Source/UX/AccessibilityEnhancer.h:2:
In file included from /Users/larryseyer/AudioDevelopment/OTTO/Builds/MacOSX/CMake-Release/OTTO_artefacts/JuceLibraryCode/JuceHeader.h:14:
In file included from /Users/larryseyer/AudioDevelopment/OTTO/JUCE/modules/juce_audio_plugin_client/juce_audio_plugin_client.h:63:
In file included from /Users/larryseyer/AudioDevelopment/OTTO/JUCE/modules/juce_gui_basics/juce_gui_basics.h:68:
In file included from /Users/larryseyer/AudioDevelopment/OTTO/JUCE/modules/juce_graphics/juce_graphics.h:68:
/Users/larryseyer/AudioDevelopment/OTTO/JUCE/modules/juce_events/juce_events.h:75:5: warning: 'JUCE_WINDOWS' is not defined, evaluates to 0 [-Wundef]
   75 | #if JUCE_WINDOWS && JUCE_EVENTS_INCLUDE_WINRT_WRAPPER
      |     ^
In file included from /Users/larryseyer/AudioDevelopment/OTTO/Source/UX/AccessibilityEnhancer.cpp:1:
In file included from /Users/larryseyer/AudioDevelopment/OTTO/Source/UX/AccessibilityEnhancer.h:2:
In file included from /Users/larryseyer/AudioDevelopment/OTTO/Builds/MacOSX/CMake-Release/OTTO_artefacts/JuceLibraryCode/JuceHeader.h:14:
In file included from /Users/larryseyer/AudioDevelopment/OTTO/JUCE/modules/juce_audio_plugin_client/juce_audio_plugin_client.h:63:
In file included from /Users/larryseyer/AudioDevelopment/OTTO/JUCE/modules/juce_gui_basics/juce_gui_basics.h:68:
In file included from /Users/larryseyer/AudioDevelopment/OTTO/JUCE/modules/juce_graphics/juce_graphics.h:68:
In file included from /Users/larryseyer/AudioDevelopment/OTTO/JUCE/modules/juce_events/juce_events.h:91:
/Users/larryseyer/AudioDevelopment/OTTO/JUCE/modules/juce_events/messages/juce_ApplicationBase.h:300:8: warning: 'JUCE_IOS' is not defined, evaluates to 0 [-Wundef]
  300 |    #if JUCE_IOS
      |        ^
/Users/larryseyer/AudioDevelopment/OTTO/JUCE/modules/juce_events/messages/juce_ApplicationBase.h:324:40: warning: 'DOXYGEN' is not defined, evaluates to 0 [-Wundef]
  324 | #if JUCE_CATCH_UNHANDLED_EXCEPTIONS || DOXYGEN
      |                                        ^
In file included from /Users/larryseyer/AudioDevelopment/OTTO/Source/UX/AccessibilityEnhancer.cpp:1:
In file included from /Users/larryseyer/AudioDevelopment/OTTO/Source/UX/AccessibilityEnhancer.h:2:
In file included from /Users/larryseyer/AudioDevelopment/OTTO/Builds/MacOSX/CMake-Release/OTTO_artefacts/JuceLibraryCode/JuceHeader.h:14:
In file included from /Users/larryseyer/AudioDevelopment/OTTO/JUCE/modules/juce_audio_plugin_client/juce_audio_plugin_client.h:63:
In file included from /Users/larryseyer/AudioDevelopment/OTTO/JUCE/modules/juce_gui_basics/juce_gui_basics.h:68:
In file included from /Users/larryseyer/AudioDevelopment/OTTO/JUCE/modules/juce_graphics/juce_graphics.h:68:
In file included from /Users/larryseyer/AudioDevelopment/OTTO/JUCE/modules/juce_events/juce_events.h:92:
/Users/larryseyer/AudioDevelopment/OTTO/JUCE/modules/juce_events/messages/juce_Initialisation.h:102:5: warning: 'DOXYGEN' is not defined, evaluates to 0 [-Wundef]
  102 | #if DOXYGEN
      |     ^
/Users/larryseyer/AudioDevelopment/OTTO/JUCE/modules/juce_events/messages/juce_Initialisation.h:105:6: warning: 'JUCE_WINDOWS' is not defined, evaluates to 0 [-Wundef]
  105 |  #if JUCE_WINDOWS && ! defined (_CONSOLE)
      |      ^
/Users/larryseyer/AudioDevelopment/OTTO/JUCE/modules/juce_events/messages/juce_Initialisation.h:116:6: warning: 'JUCE_IOS' is not defined, evaluates to 0 [-Wundef]
  116 |  #if JUCE_IOS
      |      ^
/Users/larryseyer/AudioDevelopment/OTTO/JUCE/modules/juce_events/messages/juce_Initialisation.h:138:8: warning: 'JUCE_ANDROID' is not defined, evaluates to 0 [-Wundef]
  138 |  #elif JUCE_ANDROID
      |        ^
/Users/larryseyer/AudioDevelopment/OTTO/JUCE/modules/juce_events/messages/juce_Initialisation.h:161:7: warning: 'JUCE_USE_CUSTOM_PLUGIN_STANDALONE_APP' is not defined, evaluates to 0 [-Wundef]
  161 |   #if JUCE_USE_CUSTOM_PLUGIN_STANDALONE_APP
      |       ^
/Users/larryseyer/AudioDevelopment/OTTO/JUCE/modules/juce_events/messages/juce_Initialisation.h:168:8: warning: 'JUCE_IOS' is not defined, evaluates to 0 [-Wundef]
  168 |    #if JUCE_IOS
      |        ^
In file included from /Users/larryseyer/AudioDevelopment/OTTO/Source/UX/AccessibilityEnhancer.cpp:1:
In file included from /Users/larryseyer/AudioDevelopment/OTTO/Source/UX/AccessibilityEnhancer.h:2:
In file included from /Users/larryseyer/AudioDevelopment/OTTO/Builds/MacOSX/CMake-Release/OTTO_artefacts/JuceLibraryCode/JuceHeader.h:14:
In file included from /Users/larryseyer/AudioDevelopment/OTTO/JUCE/modules/juce_audio_plugin_client/juce_audio_plugin_client.h:63:
In file included from /Users/larryseyer/AudioDevelopment/OTTO/JUCE/modules/juce_gui_basics/juce_gui_basics.h:68:
In file included from /Users/larryseyer/AudioDevelopment/OTTO/JUCE/modules/juce_graphics/juce_graphics.h:68:
/Users/larryseyer/AudioDevelopment/OTTO/JUCE/modules/juce_events/juce_events.h:110:5: warning: 'JUCE_LINUX' is not defined, evaluates to 0 [-Wundef]
  110 | #if JUCE_LINUX || JUCE_BSD
      |     ^
/Users/larryseyer/AudioDevelopment/OTTO/JUCE/modules/juce_events/juce_events.h:110:19: warning: 'JUCE_BSD' is not defined, evaluates to 0 [-Wundef]
  110 | #if JUCE_LINUX || JUCE_BSD
      |                   ^
/Users/larryseyer/AudioDevelopment/OTTO/JUCE/modules/juce_events/juce_events.h:114:5: warning: 'JUCE_WINDOWS' is not defined, evaluates to 0 [-Wundef]
  114 | #if JUCE_WINDOWS
      |     ^
In file included from /Users/larryseyer/AudioDevelopment/OTTO/Source/UX/AccessibilityEnhancer.cpp:1:
In file included from /Users/larryseyer/AudioDevelopment/OTTO/Source/UX/AccessibilityEnhancer.h:2:
In file included from /Users/larryseyer/AudioDevelopment/OTTO/Builds/MacOSX/CMake-Release/OTTO_artefacts/JuceLibraryCode/JuceHeader.h:14:
In file included from /Users/larryseyer/AudioDevelopment/OTTO/JUCE/modules/juce_audio_plugin_client/juce_audio_plugin_client.h:63:
In file included from /Users/larryseyer/AudioDevelopment/OTTO/JUCE/modules/juce_gui_basics/juce_gui_basics.h:68:
In file included from /Users/larryseyer/AudioDevelopment/OTTO/JUCE/modules/juce_graphics/juce_graphics.h:122:
/Users/larryseyer/AudioDevelopment/OTTO/JUCE/modules/juce_graphics/colour/juce_PixelFormats.h:39:5: warning: 'JUCE_MSVC' is not defined, evaluates to 0 [-Wundef]
   39 | #if JUCE_MSVC
      |     ^
/Users/larryseyer/AudioDevelopment/OTTO/JUCE/modules/juce_graphics/colour/juce_PixelFormats.h:89:12: warning: 'JUCE_ANDROID' is not defined, evaluates to 0 [-Wundef]
   89 |        #if JUCE_ANDROID
      |            ^
/Users/larryseyer/AudioDevelopment/OTTO/JUCE/modules/juce_graphics/colour/juce_PixelFormats.h:100:12: warning: 'JUCE_BIG_ENDIAN' is not defined, evaluates to 0 [-Wundef]
  100 |        #if JUCE_BIG_ENDIAN
      |            ^
/Users/larryseyer/AudioDevelopment/OTTO/JUCE/modules/juce_graphics/colour/juce_PixelFormats.h:301:7: warning: 'JUCE_ANDROID' is not defined, evaluates to 0 [-Wundef]
  301 |   #if JUCE_ANDROID
      |       ^
/Users/larryseyer/AudioDevelopment/OTTO/JUCE/modules/juce_graphics/colour/juce_PixelFormats.h:308:8: warning: 'JUCE_BIG_ENDIAN' is not defined, evaluates to 0 [-Wundef]
  308 |    #if JUCE_BIG_ENDIAN
      |        ^
/Users/larryseyer/AudioDevelopment/OTTO/JUCE/modules/juce_graphics/colour/juce_PixelFormats.h:325:11: warning: 'JUCE_ANDROID' is not defined, evaluates to 0 [-Wundef]
  325 |       #if JUCE_ANDROID
      |           ^
/Users/larryseyer/AudioDevelopment/OTTO/JUCE/modules/juce_graphics/colour/juce_PixelFormats.h:332:12: warning: 'JUCE_BIG_ENDIAN' is not defined, evaluates to 0 [-Wundef]
  332 |        #if JUCE_BIG_ENDIAN
      |            ^
/Users/larryseyer/AudioDevelopment/OTTO/JUCE/modules/juce_graphics/colour/juce_PixelFormats.h:375:12: warning: 'JUCE_ANDROID' is not defined, evaluates to 0 [-Wundef]
  375 |        #if JUCE_ANDROID
      |            ^
/Users/larryseyer/AudioDevelopment/OTTO/JUCE/modules/juce_graphics/colour/juce_PixelFormats.h:386:12: warning: 'JUCE_ANDROID' is not defined, evaluates to 0 [-Wundef]
  386 |        #if JUCE_ANDROID
      |            ^
/Users/larryseyer/AudioDevelopment/OTTO/JUCE/modules/juce_graphics/colour/juce_PixelFormats.h:397:12: warning: 'JUCE_BIG_ENDIAN' is not defined, evaluates to 0 [-Wundef]
  397 |        #if JUCE_BIG_ENDIAN
      |            ^
/Users/larryseyer/AudioDevelopment/OTTO/JUCE/modules/juce_graphics/colour/juce_PixelFormats.h:411:12: warning: 'JUCE_ANDROID' is not defined, evaluates to 0 [-Wundef]
  411 |        #if JUCE_ANDROID
      |            ^
/Users/larryseyer/AudioDevelopment/OTTO/JUCE/modules/juce_graphics/colour/juce_PixelFormats.h:472:12: warning: 'JUCE_ANDROID' is not defined, evaluates to 0 [-Wundef]
  472 |        #if JUCE_ANDROID
      |            ^
/Users/larryseyer/AudioDevelopment/OTTO/JUCE/modules/juce_graphics/colour/juce_PixelFormats.h:504:12: warning: 'JUCE_ANDROID' is not defined, evaluates to 0 [-Wundef]
  504 |        #if JUCE_ANDROID
      |            ^
/Users/larryseyer/AudioDevelopment/OTTO/JUCE/modules/juce_graphics/colour/juce_PixelFormats.h:527:12: warning: 'JUCE_ANDROID' is not defined, evaluates to 0 [-Wundef]
  527 |        #if JUCE_ANDROID
      |            ^
/Users/larryseyer/AudioDevelopment/OTTO/JUCE/modules/juce_graphics/colour/juce_PixelFormats.h:569:11: warning: 'JUCE_ANDROID' is not defined, evaluates to 0 [-Wundef]
  569 |       #if JUCE_ANDROID
      |           ^
/Users/larryseyer/AudioDevelopment/OTTO/JUCE/modules/juce_graphics/colour/juce_PixelFormats.h:745:5: warning: 'JUCE_MSVC' is not defined, evaluates to 0 [-Wundef]
  745 | #if JUCE_MSVC
      |     ^
In file included from /Users/larryseyer/AudioDevelopment/OTTO/Source/UX/AccessibilityEnhancer.cpp:1:
In file included from /Users/larryseyer/AudioDevelopment/OTTO/Source/UX/AccessibilityEnhancer.h:2:
In file included from /Users/larryseyer/AudioDevelopment/OTTO/Builds/MacOSX/CMake-Release/OTTO_artefacts/JuceLibraryCode/JuceHeader.h:14:
In file included from /Users/larryseyer/AudioDevelopment/OTTO/JUCE/modules/juce_audio_plugin_client/juce_audio_plugin_client.h:63:
In file included from /Users/larryseyer/AudioDevelopment/OTTO/JUCE/modules/juce_gui_basics/juce_gui_basics.h:68:
In file included from /Users/larryseyer/AudioDevelopment/OTTO/JUCE/modules/juce_graphics/juce_graphics.h:141:
/Users/larryseyer/AudioDevelopment/OTTO/JUCE/modules/juce_graphics/detail/juce_Ranges.h:114:12: warning: 'JUCE_DEBUG' is not defined, evaluates to 0 [-Wundef]
  114 |        #if JUCE_DEBUG
      |            ^
In file included from /Users/larryseyer/AudioDevelopment/OTTO/Source/UX/AccessibilityEnhancer.cpp:1:
In file included from /Users/larryseyer/AudioDevelopment/OTTO/Source/UX/AccessibilityEnhancer.h:2:
In file included from /Users/larryseyer/AudioDevelopment/OTTO/Builds/MacOSX/CMake-Release/OTTO_artefacts/JuceLibraryCode/JuceHeader.h:14:
In file included from /Users/larryseyer/AudioDevelopment/OTTO/JUCE/modules/juce_audio_plugin_client/juce_audio_plugin_client.h:63:
In file included from /Users/larryseyer/AudioDevelopment/OTTO/JUCE/modules/juce_gui_basics/juce_gui_basics.h:68:
In file included from /Users/larryseyer/AudioDevelopment/OTTO/JUCE/modules/juce_graphics/juce_graphics.h:150:
/Users/larryseyer/AudioDevelopment/OTTO/JUCE/modules/juce_graphics/native/juce_RenderingHelpers.h:389:30: warning: implicit conversion increases floating-point precision: 'float' to 'double' [-Wdouble-promotion]
  389 |                 grad = (p2.y - p1.y) / (double) (p1.x - p2.x);
      |                         ~~~~~^~~~~~  ~
/Users/larryseyer/AudioDevelopment/OTTO/JUCE/modules/juce_graphics/native/juce_RenderingHelpers.h:390:36: warning: implicit conversion increases floating-point precision: 'float' to 'double' [-Wdouble-promotion]
  390 |                 yTerm = p1.y - (p1.x / grad);
      |                                 ~~~^ ~
/Users/larryseyer/AudioDevelopment/OTTO/JUCE/modules/juce_graphics/native/juce_RenderingHelpers.h:390:28: warning: implicit conversion increases floating-point precision: 'float' to 'double' [-Wdouble-promotion]
  390 |                 yTerm = p1.y - (p1.x / grad);
      |                         ~~~^ ~
/Users/larryseyer/AudioDevelopment/OTTO/JUCE/modules/juce_graphics/native/juce_RenderingHelpers.h:391:127: warning: implicit conversion increases floating-point precision: 'float' to 'double' [-Wdouble-promotion]
  391 |                 scale = roundToInt ((double) ((int64_t) numEntries << (int) numScaleBits) / (yTerm * grad - (p2.y * grad - p2.x)));
      |                                                                                                                          ~ ~~~^
/Users/larryseyer/AudioDevelopment/OTTO/JUCE/modules/juce_graphics/native/juce_RenderingHelpers.h:391:113: warning: implicit conversion increases floating-point precision: 'float' to 'double' [-Wdouble-promotion]
  391 |                 scale = roundToInt ((double) ((int64_t) numEntries << (int) numScaleBits) / (yTerm * grad - (p2.y * grad - p2.x)));
      |                                                                                                              ~~~^ ~
/Users/larryseyer/AudioDevelopment/OTTO/JUCE/modules/juce_graphics/native/juce_RenderingHelpers.h:429:36: warning: implicit conversion increases floating-point precision: 'const float' to 'const double' [-Wdouble-promotion]
  429 |               gx1 (gradient.point1.x),
      |                   ~~~~~~~~~~~~~~~~~^
/Users/larryseyer/AudioDevelopment/OTTO/JUCE/modules/juce_graphics/native/juce_RenderingHelpers.h:430:36: warning: implicit conversion increases floating-point precision: 'const float' to 'const double' [-Wdouble-promotion]
  430 |               gy1 (gradient.point1.y)
      |                   ~~~~~~~~~~~~~~~~~^
/Users/larryseyer/AudioDevelopment/OTTO/JUCE/modules/juce_graphics/native/juce_RenderingHelpers.h:434:39: warning: implicit conversion increases floating-point precision: 'float' to 'double' [-Wdouble-promotion]
  434 |             maxDist = diff.x * diff.x + diff.y * diff.y;
      |                     ~ ~~~~~~~~~~~~~~~~^~~~~~~~~~~~~~~~~
/Users/larryseyer/AudioDevelopment/OTTO/JUCE/modules/juce_graphics/native/juce_RenderingHelpers.h:471:37: warning: implicit conversion increases floating-point precision: 'const float' to 'double' [-Wdouble-promotion]
  471 |             tM10 = inverseTransform.mat10;
      |                  ~ ~~~~~~~~~~~~~~~~~^~~~~
/Users/larryseyer/AudioDevelopment/OTTO/JUCE/modules/juce_graphics/native/juce_RenderingHelpers.h:472:37: warning: implicit conversion increases floating-point precision: 'const float' to 'double' [-Wdouble-promotion]
  472 |             tM00 = inverseTransform.mat00;
      |                  ~ ~~~~~~~~~~~~~~~~~^~~~~
/Users/larryseyer/AudioDevelopment/OTTO/JUCE/modules/juce_graphics/native/juce_RenderingHelpers.h:478:56: warning: implicit conversion increases floating-point precision: 'float' to 'double' [-Wdouble-promotion]
  478 |             lineYM01 = inverseTransform.mat01 * floatY + inverseTransform.mat02 - gx1;
      |                        ~~~~~~~~~~~~~~~~~~~~~~~~~~~~~~~~^~~~~~~~~~~~~~~~~~~~~~~~ ~
/Users/larryseyer/AudioDevelopment/OTTO/JUCE/modules/juce_graphics/native/juce_RenderingHelpers.h:479:56: warning: implicit conversion increases floating-point precision: 'float' to 'double' [-Wdouble-promotion]
  479 |             lineYM11 = inverseTransform.mat11 * floatY + inverseTransform.mat12 - gy1;
      |                        ~~~~~~~~~~~~~~~~~~~~~~~~~~~~~~~~^~~~~~~~~~~~~~~~~~~~~~~~ ~
In file included from /Users/larryseyer/AudioDevelopment/OTTO/Source/UX/AccessibilityEnhancer.cpp:1:
In file included from /Users/larryseyer/AudioDevelopment/OTTO/Source/UX/AccessibilityEnhancer.h:2:
In file included from /Users/larryseyer/AudioDevelopment/OTTO/Builds/MacOSX/CMake-Release/OTTO_artefacts/JuceLibraryCode/JuceHeader.h:14:
In file included from /Users/larryseyer/AudioDevelopment/OTTO/JUCE/modules/juce_audio_plugin_client/juce_audio_plugin_client.h:63:
In file included from /Users/larryseyer/AudioDevelopment/OTTO/JUCE/modules/juce_gui_basics/juce_gui_basics.h:68:
/Users/larryseyer/AudioDevelopment/OTTO/JUCE/modules/juce_graphics/juce_graphics.h:157:5: warning: 'JUCE_GRAPHICS_INCLUDE_COREGRAPHICS_HELPERS' is not defined, evaluates to 0 [-Wundef]
  157 | #if JUCE_GRAPHICS_INCLUDE_COREGRAPHICS_HELPERS && (JUCE_MAC || JUCE_IOS)
      |     ^
In file included from /Users/larryseyer/AudioDevelopment/OTTO/Source/UX/AccessibilityEnhancer.cpp:1:
In file included from /Users/larryseyer/AudioDevelopment/OTTO/Source/UX/AccessibilityEnhancer.h:2:
In file included from /Users/larryseyer/AudioDevelopment/OTTO/Builds/MacOSX/CMake-Release/OTTO_artefacts/JuceLibraryCode/JuceHeader.h:14:
In file included from /Users/larryseyer/AudioDevelopment/OTTO/JUCE/modules/juce_audio_plugin_client/juce_audio_plugin_client.h:63:
In file included from /Users/larryseyer/AudioDevelopment/OTTO/JUCE/modules/juce_gui_basics/juce_gui_basics.h:205:
/Users/larryseyer/AudioDevelopment/OTTO/JUCE/modules/juce_gui_basics/components/juce_Component.h:2701:12: warning: 'JUCE_DEBUG' is not defined, evaluates to 0 [-Wundef]
 2701 |        #if JUCE_DEBUG
      |            ^
In file included from /Users/larryseyer/AudioDevelopment/OTTO/Source/UX/AccessibilityEnhancer.cpp:1:
In file included from /Users/larryseyer/AudioDevelopment/OTTO/Source/UX/AccessibilityEnhancer.h:2:
In file included from /Users/larryseyer/AudioDevelopment/OTTO/Builds/MacOSX/CMake-Release/OTTO_artefacts/JuceLibraryCode/JuceHeader.h:14:
In file included from /Users/larryseyer/AudioDevelopment/OTTO/JUCE/modules/juce_audio_plugin_client/juce_audio_plugin_client.h:63:
In file included from /Users/larryseyer/AudioDevelopment/OTTO/JUCE/modules/juce_gui_basics/juce_gui_basics.h:239:
/Users/larryseyer/AudioDevelopment/OTTO/JUCE/modules/juce_gui_basics/layout/juce_ComponentBuilder.h:243:8: warning: 'JUCE_DEBUG' is not defined, evaluates to 0 [-Wundef]
  243 |    #if JUCE_DEBUG
      |        ^
In file included from /Users/larryseyer/AudioDevelopment/OTTO/Source/UX/AccessibilityEnhancer.cpp:1:
In file included from /Users/larryseyer/AudioDevelopment/OTTO/Source/UX/AccessibilityEnhancer.h:2:
In file included from /Users/larryseyer/AudioDevelopment/OTTO/Builds/MacOSX/CMake-Release/OTTO_artefacts/JuceLibraryCode/JuceHeader.h:14:
In file included from /Users/larryseyer/AudioDevelopment/OTTO/JUCE/modules/juce_audio_plugin_client/juce_audio_plugin_client.h:63:
In file included from /Users/larryseyer/AudioDevelopment/OTTO/JUCE/modules/juce_gui_basics/juce_gui_basics.h:283:
/Users/larryseyer/AudioDevelopment/OTTO/JUCE/modules/juce_gui_basics/widgets/juce_ListBox.h:182:10: warning: 'JUCE_DISABLE_ASSERTIONS' is not defined, evaluates to 0 [-Wundef]
  182 |    #if ! JUCE_DISABLE_ASSERTIONS
      |          ^
/Users/larryseyer/AudioDevelopment/OTTO/JUCE/modules/juce_gui_basics/widgets/juce_ListBox.h:235:14: warning: 'JUCE_DISABLE_ASSERTIONS' is not defined, evaluates to 0 [-Wundef]
  235 |        #if ! JUCE_DISABLE_ASSERTIONS
      |              ^
/Users/larryseyer/AudioDevelopment/OTTO/JUCE/modules/juce_gui_basics/widgets/juce_ListBox.h:643:10: warning: 'JUCE_DISABLE_ASSERTIONS' is not defined, evaluates to 0 [-Wundef]
  643 |    #if ! JUCE_DISABLE_ASSERTIONS
      |          ^
In file included from /Users/larryseyer/AudioDevelopment/OTTO/Source/UX/AccessibilityEnhancer.cpp:1:
In file included from /Users/larryseyer/AudioDevelopment/OTTO/Source/UX/AccessibilityEnhancer.h:2:
In file included from /Users/larryseyer/AudioDevelopment/OTTO/Builds/MacOSX/CMake-Release/OTTO_artefacts/JuceLibraryCode/JuceHeader.h:14:
In file included from /Users/larryseyer/AudioDevelopment/OTTO/JUCE/modules/juce_audio_plugin_client/juce_audio_plugin_client.h:63:
In file included from /Users/larryseyer/AudioDevelopment/OTTO/JUCE/modules/juce_gui_basics/juce_gui_basics.h:302:
/Users/larryseyer/AudioDevelopment/OTTO/JUCE/modules/juce_gui_basics/windows/juce_ComponentPeer.h:310:8: warning: 'JUCE_LINUX' is not defined, evaluates to 0 [-Wundef]
  310 |    #if JUCE_LINUX || JUCE_BSD
      |        ^
/Users/larryseyer/AudioDevelopment/OTTO/JUCE/modules/juce_gui_basics/windows/juce_ComponentPeer.h:310:22: warning: 'JUCE_BSD' is not defined, evaluates to 0 [-Wundef]
  310 |    #if JUCE_LINUX || JUCE_BSD
      |                      ^
In file included from /Users/larryseyer/AudioDevelopment/OTTO/Source/UX/AccessibilityEnhancer.cpp:1:
In file included from /Users/larryseyer/AudioDevelopment/OTTO/Source/UX/AccessibilityEnhancer.h:2:
In file included from /Users/larryseyer/AudioDevelopment/OTTO/Builds/MacOSX/CMake-Release/OTTO_artefacts/JuceLibraryCode/JuceHeader.h:14:
In file included from /Users/larryseyer/AudioDevelopment/OTTO/JUCE/modules/juce_audio_plugin_client/juce_audio_plugin_client.h:63:
In file included from /Users/larryseyer/AudioDevelopment/OTTO/JUCE/modules/juce_gui_basics/juce_gui_basics.h:303:
/Users/larryseyer/AudioDevelopment/OTTO/JUCE/modules/juce_gui_basics/windows/juce_ResizableWindow.h:376:8: warning: 'JUCE_DEBUG' is not defined, evaluates to 0 [-Wundef]
  376 |    #if JUCE_DEBUG
      |        ^
/Users/larryseyer/AudioDevelopment/OTTO/JUCE/modules/juce_gui_basics/windows/juce_ResizableWindow.h:414:8: warning: 'JUCE_DEBUG' is not defined, evaluates to 0 [-Wundef]
  414 |    #if JUCE_DEBUG
      |        ^
In file included from /Users/larryseyer/AudioDevelopment/OTTO/Source/UX/AccessibilityEnhancer.cpp:1:
In file included from /Users/larryseyer/AudioDevelopment/OTTO/Source/UX/AccessibilityEnhancer.h:2:
In file included from /Users/larryseyer/AudioDevelopment/OTTO/Builds/MacOSX/CMake-Release/OTTO_artefacts/JuceLibraryCode/JuceHeader.h:14:
In file included from /Users/larryseyer/AudioDevelopment/OTTO/JUCE/modules/juce_audio_plugin_client/juce_audio_plugin_client.h:63:
In file included from /Users/larryseyer/AudioDevelopment/OTTO/JUCE/modules/juce_gui_basics/juce_gui_basics.h:335:
/Users/larryseyer/AudioDevelopment/OTTO/JUCE/modules/juce_gui_basics/application/juce_Application.h:125:8: warning: 'DOXYGEN' is not defined, evaluates to 0 [-Wundef]
  125 |    #if DOXYGEN
      |        ^
In file included from /Users/larryseyer/AudioDevelopment/OTTO/Source/UX/AccessibilityEnhancer.cpp:1:
In file included from /Users/larryseyer/AudioDevelopment/OTTO/Source/UX/AccessibilityEnhancer.h:2:
In file included from /Users/larryseyer/AudioDevelopment/OTTO/Builds/MacOSX/CMake-Release/OTTO_artefacts/JuceLibraryCode/JuceHeader.h:14:
In file included from /Users/larryseyer/AudioDevelopment/OTTO/JUCE/modules/juce_audio_plugin_client/juce_audio_plugin_client.h:63:
/Users/larryseyer/AudioDevelopment/OTTO/JUCE/modules/juce_gui_basics/juce_gui_basics.h:344:5: warning: 'JUCE_LINUX' is not defined, evaluates to 0 [-Wundef]
  344 | #if JUCE_LINUX || JUCE_BSD
      |     ^
/Users/larryseyer/AudioDevelopment/OTTO/JUCE/modules/juce_gui_basics/juce_gui_basics.h:344:19: warning: 'JUCE_BSD' is not defined, evaluates to 0 [-Wundef]
  344 | #if JUCE_LINUX || JUCE_BSD
      |                   ^
/Users/larryseyer/AudioDevelopment/OTTO/JUCE/modules/juce_gui_basics/juce_gui_basics.h:394:5: warning: 'JUCE_GUI_BASICS_INCLUDE_SCOPED_THREAD_DPI_AWARENESS_SETTER' is not defined, evaluates to 0 [-Wundef]
  394 | #if JUCE_GUI_BASICS_INCLUDE_SCOPED_THREAD_DPI_AWARENESS_SETTER && JUCE_WINDOWS
      |     ^
In file included from /Users/larryseyer/AudioDevelopment/OTTO/Source/UX/AccessibilityEnhancer.cpp:1:
In file included from /Users/larryseyer/AudioDevelopment/OTTO/Source/UX/AccessibilityEnhancer.h:2:
In file included from /Users/larryseyer/AudioDevelopment/OTTO/Builds/MacOSX/CMake-Release/OTTO_artefacts/JuceLibraryCode/JuceHeader.h:14:
In file included from /Users/larryseyer/AudioDevelopment/OTTO/JUCE/modules/juce_audio_plugin_client/juce_audio_plugin_client.h:64:
/Users/larryseyer/AudioDevelopment/OTTO/JUCE/modules/juce_audio_basics/juce_audio_basics.h:77:7: warning: 'JUCE_INTEL' is not defined, evaluates to 0 [-Wundef]
   77 | #if ! JUCE_INTEL
      |       ^
/Users/larryseyer/AudioDevelopment/OTTO/JUCE/modules/juce_audio_basics/juce_audio_basics.h:81:24: warning: 'JUCE_USE_VDSP_FRAMEWORK' is not defined, evaluates to 0 [-Wundef]
   81 | #if __ARM_NEON__ && ! (JUCE_USE_VDSP_FRAMEWORK || defined (JUCE_USE_ARM_NEON))
      |                        ^
In file included from /Users/larryseyer/AudioDevelopment/OTTO/Source/UX/AccessibilityEnhancer.cpp:1:
In file included from /Users/larryseyer/AudioDevelopment/OTTO/Source/UX/AccessibilityEnhancer.h:2:
In file included from /Users/larryseyer/AudioDevelopment/OTTO/Builds/MacOSX/CMake-Release/OTTO_artefacts/JuceLibraryCode/JuceHeader.h:14:
In file included from /Users/larryseyer/AudioDevelopment/OTTO/JUCE/modules/juce_audio_plugin_client/juce_audio_plugin_client.h:64:
In file included from /Users/larryseyer/AudioDevelopment/OTTO/JUCE/modules/juce_audio_basics/juce_audio_basics.h:93:
/Users/larryseyer/AudioDevelopment/OTTO/JUCE/modules/juce_audio_basics/buffers/juce_AudioDataConverters.h:103:9: warning: 'JUCE_BIG_ENDIAN' is not defined, evaluates to 0 [-Wundef]
  103 |     #if JUCE_BIG_ENDIAN
      |         ^
/Users/larryseyer/AudioDevelopment/OTTO/JUCE/modules/juce_audio_basics/buffers/juce_AudioDataConverters.h:263:12: warning: 'JUCE_BIG_ENDIAN' is not defined, evaluates to 0 [-Wundef]
  263 |        #if JUCE_BIG_ENDIAN
      |            ^
/Users/larryseyer/AudioDevelopment/OTTO/JUCE/modules/juce_audio_basics/buffers/juce_AudioDataConverters.h:119:135: warning: implicit conversion increases floating-point precision: 'float' to 'double' [-Wdouble-promotion]
  119 |         inline void setAsFloatLE (float newValue) noexcept      { *data = (int8) jlimit ((int) -maxValue, (int) maxValue, roundToInt (newValue * (1.0 + (double) maxValue))); }
      |                                                                                                                                       ^~~~~~~~ ~
/Users/larryseyer/AudioDevelopment/OTTO/JUCE/modules/juce_audio_basics/buffers/juce_AudioDataConverters.h:144:117: warning: implicit conversion increases floating-point precision: 'float' to 'double' [-Wdouble-promotion]
  144 |         inline void setAsFloatLE (float newValue) noexcept      { *data = (uint8) jlimit (0, 255, 128 + roundToInt (newValue * (1.0 + (double) maxValue))); }
      |                                                                                                                     ^~~~~~~~ ~
/Users/larryseyer/AudioDevelopment/OTTO/JUCE/modules/juce_audio_basics/buffers/juce_AudioDataConverters.h:169:168: warning: implicit conversion increases floating-point precision: 'float' to 'double' [-Wdouble-promotion]
  169 |         inline void setAsFloatLE (float newValue) noexcept      { *data = ByteOrder::swapIfBigEndian    ((uint16) jlimit ((int) -maxValue, (int) maxValue, roundToInt (newValue * (1.0 + (double) maxValue)))); }
      |                                                                                                                                                                        ^~~~~~~~ ~
/Users/larryseyer/AudioDevelopment/OTTO/JUCE/modules/juce_audio_basics/buffers/juce_AudioDataConverters.h:170:168: warning: implicit conversion increases floating-point precision: 'float' to 'double' [-Wdouble-promotion]
  170 |         inline void setAsFloatBE (float newValue) noexcept      { *data = ByteOrder::swapIfLittleEndian ((uint16) jlimit ((int) -maxValue, (int) maxValue, roundToInt (newValue * (1.0 + (double) maxValue)))); }
      |                                                                                                                                                                        ^~~~~~~~ ~
/Users/larryseyer/AudioDevelopment/OTTO/JUCE/modules/juce_audio_basics/buffers/juce_AudioDataConverters.h:194:157: warning: implicit conversion increases floating-point precision: 'float' to 'double' [-Wdouble-promotion]
  194 |         inline void setAsFloatLE (float newValue) noexcept      { ByteOrder::littleEndian24BitToChars (jlimit ((int) -maxValue, (int) maxValue, roundToInt (newValue * (1.0 + (double) maxValue))), data); }
      |                                                                                                                                                             ^~~~~~~~ ~
/Users/larryseyer/AudioDevelopment/OTTO/JUCE/modules/juce_audio_basics/buffers/juce_AudioDataConverters.h:195:157: warning: implicit conversion increases floating-point precision: 'float' to 'double' [-Wdouble-promotion]
  195 |         inline void setAsFloatBE (float newValue) noexcept      { ByteOrder::bigEndian24BitToChars (jlimit    ((int) -maxValue, (int) maxValue, roundToInt (newValue * (1.0 + (double) maxValue))), data); }
      |                                                                                                                                                             ^~~~~~~~ ~
In file included from /Users/larryseyer/AudioDevelopment/OTTO/Source/UX/AccessibilityEnhancer.cpp:1:
In file included from /Users/larryseyer/AudioDevelopment/OTTO/Source/UX/AccessibilityEnhancer.h:2:
In file included from /Users/larryseyer/AudioDevelopment/OTTO/Builds/MacOSX/CMake-Release/OTTO_artefacts/JuceLibraryCode/JuceHeader.h:14:
In file included from /Users/larryseyer/AudioDevelopment/OTTO/JUCE/modules/juce_audio_plugin_client/juce_audio_plugin_client.h:64:
In file included from /Users/larryseyer/AudioDevelopment/OTTO/JUCE/modules/juce_audio_basics/juce_audio_basics.h:95:
/Users/larryseyer/AudioDevelopment/OTTO/JUCE/modules/juce_audio_basics/buffers/juce_FloatVectorOperations.h:39:6: warning: 'JUCE_INTEL' is not defined, evaluates to 0 [-Wundef]
   39 |  #if JUCE_INTEL
      |      ^
/Users/larryseyer/AudioDevelopment/OTTO/JUCE/modules/juce_audio_basics/buffers/juce_FloatVectorOperations.h:153:7: warning: 'DOXYGEN' is not defined, evaluates to 0 [-Wundef]
  153 | #if ! DOXYGEN
      |       ^
/Users/larryseyer/AudioDevelopment/OTTO/JUCE/modules/juce_audio_basics/buffers/juce_FloatVectorOperations.h:237:7: warning: 'JUCE_USE_SSE_INTRINSICS' is not defined, evaluates to 0 [-Wundef]
  237 |   #if JUCE_USE_SSE_INTRINSICS || (JUCE_USE_ARM_NEON || (JUCE_64BIT && JUCE_ARM))
      |       ^
In file included from /Users/larryseyer/AudioDevelopment/OTTO/Source/UX/AccessibilityEnhancer.cpp:1:
In file included from /Users/larryseyer/AudioDevelopment/OTTO/Source/UX/AccessibilityEnhancer.h:2:
In file included from /Users/larryseyer/AudioDevelopment/OTTO/Builds/MacOSX/CMake-Release/OTTO_artefacts/JuceLibraryCode/JuceHeader.h:14:
In file included from /Users/larryseyer/AudioDevelopment/OTTO/JUCE/modules/juce_audio_plugin_client/juce_audio_plugin_client.h:64:
In file included from /Users/larryseyer/AudioDevelopment/OTTO/JUCE/modules/juce_audio_basics/juce_audio_basics.h:97:
/Users/larryseyer/AudioDevelopment/OTTO/JUCE/modules/juce_audio_basics/buffers/juce_AudioSampleBuffer.h:1155:15: warning: 'JUCE_GCC' is not defined, evaluates to 0 [-Wundef]
 1155 |        #if (! JUCE_GCC || (__GNUC__ * 100 + __GNUC_MINOR__) >= 409)
      |               ^
In file included from /Users/larryseyer/AudioDevelopment/OTTO/Source/UX/AccessibilityEnhancer.cpp:1:
In file included from /Users/larryseyer/AudioDevelopment/OTTO/Source/UX/AccessibilityEnhancer.h:2:
In file included from /Users/larryseyer/AudioDevelopment/OTTO/Builds/MacOSX/CMake-Release/OTTO_artefacts/JuceLibraryCode/JuceHeader.h:14:
In file included from /Users/larryseyer/AudioDevelopment/OTTO/JUCE/modules/juce_audio_plugin_client/juce_audio_plugin_client.h:64:
In file included from /Users/larryseyer/AudioDevelopment/OTTO/JUCE/modules/juce_audio_basics/juce_audio_basics.h:104:
/Users/larryseyer/AudioDevelopment/OTTO/JUCE/modules/juce_audio_basics/utilities/juce_SmoothedValue.h:421:5: warning: 'JUCE_UNIT_TESTS' is not defined, evaluates to 0 [-Wundef]
  421 | #if JUCE_UNIT_TESTS
      |     ^
In file included from /Users/larryseyer/AudioDevelopment/OTTO/Source/UX/AccessibilityEnhancer.cpp:1:
In file included from /Users/larryseyer/AudioDevelopment/OTTO/Source/UX/AccessibilityEnhancer.h:2:
In file included from /Users/larryseyer/AudioDevelopment/OTTO/Builds/MacOSX/CMake-Release/OTTO_artefacts/JuceLibraryCode/JuceHeader.h:14:
In file included from /Users/larryseyer/AudioDevelopment/OTTO/JUCE/modules/juce_audio_plugin_client/juce_audio_plugin_client.h:64:
In file included from /Users/larryseyer/AudioDevelopment/OTTO/JUCE/modules/juce_audio_basics/juce_audio_basics.h:106:
/Users/larryseyer/AudioDevelopment/OTTO/JUCE/modules/juce_audio_basics/utilities/juce_ADSR.h:155:66: warning: implicit conversion increases floating-point precision: 'float' to 'double' [-Wdouble-promotion]
  155 |                 releaseRate = (float) (envelopeVal / (parameters.release * sampleRate));
      |                                                       ~~~~~~~~~~~^~~~~~~ ~
/Users/larryseyer/AudioDevelopment/OTTO/JUCE/modules/juce_audio_basics/utilities/juce_ADSR.h:155:40: warning: implicit conversion increases floating-point precision: 'float' to 'double' [-Wdouble-promotion]
  155 |                 releaseRate = (float) (envelopeVal / (parameters.release * sampleRate));
      |                                        ^~~~~~~~~~~ ~
/Users/larryseyer/AudioDevelopment/OTTO/JUCE/modules/juce_audio_basics/utilities/juce_ADSR.h:266:64: warning: implicit conversion increases floating-point precision: 'float' to 'double' [-Wdouble-promotion]
  266 |             return timeInSeconds > 0.0f ? (float) (distance / (timeInSeconds * sr)) : -1.0f;
      |                                                                ^~~~~~~~~~~~~ ~
/Users/larryseyer/AudioDevelopment/OTTO/JUCE/modules/juce_audio_basics/utilities/juce_ADSR.h:266:52: warning: implicit conversion increases floating-point precision: 'float' to 'double' [-Wdouble-promotion]
  266 |             return timeInSeconds > 0.0f ? (float) (distance / (timeInSeconds * sr)) : -1.0f;
      |                                                    ^~~~~~~~ ~
In file included from /Users/larryseyer/AudioDevelopment/OTTO/Source/UX/AccessibilityEnhancer.cpp:1:
In file included from /Users/larryseyer/AudioDevelopment/OTTO/Source/UX/AccessibilityEnhancer.h:2:
In file included from /Users/larryseyer/AudioDevelopment/OTTO/Builds/MacOSX/CMake-Release/OTTO_artefacts/JuceLibraryCode/JuceHeader.h:14:
In file included from /Users/larryseyer/AudioDevelopment/OTTO/JUCE/modules/juce_audio_plugin_client/juce_audio_plugin_client.h:65:
In file included from /Users/larryseyer/AudioDevelopment/OTTO/JUCE/modules/juce_audio_processors/juce_audio_processors.h:67:
/Users/larryseyer/AudioDevelopment/OTTO/JUCE/modules/juce_gui_extra/juce_gui_extra.h:127:6: warning: 'JUCE_DEBUG' is not defined, evaluates to 0 [-Wundef]
  127 |  #if JUCE_DEBUG && ! (JUCE_IOS || JUCE_ANDROID)
      |      ^
In file included from /Users/larryseyer/AudioDevelopment/OTTO/Source/UX/AccessibilityEnhancer.cpp:1:
In file included from /Users/larryseyer/AudioDevelopment/OTTO/Source/UX/AccessibilityEnhancer.h:2:
In file included from /Users/larryseyer/AudioDevelopment/OTTO/Builds/MacOSX/CMake-Release/OTTO_artefacts/JuceLibraryCode/JuceHeader.h:14:
In file included from /Users/larryseyer/AudioDevelopment/OTTO/JUCE/modules/juce_audio_plugin_client/juce_audio_plugin_client.h:65:
In file included from /Users/larryseyer/AudioDevelopment/OTTO/JUCE/modules/juce_audio_processors/juce_audio_processors.h:67:
In file included from /Users/larryseyer/AudioDevelopment/OTTO/JUCE/modules/juce_gui_extra/juce_gui_extra.h:141:
/Users/larryseyer/AudioDevelopment/OTTO/JUCE/modules/juce_gui_extra/embedding/juce_ActiveXControlComponent.h:38:5: warning: 'JUCE_WINDOWS' is not defined, evaluates to 0 [-Wundef]
   38 | #if JUCE_WINDOWS || DOXYGEN
      |     ^
/Users/larryseyer/AudioDevelopment/OTTO/JUCE/modules/juce_gui_extra/embedding/juce_ActiveXControlComponent.h:38:21: warning: 'DOXYGEN' is not defined, evaluates to 0 [-Wundef]
   38 | #if JUCE_WINDOWS || DOXYGEN
      |                     ^
In file included from /Users/larryseyer/AudioDevelopment/OTTO/Source/UX/AccessibilityEnhancer.cpp:1:
In file included from /Users/larryseyer/AudioDevelopment/OTTO/Source/UX/AccessibilityEnhancer.h:2:
In file included from /Users/larryseyer/AudioDevelopment/OTTO/Builds/MacOSX/CMake-Release/OTTO_artefacts/JuceLibraryCode/JuceHeader.h:14:
In file included from /Users/larryseyer/AudioDevelopment/OTTO/JUCE/modules/juce_audio_plugin_client/juce_audio_plugin_client.h:65:
In file included from /Users/larryseyer/AudioDevelopment/OTTO/JUCE/modules/juce_audio_processors/juce_audio_processors.h:67:
In file included from /Users/larryseyer/AudioDevelopment/OTTO/JUCE/modules/juce_gui_extra/juce_gui_extra.h:142:
/Users/larryseyer/AudioDevelopment/OTTO/JUCE/modules/juce_gui_extra/embedding/juce_AndroidViewComponent.h:38:5: warning: 'JUCE_ANDROID' is not defined, evaluates to 0 [-Wundef]
   38 | #if JUCE_ANDROID || DOXYGEN
      |     ^
/Users/larryseyer/AudioDevelopment/OTTO/JUCE/modules/juce_gui_extra/embedding/juce_AndroidViewComponent.h:38:21: warning: 'DOXYGEN' is not defined, evaluates to 0 [-Wundef]
   38 | #if JUCE_ANDROID || DOXYGEN
      |                     ^
In file included from /Users/larryseyer/AudioDevelopment/OTTO/Source/UX/AccessibilityEnhancer.cpp:1:
In file included from /Users/larryseyer/AudioDevelopment/OTTO/Source/UX/AccessibilityEnhancer.h:2:
In file included from /Users/larryseyer/AudioDevelopment/OTTO/Builds/MacOSX/CMake-Release/OTTO_artefacts/JuceLibraryCode/JuceHeader.h:14:
In file included from /Users/larryseyer/AudioDevelopment/OTTO/JUCE/modules/juce_audio_plugin_client/juce_audio_plugin_client.h:65:
In file included from /Users/larryseyer/AudioDevelopment/OTTO/JUCE/modules/juce_audio_processors/juce_audio_processors.h:67:
In file included from /Users/larryseyer/AudioDevelopment/OTTO/JUCE/modules/juce_gui_extra/juce_gui_extra.h:144:
/Users/larryseyer/AudioDevelopment/OTTO/JUCE/modules/juce_gui_extra/embedding/juce_UIViewComponent.h:38:5: warning: 'JUCE_IOS' is not defined, evaluates to 0 [-Wundef]
   38 | #if JUCE_IOS || DOXYGEN
      |     ^
/Users/larryseyer/AudioDevelopment/OTTO/JUCE/modules/juce_gui_extra/embedding/juce_UIViewComponent.h:38:17: warning: 'DOXYGEN' is not defined, evaluates to 0 [-Wundef]
   38 | #if JUCE_IOS || DOXYGEN
      |                 ^
In file included from /Users/larryseyer/AudioDevelopment/OTTO/Source/UX/AccessibilityEnhancer.cpp:1:
In file included from /Users/larryseyer/AudioDevelopment/OTTO/Source/UX/AccessibilityEnhancer.h:2:
In file included from /Users/larryseyer/AudioDevelopment/OTTO/Builds/MacOSX/CMake-Release/OTTO_artefacts/JuceLibraryCode/JuceHeader.h:14:
In file included from /Users/larryseyer/AudioDevelopment/OTTO/JUCE/modules/juce_audio_plugin_client/juce_audio_plugin_client.h:65:
In file included from /Users/larryseyer/AudioDevelopment/OTTO/JUCE/modules/juce_audio_processors/juce_audio_processors.h:67:
In file included from /Users/larryseyer/AudioDevelopment/OTTO/JUCE/modules/juce_gui_extra/juce_gui_extra.h:145:
/Users/larryseyer/AudioDevelopment/OTTO/JUCE/modules/juce_gui_extra/embedding/juce_XEmbedComponent.h:43:5: warning: 'JUCE_LINUX' is not defined, evaluates to 0 [-Wundef]
   43 | #if JUCE_LINUX || JUCE_BSD || DOXYGEN
      |     ^
/Users/larryseyer/AudioDevelopment/OTTO/JUCE/modules/juce_gui_extra/embedding/juce_XEmbedComponent.h:43:19: warning: 'JUCE_BSD' is not defined, evaluates to 0 [-Wundef]
   43 | #if JUCE_LINUX || JUCE_BSD || DOXYGEN
      |                   ^
/Users/larryseyer/AudioDevelopment/OTTO/JUCE/modules/juce_gui_extra/embedding/juce_XEmbedComponent.h:43:31: warning: 'DOXYGEN' is not defined, evaluates to 0 [-Wundef]
   43 | #if JUCE_LINUX || JUCE_BSD || DOXYGEN
      |                               ^
In file included from /Users/larryseyer/AudioDevelopment/OTTO/Source/UX/AccessibilityEnhancer.cpp:1:
In file included from /Users/larryseyer/AudioDevelopment/OTTO/Source/UX/AccessibilityEnhancer.h:2:
In file included from /Users/larryseyer/AudioDevelopment/OTTO/Builds/MacOSX/CMake-Release/OTTO_artefacts/JuceLibraryCode/JuceHeader.h:14:
In file included from /Users/larryseyer/AudioDevelopment/OTTO/JUCE/modules/juce_audio_plugin_client/juce_audio_plugin_client.h:65:
In file included from /Users/larryseyer/AudioDevelopment/OTTO/JUCE/modules/juce_audio_processors/juce_audio_processors.h:67:
In file included from /Users/larryseyer/AudioDevelopment/OTTO/JUCE/modules/juce_gui_extra/juce_gui_extra.h:146:
/Users/larryseyer/AudioDevelopment/OTTO/JUCE/modules/juce_gui_extra/embedding/juce_HWNDComponent.h:38:5: warning: 'JUCE_WINDOWS' is not defined, evaluates to 0 [-Wundef]
   38 | #if JUCE_WINDOWS || DOXYGEN
      |     ^
/Users/larryseyer/AudioDevelopment/OTTO/JUCE/modules/juce_gui_extra/embedding/juce_HWNDComponent.h:38:21: warning: 'DOXYGEN' is not defined, evaluates to 0 [-Wundef]
   38 | #if JUCE_WINDOWS || DOXYGEN
      |                     ^
In file included from /Users/larryseyer/AudioDevelopment/OTTO/Source/UX/AccessibilityEnhancer.cpp:1:
In file included from /Users/larryseyer/AudioDevelopment/OTTO/Source/UX/AccessibilityEnhancer.h:2:
In file included from /Users/larryseyer/AudioDevelopment/OTTO/Builds/MacOSX/CMake-Release/OTTO_artefacts/JuceLibraryCode/JuceHeader.h:14:
In file included from /Users/larryseyer/AudioDevelopment/OTTO/JUCE/modules/juce_audio_plugin_client/juce_audio_plugin_client.h:65:
In file included from /Users/larryseyer/AudioDevelopment/OTTO/JUCE/modules/juce_audio_processors/juce_audio_processors.h:67:
In file included from /Users/larryseyer/AudioDevelopment/OTTO/JUCE/modules/juce_gui_extra/juce_gui_extra.h:152:
/Users/larryseyer/AudioDevelopment/OTTO/JUCE/modules/juce_gui_extra/misc/juce_PushNotifications.h:699:8: warning: 'JUCE_ANDROID' is not defined, evaluates to 0 [-Wundef]
  699 |    #if JUCE_ANDROID
      |        ^
In file included from /Users/larryseyer/AudioDevelopment/OTTO/Source/UX/AccessibilityEnhancer.cpp:1:
In file included from /Users/larryseyer/AudioDevelopment/OTTO/Source/UX/AccessibilityEnhancer.h:2:
In file included from /Users/larryseyer/AudioDevelopment/OTTO/Builds/MacOSX/CMake-Release/OTTO_artefacts/JuceLibraryCode/JuceHeader.h:14:
In file included from /Users/larryseyer/AudioDevelopment/OTTO/JUCE/modules/juce_audio_plugin_client/juce_audio_plugin_client.h:65:
In file included from /Users/larryseyer/AudioDevelopment/OTTO/JUCE/modules/juce_audio_processors/juce_audio_processors.h:67:
In file included from /Users/larryseyer/AudioDevelopment/OTTO/JUCE/modules/juce_gui_extra/juce_gui_extra.h:155:
/Users/larryseyer/AudioDevelopment/OTTO/JUCE/modules/juce_gui_extra/misc/juce_SystemTrayIconComponent.h:38:5: warning: 'JUCE_WINDOWS' is not defined, evaluates to 0 [-Wundef]
   38 | #if JUCE_WINDOWS || JUCE_LINUX || JUCE_BSD || JUCE_MAC || DOXYGEN
      |     ^
/Users/larryseyer/AudioDevelopment/OTTO/JUCE/modules/juce_gui_extra/misc/juce_SystemTrayIconComponent.h:38:21: warning: 'JUCE_LINUX' is not defined, evaluates to 0 [-Wundef]
   38 | #if JUCE_WINDOWS || JUCE_LINUX || JUCE_BSD || JUCE_MAC || DOXYGEN
      |                     ^
/Users/larryseyer/AudioDevelopment/OTTO/JUCE/modules/juce_gui_extra/misc/juce_SystemTrayIconComponent.h:38:35: warning: 'JUCE_BSD' is not defined, evaluates to 0 [-Wundef]
   38 | #if JUCE_WINDOWS || JUCE_LINUX || JUCE_BSD || JUCE_MAC || DOXYGEN
      |                                   ^
/Users/larryseyer/AudioDevelopment/OTTO/JUCE/modules/juce_gui_extra/misc/juce_SystemTrayIconComponent.h:102:8: warning: 'JUCE_LINUX' is not defined, evaluates to 0 [-Wundef]
  102 |    #if JUCE_LINUX || JUCE_BSD
      |        ^
/Users/larryseyer/AudioDevelopment/OTTO/JUCE/modules/juce_gui_extra/misc/juce_SystemTrayIconComponent.h:102:22: warning: 'JUCE_BSD' is not defined, evaluates to 0 [-Wundef]
  102 |    #if JUCE_LINUX || JUCE_BSD
      |                      ^
In file included from /Users/larryseyer/AudioDevelopment/OTTO/Source/UX/AccessibilityEnhancer.cpp:1:
In file included from /Users/larryseyer/AudioDevelopment/OTTO/Source/UX/AccessibilityEnhancer.h:2:
In file included from /Users/larryseyer/AudioDevelopment/OTTO/Builds/MacOSX/CMake-Release/OTTO_artefacts/JuceLibraryCode/JuceHeader.h:14:
In file included from /Users/larryseyer/AudioDevelopment/OTTO/JUCE/modules/juce_audio_plugin_client/juce_audio_plugin_client.h:65:
In file included from /Users/larryseyer/AudioDevelopment/OTTO/JUCE/modules/juce_audio_processors/juce_audio_processors.h:67:
In file included from /Users/larryseyer/AudioDevelopment/OTTO/JUCE/modules/juce_gui_extra/juce_gui_extra.h:156:
/Users/larryseyer/AudioDevelopment/OTTO/JUCE/modules/juce_gui_extra/misc/juce_WebBrowserComponent.h:38:25: warning: 'DOXYGEN' is not defined, evaluates to 0 [-Wundef]
   38 | #if JUCE_WEB_BROWSER || DOXYGEN
      |                         ^
In file included from /Users/larryseyer/AudioDevelopment/OTTO/Source/UX/AccessibilityEnhancer.cpp:1:
In file included from /Users/larryseyer/AudioDevelopment/OTTO/Source/UX/AccessibilityEnhancer.h:2:
In file included from /Users/larryseyer/AudioDevelopment/OTTO/Builds/MacOSX/CMake-Release/OTTO_artefacts/JuceLibraryCode/JuceHeader.h:14:
In file included from /Users/larryseyer/AudioDevelopment/OTTO/JUCE/modules/juce_audio_plugin_client/juce_audio_plugin_client.h:65:
In file included from /Users/larryseyer/AudioDevelopment/OTTO/JUCE/modules/juce_audio_processors/juce_audio_processors.h:67:
In file included from /Users/larryseyer/AudioDevelopment/OTTO/JUCE/modules/juce_gui_extra/juce_gui_extra.h:157:
/Users/larryseyer/AudioDevelopment/OTTO/JUCE/modules/juce_gui_extra/misc/juce_LiveConstantEditor.h:35:5: warning: 'JUCE_ENABLE_LIVE_CONSTANT_EDITOR' is not defined, evaluates to 0 [-Wundef]
   35 | #if JUCE_ENABLE_LIVE_CONSTANT_EDITOR && ! defined (DOXYGEN)
      |     ^
/Users/larryseyer/AudioDevelopment/OTTO/JUCE/modules/juce_gui_extra/misc/juce_LiveConstantEditor.h:258:5: warning: 'JUCE_ENABLE_LIVE_CONSTANT_EDITOR' is not defined, evaluates to 0 [-Wundef]
  258 | #if JUCE_ENABLE_LIVE_CONSTANT_EDITOR || DOXYGEN
      |     ^
/Users/larryseyer/AudioDevelopment/OTTO/JUCE/modules/juce_gui_extra/misc/juce_LiveConstantEditor.h:258:41: warning: 'DOXYGEN' is not defined, evaluates to 0 [-Wundef]
  258 | #if JUCE_ENABLE_LIVE_CONSTANT_EDITOR || DOXYGEN
      |                                         ^
In file included from /Users/larryseyer/AudioDevelopment/OTTO/Source/UX/AccessibilityEnhancer.cpp:1:
In file included from /Users/larryseyer/AudioDevelopment/OTTO/Source/UX/AccessibilityEnhancer.h:2:
In file included from /Users/larryseyer/AudioDevelopment/OTTO/Builds/MacOSX/CMake-Release/OTTO_artefacts/JuceLibraryCode/JuceHeader.h:14:
In file included from /Users/larryseyer/AudioDevelopment/OTTO/JUCE/modules/juce_audio_plugin_client/juce_audio_plugin_client.h:65:
In file included from /Users/larryseyer/AudioDevelopment/OTTO/JUCE/modules/juce_audio_processors/juce_audio_processors.h:67:
In file included from /Users/larryseyer/AudioDevelopment/OTTO/JUCE/modules/juce_gui_extra/juce_gui_extra.h:159:
/Users/larryseyer/AudioDevelopment/OTTO/JUCE/modules/juce_gui_extra/detail/juce_WebControlRelayEvents.h:38:25: warning: 'DOXYGEN' is not defined, evaluates to 0 [-Wundef]
   38 | #if JUCE_WEB_BROWSER || DOXYGEN
      |                         ^
In file included from /Users/larryseyer/AudioDevelopment/OTTO/Source/UX/AccessibilityEnhancer.cpp:1:
In file included from /Users/larryseyer/AudioDevelopment/OTTO/Source/UX/AccessibilityEnhancer.h:2:
In file included from /Users/larryseyer/AudioDevelopment/OTTO/Builds/MacOSX/CMake-Release/OTTO_artefacts/JuceLibraryCode/JuceHeader.h:14:
In file included from /Users/larryseyer/AudioDevelopment/OTTO/JUCE/modules/juce_audio_plugin_client/juce_audio_plugin_client.h:65:
In file included from /Users/larryseyer/AudioDevelopment/OTTO/JUCE/modules/juce_audio_processors/juce_audio_processors.h:67:
In file included from /Users/larryseyer/AudioDevelopment/OTTO/JUCE/modules/juce_gui_extra/juce_gui_extra.h:160:
/Users/larryseyer/AudioDevelopment/OTTO/JUCE/modules/juce_gui_extra/misc/juce_WebControlRelays.h:38:25: warning: 'DOXYGEN' is not defined, evaluates to 0 [-Wundef]
   38 | #if JUCE_WEB_BROWSER || DOXYGEN
      |                         ^
In file included from /Users/larryseyer/AudioDevelopment/OTTO/Source/UX/AccessibilityEnhancer.cpp:1:
In file included from /Users/larryseyer/AudioDevelopment/OTTO/Source/UX/AccessibilityEnhancer.h:2:
In file included from /Users/larryseyer/AudioDevelopment/OTTO/Builds/MacOSX/CMake-Release/OTTO_artefacts/JuceLibraryCode/JuceHeader.h:14:
In file included from /Users/larryseyer/AudioDevelopment/OTTO/JUCE/modules/juce_audio_plugin_client/juce_audio_plugin_client.h:65:
In file included from /Users/larryseyer/AudioDevelopment/OTTO/JUCE/modules/juce_audio_processors/juce_audio_processors.h:67:
In file included from /Users/larryseyer/AudioDevelopment/OTTO/JUCE/modules/juce_gui_extra/juce_gui_extra.h:161:
/Users/larryseyer/AudioDevelopment/OTTO/JUCE/modules/juce_gui_extra/misc/juce_WebControlParameterIndexReceiver.h:38:25: warning: 'DOXYGEN' is not defined, evaluates to 0 [-Wundef]
   38 | #if JUCE_WEB_BROWSER || DOXYGEN
      |                         ^
In file included from /Users/larryseyer/AudioDevelopment/OTTO/Source/UX/AccessibilityEnhancer.cpp:1:
In file included from /Users/larryseyer/AudioDevelopment/OTTO/Source/UX/AccessibilityEnhancer.h:2:
In file included from /Users/larryseyer/AudioDevelopment/OTTO/Builds/MacOSX/CMake-Release/OTTO_artefacts/JuceLibraryCode/JuceHeader.h:14:
In file included from /Users/larryseyer/AudioDevelopment/OTTO/JUCE/modules/juce_audio_plugin_client/juce_audio_plugin_client.h:65:
In file included from /Users/larryseyer/AudioDevelopment/OTTO/JUCE/modules/juce_audio_processors/juce_audio_processors.h:148:
/Users/larryseyer/AudioDevelopment/OTTO/JUCE/modules/juce_audio_processors/processors/juce_AudioProcessorParameter.h:363:8: warning: 'JUCE_DEBUG' is not defined, evaluates to 0 [-Wundef]
  363 |    #if JUCE_DEBUG
      |        ^
In file included from /Users/larryseyer/AudioDevelopment/OTTO/Source/UX/AccessibilityEnhancer.cpp:1:
In file included from /Users/larryseyer/AudioDevelopment/OTTO/Source/UX/AccessibilityEnhancer.h:2:
In file included from /Users/larryseyer/AudioDevelopment/OTTO/Builds/MacOSX/CMake-Release/OTTO_artefacts/JuceLibraryCode/JuceHeader.h:14:
In file included from /Users/larryseyer/AudioDevelopment/OTTO/JUCE/modules/juce_audio_plugin_client/juce_audio_plugin_client.h:65:
In file included from /Users/larryseyer/AudioDevelopment/OTTO/JUCE/modules/juce_audio_processors/juce_audio_processors.h:154:
/Users/larryseyer/AudioDevelopment/OTTO/JUCE/modules/juce_audio_processors/processors/juce_AudioProcessor.h:1599:7: warning: 'JUCE_DEBUG' is not defined, evaluates to 0 [-Wundef]
 1599 |   #if JUCE_DEBUG
      |       ^
In file included from /Users/larryseyer/AudioDevelopment/OTTO/Source/UX/AccessibilityEnhancer.cpp:1:
In file included from /Users/larryseyer/AudioDevelopment/OTTO/Source/UX/AccessibilityEnhancer.h:2:
In file included from /Users/larryseyer/AudioDevelopment/OTTO/Builds/MacOSX/CMake-Release/OTTO_artefacts/JuceLibraryCode/JuceHeader.h:14:
In file included from /Users/larryseyer/AudioDevelopment/OTTO/JUCE/modules/juce_audio_plugin_client/juce_audio_plugin_client.h:65:
In file included from /Users/larryseyer/AudioDevelopment/OTTO/JUCE/modules/juce_audio_processors/juce_audio_processors.h:162:
/Users/larryseyer/AudioDevelopment/OTTO/JUCE/modules/juce_audio_processors/format_types/juce_AudioUnitPluginFormat.h:38:55: warning: 'DOXYGEN' is not defined, evaluates to 0 [-Wundef]
   38 | #if (JUCE_PLUGINHOST_AU && (JUCE_MAC || JUCE_IOS)) || DOXYGEN
      |                                                       ^
In file included from /Users/larryseyer/AudioDevelopment/OTTO/Source/UX/AccessibilityEnhancer.cpp:1:
In file included from /Users/larryseyer/AudioDevelopment/OTTO/Source/UX/AccessibilityEnhancer.h:2:
In file included from /Users/larryseyer/AudioDevelopment/OTTO/Builds/MacOSX/CMake-Release/OTTO_artefacts/JuceLibraryCode/JuceHeader.h:14:
In file included from /Users/larryseyer/AudioDevelopment/OTTO/JUCE/modules/juce_audio_plugin_client/juce_audio_plugin_client.h:65:
In file included from /Users/larryseyer/AudioDevelopment/OTTO/JUCE/modules/juce_audio_processors/juce_audio_processors.h:163:
/Users/larryseyer/AudioDevelopment/OTTO/JUCE/modules/juce_audio_processors/format_types/juce_LADSPAPluginFormat.h:38:61: warning: 'DOXYGEN' is not defined, evaluates to 0 [-Wundef]
   38 | #if (JUCE_PLUGINHOST_LADSPA && (JUCE_LINUX || JUCE_BSD)) || DOXYGEN
      |                                                             ^
In file included from /Users/larryseyer/AudioDevelopment/OTTO/Source/UX/AccessibilityEnhancer.cpp:1:
In file included from /Users/larryseyer/AudioDevelopment/OTTO/Source/UX/AccessibilityEnhancer.h:2:
In file included from /Users/larryseyer/AudioDevelopment/OTTO/Builds/MacOSX/CMake-Release/OTTO_artefacts/JuceLibraryCode/JuceHeader.h:14:
In file included from /Users/larryseyer/AudioDevelopment/OTTO/JUCE/modules/juce_audio_plugin_client/juce_audio_plugin_client.h:65:
In file included from /Users/larryseyer/AudioDevelopment/OTTO/JUCE/modules/juce_audio_processors/juce_audio_processors.h:164:
/Users/larryseyer/AudioDevelopment/OTTO/JUCE/modules/juce_audio_processors/format_types/juce_LV2PluginFormat.h:38:64: warning: 'DOXYGEN' is not defined, evaluates to 0 [-Wundef]
   38 | #if (JUCE_PLUGINHOST_LV2 && (! (JUCE_ANDROID || JUCE_IOS))) || DOXYGEN
      |                                                                ^
In file included from /Users/larryseyer/AudioDevelopment/OTTO/Source/UX/AccessibilityEnhancer.cpp:1:
In file included from /Users/larryseyer/AudioDevelopment/OTTO/Source/UX/AccessibilityEnhancer.h:2:
In file included from /Users/larryseyer/AudioDevelopment/OTTO/Builds/MacOSX/CMake-Release/OTTO_artefacts/JuceLibraryCode/JuceHeader.h:14:
In file included from /Users/larryseyer/AudioDevelopment/OTTO/JUCE/modules/juce_audio_plugin_client/juce_audio_plugin_client.h:65:
In file included from /Users/larryseyer/AudioDevelopment/OTTO/JUCE/modules/juce_audio_processors/juce_audio_processors.h:165:
/Users/larryseyer/AudioDevelopment/OTTO/JUCE/modules/juce_audio_processors/format_types/juce_VST3PluginFormat.h:38:87: warning: 'DOXYGEN' is not defined, evaluates to 0 [-Wundef]
   38 | #if (JUCE_PLUGINHOST_VST3 && (JUCE_MAC || JUCE_WINDOWS || JUCE_LINUX || JUCE_BSD)) || DOXYGEN
      |                                                                                       ^
In file included from /Users/larryseyer/AudioDevelopment/OTTO/Source/UX/AccessibilityEnhancer.cpp:1:
In file included from /Users/larryseyer/AudioDevelopment/OTTO/Source/UX/AccessibilityEnhancer.h:2:
In file included from /Users/larryseyer/AudioDevelopment/OTTO/Builds/MacOSX/CMake-Release/OTTO_artefacts/JuceLibraryCode/JuceHeader.h:14:
In file included from /Users/larryseyer/AudioDevelopment/OTTO/JUCE/modules/juce_audio_plugin_client/juce_audio_plugin_client.h:65:
In file included from /Users/larryseyer/AudioDevelopment/OTTO/JUCE/modules/juce_audio_processors/juce_audio_processors.h:167:
/Users/larryseyer/AudioDevelopment/OTTO/JUCE/modules/juce_audio_processors/format_types/juce_VSTPluginFormat.h:35:29: warning: 'DOXYGEN' is not defined, evaluates to 0 [-Wundef]
   35 | #if (JUCE_PLUGINHOST_VST || DOXYGEN)
      |                             ^
In file included from /Users/larryseyer/AudioDevelopment/OTTO/Source/UX/AccessibilityEnhancer.cpp:1:
In file included from /Users/larryseyer/AudioDevelopment/OTTO/Source/UX/AccessibilityEnhancer.h:2:
In file included from /Users/larryseyer/AudioDevelopment/OTTO/Builds/MacOSX/CMake-Release/OTTO_artefacts/JuceLibraryCode/JuceHeader.h:14:
In file included from /Users/larryseyer/AudioDevelopment/OTTO/JUCE/modules/juce_audio_plugin_client/juce_audio_plugin_client.h:65:
In file included from /Users/larryseyer/AudioDevelopment/OTTO/JUCE/modules/juce_audio_processors/juce_audio_processors.h:168:
/Users/larryseyer/AudioDevelopment/OTTO/JUCE/modules/juce_audio_processors/format_types/juce_ARAHosting.h:37:122: warning: 'DOXYGEN' is not defined, evaluates to 0 [-Wundef]
   37 | #if (JUCE_PLUGINHOST_ARA && (JUCE_PLUGINHOST_VST3 || JUCE_PLUGINHOST_AU) && (JUCE_MAC || JUCE_WINDOWS || JUCE_LINUX)) || DOXYGEN
      |                                                                                                                          ^
In file included from /Users/larryseyer/AudioDevelopment/OTTO/Source/UX/AccessibilityEnhancer.cpp:1:
In file included from /Users/larryseyer/AudioDevelopment/OTTO/Source/UX/AccessibilityEnhancer.h:2:
In file included from /Users/larryseyer/AudioDevelopment/OTTO/Builds/MacOSX/CMake-Release/OTTO_artefacts/JuceLibraryCode/JuceHeader.h:14:
In file included from /Users/larryseyer/AudioDevelopment/OTTO/JUCE/modules/juce_audio_plugin_client/juce_audio_plugin_client.h:65:
In file included from /Users/larryseyer/AudioDevelopment/OTTO/JUCE/modules/juce_audio_processors/juce_audio_processors.h:177:
/Users/larryseyer/AudioDevelopment/OTTO/JUCE/modules/juce_audio_processors/utilities/juce_ParameterAttachments.h:260:25: warning: 'DOXYGEN' is not defined, evaluates to 0 [-Wundef]
  260 | #if JUCE_WEB_BROWSER || DOXYGEN
      |                         ^
In file included from /Users/larryseyer/AudioDevelopment/OTTO/Source/UX/AccessibilityEnhancer.cpp:1:
In file included from /Users/larryseyer/AudioDevelopment/OTTO/Source/UX/AccessibilityEnhancer.h:2:
In file included from /Users/larryseyer/AudioDevelopment/OTTO/Builds/MacOSX/CMake-Release/OTTO_artefacts/JuceLibraryCode/JuceHeader.h:14:
In file included from /Users/larryseyer/AudioDevelopment/OTTO/JUCE/modules/juce_audio_plugin_client/juce_audio_plugin_client.h:65:
In file included from /Users/larryseyer/AudioDevelopment/OTTO/JUCE/modules/juce_audio_processors/juce_audio_processors.h:178:
/Users/larryseyer/AudioDevelopment/OTTO/JUCE/modules/juce_audio_processors/utilities/juce_AudioProcessorValueTreeState.h:639:8: warning: 'JUCE_UNIT_TESTS' is not defined, evaluates to 0 [-Wundef]
  639 |    #if JUCE_UNIT_TESTS
      |        ^
In file included from /Users/larryseyer/AudioDevelopment/OTTO/Source/UX/AccessibilityEnhancer.cpp:1:
In file included from /Users/larryseyer/AudioDevelopment/OTTO/Source/UX/AccessibilityEnhancer.h:2:
In file included from /Users/larryseyer/AudioDevelopment/OTTO/Builds/MacOSX/CMake-Release/OTTO_artefacts/JuceLibraryCode/JuceHeader.h:23:
In file included from /Users/larryseyer/AudioDevelopment/OTTO/JUCE/modules/juce_audio_devices/juce_audio_devices.h:174:
/Users/larryseyer/AudioDevelopment/OTTO/JUCE/modules/juce_audio_devices/midi_io/juce_MidiDevices.h:205:8: warning: 'JUCE_LINUX' is not defined, evaluates to 0 [-Wundef]
  205 |    #if JUCE_LINUX || JUCE_BSD || JUCE_MAC || JUCE_IOS || DOXYGEN
      |        ^
/Users/larryseyer/AudioDevelopment/OTTO/JUCE/modules/juce_audio_devices/midi_io/juce_MidiDevices.h:205:22: warning: 'JUCE_BSD' is not defined, evaluates to 0 [-Wundef]
  205 |    #if JUCE_LINUX || JUCE_BSD || JUCE_MAC || JUCE_IOS || DOXYGEN
      |                      ^
/Users/larryseyer/AudioDevelopment/OTTO/JUCE/modules/juce_audio_devices/midi_io/juce_MidiDevices.h:364:8: warning: 'JUCE_LINUX' is not defined, evaluates to 0 [-Wundef]
  364 |    #if JUCE_LINUX || JUCE_BSD || JUCE_MAC || JUCE_IOS || DOXYGEN
      |        ^
/Users/larryseyer/AudioDevelopment/OTTO/JUCE/modules/juce_audio_devices/midi_io/juce_MidiDevices.h:364:22: warning: 'JUCE_BSD' is not defined, evaluates to 0 [-Wundef]
  364 |    #if JUCE_LINUX || JUCE_BSD || JUCE_MAC || JUCE_IOS || DOXYGEN
      |                      ^
In file included from /Users/larryseyer/AudioDevelopment/OTTO/Source/UX/AccessibilityEnhancer.cpp:1:
In file included from /Users/larryseyer/AudioDevelopment/OTTO/Source/UX/AccessibilityEnhancer.h:2:
In file included from /Users/larryseyer/AudioDevelopment/OTTO/Builds/MacOSX/CMake-Release/OTTO_artefacts/JuceLibraryCode/JuceHeader.h:23:
In file included from /Users/larryseyer/AudioDevelopment/OTTO/JUCE/modules/juce_audio_devices/juce_audio_devices.h:175:
/Users/larryseyer/AudioDevelopment/OTTO/JUCE/modules/juce_audio_devices/midi_io/juce_MidiMessageCollector.h:118:8: warning: 'JUCE_DEBUG' is not defined, evaluates to 0 [-Wundef]
  118 |    #if JUCE_DEBUG
      |        ^
In file included from /Users/larryseyer/AudioDevelopment/OTTO/Source/UX/AccessibilityEnhancer.cpp:1:
In file included from /Users/larryseyer/AudioDevelopment/OTTO/Source/UX/AccessibilityEnhancer.h:2:
In file included from /Users/larryseyer/AudioDevelopment/OTTO/Builds/MacOSX/CMake-Release/OTTO_artefacts/JuceLibraryCode/JuceHeader.h:23:
/Users/larryseyer/AudioDevelopment/OTTO/JUCE/modules/juce_audio_devices/juce_audio_devices.h:199:5: warning: 'JUCE_IOS' is not defined, evaluates to 0 [-Wundef]
  199 | #if JUCE_IOS
      |     ^
In file included from /Users/larryseyer/AudioDevelopment/OTTO/Source/UX/AccessibilityEnhancer.cpp:1:
In file included from /Users/larryseyer/AudioDevelopment/OTTO/Source/UX/AccessibilityEnhancer.h:2:
In file included from /Users/larryseyer/AudioDevelopment/OTTO/Builds/MacOSX/CMake-Release/OTTO_artefacts/JuceLibraryCode/JuceHeader.h:24:
/Users/larryseyer/AudioDevelopment/OTTO/JUCE/modules/juce_audio_formats/juce_audio_formats.h:117:7: warning: 'JUCE_WINDOWS' is not defined, evaluates to 0 [-Wundef]
  117 | #if ! JUCE_WINDOWS
      |       ^
In file included from /Users/larryseyer/AudioDevelopment/OTTO/Source/UX/AccessibilityEnhancer.cpp:1:
In file included from /Users/larryseyer/AudioDevelopment/OTTO/Source/UX/AccessibilityEnhancer.h:2:
In file included from /Users/larryseyer/AudioDevelopment/OTTO/Builds/MacOSX/CMake-Release/OTTO_artefacts/JuceLibraryCode/JuceHeader.h:24:
In file included from /Users/larryseyer/AudioDevelopment/OTTO/JUCE/modules/juce_audio_formats/juce_audio_formats.h:134:
/Users/larryseyer/AudioDevelopment/OTTO/JUCE/modules/juce_audio_formats/codecs/juce_LAMEEncoderAudioFormat.h:38:35: warning: 'DOXYGEN' is not defined, evaluates to 0 [-Wundef]
   38 | #if JUCE_USE_LAME_AUDIO_FORMAT || DOXYGEN
      |                                   ^
In file included from /Users/larryseyer/AudioDevelopment/OTTO/Source/UX/AccessibilityEnhancer.cpp:1:
In file included from /Users/larryseyer/AudioDevelopment/OTTO/Source/UX/AccessibilityEnhancer.h:2:
In file included from /Users/larryseyer/AudioDevelopment/OTTO/Builds/MacOSX/CMake-Release/OTTO_artefacts/JuceLibraryCode/JuceHeader.h:24:
In file included from /Users/larryseyer/AudioDevelopment/OTTO/JUCE/modules/juce_audio_formats/juce_audio_formats.h:135:
/Users/larryseyer/AudioDevelopment/OTTO/JUCE/modules/juce_audio_formats/codecs/juce_MP3AudioFormat.h:38:32: warning: 'DOXYGEN' is not defined, evaluates to 0 [-Wundef]
   38 | #if JUCE_USE_MP3AUDIOFORMAT || DOXYGEN
      |                                ^
In file included from /Users/larryseyer/AudioDevelopment/OTTO/Source/UX/AccessibilityEnhancer.cpp:1:
In file included from /Users/larryseyer/AudioDevelopment/OTTO/Source/UX/AccessibilityEnhancer.h:2:
In file included from /Users/larryseyer/AudioDevelopment/OTTO/Builds/MacOSX/CMake-Release/OTTO_artefacts/JuceLibraryCode/JuceHeader.h:24:
In file included from /Users/larryseyer/AudioDevelopment/OTTO/JUCE/modules/juce_audio_formats/juce_audio_formats.h:138:
/Users/larryseyer/AudioDevelopment/OTTO/JUCE/modules/juce_audio_formats/codecs/juce_WindowsMediaAudioFormat.h:38:5: warning: 'JUCE_WINDOWS' is not defined, evaluates to 0 [-Wundef]
   38 | #if JUCE_WINDOWS || DOXYGEN
      |     ^
/Users/larryseyer/AudioDevelopment/OTTO/JUCE/modules/juce_audio_formats/codecs/juce_WindowsMediaAudioFormat.h:38:21: warning: 'DOXYGEN' is not defined, evaluates to 0 [-Wundef]
   38 | #if JUCE_WINDOWS || DOXYGEN
      |                     ^
In file included from /Users/larryseyer/AudioDevelopment/OTTO/Source/UX/AccessibilityEnhancer.cpp:1:
In file included from /Users/larryseyer/AudioDevelopment/OTTO/Source/UX/AccessibilityEnhancer.h:2:
In file included from /Users/larryseyer/AudioDevelopment/OTTO/Builds/MacOSX/CMake-Release/OTTO_artefacts/JuceLibraryCode/JuceHeader.h:25:
In file included from /Users/larryseyer/AudioDevelopment/OTTO/JUCE/modules/juce_audio_utils/juce_audio_utils.h:99:
/Users/larryseyer/AudioDevelopment/OTTO/JUCE/modules/juce_audio_utils/audio_cd/juce_AudioCDBurner.h:38:26: warning: 'DOXYGEN' is not defined, evaluates to 0 [-Wundef]
   38 | #if JUCE_USE_CDBURNER || DOXYGEN
      |                          ^
In file included from /Users/larryseyer/AudioDevelopment/OTTO/Source/UX/AccessibilityEnhancer.cpp:1:
In file included from /Users/larryseyer/AudioDevelopment/OTTO/Source/UX/AccessibilityEnhancer.h:2:
In file included from /Users/larryseyer/AudioDevelopment/OTTO/Builds/MacOSX/CMake-Release/OTTO_artefacts/JuceLibraryCode/JuceHeader.h:25:
In file included from /Users/larryseyer/AudioDevelopment/OTTO/JUCE/modules/juce_audio_utils/juce_audio_utils.h:100:
/Users/larryseyer/AudioDevelopment/OTTO/JUCE/modules/juce_audio_utils/audio_cd/juce_AudioCDReader.h:38:26: warning: 'DOXYGEN' is not defined, evaluates to 0 [-Wundef]
   38 | #if JUCE_USE_CDREADER || DOXYGEN
      |                          ^
In file included from /Users/larryseyer/AudioDevelopment/OTTO/Source/UX/AccessibilityEnhancer.cpp:1:
In file included from /Users/larryseyer/AudioDevelopment/OTTO/Source/UX/AccessibilityEnhancer.h:2:
In file included from /Users/larryseyer/AudioDevelopment/OTTO/Builds/MacOSX/CMake-Release/OTTO_artefacts/JuceLibraryCode/JuceHeader.h:26:
/Users/larryseyer/AudioDevelopment/OTTO/JUCE/modules/juce_dsp/juce_dsp.h:69:5: warning: 'JUCE_INTEL' is not defined, evaluates to 0 [-Wundef]
   69 | #if JUCE_INTEL
      |     ^
/Users/larryseyer/AudioDevelopment/OTTO/JUCE/modules/juce_dsp/juce_dsp.h:95:20: warning: 'JUCE_WINDOWS' is not defined, evaluates to 0 [-Wundef]
   95 |  #if JUCE_64BIT && JUCE_WINDOWS
      |                    ^
/Users/larryseyer/AudioDevelopment/OTTO/JUCE/modules/juce_dsp/juce_dsp.h:113:6: warning: '_MSC_VER' is not defined, evaluates to 0 [-Wundef]
  113 |  #if _MSC_VER && JUCE_USE_SIMD && ! (defined (_M_X64) || defined (__amd64__))
      |      ^
/Users/larryseyer/AudioDevelopment/OTTO/JUCE/modules/juce_dsp/juce_dsp.h:242:6: warning: 'JUCE_INTEL' is not defined, evaluates to 0 [-Wundef]
  242 |  #if JUCE_INTEL
      |      ^
In file included from /Users/larryseyer/AudioDevelopment/OTTO/Source/UX/AccessibilityEnhancer.cpp:1:
In file included from /Users/larryseyer/AudioDevelopment/OTTO/Source/UX/AccessibilityEnhancer.h:2:
In file included from /Users/larryseyer/AudioDevelopment/OTTO/Builds/MacOSX/CMake-Release/OTTO_artefacts/JuceLibraryCode/JuceHeader.h:27:
/Users/larryseyer/AudioDevelopment/OTTO/JUCE/modules/juce_opengl/juce_opengl.h:72:5: warning: 'JUCE_IOS' is not defined, evaluates to 0 [-Wundef]
   72 | #if JUCE_IOS || JUCE_ANDROID
      |     ^
/Users/larryseyer/AudioDevelopment/OTTO/JUCE/modules/juce_opengl/juce_opengl.h:72:17: warning: 'JUCE_ANDROID' is not defined, evaluates to 0 [-Wundef]
   72 | #if JUCE_IOS || JUCE_ANDROID
      |                 ^
/Users/larryseyer/AudioDevelopment/OTTO/JUCE/modules/juce_opengl/juce_opengl.h:82:5: warning: 'JUCE_OPENGL_ES' is not defined, evaluates to 0 [-Wundef]
   82 | #if JUCE_OPENGL_ES || DOXYGEN
      |     ^
/Users/larryseyer/AudioDevelopment/OTTO/JUCE/modules/juce_opengl/juce_opengl.h:82:23: warning: 'DOXYGEN' is not defined, evaluates to 0 [-Wundef]
   82 | #if JUCE_OPENGL_ES || DOXYGEN
      |                       ^
In file included from /Users/larryseyer/AudioDevelopment/OTTO/Source/UX/AccessibilityEnhancer.cpp:1:
In file included from /Users/larryseyer/AudioDevelopment/OTTO/Source/UX/AccessibilityEnhancer.h:2:
In file included from /Users/larryseyer/AudioDevelopment/OTTO/Builds/MacOSX/CMake-Release/OTTO_artefacts/JuceLibraryCode/JuceHeader.h:27:
In file included from /Users/larryseyer/AudioDevelopment/OTTO/JUCE/modules/juce_opengl/juce_opengl.h:120:
/Users/larryseyer/AudioDevelopment/OTTO/JUCE/modules/juce_opengl/native/juce_OpenGLExtensions.h:127:8: warning: 'JUCE_WINDOWS' is not defined, evaluates to 0 [-Wundef]
  127 |    #if JUCE_WINDOWS && ! defined (DOXYGEN)
      |        ^
/Users/larryseyer/AudioDevelopment/OTTO/JUCE/modules/juce_opengl/native/juce_OpenGLExtensions.h:142:8: warning: 'JUCE_ANDROID' is not defined, evaluates to 0 [-Wundef]
  142 |    #if JUCE_ANDROID
      |        ^
In file included from /Users/larryseyer/AudioDevelopment/OTTO/Source/UX/AccessibilityEnhancer.cpp:1:
In file included from /Users/larryseyer/AudioDevelopment/OTTO/Source/UX/AccessibilityEnhancer.h:2:
/Users/larryseyer/AudioDevelopment/OTTO/Builds/MacOSX/CMake-Release/OTTO_artefacts/JuceLibraryCode/JuceHeader.h:34:7: warning: 'DONT_SET_USING_JUCE_NAMESPACE' is not defined, evaluates to 0 [-Wundef]
   34 | #if ! DONT_SET_USING_JUCE_NAMESPACE
      |       ^
In file included from /Users/larryseyer/AudioDevelopment/OTTO/Source/UX/AccessibilityEnhancer.cpp:1:
In file included from /Users/larryseyer/AudioDevelopment/OTTO/Source/UX/AccessibilityEnhancer.h:3:
In file included from /Users/larryseyer/AudioDevelopment/OTTO/Source/UX/../UtilityComponents.h:5:
/Users/larryseyer/AudioDevelopment/OTTO/Source/UX/../ColorScheme.h:104:55: warning: unused parameter 'newThemeName' [-Wunused-parameter]
  104 |         virtual void themeChanged(const juce::String& newThemeName) {}
      |                                                       ^
/Users/larryseyer/AudioDevelopment/OTTO/Source/UX/../ColorScheme.h:105:55: warning: unused parameter 'component' [-Wunused-parameter]
  105 |         virtual void colorChanged(const juce::String& component, const juce::String& property, const juce::Colour& newColor) {}
      |                                                       ^
/Users/larryseyer/AudioDevelopment/OTTO/Source/UX/../ColorScheme.h:105:86: warning: unused parameter 'property' [-Wunused-parameter]
  105 |         virtual void colorChanged(const juce::String& component, const juce::String& property, const juce::Colour& newColor) {}
      |                                                                                      ^
/Users/larryseyer/AudioDevelopment/OTTO/Source/UX/../ColorScheme.h:105:116: warning: unused parameter 'newColor' [-Wunused-parameter]
  105 |         virtual void colorChanged(const juce::String& component, const juce::String& property, const juce::Colour& newColor) {}
      |                                                                                                                    ^
/Users/larryseyer/AudioDevelopment/OTTO/Source/UX/AccessibilityEnhancer.cpp:6:94: warning: unused parameter 'role' [-Wunused-parameter]
    6 | void AccessibilityEnhancer::enhanceComponent(juce::Component& component, const juce::String& role) {
      |                                                                                              ^
In file included from /Users/larryseyer/AudioDevelopment/OTTO/Source/UX/AccessibilityEnhancer.cpp:1:
In file included from /Users/larryseyer/AudioDevelopment/OTTO/Source/UX/AccessibilityEnhancer.h:2:
In file included from /Users/larryseyer/AudioDevelopment/OTTO/Builds/MacOSX/CMake-Release/OTTO_artefacts/JuceLibraryCode/JuceHeader.h:14:
In file included from /Users/larryseyer/AudioDevelopment/OTTO/JUCE/modules/juce_audio_plugin_client/juce_audio_plugin_client.h:63:
In file included from /Users/larryseyer/AudioDevelopment/OTTO/JUCE/modules/juce_gui_basics/juce_gui_basics.h:68:
In file included from /Users/larryseyer/AudioDevelopment/OTTO/JUCE/modules/juce_graphics/juce_graphics.h:116:
/Users/larryseyer/AudioDevelopment/OTTO/JUCE/modules/juce_graphics/geometry/juce_Line.h:242:81: warning: implicit conversion increases floating-point precision: 'float' to 'double' [-Wdouble-promotion]
  242 |                  start.y + static_cast<ValueType> ((delta.y * distanceFromStart + delt

CompileC /Users/larryseyer/AudioDevelopment/OTTO/Builds/MacOSX/CMake-Release/build/OTTO.build/Release/Objects-normal/arm64/TouchOptimizedControls.o /Users/larryseyer/AudioDevelopment/OTTO/Source/UI/Controls/TouchOptimizedControls.cpp normal arm64 c++ com.apple.compilers.llvm.clang.1_0.compiler (in target 'OTTO' from project 'OTTO')
    cd /Users/larryseyer/AudioDevelopment/OTTO
    
    Using response file: /Users/larryseyer/AudioDevelopment/OTTO/Builds/MacOSX/CMake-Release/build/OTTO.build/Release/Objects-normal/arm64/82b82416624d2658e5098eb0a28c15c5-common-args.resp
    
    /Applications/Xcode.app/Contents/Developer/Toolchains/XcodeDefault.xctoolchain/usr/bin/clang -x c++ -ivfsstatcache /var/folders/0p/t4rj91z90d38yk0_8vh370gr0000gn/C/com.apple.DeveloperTools/16.4-16F6/Xcode/SDKStatCaches.noindex/macosx15.5-24F74-8254517eb8b97d462ccbc072ba9094c9.sdkstatcache -fmessage-length\=0 -fdiagnostics-show-note-include-stack -fmacro-backtrace-limit\=0 -fno-color-diagnostics -Wno-trigraphs -Wno-missing-field-initializers -Wno-missing-prototypes -Wno-return-type -Wno-non-virtual-dtor -Wno-overloaded-virtual -Wno-exit-time-destructors -Wno-missing-braces -Wparentheses -Wswitch -Wno-unused-function -Wno-unused-label -Wno-unused-parameter -Wno-unused-variable -Wunused-value -Wno-empty-body -Wno-uninitialized -Wno-unknown-pragmas -Wno-shadow -Wno-four-char-constants -Wno-conversion -Wno-constant-conversion -Wno-int-conversion -Wno-bool-conversion -Wno-enum-conversion -Wno-float-conversion -Wno-non-literal-null-conversion -Wno-objc-literal-conversion -Wshorten-64-to-32 -Wno-newline-eof -Wno-c++11-extensions -Wno-implicit-fallthrough -fstrict-aliasing -Wdeprecated-declarations -Winvalid-offsetof -Wno-sign-conversion -Wno-infinite-recursion -Wno-move -Wno-comma -Wno-block-capture-autoreleasing -Wno-strict-prototypes -Wno-range-loop-analysis -Wno-semicolon-before-method-body -Wall -Wextra -Wpedantic -Wformat\=2 -Wformat-security -Wnull-dereference -Wdouble-promotion -Wshadow -Wundef -Wcast-align @/Users/larryseyer/AudioDevelopment/OTTO/Builds/MacOSX/CMake-Release/build/OTTO.build/Release/Objects-normal/arm64/82b82416624d2658e5098eb0a28c15c5-common-args.resp -MMD -MT dependencies -MF /Users/larryseyer/AudioDevelopment/OTTO/Builds/MacOSX/CMake-Release/build/OTTO.build/Release/Objects-normal/arm64/TouchOptimizedControls.d --serialize-diagnostics /Users/larryseyer/AudioDevelopment/OTTO/Builds/MacOSX/CMake-Release/build/OTTO.build/Release/Objects-normal/arm64/TouchOptimizedControls.dia -c /Users/larryseyer/AudioDevelopment/OTTO/Source/UI/Controls/TouchOptimizedControls.cpp -o /Users/larryseyer/AudioDevelopment/OTTO/Builds/MacOSX/CMake-Release/build/OTTO.build/Release/Objects-normal/arm64/TouchOptimizedControls.o
In file included from /Users/larryseyer/AudioDevelopment/OTTO/Source/UI/Controls/TouchOptimizedControls.cpp:1:
In file included from /Users/larryseyer/AudioDevelopment/OTTO/Source/UI/Controls/TouchOptimizedControls.h:4:
In file included from /Users/larryseyer/AudioDevelopment/OTTO/Builds/MacOSX/CMake-Release/OTTO_artefacts/JuceLibraryCode/JuceHeader.h:14:
In file included from /Users/larryseyer/AudioDevelopment/OTTO/JUCE/modules/juce_audio_plugin_client/juce_audio_plugin_client.h:63:
In file included from /Users/larryseyer/AudioDevelopment/OTTO/JUCE/modules/juce_gui_basics/juce_gui_basics.h:68:
In file included from /Users/larryseyer/AudioDevelopment/OTTO/JUCE/modules/juce_graphics/juce_graphics.h:67:
In file included from /Users/larryseyer/AudioDevelopment/OTTO/JUCE/modules/juce_core/juce_core.h:77:
/Users/larryseyer/AudioDevelopment/OTTO/JUCE/modules/juce_core/system/juce_TargetPlatform.h:99:5: warning: 'JUCE_WINDOWS' is not defined, evaluates to 0 [-Wundef]
   99 | #if JUCE_WINDOWS
      |     ^
/Users/larryseyer/AudioDevelopment/OTTO/JUCE/modules/juce_core/system/juce_TargetPlatform.h:183:5: warning: 'JUCE_LINUX' is not defined, evaluates to 0 [-Wundef]
  183 | #if JUCE_LINUX || JUCE_ANDROID || JUCE_BSD
      |     ^
/Users/larryseyer/AudioDevelopment/OTTO/JUCE/modules/juce_core/system/juce_TargetPlatform.h:183:19: warning: 'JUCE_ANDROID' is not defined, evaluates to 0 [-Wundef]
  183 | #if JUCE_LINUX || JUCE_ANDROID || JUCE_BSD
      |                   ^
/Users/larryseyer/AudioDevelopment/OTTO/JUCE/modules/juce_core/system/juce_TargetPlatform.h:183:35: warning: 'JUCE_BSD' is not defined, evaluates to 0 [-Wundef]
  183 | #if JUCE_LINUX || JUCE_ANDROID || JUCE_BSD
      |                                   ^
In file included from /Users/larryseyer/AudioDevelopment/OTTO/Source/UI/Controls/TouchOptimizedControls.cpp:1:
In file included from /Users/larryseyer/AudioDevelopment/OTTO/Source/UI/Controls/TouchOptimizedControls.h:4:
In file included from /Users/larryseyer/AudioDevelopment/OTTO/Builds/MacOSX/CMake-Release/OTTO_artefacts/JuceLibraryCode/JuceHeader.h:14:
In file included from /Users/larryseyer/AudioDevelopment/OTTO/JUCE/modules/juce_audio_plugin_client/juce_audio_plugin_client.h:63:
In file included from /Users/larryseyer/AudioDevelopment/OTTO/JUCE/modules/juce_gui_basics/juce_gui_basics.h:68:
In file included from /Users/larryseyer/AudioDevelopment/OTTO/JUCE/modules/juce_graphics/juce_graphics.h:67:
/Users/larryseyer/AudioDevelopment/OTTO/JUCE/modules/juce_core/juce_core.h:115:5: warning: 'JUCE_DEBUG' is not defined, evaluates to 0 [-Wundef]
  115 | #if JUCE_DEBUG && ! defined (JUCE_CHECK_MEMORY_LEAKS)
      |     ^
/Users/larryseyer/AudioDevelopment/OTTO/JUCE/modules/juce_core/juce_core.h:207:5: warning: 'JUCE_CORE_INCLUDE_NATIVE_HEADERS' is not defined, evaluates to 0 [-Wundef]
  207 | #if JUCE_CORE_INCLUDE_NATIVE_HEADERS
      |     ^
/Users/larryseyer/AudioDevelopment/OTTO/JUCE/modules/juce_core/juce_core.h:211:5: warning: 'JUCE_WINDOWS' is not defined, evaluates to 0 [-Wundef]
  211 | #if JUCE_WINDOWS
      |     ^
In file included from /Users/larryseyer/AudioDevelopment/OTTO/Source/UI/Controls/TouchOptimizedControls.cpp:1:
In file included from /Users/larryseyer/AudioDevelopment/OTTO/Source/UI/Controls/TouchOptimizedControls.h:4:
In file included from /Users/larryseyer/AudioDevelopment/OTTO/Builds/MacOSX/CMake-Release/OTTO_artefacts/JuceLibraryCode/JuceHeader.h:14:
In file included from /Users/larryseyer/AudioDevelopment/OTTO/JUCE/modules/juce_audio_plugin_client/juce_audio_plugin_client.h:63:
In file included from /Users/larryseyer/AudioDevelopment/OTTO/JUCE/modules/juce_gui_basics/juce_gui_basics.h:68:
In file included from /Users/larryseyer/AudioDevelopment/OTTO/JUCE/modules/juce_graphics/juce_graphics.h:67:
In file included from /Users/larryseyer/AudioDevelopment/OTTO/JUCE/modules/juce_core/juce_core.h:215:
/Users/larryseyer/AudioDevelopment/OTTO/JUCE/modules/juce_core/system/juce_StandardHeader.h:56:7: warning: 'DOXYGEN' is not defined, evaluates to 0 [-Wundef]
   56 | #if ! DOXYGEN
      |       ^
In file included from /Users/larryseyer/AudioDevelopment/OTTO/Source/UI/Controls/TouchOptimizedControls.cpp:1:
In file included from /Users/larryseyer/AudioDevelopment/OTTO/Source/UI/Controls/TouchOptimizedControls.h:4:
In file included from /Users/larryseyer/AudioDevelopment/OTTO/Builds/MacOSX/CMake-Release/OTTO_artefacts/JuceLibraryCode/JuceHeader.h:14:
In file included from /Users/larryseyer/AudioDevelopment/OTTO/JUCE/modules/juce_audio_plugin_client/juce_audio_plugin_client.h:63:
In file included from /Users/larryseyer/AudioDevelopment/OTTO/JUCE/modules/juce_gui_basics/juce_gui_basics.h:68:
In file included from /Users/larryseyer/AudioDevelopment/OTTO/JUCE/modules/juce_graphics/juce_graphics.h:67:
In file included from /Users/larryseyer/AudioDevelopment/OTTO/JUCE/modules/juce_core/juce_core.h:215:
In file included from /Users/larryseyer/AudioDevelopment/OTTO/JUCE/modules/juce_core/system/juce_StandardHeader.h:93:
/Users/larryseyer/AudioDevelopment/OTTO/JUCE/modules/juce_core/system/juce_CompilerSupport.h:43:5: warning: 'JUCE_GCC' is not defined, evaluates to 0 [-Wundef]
   43 | #if JUCE_GCC
      |     ^
/Users/larryseyer/AudioDevelopment/OTTO/JUCE/modules/juce_core/system/juce_CompilerSupport.h:94:5: warning: 'JUCE_MSVC' is not defined, evaluates to 0 [-Wundef]
   94 | #if JUCE_MSVC
      |     ^
In file included from /Users/larryseyer/AudioDevelopment/OTTO/Source/UI/Controls/TouchOptimizedControls.cpp:1:
In file included from /Users/larryseyer/AudioDevelopment/OTTO/Source/UI/Controls/TouchOptimizedControls.h:4:
In file included from /Users/larryseyer/AudioDevelopment/OTTO/Builds/MacOSX/CMake-Release/OTTO_artefacts/JuceLibraryCode/JuceHeader.h:14:
In file included from /Users/larryseyer/AudioDevelopment/OTTO/JUCE/modules/juce_audio_plugin_client/juce_audio_plugin_client.h:63:
In file included from /Users/larryseyer/AudioDevelopment/OTTO/JUCE/modules/juce_gui_basics/juce_gui_basics.h:68:
In file included from /Users/larryseyer/AudioDevelopment/OTTO/JUCE/modules/juce_graphics/juce_graphics.h:67:
In file included from /Users/larryseyer/AudioDevelopment/OTTO/JUCE/modules/juce_core/juce_core.h:215:
In file included from /Users/larryseyer/AudioDevelopment/OTTO/JUCE/modules/juce_core/system/juce_StandardHeader.h:94:
/Users/larryseyer/AudioDevelopment/OTTO/JUCE/modules/juce_core/system/juce_CompilerWarnings.h:221:5: warning: 'JUCE_MSVC' is not defined, evaluates to 0 [-Wundef]
  221 | #if JUCE_MSVC
      |     ^
In file included from /Users/larryseyer/AudioDevelopment/OTTO/Source/UI/Controls/TouchOptimizedControls.cpp:1:
In file included from /Users/larryseyer/AudioDevelopment/OTTO/Source/UI/Controls/TouchOptimizedControls.h:4:
In file included from /Users/larryseyer/AudioDevelopment/OTTO/Builds/MacOSX/CMake-Release/OTTO_artefacts/JuceLibraryCode/JuceHeader.h:14:
In file included from /Users/larryseyer/AudioDevelopment/OTTO/JUCE/modules/juce_audio_plugin_client/juce_audio_plugin_client.h:63:
In file included from /Users/larryseyer/AudioDevelopment/OTTO/JUCE/modules/juce_gui_basics/juce_gui_basics.h:68:
In file included from /Users/larryseyer/AudioDevelopment/OTTO/JUCE/modules/juce_graphics/juce_graphics.h:67:
In file included from /Users/larryseyer/AudioDevelopment/OTTO/JUCE/modules/juce_core/juce_core.h:215:
In file included from /Users/larryseyer/AudioDevelopment/OTTO/JUCE/modules/juce_core/system/juce_StandardHeader.h:95:
/Users/larryseyer/AudioDevelopment/OTTO/JUCE/modules/juce_core/system/juce_PlatformDefs.h:54:5: warning: 'JUCE_WINDOWS' is not defined, evaluates to 0 [-Wundef]
   54 | #if JUCE_WINDOWS
      |     ^
/Users/larryseyer/AudioDevelopment/OTTO/JUCE/modules/juce_core/system/juce_PlatformDefs.h:66:29: warning: 'JUCE_DEBUG' is not defined, evaluates to 0 [-Wundef]
   66 |  #if JUCE_LOG_ASSERTIONS || JUCE_DEBUG
      |                             ^
/Users/larryseyer/AudioDevelopment/OTTO/JUCE/modules/juce_core/system/juce_PlatformDefs.h:74:5: warning: 'JUCE_IOS' is not defined, evaluates to 0 [-Wundef]
   74 | #if JUCE_IOS || JUCE_LINUX || JUCE_BSD
      |     ^
/Users/larryseyer/AudioDevelopment/OTTO/JUCE/modules/juce_core/system/juce_PlatformDefs.h:74:17: warning: 'JUCE_LINUX' is not defined, evaluates to 0 [-Wundef]
   74 | #if JUCE_IOS || JUCE_LINUX || JUCE_BSD
      |                 ^
/Users/larryseyer/AudioDevelopment/OTTO/JUCE/modules/juce_core/system/juce_PlatformDefs.h:74:31: warning: 'JUCE_BSD' is not defined, evaluates to 0 [-Wundef]
   74 | #if JUCE_IOS || JUCE_LINUX || JUCE_BSD
      |                               ^
/Users/larryseyer/AudioDevelopment/OTTO/JUCE/modules/juce_core/system/juce_PlatformDefs.h:81:7: warning: 'JUCE_MSVC' is not defined, evaluates to 0 [-Wundef]
   81 | #elif JUCE_MSVC
      |       ^
/Users/larryseyer/AudioDevelopment/OTTO/JUCE/modules/juce_core/system/juce_PlatformDefs.h:86:7: warning: 'JUCE_INTEL' is not defined, evaluates to 0 [-Wundef]
   86 | #elif JUCE_INTEL && (JUCE_GCC || JUCE_CLANG || JUCE_MAC)
      |       ^
/Users/larryseyer/AudioDevelopment/OTTO/JUCE/modules/juce_core/system/juce_PlatformDefs.h:132:5: warning: 'JUCE_MSVC' is not defined, evaluates to 0 [-Wundef]
  132 | #if JUCE_MSVC && ! defined (DOXYGEN)
      |     ^
/Users/larryseyer/AudioDevelopment/OTTO/JUCE/modules/juce_core/system/juce_PlatformDefs.h:146:6: warning: 'JUCE_DEBUG' is not defined, evaluates to 0 [-Wundef]
  146 | #if (JUCE_DEBUG && ! JUCE_DISABLE_ASSERTIONS) || DOXYGEN
      |      ^
/Users/larryseyer/AudioDevelopment/OTTO/JUCE/modules/juce_core/system/juce_PlatformDefs.h:146:50: warning: 'DOXYGEN' is not defined, evaluates to 0 [-Wundef]
  146 | #if (JUCE_DEBUG && ! JUCE_DISABLE_ASSERTIONS) || DOXYGEN
      |                                                  ^
/Users/larryseyer/AudioDevelopment/OTTO/JUCE/modules/juce_core/system/juce_PlatformDefs.h:272:5: warning: 'JUCE_MSVC' is not defined, evaluates to 0 [-Wundef]
  272 | #if JUCE_MSVC && ! defined (DOXYGEN)
      |     ^
/Users/larryseyer/AudioDevelopment/OTTO/JUCE/modules/juce_core/system/juce_PlatformDefs.h:291:5: warning: 'JUCE_DEBUG' is not defined, evaluates to 0 [-Wundef]
  291 | #if JUCE_DEBUG || DOXYGEN
      |     ^
/Users/larryseyer/AudioDevelopment/OTTO/JUCE/modules/juce_core/system/juce_PlatformDefs.h:291:19: warning: 'DOXYGEN' is not defined, evaluates to 0 [-Wundef]
  291 | #if JUCE_DEBUG || DOXYGEN
      |                   ^
/Users/larryseyer/AudioDevelopment/OTTO/JUCE/modules/juce_core/system/juce_PlatformDefs.h:299:7: warning: 'JUCE_MSVC' is not defined, evaluates to 0 [-Wundef]
  299 |   #if JUCE_MSVC
      |       ^
/Users/larryseyer/AudioDevelopment/OTTO/JUCE/modules/juce_core/system/juce_PlatformDefs.h:306:5: warning: 'JUCE_MSVC' is not defined, evaluates to 0 [-Wundef]
  306 | #if JUCE_MSVC || DOXYGEN
      |     ^
/Users/larryseyer/AudioDevelopment/OTTO/JUCE/modules/juce_core/system/juce_PlatformDefs.h:306:18: warning: 'DOXYGEN' is not defined, evaluates to 0 [-Wundef]
  306 | #if JUCE_MSVC || DOXYGEN
      |                  ^
/Users/larryseyer/AudioDevelopment/OTTO/JUCE/modules/juce_core/system/juce_PlatformDefs.h:315:5: warning: 'JUCE_ANDROID' is not defined, evaluates to 0 [-Wundef]
  315 | #if JUCE_ANDROID && ! defined (DOXYGEN)
      |     ^
/Users/larryseyer/AudioDevelopment/OTTO/JUCE/modules/juce_core/system/juce_PlatformDefs.h:324:5: warning: 'JUCE_GCC' is not defined, evaluates to 0 [-Wundef]
  324 | #if JUCE_GCC || JUCE_CLANG
      |     ^
/Users/larryseyer/AudioDevelopment/OTTO/JUCE/modules/juce_core/system/juce_PlatformDefs.h:331:5: warning: 'JUCE_GCC' is not defined, evaluates to 0 [-Wundef]
  331 | #if JUCE_GCC || DOXYGEN
      |     ^
/Users/larryseyer/AudioDevelopment/OTTO/JUCE/modules/juce_core/system/juce_PlatformDefs.h:331:17: warning: 'DOXYGEN' is not defined, evaluates to 0 [-Wundef]
  331 | #if JUCE_GCC || DOXYGEN
      |                 ^
In file included from /Users/larryseyer/AudioDevelopment/OTTO/Source/UI/Controls/TouchOptimizedControls.cpp:1:
In file included from /Users/larryseyer/AudioDevelopment/OTTO/Source/UI/Controls/TouchOptimizedControls.h:4:
In file included from /Users/larryseyer/AudioDevelopment/OTTO/Builds/MacOSX/CMake-Release/OTTO_artefacts/JuceLibraryCode/JuceHeader.h:14:
In file included from /Users/larryseyer/AudioDevelopment/OTTO/JUCE/modules/juce_audio_plugin_client/juce_audio_plugin_client.h:63:
In file included from /Users/larryseyer/AudioDevelopment/OTTO/JUCE/modules/juce_gui_basics/juce_gui_basics.h:68:
In file included from /Users/larryseyer/AudioDevelopment/OTTO/JUCE/modules/juce_graphics/juce_graphics.h:67:
In file included from /Users/larryseyer/AudioDevelopment/OTTO/JUCE/modules/juce_core/juce_core.h:215:
/Users/larryseyer/AudioDevelopment/OTTO/JUCE/modules/juce_core/system/juce_StandardHeader.h:101:5: warning: 'JUCE_MSVC' is not defined, evaluates to 0 [-Wundef]
  101 | #if JUCE_MSVC
      |     ^
/Users/larryseyer/AudioDevelopment/OTTO/JUCE/modules/juce_core/system/juce_StandardHeader.h:113:5: warning: 'JUCE_LINUX' is not defined, evaluates to 0 [-Wundef]
  113 | #if JUCE_LINUX || JUCE_BSD
      |     ^
/Users/larryseyer/AudioDevelopment/OTTO/JUCE/modules/juce_core/system/juce_StandardHeader.h:113:19: warning: 'JUCE_BSD' is not defined, evaluates to 0 [-Wundef]
  113 | #if JUCE_LINUX || JUCE_BSD
      |                   ^
/Users/larryseyer/AudioDevelopment/OTTO/JUCE/modules/juce_core/system/juce_StandardHeader.h:126:5: warning: 'JUCE_MSVC' is not defined, evaluates to 0 [-Wundef]
  126 | #if JUCE_MSVC && JUCE_DEBUG
      |     ^
/Users/larryseyer/AudioDevelopment/OTTO/JUCE/modules/juce_core/system/juce_StandardHeader.h:132:5: warning: 'JUCE_ANDROID' is not defined, evaluates to 0 [-Wundef]
  132 | #if JUCE_ANDROID
      |     ^
/Users/larryseyer/AudioDevelopment/OTTO/JUCE/modules/juce_core/system/juce_StandardHeader.h:147:5: warning: 'JUCE_MSVC' is not defined, evaluates to 0 [-Wundef]
  147 | #if JUCE_MSVC
      |     ^
/Users/larryseyer/AudioDevelopment/OTTO/JUCE/modules/juce_core/system/juce_StandardHeader.h:167:5: warning: 'JUCE_MSVC' is not defined, evaluates to 0 [-Wundef]
  167 | #if JUCE_MSVC && JUCE_DLL_BUILD
      |     ^
In file included from /Users/larryseyer/AudioDevelopment/OTTO/Source/UI/Controls/TouchOptimizedControls.cpp:1:
In file included from /Users/larryseyer/AudioDevelopment/OTTO/Source/UI/Controls/TouchOptimizedControls.h:4:
In file included from /Users/larryseyer/AudioDevelopment/OTTO/Builds/MacOSX/CMake-Release/OTTO_artefacts/JuceLibraryCode/JuceHeader.h:14:
In file included from /Users/larryseyer/AudioDevelopment/OTTO/JUCE/modules/juce_audio_plugin_client/juce_audio_plugin_client.h:63:
In file included from /Users/larryseyer/AudioDevelopment/OTTO/JUCE/modules/juce_gui_basics/juce_gui_basics.h:68:
In file included from /Users/larryseyer/AudioDevelopment/OTTO/JUCE/modules/juce_graphics/juce_graphics.h:67:
In file included from /Users/larryseyer/AudioDevelopment/OTTO/JUCE/modules/juce_core/juce_core.h:239:
/Users/larryseyer/AudioDevelopment/OTTO/JUCE/modules/juce_core/memory/juce_Memory.h:165:59: warning: 'DOXYGEN' is not defined, evaluates to 0 [-Wundef]
  165 | #if (JUCE_COMPILER_SUPPORTS_ARC && defined (__OBJC__)) || DOXYGEN
      |                                                           ^
/Users/larryseyer/AudioDevelopment/OTTO/JUCE/modules/juce_core/memory/juce_Memory.h:181:5: warning: 'JUCE_MSVC' is not defined, evaluates to 0 [-Wundef]
  181 | #if JUCE_MSVC && (defined (JUCE_DLL) || defined (JUCE_DLL_BUILD)) && ! (JUCE_DISABLE_DLL_ALLOCATORS || DOXYGEN)
      |     ^
In file included from /Users/larryseyer/AudioDevelopment/OTTO/Source/UI/Controls/TouchOptimizedControls.cpp:1:
In file included from /Users/larryseyer/AudioDevelopment/OTTO/Source/UI/Controls/TouchOptimizedControls.h:4:
In file included from /Users/larryseyer/AudioDevelopment/OTTO/Builds/MacOSX/CMake-Release/OTTO_artefacts/JuceLibraryCode/JuceHeader.h:14:
In file included from /Users/larryseyer/AudioDevelopment/OTTO/JUCE/modules/juce_audio_plugin_client/juce_audio_plugin_client.h:63:
In file included from /Users/larryseyer/AudioDevelopment/OTTO/JUCE/modules/juce_gui_basics/juce_gui_basics.h:68:
In file included from /Users/larryseyer/AudioDevelopment/OTTO/JUCE/modules/juce_graphics/juce_graphics.h:67:
In file included from /Users/larryseyer/AudioDevelopment/OTTO/JUCE/modules/juce_core/juce_core.h:240:
/Users/larryseyer/AudioDevelopment/OTTO/JUCE/modules/juce_core/maths/juce_MathsFunctions.h:59:5: warning: 'JUCE_MSVC' is not defined, evaluates to 0 [-Wundef]
   59 | #if JUCE_MSVC
      |     ^
/Users/larryseyer/AudioDevelopment/OTTO/JUCE/modules/juce_core/maths/juce_MathsFunctions.h:97:5: warning: 'JUCE_WINDOWS' is not defined, evaluates to 0 [-Wundef]
   97 | #if JUCE_WINDOWS
      |     ^
/Users/larryseyer/AudioDevelopment/OTTO/JUCE/modules/juce_core/maths/juce_MathsFunctions.h:125:8: warning: 'JUCE_MSVC' is not defined, evaluates to 0 [-Wundef]
  125 |    #if JUCE_MSVC
      |        ^
/Users/larryseyer/AudioDevelopment/OTTO/JUCE/modules/juce_core/maths/juce_MathsFunctions.h:136:8: warning: 'JUCE_MSVC' is not defined, evaluates to 0 [-Wundef]
  136 |    #if JUCE_MSVC
      |        ^
/Users/larryseyer/AudioDevelopment/OTTO/JUCE/modules/juce_core/maths/juce_MathsFunctions.h:579:5: warning: 'JUCE_MSVC' is not defined, evaluates to 0 [-Wundef]
  579 | #if JUCE_MSVC
      |     ^
/Users/larryseyer/AudioDevelopment/OTTO/JUCE/modules/juce_core/maths/juce_MathsFunctions.h:606:8: warning: 'JUCE_BIG_ENDIAN' is not defined, evaluates to 0 [-Wundef]
  606 |    #if JUCE_BIG_ENDIAN
      |        ^
/Users/larryseyer/AudioDevelopment/OTTO/JUCE/modules/juce_core/maths/juce_MathsFunctions.h:618:5: warning: 'JUCE_MSVC' is not defined, evaluates to 0 [-Wundef]
  618 | #if JUCE_MSVC
      |     ^
/Users/larryseyer/AudioDevelopment/OTTO/JUCE/modules/juce_core/maths/juce_MathsFunctions.h:738:5: warning: 'JUCE_INTEL' is not defined, evaluates to 0 [-Wundef]
  738 | #if JUCE_INTEL || DOXYGEN
      |     ^
/Users/larryseyer/AudioDevelopment/OTTO/JUCE/modules/juce_core/maths/juce_MathsFunctions.h:738:19: warning: 'DOXYGEN' is not defined, evaluates to 0 [-Wundef]
  738 | #if JUCE_INTEL || DOXYGEN
      |                   ^
In file included from /Users/larryseyer/AudioDevelopment/OTTO/Source/UI/Controls/TouchOptimizedControls.cpp:1:
In file included from /Users/larryseyer/AudioDevelopment/OTTO/Source/UI/Controls/TouchOptimizedControls.h:4:
In file included from /Users/larryseyer/AudioDevelopment/OTTO/Builds/MacOSX/CMake-Release/OTTO_artefacts/JuceLibraryCode/JuceHeader.h:14:
In file included from /Users/larryseyer/AudioDevelopment/OTTO/JUCE/modules/juce_audio_plugin_client/juce_audio_plugin_client.h:63:
In file included from /Users/larryseyer/AudioDevelopment/OTTO/JUCE/modules/juce_gui_basics/juce_gui_basics.h:68:
In file included from /Users/larryseyer/AudioDevelopment/OTTO/JUCE/modules/juce_graphics/juce_graphics.h:67:
In file included from /Users/larryseyer/AudioDevelopment/OTTO/JUCE/modules/juce_core/juce_core.h:241:
/Users/larryseyer/AudioDevelopment/OTTO/JUCE/modules/juce_core/memory/juce_ByteOrder.h:162:5: warning: 'JUCE_MSVC' is not defined, evaluates to 0 [-Wundef]
  162 | #if JUCE_MSVC && ! defined (__INTEL_COMPILER)
      |     ^
In file included from /Users/larryseyer/AudioDevelopment/OTTO/Source/UI/Controls/TouchOptimizedControls.cpp:1:
In file included from /Users/larryseyer/AudioDevelopment/OTTO/Source/UI/Controls/TouchOptimizedControls.h:4:
In file included from /Users/larryseyer/AudioDevelopment/OTTO/Builds/MacOSX/CMake-Release/OTTO_artefacts/JuceLibraryCode/JuceHeader.h:14:
In file included from /Users/larryseyer/AudioDevelopment/OTTO/JUCE/modules/juce_audio_plugin_client/juce_audio_plugin_client.h:63:
In file included from /Users/larryseyer/AudioDevelopment/OTTO/JUCE/modules/juce_gui_basics/juce_gui_basics.h:68:
In file included from /Users/larryseyer/AudioDevelopment/OTTO/JUCE/modules/juce_graphics/juce_graphics.h:67:
In file included from /Users/larryseyer/AudioDevelopment/OTTO/JUCE/modules/juce_core/juce_core.h:243:
/Users/larryseyer/AudioDevelopment/OTTO/JUCE/modules/juce_core/text/juce_CharacterFunctions.h:39:5: warning: 'JUCE_WINDOWS' is not defined, evaluates to 0 [-Wundef]
   39 | #if JUCE_WINDOWS && ! defined (DOXYGEN)
      |     ^
/Users/larryseyer/AudioDevelopment/OTTO/JUCE/modules/juce_core/text/juce_CharacterFunctions.h:64:5: warning: 'JUCE_DEFINE_T_MACRO' is not defined, evaluates to 0 [-Wundef]
   64 | #if JUCE_DEFINE_T_MACRO
      |     ^
/Users/larryseyer/AudioDevelopment/OTTO/JUCE/modules/juce_core/text/juce_CharacterFunctions.h:406:12: warning: 'JUCE_WINDOWS' is not defined, evaluates to 0 [-Wundef]
  406 |        #if JUCE_WINDOWS
      |            ^
/Users/larryseyer/AudioDevelopment/OTTO/JUCE/modules/juce_core/text/juce_CharacterFunctions.h:411:13: warning: 'JUCE_ANDROID' is not defined, evaluates to 0 [-Wundef]
  411 |         #if JUCE_ANDROID
      |             ^
In file included from /Users/larryseyer/AudioDevelopment/OTTO/Source/UI/Controls/TouchOptimizedControls.cpp:1:
In file included from /Users/larryseyer/AudioDevelopment/OTTO/Source/UI/Controls/TouchOptimizedControls.h:4:
In file included from /Users/larryseyer/AudioDevelopment/OTTO/Builds/MacOSX/CMake-Release/OTTO_artefacts/JuceLibraryCode/JuceHeader.h:14:
In file included from /Users/larryseyer/AudioDevelopment/OTTO/JUCE/modules/juce_audio_plugin_client/juce_audio_plugin_client.h:63:
In file included from /Users/larryseyer/AudioDevelopment/OTTO/JUCE/modules/juce_gui_basics/juce_gui_basics.h:68:
In file included from /Users/larryseyer/AudioDevelopment/OTTO/JUCE/modules/juce_graphics/juce_graphics.h:67:
In file included from /Users/larryseyer/AudioDevelopment/OTTO/JUCE/modules/juce_core/juce_core.h:247:
/Users/larryseyer/AudioDevelopment/OTTO/JUCE/modules/juce_core/text/juce_CharPointer_UTF8.h:481:12: warning: 'JUCE_WINDOWS' is not defined, evaluates to 0 [-Wundef]
  481 |        #if JUCE_WINDOWS
      |            ^
In file included from /Users/larryseyer/AudioDevelopment/OTTO/Source/UI/Controls/TouchOptimizedControls.cpp:1:
In file included from /Users/larryseyer/AudioDevelopment/OTTO/Source/UI/Controls/TouchOptimizedControls.h:4:
In file included from /Users/larryseyer/AudioDevelopment/OTTO/Builds/MacOSX/CMake-Release/OTTO_artefacts/JuceLibraryCode/JuceHeader.h:14:
In file included from /Users/larryseyer/AudioDevelopment/OTTO/JUCE/modules/juce_audio_plugin_client/juce_audio_plugin_client.h:63:
In file included from /Users/larryseyer/AudioDevelopment/OTTO/JUCE/modules/juce_gui_basics/juce_gui_basics.h:68:
In file included from /Users/larryseyer/AudioDevelopment/OTTO/JUCE/modules/juce_graphics/juce_graphics.h:67:
In file included from /Users/larryseyer/AudioDevelopment/OTTO/JUCE/modules/juce_core/juce_core.h:248:
/Users/larryseyer/AudioDevelopment/OTTO/JUCE/modules/juce_core/text/juce_CharPointer_UTF16.h:353:8: warning: 'JUCE_MSVC' is not defined, evaluates to 0 [-Wundef]
  353 |    #if JUCE_MSVC && ! defined (DOXYGEN)
      |        ^
/Users/larryseyer/AudioDevelopment/OTTO/JUCE/modules/juce_core/text/juce_CharPointer_UTF16.h:412:12: warning: 'JUCE_MSVC' is not defined, evaluates to 0 [-Wundef]
  412 |        #if JUCE_MSVC
      |            ^
/Users/larryseyer/AudioDevelopment/OTTO/JUCE/modules/juce_core/text/juce_CharPointer_UTF16.h:422:12: warning: 'JUCE_MSVC' is not defined, evaluates to 0 [-Wundef]
  422 |        #if JUCE_MSVC
      |            ^
In file included from /Users/larryseyer/AudioDevelopment/OTTO/Source/UI/Controls/TouchOptimizedControls.cpp:1:
In file included from /Users/larryseyer/AudioDevelopment/OTTO/Source/UI/Controls/TouchOptimizedControls.h:4:
In file included from /Users/larryseyer/AudioDevelopment/OTTO/Builds/MacOSX/CMake-Release/OTTO_artefacts/JuceLibraryCode/JuceHeader.h:14:
In file included from /Users/larryseyer/AudioDevelopment/OTTO/JUCE/modules/juce_audio_plugin_client/juce_audio_plugin_client.h:63:
In file included from /Users/larryseyer/AudioDevelopment/OTTO/JUCE/modules/juce_gui_basics/juce_gui_basics.h:68:
In file included from /Users/larryseyer/AudioDevelopment/OTTO/JUCE/modules/juce_graphics/juce_graphics.h:67:
In file included from /Users/larryseyer/AudioDevelopment/OTTO/JUCE/modules/juce_core/juce_core.h:249:
/Users/larryseyer/AudioDevelopment/OTTO/JUCE/modules/juce_core/text/juce_CharPointer_UTF32.h:166:44: warning: 'JUCE_ANDROID' is not defined, evaluates to 0 [-Wundef]
  166 |        #if JUCE_NATIVE_WCHAR_IS_UTF32 && ! JUCE_ANDROID
      |                                            ^
/Users/larryseyer/AudioDevelopment/OTTO/JUCE/modules/juce_core/text/juce_CharPointer_UTF32.h:266:40: warning: 'JUCE_ANDROID' is not defined, evaluates to 0 [-Wundef]
  266 |    #if JUCE_NATIVE_WCHAR_IS_UTF32 && ! JUCE_ANDROID
      |                                        ^
In file included from /Users/larryseyer/AudioDevelopment/OTTO/Source/UI/Controls/TouchOptimizedControls.cpp:1:
In file included from /Users/larryseyer/AudioDevelopment/OTTO/Source/UI/Controls/TouchOptimizedControls.h:4:
In file included from /Users/larryseyer/AudioDevelopment/OTTO/Builds/MacOSX/CMake-Release/OTTO_artefacts/JuceLibraryCode/JuceHeader.h:14:
In file included from /Users/larryseyer/AudioDevelopment/OTTO/JUCE/modules/juce_audio_plugin_client/juce_audio_plugin_client.h:63:
In file included from /Users/larryseyer/AudioDevelopment/OTTO/JUCE/modules/juce_gui_basics/juce_gui_basics.h:68:
In file included from /Users/larryseyer/AudioDevelopment/OTTO/JUCE/modules/juce_graphics/juce_graphics.h:67:
In file included from /Users/larryseyer/AudioDevelopment/OTTO/JUCE/modules/juce_core/juce_core.h:250:
/Users/larryseyer/AudioDevelopment/OTTO/JUCE/modules/juce_core/text/juce_CharPointer_ASCII.h:278:12: warning: 'JUCE_WINDOWS' is not defined, evaluates to 0 [-Wundef]
  278 |        #if JUCE_WINDOWS && JUCE_CLANG
      |            ^
/Users/larryseyer/AudioDevelopment/OTTO/JUCE/modules/juce_core/text/juce_CharPointer_ASCII.h:280:14: warning: 'JUCE_WINDOWS' is not defined, evaluates to 0 [-Wundef]
  280 |        #elif JUCE_WINDOWS
      |              ^
/Users/larryseyer/AudioDevelopment/OTTO/JUCE/modules/juce_core/text/juce_CharPointer_ASCII.h:348:12: warning: 'JUCE_LINUX' is not defined, evaluates to 0 [-Wundef]
  348 |        #if JUCE_LINUX || JUCE_BSD || JUCE_ANDROID
      |            ^
/Users/larryseyer/AudioDevelopment/OTTO/JUCE/modules/juce_core/text/juce_CharPointer_ASCII.h:348:26: warning: 'JUCE_BSD' is not defined, evaluates to 0 [-Wundef]
  348 |        #if JUCE_LINUX || JUCE_BSD || JUCE_ANDROID
      |                          ^
/Users/larryseyer/AudioDevelopment/OTTO/JUCE/modules/juce_core/text/juce_CharPointer_ASCII.h:348:38: warning: 'JUCE_ANDROID' is not defined, evaluates to 0 [-Wundef]
  348 |        #if JUCE_LINUX || JUCE_BSD || JUCE_ANDROID
      |                                      ^
/Users/larryseyer/AudioDevelopment/OTTO/JUCE/modules/juce_core/text/juce_CharPointer_ASCII.h:350:14: warning: 'JUCE_WINDOWS' is not defined, evaluates to 0 [-Wundef]
  350 |        #elif JUCE_WINDOWS
      |              ^
In file included from /Users/larryseyer/AudioDevelopment/OTTO/Source/UI/Controls/TouchOptimizedControls.cpp:1:
In file included from /Users/larryseyer/AudioDevelopment/OTTO/Source/UI/Controls/TouchOptimizedControls.h:4:
In file included from /Users/larryseyer/AudioDevelopment/OTTO/Builds/MacOSX/CMake-Release/OTTO_artefacts/JuceLibraryCode/JuceHeader.h:14:
In file included from /Users/larryseyer/AudioDevelopment/OTTO/JUCE/modules/juce_audio_plugin_client/juce_audio_plugin_client.h:63:
In file included from /Users/larryseyer/AudioDevelopment/OTTO/JUCE/modules/juce_gui_basics/juce_gui_basics.h:68:
In file included from /Users/larryseyer/AudioDevelopment/OTTO/JUCE/modules/juce_graphics/juce_graphics.h:67:
In file included from /Users/larryseyer/AudioDevelopment/OTTO/JUCE/modules/juce_core/juce_core.h:254:
/Users/larryseyer/AudioDevelopment/OTTO/JUCE/modules/juce_core/text/juce_String.h:198:11: warning: 'DOXYGEN' is not defined, evaluates to 0 [-Wundef]
  198 |    #elif (DOXYGEN || JUCE_STRING_UTF_TYPE == 8)
      |           ^
In file included from /Users/larryseyer/AudioDevelopment/OTTO/Source/UI/Controls/TouchOptimizedControls.cpp:1:
In file included from /Users/larryseyer/AudioDevelopment/OTTO/Source/UI/Controls/TouchOptimizedControls.h:4:
In file included from /Users/larryseyer/AudioDevelopment/OTTO/Builds/MacOSX/CMake-Release/OTTO_artefacts/JuceLibraryCode/JuceHeader.h:14:
In file included from /Users/larryseyer/AudioDevelopment/OTTO/JUCE/modules/juce_audio_plugin_client/juce_audio_plugin_client.h:63:
In file included from /Users/larryseyer/AudioDevelopment/OTTO/JUCE/modules/juce_gui_basics/juce_gui_basics.h:68:
In file included from /Users/larryseyer/AudioDevelopment/OTTO/JUCE/modules/juce_graphics/juce_graphics.h:67:
In file included from /Users/larryseyer/AudioDevelopment/OTTO/JUCE/modules/juce_core/juce_core.h:257:
/Users/larryseyer/AudioDevelopment/OTTO/JUCE/modules/juce_core/memory/juce_LeakedObjectDetector.h:124:5: warning: 'DOXYGEN' is not defined, evaluates to 0 [-Wundef]
  124 | #if DOXYGEN || ! defined (JUCE_LEAK_DETECTOR)
      |     ^
/Users/larryseyer/AudioDevelopment/OTTO/JUCE/modules/juce_core/memory/juce_LeakedObjectDetector.h:125:7: warning: 'DOXYGEN' is not defined, evaluates to 0 [-Wundef]
  125 |  #if (DOXYGEN || JUCE_CHECK_MEMORY_LEAKS)
      |       ^
In file included from /Users/larryseyer/AudioDevelopment/OTTO/Source/UI/Controls/TouchOptimizedControls.cpp:1:
In file included from /Users/larryseyer/AudioDevelopment/OTTO/Source/UI/Controls/TouchOptimizedControls.h:4:
In file included from /Users/larryseyer/AudioDevelopment/OTTO/Builds/MacOSX/CMake-Release/OTTO_artefacts/JuceLibraryCode/JuceHeader.h:14:
In file included from /Users/larryseyer/AudioDevelopment/OTTO/JUCE/modules/juce_audio_plugin_client/juce_audio_plugin_client.h:63:
In file included from /Users/larryseyer/AudioDevelopment/OTTO/JUCE/modules/juce_gui_basics/juce_gui_basics.h:68:
In file included from /Users/larryseyer/AudioDevelopment/OTTO/JUCE/modules/juce_graphics/juce_graphics.h:67:
In file included from /Users/larryseyer/AudioDevelopment/OTTO/JUCE/modules/juce_core/juce_core.h:259:
/Users/larryseyer/AudioDevelopment/OTTO/JUCE/modules/juce_core/memory/juce_HeapBlock.h:38:8: warning: 'DOXYGEN' is not defined, evaluates to 0 [-Wundef]
   38 | #if ! (DOXYGEN || JUCE_EXCEPTIONS_DISABLED)
      |        ^
/Users/larryseyer/AudioDevelopment/OTTO/JUCE/modules/juce_core/memory/juce_HeapBlock.h:38:19: warning: 'JUCE_EXCEPTIONS_DISABLED' is not defined, evaluates to 0 [-Wundef]
   38 | #if ! (DOXYGEN || JUCE_EXCEPTIONS_DISABLED)
      |                   ^
/Users/larryseyer/AudioDevelopment/OTTO/JUCE/modules/juce_core/memory/juce_HeapBlock.h:343:12: warning: 'JUCE_EXCEPTIONS_DISABLED' is not defined, evaluates to 0 [-Wundef]
  343 |        #if JUCE_EXCEPTIONS_DISABLED
      |            ^
In file included from /Users/larryseyer/AudioDevelopment/OTTO/Source/UI/Controls/TouchOptimizedControls.cpp:1:
In file included from /Users/larryseyer/AudioDevelopment/OTTO/Source/UI/Controls/TouchOptimizedControls.h:4:
In file included from /Users/larryseyer/AudioDevelopment/OTTO/Builds/MacOSX/CMake-Release/OTTO_artefacts/JuceLibraryCode/JuceHeader.h:14:
In file included from /Users/larryseyer/AudioDevelopment/OTTO/JUCE/modules/juce_audio_plugin_client/juce_audio_plugin_client.h:63:
In file included from /Users/larryseyer/AudioDevelopment/OTTO/JUCE/modules/juce_gui_basics/juce_gui_basics.h:68:
In file included from /Users/larryseyer/AudioDevelopment/OTTO/JUCE/modules/juce_graphics/juce_graphics.h:67:
In file included from /Users/larryseyer/AudioDevelopment/OTTO/JUCE/modules/juce_core/juce_core.h:263:
/Users/larryseyer/AudioDevelopment/OTTO/JUCE/modules/juce_core/memory/juce_ScopedPointer.h:151:10: warning: 'JUCE_MSVC' is not defined, evaluates to 0 [-Wundef]
  151 |    #if ! JUCE_MSVC  // (MSVC can't deal with multiple copy constructors)
      |          ^
In file included from /Users/larryseyer/AudioDevelopment/OTTO/Source/UI/Controls/TouchOptimizedControls.cpp:1:
In file included from /Users/larryseyer/AudioDevelopment/OTTO/Source/UI/Controls/TouchOptimizedControls.h:4:
In file included from /Users/larryseyer/AudioDevelopment/OTTO/Builds/MacOSX/CMake-Release/OTTO_artefacts/JuceLibraryCode/JuceHeader.h:14:
In file included from /Users/larryseyer/AudioDevelopment/OTTO/JUCE/modules/juce_audio_plugin_client/juce_audio_plugin_client.h:63:
In file included from /Users/larryseyer/AudioDevelopment/OTTO/JUCE/modules/juce_gui_basics/juce_gui_basics.h:68:
In file included from /Users/larryseyer/AudioDevelopment/OTTO/JUCE/modules/juce_graphics/juce_graphics.h:67:
In file included from /Users/larryseyer/AudioDevelopment/OTTO/JUCE/modules/juce_core/juce_core.h:271:
/Users/larryseyer/AudioDevelopment/OTTO/JUCE/modules/juce_core/threads/juce_CriticalSection.h:116:8: warning: 'JUCE_WINDOWS' is not defined, evaluates to 0 [-Wundef]
  116 |    #if JUCE_WINDOWS
      |        ^
In file included from /Users/larryseyer/AudioDevelopment/OTTO/Source/UI/Controls/TouchOptimizedControls.cpp:1:
In file included from /Users/larryseyer/AudioDevelopment/OTTO/Source/UI/Controls/TouchOptimizedControls.h:4:
In file included from /Users/larryseyer/AudioDevelopment/OTTO/Builds/MacOSX/CMake-Release/OTTO_artefacts/JuceLibraryCode/JuceHeader.h:14:
In file included from /Users/larryseyer/AudioDevelopment/OTTO/JUCE/modules/juce_audio_plugin_client/juce_audio_plugin_client.h:63:
In file included from /Users/larryseyer/AudioDevelopment/OTTO/JUCE/modules/juce_gui_basics/juce_gui_basics.h:68:
In file included from /Users/larryseyer/AudioDevelopment/OTTO/JUCE/modules/juce_graphics/juce_graphics.h:67:
In file included from /Users/larryseyer/AudioDevelopment/OTTO/JUCE/modules/juce_core/juce_core.h:293:
/Users/larryseyer/AudioDevelopment/OTTO/JUCE/modules/juce_core/memory/juce_HeavyweightLeakedObjectDetector.h:123:5: warning: 'DOXYGEN' is not defined, evaluates to 0 [-Wundef]
  123 | #if DOXYGEN || ! defined (JUCE_HEAVYWEIGHT_LEAK_DETECTOR)
      |     ^
/Users/larryseyer/AudioDevelopment/OTTO/JUCE/modules/juce_core/memory/juce_HeavyweightLeakedObjectDetector.h:124:7: warning: 'DOXYGEN' is not defined, evaluates to 0 [-Wundef]
  124 |  #if (DOXYGEN || JUCE_CHECK_MEMORY_LEAKS)
      |       ^
In file included from /Users/larryseyer/AudioDevelopment/OTTO/Source/UI/Controls/TouchOptimizedControls.cpp:1:
In file included from /Users/larryseyer/AudioDevelopment/OTTO/Source/UI/Controls/TouchOptimizedControls.h:4:
In file included from /Users/larryseyer/AudioDevelopment/OTTO/Builds/MacOSX/CMake-Release/OTTO_artefacts/JuceLibraryCode/JuceHeader.h:14:
In file included from /Users/larryseyer/AudioDevelopment/OTTO/JUCE/modules/juce_audio_plugin_client/juce_audio_plugin_client.h:63:
In file included from /Users/larryseyer/AudioDevelopment/OTTO/JUCE/modules/juce_gui_basics/juce_gui_basics.h:68:
In file included from /Users/larryseyer/AudioDevelopment/OTTO/JUCE/modules/juce_graphics/juce_graphics.h:67:
In file included from /Users/larryseyer/AudioDevelopment/OTTO/JUCE/modules/juce_core/juce_core.h:318:
/Users/larryseyer/AudioDevelopment/OTTO/JUCE/modules/juce_core/files/juce_File.h:38:7: warning: 'DOXYGEN' is not defined, evaluates to 0 [-Wundef]
   38 | #if ! DOXYGEN && (JUCE_MAC || JUCE_IOS)
      |       ^
/Users/larryseyer/AudioDevelopment/OTTO/JUCE/modules/juce_core/files/juce_File.h:970:12: warning: 'JUCE_WINDOWS' is not defined, evaluates to 0 [-Wundef]
  970 |        #if JUCE_WINDOWS || DOXYGEN
      |            ^
/Users/larryseyer/AudioDevelopment/OTTO/JUCE/modules/juce_core/files/juce_File.h:970:28: warning: 'DOXYGEN' is not defined, evaluates to 0 [-Wundef]
  970 |        #if JUCE_WINDOWS || DOXYGEN
      |                            ^
/Users/larryseyer/AudioDevelopment/OTTO/JUCE/modules/juce_core/files/juce_File.h:981:12: warning: 'JUCE_WINDOWS' is not defined, evaluates to 0 [-Wundef]
  981 |        #if JUCE_WINDOWS || DOXYGEN
      |            ^
/Users/larryseyer/AudioDevelopment/OTTO/JUCE/modules/juce_core/files/juce_File.h:981:28: warning: 'DOXYGEN' is not defined, evaluates to 0 [-Wundef]
  981 |        #if JUCE_WINDOWS || DOXYGEN
      |                            ^
/Users/larryseyer/AudioDevelopment/OTTO/JUCE/modules/juce_core/files/juce_File.h:1100:8: warning: 'JUCE_WINDOWS' is not defined, evaluates to 0 [-Wundef]
 1100 |    #if JUCE_WINDOWS || DOXYGEN
      |        ^
/Users/larryseyer/AudioDevelopment/OTTO/JUCE/modules/juce_core/files/juce_File.h:1100:24: warning: 'DOXYGEN' is not defined, evaluates to 0 [-Wundef]
 1100 |    #if JUCE_WINDOWS || DOXYGEN
      |                        ^
/Users/larryseyer/AudioDevelopment/OTTO/JUCE/modules/juce_core/files/juce_File.h:1146:16: warning: 'NAMES_ARE_CASE_SENSITIVE' is not defined, evaluates to 0 [-Wundef]
 1146 |            #if NAMES_ARE_CASE_SENSITIVE
      |                ^
In file included from /Users/larryseyer/AudioDevelopment/OTTO/Source/UI/Controls/TouchOptimizedControls.cpp:1:
In file included from /Users/larryseyer/AudioDevelopment/OTTO/Source/UI/Controls/TouchOptimizedControls.h:4:
In file included from /Users/larryseyer/AudioDevelopment/OTTO/Builds/MacOSX/CMake-Release/OTTO_artefacts/JuceLibraryCode/JuceHeader.h:14:
In file included from /Users/larryseyer/AudioDevelopment/OTTO/JUCE/modules/juce_audio_plugin_client/juce_audio_plugin_client.h:63:
In file included from /Users/larryseyer/AudioDevelopment/OTTO/JUCE/modules/juce_gui_basics/juce_gui_basics.h:68:
In file included from /Users/larryseyer/AudioDevelopment/OTTO/JUCE/modules/juce_graphics/juce_graphics.h:67:
In file included from /Users/larryseyer/AudioDevelopment/OTTO/JUCE/modules/juce_core/juce_core.h:321:
/Users/larryseyer/AudioDevelopment/OTTO/JUCE/modules/juce_core/detail/juce_NativeFileHandle.h:38:5: warning: 'JUCE_WINDOWS' is not defined, evaluates to 0 [-Wundef]
   38 | #if JUCE_WINDOWS
      |     ^
In file included from /Users/larryseyer/AudioDevelopment/OTTO/Source/UI/Controls/TouchOptimizedControls.cpp:1:
In file included from /Users/larryseyer/AudioDevelopment/OTTO/Source/UI/Controls/TouchOptimizedControls.h:4:
In file included from /Users/larryseyer/AudioDevelopment/OTTO/Builds/MacOSX/CMake-Release/OTTO_artefacts/JuceLibraryCode/JuceHeader.h:14:
In file included from /Users/larryseyer/AudioDevelopment/OTTO/JUCE/modules/juce_audio_plugin_client/juce_audio_plugin_client.h:63:
In file included from /Users/larryseyer/AudioDevelopment/OTTO/JUCE/modules/juce_gui_basics/juce_gui_basics.h:68:
In file included from /Users/larryseyer/AudioDevelopment/OTTO/JUCE/modules/juce_graphics/juce_graphics.h:67:
In file included from /Users/larryseyer/AudioDevelopment/OTTO/JUCE/modules/juce_core/juce_core.h:325:
/Users/larryseyer/AudioDevelopment/OTTO/JUCE/modules/juce_core/files/juce_MemoryMappedFile.h:116:8: warning: 'JUCE_WINDOWS' is not defined, evaluates to 0 [-Wundef]
  116 |    #if JUCE_WINDOWS
      |        ^
In file included from /Users/larryseyer/AudioDevelopment/OTTO/Source/UI/Controls/TouchOptimizedControls.cpp:1:
In file included from /Users/larryseyer/AudioDevelopment/OTTO/Source/UI/Controls/TouchOptimizedControls.h:4:
In file included from /Users/larryseyer/AudioDevelopment/OTTO/Builds/MacOSX/CMake-Release/OTTO_artefacts/JuceLibraryCode/JuceHeader.h:14:
In file included from /Users/larryseyer/AudioDevelopment/OTTO/JUCE/modules/juce_audio_plugin_client/juce_audio_plugin_client.h:63:
In file included from /Users/larryseyer/AudioDevelopment/OTTO/JUCE/modules/juce_gui_basics/juce_gui_basics.h:68:
In file included from /Users/larryseyer/AudioDevelopment/OTTO/JUCE/modules/juce_graphics/juce_graphics.h:67:
In file included from /Users/larryseyer/AudioDevelopment/OTTO/JUCE/modules/juce_core/juce_core.h:338:
/Users/larryseyer/AudioDevelopment/OTTO/JUCE/modules/juce_core/misc/juce_WindowsRegistry.h:38:5: warning: 'JUCE_WINDOWS' is not defined, evaluates to 0 [-Wundef]
   38 | #if JUCE_WINDOWS || DOXYGEN
      |     ^
/Users/larryseyer/AudioDevelopment/OTTO/JUCE/modules/juce_core/misc/juce_WindowsRegistry.h:38:21: warning: 'DOXYGEN' is not defined, evaluates to 0 [-Wundef]
   38 | #if JUCE_WINDOWS || DOXYGEN
      |                     ^
In file included from /Users/larryseyer/AudioDevelopment/OTTO/Source/UI/Controls/TouchOptimizedControls.cpp:1:
In file included from /Users/larryseyer/AudioDevelopment/OTTO/Source/UI/Controls/TouchOptimizedControls.h:4:
In file included from /Users/larryseyer/AudioDevelopment/OTTO/Builds/MacOSX/CMake-Release/OTTO_artefacts/JuceLibraryCode/JuceHeader.h:14:
In file included from /Users/larryseyer/AudioDevelopment/OTTO/JUCE/modules/juce_audio_plugin_client/juce_audio_plugin_client.h:63:
In file included from /Users/larryseyer/AudioDevelopment/OTTO/JUCE/modules/juce_gui_basics/juce_gui_basics.h:68:
In file included from /Users/larryseyer/AudioDevelopment/OTTO/JUCE/modules/juce_graphics/juce_graphics.h:67:
In file included from /Users/larryseyer/AudioDevelopment/OTTO/JUCE/modules/juce_core/juce_core.h:342:
/Users/larryseyer/AudioDevelopment/OTTO/JUCE/modules/juce_core/threads/juce_Process.h:122:8: warning: 'JUCE_WINDOWS' is not defined, evaluates to 0 [-Wundef]
  122 |    #if JUCE_WINDOWS || DOXYGEN
      |        ^
/Users/larryseyer/AudioDevelopment/OTTO/JUCE/modules/juce_core/threads/juce_Process.h:122:24: warning: 'DOXYGEN' is not defined, evaluates to 0 [-Wundef]
  122 |    #if JUCE_WINDOWS || DOXYGEN
      |                        ^
In file included from /Users/larryseyer/AudioDevelopment/OTTO/Source/UI/Controls/TouchOptimizedControls.cpp:1:
In file included from /Users/larryseyer/AudioDevelopment/OTTO/Source/UI/Controls/TouchOptimizedControls.h:4:
In file included from /Users/larryseyer/AudioDevelopment/OTTO/Builds/MacOSX/CMake-Release/OTTO_artefacts/JuceLibraryCode/JuceHeader.h:14:
In file included from /Users/larryseyer/AudioDevelopment/OTTO/JUCE/modules/juce_audio_plugin_client/juce_audio_plugin_client.h:63:
In file included from /Users/larryseyer/AudioDevelopment/OTTO/JUCE/modules/juce_gui_basics/juce_gui_basics.h:68:
In file included from /Users/larryseyer/AudioDevelopment/OTTO/JUCE/modules/juce_graphics/juce_graphics.h:67:
In file included from /Users/larryseyer/AudioDevelopment/OTTO/JUCE/modules/juce_core/juce_core.h:345:
/Users/larryseyer/AudioDevelopment/OTTO/JUCE/modules/juce_core/threads/juce_Thread.h:526:8: warning: 'JUCE_ANDROID' is not defined, evaluates to 0 [-Wundef]
  526 |    #if JUCE_ANDROID || DOXYGEN
      |        ^
/Users/larryseyer/AudioDevelopment/OTTO/JUCE/modules/juce_core/threads/juce_Thread.h:526:24: warning: 'DOXYGEN' is not defined, evaluates to 0 [-Wundef]
  526 |    #if JUCE_ANDROID || DOXYGEN
      |                        ^
/Users/larryseyer/AudioDevelopment/OTTO/JUCE/modules/juce_core/threads/juce_Thread.h:607:8: warning: 'JUCE_ANDROID' is not defined, evaluates to 0 [-Wundef]
  607 |    #if JUCE_ANDROID || JUCE_LINUX || JUCE_BSD
      |        ^
/Users/larryseyer/AudioDevelopment/OTTO/JUCE/modules/juce_core/threads/juce_Thread.h:607:24: warning: 'JUCE_LINUX' is not defined, evaluates to 0 [-Wundef]
  607 |    #if JUCE_ANDROID || JUCE_LINUX || JUCE_BSD
      |                        ^
/Users/larryseyer/AudioDevelopment/OTTO/JUCE/modules/juce_core/threads/juce_Thread.h:607:38: warning: 'JUCE_BSD' is not defined, evaluates to 0 [-Wundef]
  607 |    #if JUCE_ANDROID || JUCE_LINUX || JUCE_BSD
      |                                      ^
In file included from /Users/larryseyer/AudioDevelopment/OTTO/Source/UI/Controls/TouchOptimizedControls.cpp:1:
In file included from /Users/larryseyer/AudioDevelopment/OTTO/Source/UI/Controls/TouchOptimizedControls.h:4:
In file included from /Users/larryseyer/AudioDevelopment/OTTO/Builds/MacOSX/CMake-Release/OTTO_artefacts/JuceLibraryCode/JuceHeader.h:14:
In file included from /Users/larryseyer/AudioDevelopment/OTTO/JUCE/modules/juce_audio_plugin_client/juce_audio_plugin_client.h:63:
In file included from /Users/larryseyer/AudioDevelopment/OTTO/JUCE/modules/juce_gui_basics/juce_gui_basics.h:68:
In file included from /Users/larryseyer/AudioDevelopment/OTTO/JUCE/modules/juce_graphics/juce_graphics.h:67:
In file included from /Users/larryseyer/AudioDevelopment/OTTO/JUCE/modules/juce_core/juce_core.h:357:
/Users/larryseyer/AudioDevelopment/OTTO/JUCE/modules/juce_core/network/juce_URL.h:567:12: warning: 'JUCE_IOS' is not defined, evaluates to 0 [-Wundef]
  567 |        #if JUCE_IOS
      |            ^
/Users/larryseyer/AudioDevelopment/OTTO/JUCE/modules/juce_core/network/juce_URL.h:708:8: warning: 'JUCE_IOS' is not defined, evaluates to 0 [-Wundef]
  708 |    #if JUCE_IOS
      |        ^
In file included from /Users/larryseyer/AudioDevelopment/OTTO/Source/UI/Controls/TouchOptimizedControls.cpp:1:
In file included from /Users/larryseyer/AudioDevelopment/OTTO/Source/UI/Controls/TouchOptimizedControls.h:4:
In file included from /Users/larryseyer/AudioDevelopment/OTTO/Builds/MacOSX/CMake-Release/OTTO_artefacts/JuceLibraryCode/JuceHeader.h:14:
In file included from /Users/larryseyer/AudioDevelopment/OTTO/JUCE/modules/juce_audio_plugin_client/juce_audio_plugin_client.h:63:
In file included from /Users/larryseyer/AudioDevelopment/OTTO/JUCE/modules/juce_gui_basics/juce_gui_basics.h:68:
In file included from /Users/larryseyer/AudioDevelopment/OTTO/JUCE/modules/juce_graphics/juce_graphics.h:67:
In file included from /Users/larryseyer/AudioDevelopment/OTTO/JUCE/modules/juce_core/juce_core.h:366:
/Users/larryseyer/AudioDevelopment/OTTO/JUCE/modules/juce_core/zip/juce_ZipFile.h:280:8: warning: 'JUCE_DEBUG' is not defined, evaluates to 0 [-Wundef]
  280 |    #if JUCE_DEBUG
      |        ^
In file included from /Users/larryseyer/AudioDevelopment/OTTO/Source/UI/Controls/TouchOptimizedControls.cpp:1:
In file included from /Users/larryseyer/AudioDevelopment/OTTO/Source/UI/Controls/TouchOptimizedControls.h:4:
In file included from /Users/larryseyer/AudioDevelopment/OTTO/Builds/MacOSX/CMake-Release/OTTO_artefacts/JuceLibraryCode/JuceHeader.h:14:
In file included from /Users/larryseyer/AudioDevelopment/OTTO/JUCE/modules/juce_audio_plugin_client/juce_audio_plugin_client.h:63:
In file included from /Users/larryseyer/AudioDevelopment/OTTO/JUCE/modules/juce_gui_basics/juce_gui_basics.h:68:
In file included from /Users/larryseyer/AudioDevelopment/OTTO/JUCE/modules/juce_graphics/juce_graphics.h:67:
/Users/larryseyer/AudioDevelopment/OTTO/JUCE/modules/juce_core/juce_core.h:378:5: warning: 'JUCE_CORE_INCLUDE_OBJC_HELPERS' is not defined, evaluates to 0 [-Wundef]
  378 | #if JUCE_CORE_INCLUDE_OBJC_HELPERS && (JUCE_MAC || JUCE_IOS)
      |     ^
/Users/larryseyer/AudioDevelopment/OTTO/JUCE/modules/juce_core/juce_core.h:383:5: warning: 'JUCE_CORE_INCLUDE_COM_SMART_PTR' is not defined, evaluates to 0 [-Wundef]
  383 | #if JUCE_CORE_INCLUDE_COM_SMART_PTR && JUCE_WINDOWS
      |     ^
/Users/larryseyer/AudioDevelopment/OTTO/JUCE/modules/juce_core/juce_core.h:387:5: warning: 'JUCE_CORE_INCLUDE_JNI_HELPERS' is not defined, evaluates to 0 [-Wundef]
  387 | #if JUCE_CORE_INCLUDE_JNI_HELPERS && JUCE_ANDROID
      |     ^
/Users/larryseyer/AudioDevelopment/OTTO/JUCE/modules/juce_core/juce_core.h:392:5: warning: 'JUCE_UNIT_TESTS' is not defined, evaluates to 0 [-Wundef]
  392 | #if JUCE_UNIT_TESTS
      |     ^
/Users/larryseyer/AudioDevelopment/OTTO/JUCE/modules/juce_core/juce_core.h:407:6: warning: 'JUCE_DEBUG' is not defined, evaluates to 0 [-Wundef]
  407 |  #if JUCE_DEBUG
      |      ^
In file included from /Users/larryseyer/AudioDevelopment/OTTO/Source/UI/Controls/TouchOptimizedControls.cpp:1:
In file included from /Users/larryseyer/AudioDevelopment/OTTO/Source/UI/Controls/TouchOptimizedControls.h:4:
In file included from /Users/larryseyer/AudioDevelopment/OTTO/Builds/MacOSX/CMake-Release/OTTO_artefacts/JuceLibraryCode/JuceHeader.h:14:
In file included from /Users/larryseyer/AudioDevelopment/OTTO/JUCE/modules/juce_audio_plugin_client/juce_audio_plugin_client.h:63:
In file included from /Users/larryseyer/AudioDevelopment/OTTO/JUCE/modules/juce_gui_basics/juce_gui_basics.h:68:
In file included from /Users/larryseyer/AudioDevelopment/OTTO/JUCE/modules/juce_graphics/juce_graphics.h:68:
/Users/larryseyer/AudioDevelopment/OTTO/JUCE/modules/juce_events/juce_events.h:75:5: warning: 'JUCE_WINDOWS' is not defined, evaluates to 0 [-Wundef]
   75 | #if JUCE_WINDOWS && JUCE_EVENTS_INCLUDE_WINRT_WRAPPER
      |     ^
In file included from /Users/larryseyer/AudioDevelopment/OTTO/Source/UI/Controls/TouchOptimizedControls.cpp:1:
In file included from /Users/larryseyer/AudioDevelopment/OTTO/Source/UI/Controls/TouchOptimizedControls.h:4:
In file included from /Users/larryseyer/AudioDevelopment/OTTO/Builds/MacOSX/CMake-Release/OTTO_artefacts/JuceLibraryCode/JuceHeader.h:14:
In file included from /Users/larryseyer/AudioDevelopment/OTTO/JUCE/modules/juce_audio_plugin_client/juce_audio_plugin_client.h:63:
In file included from /Users/larryseyer/AudioDevelopment/OTTO/JUCE/modules/juce_gui_basics/juce_gui_basics.h:68:
In file included from /Users/larryseyer/AudioDevelopment/OTTO/JUCE/modules/juce_graphics/juce_graphics.h:68:
In file included from /Users/larryseyer/AudioDevelopment/OTTO/JUCE/modules/juce_events/juce_events.h:91:
/Users/larryseyer/AudioDevelopment/OTTO/JUCE/modules/juce_events/messages/juce_ApplicationBase.h:300:8: warning: 'JUCE_IOS' is not defined, evaluates to 0 [-Wundef]
  300 |    #if JUCE_IOS
      |        ^
/Users/larryseyer/AudioDevelopment/OTTO/JUCE/modules/juce_events/messages/juce_ApplicationBase.h:324:40: warning: 'DOXYGEN' is not defined, evaluates to 0 [-Wundef]
  324 | #if JUCE_CATCH_UNHANDLED_EXCEPTIONS || DOXYGEN
      |                                        ^
In file included from /Users/larryseyer/AudioDevelopment/OTTO/Source/UI/Controls/TouchOptimizedControls.cpp:1:
In file included from /Users/larryseyer/AudioDevelopment/OTTO/Source/UI/Controls/TouchOptimizedControls.h:4:
In file included from /Users/larryseyer/AudioDevelopment/OTTO/Builds/MacOSX/CMake-Release/OTTO_artefacts/JuceLibraryCode/JuceHeader.h:14:
In file included from /Users/larryseyer/AudioDevelopment/OTTO/JUCE/modules/juce_audio_plugin_client/juce_audio_plugin_client.h:63:
In file included from /Users/larryseyer/AudioDevelopment/OTTO/JUCE/modules/juce_gui_basics/juce_gui_basics.h:68:
In file included from /Users/larryseyer/AudioDevelopment/OTTO/JUCE/modules/juce_graphics/juce_graphics.h:68:
In file included from /Users/larryseyer/AudioDevelopment/OTTO/JUCE/modules/juce_events/juce_events.h:92:
/Users/larryseyer/AudioDevelopment/OTTO/JUCE/modules/juce_events/messages/juce_Initialisation.h:102:5: warning: 'DOXYGEN' is not defined, evaluates to 0 [-Wundef]
  102 | #if DOXYGEN
      |     ^
/Users/larryseyer/AudioDevelopment/OTTO/JUCE/modules/juce_events/messages/juce_Initialisation.h:105:6: warning: 'JUCE_WINDOWS' is not defined, evaluates to 0 [-Wundef]
  105 |  #if JUCE_WINDOWS && ! defined (_CONSOLE)
      |      ^
/Users/larryseyer/AudioDevelopment/OTTO/JUCE/modules/juce_events/messages/juce_Initialisation.h:116:6: warning: 'JUCE_IOS' is not defined, evaluates to 0 [-Wundef]
  116 |  #if JUCE_IOS
      |      ^
/Users/larryseyer/AudioDevelopment/OTTO/JUCE/modules/juce_events/messages/juce_Initialisation.h:138:8: warning: 'JUCE_ANDROID' is not defined, evaluates to 0 [-Wundef]
  138 |  #elif JUCE_ANDROID
      |        ^
/Users/larryseyer/AudioDevelopment/OTTO/JUCE/modules/juce_events/messages/juce_Initialisation.h:161:7: warning: 'JUCE_USE_CUSTOM_PLUGIN_STANDALONE_APP' is not defined, evaluates to 0 [-Wundef]
  161 |   #if JUCE_USE_CUSTOM_PLUGIN_STANDALONE_APP
      |       ^
/Users/larryseyer/AudioDevelopment/OTTO/JUCE/modules/juce_events/messages/juce_Initialisation.h:168:8: warning: 'JUCE_IOS' is not defined, evaluates to 0 [-Wundef]
  168 |    #if JUCE_IOS
      |        ^
In file included from /Users/larryseyer/AudioDevelopment/OTTO/Source/UI/Controls/TouchOptimizedControls.cpp:1:
In file included from /Users/larryseyer/AudioDevelopment/OTTO/Source/UI/Controls/TouchOptimizedControls.h:4:
In file included from /Users/larryseyer/AudioDevelopment/OTTO/Builds/MacOSX/CMake-Release/OTTO_artefacts/JuceLibraryCode/JuceHeader.h:14:
In file included from /Users/larryseyer/AudioDevelopment/OTTO/JUCE/modules/juce_audio_plugin_client/juce_audio_plugin_client.h:63:
In file included from /Users/larryseyer/AudioDevelopment/OTTO/JUCE/modules/juce_gui_basics/juce_gui_basics.h:68:
In file included from /Users/larryseyer/AudioDevelopment/OTTO/JUCE/modules/juce_graphics/juce_graphics.h:68:
/Users/larryseyer/AudioDevelopment/OTTO/JUCE/modules/juce_events/juce_events.h:110:5: warning: 'JUCE_LINUX' is not defined, evaluates to 0 [-Wundef]
  110 | #if JUCE_LINUX || JUCE_BSD
      |     ^
/Users/larryseyer/AudioDevelopment/OTTO/JUCE/modules/juce_events/juce_events.h:110:19: warning: 'JUCE_BSD' is not defined, evaluates to 0 [-Wundef]
  110 | #if JUCE_LINUX || JUCE_BSD
      |                   ^
/Users/larryseyer/AudioDevelopment/OTTO/JUCE/modules/juce_events/juce_events.h:114:5: warning: 'JUCE_WINDOWS' is not defined, evaluates to 0 [-Wundef]
  114 | #if JUCE_WINDOWS
      |     ^
In file included from /Users/larryseyer/AudioDevelopment/OTTO/Source/UI/Controls/TouchOptimizedControls.cpp:1:
In file included from /Users/larryseyer/AudioDevelopment/OTTO/Source/UI/Controls/TouchOptimizedControls.h:4:
In file included from /Users/larryseyer/AudioDevelopment/OTTO/Builds/MacOSX/CMake-Release/OTTO_artefacts/JuceLibraryCode/JuceHeader.h:14:
In file included from /Users/larryseyer/AudioDevelopment/OTTO/JUCE/modules/juce_audio_plugin_client/juce_audio_plugin_client.h:63:
In file included from /Users/larryseyer/AudioDevelopment/OTTO/JUCE/modules/juce_gui_basics/juce_gui_basics.h:68:
In file included from /Users/larryseyer/AudioDevelopment/OTTO/JUCE/modules/juce_graphics/juce_graphics.h:122:
/Users/larryseyer/AudioDevelopment/OTTO/JUCE/modules/juce_graphics/colour/juce_PixelFormats.h:39:5: warning: 'JUCE_MSVC' is not defined, evaluates to 0 [-Wundef]
   39 | #if JUCE_MSVC
      |     ^
/Users/larryseyer/AudioDevelopment/OTTO/JUCE/modules/juce_graphics/colour/juce_PixelFormats.h:89:12: warning: 'JUCE_ANDROID' is not defined, evaluates to 0 [-Wundef]
   89 |        #if JUCE_ANDROID
      |            ^
/Users/larryseyer/AudioDevelopment/OTTO/JUCE/modules/juce_graphics/colour/juce_PixelFormats.h:100:12: warning: 'JUCE_BIG_ENDIAN' is not defined, evaluates to 0 [-Wundef]
  100 |        #if JUCE_BIG_ENDIAN
      |            ^
/Users/larryseyer/AudioDevelopment/OTTO/JUCE/modules/juce_graphics/colour/juce_PixelFormats.h:301:7: warning: 'JUCE_ANDROID' is not defined, evaluates to 0 [-Wundef]
  301 |   #if JUCE_ANDROID
      |       ^
/Users/larryseyer/AudioDevelopment/OTTO/JUCE/modules/juce_graphics/colour/juce_PixelFormats.h:308:8: warning: 'JUCE_BIG_ENDIAN' is not defined, evaluates to 0 [-Wundef]
  308 |    #if JUCE_BIG_ENDIAN
      |        ^
/Users/larryseyer/AudioDevelopment/OTTO/JUCE/modules/juce_graphics/colour/juce_PixelFormats.h:325:11: warning: 'JUCE_ANDROID' is not defined, evaluates to 0 [-Wundef]
  325 |       #if JUCE_ANDROID
      |           ^
/Users/larryseyer/AudioDevelopment/OTTO/JUCE/modules/juce_graphics/colour/juce_PixelFormats.h:332:12: warning: 'JUCE_BIG_ENDIAN' is not defined, evaluates to 0 [-Wundef]
  332 |        #if JUCE_BIG_ENDIAN
      |            ^
/Users/larryseyer/AudioDevelopment/OTTO/JUCE/modules/juce_graphics/colour/juce_PixelFormats.h:375:12: warning: 'JUCE_ANDROID' is not defined, evaluates to 0 [-Wundef]
  375 |        #if JUCE_ANDROID
      |            ^
/Users/larryseyer/AudioDevelopment/OTTO/JUCE/modules/juce_graphics/colour/juce_PixelFormats.h:386:12: warning: 'JUCE_ANDROID' is not defined, evaluates to 0 [-Wundef]
  386 |        #if JUCE_ANDROID
      |            ^
/Users/larryseyer/AudioDevelopment/OTTO/JUCE/modules/juce_graphics/colour/juce_PixelFormats.h:397:12: warning: 'JUCE_BIG_ENDIAN' is not defined, evaluates to 0 [-Wundef]
  397 |        #if JUCE_BIG_ENDIAN
      |            ^
/Users/larryseyer/AudioDevelopment/OTTO/JUCE/modules/juce_graphics/colour/juce_PixelFormats.h:411:12: warning: 'JUCE_ANDROID' is not defined, evaluates to 0 [-Wundef]
  411 |        #if JUCE_ANDROID
      |            ^
/Users/larryseyer/AudioDevelopment/OTTO/JUCE/modules/juce_graphics/colour/juce_PixelFormats.h:472:12: warning: 'JUCE_ANDROID' is not defined, evaluates to 0 [-Wundef]
  472 |        #if JUCE_ANDROID
      |            ^
/Users/larryseyer/AudioDevelopment/OTTO/JUCE/modules/juce_graphics/colour/juce_PixelFormats.h:504:12: warning: 'JUCE_ANDROID' is not defined, evaluates to 0 [-Wundef]
  504 |        #if JUCE_ANDROID
      |            ^
/Users/larryseyer/AudioDevelopment/OTTO/JUCE/modules/juce_graphics/colour/juce_PixelFormats.h:527:12: warning: 'JUCE_ANDROID' is not defined, evaluates to 0 [-Wundef]
  527 |        #if JUCE_ANDROID
      |            ^
/Users/larryseyer/AudioDevelopment/OTTO/JUCE/modules/juce_graphics/colour/juce_PixelFormats.h:569:11: warning: 'JUCE_ANDROID' is not defined, evaluates to 0 [-Wundef]
  569 |       #if JUCE_ANDROID
      |           ^
/Users/larryseyer/AudioDevelopment/OTTO/JUCE/modules/juce_graphics/colour/juce_PixelFormats.h:745:5: warning: 'JUCE_MSVC' is not defined, evaluates to 0 [-Wundef]
  745 | #if JUCE_MSVC
      |     ^
In file included from /Users/larryseyer/AudioDevelopment/OTTO/Source/UI/Controls/TouchOptimizedControls.cpp:1:
In file included from /Users/larryseyer/AudioDevelopment/OTTO/Source/UI/Controls/TouchOptimizedControls.h:4:
In file included from /Users/larryseyer/AudioDevelopment/OTTO/Builds/MacOSX/CMake-Release/OTTO_artefacts/JuceLibraryCode/JuceHeader.h:14:
In file included from /Users/larryseyer/AudioDevelopment/OTTO/JUCE/modules/juce_audio_plugin_client/juce_audio_plugin_client.h:63:
In file included from /Users/larryseyer/AudioDevelopment/OTTO/JUCE/modules/juce_gui_basics/juce_gui_basics.h:68:
In file included from /Users/larryseyer/AudioDevelopment/OTTO/JUCE/modules/juce_graphics/juce_graphics.h:141:
/Users/larryseyer/AudioDevelopment/OTTO/JUCE/modules/juce_graphics/detail/juce_Ranges.h:114:12: warning: 'JUCE_DEBUG' is not defined, evaluates to 0 [-Wundef]
  114 |        #if JUCE_DEBUG
      |            ^
In file included from /Users/larryseyer/AudioDevelopment/OTTO/Source/UI/Controls/TouchOptimizedControls.cpp:1:
In file included from /Users/larryseyer/AudioDevelopment/OTTO/Source/UI/Controls/TouchOptimizedControls.h:4:
In file included from /Users/larryseyer/AudioDevelopment/OTTO/Builds/MacOSX/CMake-Release/OTTO_artefacts/JuceLibraryCode/JuceHeader.h:14:
In file included from /Users/larryseyer/AudioDevelopment/OTTO/JUCE/modules/juce_audio_plugin_client/juce_audio_plugin_client.h:63:
In file included from /Users/larryseyer/AudioDevelopment/OTTO/JUCE/modules/juce_gui_basics/juce_gui_basics.h:68:
In file included from /Users/larryseyer/AudioDevelopment/OTTO/JUCE/modules/juce_graphics/juce_graphics.h:150:
/Users/larryseyer/AudioDevelopment/OTTO/JUCE/modules/juce_graphics/native/juce_RenderingHelpers.h:389:30: warning: implicit conversion increases floating-point precision: 'float' to 'double' [-Wdouble-promotion]
  389 |                 grad = (p2.y - p1.y) / (double) (p1.x - p2.x);
      |                         ~~~~~^~~~~~  ~
/Users/larryseyer/AudioDevelopment/OTTO/JUCE/modules/juce_graphics/native/juce_RenderingHelpers.h:390:36: warning: implicit conversion increases floating-point precision: 'float' to 'double' [-Wdouble-promotion]
  390 |                 yTerm = p1.y - (p1.x / grad);
      |                                 ~~~^ ~
/Users/larryseyer/AudioDevelopment/OTTO/JUCE/modules/juce_graphics/native/juce_RenderingHelpers.h:390:28: warning: implicit conversion increases floating-point precision: 'float' to 'double' [-Wdouble-promotion]
  390 |                 yTerm = p1.y - (p1.x / grad);
      |                         ~~~^ ~
/Users/larryseyer/AudioDevelopment/OTTO/JUCE/modules/juce_graphics/native/juce_RenderingHelpers.h:391:127: warning: implicit conversion increases floating-point precision: 'float' to 'double' [-Wdouble-promotion]
  391 |                 scale = roundToInt ((double) ((int64_t) numEntries << (int) numScaleBits) / (yTerm * grad - (p2.y * grad - p2.x)));
      |                                                                                                                          ~ ~~~^
/Users/larryseyer/AudioDevelopment/OTTO/JUCE/modules/juce_graphics/native/juce_RenderingHelpers.h:391:113: warning: implicit conversion increases floating-point precision: 'float' to 'double' [-Wdouble-promotion]
  391 |                 scale = roundToInt ((double) ((int64_t) numEntries << (int) numScaleBits) / (yTerm * grad - (p2.y * grad - p2.x)));
      |                                                                                                              ~~~^ ~
/Users/larryseyer/AudioDevelopment/OTTO/JUCE/modules/juce_graphics/native/juce_RenderingHelpers.h:429:36: warning: implicit conversion increases floating-point precision: 'const float' to 'const double' [-Wdouble-promotion]
  429 |               gx1 (gradient.point1.x),
      |                   ~~~~~~~~~~~~~~~~~^
/Users/larryseyer/AudioDevelopment/OTTO/JUCE/modules/juce_graphics/native/juce_RenderingHelpers.h:430:36: warning: implicit conversion increases floating-point precision: 'const float' to 'const double' [-Wdouble-promotion]
  430 |               gy1 (gradient.point1.y)
      |                   ~~~~~~~~~~~~~~~~~^
/Users/larryseyer/AudioDevelopment/OTTO/JUCE/modules/juce_graphics/native/juce_RenderingHelpers.h:434:39: warning: implicit conversion increases floating-point precision: 'float' to 'double' [-Wdouble-promotion]
  434 |             maxDist = diff.x * diff.x + diff.y * diff.y;
      |                     ~ ~~~~~~~~~~~~~~~~^~~~~~~~~~~~~~~~~
/Users/larryseyer/AudioDevelopment/OTTO/JUCE/modules/juce_graphics/native/juce_RenderingHelpers.h:471:37: warning: implicit conversion increases floating-point precision: 'const float' to 'double' [-Wdouble-promotion]
  471 |             tM10 = inverseTransform.mat10;
      |                  ~ ~~~~~~~~~~~~~~~~~^~~~~
/Users/larryseyer/AudioDevelopment/OTTO/JUCE/modules/juce_graphics/native/juce_RenderingHelpers.h:472:37: warning: implicit conversion increases floating-point precision: 'const float' to 'double' [-Wdouble-promotion]
  472 |             tM00 = inverseTransform.mat00;
      |                  ~ ~~~~~~~~~~~~~~~~~^~~~~
/Users/larryseyer/AudioDevelopment/OTTO/JUCE/modules/juce_graphics/native/juce_RenderingHelpers.h:478:56: warning: implicit conversion increases floating-point precision: 'float' to 'double' [-Wdouble-promotion]
  478 |             lineYM01 = inverseTransform.mat01 * floatY + inverseTransform.mat02 - gx1;
      |                        ~~~~~~~~~~~~~~~~~~~~~~~~~~~~~~~~^~~~~~~~~~~~~~~~~~~~~~~~ ~
/Users/larryseyer/AudioDevelopment/OTTO/JUCE/modules/juce_graphics/native/juce_RenderingHelpers.h:479:56: warning: implicit conversion increases floating-point precision: 'float' to 'double' [-Wdouble-promotion]
  479 |             lineYM11 = inverseTransform.mat11 * floatY + inverseTransform.mat12 - gy1;
      |                        ~~~~~~~~~~~~~~~~~~~~~~~~~~~~~~~~^~~~~~~~~~~~~~~~~~~~~~~~ ~
In file included from /Users/larryseyer/AudioDevelopment/OTTO/Source/UI/Controls/TouchOptimizedControls.cpp:1:
In file included from /Users/larryseyer/AudioDevelopment/OTTO/Source/UI/Controls/TouchOptimizedControls.h:4:
In file included from /Users/larryseyer/AudioDevelopment/OTTO/Builds/MacOSX/CMake-Release/OTTO_artefacts/JuceLibraryCode/JuceHeader.h:14:
In file included from /Users/larryseyer/AudioDevelopment/OTTO/JUCE/modules/juce_audio_plugin_client/juce_audio_plugin_client.h:63:
In file included from /Users/larryseyer/AudioDevelopment/OTTO/JUCE/modules/juce_gui_basics/juce_gui_basics.h:68:
/Users/larryseyer/AudioDevelopment/OTTO/JUCE/modules/juce_graphics/juce_graphics.h:157:5: warning: 'JUCE_GRAPHICS_INCLUDE_COREGRAPHICS_HELPERS' is not defined, evaluates to 0 [-Wundef]
  157 | #if JUCE_GRAPHICS_INCLUDE_COREGRAPHICS_HELPERS && (JUCE_MAC || JUCE_IOS)
      |     ^
In file included from /Users/larryseyer/AudioDevelopment/OTTO/Source/UI/Controls/TouchOptimizedControls.cpp:1:
In file included from /Users/larryseyer/AudioDevelopment/OTTO/Source/UI/Controls/TouchOptimizedControls.h:4:
In file included from /Users/larryseyer/AudioDevelopment/OTTO/Builds/MacOSX/CMake-Release/OTTO_artefacts/JuceLibraryCode/JuceHeader.h:14:
In file included from /Users/larryseyer/AudioDevelopment/OTTO/JUCE/modules/juce_audio_plugin_client/juce_audio_plugin_client.h:63:
In file included from /Users/larryseyer/AudioDevelopment/OTTO/JUCE/modules/juce_gui_basics/juce_gui_basics.h:205:
/Users/larryseyer/AudioDevelopment/OTTO/JUCE/modules/juce_gui_basics/components/juce_Component.h:2701:12: warning: 'JUCE_DEBUG' is not defined, evaluates to 0 [-Wundef]
 2701 |        #if JUCE_DEBUG
      |            ^
In file included from /Users/larryseyer/AudioDevelopment/OTTO/Source/UI/Controls/TouchOptimizedControls.cpp:1:
In file included from /Users/larryseyer/AudioDevelopment/OTTO/Source/UI/Controls/TouchOptimizedControls.h:4:
In file included from /Users/larryseyer/AudioDevelopment/OTTO/Builds/MacOSX/CMake-Release/OTTO_artefacts/JuceLibraryCode/JuceHeader.h:14:
In file included from /Users/larryseyer/AudioDevelopment/OTTO/JUCE/modules/juce_audio_plugin_client/juce_audio_plugin_client.h:63:
In file included from /Users/larryseyer/AudioDevelopment/OTTO/JUCE/modules/juce_gui_basics/juce_gui_basics.h:239:
/Users/larryseyer/AudioDevelopment/OTTO/JUCE/modules/juce_gui_basics/layout/juce_ComponentBuilder.h:243:8: warning: 'JUCE_DEBUG' is not defined, evaluates to 0 [-Wundef]
  243 |    #if JUCE_DEBUG
      |        ^
In file included from /Users/larryseyer/AudioDevelopment/OTTO/Source/UI/Controls/TouchOptimizedControls.cpp:1:
In file included from /Users/larryseyer/AudioDevelopment/OTTO/Source/UI/Controls/TouchOptimizedControls.h:4:
In file included from /Users/larryseyer/AudioDevelopment/OTTO/Builds/MacOSX/CMake-Release/OTTO_artefacts/JuceLibraryCode/JuceHeader.h:14:
In file included from /Users/larryseyer/AudioDevelopment/OTTO/JUCE/modules/juce_audio_plugin_client/juce_audio_plugin_client.h:63:
In file included from /Users/larryseyer/AudioDevelopment/OTTO/JUCE/modules/juce_gui_basics/juce_gui_basics.h:283:
/Users/larryseyer/AudioDevelopment/OTTO/JUCE/modules/juce_gui_basics/widgets/juce_ListBox.h:182:10: warning: 'JUCE_DISABLE_ASSERTIONS' is not defined, evaluates to 0 [-Wundef]
  182 |    #if ! JUCE_DISABLE_ASSERTIONS
      |          ^
/Users/larryseyer/AudioDevelopment/OTTO/JUCE/modules/juce_gui_basics/widgets/juce_ListBox.h:235:14: warning: 'JUCE_DISABLE_ASSERTIONS' is not defined, evaluates to 0 [-Wundef]
  235 |        #if ! JUCE_DISABLE_ASSERTIONS
      |              ^
/Users/larryseyer/AudioDevelopment/OTTO/JUCE/modules/juce_gui_basics/widgets/juce_ListBox.h:643:10: warning: 'JUCE_DISABLE_ASSERTIONS' is not defined, evaluates to 0 [-Wundef]
  643 |    #if ! JUCE_DISABLE_ASSERTIONS
      |          ^
In file included from /Users/larryseyer/AudioDevelopment/OTTO/Source/UI/Controls/TouchOptimizedControls.cpp:1:
In file included from /Users/larryseyer/AudioDevelopment/OTTO/Source/UI/Controls/TouchOptimizedControls.h:4:
In file included from /Users/larryseyer/AudioDevelopment/OTTO/Builds/MacOSX/CMake-Release/OTTO_artefacts/JuceLibraryCode/JuceHeader.h:14:
In file included from /Users/larryseyer/AudioDevelopment/OTTO/JUCE/modules/juce_audio_plugin_client/juce_audio_plugin_client.h:63:
In file included from /Users/larryseyer/AudioDevelopment/OTTO/JUCE/modules/juce_gui_basics/juce_gui_basics.h:302:
/Users/larryseyer/AudioDevelopment/OTTO/JUCE/modules/juce_gui_basics/windows/juce_ComponentPeer.h:310:8: warning: 'JUCE_LINUX' is not defined, evaluates to 0 [-Wundef]
  310 |    #if JUCE_LINUX || JUCE_BSD
      |        ^
/Users/larryseyer/AudioDevelopment/OTTO/JUCE/modules/juce_gui_basics/windows/juce_ComponentPeer.h:310:22: warning: 'JUCE_BSD' is not defined, evaluates to 0 [-Wundef]
  310 |    #if JUCE_LINUX || JUCE_BSD
      |                      ^
In file included from /Users/larryseyer/AudioDevelopment/OTTO/Source/UI/Controls/TouchOptimizedControls.cpp:1:
In file included from /Users/larryseyer/AudioDevelopment/OTTO/Source/UI/Controls/TouchOptimizedControls.h:4:
In file included from /Users/larryseyer/AudioDevelopment/OTTO/Builds/MacOSX/CMake-Release/OTTO_artefacts/JuceLibraryCode/JuceHeader.h:14:
In file included from /Users/larryseyer/AudioDevelopment/OTTO/JUCE/modules/juce_audio_plugin_client/juce_audio_plugin_client.h:63:
In file included from /Users/larryseyer/AudioDevelopment/OTTO/JUCE/modules/juce_gui_basics/juce_gui_basics.h:303:
/Users/larryseyer/AudioDevelopment/OTTO/JUCE/modules/juce_gui_basics/windows/juce_ResizableWindow.h:376:8: warning: 'JUCE_DEBUG' is not defined, evaluates to 0 [-Wundef]
  376 |    #if JUCE_DEBUG
      |        ^
/Users/larryseyer/AudioDevelopment/OTTO/JUCE/modules/juce_gui_basics/windows/juce_ResizableWindow.h:414:8: warning: 'JUCE_DEBUG' is not defined, evaluates to 0 [-Wundef]
  414 |    #if JUCE_DEBUG
      |        ^
In file included from /Users/larryseyer/AudioDevelopment/OTTO/Source/UI/Controls/TouchOptimizedControls.cpp:1:
In file included from /Users/larryseyer/AudioDevelopment/OTTO/Source/UI/Controls/TouchOptimizedControls.h:4:
In file included from /Users/larryseyer/AudioDevelopment/OTTO/Builds/MacOSX/CMake-Release/OTTO_artefacts/JuceLibraryCode/JuceHeader.h:14:
In file included from /Users/larryseyer/AudioDevelopment/OTTO/JUCE/modules/juce_audio_plugin_client/juce_audio_plugin_client.h:63:
In file included from /Users/larryseyer/AudioDevelopment/OTTO/JUCE/modules/juce_gui_basics/juce_gui_basics.h:335:
/Users/larryseyer/AudioDevelopment/OTTO/JUCE/modules/juce_gui_basics/application/juce_Application.h:125:8: warning: 'DOXYGEN' is not defined, evaluates to 0 [-Wundef]
  125 |    #if DOXYGEN
      |        ^
In file included from /Users/larryseyer/AudioDevelopment/OTTO/Source/UI/Controls/TouchOptimizedControls.cpp:1:
In file included from /Users/larryseyer/AudioDevelopment/OTTO/Source/UI/Controls/TouchOptimizedControls.h:4:
In file included from /Users/larryseyer/AudioDevelopment/OTTO/Builds/MacOSX/CMake-Release/OTTO_artefacts/JuceLibraryCode/JuceHeader.h:14:
In file included from /Users/larryseyer/AudioDevelopment/OTTO/JUCE/modules/juce_audio_plugin_client/juce_audio_plugin_client.h:63:
/Users/larryseyer/AudioDevelopment/OTTO/JUCE/modules/juce_gui_basics/juce_gui_basics.h:344:5: warning: 'JUCE_LINUX' is not defined, evaluates to 0 [-Wundef]
  344 | #if JUCE_LINUX || JUCE_BSD
      |     ^
/Users/larryseyer/AudioDevelopment/OTTO/JUCE/modules/juce_gui_basics/juce_gui_basics.h:344:19: warning: 'JUCE_BSD' is not defined, evaluates to 0 [-Wundef]
  344 | #if JUCE_LINUX || JUCE_BSD
      |                   ^
/Users/larryseyer/AudioDevelopment/OTTO/JUCE/modules/juce_gui_basics/juce_gui_basics.h:394:5: warning: 'JUCE_GUI_BASICS_INCLUDE_SCOPED_THREAD_DPI_AWARENESS_SETTER' is not defined, evaluates to 0 [-Wundef]
  394 | #if JUCE_GUI_BASICS_INCLUDE_SCOPED_THREAD_DPI_AWARENESS_SETTER && JUCE_WINDOWS
      |     ^
In file included from /Users/larryseyer/AudioDevelopment/OTTO/Source/UI/Controls/TouchOptimizedControls.cpp:1:
In file included from /Users/larryseyer/AudioDevelopment/OTTO/Source/UI/Controls/TouchOptimizedControls.h:4:
In file included from /Users/larryseyer/AudioDevelopment/OTTO/Builds/MacOSX/CMake-Release/OTTO_artefacts/JuceLibraryCode/JuceHeader.h:14:
In file included from /Users/larryseyer/AudioDevelopment/OTTO/JUCE/modules/juce_audio_plugin_client/juce_audio_plugin_client.h:64:
/Users/larryseyer/AudioDevelopment/OTTO/JUCE/modules/juce_audio_basics/juce_audio_basics.h:77:7: warning: 'JUCE_INTEL' is not defined, evaluates to 0 [-Wundef]
   77 | #if ! JUCE_INTEL
      |       ^
/Users/larryseyer/AudioDevelopment/OTTO/JUCE/modules/juce_audio_basics/juce_audio_basics.h:81:24: warning: 'JUCE_USE_VDSP_FRAMEWORK' is not defined, evaluates to 0 [-Wundef]
   81 | #if __ARM_NEON__ && ! (JUCE_USE_VDSP_FRAMEWORK || defined (JUCE_USE_ARM_NEON))
      |                        ^
In file included from /Users/larryseyer/AudioDevelopment/OTTO/Source/UI/Controls/TouchOptimizedControls.cpp:1:
In file included from /Users/larryseyer/AudioDevelopment/OTTO/Source/UI/Controls/TouchOptimizedControls.h:4:
In file included from /Users/larryseyer/AudioDevelopment/OTTO/Builds/MacOSX/CMake-Release/OTTO_artefacts/JuceLibraryCode/JuceHeader.h:14:
In file included from /Users/larryseyer/AudioDevelopment/OTTO/JUCE/modules/juce_audio_plugin_client/juce_audio_plugin_client.h:64:
In file included from /Users/larryseyer/AudioDevelopment/OTTO/JUCE/modules/juce_audio_basics/juce_audio_basics.h:93:
/Users/larryseyer/AudioDevelopment/OTTO/JUCE/modules/juce_audio_basics/buffers/juce_AudioDataConverters.h:103:9: warning: 'JUCE_BIG_ENDIAN' is not defined, evaluates to 0 [-Wundef]
  103 |     #if JUCE_BIG_ENDIAN
      |         ^
/Users/larryseyer/AudioDevelopment/OTTO/JUCE/modules/juce_audio_basics/buffers/juce_AudioDataConverters.h:263:12: warning: 'JUCE_BIG_ENDIAN' is not defined, evaluates to 0 [-Wundef]
  263 |        #if JUCE_BIG_ENDIAN
      |            ^
/Users/larryseyer/AudioDevelopment/OTTO/JUCE/modules/juce_audio_basics/buffers/juce_AudioDataConverters.h:119:135: warning: implicit conversion increases floating-point precision: 'float' to 'double' [-Wdouble-promotion]
  119 |         inline void setAsFloatLE (float newValue) noexcept      { *data = (int8) jlimit ((int) -maxValue, (int) maxValue, roundToInt (newValue * (1.0 + (double) maxValue))); }
      |                                                                                                                                       ^~~~~~~~ ~
/Users/larryseyer/AudioDevelopment/OTTO/JUCE/modules/juce_audio_basics/buffers/juce_AudioDataConverters.h:144:117: warning: implicit conversion increases floating-point precision: 'float' to 'double' [-Wdouble-promotion]
  144 |         inline void setAsFloatLE (float newValue) noexcept      { *data = (uint8) jlimit (0, 255, 128 + roundToInt (newValue * (1.0 + (double) maxValue))); }
      |                                                                                                                     ^~~~~~~~ ~
/Users/larryseyer/AudioDevelopment/OTTO/JUCE/modules/juce_audio_basics/buffers/juce_AudioDataConverters.h:169:168: warning: implicit conversion increases floating-point precision: 'float' to 'double' [-Wdouble-promotion]
  169 |         inline void setAsFloatLE (float newValue) noexcept      { *data = ByteOrder::swapIfBigEndian    ((uint16) jlimit ((int) -maxValue, (int) maxValue, roundToInt (newValue * (1.0 + (double) maxValue)))); }
      |                                                                                                                                                                        ^~~~~~~~ ~
/Users/larryseyer/AudioDevelopment/OTTO/JUCE/modules/juce_audio_basics/buffers/juce_AudioDataConverters.h:170:168: warning: implicit conversion increases floating-point precision: 'float' to 'double' [-Wdouble-promotion]
  170 |         inline void setAsFloatBE (float newValue) noexcept      { *data = ByteOrder::swapIfLittleEndian ((uint16) jlimit ((int) -maxValue, (int) maxValue, roundToInt (newValue * (1.0 + (double) maxValue)))); }
      |                                                                                                                                                                        ^~~~~~~~ ~
/Users/larryseyer/AudioDevelopment/OTTO/JUCE/modules/juce_audio_basics/buffers/juce_AudioDataConverters.h:194:157: warning: implicit conversion increases floating-point precision: 'float' to 'double' [-Wdouble-promotion]
  194 |         inline void setAsFloatLE (float newValue) noexcept      { ByteOrder::littleEndian24BitToChars (jlimit ((int) -maxValue, (int) maxValue, roundToInt (newValue * (1.0 + (double) maxValue))), data); }
      |                                                                                                                                                             ^~~~~~~~ ~
/Users/larryseyer/AudioDevelopment/OTTO/JUCE/modules/juce_audio_basics/buffers/juce_AudioDataConverters.h:195:157: warning: implicit conversion increases floating-point precision: 'float' to 'double' [-Wdouble-promotion]
  195 |         inline void setAsFloatBE (float newValue) noexcept      { ByteOrder::bigEndian24BitToChars (jlimit    ((int) -maxValue, (int) maxValue, roundToInt (newValue * (1.0 + (double) maxValue))), data); }
      |                                                                                                                                                             ^~~~~~~~ ~
In file included from /Users/larryseyer/AudioDevelopment/OTTO/Source/UI/Controls/TouchOptimizedControls.cpp:1:
In file included from /Users/larryseyer/AudioDevelopment/OTTO/Source/UI/Controls/TouchOptimizedControls.h:4:
In file included from /Users/larryseyer/AudioDevelopment/OTTO/Builds/MacOSX/CMake-Release/OTTO_artefacts/JuceLibraryCode/JuceHeader.h:14:
In file included from /Users/larryseyer/AudioDevelopment/OTTO/JUCE/modules/juce_audio_plugin_client/juce_audio_plugin_client.h:64:
In file included from /Users/larryseyer/AudioDevelopment/OTTO/JUCE/modules/juce_audio_basics/juce_audio_basics.h:95:
/Users/larryseyer/AudioDevelopment/OTTO/JUCE/modules/juce_audio_basics/buffers/juce_FloatVectorOperations.h:39:6: warning: 'JUCE_INTEL' is not defined, evaluates to 0 [-Wundef]
   39 |  #if JUCE_INTEL
      |      ^
/Users/larryseyer/AudioDevelopment/OTTO/JUCE/modules/juce_audio_basics/buffers/juce_FloatVectorOperations.h:153:7: warning: 'DOXYGEN' is not defined, evaluates to 0 [-Wundef]
  153 | #if ! DOXYGEN
      |       ^
/Users/larryseyer/AudioDevelopment/OTTO/JUCE/modules/juce_audio_basics/buffers/juce_FloatVectorOperations.h:237:7: warning: 'JUCE_USE_SSE_INTRINSICS' is not defined, evaluates to 0 [-Wundef]
  237 |   #if JUCE_USE_SSE_INTRINSICS || (JUCE_USE_ARM_NEON || (JUCE_64BIT && JUCE_ARM))
      |       ^
In file included from /Users/larryseyer/AudioDevelopment/OTTO/Source/UI/Controls/TouchOptimizedControls.cpp:1:
In file included from /Users/larryseyer/AudioDevelopment/OTTO/Source/UI/Controls/TouchOptimizedControls.h:4:
In file included from /Users/larryseyer/AudioDevelopment/OTTO/Builds/MacOSX/CMake-Release/OTTO_artefacts/JuceLibraryCode/JuceHeader.h:14:
In file included from /Users/larryseyer/AudioDevelopment/OTTO/JUCE/modules/juce_audio_plugin_client/juce_audio_plugin_client.h:64:
In file included from /Users/larryseyer/AudioDevelopment/OTTO/JUCE/modules/juce_audio_basics/juce_audio_basics.h:97:
/Users/larryseyer/AudioDevelopment/OTTO/JUCE/modules/juce_audio_basics/buffers/juce_AudioSampleBuffer.h:1155:15: warning: 'JUCE_GCC' is not defined, evaluates to 0 [-Wundef]
 1155 |        #if (! JUCE_GCC || (__GNUC__ * 100 + __GNUC_MINOR__) >= 409)
      |               ^
In file included from /Users/larryseyer/AudioDevelopment/OTTO/Source/UI/Controls/TouchOptimizedControls.cpp:1:
In file included from /Users/larryseyer/AudioDevelopment/OTTO/Source/UI/Controls/TouchOptimizedControls.h:4:
In file included from /Users/larryseyer/AudioDevelopment/OTTO/Builds/MacOSX/CMake-Release/OTTO_artefacts/JuceLibraryCode/JuceHeader.h:14:
In file included from /Users/larryseyer/AudioDevelopment/OTTO/JUCE/modules/juce_audio_plugin_client/juce_audio_plugin_client.h:64:
In file included from /Users/larryseyer/AudioDevelopment/OTTO/JUCE/modules/juce_audio_basics/juce_audio_basics.h:104:
/Users/larryseyer/AudioDevelopment/OTTO/JUCE/modules/juce_audio_basics/utilities/juce_SmoothedValue.h:421:5: warning: 'JUCE_UNIT_TESTS' is not defined, evaluates to 0 [-Wundef]
  421 | #if JUCE_UNIT_TESTS
      |     ^
In file included from /Users/larryseyer/AudioDevelopment/OTTO/Source/UI/Controls/TouchOptimizedControls.cpp:1:
In file included from /Users/larryseyer/AudioDevelopment/OTTO/Source/UI/Controls/TouchOptimizedControls.h:4:
In file included from /Users/larryseyer/AudioDevelopment/OTTO/Builds/MacOSX/CMake-Release/OTTO_artefacts/JuceLibraryCode/JuceHeader.h:14:
In file included from /Users/larryseyer/AudioDevelopment/OTTO/JUCE/modules/juce_audio_plugin_client/juce_audio_plugin_client.h:64:
In file included from /Users/larryseyer/AudioDevelopment/OTTO/JUCE/modules/juce_audio_basics/juce_audio_basics.h:106:
/Users/larryseyer/AudioDevelopment/OTTO/JUCE/modules/juce_audio_basics/utilities/juce_ADSR.h:155:66: warning: implicit conversion increases floating-point precision: 'float' to 'double' [-Wdouble-promotion]
  155 |                 releaseRate = (float) (envelopeVal / (parameters.release * sampleRate));
      |                                                       ~~~~~~~~~~~^~~~~~~ ~
/Users/larryseyer/AudioDevelopment/OTTO/JUCE/modules/juce_audio_basics/utilities/juce_ADSR.h:155:40: warning: implicit conversion increases floating-point precision: 'float' to 'double' [-Wdouble-promotion]
  155 |                 releaseRate = (float) (envelopeVal / (parameters.release * sampleRate));
      |                                        ^~~~~~~~~~~ ~
/Users/larryseyer/AudioDevelopment/OTTO/JUCE/modules/juce_audio_basics/utilities/juce_ADSR.h:266:64: warning: implicit conversion increases floating-point precision: 'float' to 'double' [-Wdouble-promotion]
  266 |             return timeInSeconds > 0.0f ? (float) (distance / (timeInSeconds * sr)) : -1.0f;
      |                                                                ^~~~~~~~~~~~~ ~
/Users/larryseyer/AudioDevelopment/OTTO/JUCE/modules/juce_audio_basics/utilities/juce_ADSR.h:266:52: warning: implicit conversion increases floating-point precision: 'float' to 'double' [-Wdouble-promotion]
  266 |             return timeInSeconds > 0.0f ? (float) (distance / (timeInSeconds * sr)) : -1.0f;
      |                                                    ^~~~~~~~ ~
In file included from /Users/larryseyer/AudioDevelopment/OTTO/Source/UI/Controls/TouchOptimizedControls.cpp:1:
In file included from /Users/larryseyer/AudioDevelopment/OTTO/Source/UI/Controls/TouchOptimizedControls.h:4:
In file included from /Users/larryseyer/AudioDevelopment/OTTO/Builds/MacOSX/CMake-Release/OTTO_artefacts/JuceLibraryCode/JuceHeader.h:14:
In file included from /Users/larryseyer/AudioDevelopment/OTTO/JUCE/modules/juce_audio_plugin_client/juce_audio_plugin_client.h:65:
In file included from /Users/larryseyer/AudioDevelopment/OTTO/JUCE/modules/juce_audio_processors/juce_audio_processors.h:67:
/Users/larryseyer/AudioDevelopment/OTTO/JUCE/modules/juce_gui_extra/juce_gui_extra.h:127:6: warning: 'JUCE_DEBUG' is not defined, evaluates to 0 [-Wundef]
  127 |  #if JUCE_DEBUG && ! (JUCE_IOS || JUCE_ANDROID)
      |      ^
In file included from /Users/larryseyer/AudioDevelopment/OTTO/Source/UI/Controls/TouchOptimizedControls.cpp:1:
In file included from /Users/larryseyer/AudioDevelopment/OTTO/Source/UI/Controls/TouchOptimizedControls.h:4:
In file included from /Users/larryseyer/AudioDevelopment/OTTO/Builds/MacOSX/CMake-Release/OTTO_artefacts/JuceLibraryCode/JuceHeader.h:14:
In file included from /Users/larryseyer/AudioDevelopment/OTTO/JUCE/modules/juce_audio_plugin_client/juce_audio_plugin_client.h:65:
In file included from /Users/larryseyer/AudioDevelopment/OTTO/JUCE/modules/juce_audio_processors/juce_audio_processors.h:67:
In file included from /Users/larryseyer/AudioDevelopment/OTTO/JUCE/modules/juce_gui_extra/juce_gui_extra.h:141:
/Users/larryseyer/AudioDevelopment/OTTO/JUCE/modules/juce_gui_extra/embedding/juce_ActiveXControlComponent.h:38:5: warning: 'JUCE_WINDOWS' is not defined, evaluates to 0 [-Wundef]
   38 | #if JUCE_WINDOWS || DOXYGEN
      |     ^
/Users/larryseyer/AudioDevelopment/OTTO/JUCE/modules/juce_gui_extra/embedding/juce_ActiveXControlComponent.h:38:21: warning: 'DOXYGEN' is not defined, evaluates to 0 [-Wundef]
   38 | #if JUCE_WINDOWS || DOXYGEN
      |                     ^
In file included from /Users/larryseyer/AudioDevelopment/OTTO/Source/UI/Controls/TouchOptimizedControls.cpp:1:
In file included from /Users/larryseyer/AudioDevelopment/OTTO/Source/UI/Controls/TouchOptimizedControls.h:4:
In file included from /Users/larryseyer/AudioDevelopment/OTTO/Builds/MacOSX/CMake-Release/OTTO_artefacts/JuceLibraryCode/JuceHeader.h:14:
In file included from /Users/larryseyer/AudioDevelopment/OTTO/JUCE/modules/juce_audio_plugin_client/juce_audio_plugin_client.h:65:
In file included from /Users/larryseyer/AudioDevelopment/OTTO/JUCE/modules/juce_audio_processors/juce_audio_processors.h:67:
In file included from /Users/larryseyer/AudioDevelopment/OTTO/JUCE/modules/juce_gui_extra/juce_gui_extra.h:142:
/Users/larryseyer/AudioDevelopment/OTTO/JUCE/modules/juce_gui_extra/embedding/juce_AndroidViewComponent.h:38:5: warning: 'JUCE_ANDROID' is not defined, evaluates to 0 [-Wundef]
   38 | #if JUCE_ANDROID || DOXYGEN
      |     ^
/Users/larryseyer/AudioDevelopment/OTTO/JUCE/modules/juce_gui_extra/embedding/juce_AndroidViewComponent.h:38:21: warning: 'DOXYGEN' is not defined, evaluates to 0 [-Wundef]
   38 | #if JUCE_ANDROID || DOXYGEN
      |                     ^
In file included from /Users/larryseyer/AudioDevelopment/OTTO/Source/UI/Controls/TouchOptimizedControls.cpp:1:
In file included from /Users/larryseyer/AudioDevelopment/OTTO/Source/UI/Controls/TouchOptimizedControls.h:4:
In file included from /Users/larryseyer/AudioDevelopment/OTTO/Builds/MacOSX/CMake-Release/OTTO_artefacts/JuceLibraryCode/JuceHeader.h:14:
In file included from /Users/larryseyer/AudioDevelopment/OTTO/JUCE/modules/juce_audio_plugin_client/juce_audio_plugin_client.h:65:
In file included from /Users/larryseyer/AudioDevelopment/OTTO/JUCE/modules/juce_audio_processors/juce_audio_processors.h:67:
In file included from /Users/larryseyer/AudioDevelopment/OTTO/JUCE/modules/juce_gui_extra/juce_gui_extra.h:144:
/Users/larryseyer/AudioDevelopment/OTTO/JUCE/modules/juce_gui_extra/embedding/juce_UIViewComponent.h:38:5: warning: 'JUCE_IOS' is not defined, evaluates to 0 [-Wundef]
   38 | #if JUCE_IOS || DOXYGEN
      |     ^
/Users/larryseyer/AudioDevelopment/OTTO/JUCE/modules/juce_gui_extra/embedding/juce_UIViewComponent.h:38:17: warning: 'DOXYGEN' is not defined, evaluates to 0 [-Wundef]
   38 | #if JUCE_IOS || DOXYGEN
      |                 ^
In file included from /Users/larryseyer/AudioDevelopment/OTTO/Source/UI/Controls/TouchOptimizedControls.cpp:1:
In file included from /Users/larryseyer/AudioDevelopment/OTTO/Source/UI/Controls/TouchOptimizedControls.h:4:
In file included from /Users/larryseyer/AudioDevelopment/OTTO/Builds/MacOSX/CMake-Release/OTTO_artefacts/JuceLibraryCode/JuceHeader.h:14:
In file included from /Users/larryseyer/AudioDevelopment/OTTO/JUCE/modules/juce_audio_plugin_client/juce_audio_plugin_client.h:65:
In file included from /Users/larryseyer/AudioDevelopment/OTTO/JUCE/modules/juce_audio_processors/juce_audio_processors.h:67:
In file included from /Users/larryseyer/AudioDevelopment/OTTO/JUCE/modules/juce_gui_extra/juce_gui_extra.h:145:
/Users/larryseyer/AudioDevelopment/OTTO/JUCE/modules/juce_gui_extra/embedding/juce_XEmbedComponent.h:43:5: warning: 'JUCE_LINUX' is not defined, evaluates to 0 [-Wundef]
   43 | #if JUCE_LINUX || JUCE_BSD || DOXYGEN
      |     ^
/Users/larryseyer/AudioDevelopment/OTTO/JUCE/modules/juce_gui_extra/embedding/juce_XEmbedComponent.h:43:19: warning: 'JUCE_BSD' is not defined, evaluates to 0 [-Wundef]
   43 | #if JUCE_LINUX || JUCE_BSD || DOXYGEN
      |                   ^
/Users/larryseyer/AudioDevelopment/OTTO/JUCE/modules/juce_gui_extra/embedding/juce_XEmbedComponent.h:43:31: warning: 'DOXYGEN' is not defined, evaluates to 0 [-Wundef]
   43 | #if JUCE_LINUX || JUCE_BSD || DOXYGEN
      |                               ^
In file included from /Users/larryseyer/AudioDevelopment/OTTO/Source/UI/Controls/TouchOptimizedControls.cpp:1:
In file included from /Users/larryseyer/AudioDevelopment/OTTO/Source/UI/Controls/TouchOptimizedControls.h:4:
In file included from /Users/larryseyer/AudioDevelopment/OTTO/Builds/MacOSX/CMake-Release/OTTO_artefacts/JuceLibraryCode/JuceHeader.h:14:
In file included from /Users/larryseyer/AudioDevelopment/OTTO/JUCE/modules/juce_audio_plugin_client/juce_audio_plugin_client.h:65:
In file included from /Users/larryseyer/AudioDevelopment/OTTO/JUCE/modules/juce_audio_processors/juce_audio_processors.h:67:
In file included from /Users/larryseyer/AudioDevelopment/OTTO/JUCE/modules/juce_gui_extra/juce_gui_extra.h:146:
/Users/larryseyer/AudioDevelopment/OTTO/JUCE/modules/juce_gui_extra/embedding/juce_HWNDComponent.h:38:5: warning: 'JUCE_WINDOWS' is not defined, evaluates to 0 [-Wundef]
   38 | #if JUCE_WINDOWS || DOXYGEN
      |     ^
/Users/larryseyer/AudioDevelopment/OTTO/JUCE/modules/juce_gui_extra/embedding/juce_HWNDComponent.h:38:21: warning: 'DOXYGEN' is not defined, evaluates to 0 [-Wundef]
   38 | #if JUCE_WINDOWS || DOXYGEN
      |                     ^
In file included from /Users/larryseyer/AudioDevelopment/OTTO/Source/UI/Controls/TouchOptimizedControls.cpp:1:
In file included from /Users/larryseyer/AudioDevelopment/OTTO/Source/UI/Controls/TouchOptimizedControls.h:4:
In file included from /Users/larryseyer/AudioDevelopment/OTTO/Builds/MacOSX/CMake-Release/OTTO_artefacts/JuceLibraryCode/JuceHeader.h:14:
In file included from /Users/larryseyer/AudioDevelopment/OTTO/JUCE/modules/juce_audio_plugin_client/juce_audio_plugin_client.h:65:
In file included from /Users/larryseyer/AudioDevelopment/OTTO/JUCE/modules/juce_audio_processors/juce_audio_processors.h:67:
In file included from /Users/larryseyer/AudioDevelopment/OTTO/JUCE/modules/juce_gui_extra/juce_gui_extra.h:152:
/Users/larryseyer/AudioDevelopment/OTTO/JUCE/modules/juce_gui_extra/misc/juce_PushNotifications.h:699:8: warning: 'JUCE_ANDROID' is not defined, evaluates to 0 [-Wundef]
  699 |    #if JUCE_ANDROID
      |        ^
In file included from /Users/larryseyer/AudioDevelopment/OTTO/Source/UI/Controls/TouchOptimizedControls.cpp:1:
In file included from /Users/larryseyer/AudioDevelopment/OTTO/Source/UI/Controls/TouchOptimizedControls.h:4:
In file included from /Users/larryseyer/AudioDevelopment/OTTO/Builds/MacOSX/CMake-Release/OTTO_artefacts/JuceLibraryCode/JuceHeader.h:14:
In file included from /Users/larryseyer/AudioDevelopment/OTTO/JUCE/modules/juce_audio_plugin_client/juce_audio_plugin_client.h:65:
In file included from /Users/larryseyer/AudioDevelopment/OTTO/JUCE/modules/juce_audio_processors/juce_audio_processors.h:67:
In file included from /Users/larryseyer/AudioDevelopment/OTTO/JUCE/modules/juce_gui_extra/juce_gui_extra.h:155:
/Users/larryseyer/AudioDevelopment/OTTO/JUCE/modules/juce_gui_extra/misc/juce_SystemTrayIconComponent.h:38:5: warning: 'JUCE_WINDOWS' is not defined, evaluates to 0 [-Wundef]
   38 | #if JUCE_WINDOWS || JUCE_LINUX || JUCE_BSD || JUCE_MAC || DOXYGEN
      |     ^
/Users/larryseyer/AudioDevelopment/OTTO/JUCE/modules/juce_gui_extra/misc/juce_SystemTrayIconComponent.h:38:21: warning: 'JUCE_LINUX' is not defined, evaluates to 0 [-Wundef]
   38 | #if JUCE_WINDOWS || JUCE_LINUX || JUCE_BSD || JUCE_MAC || DOXYGEN
      |                     ^
/Users/larryseyer/AudioDevelopment/OTTO/JUCE/modules/juce_gui_extra/misc/juce_SystemTrayIconComponent.h:38:35: warning: 'JUCE_BSD' is not defined, evaluates to 0 [-Wundef]
   38 | #if JUCE_WINDOWS || JUCE_LINUX || JUCE_BSD || JUCE_MAC || DOXYGEN
      |                                   ^
/Users/larryseyer/AudioDevelopment/OTTO/JUCE/modules/juce_gui_extra/misc/juce_SystemTrayIconComponent.h:102:8: warning: 'JUCE_LINUX' is not defined, evaluates to 0 [-Wundef]
  102 |    #if JUCE_LINUX || JUCE_BSD
      |        ^
/Users/larryseyer/AudioDevelopment/OTTO/JUCE/modules/juce_gui_extra/misc/juce_SystemTrayIconComponent.h:102:22: warning: 'JUCE_BSD' is not defined, evaluates to 0 [-Wundef]
  102 |    #if JUCE_LINUX || JUCE_BSD
      |                      ^
In file included from /Users/larryseyer/AudioDevelopment/OTTO/Source/UI/Controls/TouchOptimizedControls.cpp:1:
In file included from /Users/larryseyer/AudioDevelopment/OTTO/Source/UI/Controls/TouchOptimizedControls.h:4:
In file included from /Users/larryseyer/AudioDevelopment/OTTO/Builds/MacOSX/CMake-Release/OTTO_artefacts/JuceLibraryCode/JuceHeader.h:14:
In file included from /Users/larryseyer/AudioDevelopment/OTTO/JUCE/modules/juce_audio_plugin_client/juce_audio_plugin_client.h:65:
In file included from /Users/larryseyer/AudioDevelopment/OTTO/JUCE/modules/juce_audio_processors/juce_audio_processors.h:67:
In file included from /Users/larryseyer/AudioDevelopment/OTTO/JUCE/modules/juce_gui_extra/juce_gui_extra.h:156:
/Users/larryseyer/AudioDevelopment/OTTO/JUCE/modules/juce_gui_extra/misc/juce_WebBrowserComponent.h:38:25: warning: 'DOXYGEN' is not defined, evaluates to 0 [-Wundef]
   38 | #if JUCE_WEB_BROWSER || DOXYGEN
      |                         ^
In file included from /Users/larryseyer/AudioDevelopment/OTTO/Source/UI/Controls/TouchOptimizedControls.cpp:1:
In file included from /Users/larryseyer/AudioDevelopment/OTTO/Source/UI/Controls/TouchOptimizedControls.h:4:
In file included from /Users/larryseyer/AudioDevelopment/OTTO/Builds/MacOSX/CMake-Release/OTTO_artefacts/JuceLibraryCode/JuceHeader.h:14:
In file included from /Users/larryseyer/AudioDevelopment/OTTO/JUCE/modules/juce_audio_plugin_client/juce_audio_plugin_client.h:65:
In file included from /Users/larryseyer/AudioDevelopment/OTTO/JUCE/modules/juce_audio_processors/juce_audio_processors.h:67:
In file included from /Users/larryseyer/AudioDevelopment/OTTO/JUCE/modules/juce_gui_extra/juce_gui_extra.h:157:
/Users/larryseyer/AudioDevelopment/OTTO/JUCE/modules/juce_gui_extra/misc/juce_LiveConstantEditor.h:35:5: warning: 'JUCE_ENABLE_LIVE_CONSTANT_EDITOR' is not defined, evaluates to 0 [-Wundef]
   35 | #if JUCE_ENABLE_LIVE_CONSTANT_EDITOR && ! defined (DOXYGEN)
      |     ^
/Users/larryseyer/AudioDevelopment/OTTO/JUCE/modules/juce_gui_extra/misc/juce_LiveConstantEditor.h:258:5: warning: 'JUCE_ENABLE_LIVE_CONSTANT_EDITOR' is not defined, evaluates to 0 [-Wundef]
  258 | #if JUCE_ENABLE_LIVE_CONSTANT_EDITOR || DOXYGEN
      |     ^
/Users/larryseyer/AudioDevelopment/OTTO/JUCE/modules/juce_gui_extra/misc/juce_LiveConstantEditor.h:258:41: warning: 'DOXYGEN' is not defined, evaluates to 0 [-Wundef]
  258 | #if JUCE_ENABLE_LIVE_CONSTANT_EDITOR || DOXYGEN
      |                                         ^
In file included from /Users/larryseyer/AudioDevelopment/OTTO/Source/UI/Controls/TouchOptimizedControls.cpp:1:
In file included from /Users/larryseyer/AudioDevelopment/OTTO/Source/UI/Controls/TouchOptimizedControls.h:4:
In file included from /Users/larryseyer/AudioDevelopment/OTTO/Builds/MacOSX/CMake-Release/OTTO_artefacts/JuceLibraryCode/JuceHeader.h:14:
In file included from /Users/larryseyer/AudioDevelopment/OTTO/JUCE/modules/juce_audio_plugin_client/juce_audio_plugin_client.h:65:
In file included from /Users/larryseyer/AudioDevelopment/OTTO/JUCE/modules/juce_audio_processors/juce_audio_processors.h:67:
In file included from /Users/larryseyer/AudioDevelopment/OTTO/JUCE/modules/juce_gui_extra/juce_gui_extra.h:159:
/Users/larryseyer/AudioDevelopment/OTTO/JUCE/modules/juce_gui_extra/detail/juce_WebControlRelayEvents.h:38:25: warning: 'DOXYGEN' is not defined, evaluates to 0 [-Wundef]
   38 | #if JUCE_WEB_BROWSER || DOXYGEN
      |                         ^
In file included from /Users/larryseyer/AudioDevelopment/OTTO/Source/UI/Controls/TouchOptimizedControls.cpp:1:
In file included from /Users/larryseyer/AudioDevelopment/OTTO/Source/UI/Controls/TouchOptimizedControls.h:4:
In file included from /Users/larryseyer/AudioDevelopment/OTTO/Builds/MacOSX/CMake-Release/OTTO_artefacts/JuceLibraryCode/JuceHeader.h:14:
In file included from /Users/larryseyer/AudioDevelopment/OTTO/JUCE/modules/juce_audio_plugin_client/juce_audio_plugin_client.h:65:
In file included from /Users/larryseyer/AudioDevelopment/OTTO/JUCE/modules/juce_audio_processors/juce_audio_processors.h:67:
In file included from /Users/larryseyer/AudioDevelopment/OTTO/JUCE/modules/juce_gui_extra/juce_gui_extra.h:160:
/Users/larryseyer/AudioDevelopment/OTTO/JUCE/modules/juce_gui_extra/misc/juce_WebControlRelays.h:38:25: warning: 'DOXYGEN' is not defined, evaluates to 0 [-Wundef]
   38 | #if JUCE_WEB_BROWSER || DOXYGEN
      |                         ^
In file included from /Users/larryseyer/AudioDevelopment/OTTO/Source/UI/Controls/TouchOptimizedControls.cpp:1:
In file included from /Users/larryseyer/AudioDevelopment/OTTO/Source/UI/Controls/TouchOptimizedControls.h:4:
In file included from /Users/larryseyer/AudioDevelopment/OTTO/Builds/MacOSX/CMake-Release/OTTO_artefacts/JuceLibraryCode/JuceHeader.h:14:
In file included from /Users/larryseyer/AudioDevelopment/OTTO/JUCE/modules/juce_audio_plugin_client/juce_audio_plugin_client.h:65:
In file included from /Users/larryseyer/AudioDevelopment/OTTO/JUCE/modules/juce_audio_processors/juce_audio_processors.h:67:
In file included from /Users/larryseyer/AudioDevelopment/OTTO/JUCE/modules/juce_gui_extra/juce_gui_extra.h:161:
/Users/larryseyer/AudioDevelopment/OTTO/JUCE/modules/juce_gui_extra/misc/juce_WebControlParameterIndexReceiver.h:38:25: warning: 'DOXYGEN' is not defined, evaluates to 0 [-Wundef]
   38 | #if JUCE_WEB_BROWSER || DOXYGEN
      |                         ^
In file included from /Users/larryseyer/AudioDevelopment/OTTO/Source/UI/Controls/TouchOptimizedControls.cpp:1:
In file included from /Users/larryseyer/AudioDevelopment/OTTO/Source/UI/Controls/TouchOptimizedControls.h:4:
In file included from /Users/larryseyer/AudioDevelopment/OTTO/Builds/MacOSX/CMake-Release/OTTO_artefacts/JuceLibraryCode/JuceHeader.h:14:
In file included from /Users/larryseyer/AudioDevelopment/OTTO/JUCE/modules/juce_audio_plugin_client/juce_audio_plugin_client.h:65:
In file included from /Users/larryseyer/AudioDevelopment/OTTO/JUCE/modules/juce_audio_processors/juce_audio_processors.h:148:
/Users/larryseyer/AudioDevelopment/OTTO/JUCE/modules/juce_audio_processors/processors/juce_AudioProcessorParameter.h:363:8: warning: 'JUCE_DEBUG' is not defined, evaluates to 0 [-Wundef]
  363 |    #if JUCE_DEBUG
      |        ^
In file included from /Users/larryseyer/AudioDevelopment/OTTO/Source/UI/Controls/TouchOptimizedControls.cpp:1:
In file included from /Users/larryseyer/AudioDevelopment/OTTO/Source/UI/Controls/TouchOptimizedControls.h:4:
In file included from /Users/larryseyer/AudioDevelopment/OTTO/Builds/MacOSX/CMake-Release/OTTO_artefacts/JuceLibraryCode/JuceHeader.h:14:
In file included from /Users/larryseyer/AudioDevelopment/OTTO/JUCE/modules/juce_audio_plugin_client/juce_audio_plugin_client.h:65:
In file included from /Users/larryseyer/AudioDevelopment/OTTO/JUCE/modules/juce_audio_processors/juce_audio_processors.h:154:
/Users/larryseyer/AudioDevelopment/OTTO/JUCE/modules/juce_audio_processors/processors/juce_AudioProcessor.h:1599:7: warning: 'JUCE_DEBUG' is not defined, evaluates to 0 [-Wundef]
 1599 |   #if JUCE_DEBUG
      |       ^
In file included from /Users/larryseyer/AudioDevelopment/OTTO/Source/UI/Controls/TouchOptimizedControls.cpp:1:
In file included from /Users/larryseyer/AudioDevelopment/OTTO/Source/UI/Controls/TouchOptimizedControls.h:4:
In file included from /Users/larryseyer/AudioDevelopment/OTTO/Builds/MacOSX/CMake-Release/OTTO_artefacts/JuceLibraryCode/JuceHeader.h:14:
In file included from /Users/larryseyer/AudioDevelopment/OTTO/JUCE/modules/juce_audio_plugin_client/juce_audio_plugin_client.h:65:
In file included from /Users/larryseyer/AudioDevelopment/OTTO/JUCE/modules/juce_audio_processors/juce_audio_processors.h:162:
/Users/larryseyer/AudioDevelopment/OTTO/JUCE/modules/juce_audio_processors/format_types/juce_AudioUnitPluginFormat.h:38:55: warning: 'DOXYGEN' is not defined, evaluates to 0 [-Wundef]
   38 | #if (JUCE_PLUGINHOST_AU && (JUCE_MAC || JUCE_IOS)) || DOXYGEN
      |                                                       ^
In file included from /Users/larryseyer/AudioDevelopment/OTTO/Source/UI/Controls/TouchOptimizedControls.cpp:1:
In file included from /Users/larryseyer/AudioDevelopment/OTTO/Source/UI/Controls/TouchOptimizedControls.h:4:
In file included from /Users/larryseyer/AudioDevelopment/OTTO/Builds/MacOSX/CMake-Release/OTTO_artefacts/JuceLibraryCode/JuceHeader.h:14:
In file included from /Users/larryseyer/AudioDevelopment/OTTO/JUCE/modules/juce_audio_plugin_client/juce_audio_plugin_client.h:65:
In file included from /Users/larryseyer/AudioDevelopment/OTTO/JUCE/modules/juce_audio_processors/juce_audio_processors.h:163:
/Users/larryseyer/AudioDevelopment/OTTO/JUCE/modules/juce_audio_processors/format_types/juce_LADSPAPluginFormat.h:38:61: warning: 'DOXYGEN' is not defined, evaluates to 0 [-Wundef]
   38 | #if (JUCE_PLUGINHOST_LADSPA && (JUCE_LINUX || JUCE_BSD)) || DOXYGEN
      |                                                             ^
In file included from /Users/larryseyer/AudioDevelopment/OTTO/Source/UI/Controls/TouchOptimizedControls.cpp:1:
In file included from /Users/larryseyer/AudioDevelopment/OTTO/Source/UI/Controls/TouchOptimizedControls.h:4:
In file included from /Users/larryseyer/AudioDevelopment/OTTO/Builds/MacOSX/CMake-Release/OTTO_artefacts/JuceLibraryCode/JuceHeader.h:14:
In file included from /Users/larryseyer/AudioDevelopment/OTTO/JUCE/modules/juce_audio_plugin_client/juce_audio_plugin_client.h:65:
In file included from /Users/larryseyer/AudioDevelopment/OTTO/JUCE/modules/juce_audio_processors/juce_audio_processors.h:164:
/Users/larryseyer/AudioDevelopment/OTTO/JUCE/modules/juce_audio_processors/format_types/juce_LV2PluginFormat.h:38:64: warning: 'DOXYGEN' is not defined, evaluates to 0 [-Wundef]
   38 | #if (JUCE_PLUGINHOST_LV2 && (! (JUCE_ANDROID || JUCE_IOS))) || DOXYGEN
      |                                                                ^
In file included from /Users/larryseyer/AudioDevelopment/OTTO/Source/UI/Controls/TouchOptimizedControls.cpp:1:
In file included from /Users/larryseyer/AudioDevelopment/OTTO/Source/UI/Controls/TouchOptimizedControls.h:4:
In file included from /Users/larryseyer/AudioDevelopment/OTTO/Builds/MacOSX/CMake-Release/OTTO_artefacts/JuceLibraryCode/JuceHeader.h:14:
In file included from /Users/larryseyer/AudioDevelopment/OTTO/JUCE/modules/juce_audio_plugin_client/juce_audio_plugin_client.h:65:
In file included from /Users/larryseyer/AudioDevelopment/OTTO/JUCE/modules/juce_audio_processors/juce_audio_processors.h:165:
/Users/larryseyer/AudioDevelopment/OTTO/JUCE/modules/juce_audio_processors/format_types/juce_VST3PluginFormat.h:38:87: warning: 'DOXYGEN' is not defined, evaluates to 0 [-Wundef]
   38 | #if (JUCE_PLUGINHOST_VST3 && (JUCE_MAC || JUCE_WINDOWS || JUCE_LINUX || JUCE_BSD)) || DOXYGEN
      |                                                                                       ^
In file included from /Users/larryseyer/AudioDevelopment/OTTO/Source/UI/Controls/TouchOptimizedControls.cpp:1:
In file included from /Users/larryseyer/AudioDevelopment/OTTO/Source/UI/Controls/TouchOptimizedControls.h:4:
In file included from /Users/larryseyer/AudioDevelopment/OTTO/Builds/MacOSX/CMake-Release/OTTO_artefacts/JuceLibraryCode/JuceHeader.h:14:
In file included from /Users/larryseyer/AudioDevelopment/OTTO/JUCE/modules/juce_audio_plugin_client/juce_audio_plugin_client.h:65:
In file included from /Users/larryseyer/AudioDevelopment/OTTO/JUCE/modules/juce_audio_processors/juce_audio_processors.h:167:
/Users/larryseyer/AudioDevelopment/OTTO/JUCE/modules/juce_audio_processors/format_types/juce_VSTPluginFormat.h:35:29: warning: 'DOXYGEN' is not defined, evaluates to 0 [-Wundef]
   35 | #if (JUCE_PLUGINHOST_VST || DOXYGEN)
      |                             ^
In file included from /Users/larryseyer/AudioDevelopment/OTTO/Source/UI/Controls/TouchOptimizedControls.cpp:1:
In file included from /Users/larryseyer/AudioDevelopment/OTTO/Source/UI/Controls/TouchOptimizedControls.h:4:
In file included from /Users/larryseyer/AudioDevelopment/OTTO/Builds/MacOSX/CMake-Release/OTTO_artefacts/JuceLibraryCode/JuceHeader.h:14:
In file included from /Users/larryseyer/AudioDevelopment/OTTO/JUCE/modules/juce_audio_plugin_client/juce_audio_plugin_client.h:65:
In file included from /Users/larryseyer/AudioDevelopment/OTTO/JUCE/modules/juce_audio_processors/juce_audio_processors.h:168:
/Users/larryseyer/AudioDevelopment/OTTO/JUCE/modules/juce_audio_processors/format_types/juce_ARAHosting.h:37:122: warning: 'DOXYGEN' is not defined, evaluates to 0 [-Wundef]
   37 | #if (JUCE_PLUGINHOST_ARA && (JUCE_PLUGINHOST_VST3 || JUCE_PLUGINHOST_AU) && (JUCE_MAC || JUCE_WINDOWS || JUCE_LINUX)) || DOXYGEN
      |                                                                                                                          ^
In file included from /Users/larryseyer/AudioDevelopment/OTTO/Source/UI/Controls/TouchOptimizedControls.cpp:1:
In file included from /Users/larryseyer/AudioDevelopment/OTTO/Source/UI/Controls/TouchOptimizedControls.h:4:
In file included from /Users/larryseyer/AudioDevelopment/OTTO/Builds/MacOSX/CMake-Release/OTTO_artefacts/JuceLibraryCode/JuceHeader.h:14:
In file included from /Users/larryseyer/AudioDevelopment/OTTO/JUCE/modules/juce_audio_plugin_client/juce_audio_plugin_client.h:65:
In file included from /Users/larryseyer/AudioDevelopment/OTTO/JUCE/modules/juce_audio_processors/juce_audio_processors.h:177:
/Users/larryseyer/AudioDevelopment/OTTO/JUCE/modules/juce_audio_processors/utilities/juce_ParameterAttachments.h:260:25: warning: 'DOXYGEN' is not defined, evaluates to 0 [-Wundef]
  260 | #if JUCE_WEB_BROWSER || DOXYGEN
      |                         ^
In file included from /Users/larryseyer/AudioDevelopment/OTTO/Source/UI/Controls/TouchOptimizedControls.cpp:1:
In file included from /Users/larryseyer/AudioDevelopment/OTTO/Source/UI/Controls/TouchOptimizedControls.h:4:
In file included from /Users/larryseyer/AudioDevelopment/OTTO/Builds/MacOSX/CMake-Release/OTTO_artefacts/JuceLibraryCode/JuceHeader.h:14:
In file included from /Users/larryseyer/AudioDevelopment/OTTO/JUCE/modules/juce_audio_plugin_client/juce_audio_plugin_client.h:65:
In file included from /Users/larryseyer/AudioDevelopment/OTTO/JUCE/modules/juce_audio_processors/juce_audio_processors.h:178:
/Users/larryseyer/AudioDevelopment/OTTO/JUCE/modules/juce_audio_processors/utilities/juce_AudioProcessorValueTreeState.h:639:8: warning: 'JUCE_UNIT_TESTS' is not defined, evaluates to 0 [-Wundef]
  639 |    #if JUCE_UNIT_TESTS
      |        ^
In file included from /Users/larryseyer/AudioDevelopment/OTTO/Source/UI/Controls/TouchOptimizedControls.cpp:1:
In file included from /Users/larryseyer/AudioDevelopment/OTTO/Source/UI/Controls/TouchOptimizedControls.h:4:
In file included from /Users/larryseyer/AudioDevelopment/OTTO/Builds/MacOSX/CMake-Release/OTTO_artefacts/JuceLibraryCode/JuceHeader.h:23:
In file included from /Users/larryseyer/AudioDevelopment/OTTO/JUCE/modules/juce_audio_devices/juce_audio_devices.h:174:
/Users/larryseyer/AudioDevelopment/OTTO/JUCE/modules/juce_audio_devices/midi_io/juce_MidiDevices.h:205:8: warning: 'JUCE_LINUX' is not defined, evaluates to 0 [-Wundef]
  205 |    #if JUCE_LINUX || JUCE_BSD || JUCE_MAC || JUCE_IOS || DOXYGEN
      |        ^
/Users/larryseyer/AudioDevelopment/OTTO/JUCE/modules/juce_audio_devices/midi_io/juce_MidiDevices.h:205:22: warning: 'JUCE_BSD' is not defined, evaluates to 0 [-Wundef]
  205 |    #if JUCE_LINUX || JUCE_BSD || JUCE_MAC || JUCE_IOS || DOXYGEN
      |                      ^
/Users/larryseyer/AudioDevelopment/OTTO/JUCE/modules/juce_audio_devices/midi_io/juce_MidiDevices.h:364:8: warning: 'JUCE_LINUX' is not defined, evaluates to 0 [-Wundef]
  364 |    #if JUCE_LINUX || JUCE_BSD || JUCE_MAC || JUCE_IOS || DOXYGEN
      |        ^
/Users/larryseyer/AudioDevelopment/OTTO/JUCE/modules/juce_audio_devices/midi_io/juce_MidiDevices.h:364:22: warning: 'JUCE_BSD' is not defined, evaluates to 0 [-Wundef]
  364 |    #if JUCE_LINUX || JUCE_BSD || JUCE_MAC || JUCE_IOS || DOXYGEN
      |                      ^
In file included from /Users/larryseyer/AudioDevelopment/OTTO/Source/UI/Controls/TouchOptimizedControls.cpp:1:
In file included from /Users/larryseyer/AudioDevelopment/OTTO/Source/UI/Controls/TouchOptimizedControls.h:4:
In file included from /Users/larryseyer/AudioDevelopment/OTTO/Builds/MacOSX/CMake-Release/OTTO_artefacts/JuceLibraryCode/JuceHeader.h:23:
In file included from /Users/larryseyer/AudioDevelopment/OTTO/JUCE/modules/juce_audio_devices/juce_audio_devices.h:175:
/Users/larryseyer/AudioDevelopment/OTTO/JUCE/modules/juce_audio_devices/midi_io/juce_MidiMessageCollector.h:118:8: warning: 'JUCE_DEBUG' is not defined, evaluates to 0 [-Wundef]
  118 |    #if JUCE_DEBUG
      |        ^
In file included from /Users/larryseyer/AudioDevelopment/OTTO/Source/UI/Controls/TouchOptimizedControls.cpp:1:
In file included from /Users/larryseyer/AudioDevelopment/OTTO/Source/UI/Controls/TouchOptimizedControls.h:4:
In file included from /Users/larryseyer/AudioDevelopment/OTTO/Builds/MacOSX/CMake-Release/OTTO_artefacts/JuceLibraryCode/JuceHeader.h:23:
/Users/larryseyer/AudioDevelopment/OTTO/JUCE/modules/juce_audio_devices/juce_audio_devices.h:199:5: warning: 'JUCE_IOS' is not defined, evaluates to 0 [-Wundef]
  199 | #if JUCE_IOS
      |     ^
In file included from /Users/larryseyer/AudioDevelopment/OTTO/Source/UI/Controls/TouchOptimizedControls.cpp:1:
In file included from /Users/larryseyer/AudioDevelopment/OTTO/Source/UI/Controls/TouchOptimizedControls.h:4:
In file included from /Users/larryseyer/AudioDevelopment/OTTO/Builds/MacOSX/CMake-Release/OTTO_artefacts/JuceLibraryCode/JuceHeader.h:24:
/Users/larryseyer/AudioDevelopment/OTTO/JUCE/modules/juce_audio_formats/juce_audio_formats.h:117:7: warning: 'JUCE_WINDOWS' is not defined, evaluates to 0 [-Wundef]
  117 | #if ! JUCE_WINDOWS
      |       ^
In file included from /Users/larryseyer/AudioDevelopment/OTTO/Source/UI/Controls/TouchOptimizedControls.cpp:1:
In file included from /Users/larryseyer/AudioDevelopment/OTTO/Source/UI/Controls/TouchOptimizedControls.h:4:
In file included from /Users/larryseyer/AudioDevelopment/OTTO/Builds/MacOSX/CMake-Release/OTTO_artefacts/JuceLibraryCode/JuceHeader.h:24:
In file included from /Users/larryseyer/AudioDevelopment/OTTO/JUCE/modules/juce_audio_formats/juce_audio_formats.h:134:
/Users/larryseyer/AudioDevelopment/OTTO/JUCE/modules/juce_audio_formats/codecs/juce_LAMEEncoderAudioFormat.h:38:35: warning: 'DOXYGEN' is not defined, evaluates to 0 [-Wundef]
   38 | #if JUCE_USE_LAME_AUDIO_FORMAT || DOXYGEN
      |                                   ^
In file included from /Users/larryseyer/AudioDevelopment/OTTO/Source/UI/Controls/TouchOptimizedControls.cpp:1:
In file included from /Users/larryseyer/AudioDevelopment/OTTO/Source/UI/Controls/TouchOptimizedControls.h:4:
In file included from /Users/larryseyer/AudioDevelopment/OTTO/Builds/MacOSX/CMake-Release/OTTO_artefacts/JuceLibraryCode/JuceHeader.h:24:
In file included from /Users/larryseyer/AudioDevelopment/OTTO/JUCE/modules/juce_audio_formats/juce_audio_formats.h:135:
/Users/larryseyer/AudioDevelopment/OTTO/JUCE/modules/juce_audio_formats/codecs/juce_MP3AudioFormat.h:38:32: warning: 'DOXYGEN' is not defined, evaluates to 0 [-Wundef]
   38 | #if JUCE_USE_MP3AUDIOFORMAT || DOXYGEN
      |                                ^
In file included from /Users/larryseyer/AudioDevelopment/OTTO/Source/UI/Controls/TouchOptimizedControls.cpp:1:
In file included from /Users/larryseyer/AudioDevelopment/OTTO/Source/UI/Controls/TouchOptimizedControls.h:4:
In file included from /Users/larryseyer/AudioDevelopment/OTTO/Builds/MacOSX/CMake-Release/OTTO_artefacts/JuceLibraryCode/JuceHeader.h:24:
In file included from /Users/larryseyer/AudioDevelopment/OTTO/JUCE/modules/juce_audio_formats/juce_audio_formats.h:138:
/Users/larryseyer/AudioDevelopment/OTTO/JUCE/modules/juce_audio_formats/codecs/juce_WindowsMediaAudioFormat.h:38:5: warning: 'JUCE_WINDOWS' is not defined, evaluates to 0 [-Wundef]
   38 | #if JUCE_WINDOWS || DOXYGEN
      |     ^
/Users/larryseyer/AudioDevelopment/OTTO/JUCE/modules/juce_audio_formats/codecs/juce_WindowsMediaAudioFormat.h:38:21: warning: 'DOXYGEN' is not defined, evaluates to 0 [-Wundef]
   38 | #if JUCE_WINDOWS || DOXYGEN
      |                     ^
In file included from /Users/larryseyer/AudioDevelopment/OTTO/Source/UI/Controls/TouchOptimizedControls.cpp:1:
In file included from /Users/larryseyer/AudioDevelopment/OTTO/Source/UI/Controls/TouchOptimizedControls.h:4:
In file included from /Users/larryseyer/AudioDevelopment/OTTO/Builds/MacOSX/CMake-Release/OTTO_artefacts/JuceLibraryCode/JuceHeader.h:25:
In file included from /Users/larryseyer/AudioDevelopment/OTTO/JUCE/modules/juce_audio_utils/juce_audio_utils.h:99:
/Users/larryseyer/AudioDevelopment/OTTO/JUCE/modules/juce_audio_utils/audio_cd/juce_AudioCDBurner.h:38:26: warning: 'DOXYGEN' is not defined, evaluates to 0 [-Wundef]
   38 | #if JUCE_USE_CDBURNER || DOXYGEN
      |                          ^
In file included from /Users/larryseyer/AudioDevelopment/OTTO/Source/UI/Controls/TouchOptimizedControls.cpp:1:
In file included from /Users/larryseyer/AudioDevelopment/OTTO/Source/UI/Controls/TouchOptimizedControls.h:4:
In file included from /Users/larryseyer/AudioDevelopment/OTTO/Builds/MacOSX/CMake-Release/OTTO_artefacts/JuceLibraryCode/JuceHeader.h:25:
In file included from /Users/larryseyer/AudioDevelopment/OTTO/JUCE/modules/juce_audio_utils/juce_audio_utils.h:100:
/Users/larryseyer/AudioDevelopment/OTTO/JUCE/modules/juce_audio_utils/audio_cd/juce_AudioCDReader.h:38:26: warning: 'DOXYGEN' is not defined, evaluates to 0 [-Wundef]
   38 | #if JUCE_USE_CDREADER || DOXYGEN
      |                          ^
In file included from /Users/larryseyer/AudioDevelopment/OTTO/Source/UI/Controls/TouchOptimizedControls.cpp:1:
In file included from /Users/larryseyer/AudioDevelopment/OTTO/Source/UI/Controls/TouchOptimizedControls.h:4:
In file included from /Users/larryseyer/AudioDevelopment/OTTO/Builds/MacOSX/CMake-Release/OTTO_artefacts/JuceLibraryCode/JuceHeader.h:26:
/Users/larryseyer/AudioDevelopment/OTTO/JUCE/modules/juce_dsp/juce_dsp.h:69:5: warning: 'JUCE_INTEL' is not defined, evaluates to 0 [-Wundef]
   69 | #if JUCE_INTEL
      |     ^
/Users/larryseyer/AudioDevelopment/OTTO/JUCE/modules/juce_dsp/juce_dsp.h:95:20: warning: 'JUCE_WINDOWS' is not defined, evaluates to 0 [-Wundef]
   95 |  #if JUCE_64BIT && JUCE_WINDOWS
      |                    ^
/Users/larryseyer/AudioDevelopment/OTTO/JUCE/modules/juce_dsp/juce_dsp.h:113:6: warning: '_MSC_VER' is not defined, evaluates to 0 [-Wundef]
  113 |  #if _MSC_VER && JUCE_USE_SIMD && ! (defined (_M_X64) || defined (__amd64__))
      |      ^
/Users/larryseyer/AudioDevelopment/OTTO/JUCE/modules/juce_dsp/juce_dsp.h:242:6: warning: 'JUCE_INTEL' is not defined, evaluates to 0 [-Wundef]
  242 |  #if JUCE_INTEL
      |      ^
In file included from /Users/larryseyer/AudioDevelopment/OTTO/Source/UI/Controls/TouchOptimizedControls.cpp:1:
In file included from /Users/larryseyer/AudioDevelopment/OTTO/Source/UI/Controls/TouchOptimizedControls.h:4:
In file included from /Users/larryseyer/AudioDevelopment/OTTO/Builds/MacOSX/CMake-Release/OTTO_artefacts/JuceLibraryCode/JuceHeader.h:27:
/Users/larryseyer/AudioDevelopment/OTTO/JUCE/modules/juce_opengl/juce_opengl.h:72:5: warning: 'JUCE_IOS' is not defined, evaluates to 0 [-Wundef]
   72 | #if JUCE_IOS || JUCE_ANDROID
      |     ^
/Users/larryseyer/AudioDevelopment/OTTO/JUCE/modules/juce_opengl/juce_opengl.h:72:17: warning: 'JUCE_ANDROID' is not defined, evaluates to 0 [-Wundef]
   72 | #if JUCE_IOS || JUCE_ANDROID
      |                 ^
/Users/larryseyer/AudioDevelopment/OTTO/JUCE/modules/juce_opengl/juce_opengl.h:82:5: warning: 'JUCE_OPENGL_ES' is not defined, evaluates to 0 [-Wundef]
   82 | #if JUCE_OPENGL_ES || DOXYGEN
      |     ^
/Users/larryseyer/AudioDevelopment/OTTO/JUCE/modules/juce_opengl/juce_opengl.h:82:23: warning: 'DOXYGEN' is not defined, evaluates to 0 [-Wundef]
   82 | #if JUCE_OPENGL_ES || DOXYGEN
      |                       ^
In file included from /Users/larryseyer/AudioDevelopment/OTTO/Source/UI/Controls/TouchOptimizedControls.cpp:1:
In file included from /Users/larryseyer/AudioDevelopment/OTTO/Source/UI/Controls/TouchOptimizedControls.h:4:
In file included from /Users/larryseyer/AudioDevelopment/OTTO/Builds/MacOSX/CMake-Release/OTTO_artefacts/JuceLibraryCode/JuceHeader.h:27:
In file included from /Users/larryseyer/AudioDevelopment/OTTO/JUCE/modules/juce_opengl/juce_opengl.h:120:
/Users/larryseyer/AudioDevelopment/OTTO/JUCE/modules/juce_opengl/native/juce_OpenGLExtensions.h:127:8: warning: 'JUCE_WINDOWS' is not defined, evaluates to 0 [-Wundef]
  127 |    #if JUCE_WINDOWS && ! defined (DOXYGEN)
      |        ^
/Users/larryseyer/AudioDevelopment/OTTO/JUCE/modules/juce_opengl/native/juce_OpenGLExtensions.h:142:8: warning: 'JUCE_ANDROID' is not defined, evaluates to 0 [-Wundef]
  142 |    #if JUCE_ANDROID
      |        ^
In file included from /Users/larryseyer/AudioDevelopment/OTTO/Source/UI/Controls/TouchOptimizedControls.cpp:1:
In file included from /Users/larryseyer/AudioDevelopment/OTTO/Source/UI/Controls/TouchOptimizedControls.h:4:
/Users/larryseyer/AudioDevelopment/OTTO/Builds/MacOSX/CMake-Release/OTTO_artefacts/JuceLibraryCode/JuceHeader.h:34:7: warning: 'DONT_SET_USING_JUCE_NAMESPACE' is not defined, evaluates to 0 [-Wundef]
   34 | #if ! DONT_SET_USING_JUCE_NAMESPACE
      |       ^
In file included from /Users/larryseyer/AudioDevelopment/OTTO/Source/UI/Controls/TouchOptimizedControls.cpp:1:
In file included from /Users/larryseyer/AudioDevelopment/OTTO/Source/UI/Controls/TouchOptimizedControls.h:5:
/Users/larryseyer/AudioDevelopment/OTTO/Source/UI/Controls/../../ColorScheme.h:104:55: warning: unused parameter 'newThemeName' [-Wunused-parameter]
  104 |         virtual void themeChanged(const juce::String& newThemeName) {}
      |                                                       ^
/Users/larryseyer/AudioDevelopment/OTTO/Source/UI/Controls/../../ColorScheme.h:105:55: warning: unused parameter 'component' [-Wunused-parameter]
  105 |         virtual void colorChanged(const juce::String& component, const juce::String& property, const juce::Colour& newColor) {}
      |                                                       ^
/Users/larryseyer/AudioDevelopment/OTTO/Source/UI/Controls/../../ColorScheme.h:105:86: warning: unused parameter 'property' [-Wunused-parameter]
  105 |         virtual void colorChanged(const juce::String& component, const juce::String& property, const juce::Colour& newColor) {}
      |                                                                                      ^
/Users/larryseyer/AudioDevelopment/OTTO/Source/UI/Controls/../../ColorScheme.h:105:116: warning: unused parameter 'newColor' [-Wunused-parameter]
  105 |         virtual void colorChanged(const juce::String& component, const juce::String& property, const juce::Colour& newColor) {}
      |                                                                                                                    ^
In file included from /Users/larryseyer/AudioDevelopment/OTTO/Source/UI/Controls/TouchOptimizedControls.cpp:1:
/Users/larryseyer/AudioDevelopment/OTTO/Source/UI/Controls/TouchOptimizedControls.h:230:10: error: duplicate member 'showValueTooltip'
  230 |     bool showValueTooltip = true;
      |          ^
/Users/larryseyer/AudioDevelopment/OTTO/Source/UI/Controls/TouchOptimizedControls.h:217:10: note: previous declaration is here
  217 |     void showValueTooltip(const juce::Point<int>& position);
      |          ^
/Users/larryseyer/AudioDevelopment/OTTO/Source/UI/Controls/TouchOptimizedControls.h:204:46: error: reference to non-static member function must be called
  204 |     bool isShowValueTooltip() const { return showValueTooltip; }
      |                                              ^~~~~~~~~~~~~~~~
In file included from /Users/larryseyer/AudioDevelopment/OTTO/Source/UI/Controls/TouchOptimizedControls.cpp:3:
In file included from /Users/larryseyer/AudioDevelopment/OTTO/Source/UI/Controls/../../INIDataManager.h:6:
/Users/larryseyer/AudioDevelopment/OTTO/Source/UI/Controls/../../MidiEngine.h:24:34: warning: implicit conversion increases floating-point precision: 'const float' to 'double' [-Wdouble-promotion]
   24 |         double currentPosition = INIConfig::MIDI::DEFAULT_POSITION;
      |                                  ^~~~~~~~~~~~~~~~~~~~~~~~~~~~~~~~~
/Users/larryseyer/AudioDevelopment/OTTO/Source/UI/Controls/../../MidiEngine.h:224:35: warning: implicit conversion increases floating-point precision: 'const float' to 'double' [-Wdouble-promotion]
  224 |         double playbackPosition = INIConfig::MIDI::DEFAULT_POSITION;
      |                                   ^~~~~~~~~~~~~~~~~~~~~~~~~~~~~~~~~
/Users/larryseyer/AudioDevelopment/OTTO/Source/UI/Controls/../../MidiEngine.h:225:34: warning: implicit conversion increases floating-point precision: 'const float' to 'double' [-Wdouble-promotion]
  225 |         double lastProcessTime = INIConfig::MIDI::DEFAULT_LAST_TIME;
      |                                  ^~~~~~~~~~~~~~~~~~~~~~~~~~~~~~~~~~
/Users/larryseyer/AudioDevelopment/OTTO/Source/UI/Controls/../../MidiEngine.h:247:30: warning: implicit conversion increases floating-point precision: 'const float' to 'double' [-Wdouble-promotion]
  247 |     double lastProcessTime = INIConfig::MIDI::DEFAULT_LAST_TIME;
      |                              ^~~~~~~~~~~~~~~~~~~~~~~~~~~~~~~~~~
/Users/larryseyer/AudioDevelopment/OTTO/Source/UI/Controls/../../MidiEngine.h:248:28: warning: implicit conversion increases floating-point precision: 'const float' to 'double' [-Wdouble-promotion]
  248 |     double lastClockTime = INIConfig::MIDI::DEFAULT_LAST_TIME;
      |                            ^~~~~~~~~~~~~~~~~~~~~~~~~~~~~~~~~~
/Users/larryseyer/AudioDevelopment/OTTO/Source/UI/Controls/../../MidiEngine.h:253:24: warning: implicit conversion increases floating-point precision: 'const float' to 'double' [-Wdouble-promotion]
  253 |     double hostTempo = INIConfig::MIDI::DEFAULT_POSITION;
      |                        ^~~~~~~~~~~~~~~~~~~~~~~~~~~~~~~~~
/Users/larryseyer/AudioDevelopment/OTTO/Source/UI/Controls/../../MidiEngine.h:264:30: warning: implicit conversion increases floating-point precision: 'const float' to 'double' [-Wdouble-promotion]
  264 |     double countInPosition = INIConfig::MIDI::DEFAULT_POSITION;
      |                              ^~~~~~~~~~~~~~~~~~~~~~~~~~~~~~~~~
/Users/larryseyer/AudioDevelopment/OTTO/Source/UI/Controls/../../MidiEngine.h:272:30: warning: implicit conversion increases floating-point precision: 'const float' to 'double' [-Wdouble-promotion]
  272 |     double recordStartTime = INIConfig::MIDI::DEFAULT_LAST_TIME;
      |                              ^~~~~~~~~~~~~~~~~~~~~~~~~~~~~~~~~~
/Users/larryseyer/AudioDevelopment/OTTO/Source/UI/Controls/../../MidiEngine.h:278:37: warning: implicit conversion increases floating-point precision: 'const float' to 'double' [-Wdouble-promotion]
  278 |     double loopRecordingStartTime = INIConfig::MIDI::DEFAULT_LAST_TIME;
      |                                     ^~~~~~~~~~~~~~~~~~~~~~~~~~~~~~~~~~
/Users/larryseyer/AudioDevelopment/OTTO/Source/UI/Controls/../../MidiEngine.h:285:26: warning: implicit conversion increases floating-point precision: 'const float' to 'double' [-Wdouble-promotion]
  285 |     double lastTapTime = INIConfig::MIDI::DEFAULT_LAST_TIME;
      |                          ^~~~~~~~~~~~~~~~~~~~~~~~~~~~~~~~~~
/Users/larryseyer/AudioDevelopment/OTTO/Source/UI/Controls/TouchOptimizedControls.cpp:32:64: warning: unused parameter 'shouldDrawButtonAsHighlighted' [-Wunused-parameter]
   32 | void TouchOptimizedButton::paintButton(juce::Graphics& g, bool shouldDrawButtonAsHighlighted, bool shouldDrawButtonAsDown)
      |                                                                ^
/Users/larryseyer/AudioDevelopment/OTTO/Source/UI/Controls/TouchOptimizedControls.cpp:32:100: warning: unused parameter 'shouldDrawButtonAsDown' [-Wunused-parameter]
   32 | void TouchOptimizedButton::paintButton(juce::Graphics& g, bool shouldDrawButtonAsHighlighted, bool shouldDrawButtonAsDown)
      |                                                                                                    ^
/Users/larryseyer/AudioDevelopment/OTTO/Source/UI/Controls/TouchOptimizedControls.cpp:233:21: error: no member named 'onTimer' in 'juce::Timer'
  233 |     longPressTimer->onTimer = [this]() {
      |     ~~~~~~~~~~~~~~~~^
/Users/larryseyer/AudioDevelopment/OTTO/Source/UI/Controls/TouchOptimizedControls.cpp:264:5: error: cannot initialize object parameter of type 'juce::Component' with an expression of type 'OTTO::UI::Controls::TouchOptimizedSlider'
  264 |     setSize(100, 44); // Minimum touch-friendly size
      |     ^~~~~~~
/Users/larryseyer/AudioDevelopment/OTTO/Source/UI/Controls/TouchOptimizedControls.cpp:267:5: error: cannot initialize object parameter of type 'juce::Slider' with an expression of type 'OTTO::UI::Controls::TouchOptimizedSlider'
  267 |     setMouseDragSensitivity(100); // Reduce sensitivity for touch
      |     ^~~~~~~~~~~~~~~~~~~~~~~
/Users/larryseyer/AudioDevelopment/OTTO/Source/UI/Controls/TouchOptimizedControls.cpp:268:5: error: cannot initialize object parameter of type 'juce::Slider' with an expression of type 'OTTO::UI::Controls::TouchOptimizedSlider'
  268 |     setScrollWheelEnabled(true);
      |     ^~~~~~~~~~~~~~~~~~~~~
/Users/larryseyer/AudioDevelopment/OTTO/Source/UI/Controls/TouchOptimizedControls.cpp:269:5: error: cannot initialize object parameter of type 'juce::Slider' with an expression of type 'OTTO::UI::Controls::TouchOptimizedSlider'
  269 |     setPopupDisplayEnabled(true, true, this);
      |     ^~~~~~~~~~~~~~~~~~~~~~
/Users/larryseyer/AudioDevelopment/OTTO/Source/UI/Controls/TouchOptimizedControls.cpp:279:19: error: cannot initialize object parameter of type 'const juce::Component' with an expression of type 'OTTO::UI::Controls::TouchOptimizedSlider'
  279 |     auto bounds = getLocalBounds().toFloat();
      |                   ^~~~~~~~~~~~~~
/Users/larryseyer/AudioDevelopment/OTTO/Source/UI/Controls/TouchOptimizedControls.cpp:283:17: error: cannot initialize object parameter of type 'const juce::Component' with an expression of type 'OTTO::UI::Controls::TouchOptimizedSlider'
  283 |     g.setColour(findColour(juce::Slider::trackColourId));
      |                 ^~~~~~~~~~
/Users/larryseyer/AudioDevelopment/OTTO/Source/UI/Controls/TouchOptimizedControls.cpp:285:9: error: cannot initialize object parameter of type 'const juce::Slider' with an expression of type 'OTTO::UI::Controls::TouchOptimizedSlider'
  285 |     if (getSliderStyle() == LinearHorizontal) {
      |         ^~~~~~~~~~~~~~
/Users/larryseyer/AudioDevelopment/OTTO/Source/UI/Controls/TouchOptimizedControls.cpp:291:27: error: cannot initialize object parameter of type 'const juce::Slider' with an expression of type 'OTTO::UI::Controls::TouchOptimizedSlider'
  291 |         auto fillWidth = (getValue() - getMinimum()) / (getMaximum() - getMinimum()) * trackBounds.getWidth();
      |                           ^~~~~~~~
/Users/larryseyer/AudioDevelopment/OTTO/Source/UI/Controls/TouchOptimizedControls.cpp:291:40: error: cannot initialize object parameter of type 'const juce::Slider' with an expression of type 'OTTO::UI::Controls::TouchOptimizedSlider'
  291 |         auto fillWidth = (getValue() - getMinimum()) / (getMaximum() - getMinimum()) * trackBounds.getWidth();
      |                                        ^~~~~~~~~~
/Users/larryseyer/AudioDevelopment/OTTO/Source/UI/Controls/TouchOptimizedControls.cpp:291:57: error: cannot initialize object parameter of type 'const juce::Slider' with an expression of type 'OTTO::UI::Controls::TouchOptimizedSlider'
  291 |         auto fillWidth = (getValue() - getMinimum()) / (getMaximum() - getMinimum()) * trackBounds.getWidth();
      |                                                         ^~~~~~~~~~
/Users/larryseyer/AudioDevelopment/OTTO/Source/UI/Controls/TouchOptimizedControls.cpp:291:72: error: cannot initialize object parameter of type 'const juce::Slider' with an expression of type 'OTTO::UI::Controls::TouchOptimizedSlider'
  291 |         auto fillWidth = (getValue() - getMinimum()) / (getMaximum() - getMinimum()) * trackBounds.getWidth();
      |                                                                        ^~~~~~~~~~
/Users/larryseyer/AudioDevelopment/OTTO/Source/UI/Controls/TouchOptimizedControls.cpp:292:21: error: cannot initialize object parameter of type 'const juce::Component' with an expression of type 'OTTO::UI::Controls::TouchOptimizedSlider'
  292 |         g.setColour(findColour(juce::Slider::thumbColourId));
      |                     ^~~~~~~~~~
/Users/larryseyer/AudioDevelopment/OTTO/Source/UI/Controls/TouchOptimizedControls.cpp:300:21: error: cannot initialize object parameter of type 'const juce::Component' with an expression of type 'OTTO::UI::Controls::TouchOptimizedSlider'
  300 |         g.setColour(findColour(juce::Slider::thumbColourId));
      |                     ^~~~~~~~~~
/Users/larryseyer/AudioDevelopment/OTTO/Source/UI/Controls/TouchOptimizedControls.cpp:304:21: error: cannot initialize object parameter of type 'const juce::Component' with an expression of type 'OTTO::UI::Controls::TouchOptimizedSlider'
  304 |         g.setColour(findColour(juce::Slider::thumbColourId).contrasting(0.3f));
      |                     ^~~~~~~~~~
/Users/larryseyer/AudioDevelopment/OTTO/Source/UI/Controls/TouchOptimizedControls.cpp:307:16: error: cannot initialize object parameter of type 'const juce::Slider' with an expression of type 'OTTO::UI::Controls::TouchOptimizedSlider'
  307 |     } else if (getSliderStyle() == LinearVertical) {
      |                ^~~~~~~~~~~~~~
/Users/larryseyer/AudioDevelopment/OTTO/Source/UI/Controls/TouchOptimizedControls.cpp:313:28: error: cannot initialize object parameter of type 'const juce::Slider' with an expression of type 'OTTO::UI::Controls::TouchOptimizedSlider'
  313 |         auto fillHeight = (getValue() - getMinimum()) / (getMaximum() - getMinimum()) * trackBounds.getHeight();
      |                            ^~~~~~~~
fatal error: too many errors emitted, stopping now [-ferror-limit=]
252 warnings and 20 errors generated.

CompileC /Users/larryseyer/AudioDevelopment/OTTO/Builds/MacOSX/CMake-Release/build/OTTO.build/Release/Objects-normal/arm64/AdaptiveLayoutManager.o /Users/larryseyer/AudioDevelopment/OTTO/Source/UI/Responsive/AdaptiveLayoutManager.cpp normal arm64 c++ com.apple.compilers.llvm.clang.1_0.compiler (in target 'OTTO' from project 'OTTO')
    cd /Users/larryseyer/AudioDevelopment/OTTO
    
    Using response file: /Users/larryseyer/AudioDevelopment/OTTO/Builds/MacOSX/CMake-Release/build/OTTO.build/Release/Objects-normal/arm64/82b82416624d2658e5098eb0a28c15c5-common-args.resp
    
    /Applications/Xcode.app/Contents/Developer/Toolchains/XcodeDefault.xctoolchain/usr/bin/clang -x c++ -ivfsstatcache /var/folders/0p/t4rj91z90d38yk0_8vh370gr0000gn/C/com.apple.DeveloperTools/16.4-16F6/Xcode/SDKStatCaches.noindex/macosx15.5-24F74-8254517eb8b97d462ccbc072ba9094c9.sdkstatcache -fmessage-length\=0 -fdiagnostics-show-note-include-stack -fmacro-backtrace-limit\=0 -fno-color-diagnostics -Wno-trigraphs -Wno-missing-field-initializers -Wno-missing-prototypes -Wno-return-type -Wno-non-virtual-dtor -Wno-overloaded-virtual -Wno-exit-time-destructors -Wno-missing-braces -Wparentheses -Wswitch -Wno-unused-function -Wno-unused-label -Wno-unused-parameter -Wno-unused-variable -Wunused-value -Wno-empty-body -Wno-uninitialized -Wno-unknown-pragmas -Wno-shadow -Wno-four-char-constants -Wno-conversion -Wno-constant-conversion -Wno-int-conversion -Wno-bool-conversion -Wno-enum-conversion -Wno-float-conversion -Wno-non-literal-null-conversion -Wno-objc-literal-conversion -Wshorten-64-to-32 -Wno-newline-eof -Wno-c++11-extensions -Wno-implicit-fallthrough -fstrict-aliasing -Wdeprecated-declarations -Winvalid-offsetof -Wno-sign-conversion -Wno-infinite-recursion -Wno-move -Wno-comma -Wno-block-capture-autoreleasing -Wno-strict-prototypes -Wno-range-loop-analysis -Wno-semicolon-before-method-body -Wall -Wextra -Wpedantic -Wformat\=2 -Wformat-security -Wnull-dereference -Wdouble-promotion -Wshadow -Wundef -Wcast-align @/Users/larryseyer/AudioDevelopment/OTTO/Builds/MacOSX/CMake-Release/build/OTTO.build/Release/Objects-normal/arm64/82b82416624d2658e5098eb0a28c15c5-common-args.resp -MMD -MT dependencies -MF /Users/larryseyer/AudioDevelopment/OTTO/Builds/MacOSX/CMake-Release/build/OTTO.build/Release/Objects-normal/arm64/AdaptiveLayoutManager.d --serialize-diagnostics /Users/larryseyer/AudioDevelopment/OTTO/Builds/MacOSX/CMake-Release/build/OTTO.build/Release/Objects-normal/arm64/AdaptiveLayoutManager.dia -c /Users/larryseyer/AudioDevelopment/OTTO/Source/UI/Responsive/AdaptiveLayoutManager.cpp -o /Users/larryseyer/AudioDevelopment/OTTO/Builds/MacOSX/CMake-Release/build/OTTO.build/Release/Objects-normal/arm64/AdaptiveLayoutManager.o
In file included from /Users/larryseyer/AudioDevelopment/OTTO/Source/UI/Responsive/AdaptiveLayoutManager.cpp:1:
In file included from /Users/larryseyer/AudioDevelopment/OTTO/Source/UI/Responsive/AdaptiveLayoutManager.h:4:
In file included from /Users/larryseyer/AudioDevelopment/OTTO/Builds/MacOSX/CMake-Release/OTTO_artefacts/JuceLibraryCode/JuceHeader.h:14:
In file included from /Users/larryseyer/AudioDevelopment/OTTO/JUCE/modules/juce_audio_plugin_client/juce_audio_plugin_client.h:63:
In file included from /Users/larryseyer/AudioDevelopment/OTTO/JUCE/modules/juce_gui_basics/juce_gui_basics.h:68:
In file included from /Users/larryseyer/AudioDevelopment/OTTO/JUCE/modules/juce_graphics/juce_graphics.h:67:
In file included from /Users/larryseyer/AudioDevelopment/OTTO/JUCE/modules/juce_core/juce_core.h:77:
/Users/larryseyer/AudioDevelopment/OTTO/JUCE/modules/juce_core/system/juce_TargetPlatform.h:99:5: warning: 'JUCE_WINDOWS' is not defined, evaluates to 0 [-Wundef]
   99 | #if JUCE_WINDOWS
      |     ^
/Users/larryseyer/AudioDevelopment/OTTO/JUCE/modules/juce_core/system/juce_TargetPlatform.h:183:5: warning: 'JUCE_LINUX' is not defined, evaluates to 0 [-Wundef]
  183 | #if JUCE_LINUX || JUCE_ANDROID || JUCE_BSD
      |     ^
/Users/larryseyer/AudioDevelopment/OTTO/JUCE/modules/juce_core/system/juce_TargetPlatform.h:183:19: warning: 'JUCE_ANDROID' is not defined, evaluates to 0 [-Wundef]
  183 | #if JUCE_LINUX || JUCE_ANDROID || JUCE_BSD
      |                   ^
/Users/larryseyer/AudioDevelopment/OTTO/JUCE/modules/juce_core/system/juce_TargetPlatform.h:183:35: warning: 'JUCE_BSD' is not defined, evaluates to 0 [-Wundef]
  183 | #if JUCE_LINUX || JUCE_ANDROID || JUCE_BSD
      |                                   ^
In file included from /Users/larryseyer/AudioDevelopment/OTTO/Source/UI/Responsive/AdaptiveLayoutManager.cpp:1:
In file included from /Users/larryseyer/AudioDevelopment/OTTO/Source/UI/Responsive/AdaptiveLayoutManager.h:4:
In file included from /Users/larryseyer/AudioDevelopment/OTTO/Builds/MacOSX/CMake-Release/OTTO_artefacts/JuceLibraryCode/JuceHeader.h:14:
In file included from /Users/larryseyer/AudioDevelopment/OTTO/JUCE/modules/juce_audio_plugin_client/juce_audio_plugin_client.h:63:
In file included from /Users/larryseyer/AudioDevelopment/OTTO/JUCE/modules/juce_gui_basics/juce_gui_basics.h:68:
In file included from /Users/larryseyer/AudioDevelopment/OTTO/JUCE/modules/juce_graphics/juce_graphics.h:67:
/Users/larryseyer/AudioDevelopment/OTTO/JUCE/modules/juce_core/juce_core.h:115:5: warning: 'JUCE_DEBUG' is not defined, evaluates to 0 [-Wundef]
  115 | #if JUCE_DEBUG && ! defined (JUCE_CHECK_MEMORY_LEAKS)
      |     ^
/Users/larryseyer/AudioDevelopment/OTTO/JUCE/modules/juce_core/juce_core.h:207:5: warning: 'JUCE_CORE_INCLUDE_NATIVE_HEADERS' is not defined, evaluates to 0 [-Wundef]
  207 | #if JUCE_CORE_INCLUDE_NATIVE_HEADERS
      |     ^
/Users/larryseyer/AudioDevelopment/OTTO/JUCE/modules/juce_core/juce_core.h:211:5: warning: 'JUCE_WINDOWS' is not defined, evaluates to 0 [-Wundef]
  211 | #if JUCE_WINDOWS
      |     ^
In file included from /Users/larryseyer/AudioDevelopment/OTTO/Source/UI/Responsive/AdaptiveLayoutManager.cpp:1:
In file included from /Users/larryseyer/AudioDevelopment/OTTO/Source/UI/Responsive/AdaptiveLayoutManager.h:4:
In file included from /Users/larryseyer/AudioDevelopment/OTTO/Builds/MacOSX/CMake-Release/OTTO_artefacts/JuceLibraryCode/JuceHeader.h:14:
In file included from /Users/larryseyer/AudioDevelopment/OTTO/JUCE/modules/juce_audio_plugin_client/juce_audio_plugin_client.h:63:
In file included from /Users/larryseyer/AudioDevelopment/OTTO/JUCE/modules/juce_gui_basics/juce_gui_basics.h:68:
In file included from /Users/larryseyer/AudioDevelopment/OTTO/JUCE/modules/juce_graphics/juce_graphics.h:67:
In file included from /Users/larryseyer/AudioDevelopment/OTTO/JUCE/modules/juce_core/juce_core.h:215:
/Users/larryseyer/AudioDevelopment/OTTO/JUCE/modules/juce_core/system/juce_StandardHeader.h:56:7: warning: 'DOXYGEN' is not defined, evaluates to 0 [-Wundef]
   56 | #if ! DOXYGEN
      |       ^
In file included from /Users/larryseyer/AudioDevelopment/OTTO/Source/UI/Responsive/AdaptiveLayoutManager.cpp:1:
In file included from /Users/larryseyer/AudioDevelopment/OTTO/Source/UI/Responsive/AdaptiveLayoutManager.h:4:
In file included from /Users/larryseyer/AudioDevelopment/OTTO/Builds/MacOSX/CMake-Release/OTTO_artefacts/JuceLibraryCode/JuceHeader.h:14:
In file included from /Users/larryseyer/AudioDevelopment/OTTO/JUCE/modules/juce_audio_plugin_client/juce_audio_plugin_client.h:63:
In file included from /Users/larryseyer/AudioDevelopment/OTTO/JUCE/modules/juce_gui_basics/juce_gui_basics.h:68:
In file included from /Users/larryseyer/AudioDevelopment/OTTO/JUCE/modules/juce_graphics/juce_graphics.h:67:
In file included from /Users/larryseyer/AudioDevelopment/OTTO/JUCE/modules/juce_core/juce_core.h:215:
In file included from /Users/larryseyer/AudioDevelopment/OTTO/JUCE/modules/juce_core/system/juce_StandardHeader.h:93:
/Users/larryseyer/AudioDevelopment/OTTO/JUCE/modules/juce_core/system/juce_CompilerSupport.h:43:5: warning: 'JUCE_GCC' is not defined, evaluates to 0 [-Wundef]
   43 | #if JUCE_GCC
      |     ^
/Users/larryseyer/AudioDevelopment/OTTO/JUCE/modules/juce_core/system/juce_CompilerSupport.h:94:5: warning: 'JUCE_MSVC' is not defined, evaluates to 0 [-Wundef]
   94 | #if JUCE_MSVC
      |     ^
In file included from /Users/larryseyer/AudioDevelopment/OTTO/Source/UI/Responsive/AdaptiveLayoutManager.cpp:1:
In file included from /Users/larryseyer/AudioDevelopment/OTTO/Source/UI/Responsive/AdaptiveLayoutManager.h:4:
In file included from /Users/larryseyer/AudioDevelopment/OTTO/Builds/MacOSX/CMake-Release/OTTO_artefacts/JuceLibraryCode/JuceHeader.h:14:
In file included from /Users/larryseyer/AudioDevelopment/OTTO/JUCE/modules/juce_audio_plugin_client/juce_audio_plugin_client.h:63:
In file included from /Users/larryseyer/AudioDevelopment/OTTO/JUCE/modules/juce_gui_basics/juce_gui_basics.h:68:
In file included from /Users/larryseyer/AudioDevelopment/OTTO/JUCE/modules/juce_graphics/juce_graphics.h:67:
In file included from /Users/larryseyer/AudioDevelopment/OTTO/JUCE/modules/juce_core/juce_core.h:215:
In file included from /Users/larryseyer/AudioDevelopment/OTTO/JUCE/modules/juce_core/system/juce_StandardHeader.h:94:
/Users/larryseyer/AudioDevelopment/OTTO/JUCE/modules/juce_core/system/juce_CompilerWarnings.h:221:5: warning: 'JUCE_MSVC' is not defined, evaluates to 0 [-Wundef]
  221 | #if JUCE_MSVC
      |     ^
In file included from /Users/larryseyer/AudioDevelopment/OTTO/Source/UI/Responsive/AdaptiveLayoutManager.cpp:1:
In file included from /Users/larryseyer/AudioDevelopment/OTTO/Source/UI/Responsive/AdaptiveLayoutManager.h:4:
In file included from /Users/larryseyer/AudioDevelopment/OTTO/Builds/MacOSX/CMake-Release/OTTO_artefacts/JuceLibraryCode/JuceHeader.h:14:
In file included from /Users/larryseyer/AudioDevelopment/OTTO/JUCE/modules/juce_audio_plugin_client/juce_audio_plugin_client.h:63:
In file included from /Users/larryseyer/AudioDevelopment/OTTO/JUCE/modules/juce_gui_basics/juce_gui_basics.h:68:
In file included from /Users/larryseyer/AudioDevelopment/OTTO/JUCE/modules/juce_graphics/juce_graphics.h:67:
In file included from /Users/larryseyer/AudioDevelopment/OTTO/JUCE/modules/juce_core/juce_core.h:215:
In file included from /Users/larryseyer/AudioDevelopment/OTTO/JUCE/modules/juce_core/system/juce_StandardHeader.h:95:
/Users/larryseyer/AudioDevelopment/OTTO/JUCE/modules/juce_core/system/juce_PlatformDefs.h:54:5: warning: 'JUCE_WINDOWS' is not defined, evaluates to 0 [-Wundef]
   54 | #if JUCE_WINDOWS
      |     ^
/Users/larryseyer/AudioDevelopment/OTTO/JUCE/modules/juce_core/system/juce_PlatformDefs.h:66:29: warning: 'JUCE_DEBUG' is not defined, evaluates to 0 [-Wundef]
   66 |  #if JUCE_LOG_ASSERTIONS || JUCE_DEBUG
      |                             ^
/Users/larryseyer/AudioDevelopment/OTTO/JUCE/modules/juce_core/system/juce_PlatformDefs.h:74:5: warning: 'JUCE_IOS' is not defined, evaluates to 0 [-Wundef]
   74 | #if JUCE_IOS || JUCE_LINUX || JUCE_BSD
      |     ^
/Users/larryseyer/AudioDevelopment/OTTO/JUCE/modules/juce_core/system/juce_PlatformDefs.h:74:17: warning: 'JUCE_LINUX' is not defined, evaluates to 0 [-Wundef]
   74 | #if JUCE_IOS || JUCE_LINUX || JUCE_BSD
      |                 ^
/Users/larryseyer/AudioDevelopment/OTTO/JUCE/modules/juce_core/system/juce_PlatformDefs.h:74:31: warning: 'JUCE_BSD' is not defined, evaluates to 0 [-Wundef]
   74 | #if JUCE_IOS || JUCE_LINUX || JUCE_BSD
      |                               ^
/Users/larryseyer/AudioDevelopment/OTTO/JUCE/modules/juce_core/system/juce_PlatformDefs.h:81:7: warning: 'JUCE_MSVC' is not defined, evaluates to 0 [-Wundef]
   81 | #elif JUCE_MSVC
      |       ^
/Users/larryseyer/AudioDevelopment/OTTO/JUCE/modules/juce_core/system/juce_PlatformDefs.h:86:7: warning: 'JUCE_INTEL' is not defined, evaluates to 0 [-Wundef]
   86 | #elif JUCE_INTEL && (JUCE_GCC || JUCE_CLANG || JUCE_MAC)
      |       ^
/Users/larryseyer/AudioDevelopment/OTTO/JUCE/modules/juce_core/system/juce_PlatformDefs.h:132:5: warning: 'JUCE_MSVC' is not defined, evaluates to 0 [-Wundef]
  132 | #if JUCE_MSVC && ! defined (DOXYGEN)
      |     ^
/Users/larryseyer/AudioDevelopment/OTTO/JUCE/modules/juce_core/system/juce_PlatformDefs.h:146:6: warning: 'JUCE_DEBUG' is not defined, evaluates to 0 [-Wundef]
  146 | #if (JUCE_DEBUG && ! JUCE_DISABLE_ASSERTIONS) || DOXYGEN
      |      ^
/Users/larryseyer/AudioDevelopment/OTTO/JUCE/modules/juce_core/system/juce_PlatformDefs.h:146:50: warning: 'DOXYGEN' is not defined, evaluates to 0 [-Wundef]
  146 | #if (JUCE_DEBUG && ! JUCE_DISABLE_ASSERTIONS) || DOXYGEN
      |                                                  ^
/Users/larryseyer/AudioDevelopment/OTTO/JUCE/modules/juce_core/system/juce_PlatformDefs.h:272:5: warning: 'JUCE_MSVC' is not defined, evaluates to 0 [-Wundef]
  272 | #if JUCE_MSVC && ! defined (DOXYGEN)
      |     ^
/Users/larryseyer/AudioDevelopment/OTTO/JUCE/modules/juce_core/system/juce_PlatformDefs.h:291:5: warning: 'JUCE_DEBUG' is not defined, evaluates to 0 [-Wundef]
  291 | #if JUCE_DEBUG || DOXYGEN
      |     ^
/Users/larryseyer/AudioDevelopment/OTTO/JUCE/modules/juce_core/system/juce_PlatformDefs.h:291:19: warning: 'DOXYGEN' is not defined, evaluates to 0 [-Wundef]
  291 | #if JUCE_DEBUG || DOXYGEN
      |                   ^
/Users/larryseyer/AudioDevelopment/OTTO/JUCE/modules/juce_core/system/juce_PlatformDefs.h:299:7: warning: 'JUCE_MSVC' is not defined, evaluates to 0 [-Wundef]
  299 |   #if JUCE_MSVC
      |       ^
/Users/larryseyer/AudioDevelopment/OTTO/JUCE/modules/juce_core/system/juce_PlatformDefs.h:306:5: warning: 'JUCE_MSVC' is not defined, evaluates to 0 [-Wundef]
  306 | #if JUCE_MSVC || DOXYGEN
      |     ^
/Users/larryseyer/AudioDevelopment/OTTO/JUCE/modules/juce_core/system/juce_PlatformDefs.h:306:18: warning: 'DOXYGEN' is not defined, evaluates to 0 [-Wundef]
  306 | #if JUCE_MSVC || DOXYGEN
      |                  ^
/Users/larryseyer/AudioDevelopment/OTTO/JUCE/modules/juce_core/system/juce_PlatformDefs.h:315:5: warning: 'JUCE_ANDROID' is not defined, evaluates to 0 [-Wundef]
  315 | #if JUCE_ANDROID && ! defined (DOXYGEN)
      |     ^
/Users/larryseyer/AudioDevelopment/OTTO/JUCE/modules/juce_core/system/juce_PlatformDefs.h:324:5: warning: 'JUCE_GCC' is not defined, evaluates to 0 [-Wundef]
  324 | #if JUCE_GCC || JUCE_CLANG
      |     ^
/Users/larryseyer/AudioDevelopment/OTTO/JUCE/modules/juce_core/system/juce_PlatformDefs.h:331:5: warning: 'JUCE_GCC' is not defined, evaluates to 0 [-Wundef]
  331 | #if JUCE_GCC || DOXYGEN
      |     ^
/Users/larryseyer/AudioDevelopment/OTTO/JUCE/modules/juce_core/system/juce_PlatformDefs.h:331:17: warning: 'DOXYGEN' is not defined, evaluates to 0 [-Wundef]
  331 | #if JUCE_GCC || DOXYGEN
      |                 ^
In file included from /Users/larryseyer/AudioDevelopment/OTTO/Source/UI/Responsive/AdaptiveLayoutManager.cpp:1:
In file included from /Users/larryseyer/AudioDevelopment/OTTO/Source/UI/Responsive/AdaptiveLayoutManager.h:4:
In file included from /Users/larryseyer/AudioDevelopment/OTTO/Builds/MacOSX/CMake-Release/OTTO_artefacts/JuceLibraryCode/JuceHeader.h:14:
In file included from /Users/larryseyer/AudioDevelopment/OTTO/JUCE/modules/juce_audio_plugin_client/juce_audio_plugin_client.h:63:
In file included from /Users/larryseyer/AudioDevelopment/OTTO/JUCE/modules/juce_gui_basics/juce_gui_basics.h:68:
In file included from /Users/larryseyer/AudioDevelopment/OTTO/JUCE/modules/juce_graphics/juce_graphics.h:67:
In file included from /Users/larryseyer/AudioDevelopment/OTTO/JUCE/modules/juce_core/juce_core.h:215:
/Users/larryseyer/AudioDevelopment/OTTO/JUCE/modules/juce_core/system/juce_StandardHeader.h:101:5: warning: 'JUCE_MSVC' is not defined, evaluates to 0 [-Wundef]
  101 | #if JUCE_MSVC
      |     ^
/Users/larryseyer/AudioDevelopment/OTTO/JUCE/modules/juce_core/system/juce_StandardHeader.h:113:5: warning: 'JUCE_LINUX' is not defined, evaluates to 0 [-Wundef]
  113 | #if JUCE_LINUX || JUCE_BSD
      |     ^
/Users/larryseyer/AudioDevelopment/OTTO/JUCE/modules/juce_core/system/juce_StandardHeader.h:113:19: warning: 'JUCE_BSD' is not defined, evaluates to 0 [-Wundef]
  113 | #if JUCE_LINUX || JUCE_BSD
      |                   ^
/Users/larryseyer/AudioDevelopment/OTTO/JUCE/modules/juce_core/system/juce_StandardHeader.h:126:5: warning: 'JUCE_MSVC' is not defined, evaluates to 0 [-Wundef]
  126 | #if JUCE_MSVC && JUCE_DEBUG
      |     ^
/Users/larryseyer/AudioDevelopment/OTTO/JUCE/modules/juce_core/system/juce_StandardHeader.h:132:5: warning: 'JUCE_ANDROID' is not defined, evaluates to 0 [-Wundef]
  132 | #if JUCE_ANDROID
      |     ^
/Users/larryseyer/AudioDevelopment/OTTO/JUCE/modules/juce_core/system/juce_StandardHeader.h:147:5: warning: 'JUCE_MSVC' is not defined, evaluates to 0 [-Wundef]
  147 | #if JUCE_MSVC
      |     ^
/Users/larryseyer/AudioDevelopment/OTTO/JUCE/modules/juce_core/system/juce_StandardHeader.h:167:5: warning: 'JUCE_MSVC' is not defined, evaluates to 0 [-Wundef]
  167 | #if JUCE_MSVC && JUCE_DLL_BUILD
      |     ^
In file included from /Users/larryseyer/AudioDevelopment/OTTO/Source/UI/Responsive/AdaptiveLayoutManager.cpp:1:
In file included from /Users/larryseyer/AudioDevelopment/OTTO/Source/UI/Responsive/AdaptiveLayoutManager.h:4:
In file included from /Users/larryseyer/AudioDevelopment/OTTO/Builds/MacOSX/CMake-Release/OTTO_artefacts/JuceLibraryCode/JuceHeader.h:14:
In file included from /Users/larryseyer/AudioDevelopment/OTTO/JUCE/modules/juce_audio_plugin_client/juce_audio_plugin_client.h:63:
In file included from /Users/larryseyer/AudioDevelopment/OTTO/JUCE/modules/juce_gui_basics/juce_gui_basics.h:68:
In file included from /Users/larryseyer/AudioDevelopment/OTTO/JUCE/modules/juce_graphics/juce_graphics.h:67:
In file included from /Users/larryseyer/AudioDevelopment/OTTO/JUCE/modules/juce_core/juce_core.h:239:
/Users/larryseyer/AudioDevelopment/OTTO/JUCE/modules/juce_core/memory/juce_Memory.h:165:59: warning: 'DOXYGEN' is not defined, evaluates to 0 [-Wundef]
  165 | #if (JUCE_COMPILER_SUPPORTS_ARC && defined (__OBJC__)) || DOXYGEN
      |                                                           ^
/Users/larryseyer/AudioDevelopment/OTTO/JUCE/modules/juce_core/memory/juce_Memory.h:181:5: warning: 'JUCE_MSVC' is not defined, evaluates to 0 [-Wundef]
  181 | #if JUCE_MSVC && (defined (JUCE_DLL) || defined (JUCE_DLL_BUILD)) && ! (JUCE_DISABLE_DLL_ALLOCATORS || DOXYGEN)
      |     ^
In file included from /Users/larryseyer/AudioDevelopment/OTTO/Source/UI/Responsive/AdaptiveLayoutManager.cpp:1:
In file included from /Users/larryseyer/AudioDevelopment/OTTO/Source/UI/Responsive/AdaptiveLayoutManager.h:4:
In file included from /Users/larryseyer/AudioDevelopment/OTTO/Builds/MacOSX/CMake-Release/OTTO_artefacts/JuceLibraryCode/JuceHeader.h:14:
In file included from /Users/larryseyer/AudioDevelopment/OTTO/JUCE/modules/juce_audio_plugin_client/juce_audio_plugin_client.h:63:
In file included from /Users/larryseyer/AudioDevelopment/OTTO/JUCE/modules/juce_gui_basics/juce_gui_basics.h:68:
In file included from /Users/larryseyer/AudioDevelopment/OTTO/JUCE/modules/juce_graphics/juce_graphics.h:67:
In file included from /Users/larryseyer/AudioDevelopment/OTTO/JUCE/modules/juce_core/juce_core.h:240:
/Users/larryseyer/AudioDevelopment/OTTO/JUCE/modules/juce_core/maths/juce_MathsFunctions.h:59:5: warning: 'JUCE_MSVC' is not defined, evaluates to 0 [-Wundef]
   59 | #if JUCE_MSVC
      |     ^
/Users/larryseyer/AudioDevelopment/OTTO/JUCE/modules/juce_core/maths/juce_MathsFunctions.h:97:5: warning: 'JUCE_WINDOWS' is not defined, evaluates to 0 [-Wundef]
   97 | #if JUCE_WINDOWS
      |     ^
/Users/larryseyer/AudioDevelopment/OTTO/JUCE/modules/juce_core/maths/juce_MathsFunctions.h:125:8: warning: 'JUCE_MSVC' is not defined, evaluates to 0 [-Wundef]
  125 |    #if JUCE_MSVC
      |        ^
/Users/larryseyer/AudioDevelopment/OTTO/JUCE/modules/juce_core/maths/juce_MathsFunctions.h:136:8: warning: 'JUCE_MSVC' is not defined, evaluates to 0 [-Wundef]
  136 |    #if JUCE_MSVC
      |        ^
/Users/larryseyer/AudioDevelopment/OTTO/JUCE/modules/juce_core/maths/juce_MathsFunctions.h:579:5: warning: 'JUCE_MSVC' is not defined, evaluates to 0 [-Wundef]
  579 | #if JUCE_MSVC
      |     ^
/Users/larryseyer/AudioDevelopment/OTTO/JUCE/modules/juce_core/maths/juce_MathsFunctions.h:606:8: warning: 'JUCE_BIG_ENDIAN' is not defined, evaluates to 0 [-Wundef]
  606 |    #if JUCE_BIG_ENDIAN
      |        ^
/Users/larryseyer/AudioDevelopment/OTTO/JUCE/modules/juce_core/maths/juce_MathsFunctions.h:618:5: warning: 'JUCE_MSVC' is not defined, evaluates to 0 [-Wundef]
  618 | #if JUCE_MSVC
      |     ^
/Users/larryseyer/AudioDevelopment/OTTO/JUCE/modules/juce_core/maths/juce_MathsFunctions.h:738:5: warning: 'JUCE_INTEL' is not defined, evaluates to 0 [-Wundef]
  738 | #if JUCE_INTEL || DOXYGEN
      |     ^
/Users/larryseyer/AudioDevelopment/OTTO/JUCE/modules/juce_core/maths/juce_MathsFunctions.h:738:19: warning: 'DOXYGEN' is not defined, evaluates to 0 [-Wundef]
  738 | #if JUCE_INTEL || DOXYGEN
      |                   ^
In file included from /Users/larryseyer/AudioDevelopment/OTTO/Source/UI/Responsive/AdaptiveLayoutManager.cpp:1:
In file included from /Users/larryseyer/AudioDevelopment/OTTO/Source/UI/Responsive/AdaptiveLayoutManager.h:4:
In file included from /Users/larryseyer/AudioDevelopment/OTTO/Builds/MacOSX/CMake-Release/OTTO_artefacts/JuceLibraryCode/JuceHeader.h:14:
In file included from /Users/larryseyer/AudioDevelopment/OTTO/JUCE/modules/juce_audio_plugin_client/juce_audio_plugin_client.h:63:
In file included from /Users/larryseyer/AudioDevelopment/OTTO/JUCE/modules/juce_gui_basics/juce_gui_basics.h:68:
In file included from /Users/larryseyer/AudioDevelopment/OTTO/JUCE/modules/juce_graphics/juce_graphics.h:67:
In file included from /Users/larryseyer/AudioDevelopment/OTTO/JUCE/modules/juce_core/juce_core.h:241:
/Users/larryseyer/AudioDevelopment/OTTO/JUCE/modules/juce_core/memory/juce_ByteOrder.h:162:5: warning: 'JUCE_MSVC' is not defined, evaluates to 0 [-Wundef]
  162 | #if JUCE_MSVC && ! defined (__INTEL_COMPILER)
      |     ^
In file included from /Users/larryseyer/AudioDevelopment/OTTO/Source/UI/Responsive/AdaptiveLayoutManager.cpp:1:
In file included from /Users/larryseyer/AudioDevelopment/OTTO/Source/UI/Responsive/AdaptiveLayoutManager.h:4:
In file included from /Users/larryseyer/AudioDevelopment/OTTO/Builds/MacOSX/CMake-Release/OTTO_artefacts/JuceLibraryCode/JuceHeader.h:14:
In file included from /Users/larryseyer/AudioDevelopment/OTTO/JUCE/modules/juce_audio_plugin_client/juce_audio_plugin_client.h:63:
In file included from /Users/larryseyer/AudioDevelopment/OTTO/JUCE/modules/juce_gui_basics/juce_gui_basics.h:68:
In file included from /Users/larryseyer/AudioDevelopment/OTTO/JUCE/modules/juce_graphics/juce_graphics.h:67:
In file included from /Users/larryseyer/AudioDevelopment/OTTO/JUCE/modules/juce_core/juce_core.h:243:
/Users/larryseyer/AudioDevelopment/OTTO/JUCE/modules/juce_core/text/juce_CharacterFunctions.h:39:5: warning: 'JUCE_WINDOWS' is not defined, evaluates to 0 [-Wundef]
   39 | #if JUCE_WINDOWS && ! defined (DOXYGEN)
      |     ^
/Users/larryseyer/AudioDevelopment/OTTO/JUCE/modules/juce_core/text/juce_CharacterFunctions.h:64:5: warning: 'JUCE_DEFINE_T_MACRO' is not defined, evaluates to 0 [-Wundef]
   64 | #if JUCE_DEFINE_T_MACRO
      |     ^
/Users/larryseyer/AudioDevelopment/OTTO/JUCE/modules/juce_core/text/juce_CharacterFunctions.h:406:12: warning: 'JUCE_WINDOWS' is not defined, evaluates to 0 [-Wundef]
  406 |        #if JUCE_WINDOWS
      |            ^
/Users/larryseyer/AudioDevelopment/OTTO/JUCE/modules/juce_core/text/juce_CharacterFunctions.h:411:13: warning: 'JUCE_ANDROID' is not defined, evaluates to 0 [-Wundef]
  411 |         #if JUCE_ANDROID
      |             ^
In file included from /Users/larryseyer/AudioDevelopment/OTTO/Source/UI/Responsive/AdaptiveLayoutManager.cpp:1:
In file included from /Users/larryseyer/AudioDevelopment/OTTO/Source/UI/Responsive/AdaptiveLayoutManager.h:4:
In file included from /Users/larryseyer/AudioDevelopment/OTTO/Builds/MacOSX/CMake-Release/OTTO_artefacts/JuceLibraryCode/JuceHeader.h:14:
In file included from /Users/larryseyer/AudioDevelopment/OTTO/JUCE/modules/juce_audio_plugin_client/juce_audio_plugin_client.h:63:
In file included from /Users/larryseyer/AudioDevelopment/OTTO/JUCE/modules/juce_gui_basics/juce_gui_basics.h:68:
In file included from /Users/larryseyer/AudioDevelopment/OTTO/JUCE/modules/juce_graphics/juce_graphics.h:67:
In file included from /Users/larryseyer/AudioDevelopment/OTTO/JUCE/modules/juce_core/juce_core.h:247:
/Users/larryseyer/AudioDevelopment/OTTO/JUCE/modules/juce_core/text/juce_CharPointer_UTF8.h:481:12: warning: 'JUCE_WINDOWS' is not defined, evaluates to 0 [-Wundef]
  481 |        #if JUCE_WINDOWS
      |            ^
In file included from /Users/larryseyer/AudioDevelopment/OTTO/Source/UI/Responsive/AdaptiveLayoutManager.cpp:1:
In file included from /Users/larryseyer/AudioDevelopment/OTTO/Source/UI/Responsive/AdaptiveLayoutManager.h:4:
In file included from /Users/larryseyer/AudioDevelopment/OTTO/Builds/MacOSX/CMake-Release/OTTO_artefacts/JuceLibraryCode/JuceHeader.h:14:
In file included from /Users/larryseyer/AudioDevelopment/OTTO/JUCE/modules/juce_audio_plugin_client/juce_audio_plugin_client.h:63:
In file included from /Users/larryseyer/AudioDevelopment/OTTO/JUCE/modules/juce_gui_basics/juce_gui_basics.h:68:
In file included from /Users/larryseyer/AudioDevelopment/OTTO/JUCE/modules/juce_graphics/juce_graphics.h:67:
In file included from /Users/larryseyer/AudioDevelopment/OTTO/JUCE/modules/juce_core/juce_core.h:248:
/Users/larryseyer/AudioDevelopment/OTTO/JUCE/modules/juce_core/text/juce_CharPointer_UTF16.h:353:8: warning: 'JUCE_MSVC' is not defined, evaluates to 0 [-Wundef]
  353 |    #if JUCE_MSVC && ! defined (DOXYGEN)
      |        ^
/Users/larryseyer/AudioDevelopment/OTTO/JUCE/modules/juce_core/text/juce_CharPointer_UTF16.h:412:12: warning: 'JUCE_MSVC' is not defined, evaluates to 0 [-Wundef]
  412 |        #if JUCE_MSVC
      |            ^
/Users/larryseyer/AudioDevelopment/OTTO/JUCE/modules/juce_core/text/juce_CharPointer_UTF16.h:422:12: warning: 'JUCE_MSVC' is not defined, evaluates to 0 [-Wundef]
  422 |        #if JUCE_MSVC
      |            ^
In file included from /Users/larryseyer/AudioDevelopment/OTTO/Source/UI/Responsive/AdaptiveLayoutManager.cpp:1:
In file included from /Users/larryseyer/AudioDevelopment/OTTO/Source/UI/Responsive/AdaptiveLayoutManager.h:4:
In file included from /Users/larryseyer/AudioDevelopment/OTTO/Builds/MacOSX/CMake-Release/OTTO_artefacts/JuceLibraryCode/JuceHeader.h:14:
In file included from /Users/larryseyer/AudioDevelopment/OTTO/JUCE/modules/juce_audio_plugin_client/juce_audio_plugin_client.h:63:
In file included from /Users/larryseyer/AudioDevelopment/OTTO/JUCE/modules/juce_gui_basics/juce_gui_basics.h:68:
In file included from /Users/larryseyer/AudioDevelopment/OTTO/JUCE/modules/juce_graphics/juce_graphics.h:67:
In file included from /Users/larryseyer/AudioDevelopment/OTTO/JUCE/modules/juce_core/juce_core.h:249:
/Users/larryseyer/AudioDevelopment/OTTO/JUCE/modules/juce_core/text/juce_CharPointer_UTF32.h:166:44: warning: 'JUCE_ANDROID' is not defined, evaluates to 0 [-Wundef]
  166 |        #if JUCE_NATIVE_WCHAR_IS_UTF32 && ! JUCE_ANDROID
      |                                            ^
/Users/larryseyer/AudioDevelopment/OTTO/JUCE/modules/juce_core/text/juce_CharPointer_UTF32.h:266:40: warning: 'JUCE_ANDROID' is not defined, evaluates to 0 [-Wundef]
  266 |    #if JUCE_NATIVE_WCHAR_IS_UTF32 && ! JUCE_ANDROID
      |                                        ^
In file included from /Users/larryseyer/AudioDevelopment/OTTO/Source/UI/Responsive/AdaptiveLayoutManager.cpp:1:
In file included from /Users/larryseyer/AudioDevelopment/OTTO/Source/UI/Responsive/AdaptiveLayoutManager.h:4:
In file included from /Users/larryseyer/AudioDevelopment/OTTO/Builds/MacOSX/CMake-Release/OTTO_artefacts/JuceLibraryCode/JuceHeader.h:14:
In file included from /Users/larryseyer/AudioDevelopment/OTTO/JUCE/modules/juce_audio_plugin_client/juce_audio_plugin_client.h:63:
In file included from /Users/larryseyer/AudioDevelopment/OTTO/JUCE/modules/juce_gui_basics/juce_gui_basics.h:68:
In file included from /Users/larryseyer/AudioDevelopment/OTTO/JUCE/modules/juce_graphics/juce_graphics.h:67:
In file included from /Users/larryseyer/AudioDevelopment/OTTO/JUCE/modules/juce_core/juce_core.h:250:
/Users/larryseyer/AudioDevelopment/OTTO/JUCE/modules/juce_core/text/juce_CharPointer_ASCII.h:278:12: warning: 'JUCE_WINDOWS' is not defined, evaluates to 0 [-Wundef]
  278 |        #if JUCE_WINDOWS && JUCE_CLANG
      |            ^
/Users/larryseyer/AudioDevelopment/OTTO/JUCE/modules/juce_core/text/juce_CharPointer_ASCII.h:280:14: warning: 'JUCE_WINDOWS' is not defined, evaluates to 0 [-Wundef]
  280 |        #elif JUCE_WINDOWS
      |              ^
/Users/larryseyer/AudioDevelopment/OTTO/JUCE/modules/juce_core/text/juce_CharPointer_ASCII.h:348:12: warning: 'JUCE_LINUX' is not defined, evaluates to 0 [-Wundef]
  348 |        #if JUCE_LINUX || JUCE_BSD || JUCE_ANDROID
      |            ^
/Users/larryseyer/AudioDevelopment/OTTO/JUCE/modules/juce_core/text/juce_CharPointer_ASCII.h:348:26: warning: 'JUCE_BSD' is not defined, evaluates to 0 [-Wundef]
  348 |        #if JUCE_LINUX || JUCE_BSD || JUCE_ANDROID
      |                          ^
/Users/larryseyer/AudioDevelopment/OTTO/JUCE/modules/juce_core/text/juce_CharPointer_ASCII.h:348:38: warning: 'JUCE_ANDROID' is not defined, evaluates to 0 [-Wundef]
  348 |        #if JUCE_LINUX || JUCE_BSD || JUCE_ANDROID
      |                                      ^
/Users/larryseyer/AudioDevelopment/OTTO/JUCE/modules/juce_core/text/juce_CharPointer_ASCII.h:350:14: warning: 'JUCE_WINDOWS' is not defined, evaluates to 0 [-Wundef]
  350 |        #elif JUCE_WINDOWS
      |              ^
In file included from /Users/larryseyer/AudioDevelopment/OTTO/Source/UI/Responsive/AdaptiveLayoutManager.cpp:1:
In file included from /Users/larryseyer/AudioDevelopment/OTTO/Source/UI/Responsive/AdaptiveLayoutManager.h:4:
In file included from /Users/larryseyer/AudioDevelopment/OTTO/Builds/MacOSX/CMake-Release/OTTO_artefacts/JuceLibraryCode/JuceHeader.h:14:
In file included from /Users/larryseyer/AudioDevelopment/OTTO/JUCE/modules/juce_audio_plugin_client/juce_audio_plugin_client.h:63:
In file included from /Users/larryseyer/AudioDevelopment/OTTO/JUCE/modules/juce_gui_basics/juce_gui_basics.h:68:
In file included from /Users/larryseyer/AudioDevelopment/OTTO/JUCE/modules/juce_graphics/juce_graphics.h:67:
In file included from /Users/larryseyer/AudioDevelopment/OTTO/JUCE/modules/juce_core/juce_core.h:254:
/Users/larryseyer/AudioDevelopment/OTTO/JUCE/modules/juce_core/text/juce_String.h:198:11: warning: 'DOXYGEN' is not defined, evaluates to 0 [-Wundef]
  198 |    #elif (DOXYGEN || JUCE_STRING_UTF_TYPE == 8)
      |           ^
In file included from /Users/larryseyer/AudioDevelopment/OTTO/Source/UI/Responsive/AdaptiveLayoutManager.cpp:1:
In file included from /Users/larryseyer/AudioDevelopment/OTTO/Source/UI/Responsive/AdaptiveLayoutManager.h:4:
In file included from /Users/larryseyer/AudioDevelopment/OTTO/Builds/MacOSX/CMake-Release/OTTO_artefacts/JuceLibraryCode/JuceHeader.h:14:
In file included from /Users/larryseyer/AudioDevelopment/OTTO/JUCE/modules/juce_audio_plugin_client/juce_audio_plugin_client.h:63:
In file included from /Users/larryseyer/AudioDevelopment/OTTO/JUCE/modules/juce_gui_basics/juce_gui_basics.h:68:
In file included from /Users/larryseyer/AudioDevelopment/OTTO/JUCE/modules/juce_graphics/juce_graphics.h:67:
In file included from /Users/larryseyer/AudioDevelopment/OTTO/JUCE/modules/juce_core/juce_core.h:257:
/Users/larryseyer/AudioDevelopment/OTTO/JUCE/modules/juce_core/memory/juce_LeakedObjectDetector.h:124:5: warning: 'DOXYGEN' is not defined, evaluates to 0 [-Wundef]
  124 | #if DOXYGEN || ! defined (JUCE_LEAK_DETECTOR)
      |     ^
/Users/larryseyer/AudioDevelopment/OTTO/JUCE/modules/juce_core/memory/juce_LeakedObjectDetector.h:125:7: warning: 'DOXYGEN' is not defined, evaluates to 0 [-Wundef]
  125 |  #if (DOXYGEN || JUCE_CHECK_MEMORY_LEAKS)
      |       ^
In file included from /Users/larryseyer/AudioDevelopment/OTTO/Source/UI/Responsive/AdaptiveLayoutManager.cpp:1:
In file included from /Users/larryseyer/AudioDevelopment/OTTO/Source/UI/Responsive/AdaptiveLayoutManager.h:4:
In file included from /Users/larryseyer/AudioDevelopment/OTTO/Builds/MacOSX/CMake-Release/OTTO_artefacts/JuceLibraryCode/JuceHeader.h:14:
In file included from /Users/larryseyer/AudioDevelopment/OTTO/JUCE/modules/juce_audio_plugin_client/juce_audio_plugin_client.h:63:
In file included from /Users/larryseyer/AudioDevelopment/OTTO/JUCE/modules/juce_gui_basics/juce_gui_basics.h:68:
In file included from /Users/larryseyer/AudioDevelopment/OTTO/JUCE/modules/juce_graphics/juce_graphics.h:67:
In file included from /Users/larryseyer/AudioDevelopment/OTTO/JUCE/modules/juce_core/juce_core.h:259:
/Users/larryseyer/AudioDevelopment/OTTO/JUCE/modules/juce_core/memory/juce_HeapBlock.h:38:8: warning: 'DOXYGEN' is not defined, evaluates to 0 [-Wundef]
   38 | #if ! (DOXYGEN || JUCE_EXCEPTIONS_DISABLED)
      |        ^
/Users/larryseyer/AudioDevelopment/OTTO/JUCE/modules/juce_core/memory/juce_HeapBlock.h:38:19: warning: 'JUCE_EXCEPTIONS_DISABLED' is not defined, evaluates to 0 [-Wundef]
   38 | #if ! (DOXYGEN || JUCE_EXCEPTIONS_DISABLED)
      |                   ^
/Users/larryseyer/AudioDevelopment/OTTO/JUCE/modules/juce_core/memory/juce_HeapBlock.h:343:12: warning: 'JUCE_EXCEPTIONS_DISABLED' is not defined, evaluates to 0 [-Wundef]
  343 |        #if JUCE_EXCEPTIONS_DISABLED
      |            ^
In file included from /Users/larryseyer/AudioDevelopment/OTTO/Source/UI/Responsive/AdaptiveLayoutManager.cpp:1:
In file included from /Users/larryseyer/AudioDevelopment/OTTO/Source/UI/Responsive/AdaptiveLayoutManager.h:4:
In file included from /Users/larryseyer/AudioDevelopment/OTTO/Builds/MacOSX/CMake-Release/OTTO_artefacts/JuceLibraryCode/JuceHeader.h:14:
In file included from /Users/larryseyer/AudioDevelopment/OTTO/JUCE/modules/juce_audio_plugin_client/juce_audio_plugin_client.h:63:
In file included from /Users/larryseyer/AudioDevelopment/OTTO/JUCE/modules/juce_gui_basics/juce_gui_basics.h:68:
In file included from /Users/larryseyer/AudioDevelopment/OTTO/JUCE/modules/juce_graphics/juce_graphics.h:67:
In file included from /Users/larryseyer/AudioDevelopment/OTTO/JUCE/modules/juce_core/juce_core.h:263:
/Users/larryseyer/AudioDevelopment/OTTO/JUCE/modules/juce_core/memory/juce_ScopedPointer.h:151:10: warning: 'JUCE_MSVC' is not defined, evaluates to 0 [-Wundef]
  151 |    #if ! JUCE_MSVC  // (MSVC can't deal with multiple copy constructors)
      |          ^
In file included from /Users/larryseyer/AudioDevelopment/OTTO/Source/UI/Responsive/AdaptiveLayoutManager.cpp:1:
In file included from /Users/larryseyer/AudioDevelopment/OTTO/Source/UI/Responsive/AdaptiveLayoutManager.h:4:
In file included from /Users/larryseyer/AudioDevelopment/OTTO/Builds/MacOSX/CMake-Release/OTTO_artefacts/JuceLibraryCode/JuceHeader.h:14:
In file included from /Users/larryseyer/AudioDevelopment/OTTO/JUCE/modules/juce_audio_plugin_client/juce_audio_plugin_client.h:63:
In file included from /Users/larryseyer/AudioDevelopment/OTTO/JUCE/modules/juce_gui_basics/juce_gui_basics.h:68:
In file included from /Users/larryseyer/AudioDevelopment/OTTO/JUCE/modules/juce_graphics/juce_graphics.h:67:
In file included from /Users/larryseyer/AudioDevelopment/OTTO/JUCE/modules/juce_core/juce_core.h:271:
/Users/larryseyer/AudioDevelopment/OTTO/JUCE/modules/juce_core/threads/juce_CriticalSection.h:116:8: warning: 'JUCE_WINDOWS' is not defined, evaluates to 0 [-Wundef]
  116 |    #if JUCE_WINDOWS
      |        ^
In file included from /Users/larryseyer/AudioDevelopment/OTTO/Source/UI/Responsive/AdaptiveLayoutManager.cpp:1:
In file included from /Users/larryseyer/AudioDevelopment/OTTO/Source/UI/Responsive/AdaptiveLayoutManager.h:4:
In file included from /Users/larryseyer/AudioDevelopment/OTTO/Builds/MacOSX/CMake-Release/OTTO_artefacts/JuceLibraryCode/JuceHeader.h:14:
In file included from /Users/larryseyer/AudioDevelopment/OTTO/JUCE/modules/juce_audio_plugin_client/juce_audio_plugin_client.h:63:
In file included from /Users/larryseyer/AudioDevelopment/OTTO/JUCE/modules/juce_gui_basics/juce_gui_basics.h:68:
In file included from /Users/larryseyer/AudioDevelopment/OTTO/JUCE/modules/juce_graphics/juce_graphics.h:67:
In file included from /Users/larryseyer/AudioDevelopment/OTTO/JUCE/modules/juce_core/juce_core.h:293:
/Users/larryseyer/AudioDevelopment/OTTO/JUCE/modules/juce_core/memory/juce_HeavyweightLeakedObjectDetector.h:123:5: warning: 'DOXYGEN' is not defined, evaluates to 0 [-Wundef]
  123 | #if DOXYGEN || ! defined (JUCE_HEAVYWEIGHT_LEAK_DETECTOR)
      |     ^
/Users/larryseyer/AudioDevelopment/OTTO/JUCE/modules/juce_core/memory/juce_HeavyweightLeakedObjectDetector.h:124:7: warning: 'DOXYGEN' is not defined, evaluates to 0 [-Wundef]
  124 |  #if (DOXYGEN || JUCE_CHECK_MEMORY_LEAKS)
      |       ^
In file included from /Users/larryseyer/AudioDevelopment/OTTO/Source/UI/Responsive/AdaptiveLayoutManager.cpp:1:
In file included from /Users/larryseyer/AudioDevelopment/OTTO/Source/UI/Responsive/AdaptiveLayoutManager.h:4:
In file included from /Users/larryseyer/AudioDevelopment/OTTO/Builds/MacOSX/CMake-Release/OTTO_artefacts/JuceLibraryCode/JuceHeader.h:14:
In file included from /Users/larryseyer/AudioDevelopment/OTTO/JUCE/modules/juce_audio_plugin_client/juce_audio_plugin_client.h:63:
In file included from /Users/larryseyer/AudioDevelopment/OTTO/JUCE/modules/juce_gui_basics/juce_gui_basics.h:68:
In file included from /Users/larryseyer/AudioDevelopment/OTTO/JUCE/modules/juce_graphics/juce_graphics.h:67:
In file included from /Users/larryseyer/AudioDevelopment/OTTO/JUCE/modules/juce_core/juce_core.h:318:
/Users/larryseyer/AudioDevelopment/OTTO/JUCE/modules/juce_core/files/juce_File.h:38:7: warning: 'DOXYGEN' is not defined, evaluates to 0 [-Wundef]
   38 | #if ! DOXYGEN && (JUCE_MAC || JUCE_IOS)
      |       ^
/Users/larryseyer/AudioDevelopment/OTTO/JUCE/modules/juce_core/files/juce_File.h:970:12: warning: 'JUCE_WINDOWS' is not defined, evaluates to 0 [-Wundef]
  970 |        #if JUCE_WINDOWS || DOXYGEN
      |            ^
/Users/larryseyer/AudioDevelopment/OTTO/JUCE/modules/juce_core/files/juce_File.h:970:28: warning: 'DOXYGEN' is not defined, evaluates to 0 [-Wundef]
  970 |        #if JUCE_WINDOWS || DOXYGEN
      |                            ^
/Users/larryseyer/AudioDevelopment/OTTO/JUCE/modules/juce_core/files/juce_File.h:981:12: warning: 'JUCE_WINDOWS' is not defined, evaluates to 0 [-Wundef]
  981 |        #if JUCE_WINDOWS || DOXYGEN
      |            ^
/Users/larryseyer/AudioDevelopment/OTTO/JUCE/modules/juce_core/files/juce_File.h:981:28: warning: 'DOXYGEN' is not defined, evaluates to 0 [-Wundef]
  981 |        #if JUCE_WINDOWS || DOXYGEN
      |                            ^
/Users/larryseyer/AudioDevelopment/OTTO/JUCE/modules/juce_core/files/juce_File.h:1100:8: warning: 'JUCE_WINDOWS' is not defined, evaluates to 0 [-Wundef]
 1100 |    #if JUCE_WINDOWS || DOXYGEN
      |        ^
/Users/larryseyer/AudioDevelopment/OTTO/JUCE/modules/juce_core/files/juce_File.h:1100:24: warning: 'DOXYGEN' is not defined, evaluates to 0 [-Wundef]
 1100 |    #if JUCE_WINDOWS || DOXYGEN
      |                        ^
/Users/larryseyer/AudioDevelopment/OTTO/JUCE/modules/juce_core/files/juce_File.h:1146:16: warning: 'NAMES_ARE_CASE_SENSITIVE' is not defined, evaluates to 0 [-Wundef]
 1146 |            #if NAMES_ARE_CASE_SENSITIVE
      |                ^
In file included from /Users/larryseyer/AudioDevelopment/OTTO/Source/UI/Responsive/AdaptiveLayoutManager.cpp:1:
In file included from /Users/larryseyer/AudioDevelopment/OTTO/Source/UI/Responsive/AdaptiveLayoutManager.h:4:
In file included from /Users/larryseyer/AudioDevelopment/OTTO/Builds/MacOSX/CMake-Release/OTTO_artefacts/JuceLibraryCode/JuceHeader.h:14:
In file included from /Users/larryseyer/AudioDevelopment/OTTO/JUCE/modules/juce_audio_plugin_client/juce_audio_plugin_client.h:63:
In file included from /Users/larryseyer/AudioDevelopment/OTTO/JUCE/modules/juce_gui_basics/juce_gui_basics.h:68:
In file included from /Users/larryseyer/AudioDevelopment/OTTO/JUCE/modules/juce_graphics/juce_graphics.h:67:
In file included from /Users/larryseyer/AudioDevelopment/OTTO/JUCE/modules/juce_core/juce_core.h:321:
/Users/larryseyer/AudioDevelopment/OTTO/JUCE/modules/juce_core/detail/juce_NativeFileHandle.h:38:5: warning: 'JUCE_WINDOWS' is not defined, evaluates to 0 [-Wundef]
   38 | #if JUCE_WINDOWS
      |     ^
In file included from /Users/larryseyer/AudioDevelopment/OTTO/Source/UI/Responsive/AdaptiveLayoutManager.cpp:1:
In file included from /Users/larryseyer/AudioDevelopment/OTTO/Source/UI/Responsive/AdaptiveLayoutManager.h:4:
In file included from /Users/larryseyer/AudioDevelopment/OTTO/Builds/MacOSX/CMake-Release/OTTO_artefacts/JuceLibraryCode/JuceHeader.h:14:
In file included from /Users/larryseyer/AudioDevelopment/OTTO/JUCE/modules/juce_audio_plugin_client/juce_audio_plugin_client.h:63:
In file included from /Users/larryseyer/AudioDevelopment/OTTO/JUCE/modules/juce_gui_basics/juce_gui_basics.h:68:
In file included from /Users/larryseyer/AudioDevelopment/OTTO/JUCE/modules/juce_graphics/juce_graphics.h:67:
In file included from /Users/larryseyer/AudioDevelopment/OTTO/JUCE/modules/juce_core/juce_core.h:325:
/Users/larryseyer/AudioDevelopment/OTTO/JUCE/modules/juce_core/files/juce_MemoryMappedFile.h:116:8: warning: 'JUCE_WINDOWS' is not defined, evaluates to 0 [-Wundef]
  116 |    #if JUCE_WINDOWS
      |        ^
In file included from /Users/larryseyer/AudioDevelopment/OTTO/Source/UI/Responsive/AdaptiveLayoutManager.cpp:1:
In file included from /Users/larryseyer/AudioDevelopment/OTTO/Source/UI/Responsive/AdaptiveLayoutManager.h:4:
In file included from /Users/larryseyer/AudioDevelopment/OTTO/Builds/MacOSX/CMake-Release/OTTO_artefacts/JuceLibraryCode/JuceHeader.h:14:
In file included from /Users/larryseyer/AudioDevelopment/OTTO/JUCE/modules/juce_audio_plugin_client/juce_audio_plugin_client.h:63:
In file included from /Users/larryseyer/AudioDevelopment/OTTO/JUCE/modules/juce_gui_basics/juce_gui_basics.h:68:
In file included from /Users/larryseyer/AudioDevelopment/OTTO/JUCE/modules/juce_graphics/juce_graphics.h:67:
In file included from /Users/larryseyer/AudioDevelopment/OTTO/JUCE/modules/juce_core/juce_core.h:338:
/Users/larryseyer/AudioDevelopment/OTTO/JUCE/modules/juce_core/misc/juce_WindowsRegistry.h:38:5: warning: 'JUCE_WINDOWS' is not defined, evaluates to 0 [-Wundef]
   38 | #if JUCE_WINDOWS || DOXYGEN
      |     ^
/Users/larryseyer/AudioDevelopment/OTTO/JUCE/modules/juce_core/misc/juce_WindowsRegistry.h:38:21: warning: 'DOXYGEN' is not defined, evaluates to 0 [-Wundef]
   38 | #if JUCE_WINDOWS || DOXYGEN
      |                     ^
In file included from /Users/larryseyer/AudioDevelopment/OTTO/Source/UI/Responsive/AdaptiveLayoutManager.cpp:1:
In file included from /Users/larryseyer/AudioDevelopment/OTTO/Source/UI/Responsive/AdaptiveLayoutManager.h:4:
In file included from /Users/larryseyer/AudioDevelopment/OTTO/Builds/MacOSX/CMake-Release/OTTO_artefacts/JuceLibraryCode/JuceHeader.h:14:
In file included from /Users/larryseyer/AudioDevelopment/OTTO/JUCE/modules/juce_audio_plugin_client/juce_audio_plugin_client.h:63:
In file included from /Users/larryseyer/AudioDevelopment/OTTO/JUCE/modules/juce_gui_basics/juce_gui_basics.h:68:
In file included from /Users/larryseyer/AudioDevelopment/OTTO/JUCE/modules/juce_graphics/juce_graphics.h:67:
In file included from /Users/larryseyer/AudioDevelopment/OTTO/JUCE/modules/juce_core/juce_core.h:342:
/Users/larryseyer/AudioDevelopment/OTTO/JUCE/modules/juce_core/threads/juce_Process.h:122:8: warning: 'JUCE_WINDOWS' is not defined, evaluates to 0 [-Wundef]
  122 |    #if JUCE_WINDOWS || DOXYGEN
      |        ^
/Users/larryseyer/AudioDevelopment/OTTO/JUCE/modules/juce_core/threads/juce_Process.h:122:24: warning: 'DOXYGEN' is not defined, evaluates to 0 [-Wundef]
  122 |    #if JUCE_WINDOWS || DOXYGEN
      |                        ^
In file included from /Users/larryseyer/AudioDevelopment/OTTO/Source/UI/Responsive/AdaptiveLayoutManager.cpp:1:
In file included from /Users/larryseyer/AudioDevelopment/OTTO/Source/UI/Responsive/AdaptiveLayoutManager.h:4:
In file included from /Users/larryseyer/AudioDevelopment/OTTO/Builds/MacOSX/CMake-Release/OTTO_artefacts/JuceLibraryCode/JuceHeader.h:14:
In file included from /Users/larryseyer/AudioDevelopment/OTTO/JUCE/modules/juce_audio_plugin_client/juce_audio_plugin_client.h:63:
In file included from /Users/larryseyer/AudioDevelopment/OTTO/JUCE/modules/juce_gui_basics/juce_gui_basics.h:68:
In file included from /Users/larryseyer/AudioDevelopment/OTTO/JUCE/modules/juce_graphics/juce_graphics.h:67:
In file included from /Users/larryseyer/AudioDevelopment/OTTO/JUCE/modules/juce_core/juce_core.h:345:
/Users/larryseyer/AudioDevelopment/OTTO/JUCE/modules/juce_core/threads/juce_Thread.h:526:8: warning: 'JUCE_ANDROID' is not defined, evaluates to 0 [-Wundef]
  526 |    #if JUCE_ANDROID || DOXYGEN
      |        ^
/Users/larryseyer/AudioDevelopment/OTTO/JUCE/modules/juce_core/threads/juce_Thread.h:526:24: warning: 'DOXYGEN' is not defined, evaluates to 0 [-Wundef]
  526 |    #if JUCE_ANDROID || DOXYGEN
      |                        ^
/Users/larryseyer/AudioDevelopment/OTTO/JUCE/modules/juce_core/threads/juce_Thread.h:607:8: warning: 'JUCE_ANDROID' is not defined, evaluates to 0 [-Wundef]
  607 |    #if JUCE_ANDROID || JUCE_LINUX || JUCE_BSD
      |        ^
/Users/larryseyer/AudioDevelopment/OTTO/JUCE/modules/juce_core/threads/juce_Thread.h:607:24: warning: 'JUCE_LINUX' is not defined, evaluates to 0 [-Wundef]
  607 |    #if JUCE_ANDROID || JUCE_LINUX || JUCE_BSD
      |                        ^
/Users/larryseyer/AudioDevelopment/OTTO/JUCE/modules/juce_core/threads/juce_Thread.h:607:38: warning: 'JUCE_BSD' is not defined, evaluates to 0 [-Wundef]
  607 |    #if JUCE_ANDROID || JUCE_LINUX || JUCE_BSD
      |                                      ^
In file included from /Users/larryseyer/AudioDevelopment/OTTO/Source/UI/Responsive/AdaptiveLayoutManager.cpp:1:
In file included from /Users/larryseyer/AudioDevelopment/OTTO/Source/UI/Responsive/AdaptiveLayoutManager.h:4:
In file included from /Users/larryseyer/AudioDevelopment/OTTO/Builds/MacOSX/CMake-Release/OTTO_artefacts/JuceLibraryCode/JuceHeader.h:14:
In file included from /Users/larryseyer/AudioDevelopment/OTTO/JUCE/modules/juce_audio_plugin_client/juce_audio_plugin_client.h:63:
In file included from /Users/larryseyer/AudioDevelopment/OTTO/JUCE/modules/juce_gui_basics/juce_gui_basics.h:68:
In file included from /Users/larryseyer/AudioDevelopment/OTTO/JUCE/modules/juce_graphics/juce_graphics.h:67:
In file included from /Users/larryseyer/AudioDevelopment/OTTO/JUCE/modules/juce_core/juce_core.h:357:
/Users/larryseyer/AudioDevelopment/OTTO/JUCE/modules/juce_core/network/juce_URL.h:567:12: warning: 'JUCE_IOS' is not defined, evaluates to 0 [-Wundef]
  567 |        #if JUCE_IOS
      |            ^
/Users/larryseyer/AudioDevelopment/OTTO/JUCE/modules/juce_core/network/juce_URL.h:708:8: warning: 'JUCE_IOS' is not defined, evaluates to 0 [-Wundef]
  708 |    #if JUCE_IOS
      |        ^
In file included from /Users/larryseyer/AudioDevelopment/OTTO/Source/UI/Responsive/AdaptiveLayoutManager.cpp:1:
In file included from /Users/larryseyer/AudioDevelopment/OTTO/Source/UI/Responsive/AdaptiveLayoutManager.h:4:
In file included from /Users/larryseyer/AudioDevelopment/OTTO/Builds/MacOSX/CMake-Release/OTTO_artefacts/JuceLibraryCode/JuceHeader.h:14:
In file included from /Users/larryseyer/AudioDevelopment/OTTO/JUCE/modules/juce_audio_plugin_client/juce_audio_plugin_client.h:63:
In file included from /Users/larryseyer/AudioDevelopment/OTTO/JUCE/modules/juce_gui_basics/juce_gui_basics.h:68:
In file included from /Users/larryseyer/AudioDevelopment/OTTO/JUCE/modules/juce_graphics/juce_graphics.h:67:
In file included from /Users/larryseyer/AudioDevelopment/OTTO/JUCE/modules/juce_core/juce_core.h:366:
/Users/larryseyer/AudioDevelopment/OTTO/JUCE/modules/juce_core/zip/juce_ZipFile.h:280:8: warning: 'JUCE_DEBUG' is not defined, evaluates to 0 [-Wundef]
  280 |    #if JUCE_DEBUG
      |        ^
In file included from /Users/larryseyer/AudioDevelopment/OTTO/Source/UI/Responsive/AdaptiveLayoutManager.cpp:1:
In file included from /Users/larryseyer/AudioDevelopment/OTTO/Source/UI/Responsive/AdaptiveLayoutManager.h:4:
In file included from /Users/larryseyer/AudioDevelopment/OTTO/Builds/MacOSX/CMake-Release/OTTO_artefacts/JuceLibraryCode/JuceHeader.h:14:
In file included from /Users/larryseyer/AudioDevelopment/OTTO/JUCE/modules/juce_audio_plugin_client/juce_audio_plugin_client.h:63:
In file included from /Users/larryseyer/AudioDevelopment/OTTO/JUCE/modules/juce_gui_basics/juce_gui_basics.h:68:
In file included from /Users/larryseyer/AudioDevelopment/OTTO/JUCE/modules/juce_graphics/juce_graphics.h:67:
/Users/larryseyer/AudioDevelopment/OTTO/JUCE/modules/juce_core/juce_core.h:378:5: warning: 'JUCE_CORE_INCLUDE_OBJC_HELPERS' is not defined, evaluates to 0 [-Wundef]
  378 | #if JUCE_CORE_INCLUDE_OBJC_HELPERS && (JUCE_MAC || JUCE_IOS)
      |     ^
/Users/larryseyer/AudioDevelopment/OTTO/JUCE/modules/juce_core/juce_core.h:383:5: warning: 'JUCE_CORE_INCLUDE_COM_SMART_PTR' is not defined, evaluates to 0 [-Wundef]
  383 | #if JUCE_CORE_INCLUDE_COM_SMART_PTR && JUCE_WINDOWS
      |     ^
/Users/larryseyer/AudioDevelopment/OTTO/JUCE/modules/juce_core/juce_core.h:387:5: warning: 'JUCE_CORE_INCLUDE_JNI_HELPERS' is not defined, evaluates to 0 [-Wundef]
  387 | #if JUCE_CORE_INCLUDE_JNI_HELPERS && JUCE_ANDROID
      |     ^
/Users/larryseyer/AudioDevelopment/OTTO/JUCE/modules/juce_core/juce_core.h:392:5: warning: 'JUCE_UNIT_TESTS' is not defined, evaluates to 0 [-Wundef]
  392 | #if JUCE_UNIT_TESTS
      |     ^
/Users/larryseyer/AudioDevelopment/OTTO/JUCE/modules/juce_core/juce_core.h:407:6: warning: 'JUCE_DEBUG' is not defined, evaluates to 0 [-Wundef]
  407 |  #if JUCE_DEBUG
      |      ^
In file included from /Users/larryseyer/AudioDevelopment/OTTO/Source/UI/Responsive/AdaptiveLayoutManager.cpp:1:
In file included from /Users/larryseyer/AudioDevelopment/OTTO/Source/UI/Responsive/AdaptiveLayoutManager.h:4:
In file included from /Users/larryseyer/AudioDevelopment/OTTO/Builds/MacOSX/CMake-Release/OTTO_artefacts/JuceLibraryCode/JuceHeader.h:14:
In file included from /Users/larryseyer/AudioDevelopment/OTTO/JUCE/modules/juce_audio_plugin_client/juce_audio_plugin_client.h:63:
In file included from /Users/larryseyer/AudioDevelopment/OTTO/JUCE/modules/juce_gui_basics/juce_gui_basics.h:68:
In file included from /Users/larryseyer/AudioDevelopment/OTTO/JUCE/modules/juce_graphics/juce_graphics.h:68:
/Users/larryseyer/AudioDevelopment/OTTO/JUCE/modules/juce_events/juce_events.h:75:5: warning: 'JUCE_WINDOWS' is not defined, evaluates to 0 [-Wundef]
   75 | #if JUCE_WINDOWS && JUCE_EVENTS_INCLUDE_WINRT_WRAPPER
      |     ^
In file included from /Users/larryseyer/AudioDevelopment/OTTO/Source/UI/Responsive/AdaptiveLayoutManager.cpp:1:
In file included from /Users/larryseyer/AudioDevelopment/OTTO/Source/UI/Responsive/AdaptiveLayoutManager.h:4:
In file included from /Users/larryseyer/AudioDevelopment/OTTO/Builds/MacOSX/CMake-Release/OTTO_artefacts/JuceLibraryCode/JuceHeader.h:14:
In file included from /Users/larryseyer/AudioDevelopment/OTTO/JUCE/modules/juce_audio_plugin_client/juce_audio_plugin_client.h:63:
In file included from /Users/larryseyer/AudioDevelopment/OTTO/JUCE/modules/juce_gui_basics/juce_gui_basics.h:68:
In file included from /Users/larryseyer/AudioDevelopment/OTTO/JUCE/modules/juce_graphics/juce_graphics.h:68:
In file included from /Users/larryseyer/AudioDevelopment/OTTO/JUCE/modules/juce_events/juce_events.h:91:
/Users/larryseyer/AudioDevelopment/OTTO/JUCE/modules/juce_events/messages/juce_ApplicationBase.h:300:8: warning: 'JUCE_IOS' is not defined, evaluates to 0 [-Wundef]
  300 |    #if JUCE_IOS
      |        ^
/Users/larryseyer/AudioDevelopment/OTTO/JUCE/modules/juce_events/messages/juce_ApplicationBase.h:324:40: warning: 'DOXYGEN' is not defined, evaluates to 0 [-Wundef]
  324 | #if JUCE_CATCH_UNHANDLED_EXCEPTIONS || DOXYGEN
      |                                        ^
In file included from /Users/larryseyer/AudioDevelopment/OTTO/Source/UI/Responsive/AdaptiveLayoutManager.cpp:1:
In file included from /Users/larryseyer/AudioDevelopment/OTTO/Source/UI/Responsive/AdaptiveLayoutManager.h:4:
In file included from /Users/larryseyer/AudioDevelopment/OTTO/Builds/MacOSX/CMake-Release/OTTO_artefacts/JuceLibraryCode/JuceHeader.h:14:
In file included from /Users/larryseyer/AudioDevelopment/OTTO/JUCE/modules/juce_audio_plugin_client/juce_audio_plugin_client.h:63:
In file included from /Users/larryseyer/AudioDevelopment/OTTO/JUCE/modules/juce_gui_basics/juce_gui_basics.h:68:
In file included from /Users/larryseyer/AudioDevelopment/OTTO/JUCE/modules/juce_graphics/juce_graphics.h:68:
In file included from /Users/larryseyer/AudioDevelopment/OTTO/JUCE/modules/juce_events/juce_events.h:92:
/Users/larryseyer/AudioDevelopment/OTTO/JUCE/modules/juce_events/messages/juce_Initialisation.h:102:5: warning: 'DOXYGEN' is not defined, evaluates to 0 [-Wundef]
  102 | #if DOXYGEN
      |     ^
/Users/larryseyer/AudioDevelopment/OTTO/JUCE/modules/juce_events/messages/juce_Initialisation.h:105:6: warning: 'JUCE_WINDOWS' is not defined, evaluates to 0 [-Wundef]
  105 |  #if JUCE_WINDOWS && ! defined (_CONSOLE)
      |      ^
/Users/larryseyer/AudioDevelopment/OTTO/JUCE/modules/juce_events/messages/juce_Initialisation.h:116:6: warning: 'JUCE_IOS' is not defined, evaluates to 0 [-Wundef]
  116 |  #if JUCE_IOS
      |      ^
/Users/larryseyer/AudioDevelopment/OTTO/JUCE/modules/juce_events/messages/juce_Initialisation.h:138:8: warning: 'JUCE_ANDROID' is not defined, evaluates to 0 [-Wundef]
  138 |  #elif JUCE_ANDROID
      |        ^
/Users/larryseyer/AudioDevelopment/OTTO/JUCE/modules/juce_events/messages/juce_Initialisation.h:161:7: warning: 'JUCE_USE_CUSTOM_PLUGIN_STANDALONE_APP' is not defined, evaluates to 0 [-Wundef]
  161 |   #if JUCE_USE_CUSTOM_PLUGIN_STANDALONE_APP
      |       ^
/Users/larryseyer/AudioDevelopment/OTTO/JUCE/modules/juce_events/messages/juce_Initialisation.h:168:8: warning: 'JUCE_IOS' is not defined, evaluates to 0 [-Wundef]
  168 |    #if JUCE_IOS
      |        ^
In file included from /Users/larryseyer/AudioDevelopment/OTTO/Source/UI/Responsive/AdaptiveLayoutManager.cpp:1:
In file included from /Users/larryseyer/AudioDevelopment/OTTO/Source/UI/Responsive/AdaptiveLayoutManager.h:4:
In file included from /Users/larryseyer/AudioDevelopment/OTTO/Builds/MacOSX/CMake-Release/OTTO_artefacts/JuceLibraryCode/JuceHeader.h:14:
In file included from /Users/larryseyer/AudioDevelopment/OTTO/JUCE/modules/juce_audio_plugin_client/juce_audio_plugin_client.h:63:
In file included from /Users/larryseyer/AudioDevelopment/OTTO/JUCE/modules/juce_gui_basics/juce_gui_basics.h:68:
In file included from /Users/larryseyer/AudioDevelopment/OTTO/JUCE/modules/juce_graphics/juce_graphics.h:68:
/Users/larryseyer/AudioDevelopment/OTTO/JUCE/modules/juce_events/juce_events.h:110:5: warning: 'JUCE_LINUX' is not defined, evaluates to 0 [-Wundef]
  110 | #if JUCE_LINUX || JUCE_BSD
      |     ^
/Users/larryseyer/AudioDevelopment/OTTO/JUCE/modules/juce_events/juce_events.h:110:19: warning: 'JUCE_BSD' is not defined, evaluates to 0 [-Wundef]
  110 | #if JUCE_LINUX || JUCE_BSD
      |                   ^
/Users/larryseyer/AudioDevelopment/OTTO/JUCE/modules/juce_events/juce_events.h:114:5: warning: 'JUCE_WINDOWS' is not defined, evaluates to 0 [-Wundef]
  114 | #if JUCE_WINDOWS
      |     ^
In file included from /Users/larryseyer/AudioDevelopment/OTTO/Source/UI/Responsive/AdaptiveLayoutManager.cpp:1:
In file included from /Users/larryseyer/AudioDevelopment/OTTO/Source/UI/Responsive/AdaptiveLayoutManager.h:4:
In file included from /Users/larryseyer/AudioDevelopment/OTTO/Builds/MacOSX/CMake-Release/OTTO_artefacts/JuceLibraryCode/JuceHeader.h:14:
In file included from /Users/larryseyer/AudioDevelopment/OTTO/JUCE/modules/juce_audio_plugin_client/juce_audio_plugin_client.h:63:
In file included from /Users/larryseyer/AudioDevelopment/OTTO/JUCE/modules/juce_gui_basics/juce_gui_basics.h:68:
In file included from /Users/larryseyer/AudioDevelopment/OTTO/JUCE/modules/juce_graphics/juce_graphics.h:122:
/Users/larryseyer/AudioDevelopment/OTTO/JUCE/modules/juce_graphics/colour/juce_PixelFormats.h:39:5: warning: 'JUCE_MSVC' is not defined, evaluates to 0 [-Wundef]
   39 | #if JUCE_MSVC
      |     ^
/Users/larryseyer/AudioDevelopment/OTTO/JUCE/modules/juce_graphics/colour/juce_PixelFormats.h:89:12: warning: 'JUCE_ANDROID' is not defined, evaluates to 0 [-Wundef]
   89 |        #if JUCE_ANDROID
      |            ^
/Users/larryseyer/AudioDevelopment/OTTO/JUCE/modules/juce_graphics/colour/juce_PixelFormats.h:100:12: warning: 'JUCE_BIG_ENDIAN' is not defined, evaluates to 0 [-Wundef]
  100 |        #if JUCE_BIG_ENDIAN
      |            ^
/Users/larryseyer/AudioDevelopment/OTTO/JUCE/modules/juce_graphics/colour/juce_PixelFormats.h:301:7: warning: 'JUCE_ANDROID' is not defined, evaluates to 0 [-Wundef]
  301 |   #if JUCE_ANDROID
      |       ^
/Users/larryseyer/AudioDevelopment/OTTO/JUCE/modules/juce_graphics/colour/juce_PixelFormats.h:308:8: warning: 'JUCE_BIG_ENDIAN' is not defined, evaluates to 0 [-Wundef]
  308 |    #if JUCE_BIG_ENDIAN
      |        ^
/Users/larryseyer/AudioDevelopment/OTTO/JUCE/modules/juce_graphics/colour/juce_PixelFormats.h:325:11: warning: 'JUCE_ANDROID' is not defined, evaluates to 0 [-Wundef]
  325 |       #if JUCE_ANDROID
      |           ^
/Users/larryseyer/AudioDevelopment/OTTO/JUCE/modules/juce_graphics/colour/juce_PixelFormats.h:332:12: warning: 'JUCE_BIG_ENDIAN' is not defined, evaluates to 0 [-Wundef]
  332 |        #if JUCE_BIG_ENDIAN
      |            ^
/Users/larryseyer/AudioDevelopment/OTTO/JUCE/modules/juce_graphics/colour/juce_PixelFormats.h:375:12: warning: 'JUCE_ANDROID' is not defined, evaluates to 0 [-Wundef]
  375 |        #if JUCE_ANDROID
      |            ^
/Users/larryseyer/AudioDevelopment/OTTO/JUCE/modules/juce_graphics/colour/juce_PixelFormats.h:386:12: warning: 'JUCE_ANDROID' is not defined, evaluates to 0 [-Wundef]
  386 |        #if JUCE_ANDROID
      |            ^
/Users/larryseyer/AudioDevelopment/OTTO/JUCE/modules/juce_graphics/colour/juce_PixelFormats.h:397:12: warning: 'JUCE_BIG_ENDIAN' is not defined, evaluates to 0 [-Wundef]
  397 |        #if JUCE_BIG_ENDIAN
      |            ^
/Users/larryseyer/AudioDevelopment/OTTO/JUCE/modules/juce_graphics/colour/juce_PixelFormats.h:411:12: warning: 'JUCE_ANDROID' is not defined, evaluates to 0 [-Wundef]
  411 |        #if JUCE_ANDROID
      |            ^
/Users/larryseyer/AudioDevelopment/OTTO/JUCE/modules/juce_graphics/colour/juce_PixelFormats.h:472:12: warning: 'JUCE_ANDROID' is not defined, evaluates to 0 [-Wundef]
  472 |        #if JUCE_ANDROID
      |            ^
/Users/larryseyer/AudioDevelopment/OTTO/JUCE/modules/juce_graphics/colour/juce_PixelFormats.h:504:12: warning: 'JUCE_ANDROID' is not defined, evaluates to 0 [-Wundef]
  504 |        #if JUCE_ANDROID
      |            ^
/Users/larryseyer/AudioDevelopment/OTTO/JUCE/modules/juce_graphics/colour/juce_PixelFormats.h:527:12: warning: 'JUCE_ANDROID' is not defined, evaluates to 0 [-Wundef]
  527 |        #if JUCE_ANDROID
      |            ^
/Users/larryseyer/AudioDevelopment/OTTO/JUCE/modules/juce_graphics/colour/juce_PixelFormats.h:569:11: warning: 'JUCE_ANDROID' is not defined, evaluates to 0 [-Wundef]
  569 |       #if JUCE_ANDROID
      |           ^
/Users/larryseyer/AudioDevelopment/OTTO/JUCE/modules/juce_graphics/colour/juce_PixelFormats.h:745:5: warning: 'JUCE_MSVC' is not defined, evaluates to 0 [-Wundef]
  745 | #if JUCE_MSVC
      |     ^
In file included from /Users/larryseyer/AudioDevelopment/OTTO/Source/UI/Responsive/AdaptiveLayoutManager.cpp:1:
In file included from /Users/larryseyer/AudioDevelopment/OTTO/Source/UI/Responsive/AdaptiveLayoutManager.h:4:
In file included from /Users/larryseyer/AudioDevelopment/OTTO/Builds/MacOSX/CMake-Release/OTTO_artefacts/JuceLibraryCode/JuceHeader.h:14:
In file included from /Users/larryseyer/AudioDevelopment/OTTO/JUCE/modules/juce_audio_plugin_client/juce_audio_plugin_client.h:63:
In file included from /Users/larryseyer/AudioDevelopment/OTTO/JUCE/modules/juce_gui_basics/juce_gui_basics.h:68:
In file included from /Users/larryseyer/AudioDevelopment/OTTO/JUCE/modules/juce_graphics/juce_graphics.h:141:
/Users/larryseyer/AudioDevelopment/OTTO/JUCE/modules/juce_graphics/detail/juce_Ranges.h:114:12: warning: 'JUCE_DEBUG' is not defined, evaluates to 0 [-Wundef]
  114 |        #if JUCE_DEBUG
      |            ^
In file included from /Users/larryseyer/AudioDevelopment/OTTO/Source/UI/Responsive/AdaptiveLayoutManager.cpp:1:
In file included from /Users/larryseyer/AudioDevelopment/OTTO/Source/UI/Responsive/AdaptiveLayoutManager.h:4:
In file included from /Users/larryseyer/AudioDevelopment/OTTO/Builds/MacOSX/CMake-Release/OTTO_artefacts/JuceLibraryCode/JuceHeader.h:14:
In file included from /Users/larryseyer/AudioDevelopment/OTTO/JUCE/modules/juce_audio_plugin_client/juce_audio_plugin_client.h:63:
In file included from /Users/larryseyer/AudioDevelopment/OTTO/JUCE/modules/juce_gui_basics/juce_gui_basics.h:68:
In file included from /Users/larryseyer/AudioDevelopment/OTTO/JUCE/modules/juce_graphics/juce_graphics.h:150:
/Users/larryseyer/AudioDevelopment/OTTO/JUCE/modules/juce_graphics/native/juce_RenderingHelpers.h:389:30: warning: implicit conversion increases floating-point precision: 'float' to 'double' [-Wdouble-promotion]
  389 |                 grad = (p2.y - p1.y) / (double) (p1.x - p2.x);
      |                         ~~~~~^~~~~~  ~
/Users/larryseyer/AudioDevelopment/OTTO/JUCE/modules/juce_graphics/native/juce_RenderingHelpers.h:390:36: warning: implicit conversion increases floating-point precision: 'float' to 'double' [-Wdouble-promotion]
  390 |                 yTerm = p1.y - (p1.x / grad);
      |                                 ~~~^ ~
/Users/larryseyer/AudioDevelopment/OTTO/JUCE/modules/juce_graphics/native/juce_RenderingHelpers.h:390:28: warning: implicit conversion increases floating-point precision: 'float' to 'double' [-Wdouble-promotion]
  390 |                 yTerm = p1.y - (p1.x / grad);
      |                         ~~~^ ~
/Users/larryseyer/AudioDevelopment/OTTO/JUCE/modules/juce_graphics/native/juce_RenderingHelpers.h:391:127: warning: implicit conversion increases floating-point precision: 'float' to 'double' [-Wdouble-promotion]
  391 |                 scale = roundToInt ((double) ((int64_t) numEntries << (int) numScaleBits) / (yTerm * grad - (p2.y * grad - p2.x)));
      |                                                                                                                          ~ ~~~^
/Users/larryseyer/AudioDevelopment/OTTO/JUCE/modules/juce_graphics/native/juce_RenderingHelpers.h:391:113: warning: implicit conversion increases floating-point precision: 'float' to 'double' [-Wdouble-promotion]
  391 |                 scale = roundToInt ((double) ((int64_t) numEntries << (int) numScaleBits) / (yTerm * grad - (p2.y * grad - p2.x)));
      |                                                                                                              ~~~^ ~
/Users/larryseyer/AudioDevelopment/OTTO/JUCE/modules/juce_graphics/native/juce_RenderingHelpers.h:429:36: warning: implicit conversion increases floating-point precision: 'const float' to 'const double' [-Wdouble-promotion]
  429 |               gx1 (gradient.point1.x),
      |                   ~~~~~~~~~~~~~~~~~^
/Users/larryseyer/AudioDevelopment/OTTO/JUCE/modules/juce_graphics/native/juce_RenderingHelpers.h:430:36: warning: implicit conversion increases floating-point precision: 'const float' to 'const double' [-Wdouble-promotion]
  430 |               gy1 (gradient.point1.y)
      |                   ~~~~~~~~~~~~~~~~~^
/Users/larryseyer/AudioDevelopment/OTTO/JUCE/modules/juce_graphics/native/juce_RenderingHelpers.h:434:39: warning: implicit conversion increases floating-point precision: 'float' to 'double' [-Wdouble-promotion]
  434 |             maxDist = diff.x * diff.x + diff.y * diff.y;
      |                     ~ ~~~~~~~~~~~~~~~~^~~~~~~~~~~~~~~~~
/Users/larryseyer/AudioDevelopment/OTTO/JUCE/modules/juce_graphics/native/juce_RenderingHelpers.h:471:37: warning: implicit conversion increases floating-point precision: 'const float' to 'double' [-Wdouble-promotion]
  471 |             tM10 = inverseTransform.mat10;
      |                  ~ ~~~~~~~~~~~~~~~~~^~~~~
/Users/larryseyer/AudioDevelopment/OTTO/JUCE/modules/juce_graphics/native/juce_RenderingHelpers.h:472:37: warning: implicit conversion increases floating-point precision: 'const float' to 'double' [-Wdouble-promotion]
  472 |             tM00 = inverseTransform.mat00;
      |                  ~ ~~~~~~~~~~~~~~~~~^~~~~
/Users/larryseyer/AudioDevelopment/OTTO/JUCE/modules/juce_graphics/native/juce_RenderingHelpers.h:478:56: warning: implicit conversion increases floating-point precision: 'float' to 'double' [-Wdouble-promotion]
  478 |             lineYM01 = inverseTransform.mat01 * floatY + inverseTransform.mat02 - gx1;
      |                        ~~~~~~~~~~~~~~~~~~~~~~~~~~~~~~~~^~~~~~~~~~~~~~~~~~~~~~~~ ~
/Users/larryseyer/AudioDevelopment/OTTO/JUCE/modules/juce_graphics/native/juce_RenderingHelpers.h:479:56: warning: implicit conversion increases floating-point precision: 'float' to 'double' [-Wdouble-promotion]
  479 |             lineYM11 = inverseTransform.mat11 * floatY + inverseTransform.mat12 - gy1;
      |                        ~~~~~~~~~~~~~~~~~~~~~~~~~~~~~~~~^~~~~~~~~~~~~~~~~~~~~~~~ ~
In file included from /Users/larryseyer/AudioDevelopment/OTTO/Source/UI/Responsive/AdaptiveLayoutManager.cpp:1:
In file included from /Users/larryseyer/AudioDevelopment/OTTO/Source/UI/Responsive/AdaptiveLayoutManager.h:4:
In file included from /Users/larryseyer/AudioDevelopment/OTTO/Builds/MacOSX/CMake-Release/OTTO_artefacts/JuceLibraryCode/JuceHeader.h:14:
In file included from /Users/larryseyer/AudioDevelopment/OTTO/JUCE/modules/juce_audio_plugin_client/juce_audio_plugin_client.h:63:
In file included from /Users/larryseyer/AudioDevelopment/OTTO/JUCE/modules/juce_gui_basics/juce_gui_basics.h:68:
/Users/larryseyer/AudioDevelopment/OTTO/JUCE/modules/juce_graphics/juce_graphics.h:157:5: warning: 'JUCE_GRAPHICS_INCLUDE_COREGRAPHICS_HELPERS' is not defined, evaluates to 0 [-Wundef]
  157 | #if JUCE_GRAPHICS_INCLUDE_COREGRAPHICS_HELPERS && (JUCE_MAC || JUCE_IOS)
      |     ^
In file included from /Users/larryseyer/AudioDevelopment/OTTO/Source/UI/Responsive/AdaptiveLayoutManager.cpp:1:
In file included from /Users/larryseyer/AudioDevelopment/OTTO/Source/UI/Responsive/AdaptiveLayoutManager.h:4:
In file included from /Users/larryseyer/AudioDevelopment/OTTO/Builds/MacOSX/CMake-Release/OTTO_artefacts/JuceLibraryCode/JuceHeader.h:14:
In file included from /Users/larryseyer/AudioDevelopment/OTTO/JUCE/modules/juce_audio_plugin_client/juce_audio_plugin_client.h:63:
In file included from /Users/larryseyer/AudioDevelopment/OTTO/JUCE/modules/juce_gui_basics/juce_gui_basics.h:205:
/Users/larryseyer/AudioDevelopment/OTTO/JUCE/modules/juce_gui_basics/components/juce_Component.h:2701:12: warning: 'JUCE_DEBUG' is not defined, evaluates to 0 [-Wundef]
 2701 |        #if JUCE_DEBUG
      |            ^
In file included from /Users/larryseyer/AudioDevelopment/OTTO/Source/UI/Responsive/AdaptiveLayoutManager.cpp:1:
In file included from /Users/larryseyer/AudioDevelopment/OTTO/Source/UI/Responsive/AdaptiveLayoutManager.h:4:
In file included from /Users/larryseyer/AudioDevelopment/OTTO/Builds/MacOSX/CMake-Release/OTTO_artefacts/JuceLibraryCode/JuceHeader.h:14:
In file included from /Users/larryseyer/AudioDevelopment/OTTO/JUCE/modules/juce_audio_plugin_client/juce_audio_plugin_client.h:63:
In file included from /Users/larryseyer/AudioDevelopment/OTTO/JUCE/modules/juce_gui_basics/juce_gui_basics.h:239:
/Users/larryseyer/AudioDevelopment/OTTO/JUCE/modules/juce_gui_basics/layout/juce_ComponentBuilder.h:243:8: warning: 'JUCE_DEBUG' is not defined, evaluates to 0 [-Wundef]
  243 |    #if JUCE_DEBUG
      |        ^
In file included from /Users/larryseyer/AudioDevelopment/OTTO/Source/UI/Responsive/AdaptiveLayoutManager.cpp:1:
In file included from /Users/larryseyer/AudioDevelopment/OTTO/Source/UI/Responsive/AdaptiveLayoutManager.h:4:
In file included from /Users/larryseyer/AudioDevelopment/OTTO/Builds/MacOSX/CMake-Release/OTTO_artefacts/JuceLibraryCode/JuceHeader.h:14:
In file included from /Users/larryseyer/AudioDevelopment/OTTO/JUCE/modules/juce_audio_plugin_client/juce_audio_plugin_client.h:63:
In file included from /Users/larryseyer/AudioDevelopment/OTTO/JUCE/modules/juce_gui_basics/juce_gui_basics.h:283:
/Users/larryseyer/AudioDevelopment/OTTO/JUCE/modules/juce_gui_basics/widgets/juce_ListBox.h:182:10: warning: 'JUCE_DISABLE_ASSERTIONS' is not defined, evaluates to 0 [-Wundef]
  182 |    #if ! JUCE_DISABLE_ASSERTIONS
      |          ^
/Users/larryseyer/AudioDevelopment/OTTO/JUCE/modules/juce_gui_basics/widgets/juce_ListBox.h:235:14: warning: 'JUCE_DISABLE_ASSERTIONS' is not defined, evaluates to 0 [-Wundef]
  235 |        #if ! JUCE_DISABLE_ASSERTIONS
      |              ^
/Users/larryseyer/AudioDevelopment/OTTO/JUCE/modules/juce_gui_basics/widgets/juce_ListBox.h:643:10: warning: 'JUCE_DISABLE_ASSERTIONS' is not defined, evaluates to 0 [-Wundef]
  643 |    #if ! JUCE_DISABLE_ASSERTIONS
      |          ^
In file included from /Users/larryseyer/AudioDevelopment/OTTO/Source/UI/Responsive/AdaptiveLayoutManager.cpp:1:
In file included from /Users/larryseyer/AudioDevelopment/OTTO/Source/UI/Responsive/AdaptiveLayoutManager.h:4:
In file included from /Users/larryseyer/AudioDevelopment/OTTO/Builds/MacOSX/CMake-Release/OTTO_artefacts/JuceLibraryCode/JuceHeader.h:14:
In file included from /Users/larryseyer/AudioDevelopment/OTTO/JUCE/modules/juce_audio_plugin_client/juce_audio_plugin_client.h:63:
In file included from /Users/larryseyer/AudioDevelopment/OTTO/JUCE/modules/juce_gui_basics/juce_gui_basics.h:302:
/Users/larryseyer/AudioDevelopment/OTTO/JUCE/modules/juce_gui_basics/windows/juce_ComponentPeer.h:310:8: warning: 'JUCE_LINUX' is not defined, evaluates to 0 [-Wundef]
  310 |    #if JUCE_LINUX || JUCE_BSD
      |        ^
/Users/larryseyer/AudioDevelopment/OTTO/JUCE/modules/juce_gui_basics/windows/juce_ComponentPeer.h:310:22: warning: 'JUCE_BSD' is not defined, evaluates to 0 [-Wundef]
  310 |    #if JUCE_LINUX || JUCE_BSD
      |                      ^
In file included from /Users/larryseyer/AudioDevelopment/OTTO/Source/UI/Responsive/AdaptiveLayoutManager.cpp:1:
In file included from /Users/larryseyer/AudioDevelopment/OTTO/Source/UI/Responsive/AdaptiveLayoutManager.h:4:
In file included from /Users/larryseyer/AudioDevelopment/OTTO/Builds/MacOSX/CMake-Release/OTTO_artefacts/JuceLibraryCode/JuceHeader.h:14:
In file included from /Users/larryseyer/AudioDevelopment/OTTO/JUCE/modules/juce_audio_plugin_client/juce_audio_plugin_client.h:63:
In file included from /Users/larryseyer/AudioDevelopment/OTTO/JUCE/modules/juce_gui_basics/juce_gui_basics.h:303:
/Users/larryseyer/AudioDevelopment/OTTO/JUCE/modules/juce_gui_basics/windows/juce_ResizableWindow.h:376:8: warning: 'JUCE_DEBUG' is not defined, evaluates to 0 [-Wundef]
  376 |    #if JUCE_DEBUG
      |        ^
/Users/larryseyer/AudioDevelopment/OTTO/JUCE/modules/juce_gui_basics/windows/juce_ResizableWindow.h:414:8: warning: 'JUCE_DEBUG' is not defined, evaluates to 0 [-Wundef]
  414 |    #if JUCE_DEBUG
      |        ^
In file included from /Users/larryseyer/AudioDevelopment/OTTO/Source/UI/Responsive/AdaptiveLayoutManager.cpp:1:
In file included from /Users/larryseyer/AudioDevelopment/OTTO/Source/UI/Responsive/AdaptiveLayoutManager.h:4:
In file included from /Users/larryseyer/AudioDevelopment/OTTO/Builds/MacOSX/CMake-Release/OTTO_artefacts/JuceLibraryCode/JuceHeader.h:14:
In file included from /Users/larryseyer/AudioDevelopment/OTTO/JUCE/modules/juce_audio_plugin_client/juce_audio_plugin_client.h:63:
In file included from /Users/larryseyer/AudioDevelopment/OTTO/JUCE/modules/juce_gui_basics/juce_gui_basics.h:335:
/Users/larryseyer/AudioDevelopment/OTTO/JUCE/modules/juce_gui_basics/application/juce_Application.h:125:8: warning: 'DOXYGEN' is not defined, evaluates to 0 [-Wundef]
  125 |    #if DOXYGEN
      |        ^
In file included from /Users/larryseyer/AudioDevelopment/OTTO/Source/UI/Responsive/AdaptiveLayoutManager.cpp:1:
In file included from /Users/larryseyer/AudioDevelopment/OTTO/Source/UI/Responsive/AdaptiveLayoutManager.h:4:
In file included from /Users/larryseyer/AudioDevelopment/OTTO/Builds/MacOSX/CMake-Release/OTTO_artefacts/JuceLibraryCode/JuceHeader.h:14:
In file included from /Users/larryseyer/AudioDevelopment/OTTO/JUCE/modules/juce_audio_plugin_client/juce_audio_plugin_client.h:63:
/Users/larryseyer/AudioDevelopment/OTTO/JUCE/modules/juce_gui_basics/juce_gui_basics.h:344:5: warning: 'JUCE_LINUX' is not defined, evaluates to 0 [-Wundef]
  344 | #if JUCE_LINUX || JUCE_BSD
      |     ^
/Users/larryseyer/AudioDevelopment/OTTO/JUCE/modules/juce_gui_basics/juce_gui_basics.h:344:19: warning: 'JUCE_BSD' is not defined, evaluates to 0 [-Wundef]
  344 | #if JUCE_LINUX || JUCE_BSD
      |                   ^
/Users/larryseyer/AudioDevelopment/OTTO/JUCE/modules/juce_gui_basics/juce_gui_basics.h:394:5: warning: 'JUCE_GUI_BASICS_INCLUDE_SCOPED_THREAD_DPI_AWARENESS_SETTER' is not defined, evaluates to 0 [-Wundef]
  394 | #if JUCE_GUI_BASICS_INCLUDE_SCOPED_THREAD_DPI_AWARENESS_SETTER && JUCE_WINDOWS
      |     ^
In file included from /Users/larryseyer/AudioDevelopment/OTTO/Source/UI/Responsive/AdaptiveLayoutManager.cpp:1:
In file included from /Users/larryseyer/AudioDevelopment/OTTO/Source/UI/Responsive/AdaptiveLayoutManager.h:4:
In file included from /Users/larryseyer/AudioDevelopment/OTTO/Builds/MacOSX/CMake-Release/OTTO_artefacts/JuceLibraryCode/JuceHeader.h:14:
In file included from /Users/larryseyer/AudioDevelopment/OTTO/JUCE/modules/juce_audio_plugin_client/juce_audio_plugin_client.h:64:
/Users/larryseyer/AudioDevelopment/OTTO/JUCE/modules/juce_audio_basics/juce_audio_basics.h:77:7: warning: 'JUCE_INTEL' is not defined, evaluates to 0 [-Wundef]
   77 | #if ! JUCE_INTEL
      |       ^
/Users/larryseyer/AudioDevelopment/OTTO/JUCE/modules/juce_audio_basics/juce_audio_basics.h:81:24: warning: 'JUCE_USE_VDSP_FRAMEWORK' is not defined, evaluates to 0 [-Wundef]
   81 | #if __ARM_NEON__ && ! (JUCE_USE_VDSP_FRAMEWORK || defined (JUCE_USE_ARM_NEON))
      |                        ^
In file included from /Users/larryseyer/AudioDevelopment/OTTO/Source/UI/Responsive/AdaptiveLayoutManager.cpp:1:
In file included from /Users/larryseyer/AudioDevelopment/OTTO/Source/UI/Responsive/AdaptiveLayoutManager.h:4:
In file included from /Users/larryseyer/AudioDevelopment/OTTO/Builds/MacOSX/CMake-Release/OTTO_artefacts/JuceLibraryCode/JuceHeader.h:14:
In file included from /Users/larryseyer/AudioDevelopment/OTTO/JUCE/modules/juce_audio_plugin_client/juce_audio_plugin_client.h:64:
In file included from /Users/larryseyer/AudioDevelopment/OTTO/JUCE/modules/juce_audio_basics/juce_audio_basics.h:93:
/Users/larryseyer/AudioDevelopment/OTTO/JUCE/modules/juce_audio_basics/buffers/juce_AudioDataConverters.h:103:9: warning: 'JUCE_BIG_ENDIAN' is not defined, evaluates to 0 [-Wundef]
  103 |     #if JUCE_BIG_ENDIAN
      |         ^
/Users/larryseyer/AudioDevelopment/OTTO/JUCE/modules/juce_audio_basics/buffers/juce_AudioDataConverters.h:263:12: warning: 'JUCE_BIG_ENDIAN' is not defined, evaluates to 0 [-Wundef]
  263 |        #if JUCE_BIG_ENDIAN
      |            ^
/Users/larryseyer/AudioDevelopment/OTTO/JUCE/modules/juce_audio_basics/buffers/juce_AudioDataConverters.h:119:135: warning: implicit conversion increases floating-point precision: 'float' to 'double' [-Wdouble-promotion]
  119 |         inline void setAsFloatLE (float newValue) noexcept      { *data = (int8) jlimit ((int) -maxValue, (int) maxValue, roundToInt (newValue * (1.0 + (double) maxValue))); }
      |                                                                                                                                       ^~~~~~~~ ~
/Users/larryseyer/AudioDevelopment/OTTO/JUCE/modules/juce_audio_basics/buffers/juce_AudioDataConverters.h:144:117: warning: implicit conversion increases floating-point precision: 'float' to 'double' [-Wdouble-promotion]
  144 |         inline void setAsFloatLE (float newValue) noexcept      { *data = (uint8) jlimit (0, 255, 128 + roundToInt (newValue * (1.0 + (double) maxValue))); }
      |                                                                                                                     ^~~~~~~~ ~
/Users/larryseyer/AudioDevelopment/OTTO/JUCE/modules/juce_audio_basics/buffers/juce_AudioDataConverters.h:169:168: warning: implicit conversion increases floating-point precision: 'float' to 'double' [-Wdouble-promotion]
  169 |         inline void setAsFloatLE (float newValue) noexcept      { *data = ByteOrder::swapIfBigEndian    ((uint16) jlimit ((int) -maxValue, (int) maxValue, roundToInt (newValue * (1.0 + (double) maxValue)))); }
      |                                                                                                                                                                        ^~~~~~~~ ~
/Users/larryseyer/AudioDevelopment/OTTO/JUCE/modules/juce_audio_basics/buffers/juce_AudioDataConverters.h:170:168: warning: implicit conversion increases floating-point precision: 'float' to 'double' [-Wdouble-promotion]
  170 |         inline void setAsFloatBE (float newValue) noexcept      { *data = ByteOrder::swapIfLittleEndian ((uint16) jlimit ((int) -maxValue, (int) maxValue, roundToInt (newValue * (1.0 + (double) maxValue)))); }
      |                                                                                                                                                                        ^~~~~~~~ ~
/Users/larryseyer/AudioDevelopment/OTTO/JUCE/modules/juce_audio_basics/buffers/juce_AudioDataConverters.h:194:157: warning: implicit conversion increases floating-point precision: 'float' to 'double' [-Wdouble-promotion]
  194 |         inline void setAsFloatLE (float newValue) noexcept      { ByteOrder::littleEndian24BitToChars (jlimit ((int) -maxValue, (int) maxValue, roundToInt (newValue * (1.0 + (double) maxValue))), data); }
      |                                                                                                                                                             ^~~~~~~~ ~
/Users/larryseyer/AudioDevelopment/OTTO/JUCE/modules/juce_audio_basics/buffers/juce_AudioDataConverters.h:195:157: warning: implicit conversion increases floating-point precision: 'float' to 'double' [-Wdouble-promotion]
  195 |         inline void setAsFloatBE (float newValue) noexcept      { ByteOrder::bigEndian24BitToChars (jlimit    ((int) -maxValue, (int) maxValue, roundToInt (newValue * (1.0 + (double) maxValue))), data); }
      |                                                                                                                                                             ^~~~~~~~ ~
In file included from /Users/larryseyer/AudioDevelopment/OTTO/Source/UI/Responsive/AdaptiveLayoutManager.cpp:1:
In file included from /Users/larryseyer/AudioDevelopment/OTTO/Source/UI/Responsive/AdaptiveLayoutManager.h:4:
In file included from /Users/larryseyer/AudioDevelopment/OTTO/Builds/MacOSX/CMake-Release/OTTO_artefacts/JuceLibraryCode/JuceHeader.h:14:
In file included from /Users/larryseyer/AudioDevelopment/OTTO/JUCE/modules/juce_audio_plugin_client/juce_audio_plugin_client.h:64:
In file included from /Users/larryseyer/AudioDevelopment/OTTO/JUCE/modules/juce_audio_basics/juce_audio_basics.h:95:
/Users/larryseyer/AudioDevelopment/OTTO/JUCE/modules/juce_audio_basics/buffers/juce_FloatVectorOperations.h:39:6: warning: 'JUCE_INTEL' is not defined, evaluates to 0 [-Wundef]
   39 |  #if JUCE_INTEL
      |      ^
/Users/larryseyer/AudioDevelopment/OTTO/JUCE/modules/juce_audio_basics/buffers/juce_FloatVectorOperations.h:153:7: warning: 'DOXYGEN' is not defined, evaluates to 0 [-Wundef]
  153 | #if ! DOXYGEN
      |       ^
/Users/larryseyer/AudioDevelopment/OTTO/JUCE/modules/juce_audio_basics/buffers/juce_FloatVectorOperations.h:237:7: warning: 'JUCE_USE_SSE_INTRINSICS' is not defined, evaluates to 0 [-Wundef]
  237 |   #if JUCE_USE_SSE_INTRINSICS || (JUCE_USE_ARM_NEON || (JUCE_64BIT && JUCE_ARM))
      |       ^
In file included from /Users/larryseyer/AudioDevelopment/OTTO/Source/UI/Responsive/AdaptiveLayoutManager.cpp:1:
In file included from /Users/larryseyer/AudioDevelopment/OTTO/Source/UI/Responsive/AdaptiveLayoutManager.h:4:
In file included from /Users/larryseyer/AudioDevelopment/OTTO/Builds/MacOSX/CMake-Release/OTTO_artefacts/JuceLibraryCode/JuceHeader.h:14:
In file included from /Users/larryseyer/AudioDevelopment/OTTO/JUCE/modules/juce_audio_plugin_client/juce_audio_plugin_client.h:64:
In file included from /Users/larryseyer/AudioDevelopment/OTTO/JUCE/modules/juce_audio_basics/juce_audio_basics.h:97:
/Users/larryseyer/AudioDevelopment/OTTO/JUCE/modules/juce_audio_basics/buffers/juce_AudioSampleBuffer.h:1155:15: warning: 'JUCE_GCC' is not defined, evaluates to 0 [-Wundef]
 1155 |        #if (! JUCE_GCC || (__GNUC__ * 100 + __GNUC_MINOR__) >= 409)
      |               ^
In file included from /Users/larryseyer/AudioDevelopment/OTTO/Source/UI/Responsive/AdaptiveLayoutManager.cpp:1:
In file included from /Users/larryseyer/AudioDevelopment/OTTO/Source/UI/Responsive/AdaptiveLayoutManager.h:4:
In file included from /Users/larryseyer/AudioDevelopment/OTTO/Builds/MacOSX/CMake-Release/OTTO_artefacts/JuceLibraryCode/JuceHeader.h:14:
In file included from /Users/larryseyer/AudioDevelopment/OTTO/JUCE/modules/juce_audio_plugin_client/juce_audio_plugin_client.h:64:
In file included from /Users/larryseyer/AudioDevelopment/OTTO/JUCE/modules/juce_audio_basics/juce_audio_basics.h:104:
/Users/larryseyer/AudioDevelopment/OTTO/JUCE/modules/juce_audio_basics/utilities/juce_SmoothedValue.h:421:5: warning: 'JUCE_UNIT_TESTS' is not defined, evaluates to 0 [-Wundef]
  421 | #if JUCE_UNIT_TESTS
      |     ^
In file included from /Users/larryseyer/AudioDevelopment/OTTO/Source/UI/Responsive/AdaptiveLayoutManager.cpp:1:
In file included from /Users/larryseyer/AudioDevelopment/OTTO/Source/UI/Responsive/AdaptiveLayoutManager.h:4:
In file included from /Users/larryseyer/AudioDevelopment/OTTO/Builds/MacOSX/CMake-Release/OTTO_artefacts/JuceLibraryCode/JuceHeader.h:14:
In file included from /Users/larryseyer/AudioDevelopment/OTTO/JUCE/modules/juce_audio_plugin_client/juce_audio_plugin_client.h:64:
In file included from /Users/larryseyer/AudioDevelopment/OTTO/JUCE/modules/juce_audio_basics/juce_audio_basics.h:106:
/Users/larryseyer/AudioDevelopment/OTTO/JUCE/modules/juce_audio_basics/utilities/juce_ADSR.h:155:66: warning: implicit conversion increases floating-point precision: 'float' to 'double' [-Wdouble-promotion]
  155 |                 releaseRate = (float) (envelopeVal / (parameters.release * sampleRate));
      |                                                       ~~~~~~~~~~~^~~~~~~ ~
/Users/larryseyer/AudioDevelopment/OTTO/JUCE/modules/juce_audio_basics/utilities/juce_ADSR.h:155:40: warning: implicit conversion increases floating-point precision: 'float' to 'double' [-Wdouble-promotion]
  155 |                 releaseRate = (float) (envelopeVal / (parameters.release * sampleRate));
      |                                        ^~~~~~~~~~~ ~
/Users/larryseyer/AudioDevelopment/OTTO/JUCE/modules/juce_audio_basics/utilities/juce_ADSR.h:266:64: warning: implicit conversion increases floating-point precision: 'float' to 'double' [-Wdouble-promotion]
  266 |             return timeInSeconds > 0.0f ? (float) (distance / (timeInSeconds * sr)) : -1.0f;
      |                                                                ^~~~~~~~~~~~~ ~
/Users/larryseyer/AudioDevelopment/OTTO/JUCE/modules/juce_audio_basics/utilities/juce_ADSR.h:266:52: warning: implicit conversion increases floating-point precision: 'float' to 'double' [-Wdouble-promotion]
  266 |             return timeInSeconds > 0.0f ? (float) (distance / (timeInSeconds * sr)) : -1.0f;
      |                                                    ^~~~~~~~ ~
In file included from /Users/larryseyer/AudioDevelopment/OTTO/Source/UI/Responsive/AdaptiveLayoutManager.cpp:1:
In file included from /Users/larryseyer/AudioDevelopment/OTTO/Source/UI/Responsive/AdaptiveLayoutManager.h:4:
In file included from /Users/larryseyer/AudioDevelopment/OTTO/Builds/MacOSX/CMake-Release/OTTO_artefacts/JuceLibraryCode/JuceHeader.h:14:
In file included from /Users/larryseyer/AudioDevelopment/OTTO/JUCE/modules/juce_audio_plugin_client/juce_audio_plugin_client.h:65:
In file included from /Users/larryseyer/AudioDevelopment/OTTO/JUCE/modules/juce_audio_processors/juce_audio_processors.h:67:
/Users/larryseyer/AudioDevelopment/OTTO/JUCE/modules/juce_gui_extra/juce_gui_extra.h:127:6: warning: 'JUCE_DEBUG' is not defined, evaluates to 0 [-Wundef]
  127 |  #if JUCE_DEBUG && ! (JUCE_IOS || JUCE_ANDROID)
      |      ^
In file included from /Users/larryseyer/AudioDevelopment/OTTO/Source/UI/Responsive/AdaptiveLayoutManager.cpp:1:
In file included from /Users/larryseyer/AudioDevelopment/OTTO/Source/UI/Responsive/AdaptiveLayoutManager.h:4:
In file included from /Users/larryseyer/AudioDevelopment/OTTO/Builds/MacOSX/CMake-Release/OTTO_artefacts/JuceLibraryCode/JuceHeader.h:14:
In file included from /Users/larryseyer/AudioDevelopment/OTTO/JUCE/modules/juce_audio_plugin_client/juce_audio_plugin_client.h:65:
In file included from /Users/larryseyer/AudioDevelopment/OTTO/JUCE/modules/juce_audio_processors/juce_audio_processors.h:67:
In file included from /Users/larryseyer/AudioDevelopment/OTTO/JUCE/modules/juce_gui_extra/juce_gui_extra.h:141:
/Users/larryseyer/AudioDevelopment/OTTO/JUCE/modules/juce_gui_extra/embedding/juce_ActiveXControlComponent.h:38:5: warning: 'JUCE_WINDOWS' is not defined, evaluates to 0 [-Wundef]
   38 | #if JUCE_WINDOWS || DOXYGEN
      |     ^
/Users/larryseyer/AudioDevelopment/OTTO/JUCE/modules/juce_gui_extra/embedding/juce_ActiveXControlComponent.h:38:21: warning: 'DOXYGEN' is not defined, evaluates to 0 [-Wundef]
   38 | #if JUCE_WINDOWS || DOXYGEN
      |                     ^
In file included from /Users/larryseyer/AudioDevelopment/OTTO/Source/UI/Responsive/AdaptiveLayoutManager.cpp:1:
In file included from /Users/larryseyer/AudioDevelopment/OTTO/Source/UI/Responsive/AdaptiveLayoutManager.h:4:
In file included from /Users/larryseyer/AudioDevelopment/OTTO/Builds/MacOSX/CMake-Release/OTTO_artefacts/JuceLibraryCode/JuceHeader.h:14:
In file included from /Users/larryseyer/AudioDevelopment/OTTO/JUCE/modules/juce_audio_plugin_client/juce_audio_plugin_client.h:65:
In file included from /Users/larryseyer/AudioDevelopment/OTTO/JUCE/modules/juce_audio_processors/juce_audio_processors.h:67:
In file included from /Users/larryseyer/AudioDevelopment/OTTO/JUCE/modules/juce_gui_extra/juce_gui_extra.h:142:
/Users/larryseyer/AudioDevelopment/OTTO/JUCE/modules/juce_gui_extra/embedding/juce_AndroidViewComponent.h:38:5: warning: 'JUCE_ANDROID' is not defined, evaluates to 0 [-Wundef]
   38 | #if JUCE_ANDROID || DOXYGEN
      |     ^
/Users/larryseyer/AudioDevelopment/OTTO/JUCE/modules/juce_gui_extra/embedding/juce_AndroidViewComponent.h:38:21: warning: 'DOXYGEN' is not defined, evaluates to 0 [-Wundef]
   38 | #if JUCE_ANDROID || DOXYGEN
      |                     ^
In file included from /Users/larryseyer/AudioDevelopment/OTTO/Source/UI/Responsive/AdaptiveLayoutManager.cpp:1:
In file included from /Users/larryseyer/AudioDevelopment/OTTO/Source/UI/Responsive/AdaptiveLayoutManager.h:4:
In file included from /Users/larryseyer/AudioDevelopment/OTTO/Builds/MacOSX/CMake-Release/OTTO_artefacts/JuceLibraryCode/JuceHeader.h:14:
In file included from /Users/larryseyer/AudioDevelopment/OTTO/JUCE/modules/juce_audio_plugin_client/juce_audio_plugin_client.h:65:
In file included from /Users/larryseyer/AudioDevelopment/OTTO/JUCE/modules/juce_audio_processors/juce_audio_processors.h:67:
In file included from /Users/larryseyer/AudioDevelopment/OTTO/JUCE/modules/juce_gui_extra/juce_gui_extra.h:144:
/Users/larryseyer/AudioDevelopment/OTTO/JUCE/modules/juce_gui_extra/embedding/juce_UIViewComponent.h:38:5: warning: 'JUCE_IOS' is not defined, evaluates to 0 [-Wundef]
   38 | #if JUCE_IOS || DOXYGEN
      |     ^
/Users/larryseyer/AudioDevelopment/OTTO/JUCE/modules/juce_gui_extra/embedding/juce_UIViewComponent.h:38:17: warning: 'DOXYGEN' is not defined, evaluates to 0 [-Wundef]
   38 | #if JUCE_IOS || DOXYGEN
      |                 ^
In file included from /Users/larryseyer/AudioDevelopment/OTTO/Source/UI/Responsive/AdaptiveLayoutManager.cpp:1:
In file included from /Users/larryseyer/AudioDevelopment/OTTO/Source/UI/Responsive/AdaptiveLayoutManager.h:4:
In file included from /Users/larryseyer/AudioDevelopment/OTTO/Builds/MacOSX/CMake-Release/OTTO_artefacts/JuceLibraryCode/JuceHeader.h:14:
In file included from /Users/larryseyer/AudioDevelopment/OTTO/JUCE/modules/juce_audio_plugin_client/juce_audio_plugin_client.h:65:
In file included from /Users/larryseyer/AudioDevelopment/OTTO/JUCE/modules/juce_audio_processors/juce_audio_processors.h:67:
In file included from /Users/larryseyer/AudioDevelopment/OTTO/JUCE/modules/juce_gui_extra/juce_gui_extra.h:145:
/Users/larryseyer/AudioDevelopment/OTTO/JUCE/modules/juce_gui_extra/embedding/juce_XEmbedComponent.h:43:5: warning: 'JUCE_LINUX' is not defined, evaluates to 0 [-Wundef]
   43 | #if JUCE_LINUX || JUCE_BSD || DOXYGEN
      |     ^
/Users/larryseyer/AudioDevelopment/OTTO/JUCE/modules/juce_gui_extra/embedding/juce_XEmbedComponent.h:43:19: warning: 'JUCE_BSD' is not defined, evaluates to 0 [-Wundef]
   43 | #if JUCE_LINUX || JUCE_BSD || DOXYGEN
      |                   ^
/Users/larryseyer/AudioDevelopment/OTTO/JUCE/modules/juce_gui_extra/embedding/juce_XEmbedComponent.h:43:31: warning: 'DOXYGEN' is not defined, evaluates to 0 [-Wundef]
   43 | #if JUCE_LINUX || JUCE_BSD || DOXYGEN
      |                               ^
In file included from /Users/larryseyer/AudioDevelopment/OTTO/Source/UI/Responsive/AdaptiveLayoutManager.cpp:1:
In file included from /Users/larryseyer/AudioDevelopment/OTTO/Source/UI/Responsive/AdaptiveLayoutManager.h:4:
In file included from /Users/larryseyer/AudioDevelopment/OTTO/Builds/MacOSX/CMake-Release/OTTO_artefacts/JuceLibraryCode/JuceHeader.h:14:
In file included from /Users/larryseyer/AudioDevelopment/OTTO/JUCE/modules/juce_audio_plugin_client/juce_audio_plugin_client.h:65:
In file included from /Users/larryseyer/AudioDevelopment/OTTO/JUCE/modules/juce_audio_processors/juce_audio_processors.h:67:
In file included from /Users/larryseyer/AudioDevelopment/OTTO/JUCE/modules/juce_gui_extra/juce_gui_extra.h:146:
/Users/larryseyer/AudioDevelopment/OTTO/JUCE/modules/juce_gui_extra/embedding/juce_HWNDComponent.h:38:5: warning: 'JUCE_WINDOWS' is not defined, evaluates to 0 [-Wundef]
   38 | #if JUCE_WINDOWS || DOXYGEN
      |     ^
/Users/larryseyer/AudioDevelopment/OTTO/JUCE/modules/juce_gui_extra/embedding/juce_HWNDComponent.h:38:21: warning: 'DOXYGEN' is not defined, evaluates to 0 [-Wundef]
   38 | #if JUCE_WINDOWS || DOXYGEN
      |                     ^
In file included from /Users/larryseyer/AudioDevelopment/OTTO/Source/UI/Responsive/AdaptiveLayoutManager.cpp:1:
In file included from /Users/larryseyer/AudioDevelopment/OTTO/Source/UI/Responsive/AdaptiveLayoutManager.h:4:
In file included from /Users/larryseyer/AudioDevelopment/OTTO/Builds/MacOSX/CMake-Release/OTTO_artefacts/JuceLibraryCode/JuceHeader.h:14:
In file included from /Users/larryseyer/AudioDevelopment/OTTO/JUCE/modules/juce_audio_plugin_client/juce_audio_plugin_client.h:65:
In file included from /Users/larryseyer/AudioDevelopment/OTTO/JUCE/modules/juce_audio_processors/juce_audio_processors.h:67:
In file included from /Users/larryseyer/AudioDevelopment/OTTO/JUCE/modules/juce_gui_extra/juce_gui_extra.h:152:
/Users/larryseyer/AudioDevelopment/OTTO/JUCE/modules/juce_gui_extra/misc/juce_PushNotifications.h:699:8: warning: 'JUCE_ANDROID' is not defined, evaluates to 0 [-Wundef]
  699 |    #if JUCE_ANDROID
      |        ^
In file included from /Users/larryseyer/AudioDevelopment/OTTO/Source/UI/Responsive/AdaptiveLayoutManager.cpp:1:
In file included from /Users/larryseyer/AudioDevelopment/OTTO/Source/UI/Responsive/AdaptiveLayoutManager.h:4:
In file included from /Users/larryseyer/AudioDevelopment/OTTO/Builds/MacOSX/CMake-Release/OTTO_artefacts/JuceLibraryCode/JuceHeader.h:14:
In file included from /Users/larryseyer/AudioDevelopment/OTTO/JUCE/modules/juce_audio_plugin_client/juce_audio_plugin_client.h:65:
In file included from /Users/larryseyer/AudioDevelopment/OTTO/JUCE/modules/juce_audio_processors/juce_audio_processors.h:67:
In file included from /Users/larryseyer/AudioDevelopment/OTTO/JUCE/modules/juce_gui_extra/juce_gui_extra.h:155:
/Users/larryseyer/AudioDevelopment/OTTO/JUCE/modules/juce_gui_extra/misc/juce_SystemTrayIconComponent.h:38:5: warning: 'JUCE_WINDOWS' is not defined, evaluates to 0 [-Wundef]
   38 | #if JUCE_WINDOWS || JUCE_LINUX || JUCE_BSD || JUCE_MAC || DOXYGEN
      |     ^
/Users/larryseyer/AudioDevelopment/OTTO/JUCE/modules/juce_gui_extra/misc/juce_SystemTrayIconComponent.h:38:21: warning: 'JUCE_LINUX' is not defined, evaluates to 0 [-Wundef]
   38 | #if JUCE_WINDOWS || JUCE_LINUX || JUCE_BSD || JUCE_MAC || DOXYGEN
      |                     ^
/Users/larryseyer/AudioDevelopment/OTTO/JUCE/modules/juce_gui_extra/misc/juce_SystemTrayIconComponent.h:38:35: warning: 'JUCE_BSD' is not defined, evaluates to 0 [-Wundef]
   38 | #if JUCE_WINDOWS || JUCE_LINUX || JUCE_BSD || JUCE_MAC || DOXYGEN
      |                                   ^
/Users/larryseyer/AudioDevelopment/OTTO/JUCE/modules/juce_gui_extra/misc/juce_SystemTrayIconComponent.h:102:8: warning: 'JUCE_LINUX' is not defined, evaluates to 0 [-Wundef]
  102 |    #if JUCE_LINUX || JUCE_BSD
      |        ^
/Users/larryseyer/AudioDevelopment/OTTO/JUCE/modules/juce_gui_extra/misc/juce_SystemTrayIconComponent.h:102:22: warning: 'JUCE_BSD' is not defined, evaluates to 0 [-Wundef]
  102 |    #if JUCE_LINUX || JUCE_BSD
      |                      ^
In file included from /Users/larryseyer/AudioDevelopment/OTTO/Source/UI/Responsive/AdaptiveLayoutManager.cpp:1:
In file included from /Users/larryseyer/AudioDevelopment/OTTO/Source/UI/Responsive/AdaptiveLayoutManager.h:4:
In file included from /Users/larryseyer/AudioDevelopment/OTTO/Builds/MacOSX/CMake-Release/OTTO_artefacts/JuceLibraryCode/JuceHeader.h:14:
In file included from /Users/larryseyer/AudioDevelopment/OTTO/JUCE/modules/juce_audio_plugin_client/juce_audio_plugin_client.h:65:
In file included from /Users/larryseyer/AudioDevelopment/OTTO/JUCE/modules/juce_audio_processors/juce_audio_processors.h:67:
In file included from /Users/larryseyer/AudioDevelopment/OTTO/JUCE/modules/juce_gui_extra/juce_gui_extra.h:156:
/Users/larryseyer/AudioDevelopment/OTTO/JUCE/modules/juce_gui_extra/misc/juce_WebBrowserComponent.h:38:25: warning: 'DOXYGEN' is not defined, evaluates to 0 [-Wundef]
   38 | #if JUCE_WEB_BROWSER || DOXYGEN
      |                         ^
In file included from /Users/larryseyer/AudioDevelopment/OTTO/Source/UI/Responsive/AdaptiveLayoutManager.cpp:1:
In file included from /Users/larryseyer/AudioDevelopment/OTTO/Source/UI/Responsive/AdaptiveLayoutManager.h:4:
In file included from /Users/larryseyer/AudioDevelopment/OTTO/Builds/MacOSX/CMake-Release/OTTO_artefacts/JuceLibraryCode/JuceHeader.h:14:
In file included from /Users/larryseyer/AudioDevelopment/OTTO/JUCE/modules/juce_audio_plugin_client/juce_audio_plugin_client.h:65:
In file included from /Users/larryseyer/AudioDevelopment/OTTO/JUCE/modules/juce_audio_processors/juce_audio_processors.h:67:
In file included from /Users/larryseyer/AudioDevelopment/OTTO/JUCE/modules/juce_gui_extra/juce_gui_extra.h:157:
/Users/larryseyer/AudioDevelopment/OTTO/JUCE/modules/juce_gui_extra/misc/juce_LiveConstantEditor.h:35:5: warning: 'JUCE_ENABLE_LIVE_CONSTANT_EDITOR' is not defined, evaluates to 0 [-Wundef]
   35 | #if JUCE_ENABLE_LIVE_CONSTANT_EDITOR && ! defined (DOXYGEN)
      |     ^
/Users/larryseyer/AudioDevelopment/OTTO/JUCE/modules/juce_gui_extra/misc/juce_LiveConstantEditor.h:258:5: warning: 'JUCE_ENABLE_LIVE_CONSTANT_EDITOR' is not defined, evaluates to 0 [-Wundef]
  258 | #if JUCE_ENABLE_LIVE_CONSTANT_EDITOR || DOXYGEN
      |     ^
/Users/larryseyer/AudioDevelopment/OTTO/JUCE/modules/juce_gui_extra/misc/juce_LiveConstantEditor.h:258:41: warning: 'DOXYGEN' is not defined, evaluates to 0 [-Wundef]
  258 | #if JUCE_ENABLE_LIVE_CONSTANT_EDITOR || DOXYGEN
      |                                         ^
In file included from /Users/larryseyer/AudioDevelopment/OTTO/Source/UI/Responsive/AdaptiveLayoutManager.cpp:1:
In file included from /Users/larryseyer/AudioDevelopment/OTTO/Source/UI/Responsive/AdaptiveLayoutManager.h:4:
In file included from /Users/larryseyer/AudioDevelopment/OTTO/Builds/MacOSX/CMake-Release/OTTO_artefacts/JuceLibraryCode/JuceHeader.h:14:
In file included from /Users/larryseyer/AudioDevelopment/OTTO/JUCE/modules/juce_audio_plugin_client/juce_audio_plugin_client.h:65:
In file included from /Users/larryseyer/AudioDevelopment/OTTO/JUCE/modules/juce_audio_processors/juce_audio_processors.h:67:
In file included from /Users/larryseyer/AudioDevelopment/OTTO/JUCE/modules/juce_gui_extra/juce_gui_extra.h:159:
/Users/larryseyer/AudioDevelopment/OTTO/JUCE/modules/juce_gui_extra/detail/juce_WebControlRelayEvents.h:38:25: warning: 'DOXYGEN' is not defined, evaluates to 0 [-Wundef]
   38 | #if JUCE_WEB_BROWSER || DOXYGEN
      |                         ^
In file included from /Users/larryseyer/AudioDevelopment/OTTO/Source/UI/Responsive/AdaptiveLayoutManager.cpp:1:
In file included from /Users/larryseyer/AudioDevelopment/OTTO/Source/UI/Responsive/AdaptiveLayoutManager.h:4:
In file included from /Users/larryseyer/AudioDevelopment/OTTO/Builds/MacOSX/CMake-Release/OTTO_artefacts/JuceLibraryCode/JuceHeader.h:14:
In file included from /Users/larryseyer/AudioDevelopment/OTTO/JUCE/modules/juce_audio_plugin_client/juce_audio_plugin_client.h:65:
In file included from /Users/larryseyer/AudioDevelopment/OTTO/JUCE/modules/juce_audio_processors/juce_audio_processors.h:67:
In file included from /Users/larryseyer/AudioDevelopment/OTTO/JUCE/modules/juce_gui_extra/juce_gui_extra.h:160:
/Users/larryseyer/AudioDevelopment/OTTO/JUCE/modules/juce_gui_extra/misc/juce_WebControlRelays.h:38:25: warning: 'DOXYGEN' is not defined, evaluates to 0 [-Wundef]
   38 | #if JUCE_WEB_BROWSER || DOXYGEN
      |                         ^
In file included from /Users/larryseyer/AudioDevelopment/OTTO/Source/UI/Responsive/AdaptiveLayoutManager.cpp:1:
In file included from /Users/larryseyer/AudioDevelopment/OTTO/Source/UI/Responsive/AdaptiveLayoutManager.h:4:
In file included from /Users/larryseyer/AudioDevelopment/OTTO/Builds/MacOSX/CMake-Release/OTTO_artefacts/JuceLibraryCode/JuceHeader.h:14:
In file included from /Users/larryseyer/AudioDevelopment/OTTO/JUCE/modules/juce_audio_plugin_client/juce_audio_plugin_client.h:65:
In file included from /Users/larryseyer/AudioDevelopment/OTTO/JUCE/modules/juce_audio_processors/juce_audio_processors.h:67:
In file included from /Users/larryseyer/AudioDevelopment/OTTO/JUCE/modules/juce_gui_extra/juce_gui_extra.h:161:
/Users/larryseyer/AudioDevelopment/OTTO/JUCE/modules/juce_gui_extra/misc/juce_WebControlParameterIndexReceiver.h:38:25: warning: 'DOXYGEN' is not defined, evaluates to 0 [-Wundef]
   38 | #if JUCE_WEB_BROWSER || DOXYGEN
      |                         ^
In file included from /Users/larryseyer/AudioDevelopment/OTTO/Source/UI/Responsive/AdaptiveLayoutManager.cpp:1:
In file included from /Users/larryseyer/AudioDevelopment/OTTO/Source/UI/Responsive/AdaptiveLayoutManager.h:4:
In file included from /Users/larryseyer/AudioDevelopment/OTTO/Builds/MacOSX/CMake-Release/OTTO_artefacts/JuceLibraryCode/JuceHeader.h:14:
In file included from /Users/larryseyer/AudioDevelopment/OTTO/JUCE/modules/juce_audio_plugin_client/juce_audio_plugin_client.h:65:
In file included from /Users/larryseyer/AudioDevelopment/OTTO/JUCE/modules/juce_audio_processors/juce_audio_processors.h:148:
/Users/larryseyer/AudioDevelopment/OTTO/JUCE/modules/juce_audio_processors/processors/juce_AudioProcessorParameter.h:363:8: warning: 'JUCE_DEBUG' is not defined, evaluates to 0 [-Wundef]
  363 |    #if JUCE_DEBUG
      |        ^
In file included from /Users/larryseyer/AudioDevelopment/OTTO/Source/UI/Responsive/AdaptiveLayoutManager.cpp:1:
In file included from /Users/larryseyer/AudioDevelopment/OTTO/Source/UI/Responsive/AdaptiveLayoutManager.h:4:
In file included from /Users/larryseyer/AudioDevelopment/OTTO/Builds/MacOSX/CMake-Release/OTTO_artefacts/JuceLibraryCode/JuceHeader.h:14:
In file included from /Users/larryseyer/AudioDevelopment/OTTO/JUCE/modules/juce_audio_plugin_client/juce_audio_plugin_client.h:65:
In file included from /Users/larryseyer/AudioDevelopment/OTTO/JUCE/modules/juce_audio_processors/juce_audio_processors.h:154:
/Users/larryseyer/AudioDevelopment/OTTO/JUCE/modules/juce_audio_processors/processors/juce_AudioProcessor.h:1599:7: warning: 'JUCE_DEBUG' is not defined, evaluates to 0 [-Wundef]
 1599 |   #if JUCE_DEBUG
      |       ^
In file included from /Users/larryseyer/AudioDevelopment/OTTO/Source/UI/Responsive/AdaptiveLayoutManager.cpp:1:
In file included from /Users/larryseyer/AudioDevelopment/OTTO/Source/UI/Responsive/AdaptiveLayoutManager.h:4:
In file included from /Users/larryseyer/AudioDevelopment/OTTO/Builds/MacOSX/CMake-Release/OTTO_artefacts/JuceLibraryCode/JuceHeader.h:14:
In file included from /Users/larryseyer/AudioDevelopment/OTTO/JUCE/modules/juce_audio_plugin_client/juce_audio_plugin_client.h:65:
In file included from /Users/larryseyer/AudioDevelopment/OTTO/JUCE/modules/juce_audio_processors/juce_audio_processors.h:162:
/Users/larryseyer/AudioDevelopment/OTTO/JUCE/modules/juce_audio_processors/format_types/juce_AudioUnitPluginFormat.h:38:55: warning: 'DOXYGEN' is not defined, evaluates to 0 [-Wundef]
   38 | #if (JUCE_PLUGINHOST_AU && (JUCE_MAC || JUCE_IOS)) || DOXYGEN
      |                                                       ^
In file included from /Users/larryseyer/AudioDevelopment/OTTO/Source/UI/Responsive/AdaptiveLayoutManager.cpp:1:
In file included from /Users/larryseyer/AudioDevelopment/OTTO/Source/UI/Responsive/AdaptiveLayoutManager.h:4:
In file included from /Users/larryseyer/AudioDevelopment/OTTO/Builds/MacOSX/CMake-Release/OTTO_artefacts/JuceLibraryCode/JuceHeader.h:14:
In file included from /Users/larryseyer/AudioDevelopment/OTTO/JUCE/modules/juce_audio_plugin_client/juce_audio_plugin_client.h:65:
In file included from /Users/larryseyer/AudioDevelopment/OTTO/JUCE/modules/juce_audio_processors/juce_audio_processors.h:163:
/Users/larryseyer/AudioDevelopment/OTTO/JUCE/modules/juce_audio_processors/format_types/juce_LADSPAPluginFormat.h:38:61: warning: 'DOXYGEN' is not defined, evaluates to 0 [-Wundef]
   38 | #if (JUCE_PLUGINHOST_LADSPA && (JUCE_LINUX || JUCE_BSD)) || DOXYGEN
      |                                                             ^
In file included from /Users/larryseyer/AudioDevelopment/OTTO/Source/UI/Responsive/AdaptiveLayoutManager.cpp:1:
In file included from /Users/larryseyer/AudioDevelopment/OTTO/Source/UI/Responsive/AdaptiveLayoutManager.h:4:
In file included from /Users/larryseyer/AudioDevelopment/OTTO/Builds/MacOSX/CMake-Release/OTTO_artefacts/JuceLibraryCode/JuceHeader.h:14:
In file included from /Users/larryseyer/AudioDevelopment/OTTO/JUCE/modules/juce_audio_plugin_client/juce_audio_plugin_client.h:65:
In file included from /Users/larryseyer/AudioDevelopment/OTTO/JUCE/modules/juce_audio_processors/juce_audio_processors.h:164:
/Users/larryseyer/AudioDevelopment/OTTO/JUCE/modules/juce_audio_processors/format_types/juce_LV2PluginFormat.h:38:64: warning: 'DOXYGEN' is not defined, evaluates to 0 [-Wundef]
   38 | #if (JUCE_PLUGINHOST_LV2 && (! (JUCE_ANDROID || JUCE_IOS))) || DOXYGEN
      |                                                                ^
In file included from /Users/larryseyer/AudioDevelopment/OTTO/Source/UI/Responsive/AdaptiveLayoutManager.cpp:1:
In file included from /Users/larryseyer/AudioDevelopment/OTTO/Source/UI/Responsive/AdaptiveLayoutManager.h:4:
In file included from /Users/larryseyer/AudioDevelopment/OTTO/Builds/MacOSX/CMake-Release/OTTO_artefacts/JuceLibraryCode/JuceHeader.h:14:
In file included from /Users/larryseyer/AudioDevelopment/OTTO/JUCE/modules/juce_audio_plugin_client/juce_audio_plugin_client.h:65:
In file included from /Users/larryseyer/AudioDevelopment/OTTO/JUCE/modules/juce_audio_processors/juce_audio_processors.h:165:
/Users/larryseyer/AudioDevelopment/OTTO/JUCE/modules/juce_audio_processors/format_types/juce_VST3PluginFormat.h:38:87: warning: 'DOXYGEN' is not defined, evaluates to 0 [-Wundef]
   38 | #if (JUCE_PLUGINHOST_VST3 && (JUCE_MAC || JUCE_WINDOWS || JUCE_LINUX || JUCE_BSD)) || DOXYGEN
      |                                                                                       ^
In file included from /Users/larryseyer/AudioDevelopment/OTTO/Source/UI/Responsive/AdaptiveLayoutManager.cpp:1:
In file included from /Users/larryseyer/AudioDevelopment/OTTO/Source/UI/Responsive/AdaptiveLayoutManager.h:4:
In file included from /Users/larryseyer/AudioDevelopment/OTTO/Builds/MacOSX/CMake-Release/OTTO_artefacts/JuceLibraryCode/JuceHeader.h:14:
In file included from /Users/larryseyer/AudioDevelopment/OTTO/JUCE/modules/juce_audio_plugin_client/juce_audio_plugin_client.h:65:
In file included from /Users/larryseyer/AudioDevelopment/OTTO/JUCE/modules/juce_audio_processors/juce_audio_processors.h:167:
/Users/larryseyer/AudioDevelopment/OTTO/JUCE/modules/juce_audio_processors/format_types/juce_VSTPluginFormat.h:35:29: warning: 'DOXYGEN' is not defined, evaluates to 0 [-Wundef]
   35 | #if (JUCE_PLUGINHOST_VST || DOXYGEN)
      |                             ^
In file included from /Users/larryseyer/AudioDevelopment/OTTO/Source/UI/Responsive/AdaptiveLayoutManager.cpp:1:
In file included from /Users/larryseyer/AudioDevelopment/OTTO/Source/UI/Responsive/AdaptiveLayoutManager.h:4:
In file included from /Users/larryseyer/AudioDevelopment/OTTO/Builds/MacOSX/CMake-Release/OTTO_artefacts/JuceLibraryCode/JuceHeader.h:14:
In file included from /Users/larryseyer/AudioDevelopment/OTTO/JUCE/modules/juce_audio_plugin_client/juce_audio_plugin_client.h:65:
In file included from /Users/larryseyer/AudioDevelopment/OTTO/JUCE/modules/juce_audio_processors/juce_audio_processors.h:168:
/Users/larryseyer/AudioDevelopment/OTTO/JUCE/modules/juce_audio_processors/format_types/juce_ARAHosting.h:37:122: warning: 'DOXYGEN' is not defined, evaluates to 0 [-Wundef]
   37 | #if (JUCE_PLUGINHOST_ARA && (JUCE_PLUGINHOST_VST3 || JUCE_PLUGINHOST_AU) && (JUCE_MAC || JUCE_WINDOWS || JUCE_LINUX)) || DOXYGEN
      |                                                                                                                          ^
In file included from /Users/larryseyer/AudioDevelopment/OTTO/Source/UI/Responsive/AdaptiveLayoutManager.cpp:1:
In file included from /Users/larryseyer/AudioDevelopment/OTTO/Source/UI/Responsive/AdaptiveLayoutManager.h:4:
In file included from /Users/larryseyer/AudioDevelopment/OTTO/Builds/MacOSX/CMake-Release/OTTO_artefacts/JuceLibraryCode/JuceHeader.h:14:
In file included from /Users/larryseyer/AudioDevelopment/OTTO/JUCE/modules/juce_audio_plugin_client/juce_audio_plugin_client.h:65:
In file included from /Users/larryseyer/AudioDevelopment/OTTO/JUCE/modules/juce_audio_processors/juce_audio_processors.h:177:
/Users/larryseyer/AudioDevelopment/OTTO/JUCE/modules/juce_audio_processors/utilities/juce_ParameterAttachments.h:260:25: warning: 'DOXYGEN' is not defined, evaluates to 0 [-Wundef]
  260 | #if JUCE_WEB_BROWSER || DOXYGEN
      |                         ^
In file included from /Users/larryseyer/AudioDevelopment/OTTO/Source/UI/Responsive/AdaptiveLayoutManager.cpp:1:
In file included from /Users/larryseyer/AudioDevelopment/OTTO/Source/UI/Responsive/AdaptiveLayoutManager.h:4:
In file included from /Users/larryseyer/AudioDevelopment/OTTO/Builds/MacOSX/CMake-Release/OTTO_artefacts/JuceLibraryCode/JuceHeader.h:14:
In file included from /Users/larryseyer/AudioDevelopment/OTTO/JUCE/modules/juce_audio_plugin_client/juce_audio_plugin_client.h:65:
In file included from /Users/larryseyer/AudioDevelopment/OTTO/JUCE/modules/juce_audio_processors/juce_audio_processors.h:178:
/Users/larryseyer/AudioDevelopment/OTTO/JUCE/modules/juce_audio_processors/utilities/juce_AudioProcessorValueTreeState.h:639:8: warning: 'JUCE_UNIT_TESTS' is not defined, evaluates to 0 [-Wundef]
  639 |    #if JUCE_UNIT_TESTS
      |        ^
In file included from /Users/larryseyer/AudioDevelopment/OTTO/Source/UI/Responsive/AdaptiveLayoutManager.cpp:1:
In file included from /Users/larryseyer/AudioDevelopment/OTTO/Source/UI/Responsive/AdaptiveLayoutManager.h:4:
In file included from /Users/larryseyer/AudioDevelopment/OTTO/Builds/MacOSX/CMake-Release/OTTO_artefacts/JuceLibraryCode/JuceHeader.h:23:
In file included from /Users/larryseyer/AudioDevelopment/OTTO/JUCE/modules/juce_audio_devices/juce_audio_devices.h:174:
/Users/larryseyer/AudioDevelopment/OTTO/JUCE/modules/juce_audio_devices/midi_io/juce_MidiDevices.h:205:8: warning: 'JUCE_LINUX' is not defined, evaluates to 0 [-Wundef]
  205 |    #if JUCE_LINUX || JUCE_BSD || JUCE_MAC || JUCE_IOS || DOXYGEN
      |        ^
/Users/larryseyer/AudioDevelopment/OTTO/JUCE/modules/juce_audio_devices/midi_io/juce_MidiDevices.h:205:22: warning: 'JUCE_BSD' is not defined, evaluates to 0 [-Wundef]
  205 |    #if JUCE_LINUX || JUCE_BSD || JUCE_MAC || JUCE_IOS || DOXYGEN
      |                      ^
/Users/larryseyer/AudioDevelopment/OTTO/JUCE/modules/juce_audio_devices/midi_io/juce_MidiDevices.h:364:8: warning: 'JUCE_LINUX' is not defined, evaluates to 0 [-Wundef]
  364 |    #if JUCE_LINUX || JUCE_BSD || JUCE_MAC || JUCE_IOS || DOXYGEN
      |        ^
/Users/larryseyer/AudioDevelopment/OTTO/JUCE/modules/juce_audio_devices/midi_io/juce_MidiDevices.h:364:22: warning: 'JUCE_BSD' is not defined, evaluates to 0 [-Wundef]
  364 |    #if JUCE_LINUX || JUCE_BSD || JUCE_MAC || JUCE_IOS || DOXYGEN
      |                      ^
In file included from /Users/larryseyer/AudioDevelopment/OTTO/Source/UI/Responsive/AdaptiveLayoutManager.cpp:1:
In file included from /Users/larryseyer/AudioDevelopment/OTTO/Source/UI/Responsive/AdaptiveLayoutManager.h:4:
In file included from /Users/larryseyer/AudioDevelopment/OTTO/Builds/MacOSX/CMake-Release/OTTO_artefacts/JuceLibraryCode/JuceHeader.h:23:
In file included from /Users/larryseyer/AudioDevelopment/OTTO/JUCE/modules/juce_audio_devices/juce_audio_devices.h:175:
/Users/larryseyer/AudioDevelopment/OTTO/JUCE/modules/juce_audio_devices/midi_io/juce_MidiMessageCollector.h:118:8: warning: 'JUCE_DEBUG' is not defined, evaluates to 0 [-Wundef]
  118 |    #if JUCE_DEBUG
      |        ^
In file included from /Users/larryseyer/AudioDevelopment/OTTO/Source/UI/Responsive/AdaptiveLayoutManager.cpp:1:
In file included from /Users/larryseyer/AudioDevelopment/OTTO/Source/UI/Responsive/AdaptiveLayoutManager.h:4:
In file included from /Users/larryseyer/AudioDevelopment/OTTO/Builds/MacOSX/CMake-Release/OTTO_artefacts/JuceLibraryCode/JuceHeader.h:23:
/Users/larryseyer/AudioDevelopment/OTTO/JUCE/modules/juce_audio_devices/juce_audio_devices.h:199:5: warning: 'JUCE_IOS' is not defined, evaluates to 0 [-Wundef]
  199 | #if JUCE_IOS
      |     ^
In file included from /Users/larryseyer/AudioDevelopment/OTTO/Source/UI/Responsive/AdaptiveLayoutManager.cpp:1:
In file included from /Users/larryseyer/AudioDevelopment/OTTO/Source/UI/Responsive/AdaptiveLayoutManager.h:4:
In file included from /Users/larryseyer/AudioDevelopment/OTTO/Builds/MacOSX/CMake-Release/OTTO_artefacts/JuceLibraryCode/JuceHeader.h:24:
/Users/larryseyer/AudioDevelopment/OTTO/JUCE/modules/juce_audio_formats/juce_audio_formats.h:117:7: warning: 'JUCE_WINDOWS' is not defined, evaluates to 0 [-Wundef]
  117 | #if ! JUCE_WINDOWS
      |       ^
In file included from /Users/larryseyer/AudioDevelopment/OTTO/Source/UI/Responsive/AdaptiveLayoutManager.cpp:1:
In file included from /Users/larryseyer/AudioDevelopment/OTTO/Source/UI/Responsive/AdaptiveLayoutManager.h:4:
In file included from /Users/larryseyer/AudioDevelopment/OTTO/Builds/MacOSX/CMake-Release/OTTO_artefacts/JuceLibraryCode/JuceHeader.h:24:
In file included from /Users/larryseyer/AudioDevelopment/OTTO/JUCE/modules/juce_audio_formats/juce_audio_formats.h:134:
/Users/larryseyer/AudioDevelopment/OTTO/JUCE/modules/juce_audio_formats/codecs/juce_LAMEEncoderAudioFormat.h:38:35: warning: 'DOXYGEN' is not defined, evaluates to 0 [-Wundef]
   38 | #if JUCE_USE_LAME_AUDIO_FORMAT || DOXYGEN
      |                                   ^
In file included from /Users/larryseyer/AudioDevelopment/OTTO/Source/UI/Responsive/AdaptiveLayoutManager.cpp:1:
In file included from /Users/larryseyer/AudioDevelopment/OTTO/Source/UI/Responsive/AdaptiveLayoutManager.h:4:
In file included from /Users/larryseyer/AudioDevelopment/OTTO/Builds/MacOSX/CMake-Release/OTTO_artefacts/JuceLibraryCode/JuceHeader.h:24:
In file included from /Users/larryseyer/AudioDevelopment/OTTO/JUCE/modules/juce_audio_formats/juce_audio_formats.h:135:
/Users/larryseyer/AudioDevelopment/OTTO/JUCE/modules/juce_audio_formats/codecs/juce_MP3AudioFormat.h:38:32: warning: 'DOXYGEN' is not defined, evaluates to 0 [-Wundef]
   38 | #if JUCE_USE_MP3AUDIOFORMAT || DOXYGEN
      |                                ^
In file included from /Users/larryseyer/AudioDevelopment/OTTO/Source/UI/Responsive/AdaptiveLayoutManager.cpp:1:
In file included from /Users/larryseyer/AudioDevelopment/OTTO/Source/UI/Responsive/AdaptiveLayoutManager.h:4:
In file included from /Users/larryseyer/AudioDevelopment/OTTO/Builds/MacOSX/CMake-Release/OTTO_artefacts/JuceLibraryCode/JuceHeader.h:24:
In file included from /Users/larryseyer/AudioDevelopment/OTTO/JUCE/modules/juce_audio_formats/juce_audio_formats.h:138:
/Users/larryseyer/AudioDevelopment/OTTO/JUCE/modules/juce_audio_formats/codecs/juce_WindowsMediaAudioFormat.h:38:5: warning: 'JUCE_WINDOWS' is not defined, evaluates to 0 [-Wundef]
   38 | #if JUCE_WINDOWS || DOXYGEN
      |     ^
/Users/larryseyer/AudioDevelopment/OTTO/JUCE/modules/juce_audio_formats/codecs/juce_WindowsMediaAudioFormat.h:38:21: warning: 'DOXYGEN' is not defined, evaluates to 0 [-Wundef]
   38 | #if JUCE_WINDOWS || DOXYGEN
      |                     ^
In file included from /Users/larryseyer/AudioDevelopment/OTTO/Source/UI/Responsive/AdaptiveLayoutManager.cpp:1:
In file included from /Users/larryseyer/AudioDevelopment/OTTO/Source/UI/Responsive/AdaptiveLayoutManager.h:4:
In file included from /Users/larryseyer/AudioDevelopment/OTTO/Builds/MacOSX/CMake-Release/OTTO_artefacts/JuceLibraryCode/JuceHeader.h:25:
In file included from /Users/larryseyer/AudioDevelopment/OTTO/JUCE/modules/juce_audio_utils/juce_audio_utils.h:99:
/Users/larryseyer/AudioDevelopment/OTTO/JUCE/modules/juce_audio_utils/audio_cd/juce_AudioCDBurner.h:38:26: warning: 'DOXYGEN' is not defined, evaluates to 0 [-Wundef]
   38 | #if JUCE_USE_CDBURNER || DOXYGEN
      |                          ^
In file included from /Users/larryseyer/AudioDevelopment/OTTO/Source/UI/Responsive/AdaptiveLayoutManager.cpp:1:
In file included from /Users/larryseyer/AudioDevelopment/OTTO/Source/UI/Responsive/AdaptiveLayoutManager.h:4:
In file included from /Users/larryseyer/AudioDevelopment/OTTO/Builds/MacOSX/CMake-Release/OTTO_artefacts/JuceLibraryCode/JuceHeader.h:25:
In file included from /Users/larryseyer/AudioDevelopment/OTTO/JUCE/modules/juce_audio_utils/juce_audio_utils.h:100:
/Users/larryseyer/AudioDevelopment/OTTO/JUCE/modules/juce_audio_utils/audio_cd/juce_AudioCDReader.h:38:26: warning: 'DOXYGEN' is not defined, evaluates to 0 [-Wundef]
   38 | #if JUCE_USE_CDREADER || DOXYGEN
      |                          ^
In file included from /Users/larryseyer/AudioDevelopment/OTTO/Source/UI/Responsive/AdaptiveLayoutManager.cpp:1:
In file included from /Users/larryseyer/AudioDevelopment/OTTO/Source/UI/Responsive/AdaptiveLayoutManager.h:4:
In file included from /Users/larryseyer/AudioDevelopment/OTTO/Builds/MacOSX/CMake-Release/OTTO_artefacts/JuceLibraryCode/JuceHeader.h:26:
/Users/larryseyer/AudioDevelopment/OTTO/JUCE/modules/juce_dsp/juce_dsp.h:69:5: warning: 'JUCE_INTEL' is not defined, evaluates to 0 [-Wundef]
   69 | #if JUCE_INTEL
      |     ^
/Users/larryseyer/AudioDevelopment/OTTO/JUCE/modules/juce_dsp/juce_dsp.h:95:20: warning: 'JUCE_WINDOWS' is not defined, evaluates to 0 [-Wundef]
   95 |  #if JUCE_64BIT && JUCE_WINDOWS
      |                    ^
/Users/larryseyer/AudioDevelopment/OTTO/JUCE/modules/juce_dsp/juce_dsp.h:113:6: warning: '_MSC_VER' is not defined, evaluates to 0 [-Wundef]
  113 |  #if _MSC_VER && JUCE_USE_SIMD && ! (defined (_M_X64) || defined (__amd64__))
      |      ^
/Users/larryseyer/AudioDevelopment/OTTO/JUCE/modules/juce_dsp/juce_dsp.h:242:6: warning: 'JUCE_INTEL' is not defined, evaluates to 0 [-Wundef]
  242 |  #if JUCE_INTEL
      |      ^
In file included from /Users/larryseyer/AudioDevelopment/OTTO/Source/UI/Responsive/AdaptiveLayoutManager.cpp:1:
In file included from /Users/larryseyer/AudioDevelopment/OTTO/Source/UI/Responsive/AdaptiveLayoutManager.h:4:
In file included from /Users/larryseyer/AudioDevelopment/OTTO/Builds/MacOSX/CMake-Release/OTTO_artefacts/JuceLibraryCode/JuceHeader.h:27:
/Users/larryseyer/AudioDevelopment/OTTO/JUCE/modules/juce_opengl/juce_opengl.h:72:5: warning: 'JUCE_IOS' is not defined, evaluates to 0 [-Wundef]
   72 | #if JUCE_IOS || JUCE_ANDROID
      |     ^
/Users/larryseyer/AudioDevelopment/OTTO/JUCE/modules/juce_opengl/juce_opengl.h:72:17: warning: 'JUCE_ANDROID' is not defined, evaluates to 0 [-Wundef]
   72 | #if JUCE_IOS || JUCE_ANDROID
      |                 ^
/Users/larryseyer/AudioDevelopment/OTTO/JUCE/modules/juce_opengl/juce_opengl.h:82:5: warning: 'JUCE_OPENGL_ES' is not defined, evaluates to 0 [-Wundef]
   82 | #if JUCE_OPENGL_ES || DOXYGEN
      |     ^
/Users/larryseyer/AudioDevelopment/OTTO/JUCE/modules/juce_opengl/juce_opengl.h:82:23: warning: 'DOXYGEN' is not defined, evaluates to 0 [-Wundef]
   82 | #if JUCE_OPENGL_ES || DOXYGEN
      |                       ^
In file included from /Users/larryseyer/AudioDevelopment/OTTO/Source/UI/Responsive/AdaptiveLayoutManager.cpp:1:
In file included from /Users/larryseyer/AudioDevelopment/OTTO/Source/UI/Responsive/AdaptiveLayoutManager.h:4:
In file included from /Users/larryseyer/AudioDevelopment/OTTO/Builds/MacOSX/CMake-Release/OTTO_artefacts/JuceLibraryCode/JuceHeader.h:27:
In file included from /Users/larryseyer/AudioDevelopment/OTTO/JUCE/modules/juce_opengl/juce_opengl.h:120:
/Users/larryseyer/AudioDevelopment/OTTO/JUCE/modules/juce_opengl/native/juce_OpenGLExtensions.h:127:8: warning: 'JUCE_WINDOWS' is not defined, evaluates to 0 [-Wundef]
  127 |    #if JUCE_WINDOWS && ! defined (DOXYGEN)
      |        ^
/Users/larryseyer/AudioDevelopment/OTTO/JUCE/modules/juce_opengl/native/juce_OpenGLExtensions.h:142:8: warning: 'JUCE_ANDROID' is not defined, evaluates to 0 [-Wundef]
  142 |    #if JUCE_ANDROID
      |        ^
In file included from /Users/larryseyer/AudioDevelopment/OTTO/Source/UI/Responsive/AdaptiveLayoutManager.cpp:1:
In file included from /Users/larryseyer/AudioDevelopment/OTTO/Source/UI/Responsive/AdaptiveLayoutManager.h:4:
/Users/larryseyer/AudioDevelopment/OTTO/Builds/MacOSX/CMake-Release/OTTO_artefacts/JuceLibraryCode/JuceHeader.h:34:7: warning: 'DONT_SET_USING_JUCE_NAMESPACE' is not defined, evaluates to 0 [-Wundef]
   34 | #if ! DONT_SET_USING_JUCE_NAMESPACE
      |       ^
In file included from /Users/larryseyer/AudioDevelopment/OTTO/Source/UI/Responsive/AdaptiveLayoutManager.cpp:1:
/Users/larryseyer/AudioDevelopment/OTTO/Source/UI/Responsive/AdaptiveLayoutManager.h:231:58: warning: unused parameter 'newBreakpoint' [-Wunused-parameter]
  231 |         virtual void breakpointChanged(const Breakpoint& newBreakpoint) {}
      |                                                          ^
/Users/larryseyer/AudioDevelopment/OTTO/Source/UI/Responsive/AdaptiveLayoutManager.h:232:51: warning: unused parameter 'newDeviceType' [-Wunused-parameter]
  232 |         virtual void deviceTypeChanged(DeviceType newDeviceType) {}
      |                                                   ^
/Users/larryseyer/AudioDevelopment/OTTO/Source/UI/Responsive/AdaptiveLayoutManager.h:233:53: warning: unused parameter 'newOrientation' [-Wunused-parameter]
  233 |         virtual void orientationChanged(Orientation newOrientation) {}
      |                                                     ^
/Users/larryseyer/AudioDevelopment/OTTO/Source/UI/Responsive/AdaptiveLayoutManager.h:234:51: warning: unused parameter 'newLayoutMode' [-Wunused-parameter]
  234 |         virtual void layoutModeChanged(LayoutMode newLayoutMode) {}
      |                                                   ^
/Users/larryseyer/AudioDevelopment/OTTO/Source/UI/Responsive/AdaptiveLayoutManager.h:235:69: warning: unused parameter 'componentId' [-Wunused-parameter]
  235 |         virtual void componentVisibilityChanged(const juce::String& componentId, bool visible) {}
      |                                                                     ^
/Users/larryseyer/AudioDevelopment/OTTO/Source/UI/Responsive/AdaptiveLayoutManager.h:235:87: warning: unused parameter 'visible' [-Wunused-parameter]
  235 |         virtual void componentVisibilityChanged(const juce::String& componentId, bool visible) {}
      |                                                                                       ^
/Users/larryseyer/AudioDevelopment/OTTO/Source/UI/Responsive/AdaptiveLayoutManager.h:236:60: warning: unused parameter 'analysis' [-Wunused-parameter]
  236 |         virtual void layoutOptimized(const LayoutAnalysis& analysis) {}
      |                                                            ^
In file included from /Users/larryseyer/AudioDevelopment/OTTO/Source/UI/Responsive/AdaptiveLayoutManager.cpp:3:
In file included from /Users/larryseyer/AudioDevelopment/OTTO/Source/INIDataManager.h:6:
/Users/larryseyer/AudioDevelopment/OTTO/Source/MidiEngine.h:24:34: warning: implicit conversion increases floating-point precision: 'const float' to 'double' [-Wdouble-promotion]
   24 |         double currentPosition = INIConfig::MIDI::DEFAULT_POSITION;
      |                                  ^~~~~~~~~~~~~~~~~~~~~~~~~~~~~~~~~
/Users/larryseyer/AudioDevelopment/OTTO/Source/MidiEngine.h:224:35: warning: implicit conversion increases floating-point precision: 'const float' to 'double' [-Wdouble-promotion]
  224 |         double playbackPosition = INIConfig::MIDI::DEFAULT_POSITION;
      |                                   ^~~~~~~~~~~~~~~~~~~~~~~~~~~~~~~~~
/Users/larryseyer/AudioDevelopment/OTTO/Source/MidiEngine.h:225:34: warning: implicit conversion increases floating-point precision: 'const float' to 'double' [-Wdouble-promotion]
  225 |         double lastProcessTime = INIConfig::MIDI::DEFAULT_LAST_TIME;
      |                                  ^~~~~~~~~~~~~~~~~~~~~~~~~~~~~~~~~~
/Users/larryseyer/AudioDevelopment/OTTO/Source/MidiEngine.h:247:30: warning: implicit conversion increases floating-point precision: 'const float' to 'double' [-Wdouble-promotion]
  247 |     double lastProcessTime = INIConfig::MIDI::DEFAULT_LAST_TIME;
      |                              ^~~~~~~~~~~~~~~~~~~~~~~~~~~~~~~~~~
/Users/larryseyer/AudioDevelopment/OTTO/Source/MidiEngine.h:248:28: warning: implicit conversion increases floating-point precision: 'const float' to 'double' [-Wdouble-promotion]
  248 |     double lastClockTime = INIConfig::MIDI::DEFAULT_LAST_TIME;
      |                            ^~~~~~~~~~~~~~~~~~~~~~~~~~~~~~~~~~
/Users/larryseyer/AudioDevelopment/OTTO/Source/MidiEngine.h:253:24: warning: implicit conversion increases floating-point precision: 'const float' to 'double' [-Wdouble-promotion]
  253 |     double hostTempo = INIConfig::MIDI::DEFAULT_POSITION;
      |                        ^~~~~~~~~~~~~~~~~~~~~~~~~~~~~~~~~
/Users/larryseyer/AudioDevelopment/OTTO/Source/MidiEngine.h:264:30: warning: implicit conversion increases floating-point precision: 'const float' to 'double' [-Wdouble-promotion]
  264 |     double countInPosition = INIConfig::MIDI::DEFAULT_POSITION;
      |                              ^~~~~~~~~~~~~~~~~~~~~~~~~~~~~~~~~
/Users/larryseyer/AudioDevelopment/OTTO/Source/MidiEngine.h:272:30: warning: implicit conversion increases floating-point precision: 'const float' to 'double' [-Wdouble-promotion]
  272 |     double recordStartTime = INIConfig::MIDI::DEFAULT_LAST_TIME;
      |                              ^~~~~~~~~~~~~~~~~~~~~~~~~~~~~~~~~~
/Users/larryseyer/AudioDevelopment/OTTO/Source/MidiEngine.h:278:37: warning: implicit conversion increases floating-point precision: 'const float' to 'double' [-Wdouble-promotion]
  278 |     double loopRecordingStartTime = INIConfig::MIDI::DEFAULT_LAST_TIME;
      |                                     ^~~~~~~~~~~~~~~~~~~~~~~~~~~~~~~~~~
/Users/larryseyer/AudioDevelopment/OTTO/Source/MidiEngine.h:285:26: warning: implicit conversion increases floating-point precision: 'const float' to 'double' [-Wdouble-promotion]
  285 |     double lastTapTime = INIConfig::MIDI::DEFAULT_LAST_TIME;
      |                          ^~~~~~~~~~~~~~~~~~~~~~~~~~~~~~~~~~
/Users/larryseyer/AudioDevelopment/OTTO/Source/UI/Responsive/AdaptiveLayoutManager.cpp:31:9: warning: 'JUCE_IOS' is not defined, evaluates to 0 [-Wundef]
   31 |     #if JUCE_IOS || JUCE_ANDROID
      |         ^
/Users/larryseyer/AudioDevelopment/OTTO/Source/UI/Responsive/AdaptiveLayoutManager.cpp:31:21: warning: 'JUCE_ANDROID' is not defined, evaluates to 0 [-Wundef]
   31 |     #if JUCE_IOS || JUCE_ANDROID
      |                     ^
/Users/larryseyer/AudioDevelopment/OTTO/Source/UI/Responsive/AdaptiveLayoutManager.cpp:119:9: warning: unused variable 'minDimension' [-Wunused-variable]
  119 |     int minDimension = juce::jmin(width, height);
      |         ^~~~~~~~~~~~

CompileC /Users/larryseyer/AudioDevelopment/OTTO/Builds/MacOSX/CMake-Release/build/OTTO.build/Release/Objects-normal/arm64/AudioScopeComponent.o /Users/larryseyer/AudioDevelopment/OTTO/Source/UI/Visualizations/AudioScopeComponent.cpp normal arm64 c++ com.apple.compilers.llvm.clang.1_0.compiler (in target 'OTTO' from project 'OTTO')
    cd /Users/larryseyer/AudioDevelopment/OTTO
    
    Using response file: /Users/larryseyer/AudioDevelopment/OTTO/Builds/MacOSX/CMake-Release/build/OTTO.build/Release/Objects-normal/arm64/82b82416624d2658e5098eb0a28c15c5-common-args.resp
    
    /Applications/Xcode.app/Contents/Developer/Toolchains/XcodeDefault.xctoolchain/usr/bin/clang -x c++ -ivfsstatcache /var/folders/0p/t4rj91z90d38yk0_8vh370gr0000gn/C/com.apple.DeveloperTools/16.4-16F6/Xcode/SDKStatCaches.noindex/macosx15.5-24F74-8254517eb8b97d462ccbc072ba9094c9.sdkstatcache -fmessage-length\=0 -fdiagnostics-show-note-include-stack -fmacro-backtrace-limit\=0 -fno-color-diagnostics -Wno-trigraphs -Wno-missing-field-initializers -Wno-missing-prototypes -Wno-return-type -Wno-non-virtual-dtor -Wno-overloaded-virtual -Wno-exit-time-destructors -Wno-missing-braces -Wparentheses -Wswitch -Wno-unused-function -Wno-unused-label -Wno-unused-parameter -Wno-unused-variable -Wunused-value -Wno-empty-body -Wno-uninitialized -Wno-unknown-pragmas -Wno-shadow -Wno-four-char-constants -Wno-conversion -Wno-constant-conversion -Wno-int-conversion -Wno-bool-conversion -Wno-enum-conversion -Wno-float-conversion -Wno-non-literal-null-conversion -Wno-objc-literal-conversion -Wshorten-64-to-32 -Wno-newline-eof -Wno-c++11-extensions -Wno-implicit-fallthrough -fstrict-aliasing -Wdeprecated-declarations -Winvalid-offsetof -Wno-sign-conversion -Wno-infinite-recursion -Wno-move -Wno-comma -Wno-block-capture-autoreleasing -Wno-strict-prototypes -Wno-range-loop-analysis -Wno-semicolon-before-method-body -Wall -Wextra -Wpedantic -Wformat\=2 -Wformat-security -Wnull-dereference -Wdouble-promotion -Wshadow -Wundef -Wcast-align @/Users/larryseyer/AudioDevelopment/OTTO/Builds/MacOSX/CMake-Release/build/OTTO.build/Release/Objects-normal/arm64/82b82416624d2658e5098eb0a28c15c5-common-args.resp -MMD -MT dependencies -MF /Users/larryseyer/AudioDevelopment/OTTO/Builds/MacOSX/CMake-Release/build/OTTO.build/Release/Objects-normal/arm64/AudioScopeComponent.d --serialize-diagnostics /Users/larryseyer/AudioDevelopment/OTTO/Builds/MacOSX/CMake-Release/build/OTTO.build/Release/Objects-normal/arm64/AudioScopeComponent.dia -c /Users/larryseyer/AudioDevelopment/OTTO/Source/UI/Visualizations/AudioScopeComponent.cpp -o /Users/larryseyer/AudioDevelopment/OTTO/Builds/MacOSX/CMake-Release/build/OTTO.build/Release/Objects-normal/arm64/AudioScopeComponent.o
In file included from /Users/larryseyer/AudioDevelopment/OTTO/Source/UI/Visualizations/AudioScopeComponent.cpp:1:
In file included from /Users/larryseyer/AudioDevelopment/OTTO/Source/UI/Visualizations/AudioScopeComponent.h:4:
In file included from /Users/larryseyer/AudioDevelopment/OTTO/Builds/MacOSX/CMake-Release/OTTO_artefacts/JuceLibraryCode/JuceHeader.h:14:
In file included from /Users/larryseyer/AudioDevelopment/OTTO/JUCE/modules/juce_audio_plugin_client/juce_audio_plugin_client.h:63:
In file included from /Users/larryseyer/AudioDevelopment/OTTO/JUCE/modules/juce_gui_basics/juce_gui_basics.h:68:
In file included from /Users/larryseyer/AudioDevelopment/OTTO/JUCE/modules/juce_graphics/juce_graphics.h:67:
In file included from /Users/larryseyer/AudioDevelopment/OTTO/JUCE/modules/juce_core/juce_core.h:77:
/Users/larryseyer/AudioDevelopment/OTTO/JUCE/modules/juce_core/system/juce_TargetPlatform.h:99:5: warning: 'JUCE_WINDOWS' is not defined, evaluates to 0 [-Wundef]
   99 | #if JUCE_WINDOWS
      |     ^
/Users/larryseyer/AudioDevelopment/OTTO/JUCE/modules/juce_core/system/juce_TargetPlatform.h:183:5: warning: 'JUCE_LINUX' is not defined, evaluates to 0 [-Wundef]
  183 | #if JUCE_LINUX || JUCE_ANDROID || JUCE_BSD
      |     ^
/Users/larryseyer/AudioDevelopment/OTTO/JUCE/modules/juce_core/system/juce_TargetPlatform.h:183:19: warning: 'JUCE_ANDROID' is not defined, evaluates to 0 [-Wundef]
  183 | #if JUCE_LINUX || JUCE_ANDROID || JUCE_BSD
      |                   ^
/Users/larryseyer/AudioDevelopment/OTTO/JUCE/modules/juce_core/system/juce_TargetPlatform.h:183:35: warning: 'JUCE_BSD' is not defined, evaluates to 0 [-Wundef]
  183 | #if JUCE_LINUX || JUCE_ANDROID || JUCE_BSD
      |                                   ^
In file included from /Users/larryseyer/AudioDevelopment/OTTO/Source/UI/Visualizations/AudioScopeComponent.cpp:1:
In file included from /Users/larryseyer/AudioDevelopment/OTTO/Source/UI/Visualizations/AudioScopeComponent.h:4:
In file included from /Users/larryseyer/AudioDevelopment/OTTO/Builds/MacOSX/CMake-Release/OTTO_artefacts/JuceLibraryCode/JuceHeader.h:14:
In file included from /Users/larryseyer/AudioDevelopment/OTTO/JUCE/modules/juce_audio_plugin_client/juce_audio_plugin_client.h:63:
In file included from /Users/larryseyer/AudioDevelopment/OTTO/JUCE/modules/juce_gui_basics/juce_gui_basics.h:68:
In file included from /Users/larryseyer/AudioDevelopment/OTTO/JUCE/modules/juce_graphics/juce_graphics.h:67:
/Users/larryseyer/AudioDevelopment/OTTO/JUCE/modules/juce_core/juce_core.h:115:5: warning: 'JUCE_DEBUG' is not defined, evaluates to 0 [-Wundef]
  115 | #if JUCE_DEBUG && ! defined (JUCE_CHECK_MEMORY_LEAKS)
      |     ^
/Users/larryseyer/AudioDevelopment/OTTO/JUCE/modules/juce_core/juce_core.h:207:5: warning: 'JUCE_CORE_INCLUDE_NATIVE_HEADERS' is not defined, evaluates to 0 [-Wundef]
  207 | #if JUCE_CORE_INCLUDE_NATIVE_HEADERS
      |     ^
/Users/larryseyer/AudioDevelopment/OTTO/JUCE/modules/juce_core/juce_core.h:211:5: warning: 'JUCE_WINDOWS' is not defined, evaluates to 0 [-Wundef]
  211 | #if JUCE_WINDOWS
      |     ^
In file included from /Users/larryseyer/AudioDevelopment/OTTO/Source/UI/Visualizations/AudioScopeComponent.cpp:1:
In file included from /Users/larryseyer/AudioDevelopment/OTTO/Source/UI/Visualizations/AudioScopeComponent.h:4:
In file included from /Users/larryseyer/AudioDevelopment/OTTO/Builds/MacOSX/CMake-Release/OTTO_artefacts/JuceLibraryCode/JuceHeader.h:14:
In file included from /Users/larryseyer/AudioDevelopment/OTTO/JUCE/modules/juce_audio_plugin_client/juce_audio_plugin_client.h:63:
In file included from /Users/larryseyer/AudioDevelopment/OTTO/JUCE/modules/juce_gui_basics/juce_gui_basics.h:68:
In file included from /Users/larryseyer/AudioDevelopment/OTTO/JUCE/modules/juce_graphics/juce_graphics.h:67:
In file included from /Users/larryseyer/AudioDevelopment/OTTO/JUCE/modules/juce_core/juce_core.h:215:
/Users/larryseyer/AudioDevelopment/OTTO/JUCE/modules/juce_core/system/juce_StandardHeader.h:56:7: warning: 'DOXYGEN' is not defined, evaluates to 0 [-Wundef]
   56 | #if ! DOXYGEN
      |       ^
In file included from /Users/larryseyer/AudioDevelopment/OTTO/Source/UI/Visualizations/AudioScopeComponent.cpp:1:
In file included from /Users/larryseyer/AudioDevelopment/OTTO/Source/UI/Visualizations/AudioScopeComponent.h:4:
In file included from /Users/larryseyer/AudioDevelopment/OTTO/Builds/MacOSX/CMake-Release/OTTO_artefacts/JuceLibraryCode/JuceHeader.h:14:
In file included from /Users/larryseyer/AudioDevelopment/OTTO/JUCE/modules/juce_audio_plugin_client/juce_audio_plugin_client.h:63:
In file included from /Users/larryseyer/AudioDevelopment/OTTO/JUCE/modules/juce_gui_basics/juce_gui_basics.h:68:
In file included from /Users/larryseyer/AudioDevelopment/OTTO/JUCE/modules/juce_graphics/juce_graphics.h:67:
In file included from /Users/larryseyer/AudioDevelopment/OTTO/JUCE/modules/juce_core/juce_core.h:215:
In file included from /Users/larryseyer/AudioDevelopment/OTTO/JUCE/modules/juce_core/system/juce_StandardHeader.h:93:
/Users/larryseyer/AudioDevelopment/OTTO/JUCE/modules/juce_core/system/juce_CompilerSupport.h:43:5: warning: 'JUCE_GCC' is not defined, evaluates to 0 [-Wundef]
   43 | #if JUCE_GCC
      |     ^
/Users/larryseyer/AudioDevelopment/OTTO/JUCE/modules/juce_core/system/juce_CompilerSupport.h:94:5: warning: 'JUCE_MSVC' is not defined, evaluates to 0 [-Wundef]
   94 | #if JUCE_MSVC
      |     ^
In file included from /Users/larryseyer/AudioDevelopment/OTTO/Source/UI/Visualizations/AudioScopeComponent.cpp:1:
In file included from /Users/larryseyer/AudioDevelopment/OTTO/Source/UI/Visualizations/AudioScopeComponent.h:4:
In file included from /Users/larryseyer/AudioDevelopment/OTTO/Builds/MacOSX/CMake-Release/OTTO_artefacts/JuceLibraryCode/JuceHeader.h:14:
In file included from /Users/larryseyer/AudioDevelopment/OTTO/JUCE/modules/juce_audio_plugin_client/juce_audio_plugin_client.h:63:
In file included from /Users/larryseyer/AudioDevelopment/OTTO/JUCE/modules/juce_gui_basics/juce_gui_basics.h:68:
In file included from /Users/larryseyer/AudioDevelopment/OTTO/JUCE/modules/juce_graphics/juce_graphics.h:67:
In file included from /Users/larryseyer/AudioDevelopment/OTTO/JUCE/modules/juce_core/juce_core.h:215:
In file included from /Users/larryseyer/AudioDevelopment/OTTO/JUCE/modules/juce_core/system/juce_StandardHeader.h:94:
/Users/larryseyer/AudioDevelopment/OTTO/JUCE/modules/juce_core/system/juce_CompilerWarnings.h:221:5: warning: 'JUCE_MSVC' is not defined, evaluates to 0 [-Wundef]
  221 | #if JUCE_MSVC
      |     ^
In file included from /Users/larryseyer/AudioDevelopment/OTTO/Source/UI/Visualizations/AudioScopeComponent.cpp:1:
In file included from /Users/larryseyer/AudioDevelopment/OTTO/Source/UI/Visualizations/AudioScopeComponent.h:4:
In file included from /Users/larryseyer/AudioDevelopment/OTTO/Builds/MacOSX/CMake-Release/OTTO_artefacts/JuceLibraryCode/JuceHeader.h:14:
In file included from /Users/larryseyer/AudioDevelopment/OTTO/JUCE/modules/juce_audio_plugin_client/juce_audio_plugin_client.h:63:
In file included from /Users/larryseyer/AudioDevelopment/OTTO/JUCE/modules/juce_gui_basics/juce_gui_basics.h:68:
In file included from /Users/larryseyer/AudioDevelopment/OTTO/JUCE/modules/juce_graphics/juce_graphics.h:67:
In file included from /Users/larryseyer/AudioDevelopment/OTTO/JUCE/modules/juce_core/juce_core.h:215:
In file included from /Users/larryseyer/AudioDevelopment/OTTO/JUCE/modules/juce_core/system/juce_StandardHeader.h:95:
/Users/larryseyer/AudioDevelopment/OTTO/JUCE/modules/juce_core/system/juce_PlatformDefs.h:54:5: warning: 'JUCE_WINDOWS' is not defined, evaluates to 0 [-Wundef]
   54 | #if JUCE_WINDOWS
      |     ^
/Users/larryseyer/AudioDevelopment/OTTO/JUCE/modules/juce_core/system/juce_PlatformDefs.h:66:29: warning: 'JUCE_DEBUG' is not defined, evaluates to 0 [-Wundef]
   66 |  #if JUCE_LOG_ASSERTIONS || JUCE_DEBUG
      |                             ^
/Users/larryseyer/AudioDevelopment/OTTO/JUCE/modules/juce_core/system/juce_PlatformDefs.h:74:5: warning: 'JUCE_IOS' is not defined, evaluates to 0 [-Wundef]
   74 | #if JUCE_IOS || JUCE_LINUX || JUCE_BSD
      |     ^
/Users/larryseyer/AudioDevelopment/OTTO/JUCE/modules/juce_core/system/juce_PlatformDefs.h:74:17: warning: 'JUCE_LINUX' is not defined, evaluates to 0 [-Wundef]
   74 | #if JUCE_IOS || JUCE_LINUX || JUCE_BSD
      |                 ^
/Users/larryseyer/AudioDevelopment/OTTO/JUCE/modules/juce_core/system/juce_PlatformDefs.h:74:31: warning: 'JUCE_BSD' is not defined, evaluates to 0 [-Wundef]
   74 | #if JUCE_IOS || JUCE_LINUX || JUCE_BSD
      |                               ^
/Users/larryseyer/AudioDevelopment/OTTO/JUCE/modules/juce_core/system/juce_PlatformDefs.h:81:7: warning: 'JUCE_MSVC' is not defined, evaluates to 0 [-Wundef]
   81 | #elif JUCE_MSVC
      |       ^
/Users/larryseyer/AudioDevelopment/OTTO/JUCE/modules/juce_core/system/juce_PlatformDefs.h:86:7: warning: 'JUCE_INTEL' is not defined, evaluates to 0 [-Wundef]
   86 | #elif JUCE_INTEL && (JUCE_GCC || JUCE_CLANG || JUCE_MAC)
      |       ^
/Users/larryseyer/AudioDevelopment/OTTO/JUCE/modules/juce_core/system/juce_PlatformDefs.h:132:5: warning: 'JUCE_MSVC' is not defined, evaluates to 0 [-Wundef]
  132 | #if JUCE_MSVC && ! defined (DOXYGEN)
      |     ^
/Users/larryseyer/AudioDevelopment/OTTO/JUCE/modules/juce_core/system/juce_PlatformDefs.h:146:6: warning: 'JUCE_DEBUG' is not defined, evaluates to 0 [-Wundef]
  146 | #if (JUCE_DEBUG && ! JUCE_DISABLE_ASSERTIONS) || DOXYGEN
      |      ^
/Users/larryseyer/AudioDevelopment/OTTO/JUCE/modules/juce_core/system/juce_PlatformDefs.h:146:50: warning: 'DOXYGEN' is not defined, evaluates to 0 [-Wundef]
  146 | #if (JUCE_DEBUG && ! JUCE_DISABLE_ASSERTIONS) || DOXYGEN
      |                                                  ^
/Users/larryseyer/AudioDevelopment/OTTO/JUCE/modules/juce_core/system/juce_PlatformDefs.h:272:5: warning: 'JUCE_MSVC' is not defined, evaluates to 0 [-Wundef]
  272 | #if JUCE_MSVC && ! defined (DOXYGEN)
      |     ^
/Users/larryseyer/AudioDevelopment/OTTO/JUCE/modules/juce_core/system/juce_PlatformDefs.h:291:5: warning: 'JUCE_DEBUG' is not defined, evaluates to 0 [-Wundef]
  291 | #if JUCE_DEBUG || DOXYGEN
      |     ^
/Users/larryseyer/AudioDevelopment/OTTO/JUCE/modules/juce_core/system/juce_PlatformDefs.h:291:19: warning: 'DOXYGEN' is not defined, evaluates to 0 [-Wundef]
  291 | #if JUCE_DEBUG || DOXYGEN
      |                   ^
/Users/larryseyer/AudioDevelopment/OTTO/JUCE/modules/juce_core/system/juce_PlatformDefs.h:299:7: warning: 'JUCE_MSVC' is not defined, evaluates to 0 [-Wundef]
  299 |   #if JUCE_MSVC
      |       ^
/Users/larryseyer/AudioDevelopment/OTTO/JUCE/modules/juce_core/system/juce_PlatformDefs.h:306:5: warning: 'JUCE_MSVC' is not defined, evaluates to 0 [-Wundef]
  306 | #if JUCE_MSVC || DOXYGEN
      |     ^
/Users/larryseyer/AudioDevelopment/OTTO/JUCE/modules/juce_core/system/juce_PlatformDefs.h:306:18: warning: 'DOXYGEN' is not defined, evaluates to 0 [-Wundef]
  306 | #if JUCE_MSVC || DOXYGEN
      |                  ^
/Users/larryseyer/AudioDevelopment/OTTO/JUCE/modules/juce_core/system/juce_PlatformDefs.h:315:5: warning: 'JUCE_ANDROID' is not defined, evaluates to 0 [-Wundef]
  315 | #if JUCE_ANDROID && ! defined (DOXYGEN)
      |     ^
/Users/larryseyer/AudioDevelopment/OTTO/JUCE/modules/juce_core/system/juce_PlatformDefs.h:324:5: warning: 'JUCE_GCC' is not defined, evaluates to 0 [-Wundef]
  324 | #if JUCE_GCC || JUCE_CLANG
      |     ^
/Users/larryseyer/AudioDevelopment/OTTO/JUCE/modules/juce_core/system/juce_PlatformDefs.h:331:5: warning: 'JUCE_GCC' is not defined, evaluates to 0 [-Wundef]
  331 | #if JUCE_GCC || DOXYGEN
      |     ^
/Users/larryseyer/AudioDevelopment/OTTO/JUCE/modules/juce_core/system/juce_PlatformDefs.h:331:17: warning: 'DOXYGEN' is not defined, evaluates to 0 [-Wundef]
  331 | #if JUCE_GCC || DOXYGEN
      |                 ^
In file included from /Users/larryseyer/AudioDevelopment/OTTO/Source/UI/Visualizations/AudioScopeComponent.cpp:1:
In file included from /Users/larryseyer/AudioDevelopment/OTTO/Source/UI/Visualizations/AudioScopeComponent.h:4:
In file included from /Users/larryseyer/AudioDevelopment/OTTO/Builds/MacOSX/CMake-Release/OTTO_artefacts/JuceLibraryCode/JuceHeader.h:14:
In file included from /Users/larryseyer/AudioDevelopment/OTTO/JUCE/modules/juce_audio_plugin_client/juce_audio_plugin_client.h:63:
In file included from /Users/larryseyer/AudioDevelopment/OTTO/JUCE/modules/juce_gui_basics/juce_gui_basics.h:68:
In file included from /Users/larryseyer/AudioDevelopment/OTTO/JUCE/modules/juce_graphics/juce_graphics.h:67:
In file included from /Users/larryseyer/AudioDevelopment/OTTO/JUCE/modules/juce_core/juce_core.h:215:
/Users/larryseyer/AudioDevelopment/OTTO/JUCE/modules/juce_core/system/juce_StandardHeader.h:101:5: warning: 'JUCE_MSVC' is not defined, evaluates to 0 [-Wundef]
  101 | #if JUCE_MSVC
      |     ^
/Users/larryseyer/AudioDevelopment/OTTO/JUCE/modules/juce_core/system/juce_StandardHeader.h:113:5: warning: 'JUCE_LINUX' is not defined, evaluates to 0 [-Wundef]
  113 | #if JUCE_LINUX || JUCE_BSD
      |     ^
/Users/larryseyer/AudioDevelopment/OTTO/JUCE/modules/juce_core/system/juce_StandardHeader.h:113:19: warning: 'JUCE_BSD' is not defined, evaluates to 0 [-Wundef]
  113 | #if JUCE_LINUX || JUCE_BSD
      |                   ^
/Users/larryseyer/AudioDevelopment/OTTO/JUCE/modules/juce_core/system/juce_StandardHeader.h:126:5: warning: 'JUCE_MSVC' is not defined, evaluates to 0 [-Wundef]
  126 | #if JUCE_MSVC && JUCE_DEBUG
      |     ^
/Users/larryseyer/AudioDevelopment/OTTO/JUCE/modules/juce_core/system/juce_StandardHeader.h:132:5: warning: 'JUCE_ANDROID' is not defined, evaluates to 0 [-Wundef]
  132 | #if JUCE_ANDROID
      |     ^
/Users/larryseyer/AudioDevelopment/OTTO/JUCE/modules/juce_core/system/juce_StandardHeader.h:147:5: warning: 'JUCE_MSVC' is not defined, evaluates to 0 [-Wundef]
  147 | #if JUCE_MSVC
      |     ^
/Users/larryseyer/AudioDevelopment/OTTO/JUCE/modules/juce_core/system/juce_StandardHeader.h:167:5: warning: 'JUCE_MSVC' is not defined, evaluates to 0 [-Wundef]
  167 | #if JUCE_MSVC && JUCE_DLL_BUILD
      |     ^
In file included from /Users/larryseyer/AudioDevelopment/OTTO/Source/UI/Visualizations/AudioScopeComponent.cpp:1:
In file included from /Users/larryseyer/AudioDevelopment/OTTO/Source/UI/Visualizations/AudioScopeComponent.h:4:
In file included from /Users/larryseyer/AudioDevelopment/OTTO/Builds/MacOSX/CMake-Release/OTTO_artefacts/JuceLibraryCode/JuceHeader.h:14:
In file included from /Users/larryseyer/AudioDevelopment/OTTO/JUCE/modules/juce_audio_plugin_client/juce_audio_plugin_client.h:63:
In file included from /Users/larryseyer/AudioDevelopment/OTTO/JUCE/modules/juce_gui_basics/juce_gui_basics.h:68:
In file included from /Users/larryseyer/AudioDevelopment/OTTO/JUCE/modules/juce_graphics/juce_graphics.h:67:
In file included from /Users/larryseyer/AudioDevelopment/OTTO/JUCE/modules/juce_core/juce_core.h:239:
/Users/larryseyer/AudioDevelopment/OTTO/JUCE/modules/juce_core/memory/juce_Memory.h:165:59: warning: 'DOXYGEN' is not defined, evaluates to 0 [-Wundef]
  165 | #if (JUCE_COMPILER_SUPPORTS_ARC && defined (__OBJC__)) || DOXYGEN
      |                                                           ^
/Users/larryseyer/AudioDevelopment/OTTO/JUCE/modules/juce_core/memory/juce_Memory.h:181:5: warning: 'JUCE_MSVC' is not defined, evaluates to 0 [-Wundef]
  181 | #if JUCE_MSVC && (defined (JUCE_DLL) || defined (JUCE_DLL_BUILD)) && ! (JUCE_DISABLE_DLL_ALLOCATORS || DOXYGEN)
      |     ^
In file included from /Users/larryseyer/AudioDevelopment/OTTO/Source/UI/Visualizations/AudioScopeComponent.cpp:1:
In file included from /Users/larryseyer/AudioDevelopment/OTTO/Source/UI/Visualizations/AudioScopeComponent.h:4:
In file included from /Users/larryseyer/AudioDevelopment/OTTO/Builds/MacOSX/CMake-Release/OTTO_artefacts/JuceLibraryCode/JuceHeader.h:14:
In file included from /Users/larryseyer/AudioDevelopment/OTTO/JUCE/modules/juce_audio_plugin_client/juce_audio_plugin_client.h:63:
In file included from /Users/larryseyer/AudioDevelopment/OTTO/JUCE/modules/juce_gui_basics/juce_gui_basics.h:68:
In file included from /Users/larryseyer/AudioDevelopment/OTTO/JUCE/modules/juce_graphics/juce_graphics.h:67:
In file included from /Users/larryseyer/AudioDevelopment/OTTO/JUCE/modules/juce_core/juce_core.h:240:
/Users/larryseyer/AudioDevelopment/OTTO/JUCE/modules/juce_core/maths/juce_MathsFunctions.h:59:5: warning: 'JUCE_MSVC' is not defined, evaluates to 0 [-Wundef]
   59 | #if JUCE_MSVC
      |     ^
/Users/larryseyer/AudioDevelopment/OTTO/JUCE/modules/juce_core/maths/juce_MathsFunctions.h:97:5: warning: 'JUCE_WINDOWS' is not defined, evaluates to 0 [-Wundef]
   97 | #if JUCE_WINDOWS
      |     ^
/Users/larryseyer/AudioDevelopment/OTTO/JUCE/modules/juce_core/maths/juce_MathsFunctions.h:125:8: warning: 'JUCE_MSVC' is not defined, evaluates to 0 [-Wundef]
  125 |    #if JUCE_MSVC
      |        ^
/Users/larryseyer/AudioDevelopment/OTTO/JUCE/modules/juce_core/maths/juce_MathsFunctions.h:136:8: warning: 'JUCE_MSVC' is not defined, evaluates to 0 [-Wundef]
  136 |    #if JUCE_MSVC
      |        ^
/Users/larryseyer/AudioDevelopment/OTTO/JUCE/modules/juce_core/maths/juce_MathsFunctions.h:579:5: warning: 'JUCE_MSVC' is not defined, evaluates to 0 [-Wundef]
  579 | #if JUCE_MSVC
      |     ^
/Users/larryseyer/AudioDevelopment/OTTO/JUCE/modules/juce_core/maths/juce_MathsFunctions.h:606:8: warning: 'JUCE_BIG_ENDIAN' is not defined, evaluates to 0 [-Wundef]
  606 |    #if JUCE_BIG_ENDIAN
      |        ^
/Users/larryseyer/AudioDevelopment/OTTO/JUCE/modules/juce_core/maths/juce_MathsFunctions.h:618:5: warning: 'JUCE_MSVC' is not defined, evaluates to 0 [-Wundef]
  618 | #if JUCE_MSVC
      |     ^
/Users/larryseyer/AudioDevelopment/OTTO/JUCE/modules/juce_core/maths/juce_MathsFunctions.h:738:5: warning: 'JUCE_INTEL' is not defined, evaluates to 0 [-Wundef]
  738 | #if JUCE_INTEL || DOXYGEN
      |     ^
/Users/larryseyer/AudioDevelopment/OTTO/JUCE/modules/juce_core/maths/juce_MathsFunctions.h:738:19: warning: 'DOXYGEN' is not defined, evaluates to 0 [-Wundef]
  738 | #if JUCE_INTEL || DOXYGEN
      |                   ^
In file included from /Users/larryseyer/AudioDevelopment/OTTO/Source/UI/Visualizations/AudioScopeComponent.cpp:1:
In file included from /Users/larryseyer/AudioDevelopment/OTTO/Source/UI/Visualizations/AudioScopeComponent.h:4:
In file included from /Users/larryseyer/AudioDevelopment/OTTO/Builds/MacOSX/CMake-Release/OTTO_artefacts/JuceLibraryCode/JuceHeader.h:14:
In file included from /Users/larryseyer/AudioDevelopment/OTTO/JUCE/modules/juce_audio_plugin_client/juce_audio_plugin_client.h:63:
In file included from /Users/larryseyer/AudioDevelopment/OTTO/JUCE/modules/juce_gui_basics/juce_gui_basics.h:68:
In file included from /Users/larryseyer/AudioDevelopment/OTTO/JUCE/modules/juce_graphics/juce_graphics.h:67:
In file included from /Users/larryseyer/AudioDevelopment/OTTO/JUCE/modules/juce_core/juce_core.h:241:
/Users/larryseyer/AudioDevelopment/OTTO/JUCE/modules/juce_core/memory/juce_ByteOrder.h:162:5: warning: 'JUCE_MSVC' is not defined, evaluates to 0 [-Wundef]
  162 | #if JUCE_MSVC && ! defined (__INTEL_COMPILER)
      |     ^
In file included from /Users/larryseyer/AudioDevelopment/OTTO/Source/UI/Visualizations/AudioScopeComponent.cpp:1:
In file included from /Users/larryseyer/AudioDevelopment/OTTO/Source/UI/Visualizations/AudioScopeComponent.h:4:
In file included from /Users/larryseyer/AudioDevelopment/OTTO/Builds/MacOSX/CMake-Release/OTTO_artefacts/JuceLibraryCode/JuceHeader.h:14:
In file included from /Users/larryseyer/AudioDevelopment/OTTO/JUCE/modules/juce_audio_plugin_client/juce_audio_plugin_client.h:63:
In file included from /Users/larryseyer/AudioDevelopment/OTTO/JUCE/modules/juce_gui_basics/juce_gui_basics.h:68:
In file included from /Users/larryseyer/AudioDevelopment/OTTO/JUCE/modules/juce_graphics/juce_graphics.h:67:
In file included from /Users/larryseyer/AudioDevelopment/OTTO/JUCE/modules/juce_core/juce_core.h:243:
/Users/larryseyer/AudioDevelopment/OTTO/JUCE/modules/juce_core/text/juce_CharacterFunctions.h:39:5: warning: 'JUCE_WINDOWS' is not defined, evaluates to 0 [-Wundef]
   39 | #if JUCE_WINDOWS && ! defined (DOXYGEN)
      |     ^
/Users/larryseyer/AudioDevelopment/OTTO/JUCE/modules/juce_core/text/juce_CharacterFunctions.h:64:5: warning: 'JUCE_DEFINE_T_MACRO' is not defined, evaluates to 0 [-Wundef]
   64 | #if JUCE_DEFINE_T_MACRO
      |     ^
/Users/larryseyer/AudioDevelopment/OTTO/JUCE/modules/juce_core/text/juce_CharacterFunctions.h:406:12: warning: 'JUCE_WINDOWS' is not defined, evaluates to 0 [-Wundef]
  406 |        #if JUCE_WINDOWS
      |            ^
/Users/larryseyer/AudioDevelopment/OTTO/JUCE/modules/juce_core/text/juce_CharacterFunctions.h:411:13: warning: 'JUCE_ANDROID' is not defined, evaluates to 0 [-Wundef]
  411 |         #if JUCE_ANDROID
      |             ^
In file included from /Users/larryseyer/AudioDevelopment/OTTO/Source/UI/Visualizations/AudioScopeComponent.cpp:1:
In file included from /Users/larryseyer/AudioDevelopment/OTTO/Source/UI/Visualizations/AudioScopeComponent.h:4:
In file included from /Users/larryseyer/AudioDevelopment/OTTO/Builds/MacOSX/CMake-Release/OTTO_artefacts/JuceLibraryCode/JuceHeader.h:14:
In file included from /Users/larryseyer/AudioDevelopment/OTTO/JUCE/modules/juce_audio_plugin_client/juce_audio_plugin_client.h:63:
In file included from /Users/larryseyer/AudioDevelopment/OTTO/JUCE/modules/juce_gui_basics/juce_gui_basics.h:68:
In file included from /Users/larryseyer/AudioDevelopment/OTTO/JUCE/modules/juce_graphics/juce_graphics.h:67:
In file included from /Users/larryseyer/AudioDevelopment/OTTO/JUCE/modules/juce_core/juce_core.h:247:
/Users/larryseyer/AudioDevelopment/OTTO/JUCE/modules/juce_core/text/juce_CharPointer_UTF8.h:481:12: warning: 'JUCE_WINDOWS' is not defined, evaluates to 0 [-Wundef]
  481 |        #if JUCE_WINDOWS
      |            ^
In file included from /Users/larryseyer/AudioDevelopment/OTTO/Source/UI/Visualizations/AudioScopeComponent.cpp:1:
In file included from /Users/larryseyer/AudioDevelopment/OTTO/Source/UI/Visualizations/AudioScopeComponent.h:4:
In file included from /Users/larryseyer/AudioDevelopment/OTTO/Builds/MacOSX/CMake-Release/OTTO_artefacts/JuceLibraryCode/JuceHeader.h:14:
In file included from /Users/larryseyer/AudioDevelopment/OTTO/JUCE/modules/juce_audio_plugin_client/juce_audio_plugin_client.h:63:
In file included from /Users/larryseyer/AudioDevelopment/OTTO/JUCE/modules/juce_gui_basics/juce_gui_basics.h:68:
In file included from /Users/larryseyer/AudioDevelopment/OTTO/JUCE/modules/juce_graphics/juce_graphics.h:67:
In file included from /Users/larryseyer/AudioDevelopment/OTTO/JUCE/modules/juce_core/juce_core.h:248:
/Users/larryseyer/AudioDevelopment/OTTO/JUCE/modules/juce_core/text/juce_CharPointer_UTF16.h:353:8: warning: 'JUCE_MSVC' is not defined, evaluates to 0 [-Wundef]
  353 |    #if JUCE_MSVC && ! defined (DOXYGEN)
      |        ^
/Users/larryseyer/AudioDevelopment/OTTO/JUCE/modules/juce_core/text/juce_CharPointer_UTF16.h:412:12: warning: 'JUCE_MSVC' is not defined, evaluates to 0 [-Wundef]
  412 |        #if JUCE_MSVC
      |            ^
/Users/larryseyer/AudioDevelopment/OTTO/JUCE/modules/juce_core/text/juce_CharPointer_UTF16.h:422:12: warning: 'JUCE_MSVC' is not defined, evaluates to 0 [-Wundef]
  422 |        #if JUCE_MSVC
      |            ^
In file included from /Users/larryseyer/AudioDevelopment/OTTO/Source/UI/Visualizations/AudioScopeComponent.cpp:1:
In file included from /Users/larryseyer/AudioDevelopment/OTTO/Source/UI/Visualizations/AudioScopeComponent.h:4:
In file included from /Users/larryseyer/AudioDevelopment/OTTO/Builds/MacOSX/CMake-Release/OTTO_artefacts/JuceLibraryCode/JuceHeader.h:14:
In file included from /Users/larryseyer/AudioDevelopment/OTTO/JUCE/modules/juce_audio_plugin_client/juce_audio_plugin_client.h:63:
In file included from /Users/larryseyer/AudioDevelopment/OTTO/JUCE/modules/juce_gui_basics/juce_gui_basics.h:68:
In file included from /Users/larryseyer/AudioDevelopment/OTTO/JUCE/modules/juce_graphics/juce_graphics.h:67:
In file included from /Users/larryseyer/AudioDevelopment/OTTO/JUCE/modules/juce_core/juce_core.h:249:
/Users/larryseyer/AudioDevelopment/OTTO/JUCE/modules/juce_core/text/juce_CharPointer_UTF32.h:166:44: warning: 'JUCE_ANDROID' is not defined, evaluates to 0 [-Wundef]
  166 |        #if JUCE_NATIVE_WCHAR_IS_UTF32 && ! JUCE_ANDROID
      |                                            ^
/Users/larryseyer/AudioDevelopment/OTTO/JUCE/modules/juce_core/text/juce_CharPointer_UTF32.h:266:40: warning: 'JUCE_ANDROID' is not defined, evaluates to 0 [-Wundef]
  266 |    #if JUCE_NATIVE_WCHAR_IS_UTF32 && ! JUCE_ANDROID
      |                                        ^
In file included from /Users/larryseyer/AudioDevelopment/OTTO/Source/UI/Visualizations/AudioScopeComponent.cpp:1:
In file included from /Users/larryseyer/AudioDevelopment/OTTO/Source/UI/Visualizations/AudioScopeComponent.h:4:
In file included from /Users/larryseyer/AudioDevelopment/OTTO/Builds/MacOSX/CMake-Release/OTTO_artefacts/JuceLibraryCode/JuceHeader.h:14:
In file included from /Users/larryseyer/AudioDevelopment/OTTO/JUCE/modules/juce_audio_plugin_client/juce_audio_plugin_client.h:63:
In file included from /Users/larryseyer/AudioDevelopment/OTTO/JUCE/modules/juce_gui_basics/juce_gui_basics.h:68:
In file included from /Users/larryseyer/AudioDevelopment/OTTO/JUCE/modules/juce_graphics/juce_graphics.h:67:
In file included from /Users/larryseyer/AudioDevelopment/OTTO/JUCE/modules/juce_core/juce_core.h:250:
/Users/larryseyer/AudioDevelopment/OTTO/JUCE/modules/juce_core/text/juce_CharPointer_ASCII.h:278:12: warning: 'JUCE_WINDOWS' is not defined, evaluates to 0 [-Wundef]
  278 |        #if JUCE_WINDOWS && JUCE_CLANG
      |            ^
/Users/larryseyer/AudioDevelopment/OTTO/JUCE/modules/juce_core/text/juce_CharPointer_ASCII.h:280:14: warning: 'JUCE_WINDOWS' is not defined, evaluates to 0 [-Wundef]
  280 |        #elif JUCE_WINDOWS
      |              ^
/Users/larryseyer/AudioDevelopment/OTTO/JUCE/modules/juce_core/text/juce_CharPointer_ASCII.h:348:12: warning: 'JUCE_LINUX' is not defined, evaluates to 0 [-Wundef]
  348 |        #if JUCE_LINUX || JUCE_BSD || JUCE_ANDROID
      |            ^
/Users/larryseyer/AudioDevelopment/OTTO/JUCE/modules/juce_core/text/juce_CharPointer_ASCII.h:348:26: warning: 'JUCE_BSD' is not defined, evaluates to 0 [-Wundef]
  348 |        #if JUCE_LINUX || JUCE_BSD || JUCE_ANDROID
      |                          ^
/Users/larryseyer/AudioDevelopment/OTTO/JUCE/modules/juce_core/text/juce_CharPointer_ASCII.h:348:38: warning: 'JUCE_ANDROID' is not defined, evaluates to 0 [-Wundef]
  348 |        #if JUCE_LINUX || JUCE_BSD || JUCE_ANDROID
      |                                      ^
/Users/larryseyer/AudioDevelopment/OTTO/JUCE/modules/juce_core/text/juce_CharPointer_ASCII.h:350:14: warning: 'JUCE_WINDOWS' is not defined, evaluates to 0 [-Wundef]
  350 |        #elif JUCE_WINDOWS
      |              ^
In file included from /Users/larryseyer/AudioDevelopment/OTTO/Source/UI/Visualizations/AudioScopeComponent.cpp:1:
In file included from /Users/larryseyer/AudioDevelopment/OTTO/Source/UI/Visualizations/AudioScopeComponent.h:4:
In file included from /Users/larryseyer/AudioDevelopment/OTTO/Builds/MacOSX/CMake-Release/OTTO_artefacts/JuceLibraryCode/JuceHeader.h:14:
In file included from /Users/larryseyer/AudioDevelopment/OTTO/JUCE/modules/juce_audio_plugin_client/juce_audio_plugin_client.h:63:
In file included from /Users/larryseyer/AudioDevelopment/OTTO/JUCE/modules/juce_gui_basics/juce_gui_basics.h:68:
In file included from /Users/larryseyer/AudioDevelopment/OTTO/JUCE/modules/juce_graphics/juce_graphics.h:67:
In file included from /Users/larryseyer/AudioDevelopment/OTTO/JUCE/modules/juce_core/juce_core.h:254:
/Users/larryseyer/AudioDevelopment/OTTO/JUCE/modules/juce_core/text/juce_String.h:198:11: warning: 'DOXYGEN' is not defined, evaluates to 0 [-Wundef]
  198 |    #elif (DOXYGEN || JUCE_STRING_UTF_TYPE == 8)
      |           ^
In file included from /Users/larryseyer/AudioDevelopment/OTTO/Source/UI/Visualizations/AudioScopeComponent.cpp:1:
In file included from /Users/larryseyer/AudioDevelopment/OTTO/Source/UI/Visualizations/AudioScopeComponent.h:4:
In file included from /Users/larryseyer/AudioDevelopment/OTTO/Builds/MacOSX/CMake-Release/OTTO_artefacts/JuceLibraryCode/JuceHeader.h:14:
In file included from /Users/larryseyer/AudioDevelopment/OTTO/JUCE/modules/juce_audio_plugin_client/juce_audio_plugin_client.h:63:
In file included from /Users/larryseyer/AudioDevelopment/OTTO/JUCE/modules/juce_gui_basics/juce_gui_basics.h:68:
In file included from /Users/larryseyer/AudioDevelopment/OTTO/JUCE/modules/juce_graphics/juce_graphics.h:67:
In file included from /Users/larryseyer/AudioDevelopment/OTTO/JUCE/modules/juce_core/juce_core.h:257:
/Users/larryseyer/AudioDevelopment/OTTO/JUCE/modules/juce_core/memory/juce_LeakedObjectDetector.h:124:5: warning: 'DOXYGEN' is not defined, evaluates to 0 [-Wundef]
  124 | #if DOXYGEN || ! defined (JUCE_LEAK_DETECTOR)
      |     ^
/Users/larryseyer/AudioDevelopment/OTTO/JUCE/modules/juce_core/memory/juce_LeakedObjectDetector.h:125:7: warning: 'DOXYGEN' is not defined, evaluates to 0 [-Wundef]
  125 |  #if (DOXYGEN || JUCE_CHECK_MEMORY_LEAKS)
      |       ^
In file included from /Users/larryseyer/AudioDevelopment/OTTO/Source/UI/Visualizations/AudioScopeComponent.cpp:1:
In file included from /Users/larryseyer/AudioDevelopment/OTTO/Source/UI/Visualizations/AudioScopeComponent.h:4:
In file included from /Users/larryseyer/AudioDevelopment/OTTO/Builds/MacOSX/CMake-Release/OTTO_artefacts/JuceLibraryCode/JuceHeader.h:14:
In file included from /Users/larryseyer/AudioDevelopment/OTTO/JUCE/modules/juce_audio_plugin_client/juce_audio_plugin_client.h:63:
In file included from /Users/larryseyer/AudioDevelopment/OTTO/JUCE/modules/juce_gui_basics/juce_gui_basics.h:68:
In file included from /Users/larryseyer/AudioDevelopment/OTTO/JUCE/modules/juce_graphics/juce_graphics.h:67:
In file included from /Users/larryseyer/AudioDevelopment/OTTO/JUCE/modules/juce_core/juce_core.h:259:
/Users/larryseyer/AudioDevelopment/OTTO/JUCE/modules/juce_core/memory/juce_HeapBlock.h:38:8: warning: 'DOXYGEN' is not defined, evaluates to 0 [-Wundef]
   38 | #if ! (DOXYGEN || JUCE_EXCEPTIONS_DISABLED)
      |        ^
/Users/larryseyer/AudioDevelopment/OTTO/JUCE/modules/juce_core/memory/juce_HeapBlock.h:38:19: warning: 'JUCE_EXCEPTIONS_DISABLED' is not defined, evaluates to 0 [-Wundef]
   38 | #if ! (DOXYGEN || JUCE_EXCEPTIONS_DISABLED)
      |                   ^
/Users/larryseyer/AudioDevelopment/OTTO/JUCE/modules/juce_core/memory/juce_HeapBlock.h:343:12: warning: 'JUCE_EXCEPTIONS_DISABLED' is not defined, evaluates to 0 [-Wundef]
  343 |        #if JUCE_EXCEPTIONS_DISABLED
      |            ^
In file included from /Users/larryseyer/AudioDevelopment/OTTO/Source/UI/Visualizations/AudioScopeComponent.cpp:1:
In file included from /Users/larryseyer/AudioDevelopment/OTTO/Source/UI/Visualizations/AudioScopeComponent.h:4:
In file included from /Users/larryseyer/AudioDevelopment/OTTO/Builds/MacOSX/CMake-Release/OTTO_artefacts/JuceLibraryCode/JuceHeader.h:14:
In file included from /Users/larryseyer/AudioDevelopment/OTTO/JUCE/modules/juce_audio_plugin_client/juce_audio_plugin_client.h:63:
In file included from /Users/larryseyer/AudioDevelopment/OTTO/JUCE/modules/juce_gui_basics/juce_gui_basics.h:68:
In file included from /Users/larryseyer/AudioDevelopment/OTTO/JUCE/modules/juce_graphics/juce_graphics.h:67:
In file included from /Users/larryseyer/AudioDevelopment/OTTO/JUCE/modules/juce_core/juce_core.h:263:
/Users/larryseyer/AudioDevelopment/OTTO/JUCE/modules/juce_core/memory/juce_ScopedPointer.h:151:10: warning: 'JUCE_MSVC' is not defined, evaluates to 0 [-Wundef]
  151 |    #if ! JUCE_MSVC  // (MSVC can't deal with multiple copy constructors)
      |          ^
In file included from /Users/larryseyer/AudioDevelopment/OTTO/Source/UI/Visualizations/AudioScopeComponent.cpp:1:
In file included from /Users/larryseyer/AudioDevelopment/OTTO/Source/UI/Visualizations/AudioScopeComponent.h:4:
In file included from /Users/larryseyer/AudioDevelopment/OTTO/Builds/MacOSX/CMake-Release/OTTO_artefacts/JuceLibraryCode/JuceHeader.h:14:
In file included from /Users/larryseyer/AudioDevelopment/OTTO/JUCE/modules/juce_audio_plugin_client/juce_audio_plugin_client.h:63:
In file included from /Users/larryseyer/AudioDevelopment/OTTO/JUCE/modules/juce_gui_basics/juce_gui_basics.h:68:
In file included from /Users/larryseyer/AudioDevelopment/OTTO/JUCE/modules/juce_graphics/juce_graphics.h:67:
In file included from /Users/larryseyer/AudioDevelopment/OTTO/JUCE/modules/juce_core/juce_core.h:271:
/Users/larryseyer/AudioDevelopment/OTTO/JUCE/modules/juce_core/threads/juce_CriticalSection.h:116:8: warning: 'JUCE_WINDOWS' is not defined, evaluates to 0 [-Wundef]
  116 |    #if JUCE_WINDOWS
      |        ^
In file included from /Users/larryseyer/AudioDevelopment/OTTO/Source/UI/Visualizations/AudioScopeComponent.cpp:1:
In file included from /Users/larryseyer/AudioDevelopment/OTTO/Source/UI/Visualizations/AudioScopeComponent.h:4:
In file included from /Users/larryseyer/AudioDevelopment/OTTO/Builds/MacOSX/CMake-Release/OTTO_artefacts/JuceLibraryCode/JuceHeader.h:14:
In file included from /Users/larryseyer/AudioDevelopment/OTTO/JUCE/modules/juce_audio_plugin_client/juce_audio_plugin_client.h:63:
In file included from /Users/larryseyer/AudioDevelopment/OTTO/JUCE/modules/juce_gui_basics/juce_gui_basics.h:68:
In file included from /Users/larryseyer/AudioDevelopment/OTTO/JUCE/modules/juce_graphics/juce_graphics.h:67:
In file included from /Users/larryseyer/AudioDevelopment/OTTO/JUCE/modules/juce_core/juce_core.h:293:
/Users/larryseyer/AudioDevelopment/OTTO/JUCE/modules/juce_core/memory/juce_HeavyweightLeakedObjectDetector.h:123:5: warning: 'DOXYGEN' is not defined, evaluates to 0 [-Wundef]
  123 | #if DOXYGEN || ! defined (JUCE_HEAVYWEIGHT_LEAK_DETECTOR)
      |     ^
/Users/larryseyer/AudioDevelopment/OTTO/JUCE/modules/juce_core/memory/juce_HeavyweightLeakedObjectDetector.h:124:7: warning: 'DOXYGEN' is not defined, evaluates to 0 [-Wundef]
  124 |  #if (DOXYGEN || JUCE_CHECK_MEMORY_LEAKS)
      |       ^
In file included from /Users/larryseyer/AudioDevelopment/OTTO/Source/UI/Visualizations/AudioScopeComponent.cpp:1:
In file included from /Users/larryseyer/AudioDevelopment/OTTO/Source/UI/Visualizations/AudioScopeComponent.h:4:
In file included from /Users/larryseyer/AudioDevelopment/OTTO/Builds/MacOSX/CMake-Release/OTTO_artefacts/JuceLibraryCode/JuceHeader.h:14:
In file included from /Users/larryseyer/AudioDevelopment/OTTO/JUCE/modules/juce_audio_plugin_client/juce_audio_plugin_client.h:63:
In file included from /Users/larryseyer/AudioDevelopment/OTTO/JUCE/modules/juce_gui_basics/juce_gui_basics.h:68:
In file included from /Users/larryseyer/AudioDevelopment/OTTO/JUCE/modules/juce_graphics/juce_graphics.h:67:
In file included from /Users/larryseyer/AudioDevelopment/OTTO/JUCE/modules/juce_core/juce_core.h:318:
/Users/larryseyer/AudioDevelopment/OTTO/JUCE/modules/juce_core/files/juce_File.h:38:7: warning: 'DOXYGEN' is not defined, evaluates to 0 [-Wundef]
   38 | #if ! DOXYGEN && (JUCE_MAC || JUCE_IOS)
      |       ^
/Users/larryseyer/AudioDevelopment/OTTO/JUCE/modules/juce_core/files/juce_File.h:970:12: warning: 'JUCE_WINDOWS' is not defined, evaluates to 0 [-Wundef]
  970 |        #if JUCE_WINDOWS || DOXYGEN
      |            ^
/Users/larryseyer/AudioDevelopment/OTTO/JUCE/modules/juce_core/files/juce_File.h:970:28: warning: 'DOXYGEN' is not defined, evaluates to 0 [-Wundef]
  970 |        #if JUCE_WINDOWS || DOXYGEN
      |                            ^
/Users/larryseyer/AudioDevelopment/OTTO/JUCE/modules/juce_core/files/juce_File.h:981:12: warning: 'JUCE_WINDOWS' is not defined, evaluates to 0 [-Wundef]
  981 |        #if JUCE_WINDOWS || DOXYGEN
      |            ^
/Users/larryseyer/AudioDevelopment/OTTO/JUCE/modules/juce_core/files/juce_File.h:981:28: warning: 'DOXYGEN' is not defined, evaluates to 0 [-Wundef]
  981 |        #if JUCE_WINDOWS || DOXYGEN
      |                            ^
/Users/larryseyer/AudioDevelopment/OTTO/JUCE/modules/juce_core/files/juce_File.h:1100:8: warning: 'JUCE_WINDOWS' is not defined, evaluates to 0 [-Wundef]
 1100 |    #if JUCE_WINDOWS || DOXYGEN
      |        ^
/Users/larryseyer/AudioDevelopment/OTTO/JUCE/modules/juce_core/files/juce_File.h:1100:24: warning: 'DOXYGEN' is not defined, evaluates to 0 [-Wundef]
 1100 |    #if JUCE_WINDOWS || DOXYGEN
      |                        ^
/Users/larryseyer/AudioDevelopment/OTTO/JUCE/modules/juce_core/files/juce_File.h:1146:16: warning: 'NAMES_ARE_CASE_SENSITIVE' is not defined, evaluates to 0 [-Wundef]
 1146 |            #if NAMES_ARE_CASE_SENSITIVE
      |                ^
In file included from /Users/larryseyer/AudioDevelopment/OTTO/Source/UI/Visualizations/AudioScopeComponent.cpp:1:
In file included from /Users/larryseyer/AudioDevelopment/OTTO/Source/UI/Visualizations/AudioScopeComponent.h:4:
In file included from /Users/larryseyer/AudioDevelopment/OTTO/Builds/MacOSX/CMake-Release/OTTO_artefacts/JuceLibraryCode/JuceHeader.h:14:
In file included from /Users/larryseyer/AudioDevelopment/OTTO/JUCE/modules/juce_audio_plugin_client/juce_audio_plugin_client.h:63:
In file included from /Users/larryseyer/AudioDevelopment/OTTO/JUCE/modules/juce_gui_basics/juce_gui_basics.h:68:
In file included from /Users/larryseyer/AudioDevelopment/OTTO/JUCE/modules/juce_graphics/juce_graphics.h:67:
In file included from /Users/larryseyer/AudioDevelopment/OTTO/JUCE/modules/juce_core/juce_core.h:321:
/Users/larryseyer/AudioDevelopment/OTTO/JUCE/modules/juce_core/detail/juce_NativeFileHandle.h:38:5: warning: 'JUCE_WINDOWS' is not defined, evaluates to 0 [-Wundef]
   38 | #if JUCE_WINDOWS
      |     ^
In file included from /Users/larryseyer/AudioDevelopment/OTTO/Source/UI/Visualizations/AudioScopeComponent.cpp:1:
In file included from /Users/larryseyer/AudioDevelopment/OTTO/Source/UI/Visualizations/AudioScopeComponent.h:4:
In file included from /Users/larryseyer/AudioDevelopment/OTTO/Builds/MacOSX/CMake-Release/OTTO_artefacts/JuceLibraryCode/JuceHeader.h:14:
In file included from /Users/larryseyer/AudioDevelopment/OTTO/JUCE/modules/juce_audio_plugin_client/juce_audio_plugin_client.h:63:
In file included from /Users/larryseyer/AudioDevelopment/OTTO/JUCE/modules/juce_gui_basics/juce_gui_basics.h:68:
In file included from /Users/larryseyer/AudioDevelopment/OTTO/JUCE/modules/juce_graphics/juce_graphics.h:67:
In file included from /Users/larryseyer/AudioDevelopment/OTTO/JUCE/modules/juce_core/juce_core.h:325:
/Users/larryseyer/AudioDevelopment/OTTO/JUCE/modules/juce_core/files/juce_MemoryMappedFile.h:116:8: warning: 'JUCE_WINDOWS' is not defined, evaluates to 0 [-Wundef]
  116 |    #if JUCE_WINDOWS
      |        ^
In file included from /Users/larryseyer/AudioDevelopment/OTTO/Source/UI/Visualizations/AudioScopeComponent.cpp:1:
In file included from /Users/larryseyer/AudioDevelopment/OTTO/Source/UI/Visualizations/AudioScopeComponent.h:4:
In file included from /Users/larryseyer/AudioDevelopment/OTTO/Builds/MacOSX/CMake-Release/OTTO_artefacts/JuceLibraryCode/JuceHeader.h:14:
In file included from /Users/larryseyer/AudioDevelopment/OTTO/JUCE/modules/juce_audio_plugin_client/juce_audio_plugin_client.h:63:
In file included from /Users/larryseyer/AudioDevelopment/OTTO/JUCE/modules/juce_gui_basics/juce_gui_basics.h:68:
In file included from /Users/larryseyer/AudioDevelopment/OTTO/JUCE/modules/juce_graphics/juce_graphics.h:67:
In file included from /Users/larryseyer/AudioDevelopment/OTTO/JUCE/modules/juce_core/juce_core.h:338:
/Users/larryseyer/AudioDevelopment/OTTO/JUCE/modules/juce_core/misc/juce_WindowsRegistry.h:38:5: warning: 'JUCE_WINDOWS' is not defined, evaluates to 0 [-Wundef]
   38 | #if JUCE_WINDOWS || DOXYGEN
      |     ^
/Users/larryseyer/AudioDevelopment/OTTO/JUCE/modules/juce_core/misc/juce_WindowsRegistry.h:38:21: warning: 'DOXYGEN' is not defined, evaluates to 0 [-Wundef]
   38 | #if JUCE_WINDOWS || DOXYGEN
      |                     ^
In file included from /Users/larryseyer/AudioDevelopment/OTTO/Source/UI/Visualizations/AudioScopeComponent.cpp:1:
In file included from /Users/larryseyer/AudioDevelopment/OTTO/Source/UI/Visualizations/AudioScopeComponent.h:4:
In file included from /Users/larryseyer/AudioDevelopment/OTTO/Builds/MacOSX/CMake-Release/OTTO_artefacts/JuceLibraryCode/JuceHeader.h:14:
In file included from /Users/larryseyer/AudioDevelopment/OTTO/JUCE/modules/juce_audio_plugin_client/juce_audio_plugin_client.h:63:
In file included from /Users/larryseyer/AudioDevelopment/OTTO/JUCE/modules/juce_gui_basics/juce_gui_basics.h:68:
In file included from /Users/larryseyer/AudioDevelopment/OTTO/JUCE/modules/juce_graphics/juce_graphics.h:67:
In file included from /Users/larryseyer/AudioDevelopment/OTTO/JUCE/modules/juce_core/juce_core.h:342:
/Users/larryseyer/AudioDevelopment/OTTO/JUCE/modules/juce_core/threads/juce_Process.h:122:8: warning: 'JUCE_WINDOWS' is not defined, evaluates to 0 [-Wundef]
  122 |    #if JUCE_WINDOWS || DOXYGEN
      |        ^
/Users/larryseyer/AudioDevelopment/OTTO/JUCE/modules/juce_core/threads/juce_Process.h:122:24: warning: 'DOXYGEN' is not defined, evaluates to 0 [-Wundef]
  122 |    #if JUCE_WINDOWS || DOXYGEN
      |                        ^
In file included from /Users/larryseyer/AudioDevelopment/OTTO/Source/UI/Visualizations/AudioScopeComponent.cpp:1:
In file included from /Users/larryseyer/AudioDevelopment/OTTO/Source/UI/Visualizations/AudioScopeComponent.h:4:
In file included from /Users/larryseyer/AudioDevelopment/OTTO/Builds/MacOSX/CMake-Release/OTTO_artefacts/JuceLibraryCode/JuceHeader.h:14:
In file included from /Users/larryseyer/AudioDevelopment/OTTO/JUCE/modules/juce_audio_plugin_client/juce_audio_plugin_client.h:63:
In file included from /Users/larryseyer/AudioDevelopment/OTTO/JUCE/modules/juce_gui_basics/juce_gui_basics.h:68:
In file included from /Users/larryseyer/AudioDevelopment/OTTO/JUCE/modules/juce_graphics/juce_graphics.h:67:
In file included from /Users/larryseyer/AudioDevelopment/OTTO/JUCE/modules/juce_core/juce_core.h:345:
/Users/larryseyer/AudioDevelopment/OTTO/JUCE/modules/juce_core/threads/juce_Thread.h:526:8: warning: 'JUCE_ANDROID' is not defined, evaluates to 0 [-Wundef]
  526 |    #if JUCE_ANDROID || DOXYGEN
      |        ^
/Users/larryseyer/AudioDevelopment/OTTO/JUCE/modules/juce_core/threads/juce_Thread.h:526:24: warning: 'DOXYGEN' is not defined, evaluates to 0 [-Wundef]
  526 |    #if JUCE_ANDROID || DOXYGEN
      |                        ^
/Users/larryseyer/AudioDevelopment/OTTO/JUCE/modules/juce_core/threads/juce_Thread.h:607:8: warning: 'JUCE_ANDROID' is not defined, evaluates to 0 [-Wundef]
  607 |    #if JUCE_ANDROID || JUCE_LINUX || JUCE_BSD
      |        ^
/Users/larryseyer/AudioDevelopment/OTTO/JUCE/modules/juce_core/threads/juce_Thread.h:607:24: warning: 'JUCE_LINUX' is not defined, evaluates to 0 [-Wundef]
  607 |    #if JUCE_ANDROID || JUCE_LINUX || JUCE_BSD
      |                        ^
/Users/larryseyer/AudioDevelopment/OTTO/JUCE/modules/juce_core/threads/juce_Thread.h:607:38: warning: 'JUCE_BSD' is not defined, evaluates to 0 [-Wundef]
  607 |    #if JUCE_ANDROID || JUCE_LINUX || JUCE_BSD
      |                                      ^
In file included from /Users/larryseyer/AudioDevelopment/OTTO/Source/UI/Visualizations/AudioScopeComponent.cpp:1:
In file included from /Users/larryseyer/AudioDevelopment/OTTO/Source/UI/Visualizations/AudioScopeComponent.h:4:
In file included from /Users/larryseyer/AudioDevelopment/OTTO/Builds/MacOSX/CMake-Release/OTTO_artefacts/JuceLibraryCode/JuceHeader.h:14:
In file included from /Users/larryseyer/AudioDevelopment/OTTO/JUCE/modules/juce_audio_plugin_client/juce_audio_plugin_client.h:63:
In file included from /Users/larryseyer/AudioDevelopment/OTTO/JUCE/modules/juce_gui_basics/juce_gui_basics.h:68:
In file included from /Users/larryseyer/AudioDevelopment/OTTO/JUCE/modules/juce_graphics/juce_graphics.h:67:
In file included from /Users/larryseyer/AudioDevelopment/OTTO/JUCE/modules/juce_core/juce_core.h:357:
/Users/larryseyer/AudioDevelopment/OTTO/JUCE/modules/juce_core/network/juce_URL.h:567:12: warning: 'JUCE_IOS' is not defined, evaluates to 0 [-Wundef]
  567 |        #if JUCE_IOS
      |            ^
/Users/larryseyer/AudioDevelopment/OTTO/JUCE/modules/juce_core/network/juce_URL.h:708:8: warning: 'JUCE_IOS' is not defined, evaluates to 0 [-Wundef]
  708 |    #if JUCE_IOS
      |        ^
In file included from /Users/larryseyer/AudioDevelopment/OTTO/Source/UI/Visualizations/AudioScopeComponent.cpp:1:
In file included from /Users/larryseyer/AudioDevelopment/OTTO/Source/UI/Visualizations/AudioScopeComponent.h:4:
In file included from /Users/larryseyer/AudioDevelopment/OTTO/Builds/MacOSX/CMake-Release/OTTO_artefacts/JuceLibraryCode/JuceHeader.h:14:
In file included from /Users/larryseyer/AudioDevelopment/OTTO/JUCE/modules/juce_audio_plugin_client/juce_audio_plugin_client.h:63:
In file included from /Users/larryseyer/AudioDevelopment/OTTO/JUCE/modules/juce_gui_basics/juce_gui_basics.h:68:
In file included from /Users/larryseyer/AudioDevelopment/OTTO/JUCE/modules/juce_graphics/juce_graphics.h:67:
In file included from /Users/larryseyer/AudioDevelopment/OTTO/JUCE/modules/juce_core/juce_core.h:366:
/Users/larryseyer/AudioDevelopment/OTTO/JUCE/modules/juce_core/zip/juce_ZipFile.h:280:8: warning: 'JUCE_DEBUG' is not defined, evaluates to 0 [-Wundef]
  280 |    #if JUCE_DEBUG
      |        ^
In file included from /Users/larryseyer/AudioDevelopment/OTTO/Source/UI/Visualizations/AudioScopeComponent.cpp:1:
In file included from /Users/larryseyer/AudioDevelopment/OTTO/Source/UI/Visualizations/AudioScopeComponent.h:4:
In file included from /Users/larryseyer/AudioDevelopment/OTTO/Builds/MacOSX/CMake-Release/OTTO_artefacts/JuceLibraryCode/JuceHeader.h:14:
In file included from /Users/larryseyer/AudioDevelopment/OTTO/JUCE/modules/juce_audio_plugin_client/juce_audio_plugin_client.h:63:
In file included from /Users/larryseyer/AudioDevelopment/OTTO/JUCE/modules/juce_gui_basics/juce_gui_basics.h:68:
In file included from /Users/larryseyer/AudioDevelopment/OTTO/JUCE/modules/juce_graphics/juce_graphics.h:67:
/Users/larryseyer/AudioDevelopment/OTTO/JUCE/modules/juce_core/juce_core.h:378:5: warning: 'JUCE_CORE_INCLUDE_OBJC_HELPERS' is not defined, evaluates to 0 [-Wundef]
  378 | #if JUCE_CORE_INCLUDE_OBJC_HELPERS && (JUCE_MAC || JUCE_IOS)
      |     ^
/Users/larryseyer/AudioDevelopment/OTTO/JUCE/modules/juce_core/juce_core.h:383:5: warning: 'JUCE_CORE_INCLUDE_COM_SMART_PTR' is not defined, evaluates to 0 [-Wundef]
  383 | #if JUCE_CORE_INCLUDE_COM_SMART_PTR && JUCE_WINDOWS
      |     ^
/Users/larryseyer/AudioDevelopment/OTTO/JUCE/modules/juce_core/juce_core.h:387:5: warning: 'JUCE_CORE_INCLUDE_JNI_HELPERS' is not defined, evaluates to 0 [-Wundef]
  387 | #if JUCE_CORE_INCLUDE_JNI_HELPERS && JUCE_ANDROID
      |     ^
/Users/larryseyer/AudioDevelopment/OTTO/JUCE/modules/juce_core/juce_core.h:392:5: warning: 'JUCE_UNIT_TESTS' is not defined, evaluates to 0 [-Wundef]
  392 | #if JUCE_UNIT_TESTS
      |     ^
/Users/larryseyer/AudioDevelopment/OTTO/JUCE/modules/juce_core/juce_core.h:407:6: warning: 'JUCE_DEBUG' is not defined, evaluates to 0 [-Wundef]
  407 |  #if JUCE_DEBUG
      |      ^
In file included from /Users/larryseyer/AudioDevelopment/OTTO/Source/UI/Visualizations/AudioScopeComponent.cpp:1:
In file included from /Users/larryseyer/AudioDevelopment/OTTO/Source/UI/Visualizations/AudioScopeComponent.h:4:
In file included from /Users/larryseyer/AudioDevelopment/OTTO/Builds/MacOSX/CMake-Release/OTTO_artefacts/JuceLibraryCode/JuceHeader.h:14:
In file included from /Users/larryseyer/AudioDevelopment/OTTO/JUCE/modules/juce_audio_plugin_client/juce_audio_plugin_client.h:63:
In file included from /Users/larryseyer/AudioDevelopment/OTTO/JUCE/modules/juce_gui_basics/juce_gui_basics.h:68:
In file included from /Users/larryseyer/AudioDevelopment/OTTO/JUCE/modules/juce_graphics/juce_graphics.h:68:
/Users/larryseyer/AudioDevelopment/OTTO/JUCE/modules/juce_events/juce_events.h:75:5: warning: 'JUCE_WINDOWS' is not defined, evaluates to 0 [-Wundef]
   75 | #if JUCE_WINDOWS && JUCE_EVENTS_INCLUDE_WINRT_WRAPPER
      |     ^
In file included from /Users/larryseyer/AudioDevelopment/OTTO/Source/UI/Visualizations/AudioScopeComponent.cpp:1:
In file included from /Users/larryseyer/AudioDevelopment/OTTO/Source/UI/Visualizations/AudioScopeComponent.h:4:
In file included from /Users/larryseyer/AudioDevelopment/OTTO/Builds/MacOSX/CMake-Release/OTTO_artefacts/JuceLibraryCode/JuceHeader.h:14:
In file included from /Users/larryseyer/AudioDevelopment/OTTO/JUCE/modules/juce_audio_plugin_client/juce_audio_plugin_client.h:63:
In file included from /Users/larryseyer/AudioDevelopment/OTTO/JUCE/modules/juce_gui_basics/juce_gui_basics.h:68:
In file included from /Users/larryseyer/AudioDevelopment/OTTO/JUCE/modules/juce_graphics/juce_graphics.h:68:
In file included from /Users/larryseyer/AudioDevelopment/OTTO/JUCE/modules/juce_events/juce_events.h:91:
/Users/larryseyer/AudioDevelopment/OTTO/JUCE/modules/juce_events/messages/juce_ApplicationBase.h:300:8: warning: 'JUCE_IOS' is not defined, evaluates to 0 [-Wundef]
  300 |    #if JUCE_IOS
      |        ^
/Users/larryseyer/AudioDevelopment/OTTO/JUCE/modules/juce_events/messages/juce_ApplicationBase.h:324:40: warning: 'DOXYGEN' is not defined, evaluates to 0 [-Wundef]
  324 | #if JUCE_CATCH_UNHANDLED_EXCEPTIONS || DOXYGEN
      |                                        ^
In file included from /Users/larryseyer/AudioDevelopment/OTTO/Source/UI/Visualizations/AudioScopeComponent.cpp:1:
In file included from /Users/larryseyer/AudioDevelopment/OTTO/Source/UI/Visualizations/AudioScopeComponent.h:4:
In file included from /Users/larryseyer/AudioDevelopment/OTTO/Builds/MacOSX/CMake-Release/OTTO_artefacts/JuceLibraryCode/JuceHeader.h:14:
In file included from /Users/larryseyer/AudioDevelopment/OTTO/JUCE/modules/juce_audio_plugin_client/juce_audio_plugin_client.h:63:
In file included from /Users/larryseyer/AudioDevelopment/OTTO/JUCE/modules/juce_gui_basics/juce_gui_basics.h:68:
In file included from /Users/larryseyer/AudioDevelopment/OTTO/JUCE/modules/juce_graphics/juce_graphics.h:68:
In file included from /Users/larryseyer/AudioDevelopment/OTTO/JUCE/modules/juce_events/juce_events.h:92:
/Users/larryseyer/AudioDevelopment/OTTO/JUCE/modules/juce_events/messages/juce_Initialisation.h:102:5: warning: 'DOXYGEN' is not defined, evaluates to 0 [-Wundef]
  102 | #if DOXYGEN
      |     ^
/Users/larryseyer/AudioDevelopment/OTTO/JUCE/modules/juce_events/messages/juce_Initialisation.h:105:6: warning: 'JUCE_WINDOWS' is not defined, evaluates to 0 [-Wundef]
  105 |  #if JUCE_WINDOWS && ! defined (_CONSOLE)
      |      ^
/Users/larryseyer/AudioDevelopment/OTTO/JUCE/modules/juce_events/messages/juce_Initialisation.h:116:6: warning: 'JUCE_IOS' is not defined, evaluates to 0 [-Wundef]
  116 |  #if JUCE_IOS
      |      ^
/Users/larryseyer/AudioDevelopment/OTTO/JUCE/modules/juce_events/messages/juce_Initialisation.h:138:8: warning: 'JUCE_ANDROID' is not defined, evaluates to 0 [-Wundef]
  138 |  #elif JUCE_ANDROID
      |        ^
/Users/larryseyer/AudioDevelopment/OTTO/JUCE/modules/juce_events/messages/juce_Initialisation.h:161:7: warning: 'JUCE_USE_CUSTOM_PLUGIN_STANDALONE_APP' is not defined, evaluates to 0 [-Wundef]
  161 |   #if JUCE_USE_CUSTOM_PLUGIN_STANDALONE_APP
      |       ^
/Users/larryseyer/AudioDevelopment/OTTO/JUCE/modules/juce_events/messages/juce_Initialisation.h:168:8: warning: 'JUCE_IOS' is not defined, evaluates to 0 [-Wundef]
  168 |    #if JUCE_IOS
      |        ^
In file included from /Users/larryseyer/AudioDevelopment/OTTO/Source/UI/Visualizations/AudioScopeComponent.cpp:1:
In file included from /Users/larryseyer/AudioDevelopment/OTTO/Source/UI/Visualizations/AudioScopeComponent.h:4:
In file included from /Users/larryseyer/AudioDevelopment/OTTO/Builds/MacOSX/CMake-Release/OTTO_artefacts/JuceLibraryCode/JuceHeader.h:14:
In file included from /Users/larryseyer/AudioDevelopment/OTTO/JUCE/modules/juce_audio_plugin_client/juce_audio_plugin_client.h:63:
In file included from /Users/larryseyer/AudioDevelopment/OTTO/JUCE/modules/juce_gui_basics/juce_gui_basics.h:68:
In file included from /Users/larryseyer/AudioDevelopment/OTTO/JUCE/modules/juce_graphics/juce_graphics.h:68:
/Users/larryseyer/AudioDevelopment/OTTO/JUCE/modules/juce_events/juce_events.h:110:5: warning: 'JUCE_LINUX' is not defined, evaluates to 0 [-Wundef]
  110 | #if JUCE_LINUX || JUCE_BSD
      |     ^
/Users/larryseyer/AudioDevelopment/OTTO/JUCE/modules/juce_events/juce_events.h:110:19: warning: 'JUCE_BSD' is not defined, evaluates to 0 [-Wundef]
  110 | #if JUCE_LINUX || JUCE_BSD
      |                   ^
/Users/larryseyer/AudioDevelopment/OTTO/JUCE/modules/juce_events/juce_events.h:114:5: warning: 'JUCE_WINDOWS' is not defined, evaluates to 0 [-Wundef]
  114 | #if JUCE_WINDOWS
      |     ^
In file included from /Users/larryseyer/AudioDevelopment/OTTO/Source/UI/Visualizations/AudioScopeComponent.cpp:1:
In file included from /Users/larryseyer/AudioDevelopment/OTTO/Source/UI/Visualizations/AudioScopeComponent.h:4:
In file included from /Users/larryseyer/AudioDevelopment/OTTO/Builds/MacOSX/CMake-Release/OTTO_artefacts/JuceLibraryCode/JuceHeader.h:14:
In file included from /Users/larryseyer/AudioDevelopment/OTTO/JUCE/modules/juce_audio_plugin_client/juce_audio_plugin_client.h:63:
In file included from /Users/larryseyer/AudioDevelopment/OTTO/JUCE/modules/juce_gui_basics/juce_gui_basics.h:68:
In file included from /Users/larryseyer/AudioDevelopment/OTTO/JUCE/modules/juce_graphics/juce_graphics.h:122:
/Users/larryseyer/AudioDevelopment/OTTO/JUCE/modules/juce_graphics/colour/juce_PixelFormats.h:39:5: warning: 'JUCE_MSVC' is not defined, evaluates to 0 [-Wundef]
   39 | #if JUCE_MSVC
      |     ^
/Users/larryseyer/AudioDevelopment/OTTO/JUCE/modules/juce_graphics/colour/juce_PixelFormats.h:89:12: warning: 'JUCE_ANDROID' is not defined, evaluates to 0 [-Wundef]
   89 |        #if JUCE_ANDROID
      |            ^
/Users/larryseyer/AudioDevelopment/OTTO/JUCE/modules/juce_graphics/colour/juce_PixelFormats.h:100:12: warning: 'JUCE_BIG_ENDIAN' is not defined, evaluates to 0 [-Wundef]
  100 |        #if JUCE_BIG_ENDIAN
      |            ^
/Users/larryseyer/AudioDevelopment/OTTO/JUCE/modules/juce_graphics/colour/juce_PixelFormats.h:301:7: warning: 'JUCE_ANDROID' is not defined, evaluates to 0 [-Wundef]
  301 |   #if JUCE_ANDROID
      |       ^
/Users/larryseyer/AudioDevelopment/OTTO/JUCE/modules/juce_graphics/colour/juce_PixelFormats.h:308:8: warning: 'JUCE_BIG_ENDIAN' is not defined, evaluates to 0 [-Wundef]
  308 |    #if JUCE_BIG_ENDIAN
      |        ^
/Users/larryseyer/AudioDevelopment/OTTO/JUCE/modules/juce_graphics/colour/juce_PixelFormats.h:325:11: warning: 'JUCE_ANDROID' is not defined, evaluates to 0 [-Wundef]
  325 |       #if JUCE_ANDROID
      |           ^
/Users/larryseyer/AudioDevelopment/OTTO/JUCE/modules/juce_graphics/colour/juce_PixelFormats.h:332:12: warning: 'JUCE_BIG_ENDIAN' is not defined, evaluates to 0 [-Wundef]
  332 |        #if JUCE_BIG_ENDIAN
      |            ^
/Users/larryseyer/AudioDevelopment/OTTO/JUCE/modules/juce_graphics/colour/juce_PixelFormats.h:375:12: warning: 'JUCE_ANDROID' is not defined, evaluates to 0 [-Wundef]
  375 |        #if JUCE_ANDROID
      |            ^
/Users/larryseyer/AudioDevelopment/OTTO/JUCE/modules/juce_graphics/colour/juce_PixelFormats.h:386:12: warning: 'JUCE_ANDROID' is not defined, evaluates to 0 [-Wundef]
  386 |        #if JUCE_ANDROID
      |            ^
/Users/larryseyer/AudioDevelopment/OTTO/JUCE/modules/juce_graphics/colour/juce_PixelFormats.h:397:12: warning: 'JUCE_BIG_ENDIAN' is not defined, evaluates to 0 [-Wundef]
  397 |        #if JUCE_BIG_ENDIAN
      |            ^
/Users/larryseyer/AudioDevelopment/OTTO/JUCE/modules/juce_graphics/colour/juce_PixelFormats.h:411:12: warning: 'JUCE_ANDROID' is not defined, evaluates to 0 [-Wundef]
  411 |        #if JUCE_ANDROID
      |            ^
/Users/larryseyer/AudioDevelopment/OTTO/JUCE/modules/juce_graphics/colour/juce_PixelFormats.h:472:12: warning: 'JUCE_ANDROID' is not defined, evaluates to 0 [-Wundef]
  472 |        #if JUCE_ANDROID
      |            ^
/Users/larryseyer/AudioDevelopment/OTTO/JUCE/modules/juce_graphics/colour/juce_PixelFormats.h:504:12: warning: 'JUCE_ANDROID' is not defined, evaluates to 0 [-Wundef]
  504 |        #if JUCE_ANDROID
      |            ^
/Users/larryseyer/AudioDevelopment/OTTO/JUCE/modules/juce_graphics/colour/juce_PixelFormats.h:527:12: warning: 'JUCE_ANDROID' is not defined, evaluates to 0 [-Wundef]
  527 |        #if JUCE_ANDROID
      |            ^
/Users/larryseyer/AudioDevelopment/OTTO/JUCE/modules/juce_graphics/colour/juce_PixelFormats.h:569:11: warning: 'JUCE_ANDROID' is not defined, evaluates to 0 [-Wundef]
  569 |       #if JUCE_ANDROID
      |           ^
/Users/larryseyer/AudioDevelopment/OTTO/JUCE/modules/juce_graphics/colour/juce_PixelFormats.h:745:5: warning: 'JUCE_MSVC' is not defined, evaluates to 0 [-Wundef]
  745 | #if JUCE_MSVC
      |     ^
In file included from /Users/larryseyer/AudioDevelopment/OTTO/Source/UI/Visualizations/AudioScopeComponent.cpp:1:
In file included from /Users/larryseyer/AudioDevelopment/OTTO/Source/UI/Visualizations/AudioScopeComponent.h:4:
In file included from /Users/larryseyer/AudioDevelopment/OTTO/Builds/MacOSX/CMake-Release/OTTO_artefacts/JuceLibraryCode/JuceHeader.h:14:
In file included from /Users/larryseyer/AudioDevelopment/OTTO/JUCE/modules/juce_audio_plugin_client/juce_audio_plugin_client.h:63:
In file included from /Users/larryseyer/AudioDevelopment/OTTO/JUCE/modules/juce_gui_basics/juce_gui_basics.h:68:
In file included from /Users/larryseyer/AudioDevelopment/OTTO/JUCE/modules/juce_graphics/juce_graphics.h:141:
/Users/larryseyer/AudioDevelopment/OTTO/JUCE/modules/juce_graphics/detail/juce_Ranges.h:114:12: warning: 'JUCE_DEBUG' is not defined, evaluates to 0 [-Wundef]
  114 |        #if JUCE_DEBUG
      |            ^
In file included from /Users/larryseyer/AudioDevelopment/OTTO/Source/UI/Visualizations/AudioScopeComponent.cpp:1:
In file included from /Users/larryseyer/AudioDevelopment/OTTO/Source/UI/Visualizations/AudioScopeComponent.h:4:
In file included from /Users/larryseyer/AudioDevelopment/OTTO/Builds/MacOSX/CMake-Release/OTTO_artefacts/JuceLibraryCode/JuceHeader.h:14:
In file included from /Users/larryseyer/AudioDevelopment/OTTO/JUCE/modules/juce_audio_plugin_client/juce_audio_plugin_client.h:63:
In file included from /Users/larryseyer/AudioDevelopment/OTTO/JUCE/modules/juce_gui_basics/juce_gui_basics.h:68:
In file included from /Users/larryseyer/AudioDevelopment/OTTO/JUCE/modules/juce_graphics/juce_graphics.h:150:
/Users/larryseyer/AudioDevelopment/OTTO/JUCE/modules/juce_graphics/native/juce_RenderingHelpers.h:389:30: warning: implicit conversion increases floating-point precision: 'float' to 'double' [-Wdouble-promotion]
  389 |                 grad = (p2.y - p1.y) / (double) (p1.x - p2.x);
      |                         ~~~~~^~~~~~  ~
/Users/larryseyer/AudioDevelopment/OTTO/JUCE/modules/juce_graphics/native/juce_RenderingHelpers.h:390:36: warning: implicit conversion increases floating-point precision: 'float' to 'double' [-Wdouble-promotion]
  390 |                 yTerm = p1.y - (p1.x / grad);
      |                                 ~~~^ ~
/Users/larryseyer/AudioDevelopment/OTTO/JUCE/modules/juce_graphics/native/juce_RenderingHelpers.h:390:28: warning: implicit conversion increases floating-point precision: 'float' to 'double' [-Wdouble-promotion]
  390 |                 yTerm = p1.y - (p1.x / grad);
      |                         ~~~^ ~
/Users/larryseyer/AudioDevelopment/OTTO/JUCE/modules/juce_graphics/native/juce_RenderingHelpers.h:391:127: warning: implicit conversion increases floating-point precision: 'float' to 'double' [-Wdouble-promotion]
  391 |                 scale = roundToInt ((double) ((int64_t) numEntries << (int) numScaleBits) / (yTerm * grad - (p2.y * grad - p2.x)));
      |                                                                                                                          ~ ~~~^
/Users/larryseyer/AudioDevelopment/OTTO/JUCE/modules/juce_graphics/native/juce_RenderingHelpers.h:391:113: warning: implicit conversion increases floating-point precision: 'float' to 'double' [-Wdouble-promotion]
  391 |                 scale = roundToInt ((double) ((int64_t) numEntries << (int) numScaleBits) / (yTerm * grad - (p2.y * grad - p2.x)));
      |                                                                                                              ~~~^ ~
/Users/larryseyer/AudioDevelopment/OTTO/JUCE/modules/juce_graphics/native/juce_RenderingHelpers.h:429:36: warning: implicit conversion increases floating-point precision: 'const float' to 'const double' [-Wdouble-promotion]
  429 |               gx1 (gradient.point1.x),
      |                   ~~~~~~~~~~~~~~~~~^
/Users/larryseyer/AudioDevelopment/OTTO/JUCE/modules/juce_graphics/native/juce_RenderingHelpers.h:430:36: warning: implicit conversion increases floating-point precision: 'const float' to 'const double' [-Wdouble-promotion]
  430 |               gy1 (gradient.point1.y)
      |                   ~~~~~~~~~~~~~~~~~^
/Users/larryseyer/AudioDevelopment/OTTO/JUCE/modules/juce_graphics/native/juce_RenderingHelpers.h:434:39: warning: implicit conversion increases floating-point precision: 'float' to 'double' [-Wdouble-promotion]
  434 |             maxDist = diff.x * diff.x + diff.y * diff.y;
      |                     ~ ~~~~~~~~~~~~~~~~^~~~~~~~~~~~~~~~~
/Users/larryseyer/AudioDevelopment/OTTO/JUCE/modules/juce_graphics/native/juce_RenderingHelpers.h:471:37: warning: implicit conversion increases floating-point precision: 'const float' to 'double' [-Wdouble-promotion]
  471 |             tM10 = inverseTransform.mat10;
      |                  ~ ~~~~~~~~~~~~~~~~~^~~~~
/Users/larryseyer/AudioDevelopment/OTTO/JUCE/modules/juce_graphics/native/juce_RenderingHelpers.h:472:37: warning: implicit conversion increases floating-point precision: 'const float' to 'double' [-Wdouble-promotion]
  472 |             tM00 = inverseTransform.mat00;
      |                  ~ ~~~~~~~~~~~~~~~~~^~~~~
/Users/larryseyer/AudioDevelopment/OTTO/JUCE/modules/juce_graphics/native/juce_RenderingHelpers.h:478:56: warning: implicit conversion increases floating-point precision: 'float' to 'double' [-Wdouble-promotion]
  478 |             lineYM01 = inverseTransform.mat01 * floatY + inverseTransform.mat02 - gx1;
      |                        ~~~~~~~~~~~~~~~~~~~~~~~~~~~~~~~~^~~~~~~~~~~~~~~~~~~~~~~~ ~
/Users/larryseyer/AudioDevelopment/OTTO/JUCE/modules/juce_graphics/native/juce_RenderingHelpers.h:479:56: warning: implicit conversion increases floating-point precision: 'float' to 'double' [-Wdouble-promotion]
  479 |             lineYM11 = inverseTransform.mat11 * floatY + inverseTransform.mat12 - gy1;
      |                        ~~~~~~~~~~~~~~~~~~~~~~~~~~~~~~~~^~~~~~~~~~~~~~~~~~~~~~~~ ~
In file included from /Users/larryseyer/AudioDevelopment/OTTO/Source/UI/Visualizations/AudioScopeComponent.cpp:1:
In file included from /Users/larryseyer/AudioDevelopment/OTTO/Source/UI/Visualizations/AudioScopeComponent.h:4:
In file included from /Users/larryseyer/AudioDevelopment/OTTO/Builds/MacOSX/CMake-Release/OTTO_artefacts/JuceLibraryCode/JuceHeader.h:14:
In file included from /Users/larryseyer/AudioDevelopment/OTTO/JUCE/modules/juce_audio_plugin_client/juce_audio_plugin_client.h:63:
In file included from /Users/larryseyer/AudioDevelopment/OTTO/JUCE/modules/juce_gui_basics/juce_gui_basics.h:68:
/Users/larryseyer/AudioDevelopment/OTTO/JUCE/modules/juce_graphics/juce_graphics.h:157:5: warning: 'JUCE_GRAPHICS_INCLUDE_COREGRAPHICS_HELPERS' is not defined, evaluates to 0 [-Wundef]
  157 | #if JUCE_GRAPHICS_INCLUDE_COREGRAPHICS_HELPERS && (JUCE_MAC || JUCE_IOS)
      |     ^
In file included from /Users/larryseyer/AudioDevelopment/OTTO/Source/UI/Visualizations/AudioScopeComponent.cpp:1:
In file included from /Users/larryseyer/AudioDevelopment/OTTO/Source/UI/Visualizations/AudioScopeComponent.h:4:
In file included from /Users/larryseyer/AudioDevelopment/OTTO/Builds/MacOSX/CMake-Release/OTTO_artefacts/JuceLibraryCode/JuceHeader.h:14:
In file included from /Users/larryseyer/AudioDevelopment/OTTO/JUCE/modules/juce_audio_plugin_client/juce_audio_plugin_client.h:63:
In file included from /Users/larryseyer/AudioDevelopment/OTTO/JUCE/modules/juce_gui_basics/juce_gui_basics.h:205:
/Users/larryseyer/AudioDevelopment/OTTO/JUCE/modules/juce_gui_basics/components/juce_Component.h:2701:12: warning: 'JUCE_DEBUG' is not defined, evaluates to 0 [-Wundef]
 2701 |        #if JUCE_DEBUG
      |            ^
In file included from /Users/larryseyer/AudioDevelopment/OTTO/Source/UI/Visualizations/AudioScopeComponent.cpp:1:
In file included from /Users/larryseyer/AudioDevelopment/OTTO/Source/UI/Visualizations/AudioScopeComponent.h:4:
In file included from /Users/larryseyer/AudioDevelopment/OTTO/Builds/MacOSX/CMake-Release/OTTO_artefacts/JuceLibraryCode/JuceHeader.h:14:
In file included from /Users/larryseyer/AudioDevelopment/OTTO/JUCE/modules/juce_audio_plugin_client/juce_audio_plugin_client.h:63:
In file included from /Users/larryseyer/AudioDevelopment/OTTO/JUCE/modules/juce_gui_basics/juce_gui_basics.h:239:
/Users/larryseyer/AudioDevelopment/OTTO/JUCE/modules/juce_gui_basics/layout/juce_ComponentBuilder.h:243:8: warning: 'JUCE_DEBUG' is not defined, evaluates to 0 [-Wundef]
  243 |    #if JUCE_DEBUG
      |        ^
In file included from /Users/larryseyer/AudioDevelopment/OTTO/Source/UI/Visualizations/AudioScopeComponent.cpp:1:
In file included from /Users/larryseyer/AudioDevelopment/OTTO/Source/UI/Visualizations/AudioScopeComponent.h:4:
In file included from /Users/larryseyer/AudioDevelopment/OTTO/Builds/MacOSX/CMake-Release/OTTO_artefacts/JuceLibraryCode/JuceHeader.h:14:
In file included from /Users/larryseyer/AudioDevelopment/OTTO/JUCE/modules/juce_audio_plugin_client/juce_audio_plugin_client.h:63:
In file included from /Users/larryseyer/AudioDevelopment/OTTO/JUCE/modules/juce_gui_basics/juce_gui_basics.h:283:
/Users/larryseyer/AudioDevelopment/OTTO/JUCE/modules/juce_gui_basics/widgets/juce_ListBox.h:182:10: warning: 'JUCE_DISABLE_ASSERTIONS' is not defined, evaluates to 0 [-Wundef]
  182 |    #if ! JUCE_DISABLE_ASSERTIONS
      |          ^
/Users/larryseyer/AudioDevelopment/OTTO/JUCE/modules/juce_gui_basics/widgets/juce_ListBox.h:235:14: warning: 'JUCE_DISABLE_ASSERTIONS' is not defined, evaluates to 0 [-Wundef]
  235 |        #if ! JUCE_DISABLE_ASSERTIONS
      |              ^
/Users/larryseyer/AudioDevelopment/OTTO/JUCE/modules/juce_gui_basics/widgets/juce_ListBox.h:643:10: warning: 'JUCE_DISABLE_ASSERTIONS' is not defined, evaluates to 0 [-Wundef]
  643 |    #if ! JUCE_DISABLE_ASSERTIONS
      |          ^
In file included from /Users/larryseyer/AudioDevelopment/OTTO/Source/UI/Visualizations/AudioScopeComponent.cpp:1:
In file included from /Users/larryseyer/AudioDevelopment/OTTO/Source/UI/Visualizations/AudioScopeComponent.h:4:
In file included from /Users/larryseyer/AudioDevelopment/OTTO/Builds/MacOSX/CMake-Release/OTTO_artefacts/JuceLibraryCode/JuceHeader.h:14:
In file included from /Users/larryseyer/AudioDevelopment/OTTO/JUCE/modules/juce_audio_plugin_client/juce_audio_plugin_client.h:63:
In file included from /Users/larryseyer/AudioDevelopment/OTTO/JUCE/modules/juce_gui_basics/juce_gui_basics.h:302:
/Users/larryseyer/AudioDevelopment/OTTO/JUCE/modules/juce_gui_basics/windows/juce_ComponentPeer.h:310:8: warning: 'JUCE_LINUX' is not defined, evaluates to 0 [-Wundef]
  310 |    #if JUCE_LINUX || JUCE_BSD
      |        ^
/Users/larryseyer/AudioDevelopment/OTTO/JUCE/modules/juce_gui_basics/windows/juce_ComponentPeer.h:310:22: warning: 'JUCE_BSD' is not defined, evaluates to 0 [-Wundef]
  310 |    #if JUCE_LINUX || JUCE_BSD
      |                      ^
In file included from /Users/larryseyer/AudioDevelopment/OTTO/Source/UI/Visualizations/AudioScopeComponent.cpp:1:
In file included from /Users/larryseyer/AudioDevelopment/OTTO/Source/UI/Visualizations/AudioScopeComponent.h:4:
In file included from /Users/larryseyer/AudioDevelopment/OTTO/Builds/MacOSX/CMake-Release/OTTO_artefacts/JuceLibraryCode/JuceHeader.h:14:
In file included from /Users/larryseyer/AudioDevelopment/OTTO/JUCE/modules/juce_audio_plugin_client/juce_audio_plugin_client.h:63:
In file included from /Users/larryseyer/AudioDevelopment/OTTO/JUCE/modules/juce_gui_basics/juce_gui_basics.h:303:
/Users/larryseyer/AudioDevelopment/OTTO/JUCE/modules/juce_gui_basics/windows/juce_ResizableWindow.h:376:8: warning: 'JUCE_DEBUG' is not defined, evaluates to 0 [-Wundef]
  376 |    #if JUCE_DEBUG
      |        ^
/Users/larryseyer/AudioDevelopment/OTTO/JUCE/modules/juce_gui_basics/windows/juce_ResizableWindow.h:414:8: warning: 'JUCE_DEBUG' is not defined, evaluates to 0 [-Wundef]
  414 |    #if JUCE_DEBUG
      |        ^
In file included from /Users/larryseyer/AudioDevelopment/OTTO/Source/UI/Visualizations/AudioScopeComponent.cpp:1:
In file included from /Users/larryseyer/AudioDevelopment/OTTO/Source/UI/Visualizations/AudioScopeComponent.h:4:
In file included from /Users/larryseyer/AudioDevelopment/OTTO/Builds/MacOSX/CMake-Release/OTTO_artefacts/JuceLibraryCode/JuceHeader.h:14:
In file included from /Users/larryseyer/AudioDevelopment/OTTO/JUCE/modules/juce_audio_plugin_client/juce_audio_plugin_client.h:63:
In file included from /Users/larryseyer/AudioDevelopment/OTTO/JUCE/modules/juce_gui_basics/juce_gui_basics.h:335:
/Users/larryseyer/AudioDevelopment/OTTO/JUCE/modules/juce_gui_basics/application/juce_Application.h:125:8: warning: 'DOXYGEN' is not defined, evaluates to 0 [-Wundef]
  125 |    #if DOXYGEN
      |        ^
In file included from /Users/larryseyer/AudioDevelopment/OTTO/Source/UI/Visualizations/AudioScopeComponent.cpp:1:
In file included from /Users/larryseyer/AudioDevelopment/OTTO/Source/UI/Visualizations/AudioScopeComponent.h:4:
In file included from /Users/larryseyer/AudioDevelopment/OTTO/Builds/MacOSX/CMake-Release/OTTO_artefacts/JuceLibraryCode/JuceHeader.h:14:
In file included from /Users/larryseyer/AudioDevelopment/OTTO/JUCE/modules/juce_audio_plugin_client/juce_audio_plugin_client.h:63:
/Users/larryseyer/AudioDevelopment/OTTO/JUCE/modules/juce_gui_basics/juce_gui_basics.h:344:5: warning: 'JUCE_LINUX' is not defined, evaluates to 0 [-Wundef]
  344 | #if JUCE_LINUX || JUCE_BSD
      |     ^
/Users/larryseyer/AudioDevelopment/OTTO/JUCE/modules/juce_gui_basics/juce_gui_basics.h:344:19: warning: 'JUCE_BSD' is not defined, evaluates to 0 [-Wundef]
  344 | #if JUCE_LINUX || JUCE_BSD
      |                   ^
/Users/larryseyer/AudioDevelopment/OTTO/JUCE/modules/juce_gui_basics/juce_gui_basics.h:394:5: warning: 'JUCE_GUI_BASICS_INCLUDE_SCOPED_THREAD_DPI_AWARENESS_SETTER' is not defined, evaluates to 0 [-Wundef]
  394 | #if JUCE_GUI_BASICS_INCLUDE_SCOPED_THREAD_DPI_AWARENESS_SETTER && JUCE_WINDOWS
      |     ^
In file included from /Users/larryseyer/AudioDevelopment/OTTO/Source/UI/Visualizations/AudioScopeComponent.cpp:1:
In file included from /Users/larryseyer/AudioDevelopment/OTTO/Source/UI/Visualizations/AudioScopeComponent.h:4:
In file included from /Users/larryseyer/AudioDevelopment/OTTO/Builds/MacOSX/CMake-Release/OTTO_artefacts/JuceLibraryCode/JuceHeader.h:14:
In file included from /Users/larryseyer/AudioDevelopment/OTTO/JUCE/modules/juce_audio_plugin_client/juce_audio_plugin_client.h:64:
/Users/larryseyer/AudioDevelopment/OTTO/JUCE/modules/juce_audio_basics/juce_audio_basics.h:77:7: warning: 'JUCE_INTEL' is not defined, evaluates to 0 [-Wundef]
   77 | #if ! JUCE_INTEL
      |       ^
/Users/larryseyer/AudioDevelopment/OTTO/JUCE/modules/juce_audio_basics/juce_audio_basics.h:81:24: warning: 'JUCE_USE_VDSP_FRAMEWORK' is not defined, evaluates to 0 [-Wundef]
   81 | #if __ARM_NEON__ && ! (JUCE_USE_VDSP_FRAMEWORK || defined (JUCE_USE_ARM_NEON))
      |                        ^
In file included from /Users/larryseyer/AudioDevelopment/OTTO/Source/UI/Visualizations/AudioScopeComponent.cpp:1:
In file included from /Users/larryseyer/AudioDevelopment/OTTO/Source/UI/Visualizations/AudioScopeComponent.h:4:
In file included from /Users/larryseyer/AudioDevelopment/OTTO/Builds/MacOSX/CMake-Release/OTTO_artefacts/JuceLibraryCode/JuceHeader.h:14:
In file included from /Users/larryseyer/AudioDevelopment/OTTO/JUCE/modules/juce_audio_plugin_client/juce_audio_plugin_client.h:64:
In file included from /Users/larryseyer/AudioDevelopment/OTTO/JUCE/modules/juce_audio_basics/juce_audio_basics.h:93:
/Users/larryseyer/AudioDevelopment/OTTO/JUCE/modules/juce_audio_basics/buffers/juce_AudioDataConverters.h:103:9: warning: 'JUCE_BIG_ENDIAN' is not defined, evaluates to 0 [-Wundef]
  103 |     #if JUCE_BIG_ENDIAN
      |         ^
/Users/larryseyer/AudioDevelopment/OTTO/JUCE/modules/juce_audio_basics/buffers/juce_AudioDataConverters.h:263:12: warning: 'JUCE_BIG_ENDIAN' is not defined, evaluates to 0 [-Wundef]
  263 |        #if JUCE_BIG_ENDIAN
      |            ^
/Users/larryseyer/AudioDevelopment/OTTO/JUCE/modules/juce_audio_basics/buffers/juce_AudioDataConverters.h:119:135: warning: implicit conversion increases floating-point precision: 'float' to 'double' [-Wdouble-promotion]
  119 |         inline void setAsFloatLE (float newValue) noexcept      { *data = (int8) jlimit ((int) -maxValue, (int) maxValue, roundToInt (newValue * (1.0 + (double) maxValue))); }
      |                                                                                                                                       ^~~~~~~~ ~
/Users/larryseyer/AudioDevelopment/OTTO/JUCE/modules/juce_audio_basics/buffers/juce_AudioDataConverters.h:144:117: warning: implicit conversion increases floating-point precision: 'float' to 'double' [-Wdouble-promotion]
  144 |         inline void setAsFloatLE (float newValue) noexcept      { *data = (uint8) jlimit (0, 255, 128 + roundToInt (newValue * (1.0 + (double) maxValue))); }
      |                                                                                                                     ^~~~~~~~ ~
/Users/larryseyer/AudioDevelopment/OTTO/JUCE/modules/juce_audio_basics/buffers/juce_AudioDataConverters.h:169:168: warning: implicit conversion increases floating-point precision: 'float' to 'double' [-Wdouble-promotion]
  169 |         inline void setAsFloatLE (float newValue) noexcept      { *data = ByteOrder::swapIfBigEndian    ((uint16) jlimit ((int) -maxValue, (int) maxValue, roundToInt (newValue * (1.0 + (double) maxValue)))); }
      |                                                                                                                                                                        ^~~~~~~~ ~
/Users/larryseyer/AudioDevelopment/OTTO/JUCE/modules/juce_audio_basics/buffers/juce_AudioDataConverters.h:170:168: warning: implicit conversion increases floating-point precision: 'float' to 'double' [-Wdouble-promotion]
  170 |         inline void setAsFloatBE (float newValue) noexcept      { *data = ByteOrder::swapIfLittleEndian ((uint16) jlimit ((int) -maxValue, (int) maxValue, roundToInt (newValue * (1.0 + (double) maxValue)))); }
      |                                                                                                                                                                        ^~~~~~~~ ~
/Users/larryseyer/AudioDevelopment/OTTO/JUCE/modules/juce_audio_basics/buffers/juce_AudioDataConverters.h:194:157: warning: implicit conversion increases floating-point precision: 'float' to 'double' [-Wdouble-promotion]
  194 |         inline void setAsFloatLE (float newValue) noexcept      { ByteOrder::littleEndian24BitToChars (jlimit ((int) -maxValue, (int) maxValue, roundToInt (newValue * (1.0 + (double) maxValue))), data); }
      |                                                                                                                                                             ^~~~~~~~ ~
/Users/larryseyer/AudioDevelopment/OTTO/JUCE/modules/juce_audio_basics/buffers/juce_AudioDataConverters.h:195:157: warning: implicit conversion increases floating-point precision: 'float' to 'double' [-Wdouble-promotion]
  195 |         inline void setAsFloatBE (float newValue) noexcept      { ByteOrder::bigEndian24BitToChars (jlimit    ((int) -maxValue, (int) maxValue, roundToInt (newValue * (1.0 + (double) maxValue))), data); }
      |                                                                                                                                                             ^~~~~~~~ ~
In file included from /Users/larryseyer/AudioDevelopment/OTTO/Source/UI/Visualizations/AudioScopeComponent.cpp:1:
In file included from /Users/larryseyer/AudioDevelopment/OTTO/Source/UI/Visualizations/AudioScopeComponent.h:4:
In file included from /Users/larryseyer/AudioDevelopment/OTTO/Builds/MacOSX/CMake-Release/OTTO_artefacts/JuceLibraryCode/JuceHeader.h:14:
In file included from /Users/larryseyer/AudioDevelopment/OTTO/JUCE/modules/juce_audio_plugin_client/juce_audio_plugin_client.h:64:
In file included from /Users/larryseyer/AudioDevelopment/OTTO/JUCE/modules/juce_audio_basics/juce_audio_basics.h:95:
/Users/larryseyer/AudioDevelopment/OTTO/JUCE/modules/juce_audio_basics/buffers/juce_FloatVectorOperations.h:39:6: warning: 'JUCE_INTEL' is not defined, evaluates to 0 [-Wundef]
   39 |  #if JUCE_INTEL
      |      ^
/Users/larryseyer/AudioDevelopment/OTTO/JUCE/modules/juce_audio_basics/buffers/juce_FloatVectorOperations.h:153:7: warning: 'DOXYGEN' is not defined, evaluates to 0 [-Wundef]
  153 | #if ! DOXYGEN
      |       ^
/Users/larryseyer/AudioDevelopment/OTTO/JUCE/modules/juce_audio_basics/buffers/juce_FloatVectorOperations.h:237:7: warning: 'JUCE_USE_SSE_INTRINSICS' is not defined, evaluates to 0 [-Wundef]
  237 |   #if JUCE_USE_SSE_INTRINSICS || (JUCE_USE_ARM_NEON || (JUCE_64BIT && JUCE_ARM))
      |       ^
In file included from /Users/larryseyer/AudioDevelopment/OTTO/Source/UI/Visualizations/AudioScopeComponent.cpp:1:
In file included from /Users/larryseyer/AudioDevelopment/OTTO/Source/UI/Visualizations/AudioScopeComponent.h:4:
In file included from /Users/larryseyer/AudioDevelopment/OTTO/Builds/MacOSX/CMake-Release/OTTO_artefacts/JuceLibraryCode/JuceHeader.h:14:
In file included from /Users/larryseyer/AudioDevelopment/OTTO/JUCE/modules/juce_audio_plugin_client/juce_audio_plugin_client.h:64:
In file included from /Users/larryseyer/AudioDevelopment/OTTO/JUCE/modules/juce_audio_basics/juce_audio_basics.h:97:
/Users/larryseyer/AudioDevelopment/OTTO/JUCE/modules/juce_audio_basics/buffers/juce_AudioSampleBuffer.h:1155:15: warning: 'JUCE_GCC' is not defined, evaluates to 0 [-Wundef]
 1155 |        #if (! JUCE_GCC || (__GNUC__ * 100 + __GNUC_MINOR__) >= 409)
      |               ^
In file included from /Users/larryseyer/AudioDevelopment/OTTO/Source/UI/Visualizations/AudioScopeComponent.cpp:1:
In file included from /Users/larryseyer/AudioDevelopment/OTTO/Source/UI/Visualizations/AudioScopeComponent.h:4:
In file included from /Users/larryseyer/AudioDevelopment/OTTO/Builds/MacOSX/CMake-Release/OTTO_artefacts/JuceLibraryCode/JuceHeader.h:14:
In file included from /Users/larryseyer/AudioDevelopment/OTTO/JUCE/modules/juce_audio_plugin_client/juce_audio_plugin_client.h:64:
In file included from /Users/larryseyer/AudioDevelopment/OTTO/JUCE/modules/juce_audio_basics/juce_audio_basics.h:104:
/Users/larryseyer/AudioDevelopment/OTTO/JUCE/modules/juce_audio_basics/utilities/juce_SmoothedValue.h:421:5: warning: 'JUCE_UNIT_TESTS' is not defined, evaluates to 0 [-Wundef]
  421 | #if JUCE_UNIT_TESTS
      |     ^
In file included from /Users/larryseyer/AudioDevelopment/OTTO/Source/UI/Visualizations/AudioScopeComponent.cpp:1:
In file included from /Users/larryseyer/AudioDevelopment/OTTO/Source/UI/Visualizations/AudioScopeComponent.h:4:
In file included from /Users/larryseyer/AudioDevelopment/OTTO/Builds/MacOSX/CMake-Release/OTTO_artefacts/JuceLibraryCode/JuceHeader.h:14:
In file included from /Users/larryseyer/AudioDevelopment/OTTO/JUCE/modules/juce_audio_plugin_client/juce_audio_plugin_client.h:64:
In file included from /Users/larryseyer/AudioDevelopment/OTTO/JUCE/modules/juce_audio_basics/juce_audio_basics.h:106:
/Users/larryseyer/AudioDevelopment/OTTO/JUCE/modules/juce_audio_basics/utilities/juce_ADSR.h:155:66: warning: implicit conversion increases floating-point precision: 'float' to 'double' [-Wdouble-promotion]
  155 |                 releaseRate = (float) (envelopeVal / (parameters.release * sampleRate));
      |                                                       ~~~~~~~~~~~^~~~~~~ ~
/Users/larryseyer/AudioDevelopment/OTTO/JUCE/modules/juce_audio_basics/utilities/juce_ADSR.h:155:40: warning: implicit conversion increases floating-point precision: 'float' to 'double' [-Wdouble-promotion]
  155 |                 releaseRate = (float) (envelopeVal / (parameters.release * sampleRate));
      |                                        ^~~~~~~~~~~ ~
/Users/larryseyer/AudioDevelopment/OTTO/JUCE/modules/juce_audio_basics/utilities/juce_ADSR.h:266:64: warning: implicit conversion increases floating-point precision: 'float' to 'double' [-Wdouble-promotion]
  266 |             return timeInSeconds > 0.0f ? (float) (distance / (timeInSeconds * sr)) : -1.0f;
      |                                                                ^~~~~~~~~~~~~ ~
/Users/larryseyer/AudioDevelopment/OTTO/JUCE/modules/juce_audio_basics/utilities/juce_ADSR.h:266:52: warning: implicit conversion increases floating-point precision: 'float' to 'double' [-Wdouble-promotion]
  266 |             return timeInSeconds > 0.0f ? (float) (distance / (timeInSeconds * sr)) : -1.0f;
      |                                                    ^~~~~~~~ ~
In file included from /Users/larryseyer/AudioDevelopment/OTTO/Source/UI/Visualizations/AudioScopeComponent.cpp:1:
In file included from /Users/larryseyer/AudioDevelopment/OTTO/Source/UI/Visualizations/AudioScopeComponent.h:4:
In file included from /Users/larryseyer/AudioDevelopment/OTTO/Builds/MacOSX/CMake-Release/OTTO_artefacts/JuceLibraryCode/JuceHeader.h:14:
In file included from /Users/larryseyer/AudioDevelopment/OTTO/JUCE/modules/juce_audio_plugin_client/juce_audio_plugin_client.h:65:
In file included from /Users/larryseyer/AudioDevelopment/OTTO/JUCE/modules/juce_audio_processors/juce_audio_processors.h:67:
/Users/larryseyer/AudioDevelopment/OTTO/JUCE/modules/juce_gui_extra/juce_gui_extra.h:127:6: warning: 'JUCE_DEBUG' is not defined, evaluates to 0 [-Wundef]
  127 |  #if JUCE_DEBUG && ! (JUCE_IOS || JUCE_ANDROID)
      |      ^
In file included from /Users/larryseyer/AudioDevelopment/OTTO/Source/UI/Visualizations/AudioScopeComponent.cpp:1:
In file included from /Users/larryseyer/AudioDevelopment/OTTO/Source/UI/Visualizations/AudioScopeComponent.h:4:
In file included from /Users/larryseyer/AudioDevelopment/OTTO/Builds/MacOSX/CMake-Release/OTTO_artefacts/JuceLibraryCode/JuceHeader.h:14:
In file included from /Users/larryseyer/AudioDevelopment/OTTO/JUCE/modules/juce_audio_plugin_client/juce_audio_plugin_client.h:65:
In file included from /Users/larryseyer/AudioDevelopment/OTTO/JUCE/modules/juce_audio_processors/juce_audio_processors.h:67:
In file included from /Users/larryseyer/AudioDevelopment/OTTO/JUCE/modules/juce_gui_extra/juce_gui_extra.h:141:
/Users/larryseyer/AudioDevelopment/OTTO/JUCE/modules/juce_gui_extra/embedding/juce_ActiveXControlComponent.h:38:5: warning: 'JUCE_WINDOWS' is not defined, evaluates to 0 [-Wundef]
   38 | #if JUCE_WINDOWS || DOXYGEN
      |     ^
/Users/larryseyer/AudioDevelopment/OTTO/JUCE/modules/juce_gui_extra/embedding/juce_ActiveXControlComponent.h:38:21: warning: 'DOXYGEN' is not defined, evaluates to 0 [-Wundef]
   38 | #if JUCE_WINDOWS || DOXYGEN
      |                     ^
In file included from /Users/larryseyer/AudioDevelopment/OTTO/Source/UI/Visualizations/AudioScopeComponent.cpp:1:
In file included from /Users/larryseyer/AudioDevelopment/OTTO/Source/UI/Visualizations/AudioScopeComponent.h:4:
In file included from /Users/larryseyer/AudioDevelopment/OTTO/Builds/MacOSX/CMake-Release/OTTO_artefacts/JuceLibraryCode/JuceHeader.h:14:
In file included from /Users/larryseyer/AudioDevelopment/OTTO/JUCE/modules/juce_audio_plugin_client/juce_audio_plugin_client.h:65:
In file included from /Users/larryseyer/AudioDevelopment/OTTO/JUCE/modules/juce_audio_processors/juce_audio_processors.h:67:
In file included from /Users/larryseyer/AudioDevelopment/OTTO/JUCE/modules/juce_gui_extra/juce_gui_extra.h:142:
/Users/larryseyer/AudioDevelopment/OTTO/JUCE/modules/juce_gui_extra/embedding/juce_AndroidViewComponent.h:38:5: warning: 'JUCE_ANDROID' is not defined, evaluates to 0 [-Wundef]
   38 | #if JUCE_ANDROID || DOXYGEN
      |     ^
/Users/larryseyer/AudioDevelopment/OTTO/JUCE/modules/juce_gui_extra/embedding/juce_AndroidViewComponent.h:38:21: warning: 'DOXYGEN' is not defined, evaluates to 0 [-Wundef]
   38 | #if JUCE_ANDROID || DOXYGEN
      |                     ^
In file included from /Users/larryseyer/AudioDevelopment/OTTO/Source/UI/Visualizations/AudioScopeComponent.cpp:1:
In file included from /Users/larryseyer/AudioDevelopment/OTTO/Source/UI/Visualizations/AudioScopeComponent.h:4:
In file included from /Users/larryseyer/AudioDevelopment/OTTO/Builds/MacOSX/CMake-Release/OTTO_artefacts/JuceLibraryCode/JuceHeader.h:14:
In file included from /Users/larryseyer/AudioDevelopment/OTTO/JUCE/modules/juce_audio_plugin_client/juce_audio_plugin_client.h:65:
In file included from /Users/larryseyer/AudioDevelopment/OTTO/JUCE/modules/juce_audio_processors/juce_audio_processors.h:67:
In file included from /Users/larryseyer/AudioDevelopment/OTTO/JUCE/modules/juce_gui_extra/juce_gui_extra.h:144:
/Users/larryseyer/AudioDevelopment/OTTO/JUCE/modules/juce_gui_extra/embedding/juce_UIViewComponent.h:38:5: warning: 'JUCE_IOS' is not defined, evaluates to 0 [-Wundef]
   38 | #if JUCE_IOS || DOXYGEN
      |     ^
/Users/larryseyer/AudioDevelopment/OTTO/JUCE/modules/juce_gui_extra/embedding/juce_UIViewComponent.h:38:17: warning: 'DOXYGEN' is not defined, evaluates to 0 [-Wundef]
   38 | #if JUCE_IOS || DOXYGEN
      |                 ^
In file included from /Users/larryseyer/AudioDevelopment/OTTO/Source/UI/Visualizations/AudioScopeComponent.cpp:1:
In file included from /Users/larryseyer/AudioDevelopment/OTTO/Source/UI/Visualizations/AudioScopeComponent.h:4:
In file included from /Users/larryseyer/AudioDevelopment/OTTO/Builds/MacOSX/CMake-Release/OTTO_artefacts/JuceLibraryCode/JuceHeader.h:14:
In file included from /Users/larryseyer/AudioDevelopment/OTTO/JUCE/modules/juce_audio_plugin_client/juce_audio_plugin_client.h:65:
In file included from /Users/larryseyer/AudioDevelopment/OTTO/JUCE/modules/juce_audio_processors/juce_audio_processors.h:67:
In file included from /Users/larryseyer/AudioDevelopment/OTTO/JUCE/modules/juce_gui_extra/juce_gui_extra.h:145:
/Users/larryseyer/AudioDevelopment/OTTO/JUCE/modules/juce_gui_extra/embedding/juce_XEmbedComponent.h:43:5: warning: 'JUCE_LINUX' is not defined, evaluates to 0 [-Wundef]
   43 | #if JUCE_LINUX || JUCE_BSD || DOXYGEN
      |     ^
/Users/larryseyer/AudioDevelopment/OTTO/JUCE/modules/juce_gui_extra/embedding/juce_XEmbedComponent.h:43:19: warning: 'JUCE_BSD' is not defined, evaluates to 0 [-Wundef]
   43 | #if JUCE_LINUX || JUCE_BSD || DOXYGEN
      |                   ^
/Users/larryseyer/AudioDevelopment/OTTO/JUCE/modules/juce_gui_extra/embedding/juce_XEmbedComponent.h:43:31: warning: 'DOXYGEN' is not defined, evaluates to 0 [-Wundef]
   43 | #if JUCE_LINUX || JUCE_BSD || DOXYGEN
      |                               ^
In file included from /Users/larryseyer/AudioDevelopment/OTTO/Source/UI/Visualizations/AudioScopeComponent.cpp:1:
In file included from /Users/larryseyer/AudioDevelopment/OTTO/Source/UI/Visualizations/AudioScopeComponent.h:4:
In file included from /Users/larryseyer/AudioDevelopment/OTTO/Builds/MacOSX/CMake-Release/OTTO_artefacts/JuceLibraryCode/JuceHeader.h:14:
In file included from /Users/larryseyer/AudioDevelopment/OTTO/JUCE/modules/juce_audio_plugin_client/juce_audio_plugin_client.h:65:
In file included from /Users/larryseyer/AudioDevelopment/OTTO/JUCE/modules/juce_audio_processors/juce_audio_processors.h:67:
In file included from /Users/larryseyer/AudioDevelopment/OTTO/JUCE/modules/juce_gui_extra/juce_gui_extra.h:146:
/Users/larryseyer/AudioDevelopment/OTTO/JUCE/modules/juce_gui_extra/embedding/juce_HWNDComponent.h:38:5: warning: 'JUCE_WINDOWS' is not defined, evaluates to 0 [-Wundef]
   38 | #if JUCE_WINDOWS || DOXYGEN
      |     ^
/Users/larryseyer/AudioDevelopment/OTTO/JUCE/modules/juce_gui_extra/embedding/juce_HWNDComponent.h:38:21: warning: 'DOXYGEN' is not defined, evaluates to 0 [-Wundef]
   38 | #if JUCE_WINDOWS || DOXYGEN
      |                     ^
In file included from /Users/larryseyer/AudioDevelopment/OTTO/Source/UI/Visualizations/AudioScopeComponent.cpp:1:
In file included from /Users/larryseyer/AudioDevelopment/OTTO/Source/UI/Visualizations/AudioScopeComponent.h:4:
In file included from /Users/larryseyer/AudioDevelopment/OTTO/Builds/MacOSX/CMake-Release/OTTO_artefacts/JuceLibraryCode/JuceHeader.h:14:
In file included from /Users/larryseyer/AudioDevelopment/OTTO/JUCE/modules/juce_audio_plugin_client/juce_audio_plugin_client.h:65:
In file included from /Users/larryseyer/AudioDevelopment/OTTO/JUCE/modules/juce_audio_processors/juce_audio_processors.h:67:
In file included from /Users/larryseyer/AudioDevelopment/OTTO/JUCE/modules/juce_gui_extra/juce_gui_extra.h:152:
/Users/larryseyer/AudioDevelopment/OTTO/JUCE/modules/juce_gui_extra/misc/juce_PushNotifications.h:699:8: warning: 'JUCE_ANDROID' is not defined, evaluates to 0 [-Wundef]
  699 |    #if JUCE_ANDROID
      |        ^
In file included from /Users/larryseyer/AudioDevelopment/OTTO/Source/UI/Visualizations/AudioScopeComponent.cpp:1:
In file included from /Users/larryseyer/AudioDevelopment/OTTO/Source/UI/Visualizations/AudioScopeComponent.h:4:
In file included from /Users/larryseyer/AudioDevelopment/OTTO/Builds/MacOSX/CMake-Release/OTTO_artefacts/JuceLibraryCode/JuceHeader.h:14:
In file included from /Users/larryseyer/AudioDevelopment/OTTO/JUCE/modules/juce_audio_plugin_client/juce_audio_plugin_client.h:65:
In file included from /Users/larryseyer/AudioDevelopment/OTTO/JUCE/modules/juce_audio_processors/juce_audio_processors.h:67:
In file included from /Users/larryseyer/AudioDevelopment/OTTO/JUCE/modules/juce_gui_extra/juce_gui_extra.h:155:
/Users/larryseyer/AudioDevelopment/OTTO/JUCE/modules/juce_gui_extra/misc/juce_SystemTrayIconComponent.h:38:5: warning: 'JUCE_WINDOWS' is not defined, evaluates to 0 [-Wundef]
   38 | #if JUCE_WINDOWS || JUCE_LINUX || JUCE_BSD || JUCE_MAC || DOXYGEN
      |     ^
/Users/larryseyer/AudioDevelopment/OTTO/JUCE/modules/juce_gui_extra/misc/juce_SystemTrayIconComponent.h:38:21: warning: 'JUCE_LINUX' is not defined, evaluates to 0 [-Wundef]
   38 | #if JUCE_WINDOWS || JUCE_LINUX || JUCE_BSD || JUCE_MAC || DOXYGEN
      |                     ^
/Users/larryseyer/AudioDevelopment/OTTO/JUCE/modules/juce_gui_extra/misc/juce_SystemTrayIconComponent.h:38:35: warning: 'JUCE_BSD' is not defined, evaluates to 0 [-Wundef]
   38 | #if JUCE_WINDOWS || JUCE_LINUX || JUCE_BSD || JUCE_MAC || DOXYGEN
      |                                   ^
/Users/larryseyer/AudioDevelopment/OTTO/JUCE/modules/juce_gui_extra/misc/juce_SystemTrayIconComponent.h:102:8: warning: 'JUCE_LINUX' is not defined, evaluates to 0 [-Wundef]
  102 |    #if JUCE_LINUX || JUCE_BSD
      |        ^
/Users/larryseyer/AudioDevelopment/OTTO/JUCE/modules/juce_gui_extra/misc/juce_SystemTrayIconComponent.h:102:22: warning: 'JUCE_BSD' is not defined, evaluates to 0 [-Wundef]
  102 |    #if JUCE_LINUX || JUCE_BSD
      |                      ^
In file included from /Users/larryseyer/AudioDevelopment/OTTO/Source/UI/Visualizations/AudioScopeComponent.cpp:1:
In file included from /Users/larryseyer/AudioDevelopment/OTTO/Source/UI/Visualizations/AudioScopeComponent.h:4:
In file included from /Users/larryseyer/AudioDevelopment/OTTO/Builds/MacOSX/CMake-Release/OTTO_artefacts/JuceLibraryCode/JuceHeader.h:14:
In file included from /Users/larryseyer/AudioDevelopment/OTTO/JUCE/modules/juce_audio_plugin_client/juce_audio_plugin_client.h:65:
In file included from /Users/larryseyer/AudioDevelopment/OTTO/JUCE/modules/juce_audio_processors/juce_audio_processors.h:67:
In file included from /Users/larryseyer/AudioDevelopment/OTTO/JUCE/modules/juce_gui_extra/juce_gui_extra.h:156:
/Users/larryseyer/AudioDevelopment/OTTO/JUCE/modules/juce_gui_extra/misc/juce_WebBrowserComponent.h:38:25: warning: 'DOXYGEN' is not defined, evaluates to 0 [-Wundef]
   38 | #if JUCE_WEB_BROWSER || DOXYGEN
      |                         ^
In file included from /Users/larryseyer/AudioDevelopment/OTTO/Source/UI/Visualizations/AudioScopeComponent.cpp:1:
In file included from /Users/larryseyer/AudioDevelopment/OTTO/Source/UI/Visualizations/AudioScopeComponent.h:4:
In file included from /Users/larryseyer/AudioDevelopment/OTTO/Builds/MacOSX/CMake-Release/OTTO_artefacts/JuceLibraryCode/JuceHeader.h:14:
In file included from /Users/larryseyer/AudioDevelopment/OTTO/JUCE/modules/juce_audio_plugin_client/juce_audio_plugin_client.h:65:
In file included from /Users/larryseyer/AudioDevelopment/OTTO/JUCE/modules/juce_audio_processors/juce_audio_processors.h:67:
In file included from /Users/larryseyer/AudioDevelopment/OTTO/JUCE/modules/juce_gui_extra/juce_gui_extra.h:157:
/Users/larryseyer/AudioDevelopment/OTTO/JUCE/modules/juce_gui_extra/misc/juce_LiveConstantEditor.h:35:5: warning: 'JUCE_ENABLE_LIVE_CONSTANT_EDITOR' is not defined, evaluates to 0 [-Wundef]
   35 | #if JUCE_ENABLE_LIVE_CONSTANT_EDITOR && ! defined (DOXYGEN)
      |     ^
/Users/larryseyer/AudioDevelopment/OTTO/JUCE/modules/juce_gui_extra/misc/juce_LiveConstantEditor.h:258:5: warning: 'JUCE_ENABLE_LIVE_CONSTANT_EDITOR' is not defined, evaluates to 0 [-Wundef]
  258 | #if JUCE_ENABLE_LIVE_CONSTANT_EDITOR || DOXYGEN
      |     ^
/Users/larryseyer/AudioDevelopment/OTTO/JUCE/modules/juce_gui_extra/misc/juce_LiveConstantEditor.h:258:41: warning: 'DOXYGEN' is not defined, evaluates to 0 [-Wundef]
  258 | #if JUCE_ENABLE_LIVE_CONSTANT_EDITOR || DOXYGEN
      |                                         ^
In file included from /Users/larryseyer/AudioDevelopment/OTTO/Source/UI/Visualizations/AudioScopeComponent.cpp:1:
In file included from /Users/larryseyer/AudioDevelopment/OTTO/Source/UI/Visualizations/AudioScopeComponent.h:4:
In file included from /Users/larryseyer/AudioDevelopment/OTTO/Builds/MacOSX/CMake-Release/OTTO_artefacts/JuceLibraryCode/JuceHeader.h:14:
In file included from /Users/larryseyer/AudioDevelopment/OTTO/JUCE/modules/juce_audio_plugin_client/juce_audio_plugin_client.h:65:
In file included from /Users/larryseyer/AudioDevelopment/OTTO/JUCE/modules/juce_audio_processors/juce_audio_processors.h:67:
In file included from /Users/larryseyer/AudioDevelopment/OTTO/JUCE/modules/juce_gui_extra/juce_gui_extra.h:159:
/Users/larryseyer/AudioDevelopment/OTTO/JUCE/modules/juce_gui_extra/detail/juce_WebControlRelayEvents.h:38:25: warning: 'DOXYGEN' is not defined, evaluates to 0 [-Wundef]
   38 | #if JUCE_WEB_BROWSER || DOXYGEN
      |                         ^
In file included from /Users/larryseyer/AudioDevelopment/OTTO/Source/UI/Visualizations/AudioScopeComponent.cpp:1:
In file included from /Users/larryseyer/AudioDevelopment/OTTO/Source/UI/Visualizations/AudioScopeComponent.h:4:
In file included from /Users/larryseyer/AudioDevelopment/OTTO/Builds/MacOSX/CMake-Release/OTTO_artefacts/JuceLibraryCode/JuceHeader.h:14:
In file included from /Users/larryseyer/AudioDevelopment/OTTO/JUCE/modules/juce_audio_plugin_client/juce_audio_plugin_client.h:65:
In file included from /Users/larryseyer/AudioDevelopment/OTTO/JUCE/modules/juce_audio_processors/juce_audio_processors.h:67:
In file included from /Users/larryseyer/AudioDevelopment/OTTO/JUCE/modules/juce_gui_extra/juce_gui_extra.h:160:
/Users/larryseyer/AudioDevelopment/OTTO/JUCE/modules/juce_gui_extra/misc/juce_WebControlRelays.h:38:25: warning: 'DOXYGEN' is not defined, evaluates to 0 [-Wundef]
   38 | #if JUCE_WEB_BROWSER || DOXYGEN
      |                         ^
In file included from /Users/larryseyer/AudioDevelopment/OTTO/Source/UI/Visualizations/AudioScopeComponent.cpp:1:
In file included from /Users/larryseyer/AudioDevelopment/OTTO/Source/UI/Visualizations/AudioScopeComponent.h:4:
In file included from /Users/larryseyer/AudioDevelopment/OTTO/Builds/MacOSX/CMake-Release/OTTO_artefacts/JuceLibraryCode/JuceHeader.h:14:
In file included from /Users/larryseyer/AudioDevelopment/OTTO/JUCE/modules/juce_audio_plugin_client/juce_audio_plugin_client.h:65:
In file included from /Users/larryseyer/AudioDevelopment/OTTO/JUCE/modules/juce_audio_processors/juce_audio_processors.h:67:
In file included from /Users/larryseyer/AudioDevelopment/OTTO/JUCE/modules/juce_gui_extra/juce_gui_extra.h:161:
/Users/larryseyer/AudioDevelopment/OTTO/JUCE/modules/juce_gui_extra/misc/juce_WebControlParameterIndexReceiver.h:38:25: warning: 'DOXYGEN' is not defined, evaluates to 0 [-Wundef]
   38 | #if JUCE_WEB_BROWSER || DOXYGEN
      |                         ^
In file included from /Users/larryseyer/AudioDevelopment/OTTO/Source/UI/Visualizations/AudioScopeComponent.cpp:1:
In file included from /Users/larryseyer/AudioDevelopment/OTTO/Source/UI/Visualizations/AudioScopeComponent.h:4:
In file included from /Users/larryseyer/AudioDevelopment/OTTO/Builds/MacOSX/CMake-Release/OTTO_artefacts/JuceLibraryCode/JuceHeader.h:14:
In file included from /Users/larryseyer/AudioDevelopment/OTTO/JUCE/modules/juce_audio_plugin_client/juce_audio_plugin_client.h:65:
In file included from /Users/larryseyer/AudioDevelopment/OTTO/JUCE/modules/juce_audio_processors/juce_audio_processors.h:148:
/Users/larryseyer/AudioDevelopment/OTTO/JUCE/modules/juce_audio_processors/processors/juce_AudioProcessorParameter.h:363:8: warning: 'JUCE_DEBUG' is not defined, evaluates to 0 [-Wundef]
  363 |    #if JUCE_DEBUG
      |        ^
In file included from /Users/larryseyer/AudioDevelopment/OTTO/Source/UI/Visualizations/AudioScopeComponent.cpp:1:
In file included from /Users/larryseyer/AudioDevelopment/OTTO/Source/UI/Visualizations/AudioScopeComponent.h:4:
In file included from /Users/larryseyer/AudioDevelopment/OTTO/Builds/MacOSX/CMake-Release/OTTO_artefacts/JuceLibraryCode/JuceHeader.h:14:
In file included from /Users/larryseyer/AudioDevelopment/OTTO/JUCE/modules/juce_audio_plugin_client/juce_audio_plugin_client.h:65:
In file included from /Users/larryseyer/AudioDevelopment/OTTO/JUCE/modules/juce_audio_processors/juce_audio_processors.h:154:
/Users/larryseyer/AudioDevelopment/OTTO/JUCE/modules/juce_audio_processors/processors/juce_AudioProcessor.h:1599:7: warning: 'JUCE_DEBUG' is not defined, evaluates to 0 [-Wundef]
 1599 |   #if JUCE_DEBUG
      |       ^
In file included from /Users/larryseyer/AudioDevelopment/OTTO/Source/UI/Visualizations/AudioScopeComponent.cpp:1:
In file included from /Users/larryseyer/AudioDevelopment/OTTO/Source/UI/Visualizations/AudioScopeComponent.h:4:
In file included from /Users/larryseyer/AudioDevelopment/OTTO/Builds/MacOSX/CMake-Release/OTTO_artefacts/JuceLibraryCode/JuceHeader.h:14:
In file included from /Users/larryseyer/AudioDevelopment/OTTO/JUCE/modules/juce_audio_plugin_client/juce_audio_plugin_client.h:65:
In file included from /Users/larryseyer/AudioDevelopment/OTTO/JUCE/modules/juce_audio_processors/juce_audio_processors.h:162:
/Users/larryseyer/AudioDevelopment/OTTO/JUCE/modules/juce_audio_processors/format_types/juce_AudioUnitPluginFormat.h:38:55: warning: 'DOXYGEN' is not defined, evaluates to 0 [-Wundef]
   38 | #if (JUCE_PLUGINHOST_AU && (JUCE_MAC || JUCE_IOS)) || DOXYGEN
      |                                                       ^
In file included from /Users/larryseyer/AudioDevelopment/OTTO/Source/UI/Visualizations/AudioScopeComponent.cpp:1:
In file included from /Users/larryseyer/AudioDevelopment/OTTO/Source/UI/Visualizations/AudioScopeComponent.h:4:
In file included from /Users/larryseyer/AudioDevelopment/OTTO/Builds/MacOSX/CMake-Release/OTTO_artefacts/JuceLibraryCode/JuceHeader.h:14:
In file included from /Users/larryseyer/AudioDevelopment/OTTO/JUCE/modules/juce_audio_plugin_client/juce_audio_plugin_client.h:65:
In file included from /Users/larryseyer/AudioDevelopment/OTTO/JUCE/modules/juce_audio_processors/juce_audio_processors.h:163:
/Users/larryseyer/AudioDevelopment/OTTO/JUCE/modules/juce_audio_processors/format_types/juce_LADSPAPluginFormat.h:38:61: warning: 'DOXYGEN' is not defined, evaluates to 0 [-Wundef]
   38 | #if (JUCE_PLUGINHOST_LADSPA && (JUCE_LINUX || JUCE_BSD)) || DOXYGEN
      |                                                             ^
In file included from /Users/larryseyer/AudioDevelopment/OTTO/Source/UI/Visualizations/AudioScopeComponent.cpp:1:
In file included from /Users/larryseyer/AudioDevelopment/OTTO/Source/UI/Visualizations/AudioScopeComponent.h:4:
In file included from /Users/larryseyer/AudioDevelopment/OTTO/Builds/MacOSX/CMake-Release/OTTO_artefacts/JuceLibraryCode/JuceHeader.h:14:
In file included from /Users/larryseyer/AudioDevelopment/OTTO/JUCE/modules/juce_audio_plugin_client/juce_audio_plugin_client.h:65:
In file included from /Users/larryseyer/AudioDevelopment/OTTO/JUCE/modules/juce_audio_processors/juce_audio_processors.h:164:
/Users/larryseyer/AudioDevelopment/OTTO/JUCE/modules/juce_audio_processors/format_types/juce_LV2PluginFormat.h:38:64: warning: 'DOXYGEN' is not defined, evaluates to 0 [-Wundef]
   38 | #if (JUCE_PLUGINHOST_LV2 && (! (JUCE_ANDROID || JUCE_IOS))) || DOXYGEN
      |                                                                ^
In file included from /Users/larryseyer/AudioDevelopment/OTTO/Source/UI/Visualizations/AudioScopeComponent.cpp:1:
In file included from /Users/larryseyer/AudioDevelopment/OTTO/Source/UI/Visualizations/AudioScopeComponent.h:4:
In file included from /Users/larryseyer/AudioDevelopment/OTTO/Builds/MacOSX/CMake-Release/OTTO_artefacts/JuceLibraryCode/JuceHeader.h:14:
In file included from /Users/larryseyer/AudioDevelopment/OTTO/JUCE/modules/juce_audio_plugin_client/juce_audio_plugin_client.h:65:
In file included from /Users/larryseyer/AudioDevelopment/OTTO/JUCE/modules/juce_audio_processors/juce_audio_processors.h:165:
/Users/larryseyer/AudioDevelopment/OTTO/JUCE/modules/juce_audio_processors/format_types/juce_VST3PluginFormat.h:38:87: warning: 'DOXYGEN' is not defined, evaluates to 0 [-Wundef]
   38 | #if (JUCE_PLUGINHOST_VST3 && (JUCE_MAC || JUCE_WINDOWS || JUCE_LINUX || JUCE_BSD)) || DOXYGEN
      |                                                                                       ^
In file included from /Users/larryseyer/AudioDevelopment/OTTO/Source/UI/Visualizations/AudioScopeComponent.cpp:1:
In file included from /Users/larryseyer/AudioDevelopment/OTTO/Source/UI/Visualizations/AudioScopeComponent.h:4:
In file included from /Users/larryseyer/AudioDevelopment/OTTO/Builds/MacOSX/CMake-Release/OTTO_artefacts/JuceLibraryCode/JuceHeader.h:14:
In file included from /Users/larryseyer/AudioDevelopment/OTTO/JUCE/modules/juce_audio_plugin_client/juce_audio_plugin_client.h:65:
In file included from /Users/larryseyer/AudioDevelopment/OTTO/JUCE/modules/juce_audio_processors/juce_audio_processors.h:167:
/Users/larryseyer/AudioDevelopment/OTTO/JUCE/modules/juce_audio_processors/format_types/juce_VSTPluginFormat.h:35:29: warning: 'DOXYGEN' is not defined, evaluates to 0 [-Wundef]
   35 | #if (JUCE_PLUGINHOST_VST || DOXYGEN)
      |                             ^
In file included from /Users/larryseyer/AudioDevelopment/OTTO/Source/UI/Visualizations/AudioScopeComponent.cpp:1:
In file included from /Users/larryseyer/AudioDevelopment/OTTO/Source/UI/Visualizations/AudioScopeComponent.h:4:
In file included from /Users/larryseyer/AudioDevelopment/OTTO/Builds/MacOSX/CMake-Release/OTTO_artefacts/JuceLibraryCode/JuceHeader.h:14:
In file included from /Users/larryseyer/AudioDevelopment/OTTO/JUCE/modules/juce_audio_plugin_client/juce_audio_plugin_client.h:65:
In file included from /Users/larryseyer/AudioDevelopment/OTTO/JUCE/modules/juce_audio_processors/juce_audio_processors.h:168:
/Users/larryseyer/AudioDevelopment/OTTO/JUCE/modules/juce_audio_processors/format_types/juce_ARAHosting.h:37:122: warning: 'DOXYGEN' is not defined, evaluates to 0 [-Wundef]
   37 | #if (JUCE_PLUGINHOST_ARA && (JUCE_PLUGINHOST_VST3 || JUCE_PLUGINHOST_AU) && (JUCE_MAC || JUCE_WINDOWS || JUCE_LINUX)) || DOXYGEN
      |                                                                                                                          ^
In file included from /Users/larryseyer/AudioDevelopment/OTTO/Source/UI/Visualizations/AudioScopeComponent.cpp:1:
In file included from /Users/larryseyer/AudioDevelopment/OTTO/Source/UI/Visualizations/AudioScopeComponent.h:4:
In file included from /Users/larryseyer/AudioDevelopment/OTTO/Builds/MacOSX/CMake-Release/OTTO_artefacts/JuceLibraryCode/JuceHeader.h:14:
In file included from /Users/larryseyer/AudioDevelopment/OTTO/JUCE/modules/juce_audio_plugin_client/juce_audio_plugin_client.h:65:
In file included from /Users/larryseyer/AudioDevelopment/OTTO/JUCE/modules/juce_audio_processors/juce_audio_processors.h:177:
/Users/larryseyer/AudioDevelopment/OTTO/JUCE/modules/juce_audio_processors/utilities/juce_ParameterAttachments.h:260:25: warning: 'DOXYGEN' is not defined, evaluates to 0 [-Wundef]
  260 | #if JUCE_WEB_BROWSER || DOXYGEN
      |                         ^
In file included from /Users/larryseyer/AudioDevelopment/OTTO/Source/UI/Visualizations/AudioScopeComponent.cpp:1:
In file included from /Users/larryseyer/AudioDevelopment/OTTO/Source/UI/Visualizations/AudioScopeComponent.h:4:
In file included from /Users/larryseyer/AudioDevelopment/OTTO/Builds/MacOSX/CMake-Release/OTTO_artefacts/JuceLibraryCode/JuceHeader.h:14:
In file included from /Users/larryseyer/AudioDevelopment/OTTO/JUCE/modules/juce_audio_plugin_client/juce_audio_plugin_client.h:65:
In file included from /Users/larryseyer/AudioDevelopment/OTTO/JUCE/modules/juce_audio_processors/juce_audio_processors.h:178:
/Users/larryseyer/AudioDevelopment/OTTO/JUCE/modules/juce_audio_processors/utilities/juce_AudioProcessorValueTreeState.h:639:8: warning: 'JUCE_UNIT_TESTS' is not defined, evaluates to 0 [-Wundef]
  639 |    #if JUCE_UNIT_TESTS
      |        ^
In file included from /Users/larryseyer/AudioDevelopment/OTTO/Source/UI/Visualizations/AudioScopeComponent.cpp:1:
In file included from /Users/larryseyer/AudioDevelopment/OTTO/Source/UI/Visualizations/AudioScopeComponent.h:4:
In file included from /Users/larryseyer/AudioDevelopment/OTTO/Builds/MacOSX/CMake-Release/OTTO_artefacts/JuceLibraryCode/JuceHeader.h:23:
In file included from /Users/larryseyer/AudioDevelopment/OTTO/JUCE/modules/juce_audio_devices/juce_audio_devices.h:174:
/Users/larryseyer/AudioDevelopment/OTTO/JUCE/modules/juce_audio_devices/midi_io/juce_MidiDevices.h:205:8: warning: 'JUCE_LINUX' is not defined, evaluates to 0 [-Wundef]
  205 |    #if JUCE_LINUX || JUCE_BSD || JUCE_MAC || JUCE_IOS || DOXYGEN
      |        ^
/Users/larryseyer/AudioDevelopment/OTTO/JUCE/modules/juce_audio_devices/midi_io/juce_MidiDevices.h:205:22: warning: 'JUCE_BSD' is not defined, evaluates to 0 [-Wundef]
  205 |    #if JUCE_LINUX || JUCE_BSD || JUCE_MAC || JUCE_IOS || DOXYGEN
      |                      ^
/Users/larryseyer/AudioDevelopment/OTTO/JUCE/modules/juce_audio_devices/midi_io/juce_MidiDevices.h:364:8: warning: 'JUCE_LINUX' is not defined, evaluates to 0 [-Wundef]
  364 |    #if JUCE_LINUX || JUCE_BSD || JUCE_MAC || JUCE_IOS || DOXYGEN
      |        ^
/Users/larryseyer/AudioDevelopment/OTTO/JUCE/modules/juce_audio_devices/midi_io/juce_MidiDevices.h:364:22: warning: 'JUCE_BSD' is not defined, evaluates to 0 [-Wundef]
  364 |    #if JUCE_LINUX || JUCE_BSD || JUCE_MAC || JUCE_IOS || DOXYGEN
      |                      ^
In file included from /Users/larryseyer/AudioDevelopment/OTTO/Source/UI/Visualizations/AudioScopeComponent.cpp:1:
In file included from /Users/larryseyer/AudioDevelopment/OTTO/Source/UI/Visualizations/AudioScopeComponent.h:4:
In file included from /Users/larryseyer/AudioDevelopment/OTTO/Builds/MacOSX/CMake-Release/OTTO_artefacts/JuceLibraryCode/JuceHeader.h:23:
In file included from /Users/larryseyer/AudioDevelopment/OTTO/JUCE/modules/juce_audio_devices/juce_audio_devices.h:175:
/Users/larryseyer/AudioDevelopment/OTTO/JUCE/modules/juce_audio_devices/midi_io/juce_MidiMessageCollector.h:118:8: warning: 'JUCE_DEBUG' is not defined, evaluates to 0 [-Wundef]
  118 |    #if JUCE_DEBUG
      |        ^
In file included from /Users/larryseyer/AudioDevelopment/OTTO/Source/UI/Visualizations/AudioScopeComponent.cpp:1:
In file included from /Users/larryseyer/AudioDevelopment/OTTO/Source/UI/Visualizations/AudioScopeComponent.h:4:
In file included from /Users/larryseyer/AudioDevelopment/OTTO/Builds/MacOSX/CMake-Release/OTTO_artefacts/JuceLibraryCode/JuceHeader.h:23:
/Users/larryseyer/AudioDevelopment/OTTO/JUCE/modules/juce_audio_devices/juce_audio_devices.h:199:5: warning: 'JUCE_IOS' is not defined, evaluates to 0 [-Wundef]
  199 | #if JUCE_IOS
      |     ^
In file included from /Users/larryseyer/AudioDevelopment/OTTO/Source/UI/Visualizations/AudioScopeComponent.cpp:1:
In file included from /Users/larryseyer/AudioDevelopment/OTTO/Source/UI/Visualizations/AudioScopeComponent.h:4:
In file included from /Users/larryseyer/AudioDevelopment/OTTO/Builds/MacOSX/CMake-Release/OTTO_artefacts/JuceLibraryCode/JuceHeader.h:24:
/Users/larryseyer/AudioDevelopment/OTTO/JUCE/modules/juce_audio_formats/juce_audio_formats.h:117:7: warning: 'JUCE_WINDOWS' is not defined, evaluates to 0 [-Wundef]
  117 | #if ! JUCE_WINDOWS
      |       ^
In file included from /Users/larryseyer/AudioDevelopment/OTTO/Source/UI/Visualizations/AudioScopeComponent.cpp:1:
In file included from /Users/larryseyer/AudioDevelopment/OTTO/Source/UI/Visualizations/AudioScopeComponent.h:4:
In file included from /Users/larryseyer/AudioDevelopment/OTTO/Builds/MacOSX/CMake-Release/OTTO_artefacts/JuceLibraryCode/JuceHeader.h:24:
In file included from /Users/larryseyer/AudioDevelopment/OTTO/JUCE/modules/juce_audio_formats/juce_audio_formats.h:134:
/Users/larryseyer/AudioDevelopment/OTTO/JUCE/modules/juce_audio_formats/codecs/juce_LAMEEncoderAudioFormat.h:38:35: warning: 'DOXYGEN' is not defined, evaluates to 0 [-Wundef]
   38 | #if JUCE_USE_LAME_AUDIO_FORMAT || DOXYGEN
      |                                   ^
In file included from /Users/larryseyer/AudioDevelopment/OTTO/Source/UI/Visualizations/AudioScopeComponent.cpp:1:
In file included from /Users/larryseyer/AudioDevelopment/OTTO/Source/UI/Visualizations/AudioScopeComponent.h:4:
In file included from /Users/larryseyer/AudioDevelopment/OTTO/Builds/MacOSX/CMake-Release/OTTO_artefacts/JuceLibraryCode/JuceHeader.h:24:
In file included from /Users/larryseyer/AudioDevelopment/OTTO/JUCE/modules/juce_audio_formats/juce_audio_formats.h:135:
/Users/larryseyer/AudioDevelopment/OTTO/JUCE/modules/juce_audio_formats/codecs/juce_MP3AudioFormat.h:38:32: warning: 'DOXYGEN' is not defined, evaluates to 0 [-Wundef]
   38 | #if JUCE_USE_MP3AUDIOFORMAT || DOXYGEN
      |                                ^
In file included from /Users/larryseyer/AudioDevelopment/OTTO/Source/UI/Visualizations/AudioScopeComponent.cpp:1:
In file included from /Users/larryseyer/AudioDevelopment/OTTO/Source/UI/Visualizations/AudioScopeComponent.h:4:
In file included from /Users/larryseyer/AudioDevelopment/OTTO/Builds/MacOSX/CMake-Release/OTTO_artefacts/JuceLibraryCode/JuceHeader.h:24:
In file included from /Users/larryseyer/AudioDevelopment/OTTO/JUCE/modules/juce_audio_formats/juce_audio_formats.h:138:
/Users/larryseyer/AudioDevelopment/OTTO/JUCE/modules/juce_audio_formats/codecs/juce_WindowsMediaAudioFormat.h:38:5: warning: 'JUCE_WINDOWS' is not defined, evaluates to 0 [-Wundef]
   38 | #if JUCE_WINDOWS || DOXYGEN
      |     ^
/Users/larryseyer/AudioDevelopment/OTTO/JUCE/modules/juce_audio_formats/codecs/juce_WindowsMediaAudioFormat.h:38:21: warning: 'DOXYGEN' is not defined, evaluates to 0 [-Wundef]
   38 | #if JUCE_WINDOWS || DOXYGEN
      |                     ^
In file included from /Users/larryseyer/AudioDevelopment/OTTO/Source/UI/Visualizations/AudioScopeComponent.cpp:1:
In file included from /Users/larryseyer/AudioDevelopment/OTTO/Source/UI/Visualizations/AudioScopeComponent.h:4:
In file included from /Users/larryseyer/AudioDevelopment/OTTO/Builds/MacOSX/CMake-Release/OTTO_artefacts/JuceLibraryCode/JuceHeader.h:25:
In file included from /Users/larryseyer/AudioDevelopment/OTTO/JUCE/modules/juce_audio_utils/juce_audio_utils.h:99:
/Users/larryseyer/AudioDevelopment/OTTO/JUCE/modules/juce_audio_utils/audio_cd/juce_AudioCDBurner.h:38:26: warning: 'DOXYGEN' is not defined, evaluates to 0 [-Wundef]
   38 | #if JUCE_USE_CDBURNER || DOXYGEN
      |                          ^
In file included from /Users/larryseyer/AudioDevelopment/OTTO/Source/UI/Visualizations/AudioScopeComponent.cpp:1:
In file included from /Users/larryseyer/AudioDevelopment/OTTO/Source/UI/Visualizations/AudioScopeComponent.h:4:
In file included from /Users/larryseyer/AudioDevelopment/OTTO/Builds/MacOSX/CMake-Release/OTTO_artefacts/JuceLibraryCode/JuceHeader.h:25:
In file included from /Users/larryseyer/AudioDevelopment/OTTO/JUCE/modules/juce_audio_utils/juce_audio_utils.h:100:
/Users/larryseyer/AudioDevelopment/OTTO/JUCE/modules/juce_audio_utils/audio_cd/juce_AudioCDReader.h:38:26: warning: 'DOXYGEN' is not defined, evaluates to 0 [-Wundef]
   38 | #if JUCE_USE_CDREADER || DOXYGEN
      |                          ^
In file included from /Users/larryseyer/AudioDevelopment/OTTO/Source/UI/Visualizations/AudioScopeComponent.cpp:1:
In file included from /Users/larryseyer/AudioDevelopment/OTTO/Source/UI/Visualizations/AudioScopeComponent.h:4:
In file included from /Users/larryseyer/AudioDevelopment/OTTO/Builds/MacOSX/CMake-Release/OTTO_artefacts/JuceLibraryCode/JuceHeader.h:26:
/Users/larryseyer/AudioDevelopment/OTTO/JUCE/modules/juce_dsp/juce_dsp.h:69:5: warning: 'JUCE_INTEL' is not defined, evaluates to 0 [-Wundef]
   69 | #if JUCE_INTEL
      |     ^
/Users/larryseyer/AudioDevelopment/OTTO/JUCE/modules/juce_dsp/juce_dsp.h:95:20: warning: 'JUCE_WINDOWS' is not defined, evaluates to 0 [-Wundef]
   95 |  #if JUCE_64BIT && JUCE_WINDOWS
      |                    ^
/Users/larryseyer/AudioDevelopment/OTTO/JUCE/modules/juce_dsp/juce_dsp.h:113:6: warning: '_MSC_VER' is not defined, evaluates to 0 [-Wundef]
  113 |  #if _MSC_VER && JUCE_USE_SIMD && ! (defined (_M_X64) || defined (__amd64__))
      |      ^
/Users/larryseyer/AudioDevelopment/OTTO/JUCE/modules/juce_dsp/juce_dsp.h:242:6: warning: 'JUCE_INTEL' is not defined, evaluates to 0 [-Wundef]
  242 |  #if JUCE_INTEL
      |      ^
In file included from /Users/larryseyer/AudioDevelopment/OTTO/Source/UI/Visualizations/AudioScopeComponent.cpp:1:
In file included from /Users/larryseyer/AudioDevelopment/OTTO/Source/UI/Visualizations/AudioScopeComponent.h:4:
In file included from /Users/larryseyer/AudioDevelopment/OTTO/Builds/MacOSX/CMake-Release/OTTO_artefacts/JuceLibraryCode/JuceHeader.h:27:
/Users/larryseyer/AudioDevelopment/OTTO/JUCE/modules/juce_opengl/juce_opengl.h:72:5: warning: 'JUCE_IOS' is not defined, evaluates to 0 [-Wundef]
   72 | #if JUCE_IOS || JUCE_ANDROID
      |     ^
/Users/larryseyer/AudioDevelopment/OTTO/JUCE/modules/juce_opengl/juce_opengl.h:72:17: warning: 'JUCE_ANDROID' is not defined, evaluates to 0 [-Wundef]
   72 | #if JUCE_IOS || JUCE_ANDROID
      |                 ^
/Users/larryseyer/AudioDevelopment/OTTO/JUCE/modules/juce_opengl/juce_opengl.h:82:5: warning: 'JUCE_OPENGL_ES' is not defined, evaluates to 0 [-Wundef]
   82 | #if JUCE_OPENGL_ES || DOXYGEN
      |     ^
/Users/larryseyer/AudioDevelopment/OTTO/JUCE/modules/juce_opengl/juce_opengl.h:82:23: warning: 'DOXYGEN' is not defined, evaluates to 0 [-Wundef]
   82 | #if JUCE_OPENGL_ES || DOXYGEN
      |                       ^
In file included from /Users/larryseyer/AudioDevelopment/OTTO/Source/UI/Visualizations/AudioScopeComponent.cpp:1:
In file included from /Users/larryseyer/AudioDevelopment/OTTO/Source/UI/Visualizations/AudioScopeComponent.h:4:
In file included from /Users/larryseyer/AudioDevelopment/OTTO/Builds/MacOSX/CMake-Release/OTTO_artefacts/JuceLibraryCode/JuceHeader.h:27:
In file included from /Users/larryseyer/AudioDevelopment/OTTO/JUCE/modules/juce_opengl/juce_opengl.h:120:
/Users/larryseyer/AudioDevelopment/OTTO/JUCE/modules/juce_opengl/native/juce_OpenGLExtensions.h:127:8: warning: 'JUCE_WINDOWS' is not defined, evaluates to 0 [-Wundef]
  127 |    #if JUCE_WINDOWS && ! defined (DOXYGEN)
      |        ^
/Users/larryseyer/AudioDevelopment/OTTO/JUCE/modules/juce_opengl/native/juce_OpenGLExtensions.h:142:8: warning: 'JUCE_ANDROID' is not defined, evaluates to 0 [-Wundef]
  142 |    #if JUCE_ANDROID
      |        ^
In file included from /Users/larryseyer/AudioDevelopment/OTTO/Source/UI/Visualizations/AudioScopeComponent.cpp:1:
In file included from /Users/larryseyer/AudioDevelopment/OTTO/Source/UI/Visualizations/AudioScopeComponent.h:4:
/Users/larryseyer/AudioDevelopment/OTTO/Builds/MacOSX/CMake-Release/OTTO_artefacts/JuceLibraryCode/JuceHeader.h:34:7: warning: 'DONT_SET_USING_JUCE_NAMESPACE' is not defined, evaluates to 0 [-Wundef]
   34 | #if ! DONT_SET_USING_JUCE_NAMESPACE
      |       ^
In file included from /Users/larryseyer/AudioDevelopment/OTTO/Source/UI/Visualizations/AudioScopeComponent.cpp:1:
In file included from /Users/larryseyer/AudioDevelopment/OTTO/Source/UI/Visualizations/AudioScopeComponent.h:5:
/Users/larryseyer/AudioDevelopment/OTTO/Source/UI/Visualizations/../../ColorScheme.h:104:55: warning: unused parameter 'newThemeName' [-Wunused-parameter]
  104 |         virtual void themeChanged(const juce::String& newThemeName) {}
      |                                                       ^
/Users/larryseyer/AudioDevelopment/OTTO/Source/UI/Visualizations/../../ColorScheme.h:105:55: warning: unused parameter 'component' [-Wunused-parameter]
  105 |         virtual void colorChanged(const juce::String& component, const juce::String& property, const juce::Colour& newColor) {}
      |                                                       ^
/Users/larryseyer/AudioDevelopment/OTTO/Source/UI/Visualizations/../../ColorScheme.h:105:86: warning: unused parameter 'property' [-Wunused-parameter]
  105 |         virtual void colorChanged(const juce::String& component, const juce::String& property, const juce::Colour& newColor) {}
      |                                                                                      ^
/Users/larryseyer/AudioDevelopment/OTTO/Source/UI/Visualizations/../../ColorScheme.h:105:116: warning: unused parameter 'newColor' [-Wunused-parameter]
  105 |         virtual void colorChanged(const juce::String& component, const juce::String& property, const juce::Colour& newColor) {}
      |                                                                                                                    ^
In file included from /Users/larryseyer/AudioDevelopment/OTTO/Source/UI/Visualizations/AudioScopeComponent.cpp:1:
/Users/larryseyer/AudioDevelopment/OTTO/Source/UI/Visualizations/AudioScopeComponent.h:544:41: warning: unused parameter 'channel' [-Wunused-parameter]
  544 |         virtual void scopeTriggered(int channel, float level) {}
      |                                         ^
/Users/larryseyer/AudioDevelopment/OTTO/Source/UI/Visualizations/AudioScopeComponent.h:544:56: warning: unused parameter 'level' [-Wunused-parameter]
  544 |         virtual void scopeTriggered(int channel, float level) {}
      |                                                        ^
/Users/larryseyer/AudioDevelopment/OTTO/Source/UI/Visualizations/AudioScopeComponent.h:551:78: warning: declaration shadows a field of 'OTTO::UI::Visualizations::AudioScopeComponent' [-Wshadow]
  551 |         virtual void measurementsUpdated(int channel, const MeasurementData& measurements) {}
      |                                                                              ^
/Users/larryseyer/AudioDevelopment/OTTO/Source/UI/Visualizations/AudioScopeComponent.h:620:34: note: previous declaration is here
  620 |     std::vector<MeasurementData> measurements;
      |                                  ^
/Users/larryseyer/AudioDevelopment/OTTO/Source/UI/Visualizations/AudioScopeComponent.h:551:46: warning: unused parameter 'channel' [-Wunused-parameter]
  551 |         virtual void measurementsUpdated(int channel, const MeasurementData& measurements) {}
      |                                              ^
/Users/larryseyer/AudioDevelopment/OTTO/Source/UI/Visualizations/AudioScopeComponent.h:551:78: warning: unused parameter 'measurements' [-Wunused-parameter]
  551 |         virtual void measurementsUpdated(int channel, const MeasurementData& measurements) {}
      |                                                                              ^
/Users/larryseyer/AudioDevelopment/OTTO/Source/UI/Visualizations/AudioScopeComponent.h:557:64: warning: unused parameter 'newSettings' [-Wunused-parameter]
  557 |         virtual void scopeSettingsChanged(const ScopeSettings& newSettings) {}
      |                                                                ^
/Users/larryseyer/AudioDevelopment/OTTO/Source/UI/Visualizations/AudioScopeComponent.h:563:55: warning: declaration shadows a field of 'OTTO::UI::Visualizations::AudioScopeComponent' [-Wshadow]
  563 |         virtual void cursorsChanged(const CursorData& cursorData) {}
      |                                                       ^
/Users/larryseyer/AudioDevelopment/OTTO/Source/UI/Visualizations/AudioScopeComponent.h:621:16: note: previous declaration is here
  621 |     CursorData cursorData;
      |                ^
/Users/larryseyer/AudioDevelopment/OTTO/Source/UI/Visualizations/AudioScopeComponent.h:563:55: warning: unused parameter 'cursorData' [-Wunused-parameter]
  563 |         virtual void cursorsChanged(const CursorData& cursorData) {}
      |                                                       ^
In file included from /Users/larryseyer/AudioDevelopment/OTTO/Source/UI/Visualizations/AudioScopeComponent.cpp:3:
In file included from /Users/larryseyer/AudioDevelopment/OTTO/Source/UI/Visualizations/../../INIDataManager.h:6:
/Users/larryseyer/AudioDevelopment/OTTO/Source/UI/Visualizations/../../MidiEngine.h:24:34: warning: implicit conversion increases floating-point precision: 'const float' to 'double' [-Wdouble-promotion]
   24 |         double currentPosition = INIConfig::MIDI::DEFAULT_POSITION;
      |                                  ^~~~~~~~~~~~~~~~~~~~~~~~~~~~~~~~~
/Users/larryseyer/AudioDevelopment/OTTO/Source/UI/Visualizations/../../MidiEngine.h:224:35: warning: implicit conversion increases floating-point precision: 'const float' to 'double' [-Wdouble-promotion]
  224 |         double playbackPosition = INIConfig::MIDI::DEFAULT_POSITION;
      |                                   ^~~~~~~~~~~~~~~~~~~~~~~~~~~~~~~~~
/Users/larryseyer/AudioDevelopment/OTTO/Source/UI/Visualizations/../../MidiEngine.h:225:34: warning: implicit conversion increases floating-point precision: 'const float' to 'double' [-Wdouble-promotion]
  225 |         double lastProcessTime = INIConfig::MIDI::DEFAULT_LAST_TIME;
      |                                  ^~~~~~~~~~~~~~~~~~~~~~~~~~~~~~~~~~
/Users/larryseyer/AudioDevelopment/OTTO/Source/UI/Visualizations/../../MidiEngine.h:247:30: warning: implicit conversion increases floating-point precision: 'const float' to 'double' [-Wdouble-promotion]
  247 |     double lastProcessTime = INIConfig::MIDI::DEFAULT_LAST_TIME;
      |                              ^~~~~~~~~~~~~~~~~~~~~~~~~~~~~~~~~~
/Users/larryseyer/AudioDevelopment/OTTO/Source/UI/Visualizations/../../MidiEngine.h:248:28: warning: implicit conversion increases floating-point precision: 'const float' to 'double' [-Wdouble-promotion]
  248 |     double lastClockTime = INIConfig::MIDI::DEFAULT_LAST_TIME;
      |                            ^~~~~~~~~~~~~~~~~~~~~~~~~~~~~~~~~~
/Users/larryseyer/AudioDevelopment/OTTO/Source/UI/Visualizations/../../MidiEngine.h:253:24: warning: implicit conversion increases floating-point precision: 'const float' to 'double' [-Wdouble-promotion]
  253 |     double hostTempo = INIConfig::MIDI::DEFAULT_POSITION;
      |                        ^~~~~~~~~~~~~~~~~~~~~~~~~~~~~~~~~
/Users/larryseyer/AudioDevelopment/OTTO/Source/UI/Visualizations/../../MidiEngine.h:264:30: warning: implicit conversion increases floating-point precision: 'const float' to 'double' [-Wdouble-promotion]
  264 |     double countInPosition = INIConfig::MIDI::DEFAULT_POSITION;
      |                              ^~~~~~~~~~~~~~~~~~~~~~~~~~~~~~~~~
/Users/larryseyer/AudioDevelopment/OTTO/Source/UI/Visualizations/../../MidiEngine.h:272:30: warning: implicit conversion increases floating-point precision: 'const float' to 'double' [-Wdouble-promotion]
  272 |     double recordStartTime = INIConfig::MIDI::DEFAULT_LAST_TIME;
      |                              ^~~~~~~~~~~~~~~~~~~~~~~~~~~~~~~~~~
/Users/larryseyer/AudioDevelopment/OTTO/Source/UI/Visualizations/../../MidiEngine.h:278:37: warning: implicit conversion increases floating-point precision: 'const float' to 'double' [-Wdouble-promotion]
  278 |     double loopRecordingStartTime = INIConfig::MIDI::DEFAULT_LAST_TIME;
      |                                     ^~~~~~~~~~~~~~~~~~~~~~~~~~~~~~~~~~
/Users/larryseyer/AudioDevelopment/OTTO/Source/UI/Visualizations/../../MidiEngine.h:285:26: warning: implicit conversion increases floating-point precision: 'const float' to 'double' [-Wdouble-promotion]
  285 |     double lastTapTime = INIConfig::MIDI::DEFAULT_LAST_TIME;
      |                          ^~~~~~~~~~~~~~~~~~~~~~~~~~~~~~~~~~
/Users/larryseyer/AudioDevelopment/OTTO/Source/UI/Visualizations/AudioScopeComponent.cpp:47:77: error: no member named 'patternMatrixWidthPercent' in namespace 'INIConfig::LayoutConstants::Row5'
   47 |     setSize(static_cast<int>(getWidth() * INIConfig::LayoutConstants::Row5::patternMatrixWidthPercent / 100.0f),
      |                                           ~~~~~~~~~~~~~~~~~~~~~~~~~~~~~~~~~~^
/Users/larryseyer/AudioDevelopment/OTTO/Source/UI/Visualizations/AudioScopeComponent.cpp:48:78: error: no member named 'patternMatrixHeightPercent' in namespace 'INIConfig::LayoutConstants::Row5'
   48 |             static_cast<int>(getHeight() * INIConfig::LayoutConstants::Row5::patternMatrixHeightPercent / 100.0f));
      |                                            ~~~~~~~~~~~~~~~~~~~~~~~~~~~~~~~~~~^
/Users/larryseyer/AudioDevelopment/OTTO/Source/UI/Visualizations/AudioScopeComponent.cpp:162:24: error: no member named 'getY' in 'juce::MouseEvent'
  162 |     if (std::abs(event.getY() - triggerY) < 5) {
      |                  ~~~~~ ^
/Users/larryseyer/AudioDevelopment/OTTO/Source/UI/Visualizations/AudioScopeComponent.cpp:189:59: warning: unused parameter 'event' [-Wunused-parameter]
  189 | void AudioScopeComponent::mouseUp(const juce::MouseEvent& event)
      |                                                           ^
/Users/larryseyer/AudioDevelopment/OTTO/Source/UI/Visualizations/AudioScopeComponent.cpp:276:22: warning: declaration shadows a field of 'OTTO::UI::Visualizations::AudioScopeComponent' [-Wshadow]
  276 |         const float* channelData = buffer.getReadPointer(channel);
      |                      ^
In file included from /Users/larryseyer/AudioDevelopment/OTTO/Source/UI/Visualizations/AudioScopeComponent.cpp:1:
/Users/larryseyer/AudioDevelopment/OTTO/Source/UI/Visualizations/AudioScopeComponent.h:619:30: note: previous declaration is here
  619 |     std::vector<ChannelData> channelData;
      |                              ^
/Users/larryseyer/AudioDevelopment/OTTO/Source/UI/Visualizations/AudioScopeComponent.cpp:440:15: warning: comparison of integers of different signs: 'int' and 'size_type' (aka 'unsigned long') [-Wsign-compare]
  440 |         if (i >= channelData.size()) {
      |             ~ ^  ~~~~~~~~~~~~~~~~~~
/Users/larryseyer/AudioDevelopment/OTTO/Source/UI/Visualizations/AudioScopeComponent.cpp:587:18: error: no member named 'writeTo' in 'juce::Image'
  587 |     return image.writeTo(file);
      |            ~~~~~ ^
/Users/larryseyer/AudioDevelopment/OTTO/Source/UI/Visualizations/AudioScopeComponent.cpp:597:32: error: too few arguments to function call, expected 4, have 1
  597 |         stream.writeText("Time");
      |         ~~~~~~~~~~~~~~~~       ^
In file included from /Users/larryseyer/AudioDevelopment/OTTO/Source/UI/Visualizations/AudioScopeComponent.cpp:1:
In file included from /Users/larryseyer/AudioDevelopment/OTTO/Source/UI/Visualizations/AudioScopeComponent.h:4:
In file included from /Users/larryseyer/AudioDevelopment/OTTO/Builds/MacOSX/CMake-Release/OTTO_artefacts/JuceLibraryCode/JuceHeader.h:14:
In file included from /Users/larryseyer/AudioDevelopment/OTTO/JUCE/modules/juce_audio_plugin_client/juce_audio_plugin_client.h:63:
In file included from /Users/larryseyer/AudioDevelopment/OTTO/JUCE/modules/juce_gui_basics/juce_gui_basics.h:68:
In file included from /Users/larryseyer/AudioDevelopment/OTTO/JUCE/modules/juce_graphics/juce_graphics.h:67:
In file included from /Users/larryseyer/AudioDevelopment/OTTO/JUCE/modules/juce_core/juce_core.h:312:
/Users/larryseyer/AudioDevelopment/OTTO/JUCE/modules/juce_core/streams/juce_OutputStream.h:221:18: note: 'writeText' declared here
  221 |     virtual bool writeText (const String& text,
      |                  ^          ~~~~~~~~~~~~~~~~~~~
  222 |                             bool asUTF16,
      |                             ~~~~~~~~~~~~~
  223 |                             bool writeUTF16ByteOrderMark,
      |                             ~~~~~~~~~~~~~~~~~~~~~~~~~~~~~
  224 |                             const char* lineEndings);
      |                             ~~~~~~~~~~~~~~~~~~~~~~~
/Users/larryseyer/AudioDevelopment/OTTO/Source/UI/Visualizations/AudioScopeComponent.cpp:599:62: error: too few arguments to function call, expected 4, have 1
  599 |             stream.writeText(",Channel" + juce::String(i + 1));
      |             ~~~~~~~~~~~~~~~~                                 ^
In file included from /Users/larryseyer/AudioDevelopment/OTTO/Source/UI/Visualizations/AudioScopeComponent.cpp:1:
In file included from /Users/larryseyer/AudioDevelopment/OTTO/Source/UI/Visualizations/AudioScopeComponent.h:4:
In file included from /Users/larryseyer/AudioDevelopment/OTTO/Builds/MacOSX/CMake-Release/OTTO_artefacts/JuceLibraryCode/JuceHeader.h:14:
In file included from /Users/larryseyer/AudioDevelopment/OTTO/JUCE/modules/juce_audio_plugin_client/juce_audio_plugin_client.h:63:
In file included from /Users/larryseyer/AudioDevelopment/OTTO/JUCE/modules/juce_gui_basics/juce_gui_basics.h:68:
In file included from /Users/larryseyer/AudioDevelopment/OTTO/JUCE/modules/juce_graphics/juce_graphics.h:67:
In file included from /Users/larryseyer/AudioDevelopment/OTTO/JUCE/modules/juce_core/juce_core.h:312:
/Users/larryseyer/AudioDevelopment/OTTO/JUCE/modules/juce_core/streams/juce_OutputStream.h:221:18: note: 'writeText' declared here
  221 |     virtual bool writeText (const String& text,
      |                  ^          ~~~~~~~~~~~~~~~~~~~
  222 |                             bool asUTF16,
      |                             ~~~~~~~~~~~~~
  223 |                             bool writeUTF16ByteOrderMark,
      |                             ~~~~~~~~~~~~~~~~~~~~~~~~~~~~~
  224 |                             const char* 

CompileC /Users/larryseyer/AudioDevelopment/OTTO/Builds/MacOSX/CMake-Release/build/OTTO.build/Release/Objects-normal/x86_64/juce_opengl.o /Users/larryseyer/AudioDevelopment/OTTO/JUCE/modules/juce_opengl/juce_opengl.mm normal x86_64 objective-c++ com.apple.compilers.llvm.clang.1_0.compiler (in target 'OTTO' from project 'OTTO')
    cd /Users/larryseyer/AudioDevelopment/OTTO
    
    Using response file: /Users/larryseyer/AudioDevelopment/OTTO/Builds/MacOSX/CMake-Release/build/OTTO.build/Release/Objects-normal/x86_64/af3fcb34312c57c0f52879cdce924b91-common-args.resp
    
    /Applications/Xcode.app/Contents/Developer/Toolchains/XcodeDefault.xctoolchain/usr/bin/clang -x objective-c++ -ivfsstatcache /var/folders/0p/t4rj91z90d38yk0_8vh370gr0000gn/C/com.apple.DeveloperTools/16.4-16F6/Xcode/SDKStatCaches.noindex/macosx15.5-24F74-8254517eb8b97d462ccbc072ba9094c9.sdkstatcache -fmessage-length\=0 -fdiagnostics-show-note-include-stack -fmacro-backtrace-limit\=0 -fno-color-diagnostics -Wno-trigraphs -Wno-missing-field-initializers -Wno-missing-prototypes -Wno-return-type -Wno-implicit-atomic-properties -Wno-objc-interface-ivars -Wno-arc-repeated-use-of-weak -Wno-non-virtual-dtor -Wno-overloaded-virtual -Wno-exit-time-destructors -Wno-missing-braces -Wparentheses -Wswitch -Wno-unused-function -Wno-unused-label -Wno-unused-parameter -Wno-unused-variable -Wunused-value -Wno-empty-body -Wno-uninitialized -Wno-unknown-pragmas -Wno-shadow -Wno-four-char-constants -Wno-conversion -Wno-constant-conversion -Wno-int-conversion -Wno-bool-conversion -Wno-enum-conversion -Wno-float-conversion -Wno-non-literal-null-conversion -Wno-objc-literal-conversion -Wshorten-64-to-32 -Wno-newline-eof -Wno-selector -Wno-strict-selector-match -Wno-undeclared-selector -Wno-deprecated-implementations -Wno-c++11-extensions -Wno-implicit-fallthrough -fstrict-aliasing -Wprotocol -Wdeprecated-declarations -Winvalid-offsetof -Wno-sign-conversion -Wno-infinite-recursion -Wno-move -Wno-comma -Wno-block-capture-autoreleasing -Wno-strict-prototypes -Wno-range-loop-analysis -Wno-semicolon-before-method-body -Wall -Wextra -Wpedantic -Wformat\=2 -Wformat-security -Wnull-dereference -Wdouble-promotion -Wshadow -Wundef -Wcast-align @/Users/larryseyer/AudioDevelopment/OTTO/Builds/MacOSX/CMake-Release/build/OTTO.build/Release/Objects-normal/x86_64/af3fcb34312c57c0f52879cdce924b91-common-args.resp -MMD -MT dependencies -MF /Users/larryseyer/AudioDevelopment/OTTO/Builds/MacOSX/CMake-Release/build/OTTO.build/Release/Objects-normal/x86_64/juce_opengl.d --serialize-diagnostics /Users/larryseyer/AudioDevelopment/OTTO/Builds/MacOSX/CMake-Release/build/OTTO.build/Release/Objects-normal/x86_64/juce_opengl.dia -c /Users/larryseyer/AudioDevelopment/OTTO/JUCE/modules/juce_opengl/juce_opengl.mm -o /Users/larryseyer/AudioDevelopment/OTTO/Builds/MacOSX/CMake-Release/build/OTTO.build/Release/Objects-normal/x86_64/juce_opengl.o

note: Run script build phase 'CMake PostBuild Rules' will be run during every build because the option to run the script phase "Based on dependency analysis" is unchecked. (in target 'OTTO_Standalone' from project 'OTTO')
note: Run script build phase 'CMake PostBuild Rules' will be run during every build because the option to run the script phase "Based on dependency analysis" is unchecked. (in target 'OTTO_AU' from project 'OTTO')
note: Run script build phase 'CMake PostBuild Rules' will be run during every build because the option to run the script phase "Based on dependency analysis" is unchecked. (in target 'OTTO_VST3' from project 'OTTO')
note: Run script build phase 'Generate CMakeFiles/ALL_BUILD' will be run during every build because the option to run the script phase "Based on dependency analysis" is unchecked. (in target 'ALL_BUILD' from project 'OTTO')
note: Run script build phase 'Generate CMakeFiles/ZERO_CHECK' will be run during every build because the option to run the script phase "Based on dependency analysis" is unchecked. (in target 'ZERO_CHECK' from project 'OTTO')
** BUILD FAILED **


The following build commands failed:
	CompileC /Users/larryseyer/AudioDevelopment/OTTO/Builds/MacOSX/CMake-Release/build/OTTO.build/Release/Objects-normal/arm64/TouchOptimizedControls.o /Users/larryseyer/AudioDevelopment/OTTO/Source/UI/Controls/TouchOptimizedControls.cpp normal arm64 c++ com.apple.compilers.llvm.clang.1_0.compiler (in target 'OTTO' from project 'OTTO')
(1 failure)
